Realization	utility	week	infra.
0	1	1878	5
2	1	1930	5
3	1	2035	5
4	1	1617	5
8	1	2035	5
9	1	2295	5
10	1	1930	5
11	1	2295	5
13	1	2139	5
14	1	1774	5
15	1	1461	5
16	1	2191	5
18	1	1722	5
20	1	1982	5
21	1	2087	5
29	1	1565	5
30	1	1617	5
34	1	2191	5
35	1	1408	5
36	1	1774	5
41	1	1826	5
42	1	2295	5
43	1	1826	5
45	1	2139	5
47	1	1930	5
48	1	2035	5
51	1	1774	5
52	1	1669	5
56	1	1461	5
58	1	2087	5
60	1	1669	5
61	1	1982	5
65	1	1930	5
66	1	2295	5
67	1	1982	5
71	1	2087	5
72	1	1774	5
74	1	1461	5
76	1	2295	5
77	1	1722	5
82	1	1826	5
84	1	2035	5
87	1	2087	5
91	1	1930	5
93	1	1617	5
94	1	1826	5
95	1	1513	5
99	1	1826	5
