Realization	utility	week	infra.
0	0	834	29
1	0	834	29
3	0	1565	29
4	0	1148	29
5	0	887	29
6	0	1826	29
7	0	1408	29
8	0	1148	29
10	0	887	29
14	0	730	29
15	0	939	29
16	0	1148	29
17	0	834	29
18	0	1565	29
20	0	1513	29
21	0	834	29
22	0	1774	29
23	0	939	29
24	0	782	29
26	0	1408	29
27	0	991	29
28	0	1304	29
29	0	2035	29
30	0	1722	29
31	0	2035	29
32	0	1356	29
33	0	2035	29
34	0	1461	29
35	0	887	29
36	0	1565	29
37	0	2243	29
39	0	1461	29
40	0	626	29
41	0	1461	29
42	0	1356	29
43	0	1200	29
45	0	1461	29
46	0	991	29
47	0	1722	29
49	0	1043	29
53	0	1043	29
57	0	730	29
58	0	1095	29
59	0	991	29
62	0	1148	29
63	0	1095	29
65	0	1617	29
66	0	1774	29
67	0	1200	29
69	0	1461	29
71	0	1461	29
75	0	1617	29
79	0	1878	29
80	0	1565	29
81	0	1982	29
82	0	1982	29
84	0	1982	29
86	0	2035	29
87	0	939	29
88	0	1408	29
89	0	1669	29
92	0	991	29
95	0	2243	29
96	0	1722	29
98	0	2191	29
99	0	1878	29
102	0	1200	29
104	0	1200	29
106	0	1304	29
107	0	782	29
108	0	991	29
109	0	2243	29
110	0	991	29
111	0	1878	29
112	0	1826	29
113	0	887	29
114	0	2243	29
116	0	1982	29
117	0	2035	29
118	0	1722	29
119	0	1774	29
120	0	1878	29
122	0	1043	29
124	0	939	29
125	0	939	29
126	0	1043	29
127	0	939	29
128	0	782	29
131	0	1252	29
132	0	887	29
133	0	1617	29
134	0	1356	29
135	0	939	29
136	0	782	29
137	0	1408	29
138	0	730	29
139	0	1043	29
141	0	1043	29
142	0	2035	29
143	0	1722	29
145	0	1617	29
146	0	1252	29
147	0	1461	29
149	0	991	29
150	0	1252	29
151	0	1930	29
152	0	1043	29
153	0	1304	29
154	0	1095	29
155	0	939	29
156	0	991	29
158	0	1304	29
159	0	782	29
160	0	1513	29
162	0	1408	29
164	0	991	29
165	0	1148	29
166	0	2295	29
167	0	1982	29
169	0	939	29
170	0	834	29
172	0	1513	29
173	0	2139	29
174	0	1565	29
175	0	1461	29
176	0	2035	29
179	0	1356	29
181	0	626	29
183	0	1461	29
185	0	1252	29
187	0	1408	29
189	0	1356	29
190	0	1774	29
192	0	1356	29
193	0	1722	29
196	0	1043	29
198	0	1304	29
199	0	939	29
200	0	1461	29
202	0	1304	29
203	0	1461	29
204	0	1408	29
205	0	1774	29
206	0	730	29
207	0	939	29
208	0	1148	29
210	0	1565	29
212	0	1722	29
215	0	1617	29
217	0	1200	29
218	0	1461	29
221	0	1513	29
222	0	2191	29
224	0	1722	29
225	0	887	29
226	0	1148	29
227	0	2035	29
228	0	1043	29
229	0	1356	29
230	0	939	29
231	0	887	29
232	0	991	29
233	0	1669	29
236	0	2035	29
240	0	991	29
241	0	1304	29
242	0	1304	29
243	0	782	29
244	0	939	29
245	0	1826	29
248	0	834	29
249	0	887	29
250	0	939	29
251	0	1565	29
253	0	2035	29
256	0	1304	29
257	0	1722	29
258	0	939	29
259	0	1043	29
260	0	1826	29
262	0	1304	29
264	0	1878	29
266	0	1513	29
267	0	939	29
268	0	1461	29
269	0	1148	29
270	0	2295	29
271	0	1252	29
272	0	991	29
277	0	2087	29
280	0	1930	29
283	0	1565	29
284	0	887	29
285	0	1565	29
286	0	1148	29
288	0	2035	29
292	0	2087	29
293	0	730	29
294	0	2191	29
295	0	2087	29
296	0	1565	29
298	0	1617	29
299	0	1043	29
300	0	2191	29
301	0	834	29
302	0	1252	29
303	0	939	29
304	0	834	29
306	0	991	29
307	0	1826	29
309	0	834	29
310	0	1200	29
312	0	1982	29
315	0	1304	29
317	0	1617	29
320	0	1669	29
321	0	887	29
322	0	1878	29
324	0	1982	29
326	0	730	29
327	0	1461	29
328	0	2139	29
330	0	1408	29
331	0	991	29
332	0	678	29
333	0	939	29
335	0	834	29
336	0	1356	29
337	0	1982	29
339	0	1878	29
340	0	1565	29
341	0	1565	29
342	0	834	29
343	0	730	29
345	0	1252	29
346	0	1148	29
347	0	1617	29
348	0	887	29
349	0	1043	29
352	0	1252	29
353	0	1617	29
354	0	939	29
356	0	1774	29
357	0	1878	29
358	0	1565	29
360	0	2191	29
361	0	1617	29
364	0	2191	29
366	0	1669	29
367	0	1982	29
368	0	730	29
369	0	1095	29
371	0	1513	29
372	0	1617	29
374	0	1982	29
376	0	2087	29
377	0	1669	29
378	0	1513	29
379	0	1565	29
381	0	2139	29
382	0	1982	29
384	0	1356	29
385	0	1826	29
387	0	1252	29
390	0	834	29
391	0	991	29
392	0	1982	29
393	0	834	29
394	0	1826	29
396	0	834	29
397	0	1565	29
399	0	1043	29
400	0	1826	29
402	0	1356	29
404	0	1930	29
405	0	1930	29
406	0	1513	29
407	0	1565	29
410	0	2035	29
411	0	887	29
412	0	834	29
413	0	834	29
414	0	1252	29
415	0	1200	29
416	0	2295	29
417	0	1617	29
418	0	1095	29
419	0	678	29
420	0	1669	29
423	0	1461	29
424	0	1148	29
425	0	1930	29
426	0	1356	29
429	0	1252	29
430	0	1617	29
431	0	887	29
432	0	1095	29
433	0	1408	29
434	0	1095	29
435	0	939	29
436	0	991	29
437	0	991	29
438	0	1095	29
440	0	2139	29
442	0	1774	29
445	0	939	29
446	0	1982	29
451	0	1252	29
452	0	2191	29
453	0	834	29
455	0	1774	29
456	0	1722	29
460	0	1930	29
461	0	834	29
462	0	1826	29
463	0	1148	29
464	0	1408	29
465	0	991	29
466	0	834	29
467	0	887	29
468	0	834	29
469	0	782	29
471	0	1774	29
472	0	1669	29
473	0	939	29
474	0	1095	29
475	0	2139	29
478	0	2243	29
481	0	1148	29
482	0	1148	29
485	0	2243	29
486	0	1669	29
487	0	939	29
489	0	834	29
490	0	1356	29
491	0	1826	29
492	0	1565	29
494	0	991	29
495	0	1356	29
496	0	1252	29
497	0	1043	29
500	0	991	29
501	0	1982	29
502	0	1617	29
503	0	782	29
508	0	991	29
512	0	1252	29
513	0	1461	29
514	0	1356	29
515	0	887	29
516	0	2035	29
517	0	1617	29
518	0	1669	29
519	0	1252	29
520	0	1878	29
521	0	1095	29
522	0	1304	29
523	0	1513	29
525	0	1095	29
527	0	678	29
528	0	782	29
529	0	939	29
530	0	1722	29
531	0	1461	29
532	0	1774	29
534	0	991	29
536	0	1878	29
537	0	1408	29
538	0	1043	29
539	0	939	29
541	0	1930	29
542	0	1722	29
543	0	1565	29
544	0	1200	29
546	0	1513	29
547	0	1252	29
549	0	1774	29
550	0	730	29
551	0	1095	29
553	0	1774	29
554	0	887	29
555	0	939	29
556	0	1461	29
558	0	991	29
559	0	1513	29
562	0	1565	29
563	0	1200	29
564	0	2035	29
565	0	1043	29
566	0	1826	29
568	0	887	29
569	0	1408	29
570	0	1669	29
571	0	939	29
575	0	782	29
576	0	1513	29
577	0	887	29
578	0	2087	29
581	0	1565	29
582	0	1878	29
583	0	834	29
584	0	1930	29
585	0	678	29
586	0	1148	29
587	0	887	29
588	0	1252	29
589	0	1252	29
590	0	1252	29
593	0	2035	29
594	0	2035	29
595	0	939	29
596	0	1461	29
598	0	834	29
599	0	991	29
604	0	1408	29
605	0	1669	29
606	0	1148	29
607	0	991	29
608	0	1252	29
611	0	1565	29
612	0	1461	29
614	0	1461	29
616	0	1461	29
620	0	939	29
621	0	1513	29
622	0	991	29
624	0	939	29
625	0	1461	29
626	0	1356	29
627	0	1408	29
628	0	1408	29
629	0	2139	29
630	0	1565	29
631	0	1304	29
632	0	939	29
634	0	1617	29
639	0	1148	29
642	0	1669	29
645	0	1461	29
646	0	1043	29
648	0	1669	29
649	0	1356	29
650	0	1982	29
652	0	1669	29
653	0	1408	29
655	0	1408	29
656	0	1617	29
658	0	939	29
659	0	1513	29
661	0	1200	29
662	0	1513	29
664	0	834	29
665	0	730	29
666	0	887	29
668	0	1826	29
669	0	1774	29
670	0	1774	29
672	0	2191	29
673	0	2087	29
674	0	1461	29
675	0	1304	29
676	0	834	29
677	0	1408	29
678	0	1826	29
680	0	1461	29
682	0	1774	29
684	0	1304	29
685	0	2191	29
688	0	2035	29
689	0	2295	29
691	0	1148	29
692	0	1148	29
693	0	1356	29
694	0	1565	29
695	0	887	29
697	0	1148	29
698	0	2087	29
699	0	1669	29
700	0	2139	29
701	0	1408	29
703	0	1043	29
705	0	1930	29
706	0	939	29
707	0	1774	29
708	0	1200	29
709	0	1304	29
710	0	1043	29
711	0	1617	29
712	0	1565	29
714	0	991	29
715	0	1774	29
716	0	887	29
717	0	1461	29
718	0	1095	29
721	0	1252	29
722	0	939	29
724	0	2295	29
725	0	1304	29
726	0	1252	29
728	0	2243	29
729	0	2139	29
730	0	1617	29
731	0	782	29
733	0	1200	29
734	0	939	29
735	0	2295	29
737	0	1252	29
738	0	1200	29
739	0	1565	29
742	0	887	29
743	0	887	29
744	0	1513	29
746	0	1774	29
750	0	2139	29
752	0	1408	29
753	0	991	29
754	0	991	29
755	0	939	29
756	0	1095	29
757	0	2191	29
758	0	887	29
761	0	1930	29
762	0	1617	29
763	0	1826	29
765	0	1826	29
766	0	2295	29
767	0	1826	29
771	0	1722	29
773	0	1774	29
774	0	1043	29
776	0	834	29
778	0	1826	29
780	0	2295	29
781	0	1095	29
782	0	2087	29
784	0	1878	29
785	0	2243	29
787	0	2087	29
788	0	1669	29
789	0	1304	29
790	0	1878	29
793	0	782	29
794	0	887	29
795	0	2243	29
798	0	1252	29
801	0	1982	29
802	0	1461	29
803	0	1304	29
804	0	1826	29
807	0	834	29
810	0	887	29
811	0	834	29
812	0	939	29
815	0	939	29
816	0	1408	29
818	0	1565	29
819	0	2087	29
820	0	2295	29
821	0	1774	29
822	0	887	29
823	0	887	29
824	0	1461	29
825	0	1565	29
826	0	1513	29
828	0	1722	29
831	0	1200	29
832	0	939	29
833	0	1774	29
834	0	1043	29
835	0	2191	29
837	0	2087	29
838	0	991	29
839	0	1826	29
840	0	782	29
842	0	1669	29
843	0	991	29
847	0	1669	29
848	0	939	29
850	0	991	29
853	0	2191	29
854	0	1356	29
858	0	1461	29
861	0	991	29
862	0	2295	29
863	0	1200	29
864	0	991	29
865	0	1722	29
866	0	939	29
867	0	1669	29
868	0	1722	29
869	0	1461	29
870	0	1669	29
871	0	1461	29
873	0	991	29
875	0	1565	29
877	0	887	29
878	0	2035	29
879	0	1982	29
880	0	782	29
882	0	1722	29
884	0	991	29
885	0	991	29
886	0	2295	29
887	0	1669	29
890	0	1617	29
891	0	2087	29
892	0	2191	29
895	0	1930	29
897	0	1148	29
898	0	991	29
899	0	887	29
900	0	1826	29
901	0	834	29
902	0	1304	29
903	0	1200	29
905	0	2035	29
908	0	991	29
910	0	1722	29
912	0	939	29
913	0	1826	29
914	0	1252	29
915	0	1617	29
916	0	1095	29
917	0	1982	29
918	0	1669	29
922	0	1878	29
924	0	991	29
926	0	1304	29
927	0	1513	29
929	0	1408	29
931	0	887	29
932	0	1722	29
933	0	1617	29
934	0	1774	29
935	0	1774	29
936	0	2139	29
937	0	2035	29
938	0	1565	29
940	0	1148	29
941	0	782	29
942	0	887	29
944	0	1826	29
946	0	1200	29
947	0	887	29
948	0	991	29
949	0	887	29
950	0	887	29
953	0	991	29
954	0	887	29
960	0	1513	29
961	0	1461	29
963	0	1930	29
964	0	939	29
965	0	1982	29
966	0	939	29
968	0	1878	29
969	0	1408	29
971	0	1304	29
972	0	834	29
973	0	991	29
976	0	1356	29
978	0	1252	29
979	0	1774	29
981	0	1461	29
983	0	991	29
984	0	1513	29
985	0	1565	29
988	0	1982	29
989	0	782	29
995	0	887	29
998	0	1095	29
0	1	834	29
1	1	834	29
3	1	1565	29
4	1	1148	29
5	1	887	29
6	1	1826	29
7	1	1408	29
8	1	1148	29
10	1	887	29
14	1	730	29
15	1	939	29
16	1	1148	29
17	1	834	29
18	1	1565	29
20	1	1513	29
21	1	834	29
22	1	1774	29
23	1	939	29
24	1	782	29
26	1	1408	29
27	1	991	29
28	1	1304	29
29	1	2035	29
30	1	1722	29
31	1	2035	29
32	1	1356	29
33	1	2035	29
34	1	1461	29
35	1	887	29
36	1	1565	29
37	1	2243	29
39	1	1461	29
40	1	626	29
41	1	1461	29
42	1	1356	29
43	1	1200	29
45	1	1461	29
46	1	991	29
47	1	1722	29
49	1	1043	29
53	1	1043	29
57	1	730	29
58	1	1095	29
59	1	991	29
62	1	1148	29
63	1	1095	29
65	1	1617	29
66	1	1774	29
67	1	1200	29
69	1	1461	29
71	1	1461	29
75	1	1617	29
79	1	1878	29
80	1	1565	29
81	1	1982	29
82	1	1982	29
84	1	1982	29
86	1	2035	29
87	1	939	29
88	1	1408	29
89	1	1669	29
92	1	991	29
95	1	2243	29
96	1	1722	29
98	1	2191	29
99	1	1878	29
102	1	1200	29
104	1	1200	29
106	1	1304	29
107	1	782	29
108	1	991	29
109	1	2243	29
110	1	991	29
111	1	1878	29
112	1	1826	29
113	1	887	29
114	1	2243	29
116	1	1982	29
117	1	2035	29
118	1	1722	29
119	1	1774	29
120	1	1878	29
122	1	1043	29
124	1	939	29
125	1	939	29
126	1	1043	29
127	1	939	29
128	1	782	29
131	1	1252	29
132	1	887	29
133	1	1617	29
134	1	1356	29
135	1	939	29
136	1	782	29
137	1	1408	29
138	1	730	29
139	1	1043	29
141	1	1043	29
142	1	2035	29
143	1	1722	29
145	1	1617	29
146	1	1252	29
147	1	1461	29
149	1	991	29
150	1	1252	29
151	1	1930	29
152	1	1043	29
153	1	1304	29
154	1	1095	29
155	1	939	29
156	1	991	29
158	1	1304	29
159	1	782	29
160	1	1513	29
162	1	1408	29
164	1	991	29
165	1	1148	29
166	1	2295	29
167	1	1982	29
169	1	939	29
170	1	834	29
172	1	1513	29
173	1	2139	29
174	1	1565	29
175	1	1461	29
176	1	2035	29
179	1	1356	29
181	1	626	29
183	1	1461	29
185	1	1252	29
187	1	1408	29
189	1	1356	29
190	1	1774	29
192	1	1356	29
193	1	1722	29
196	1	1043	29
198	1	1304	29
199	1	939	29
200	1	1461	29
202	1	1304	29
203	1	1461	29
204	1	1408	29
205	1	1774	29
206	1	730	29
207	1	939	29
208	1	1148	29
210	1	1565	29
212	1	1722	29
215	1	1617	29
217	1	1200	29
218	1	1461	29
221	1	1513	29
222	1	2191	29
224	1	1722	29
225	1	887	29
226	1	1148	29
227	1	2035	29
228	1	1043	29
229	1	1356	29
230	1	939	29
231	1	887	29
232	1	991	29
233	1	1669	29
236	1	2035	29
240	1	991	29
241	1	1304	29
242	1	1304	29
243	1	782	29
244	1	939	29
245	1	1826	29
248	1	834	29
249	1	887	29
250	1	939	29
251	1	1565	29
253	1	2035	29
256	1	1304	29
257	1	1722	29
258	1	939	29
259	1	1043	29
260	1	1826	29
262	1	1304	29
264	1	1878	29
266	1	1513	29
267	1	939	29
268	1	1461	29
269	1	1148	29
270	1	2295	29
271	1	1252	29
272	1	991	29
277	1	2087	29
280	1	1930	29
283	1	1565	29
284	1	887	29
285	1	1565	29
286	1	1148	29
288	1	2035	29
292	1	2087	29
293	1	730	29
294	1	2191	29
295	1	2087	29
296	1	1565	29
298	1	1617	29
299	1	1043	29
300	1	2191	29
301	1	834	29
302	1	1252	29
303	1	939	29
304	1	834	29
306	1	991	29
307	1	1826	29
309	1	834	29
310	1	1200	29
312	1	1982	29
315	1	1304	29
317	1	1617	29
320	1	1669	29
321	1	887	29
322	1	1878	29
324	1	1982	29
326	1	730	29
327	1	1461	29
328	1	2139	29
330	1	1408	29
331	1	991	29
332	1	678	29
333	1	939	29
335	1	834	29
336	1	1356	29
337	1	1982	29
339	1	1878	29
340	1	1565	29
341	1	1565	29
342	1	834	29
343	1	730	29
345	1	1252	29
346	1	1148	29
347	1	1617	29
348	1	887	29
349	1	1043	29
352	1	1252	29
353	1	1617	29
354	1	939	29
356	1	1774	29
357	1	1878	29
358	1	1565	29
360	1	2191	29
361	1	1617	29
364	1	2191	29
366	1	1669	29
367	1	1982	29
368	1	730	29
369	1	1095	29
371	1	1513	29
372	1	1617	29
374	1	1982	29
376	1	2087	29
377	1	1669	29
378	1	1513	29
379	1	1565	29
381	1	2139	29
382	1	1982	29
384	1	1356	29
385	1	1826	29
387	1	1252	29
390	1	834	29
391	1	991	29
392	1	1982	29
393	1	834	29
394	1	1826	29
396	1	834	29
397	1	1565	29
399	1	1043	29
400	1	1826	29
402	1	1356	29
404	1	1930	29
405	1	1930	29
406	1	1513	29
407	1	1565	29
410	1	2035	29
411	1	887	29
412	1	834	29
413	1	834	29
414	1	1252	29
415	1	1200	29
416	1	2295	29
417	1	1617	29
418	1	1095	29
419	1	678	29
420	1	1669	29
423	1	1461	29
424	1	1148	29
425	1	1930	29
426	1	1356	29
429	1	1252	29
430	1	1617	29
431	1	887	29
432	1	1095	29
433	1	1408	29
434	1	1095	29
435	1	939	29
436	1	991	29
437	1	991	29
438	1	1095	29
440	1	2139	29
442	1	1774	29
445	1	939	29
446	1	1982	29
451	1	1252	29
452	1	2191	29
453	1	834	29
455	1	1774	29
456	1	1722	29
460	1	1930	29
461	1	834	29
462	1	1826	29
463	1	1148	29
464	1	1408	29
465	1	991	29
466	1	834	29
467	1	887	29
468	1	834	29
469	1	782	29
471	1	1774	29
472	1	1669	29
473	1	939	29
474	1	1095	29
475	1	2139	29
478	1	2243	29
481	1	1148	29
482	1	1148	29
485	1	2243	29
486	1	1669	29
487	1	939	29
489	1	834	29
490	1	1356	29
491	1	1826	29
492	1	1565	29
494	1	991	29
495	1	1356	29
496	1	1252	29
497	1	1043	29
500	1	991	29
501	1	1982	29
502	1	1617	29
503	1	782	29
508	1	991	29
512	1	1252	29
513	1	1461	29
514	1	1356	29
515	1	887	29
516	1	2035	29
517	1	1617	29
518	1	1669	29
519	1	1252	29
520	1	1878	29
521	1	1095	29
522	1	1304	29
523	1	1513	29
525	1	1095	29
527	1	678	29
528	1	782	29
529	1	939	29
530	1	1722	29
531	1	1461	29
532	1	1774	29
534	1	991	29
536	1	1878	29
537	1	1408	29
538	1	1043	29
539	1	939	29
541	1	1930	29
542	1	1722	29
543	1	1565	29
544	1	1200	29
546	1	1513	29
547	1	1252	29
549	1	1774	29
550	1	730	29
551	1	1095	29
553	1	1774	29
554	1	887	29
555	1	939	29
556	1	1461	29
558	1	991	29
559	1	1513	29
562	1	1565	29
563	1	1200	29
564	1	2035	29
565	1	1043	29
566	1	1826	29
568	1	887	29
569	1	1408	29
570	1	1669	29
571	1	939	29
575	1	782	29
576	1	1513	29
577	1	887	29
578	1	2087	29
581	1	1565	29
582	1	1878	29
583	1	834	29
584	1	1930	29
585	1	678	29
586	1	1148	29
587	1	887	29
588	1	1252	29
589	1	1252	29
590	1	1252	29
593	1	2035	29
594	1	2035	29
595	1	939	29
596	1	1461	29
598	1	834	29
599	1	991	29
604	1	1408	29
605	1	1669	29
606	1	1148	29
607	1	991	29
608	1	1252	29
611	1	1565	29
612	1	1461	29
614	1	1461	29
616	1	1461	29
620	1	939	29
621	1	1513	29
622	1	991	29
624	1	939	29
625	1	1461	29
626	1	1356	29
627	1	1408	29
628	1	1408	29
629	1	2139	29
630	1	1565	29
631	1	1304	29
632	1	939	29
634	1	1617	29
639	1	1148	29
642	1	1669	29
645	1	1461	29
646	1	1043	29
648	1	1669	29
649	1	1356	29
650	1	1982	29
652	1	1669	29
653	1	1408	29
655	1	1408	29
656	1	1617	29
658	1	939	29
659	1	1513	29
661	1	1200	29
662	1	1513	29
664	1	834	29
665	1	730	29
666	1	887	29
668	1	1826	29
669	1	1774	29
670	1	1774	29
672	1	2191	29
673	1	2087	29
674	1	1461	29
675	1	1304	29
676	1	834	29
677	1	1408	29
678	1	1826	29
680	1	1461	29
682	1	1774	29
684	1	1304	29
685	1	2191	29
688	1	2035	29
689	1	2295	29
691	1	1148	29
692	1	1148	29
693	1	1356	29
694	1	1565	29
695	1	887	29
697	1	1148	29
698	1	2087	29
699	1	1669	29
700	1	2139	29
701	1	1408	29
703	1	1043	29
705	1	1930	29
706	1	939	29
707	1	1774	29
708	1	1200	29
709	1	1304	29
710	1	1043	29
711	1	1617	29
712	1	1565	29
714	1	991	29
715	1	1774	29
716	1	887	29
717	1	1461	29
718	1	1095	29
721	1	1252	29
722	1	939	29
724	1	2295	29
725	1	1304	29
726	1	1252	29
728	1	2243	29
729	1	2139	29
730	1	1617	29
731	1	782	29
733	1	1200	29
734	1	939	29
735	1	2295	29
737	1	1252	29
738	1	1200	29
739	1	1565	29
742	1	887	29
743	1	887	29
744	1	1513	29
746	1	1774	29
750	1	2139	29
752	1	1408	29
753	1	991	29
754	1	991	29
755	1	939	29
756	1	1095	29
757	1	2191	29
758	1	887	29
761	1	1930	29
762	1	1617	29
763	1	1826	29
765	1	1826	29
766	1	2295	29
767	1	1826	29
771	1	1722	29
773	1	1774	29
774	1	1043	29
776	1	834	29
778	1	1826	29
780	1	2295	29
781	1	1095	29
782	1	2087	29
784	1	1878	29
785	1	2243	29
787	1	2087	29
788	1	1669	29
789	1	1304	29
790	1	1878	29
793	1	782	29
794	1	887	29
795	1	2243	29
798	1	1252	29
801	1	1982	29
802	1	1461	29
803	1	1304	29
804	1	1826	29
807	1	834	29
810	1	887	29
811	1	834	29
812	1	939	29
815	1	939	29
816	1	1408	29
818	1	1565	29
819	1	2087	29
820	1	2295	29
821	1	1774	29
822	1	887	29
823	1	887	29
824	1	1461	29
825	1	1565	29
826	1	1513	29
828	1	1722	29
831	1	1200	29
832	1	939	29
833	1	1774	29
834	1	1043	29
835	1	2191	29
837	1	2087	29
838	1	991	29
839	1	1826	29
840	1	782	29
842	1	1669	29
843	1	991	29
847	1	1669	29
848	1	939	29
850	1	991	29
853	1	2191	29
854	1	1356	29
858	1	1461	29
861	1	991	29
862	1	2295	29
863	1	1200	29
864	1	991	29
865	1	1722	29
866	1	939	29
867	1	1669	29
868	1	1722	29
869	1	1461	29
870	1	1669	29
871	1	1461	29
873	1	991	29
875	1	1565	29
877	1	887	29
878	1	2035	29
879	1	1982	29
880	1	782	29
882	1	1722	29
884	1	991	29
885	1	991	29
886	1	2295	29
887	1	1669	29
890	1	1617	29
891	1	2087	29
892	1	2191	29
895	1	1930	29
897	1	1148	29
898	1	991	29
899	1	887	29
900	1	1826	29
901	1	834	29
902	1	1304	29
903	1	1200	29
905	1	2035	29
908	1	991	29
910	1	1722	29
912	1	939	29
913	1	1826	29
914	1	1252	29
915	1	1617	29
916	1	1095	29
917	1	1982	29
918	1	1669	29
922	1	1878	29
924	1	991	29
926	1	1304	29
927	1	1513	29
929	1	1408	29
931	1	887	29
932	1	1722	29
933	1	1617	29
934	1	1774	29
935	1	1774	29
936	1	2139	29
937	1	2035	29
938	1	1565	29
940	1	1148	29
941	1	782	29
942	1	887	29
944	1	1826	29
946	1	1200	29
947	1	887	29
948	1	991	29
949	1	887	29
950	1	887	29
953	1	991	29
954	1	887	29
960	1	1513	29
961	1	1461	29
963	1	1930	29
964	1	939	29
965	1	1982	29
966	1	939	29
968	1	1878	29
969	1	1408	29
971	1	1304	29
972	1	834	29
973	1	991	29
976	1	1356	29
978	1	1252	29
979	1	1774	29
981	1	1461	29
983	1	991	29
984	1	1513	29
985	1	1565	29
988	1	1982	29
989	1	782	29
995	1	887	29
998	1	1095	29
0	2	261	26
1	2	261	26
2	2	261	26
3	2	261	26
4	2	261	26
5	2	261	26
6	2	261	26
7	2	261	26
8	2	261	26
9	2	261	26
10	2	261	26
11	2	261	26
12	2	261	26
13	2	261	26
14	2	261	26
15	2	261	26
16	2	261	26
17	2	261	26
18	2	261	26
19	2	261	26
20	2	261	26
21	2	261	26
22	2	261	26
23	2	261	26
24	2	261	26
25	2	261	26
26	2	261	26
27	2	261	26
28	2	261	26
29	2	261	26
30	2	261	26
31	2	261	26
32	2	261	26
33	2	261	26
34	2	261	26
35	2	261	26
36	2	261	26
37	2	261	26
38	2	261	26
39	2	261	26
40	2	261	26
41	2	261	26
42	2	261	26
43	2	261	26
44	2	261	26
45	2	261	26
46	2	261	26
47	2	261	26
48	2	261	26
49	2	261	26
50	2	261	26
51	2	261	26
52	2	261	26
53	2	261	26
54	2	261	26
55	2	261	26
56	2	261	26
57	2	261	26
58	2	261	26
59	2	261	26
60	2	261	26
61	2	261	26
62	2	261	26
63	2	261	26
64	2	261	26
65	2	261	26
66	2	261	26
67	2	261	26
68	2	261	26
69	2	261	26
70	2	261	26
71	2	261	26
72	2	261	26
73	2	261	26
74	2	261	26
75	2	261	26
76	2	261	26
77	2	261	26
78	2	261	26
79	2	261	26
80	2	261	26
81	2	261	26
82	2	261	26
83	2	261	26
84	2	261	26
85	2	261	26
86	2	261	26
87	2	261	26
88	2	261	26
89	2	261	26
90	2	261	26
91	2	261	26
92	2	261	26
93	2	261	26
94	2	261	26
95	2	261	26
96	2	261	26
97	2	261	26
98	2	261	26
99	2	261	26
100	2	261	26
101	2	261	26
102	2	261	26
103	2	261	26
104	2	261	26
105	2	261	26
106	2	261	26
107	2	261	26
108	2	261	26
109	2	261	26
110	2	261	26
111	2	261	26
112	2	261	26
113	2	261	26
114	2	261	26
115	2	261	26
116	2	261	26
117	2	261	26
118	2	261	26
119	2	261	26
120	2	261	26
121	2	261	26
122	2	261	26
123	2	261	26
124	2	261	26
125	2	261	26
126	2	261	26
127	2	261	26
128	2	261	26
129	2	261	26
130	2	261	26
131	2	261	26
132	2	261	26
133	2	261	26
134	2	261	26
135	2	261	26
136	2	261	26
137	2	261	26
138	2	261	26
139	2	261	26
140	2	261	26
141	2	261	26
142	2	261	26
143	2	261	26
144	2	261	26
145	2	261	26
146	2	261	26
147	2	261	26
148	2	261	26
149	2	261	26
150	2	261	26
151	2	261	26
152	2	261	26
153	2	261	26
154	2	261	26
155	2	261	26
156	2	261	26
157	2	261	26
158	2	261	26
159	2	261	26
160	2	261	26
161	2	261	26
162	2	261	26
163	2	261	26
164	2	261	26
165	2	261	26
166	2	261	26
167	2	261	26
168	2	261	26
169	2	261	26
170	2	261	26
171	2	261	26
172	2	261	26
173	2	261	26
174	2	261	26
175	2	261	26
176	2	261	26
177	2	261	26
178	2	261	26
179	2	261	26
180	2	261	26
181	2	261	26
182	2	261	26
183	2	261	26
184	2	261	26
185	2	261	26
186	2	261	26
187	2	261	26
188	2	261	26
189	2	261	26
190	2	261	26
191	2	261	26
192	2	261	26
193	2	261	26
194	2	261	26
195	2	261	26
196	2	261	26
197	2	261	26
198	2	261	26
199	2	261	26
200	2	261	26
201	2	261	26
202	2	261	26
203	2	261	26
204	2	261	26
205	2	261	26
206	2	261	26
207	2	261	26
208	2	261	26
209	2	261	26
210	2	261	26
211	2	261	26
212	2	261	26
213	2	261	26
214	2	261	26
215	2	261	26
216	2	261	26
217	2	261	26
218	2	261	26
219	2	261	26
220	2	261	26
221	2	261	26
222	2	261	26
223	2	261	26
224	2	261	26
225	2	261	26
226	2	261	26
227	2	261	26
228	2	261	26
229	2	261	26
230	2	261	26
231	2	261	26
232	2	261	26
233	2	261	26
234	2	261	26
235	2	261	26
236	2	261	26
237	2	261	26
238	2	261	26
239	2	261	26
240	2	261	26
241	2	261	26
242	2	261	26
243	2	261	26
244	2	261	26
245	2	261	26
246	2	261	26
247	2	261	26
248	2	261	26
249	2	261	26
250	2	261	26
251	2	261	26
252	2	261	26
253	2	261	26
254	2	261	26
255	2	261	26
256	2	261	26
257	2	261	26
258	2	261	26
259	2	261	26
260	2	261	26
261	2	261	26
262	2	261	26
263	2	261	26
264	2	261	26
265	2	261	26
266	2	261	26
267	2	261	26
268	2	261	26
269	2	261	26
270	2	261	26
271	2	261	26
272	2	261	26
273	2	261	26
274	2	261	26
275	2	261	26
276	2	261	26
277	2	261	26
278	2	261	26
279	2	261	26
280	2	261	26
281	2	261	26
282	2	261	26
283	2	261	26
284	2	261	26
285	2	261	26
286	2	261	26
287	2	261	26
288	2	261	26
289	2	261	26
290	2	261	26
291	2	261	26
292	2	261	26
293	2	261	26
294	2	261	26
295	2	261	26
296	2	261	26
297	2	261	26
298	2	261	26
299	2	261	26
300	2	261	26
301	2	261	26
302	2	261	26
303	2	261	26
304	2	261	26
305	2	261	26
306	2	261	26
307	2	261	26
308	2	261	26
309	2	261	26
310	2	261	26
311	2	261	26
312	2	261	26
313	2	261	26
314	2	261	26
315	2	261	26
316	2	261	26
317	2	261	26
318	2	261	26
319	2	261	26
320	2	261	26
321	2	261	26
322	2	261	26
323	2	261	26
324	2	261	26
325	2	261	26
326	2	261	26
327	2	261	26
328	2	261	26
329	2	261	26
330	2	261	26
331	2	261	26
332	2	261	26
333	2	261	26
334	2	261	26
335	2	261	26
336	2	261	26
337	2	261	26
338	2	261	26
339	2	261	26
340	2	261	26
341	2	261	26
342	2	261	26
343	2	261	26
344	2	261	26
345	2	261	26
346	2	261	26
347	2	261	26
348	2	261	26
349	2	261	26
350	2	261	26
351	2	261	26
352	2	261	26
353	2	261	26
354	2	261	26
355	2	261	26
356	2	261	26
357	2	261	26
358	2	261	26
359	2	261	26
360	2	261	26
361	2	261	26
362	2	261	26
363	2	261	26
364	2	261	26
365	2	261	26
366	2	261	26
367	2	261	26
368	2	261	26
369	2	261	26
370	2	261	26
371	2	261	26
372	2	261	26
373	2	261	26
374	2	261	26
375	2	261	26
376	2	261	26
377	2	261	26
378	2	261	26
379	2	261	26
380	2	261	26
381	2	261	26
382	2	261	26
383	2	261	26
384	2	261	26
385	2	261	26
386	2	261	26
387	2	261	26
388	2	261	26
389	2	261	26
390	2	261	26
391	2	261	26
392	2	261	26
393	2	261	26
394	2	261	26
395	2	261	26
396	2	261	26
397	2	261	26
398	2	261	26
399	2	261	26
400	2	261	26
401	2	261	26
402	2	261	26
403	2	261	26
404	2	261	26
405	2	261	26
406	2	261	26
407	2	261	26
408	2	261	26
409	2	261	26
410	2	261	26
411	2	261	26
412	2	261	26
413	2	261	26
414	2	261	26
415	2	261	26
416	2	261	26
417	2	261	26
418	2	261	26
419	2	261	26
420	2	261	26
421	2	261	26
422	2	261	26
423	2	261	26
424	2	261	26
425	2	261	26
426	2	261	26
427	2	261	26
428	2	261	26
429	2	261	26
430	2	261	26
431	2	261	26
432	2	261	26
433	2	261	26
434	2	261	26
435	2	261	26
436	2	261	26
437	2	261	26
438	2	261	26
439	2	261	26
440	2	261	26
441	2	261	26
442	2	261	26
443	2	261	26
444	2	261	26
445	2	261	26
446	2	261	26
447	2	261	26
448	2	261	26
449	2	261	26
450	2	261	26
451	2	261	26
452	2	261	26
453	2	261	26
454	2	261	26
455	2	261	26
456	2	261	26
457	2	261	26
458	2	261	26
459	2	261	26
460	2	261	26
461	2	261	26
462	2	261	26
463	2	261	26
464	2	261	26
465	2	261	26
466	2	261	26
467	2	261	26
468	2	261	26
469	2	261	26
470	2	261	26
471	2	261	26
472	2	261	26
473	2	261	26
474	2	261	26
475	2	261	26
476	2	261	26
477	2	261	26
478	2	261	26
479	2	261	26
480	2	261	26
481	2	261	26
482	2	261	26
483	2	261	26
484	2	261	26
485	2	261	26
486	2	261	26
487	2	261	26
488	2	261	26
489	2	261	26
490	2	261	26
491	2	261	26
492	2	261	26
493	2	261	26
494	2	261	26
495	2	261	26
496	2	261	26
497	2	261	26
498	2	261	26
499	2	261	26
500	2	261	26
501	2	261	26
502	2	261	26
503	2	261	26
504	2	261	26
505	2	261	26
506	2	261	26
507	2	261	26
508	2	261	26
509	2	261	26
510	2	261	26
511	2	261	26
512	2	261	26
513	2	261	26
514	2	261	26
515	2	261	26
516	2	261	26
517	2	261	26
518	2	261	26
519	2	261	26
520	2	261	26
521	2	261	26
522	2	261	26
523	2	261	26
524	2	261	26
525	2	261	26
526	2	261	26
527	2	261	26
528	2	261	26
529	2	261	26
530	2	261	26
531	2	261	26
532	2	261	26
533	2	261	26
534	2	261	26
535	2	261	26
536	2	261	26
537	2	261	26
538	2	261	26
539	2	261	26
540	2	261	26
541	2	261	26
542	2	261	26
543	2	261	26
544	2	261	26
545	2	261	26
546	2	261	26
547	2	261	26
548	2	261	26
549	2	261	26
550	2	261	26
551	2	261	26
552	2	261	26
553	2	261	26
554	2	261	26
555	2	261	26
556	2	261	26
557	2	261	26
558	2	261	26
559	2	261	26
560	2	261	26
561	2	261	26
562	2	261	26
563	2	261	26
564	2	261	26
565	2	261	26
566	2	261	26
567	2	261	26
568	2	261	26
569	2	261	26
570	2	261	26
571	2	261	26
572	2	261	26
573	2	261	26
574	2	261	26
575	2	261	26
576	2	261	26
577	2	261	26
578	2	261	26
579	2	261	26
580	2	261	26
581	2	261	26
582	2	261	26
583	2	261	26
584	2	261	26
585	2	261	26
586	2	261	26
587	2	261	26
588	2	261	26
589	2	261	26
590	2	261	26
591	2	261	26
592	2	261	26
593	2	261	26
594	2	261	26
595	2	261	26
596	2	261	26
597	2	261	26
598	2	261	26
599	2	261	26
600	2	261	26
601	2	261	26
602	2	261	26
603	2	261	26
604	2	261	26
605	2	261	26
606	2	261	26
607	2	261	26
608	2	261	26
609	2	261	26
610	2	261	26
611	2	261	26
612	2	261	26
613	2	261	26
614	2	261	26
615	2	261	26
616	2	261	26
617	2	261	26
618	2	261	26
619	2	261	26
620	2	261	26
621	2	261	26
622	2	261	26
623	2	261	26
624	2	261	26
625	2	261	26
626	2	261	26
627	2	261	26
628	2	261	26
629	2	261	26
630	2	261	26
631	2	261	26
632	2	261	26
633	2	261	26
634	2	261	26
635	2	261	26
636	2	261	26
637	2	261	26
638	2	261	26
639	2	261	26
640	2	261	26
641	2	261	26
642	2	261	26
643	2	261	26
644	2	261	26
645	2	261	26
646	2	261	26
647	2	261	26
648	2	261	26
649	2	261	26
650	2	261	26
651	2	261	26
652	2	261	26
653	2	261	26
654	2	261	26
655	2	261	26
656	2	261	26
657	2	261	26
658	2	261	26
659	2	261	26
660	2	261	26
661	2	261	26
662	2	261	26
663	2	261	26
664	2	261	26
665	2	261	26
666	2	261	26
667	2	261	26
668	2	261	26
669	2	261	26
670	2	261	26
671	2	261	26
672	2	261	26
673	2	261	26
674	2	261	26
675	2	261	26
676	2	261	26
677	2	261	26
678	2	261	26
679	2	261	26
680	2	261	26
681	2	261	26
682	2	261	26
683	2	261	26
684	2	261	26
685	2	261	26
686	2	261	26
687	2	261	26
688	2	261	26
689	2	261	26
690	2	261	26
691	2	261	26
692	2	261	26
693	2	261	26
694	2	261	26
695	2	261	26
696	2	261	26
697	2	261	26
698	2	261	26
699	2	261	26
700	2	261	26
701	2	261	26
702	2	261	26
703	2	261	26
704	2	261	26
705	2	261	26
706	2	261	26
707	2	261	26
708	2	261	26
709	2	261	26
710	2	261	26
711	2	261	26
712	2	261	26
713	2	261	26
714	2	261	26
715	2	261	26
716	2	261	26
717	2	261	26
718	2	261	26
719	2	261	26
720	2	261	26
721	2	261	26
722	2	261	26
723	2	261	26
724	2	261	26
725	2	261	26
726	2	261	26
727	2	261	26
728	2	261	26
729	2	261	26
730	2	261	26
731	2	261	26
732	2	261	26
733	2	261	26
734	2	261	26
735	2	261	26
736	2	261	26
737	2	261	26
738	2	261	26
739	2	261	26
740	2	261	26
741	2	261	26
742	2	261	26
743	2	261	26
744	2	261	26
745	2	261	26
746	2	261	26
747	2	261	26
748	2	261	26
749	2	261	26
750	2	261	26
751	2	261	26
752	2	261	26
753	2	261	26
754	2	261	26
755	2	261	26
756	2	261	26
757	2	261	26
758	2	261	26
759	2	261	26
760	2	261	26
761	2	261	26
762	2	261	26
763	2	261	26
764	2	261	26
765	2	261	26
766	2	261	26
767	2	261	26
768	2	261	26
769	2	261	26
770	2	261	26
771	2	261	26
772	2	261	26
773	2	261	26
774	2	261	26
775	2	261	26
776	2	261	26
777	2	261	26
778	2	261	26
779	2	261	26
780	2	261	26
781	2	261	26
782	2	261	26
783	2	261	26
784	2	261	26
785	2	261	26
786	2	261	26
787	2	261	26
788	2	261	26
789	2	261	26
790	2	261	26
791	2	261	26
792	2	261	26
793	2	261	26
794	2	261	26
795	2	261	26
796	2	261	26
797	2	261	26
798	2	261	26
799	2	261	26
800	2	261	26
801	2	261	26
802	2	261	26
803	2	261	26
804	2	261	26
805	2	261	26
806	2	261	26
807	2	261	26
808	2	261	26
809	2	261	26
810	2	261	26
811	2	261	26
812	2	261	26
813	2	261	26
814	2	261	26
815	2	261	26
816	2	261	26
817	2	261	26
818	2	261	26
819	2	261	26
820	2	261	26
821	2	261	26
822	2	261	26
823	2	261	26
824	2	261	26
825	2	261	26
826	2	261	26
827	2	261	26
828	2	261	26
829	2	261	26
830	2	261	26
831	2	261	26
832	2	261	26
833	2	261	26
834	2	261	26
835	2	261	26
836	2	261	26
837	2	261	26
838	2	261	26
839	2	261	26
840	2	261	26
841	2	261	26
842	2	261	26
843	2	261	26
844	2	261	26
845	2	261	26
846	2	261	26
847	2	261	26
848	2	261	26
849	2	261	26
850	2	261	26
851	2	261	26
852	2	261	26
853	2	261	26
854	2	261	26
855	2	261	26
856	2	261	26
857	2	261	26
858	2	261	26
859	2	261	26
860	2	261	26
861	2	261	26
862	2	261	26
863	2	261	26
864	2	261	26
865	2	261	26
866	2	261	26
867	2	261	26
868	2	261	26
869	2	261	26
870	2	261	26
871	2	261	26
872	2	261	26
873	2	261	26
874	2	261	26
875	2	261	26
876	2	261	26
877	2	261	26
878	2	261	26
879	2	261	26
880	2	261	26
881	2	261	26
882	2	261	26
883	2	261	26
884	2	261	26
885	2	261	26
886	2	261	26
887	2	261	26
888	2	261	26
889	2	261	26
890	2	261	26
891	2	261	26
892	2	261	26
893	2	261	26
894	2	261	26
895	2	261	26
896	2	261	26
897	2	261	26
898	2	261	26
899	2	261	26
900	2	261	26
901	2	261	26
902	2	261	26
903	2	261	26
904	2	261	26
905	2	261	26
906	2	261	26
907	2	261	26
908	2	261	26
909	2	261	26
910	2	261	26
911	2	261	26
912	2	261	26
913	2	261	26
914	2	261	26
915	2	261	26
916	2	261	26
917	2	261	26
918	2	261	26
919	2	261	26
920	2	261	26
921	2	261	26
922	2	261	26
923	2	261	26
924	2	261	26
925	2	261	26
926	2	261	26
927	2	261	26
928	2	261	26
929	2	261	26
930	2	261	26
931	2	261	26
932	2	261	26
933	2	261	26
934	2	261	26
935	2	261	26
936	2	261	26
937	2	261	26
938	2	261	26
939	2	261	26
940	2	261	26
941	2	261	26
942	2	261	26
943	2	261	26
944	2	261	26
945	2	261	26
946	2	261	26
947	2	261	26
948	2	261	26
949	2	261	26
950	2	261	26
951	2	261	26
952	2	261	26
953	2	261	26
954	2	261	26
955	2	261	26
956	2	261	26
957	2	261	26
958	2	261	26
959	2	261	26
960	2	261	26
961	2	261	26
962	2	261	26
963	2	261	26
964	2	261	26
965	2	261	26
966	2	261	26
967	2	261	26
968	2	261	26
969	2	261	26
970	2	261	26
971	2	261	26
972	2	261	26
973	2	261	26
974	2	261	26
975	2	261	26
976	2	261	26
977	2	261	26
978	2	261	26
979	2	261	26
980	2	261	26
981	2	261	26
982	2	261	26
983	2	261	26
984	2	261	26
985	2	261	26
986	2	261	26
987	2	261	26
988	2	261	26
989	2	261	26
990	2	261	26
991	2	261	26
992	2	261	26
993	2	261	26
994	2	261	26
995	2	261	26
996	2	261	26
997	2	261	26
998	2	261	26
999	2	261	26
0	3	834	29
1	3	834	29
3	3	1565	29
4	3	1148	29
5	3	887	29
6	3	1826	29
7	3	1408	29
8	3	1148	29
10	3	887	29
14	3	730	29
15	3	939	29
16	3	1148	29
17	3	834	29
18	3	1565	29
20	3	1513	29
21	3	834	29
22	3	1774	29
23	3	939	29
24	3	782	29
26	3	1408	29
27	3	991	29
28	3	1304	29
29	3	2035	29
30	3	1722	29
31	3	2035	29
32	3	1356	29
33	3	2035	29
34	3	1461	29
35	3	887	29
36	3	1565	29
37	3	2243	29
39	3	1461	29
40	3	626	29
41	3	1461	29
42	3	1356	29
43	3	1200	29
45	3	1461	29
46	3	991	29
47	3	1722	29
49	3	1043	29
53	3	1043	29
57	3	730	29
58	3	1095	29
59	3	991	29
62	3	1148	29
63	3	1095	29
65	3	1617	29
66	3	1774	29
67	3	1200	29
69	3	1461	29
71	3	1461	29
75	3	1617	29
79	3	1878	29
80	3	1565	29
81	3	1982	29
82	3	1982	29
84	3	1982	29
86	3	2035	29
87	3	939	29
88	3	1408	29
89	3	1669	29
92	3	991	29
95	3	2243	29
96	3	1722	29
98	3	2191	29
99	3	1878	29
102	3	1200	29
104	3	1200	29
106	3	1304	29
107	3	782	29
108	3	991	29
109	3	2243	29
110	3	991	29
111	3	1878	29
112	3	1826	29
113	3	887	29
114	3	2243	29
116	3	1982	29
117	3	2035	29
118	3	1722	29
119	3	1774	29
120	3	1878	29
122	3	1043	29
124	3	939	29
125	3	939	29
126	3	1043	29
127	3	939	29
128	3	782	29
131	3	1252	29
132	3	887	29
133	3	1617	29
134	3	1356	29
135	3	939	29
136	3	782	29
137	3	1408	29
138	3	730	29
139	3	1043	29
141	3	1043	29
142	3	2035	29
143	3	1722	29
145	3	1617	29
146	3	1252	29
147	3	1461	29
149	3	991	29
150	3	1252	29
151	3	1930	29
152	3	1043	29
153	3	1304	29
154	3	1095	29
155	3	939	29
156	3	991	29
158	3	1304	29
159	3	782	29
160	3	1513	29
162	3	1408	29
164	3	991	29
165	3	1148	29
166	3	2295	29
167	3	1982	29
169	3	939	29
170	3	834	29
172	3	1513	29
173	3	2139	29
174	3	1565	29
175	3	1461	29
176	3	2035	29
179	3	1356	29
181	3	626	29
183	3	1461	29
185	3	1252	29
187	3	1408	29
189	3	1356	29
190	3	1774	29
192	3	1356	29
193	3	1722	29
196	3	1043	29
198	3	1304	29
199	3	939	29
200	3	1461	29
202	3	1304	29
203	3	1461	29
204	3	1408	29
205	3	1774	29
206	3	730	29
207	3	939	29
208	3	1148	29
210	3	1565	29
212	3	1722	29
215	3	1617	29
217	3	1200	29
218	3	1461	29
221	3	1513	29
222	3	2191	29
224	3	1722	29
225	3	887	29
226	3	1148	29
227	3	2035	29
228	3	1043	29
229	3	1356	29
230	3	939	29
231	3	887	29
232	3	991	29
233	3	1669	29
236	3	2035	29
240	3	991	29
241	3	1304	29
242	3	1304	29
243	3	782	29
244	3	939	29
245	3	1826	29
248	3	834	29
249	3	887	29
250	3	939	29
251	3	1565	29
253	3	2035	29
256	3	1304	29
257	3	1722	29
258	3	939	29
259	3	1043	29
260	3	1826	29
262	3	1304	29
264	3	1878	29
266	3	1513	29
267	3	939	29
268	3	1461	29
269	3	1148	29
270	3	2295	29
271	3	1252	29
272	3	991	29
277	3	2087	29
280	3	1930	29
283	3	1565	29
284	3	887	29
285	3	1565	29
286	3	1148	29
288	3	2035	29
292	3	2087	29
293	3	730	29
294	3	2191	29
295	3	2087	29
296	3	1565	29
298	3	1617	29
299	3	1043	29
300	3	2191	29
301	3	834	29
302	3	1252	29
303	3	939	29
304	3	834	29
306	3	991	29
307	3	1826	29
309	3	834	29
310	3	1200	29
312	3	1982	29
315	3	1304	29
317	3	1617	29
320	3	1669	29
321	3	887	29
322	3	1878	29
324	3	1982	29
326	3	730	29
327	3	1461	29
328	3	2139	29
330	3	1408	29
331	3	991	29
332	3	678	29
333	3	939	29
335	3	834	29
336	3	1356	29
337	3	1982	29
339	3	1878	29
340	3	1565	29
341	3	1565	29
342	3	834	29
343	3	730	29
345	3	1252	29
346	3	1148	29
347	3	1617	29
348	3	887	29
349	3	1043	29
352	3	1252	29
353	3	1617	29
354	3	939	29
356	3	1774	29
357	3	1878	29
358	3	1565	29
360	3	2191	29
361	3	1617	29
364	3	2191	29
366	3	1669	29
367	3	1982	29
368	3	730	29
369	3	1095	29
371	3	1513	29
372	3	1617	29
374	3	1982	29
376	3	2087	29
377	3	1669	29
378	3	1513	29
379	3	1565	29
381	3	2139	29
382	3	1982	29
384	3	1356	29
385	3	1826	29
387	3	1252	29
390	3	834	29
391	3	991	29
392	3	1982	29
393	3	834	29
394	3	1826	29
396	3	834	29
397	3	1565	29
399	3	1043	29
400	3	1826	29
402	3	1356	29
404	3	1930	29
405	3	1930	29
406	3	1513	29
407	3	1565	29
410	3	2035	29
411	3	887	29
412	3	834	29
413	3	834	29
414	3	1252	29
415	3	1200	29
416	3	2295	29
417	3	1617	29
418	3	1095	29
419	3	678	29
420	3	1669	29
423	3	1461	29
424	3	1148	29
425	3	1930	29
426	3	1356	29
429	3	1252	29
430	3	1617	29
431	3	887	29
432	3	1095	29
433	3	1408	29
434	3	1095	29
435	3	939	29
436	3	991	29
437	3	991	29
438	3	1095	29
440	3	2139	29
442	3	1774	29
445	3	939	29
446	3	1982	29
451	3	1252	29
452	3	2191	29
453	3	834	29
455	3	1774	29
456	3	1722	29
460	3	1930	29
461	3	834	29
462	3	1826	29
463	3	1148	29
464	3	1408	29
465	3	991	29
466	3	834	29
467	3	887	29
468	3	834	29
469	3	782	29
471	3	1774	29
472	3	1669	29
473	3	939	29
474	3	1095	29
475	3	2139	29
478	3	2243	29
481	3	1148	29
482	3	1148	29
485	3	2243	29
486	3	1669	29
487	3	939	29
489	3	834	29
490	3	1356	29
491	3	1826	29
492	3	1565	29
494	3	991	29
495	3	1356	29
496	3	1252	29
497	3	1043	29
500	3	991	29
501	3	1982	29
502	3	1617	29
503	3	782	29
508	3	991	29
512	3	1252	29
513	3	1461	29
514	3	1356	29
515	3	887	29
516	3	2035	29
517	3	1617	29
518	3	1669	29
519	3	1252	29
520	3	1878	29
521	3	1095	29
522	3	1304	29
523	3	1513	29
525	3	1095	29
527	3	678	29
528	3	782	29
529	3	939	29
530	3	1722	29
531	3	1461	29
532	3	1774	29
534	3	991	29
536	3	1878	29
537	3	1408	29
538	3	1043	29
539	3	939	29
541	3	1930	29
542	3	1722	29
543	3	1565	29
544	3	1200	29
546	3	1513	29
547	3	1252	29
549	3	1774	29
550	3	730	29
551	3	1095	29
553	3	1774	29
554	3	887	29
555	3	939	29
556	3	1461	29
558	3	991	29
559	3	1513	29
562	3	1565	29
563	3	1200	29
564	3	2035	29
565	3	1043	29
566	3	1826	29
568	3	887	29
569	3	1408	29
570	3	1669	29
571	3	939	29
575	3	782	29
576	3	1513	29
577	3	887	29
578	3	2087	29
581	3	1565	29
582	3	1878	29
583	3	834	29
584	3	1930	29
585	3	678	29
586	3	1148	29
587	3	887	29
588	3	1252	29
589	3	1252	29
590	3	1252	29
593	3	2035	29
594	3	2035	29
595	3	939	29
596	3	1461	29
598	3	834	29
599	3	991	29
604	3	1408	29
605	3	1669	29
606	3	1148	29
607	3	991	29
608	3	1252	29
611	3	1565	29
612	3	1461	29
614	3	1461	29
616	3	1461	29
620	3	939	29
621	3	1513	29
622	3	991	29
624	3	939	29
625	3	1461	29
626	3	1356	29
627	3	1408	29
628	3	1408	29
629	3	2139	29
630	3	1565	29
631	3	1304	29
632	3	939	29
634	3	1617	29
639	3	1148	29
642	3	1669	29
645	3	1461	29
646	3	1043	29
648	3	1669	29
649	3	1356	29
650	3	1982	29
652	3	1669	29
653	3	1408	29
655	3	1408	29
656	3	1617	29
658	3	939	29
659	3	1513	29
661	3	1200	29
662	3	1513	29
664	3	834	29
665	3	730	29
666	3	887	29
668	3	1826	29
669	3	1774	29
670	3	1774	29
672	3	2191	29
673	3	2087	29
674	3	1461	29
675	3	1304	29
676	3	834	29
677	3	1408	29
678	3	1826	29
680	3	1461	29
682	3	1774	29
684	3	1304	29
685	3	2191	29
688	3	2035	29
689	3	2295	29
691	3	1148	29
692	3	1148	29
693	3	1356	29
694	3	1565	29
695	3	887	29
697	3	1148	29
698	3	2087	29
699	3	1669	29
700	3	2139	29
701	3	1408	29
703	3	1043	29
705	3	1930	29
706	3	939	29
707	3	1774	29
708	3	1200	29
709	3	1304	29
710	3	1043	29
711	3	1617	29
712	3	1565	29
714	3	991	29
715	3	1774	29
716	3	887	29
717	3	1461	29
718	3	1095	29
721	3	1252	29
722	3	939	29
724	3	2295	29
725	3	1304	29
726	3	1252	29
728	3	2243	29
729	3	2139	29
730	3	1617	29
731	3	782	29
733	3	1200	29
734	3	939	29
735	3	2295	29
737	3	1252	29
738	3	1200	29
739	3	1565	29
742	3	887	29
743	3	887	29
744	3	1513	29
746	3	1774	29
750	3	2139	29
752	3	1408	29
753	3	991	29
754	3	991	29
755	3	939	29
756	3	1095	29
757	3	2191	29
758	3	887	29
761	3	1930	29
762	3	1617	29
763	3	1826	29
765	3	1826	29
766	3	2295	29
767	3	1826	29
771	3	1722	29
773	3	1774	29
774	3	1043	29
776	3	834	29
778	3	1826	29
780	3	2295	29
781	3	1095	29
782	3	2087	29
784	3	1878	29
785	3	2243	29
787	3	2087	29
788	3	1669	29
789	3	1304	29
790	3	1878	29
793	3	782	29
794	3	887	29
795	3	2243	29
798	3	1252	29
801	3	1982	29
802	3	1461	29
803	3	1304	29
804	3	1826	29
807	3	834	29
810	3	887	29
811	3	834	29
812	3	939	29
815	3	939	29
816	3	1408	29
818	3	1565	29
819	3	2087	29
820	3	2295	29
821	3	1774	29
822	3	887	29
823	3	887	29
824	3	1461	29
825	3	1565	29
826	3	1513	29
828	3	1722	29
831	3	1200	29
832	3	939	29
833	3	1774	29
834	3	1043	29
835	3	2191	29
837	3	2087	29
838	3	991	29
839	3	1826	29
840	3	782	29
842	3	1669	29
843	3	991	29
847	3	1669	29
848	3	939	29
850	3	991	29
853	3	2191	29
854	3	1356	29
858	3	1461	29
861	3	991	29
862	3	2295	29
863	3	1200	29
864	3	991	29
865	3	1722	29
866	3	939	29
867	3	1669	29
868	3	1722	29
869	3	1461	29
870	3	1669	29
871	3	1461	29
873	3	991	29
875	3	1565	29
877	3	887	29
878	3	2035	29
879	3	1982	29
880	3	782	29
882	3	1722	29
884	3	991	29
885	3	991	29
886	3	2295	29
887	3	1669	29
890	3	1617	29
891	3	2087	29
892	3	2191	29
895	3	1930	29
897	3	1148	29
898	3	991	29
899	3	887	29
900	3	1826	29
901	3	834	29
902	3	1304	29
903	3	1200	29
905	3	2035	29
908	3	991	29
910	3	1722	29
912	3	939	29
913	3	1826	29
914	3	1252	29
915	3	1617	29
916	3	1095	29
917	3	1982	29
918	3	1669	29
922	3	1878	29
924	3	991	29
926	3	1304	29
927	3	1513	29
929	3	1408	29
931	3	887	29
932	3	1722	29
933	3	1617	29
934	3	1774	29
935	3	1774	29
936	3	2139	29
937	3	2035	29
938	3	1565	29
940	3	1148	29
941	3	782	29
942	3	887	29
944	3	1826	29
946	3	1200	29
947	3	887	29
948	3	991	29
949	3	887	29
950	3	887	29
953	3	991	29
954	3	887	29
960	3	1513	29
961	3	1461	29
963	3	1930	29
964	3	939	29
965	3	1982	29
966	3	939	29
968	3	1878	29
969	3	1408	29
971	3	1304	29
972	3	834	29
973	3	991	29
976	3	1356	29
978	3	1252	29
979	3	1774	29
981	3	1461	29
983	3	991	29
984	3	1513	29
985	3	1565	29
988	3	1982	29
989	3	782	29
995	3	887	29
998	3	1095	29
0	4	834	29
1	4	834	29
3	4	1565	29
4	4	1148	29
5	4	887	29
6	4	1826	29
7	4	1408	29
8	4	1148	29
10	4	887	29
14	4	730	29
15	4	939	29
16	4	1148	29
17	4	834	29
18	4	1565	29
20	4	1513	29
21	4	834	29
22	4	1774	29
23	4	939	29
24	4	782	29
26	4	1408	29
27	4	991	29
28	4	1304	29
29	4	2035	29
30	4	1722	29
31	4	2035	29
32	4	1356	29
33	4	2035	29
34	4	1461	29
35	4	887	29
36	4	1565	29
37	4	2243	29
39	4	1461	29
40	4	626	29
41	4	1461	29
42	4	1356	29
43	4	1200	29
45	4	1461	29
46	4	991	29
47	4	1722	29
49	4	1043	29
53	4	1043	29
57	4	730	29
58	4	1095	29
59	4	991	29
62	4	1148	29
63	4	1095	29
65	4	1617	29
66	4	1774	29
67	4	1200	29
69	4	1461	29
71	4	1461	29
75	4	1617	29
79	4	1878	29
80	4	1565	29
81	4	1982	29
82	4	1982	29
84	4	1982	29
86	4	2035	29
87	4	939	29
88	4	1408	29
89	4	1669	29
92	4	991	29
95	4	2243	29
96	4	1722	29
98	4	2191	29
99	4	1878	29
102	4	1200	29
104	4	1200	29
106	4	1304	29
107	4	782	29
108	4	991	29
109	4	2243	29
110	4	991	29
111	4	1878	29
112	4	1826	29
113	4	887	29
114	4	2243	29
116	4	1982	29
117	4	2035	29
118	4	1722	29
119	4	1774	29
120	4	1878	29
122	4	1043	29
124	4	939	29
125	4	939	29
126	4	1043	29
127	4	939	29
128	4	782	29
131	4	1252	29
132	4	887	29
133	4	1617	29
134	4	1356	29
135	4	939	29
136	4	782	29
137	4	1408	29
138	4	730	29
139	4	1043	29
141	4	1043	29
142	4	2035	29
143	4	1722	29
145	4	1617	29
146	4	1252	29
147	4	1461	29
149	4	991	29
150	4	1252	29
151	4	1930	29
152	4	1043	29
153	4	1304	29
154	4	1095	29
155	4	939	29
156	4	991	29
158	4	1304	29
159	4	782	29
160	4	1513	29
162	4	1408	29
164	4	991	29
165	4	1148	29
166	4	2295	29
167	4	1982	29
169	4	939	29
170	4	834	29
172	4	1513	29
173	4	2139	29
174	4	1565	29
175	4	1461	29
176	4	2035	29
179	4	1356	29
181	4	626	29
183	4	1461	29
185	4	1252	29
187	4	1408	29
189	4	1356	29
190	4	1774	29
192	4	1356	29
193	4	1722	29
196	4	1043	29
198	4	1304	29
199	4	939	29
200	4	1461	29
202	4	1304	29
203	4	1461	29
204	4	1408	29
205	4	1774	29
206	4	730	29
207	4	939	29
208	4	1148	29
210	4	1565	29
212	4	1722	29
215	4	1617	29
217	4	1200	29
218	4	1461	29
221	4	1513	29
222	4	2191	29
224	4	1722	29
225	4	887	29
226	4	1148	29
227	4	2035	29
228	4	1043	29
229	4	1356	29
230	4	939	29
231	4	887	29
232	4	991	29
233	4	1669	29
236	4	2035	29
240	4	991	29
241	4	1304	29
242	4	1304	29
243	4	782	29
244	4	939	29
245	4	1826	29
248	4	834	29
249	4	887	29
250	4	939	29
251	4	1565	29
253	4	2035	29
256	4	1304	29
257	4	1722	29
258	4	939	29
259	4	1043	29
260	4	1826	29
262	4	1304	29
264	4	1878	29
266	4	1513	29
267	4	939	29
268	4	1461	29
269	4	1148	29
270	4	2295	29
271	4	1252	29
272	4	991	29
277	4	2087	29
280	4	1930	29
283	4	1565	29
284	4	887	29
285	4	1565	29
286	4	1148	29
288	4	2035	29
292	4	2087	29
293	4	730	29
294	4	2191	29
295	4	2087	29
296	4	1565	29
298	4	1617	29
299	4	1043	29
300	4	2191	29
301	4	834	29
302	4	1252	29
303	4	939	29
304	4	834	29
306	4	991	29
307	4	1826	29
309	4	834	29
310	4	1200	29
312	4	1982	29
315	4	1304	29
317	4	1617	29
320	4	1669	29
321	4	887	29
322	4	1878	29
324	4	1982	29
326	4	730	29
327	4	1461	29
328	4	2139	29
330	4	1408	29
331	4	991	29
332	4	678	29
333	4	939	29
335	4	834	29
336	4	1356	29
337	4	1982	29
339	4	1878	29
340	4	1565	29
341	4	1565	29
342	4	834	29
343	4	730	29
345	4	1252	29
346	4	1148	29
347	4	1617	29
348	4	887	29
349	4	1043	29
352	4	1252	29
353	4	1617	29
354	4	939	29
356	4	1774	29
357	4	1878	29
358	4	1565	29
360	4	2191	29
361	4	1617	29
364	4	2191	29
366	4	1669	29
367	4	1982	29
368	4	730	29
369	4	1095	29
371	4	1513	29
372	4	1617	29
374	4	1982	29
376	4	2087	29
377	4	1669	29
378	4	1513	29
379	4	1565	29
381	4	2139	29
382	4	1982	29
384	4	1356	29
385	4	1826	29
387	4	1252	29
390	4	834	29
391	4	991	29
392	4	1982	29
393	4	834	29
394	4	1826	29
396	4	834	29
397	4	1565	29
399	4	1043	29
400	4	1826	29
402	4	1356	29
404	4	1930	29
405	4	1930	29
406	4	1513	29
407	4	1565	29
410	4	2035	29
411	4	887	29
412	4	834	29
413	4	834	29
414	4	1252	29
415	4	1200	29
416	4	2295	29
417	4	1617	29
418	4	1095	29
419	4	678	29
420	4	1669	29
423	4	1461	29
424	4	1148	29
425	4	1930	29
426	4	1356	29
429	4	1252	29
430	4	1617	29
431	4	887	29
432	4	1095	29
433	4	1408	29
434	4	1095	29
435	4	939	29
436	4	991	29
437	4	991	29
438	4	1095	29
440	4	2139	29
442	4	1774	29
445	4	939	29
446	4	1982	29
451	4	1252	29
452	4	2191	29
453	4	834	29
455	4	1774	29
456	4	1722	29
460	4	1930	29
461	4	834	29
462	4	1826	29
463	4	1148	29
464	4	1408	29
465	4	991	29
466	4	834	29
467	4	887	29
468	4	834	29
469	4	782	29
471	4	1774	29
472	4	1669	29
473	4	939	29
474	4	1095	29
475	4	2139	29
478	4	2243	29
481	4	1148	29
482	4	1148	29
485	4	2243	29
486	4	1669	29
487	4	939	29
489	4	834	29
490	4	1356	29
491	4	1826	29
492	4	1565	29
494	4	991	29
495	4	1356	29
496	4	1252	29
497	4	1043	29
500	4	991	29
501	4	1982	29
502	4	1617	29
503	4	782	29
508	4	991	29
512	4	1252	29
513	4	1461	29
514	4	1356	29
515	4	887	29
516	4	2035	29
517	4	1617	29
518	4	1669	29
519	4	1252	29
520	4	1878	29
521	4	1095	29
522	4	1304	29
523	4	1513	29
525	4	1095	29
527	4	678	29
528	4	782	29
529	4	939	29
530	4	1722	29
531	4	1461	29
532	4	1774	29
534	4	991	29
536	4	1878	29
537	4	1408	29
538	4	1043	29
539	4	939	29
541	4	1930	29
542	4	1722	29
543	4	1565	29
544	4	1200	29
546	4	1513	29
547	4	1252	29
549	4	1774	29
550	4	730	29
551	4	1095	29
553	4	1774	29
554	4	887	29
555	4	939	29
556	4	1461	29
558	4	991	29
559	4	1513	29
562	4	1565	29
563	4	1200	29
564	4	2035	29
565	4	1043	29
566	4	1826	29
568	4	887	29
569	4	1408	29
570	4	1669	29
571	4	939	29
575	4	782	29
576	4	1513	29
577	4	887	29
578	4	2087	29
581	4	1565	29
582	4	1878	29
583	4	834	29
584	4	1930	29
585	4	678	29
586	4	1148	29
587	4	887	29
588	4	1252	29
589	4	1252	29
590	4	1252	29
593	4	2035	29
594	4	2035	29
595	4	939	29
596	4	1461	29
598	4	834	29
599	4	991	29
604	4	1408	29
605	4	1669	29
606	4	1148	29
607	4	991	29
608	4	1252	29
611	4	1565	29
612	4	1461	29
614	4	1461	29
616	4	1461	29
620	4	939	29
621	4	1513	29
622	4	991	29
624	4	939	29
625	4	1461	29
626	4	1356	29
627	4	1408	29
628	4	1408	29
629	4	2139	29
630	4	1565	29
631	4	1304	29
632	4	939	29
634	4	1617	29
639	4	1148	29
642	4	1669	29
645	4	1461	29
646	4	1043	29
648	4	1669	29
649	4	1356	29
650	4	1982	29
652	4	1669	29
653	4	1408	29
655	4	1408	29
656	4	1617	29
658	4	939	29
659	4	1513	29
661	4	1200	29
662	4	1513	29
664	4	834	29
665	4	730	29
666	4	887	29
668	4	1826	29
669	4	1774	29
670	4	1774	29
672	4	2191	29
673	4	2087	29
674	4	1461	29
675	4	1304	29
676	4	834	29
677	4	1408	29
678	4	1826	29
680	4	1461	29
682	4	1774	29
684	4	1304	29
685	4	2191	29
688	4	2035	29
689	4	2295	29
691	4	1148	29
692	4	1148	29
693	4	1356	29
694	4	1565	29
695	4	887	29
697	4	1148	29
698	4	2087	29
699	4	1669	29
700	4	2139	29
701	4	1408	29
703	4	1043	29
705	4	1930	29
706	4	939	29
707	4	1774	29
708	4	1200	29
709	4	1304	29
710	4	1043	29
711	4	1617	29
712	4	1565	29
714	4	991	29
715	4	1774	29
716	4	887	29
717	4	1461	29
718	4	1095	29
721	4	1252	29
722	4	939	29
724	4	2295	29
725	4	1304	29
726	4	1252	29
728	4	2243	29
729	4	2139	29
730	4	1617	29
731	4	782	29
733	4	1200	29
734	4	939	29
735	4	2295	29
737	4	1252	29
738	4	1200	29
739	4	1565	29
742	4	887	29
743	4	887	29
744	4	1513	29
746	4	1774	29
750	4	2139	29
752	4	1408	29
753	4	991	29
754	4	991	29
755	4	939	29
756	4	1095	29
757	4	2191	29
758	4	887	29
761	4	1930	29
762	4	1617	29
763	4	1826	29
765	4	1826	29
766	4	2295	29
767	4	1826	29
771	4	1722	29
773	4	1774	29
774	4	1043	29
776	4	834	29
778	4	1826	29
780	4	2295	29
781	4	1095	29
782	4	2087	29
784	4	1878	29
785	4	2243	29
787	4	2087	29
788	4	1669	29
789	4	1304	29
790	4	1878	29
793	4	782	29
794	4	887	29
795	4	2243	29
798	4	1252	29
801	4	1982	29
802	4	1461	29
803	4	1304	29
804	4	1826	29
807	4	834	29
810	4	887	29
811	4	834	29
812	4	939	29
815	4	939	29
816	4	1408	29
818	4	1565	29
819	4	2087	29
820	4	2295	29
821	4	1774	29
822	4	887	29
823	4	887	29
824	4	1461	29
825	4	1565	29
826	4	1513	29
828	4	1722	29
831	4	1200	29
832	4	939	29
833	4	1774	29
834	4	1043	29
835	4	2191	29
837	4	2087	29
838	4	991	29
839	4	1826	29
840	4	782	29
842	4	1669	29
843	4	991	29
847	4	1669	29
848	4	939	29
850	4	991	29
853	4	2191	29
854	4	1356	29
858	4	1461	29
861	4	991	29
862	4	2295	29
863	4	1200	29
864	4	991	29
865	4	1722	29
866	4	939	29
867	4	1669	29
868	4	1722	29
869	4	1461	29
870	4	1669	29
871	4	1461	29
873	4	991	29
875	4	1565	29
877	4	887	29
878	4	2035	29
879	4	1982	29
880	4	782	29
882	4	1722	29
884	4	991	29
885	4	991	29
886	4	2295	29
887	4	1669	29
890	4	1617	29
891	4	2087	29
892	4	2191	29
895	4	1930	29
897	4	1148	29
898	4	991	29
899	4	887	29
900	4	1826	29
901	4	834	29
902	4	1304	29
903	4	1200	29
905	4	2035	29
908	4	991	29
910	4	1722	29
912	4	939	29
913	4	1826	29
914	4	1252	29
915	4	1617	29
916	4	1095	29
917	4	1982	29
918	4	1669	29
922	4	1878	29
924	4	991	29
926	4	1304	29
927	4	1513	29
929	4	1408	29
931	4	887	29
932	4	1722	29
933	4	1617	29
934	4	1774	29
935	4	1774	29
936	4	2139	29
937	4	2035	29
938	4	1565	29
940	4	1148	29
941	4	782	29
942	4	887	29
944	4	1826	29
946	4	1200	29
947	4	887	29
948	4	991	29
949	4	887	29
950	4	887	29
953	4	991	29
954	4	887	29
960	4	1513	29
961	4	1461	29
963	4	1930	29
964	4	939	29
965	4	1982	29
966	4	939	29
968	4	1878	29
969	4	1408	29
971	4	1304	29
972	4	834	29
973	4	991	29
976	4	1356	29
978	4	1252	29
979	4	1774	29
981	4	1461	29
983	4	991	29
984	4	1513	29
985	4	1565	29
988	4	1982	29
989	4	782	29
995	4	887	29
998	4	1095	29
0	5	834	29
1	5	834	29
3	5	1565	29
4	5	1148	29
5	5	887	29
6	5	1826	29
7	5	1408	29
8	5	1148	29
10	5	887	29
14	5	730	29
15	5	939	29
16	5	1148	29
17	5	834	29
18	5	1565	29
20	5	1513	29
21	5	834	29
22	5	1774	29
23	5	939	29
24	5	782	29
26	5	1408	29
27	5	991	29
28	5	1304	29
29	5	2035	29
30	5	1722	29
31	5	2035	29
32	5	1356	29
33	5	2035	29
34	5	1461	29
35	5	887	29
36	5	1565	29
37	5	2243	29
39	5	1461	29
40	5	626	29
41	5	1461	29
42	5	1356	29
43	5	1200	29
45	5	1461	29
46	5	991	29
47	5	1722	29
49	5	1043	29
53	5	1043	29
57	5	730	29
58	5	1095	29
59	5	991	29
62	5	1148	29
63	5	1095	29
65	5	1617	29
66	5	1774	29
67	5	1200	29
69	5	1461	29
71	5	1461	29
75	5	1617	29
79	5	1878	29
80	5	1565	29
81	5	1982	29
82	5	1982	29
84	5	1982	29
86	5	2035	29
87	5	939	29
88	5	1408	29
89	5	1669	29
92	5	991	29
95	5	2243	29
96	5	1722	29
98	5	2191	29
99	5	1878	29
102	5	1200	29
104	5	1200	29
106	5	1304	29
107	5	782	29
108	5	991	29
109	5	2243	29
110	5	991	29
111	5	1878	29
112	5	1826	29
113	5	887	29
114	5	2243	29
116	5	1982	29
117	5	2035	29
118	5	1722	29
119	5	1774	29
120	5	1878	29
122	5	1043	29
124	5	939	29
125	5	939	29
126	5	1043	29
127	5	939	29
128	5	782	29
131	5	1252	29
132	5	887	29
133	5	1617	29
134	5	1356	29
135	5	939	29
136	5	782	29
137	5	1408	29
138	5	730	29
139	5	1043	29
141	5	1043	29
142	5	2035	29
143	5	1722	29
145	5	1617	29
146	5	1252	29
147	5	1461	29
149	5	991	29
150	5	1252	29
151	5	1930	29
152	5	1043	29
153	5	1304	29
154	5	1095	29
155	5	939	29
156	5	991	29
158	5	1304	29
159	5	782	29
160	5	1513	29
162	5	1408	29
164	5	991	29
165	5	1148	29
166	5	2295	29
167	5	1982	29
169	5	939	29
170	5	834	29
172	5	1513	29
173	5	2139	29
174	5	1565	29
175	5	1461	29
176	5	2035	29
179	5	1356	29
181	5	626	29
183	5	1461	29
185	5	1252	29
187	5	1408	29
189	5	1356	29
190	5	1774	29
192	5	1356	29
193	5	1722	29
196	5	1043	29
198	5	1304	29
199	5	939	29
200	5	1461	29
202	5	1304	29
203	5	1461	29
204	5	1408	29
205	5	1774	29
206	5	730	29
207	5	939	29
208	5	1148	29
210	5	1565	29
212	5	1722	29
215	5	1617	29
217	5	1200	29
218	5	1461	29
221	5	1513	29
222	5	2191	29
224	5	1722	29
225	5	887	29
226	5	1148	29
227	5	2035	29
228	5	1043	29
229	5	1356	29
230	5	939	29
231	5	887	29
232	5	991	29
233	5	1669	29
236	5	2035	29
240	5	991	29
241	5	1304	29
242	5	1304	29
243	5	782	29
244	5	939	29
245	5	1826	29
248	5	834	29
249	5	887	29
250	5	939	29
251	5	1565	29
253	5	2035	29
256	5	1304	29
257	5	1722	29
258	5	939	29
259	5	1043	29
260	5	1826	29
262	5	1304	29
264	5	1878	29
266	5	1513	29
267	5	939	29
268	5	1461	29
269	5	1148	29
270	5	2295	29
271	5	1252	29
272	5	991	29
277	5	2087	29
280	5	1930	29
283	5	1565	29
284	5	887	29
285	5	1565	29
286	5	1148	29
288	5	2035	29
292	5	2087	29
293	5	730	29
294	5	2191	29
295	5	2087	29
296	5	1565	29
298	5	1617	29
299	5	1043	29
300	5	2191	29
301	5	834	29
302	5	1252	29
303	5	939	29
304	5	834	29
306	5	991	29
307	5	1826	29
309	5	834	29
310	5	1200	29
312	5	1982	29
315	5	1304	29
317	5	1617	29
320	5	1669	29
321	5	887	29
322	5	1878	29
324	5	1982	29
326	5	730	29
327	5	1461	29
328	5	2139	29
330	5	1408	29
331	5	991	29
332	5	678	29
333	5	939	29
335	5	834	29
336	5	1356	29
337	5	1982	29
339	5	1878	29
340	5	1565	29
341	5	1565	29
342	5	834	29
343	5	730	29
345	5	1252	29
346	5	1148	29
347	5	1617	29
348	5	887	29
349	5	1043	29
352	5	1252	29
353	5	1617	29
354	5	939	29
356	5	1774	29
357	5	1878	29
358	5	1565	29
360	5	2191	29
361	5	1617	29
364	5	2191	29
366	5	1669	29
367	5	1982	29
368	5	730	29
369	5	1095	29
371	5	1513	29
372	5	1617	29
374	5	1982	29
376	5	2087	29
377	5	1669	29
378	5	1513	29
379	5	1565	29
381	5	2139	29
382	5	1982	29
384	5	1356	29
385	5	1826	29
387	5	1252	29
390	5	834	29
391	5	991	29
392	5	1982	29
393	5	834	29
394	5	1826	29
396	5	834	29
397	5	1565	29
399	5	1043	29
400	5	1826	29
402	5	1356	29
404	5	1930	29
405	5	1930	29
406	5	1513	29
407	5	1565	29
410	5	2035	29
411	5	887	29
412	5	834	29
413	5	834	29
414	5	1252	29
415	5	1200	29
416	5	2295	29
417	5	1617	29
418	5	1095	29
419	5	678	29
420	5	1669	29
423	5	1461	29
424	5	1148	29
425	5	1930	29
426	5	1356	29
429	5	1252	29
430	5	1617	29
431	5	887	29
432	5	1095	29
433	5	1408	29
434	5	1095	29
435	5	939	29
436	5	991	29
437	5	991	29
438	5	1095	29
440	5	2139	29
442	5	1774	29
445	5	939	29
446	5	1982	29
451	5	1252	29
452	5	2191	29
453	5	834	29
455	5	1774	29
456	5	1722	29
460	5	1930	29
461	5	834	29
462	5	1826	29
463	5	1148	29
464	5	1408	29
465	5	991	29
466	5	834	29
467	5	887	29
468	5	834	29
469	5	782	29
471	5	1774	29
472	5	1669	29
473	5	939	29
474	5	1095	29
475	5	2139	29
478	5	2243	29
481	5	1148	29
482	5	1148	29
485	5	2243	29
486	5	1669	29
487	5	939	29
489	5	834	29
490	5	1356	29
491	5	1826	29
492	5	1565	29
494	5	991	29
495	5	1356	29
496	5	1252	29
497	5	1043	29
500	5	991	29
501	5	1982	29
502	5	1617	29
503	5	782	29
508	5	991	29
512	5	1252	29
513	5	1461	29
514	5	1356	29
515	5	887	29
516	5	2035	29
517	5	1617	29
518	5	1669	29
519	5	1252	29
520	5	1878	29
521	5	1095	29
522	5	1304	29
523	5	1513	29
525	5	1095	29
527	5	678	29
528	5	782	29
529	5	939	29
530	5	1722	29
531	5	1461	29
532	5	1774	29
534	5	991	29
536	5	1878	29
537	5	1408	29
538	5	1043	29
539	5	939	29
541	5	1930	29
542	5	1722	29
543	5	1565	29
544	5	1200	29
546	5	1513	29
547	5	1252	29
549	5	1774	29
550	5	730	29
551	5	1095	29
553	5	1774	29
554	5	887	29
555	5	939	29
556	5	1461	29
558	5	991	29
559	5	1513	29
562	5	1565	29
563	5	1200	29
564	5	2035	29
565	5	1043	29
566	5	1826	29
568	5	887	29
569	5	1408	29
570	5	1669	29
571	5	939	29
575	5	782	29
576	5	1513	29
577	5	887	29
578	5	2087	29
581	5	1565	29
582	5	1878	29
583	5	834	29
584	5	1930	29
585	5	678	29
586	5	1148	29
587	5	887	29
588	5	1252	29
589	5	1252	29
590	5	1252	29
593	5	2035	29
594	5	2035	29
595	5	939	29
596	5	1461	29
598	5	834	29
599	5	991	29
604	5	1408	29
605	5	1669	29
606	5	1148	29
607	5	991	29
608	5	1252	29
611	5	1565	29
612	5	1461	29
614	5	1461	29
616	5	1461	29
620	5	939	29
621	5	1513	29
622	5	991	29
624	5	939	29
625	5	1461	29
626	5	1356	29
627	5	1408	29
628	5	1408	29
629	5	2139	29
630	5	1565	29
631	5	1304	29
632	5	939	29
634	5	1617	29
639	5	1148	29
642	5	1669	29
645	5	1461	29
646	5	1043	29
648	5	1669	29
649	5	1356	29
650	5	1982	29
652	5	1669	29
653	5	1408	29
655	5	1408	29
656	5	1617	29
658	5	939	29
659	5	1513	29
661	5	1200	29
662	5	1513	29
664	5	834	29
665	5	730	29
666	5	887	29
668	5	1826	29
669	5	1774	29
670	5	1774	29
672	5	2191	29
673	5	2087	29
674	5	1461	29
675	5	1304	29
676	5	834	29
677	5	1408	29
678	5	1826	29
680	5	1461	29
682	5	1774	29
684	5	1304	29
685	5	2191	29
688	5	2035	29
689	5	2295	29
691	5	1148	29
692	5	1148	29
693	5	1356	29
694	5	1565	29
695	5	887	29
697	5	1148	29
698	5	2087	29
699	5	1669	29
700	5	2139	29
701	5	1408	29
703	5	1043	29
705	5	1930	29
706	5	939	29
707	5	1774	29
708	5	1200	29
709	5	1304	29
710	5	1043	29
711	5	1617	29
712	5	1565	29
714	5	991	29
715	5	1774	29
716	5	887	29
717	5	1461	29
718	5	1095	29
721	5	1252	29
722	5	939	29
724	5	2295	29
725	5	1304	29
726	5	1252	29
728	5	2243	29
729	5	2139	29
730	5	1617	29
731	5	782	29
733	5	1200	29
734	5	939	29
735	5	2295	29
737	5	1252	29
738	5	1200	29
739	5	1565	29
742	5	887	29
743	5	887	29
744	5	1513	29
746	5	1774	29
750	5	2139	29
752	5	1408	29
753	5	991	29
754	5	991	29
755	5	939	29
756	5	1095	29
757	5	2191	29
758	5	887	29
761	5	1930	29
762	5	1617	29
763	5	1826	29
765	5	1826	29
766	5	2295	29
767	5	1826	29
771	5	1722	29
773	5	1774	29
774	5	1043	29
776	5	834	29
778	5	1826	29
780	5	2295	29
781	5	1095	29
782	5	2087	29
784	5	1878	29
785	5	2243	29
787	5	2087	29
788	5	1669	29
789	5	1304	29
790	5	1878	29
793	5	782	29
794	5	887	29
795	5	2243	29
798	5	1252	29
801	5	1982	29
802	5	1461	29
803	5	1304	29
804	5	1826	29
807	5	834	29
810	5	887	29
811	5	834	29
812	5	939	29
815	5	939	29
816	5	1408	29
818	5	1565	29
819	5	2087	29
820	5	2295	29
821	5	1774	29
822	5	887	29
823	5	887	29
824	5	1461	29
825	5	1565	29
826	5	1513	29
828	5	1722	29
831	5	1200	29
832	5	939	29
833	5	1774	29
834	5	1043	29
835	5	2191	29
837	5	2087	29
838	5	991	29
839	5	1826	29
840	5	782	29
842	5	1669	29
843	5	991	29
847	5	1669	29
848	5	939	29
850	5	991	29
853	5	2191	29
854	5	1356	29
858	5	1461	29
861	5	991	29
862	5	2295	29
863	5	1200	29
864	5	991	29
865	5	1722	29
866	5	939	29
867	5	1669	29
868	5	1722	29
869	5	1461	29
870	5	1669	29
871	5	1461	29
873	5	991	29
875	5	1565	29
877	5	887	29
878	5	2035	29
879	5	1982	29
880	5	782	29
882	5	1722	29
884	5	991	29
885	5	991	29
886	5	2295	29
887	5	1669	29
890	5	1617	29
891	5	2087	29
892	5	2191	29
895	5	1930	29
897	5	1148	29
898	5	991	29
899	5	887	29
900	5	1826	29
901	5	834	29
902	5	1304	29
903	5	1200	29
905	5	2035	29
908	5	991	29
910	5	1722	29
912	5	939	29
913	5	1826	29
914	5	1252	29
915	5	1617	29
916	5	1095	29
917	5	1982	29
918	5	1669	29
922	5	1878	29
924	5	991	29
926	5	1304	29
927	5	1513	29
929	5	1408	29
931	5	887	29
932	5	1722	29
933	5	1617	29
934	5	1774	29
935	5	1774	29
936	5	2139	29
937	5	2035	29
938	5	1565	29
940	5	1148	29
941	5	782	29
942	5	887	29
944	5	1826	29
946	5	1200	29
947	5	887	29
948	5	991	29
949	5	887	29
950	5	887	29
953	5	991	29
954	5	887	29
960	5	1513	29
961	5	1461	29
963	5	1930	29
964	5	939	29
965	5	1982	29
966	5	939	29
968	5	1878	29
969	5	1408	29
971	5	1304	29
972	5	834	29
973	5	991	29
976	5	1356	29
978	5	1252	29
979	5	1774	29
981	5	1461	29
983	5	991	29
984	5	1513	29
985	5	1565	29
988	5	1982	29
989	5	782	29
995	5	887	29
998	5	1095	29
