Realization	utility	week	infra.
0	0	887	29
1	0	939	29
10	0	939	29
14	0	939	29
17	0	991	29
18	0	939	29
21	0	939	29
40	0	887	29
57	0	939	29
87	0	939	29
107	0	939	29
110	0	991	29
113	0	1043	29
122	0	991	29
126	0	939	29
128	0	939	29
132	0	939	29
135	0	939	29
136	0	939	29
138	0	887	29
139	0	991	29
139	0	2243	30
141	0	991	29
149	0	1043	29
155	0	939	29
159	0	939	29
164	0	991	29
170	0	991	29
196	0	991	29
199	0	939	29
206	0	887	29
206	0	2087	30
207	0	991	29
210	0	1043	29
225	0	939	29
226	0	1095	29
228	0	991	29
230	0	939	29
231	0	939	29
243	0	887	29
244	0	991	29
248	0	939	29
249	0	939	29
250	0	991	29
258	0	939	29
267	0	887	29
284	0	1043	29
286	0	939	29
293	0	939	29
301	0	1043	29
303	0	991	29
306	0	991	29
309	0	991	29
321	0	991	29
326	0	991	29
333	0	887	29
335	0	887	29
342	0	1095	29
343	0	834	29
348	0	1043	29
354	0	939	29
364	0	991	29
368	0	887	29
390	0	939	29
393	0	991	29
396	0	834	29
411	0	939	29
412	0	939	29
412	0	2295	30
413	0	834	29
415	0	939	29
424	0	1043	29
428	0	1043	29
431	0	626	29
432	0	1043	29
436	0	1043	29
445	0	887	29
453	0	991	29
461	0	887	29
466	0	939	29
468	0	991	29
469	0	834	29
487	0	939	29
489	0	939	29
497	0	1043	29
500	0	887	29
503	0	939	29
508	0	1148	29
515	0	887	29
521	0	1095	29
527	0	939	29
528	0	939	29
529	0	991	29
534	0	991	29
538	0	1043	29
539	0	939	29
550	0	1043	29
551	0	1043	29
554	0	887	29
555	0	1043	29
565	0	991	29
568	0	834	29
571	0	887	29
575	0	887	29
577	0	991	29
583	0	1095	29
585	0	939	29
587	0	939	29
598	0	834	29
599	0	834	29
622	0	939	29
632	0	887	29
666	0	939	29
667	0	991	29
695	0	887	29
706	0	939	29
714	0	1043	29
716	0	939	29
722	0	939	29
731	0	834	29
742	0	939	29
755	0	887	29
756	0	1043	29
758	0	939	29
765	0	887	29
776	0	834	29
793	0	939	29
794	0	991	29
807	0	939	29
810	0	1043	29
811	0	991	29
812	0	1043	29
815	0	1043	29
822	0	939	29
823	0	939	29
840	0	939	29
843	0	1095	29
848	0	939	29
864	0	991	29
866	0	991	29
873	0	991	29
877	0	939	29
880	0	991	29
896	0	939	29
901	0	991	29
931	0	834	29
942	0	887	29
947	0	1043	29
949	0	834	29
950	0	991	29
954	0	991	29
972	0	939	29
978	0	1043	29
983	0	991	29
995	0	887	29
0	1	887	29
1	1	939	29
3	1	2295	19
4	1	1252	19
6	1	1878	19
7	1	1461	19
8	1	1408	19
10	1	939	29
14	1	939	29
15	1	2191	19
16	1	1669	19
17	1	991	29
18	1	939	29
20	1	1774	19
21	1	939	29
23	1	1617	19
24	1	1461	19
27	1	1722	19
28	1	1461	19
30	1	1826	19
32	1	1513	19
34	1	1669	19
35	1	1930	19
40	1	887	29
41	1	1774	19
42	1	1565	19
43	1	1461	19
45	1	1513	19
49	1	1513	19
53	1	1252	19
57	1	939	29
58	1	1408	19
59	1	1461	19
62	1	1408	19
63	1	1513	19
65	1	1722	19
67	1	1461	19
75	1	1565	19
79	1	2243	19
84	1	2139	19
87	1	939	29
88	1	1408	19
89	1	1774	19
92	1	1826	19
96	1	1617	19
102	1	2139	19
104	1	1617	19
106	1	1408	19
107	1	939	29
110	1	991	29
113	1	1043	29
116	1	2191	19
118	1	1669	19
122	1	991	29
125	1	1356	19
126	1	939	29
127	1	1617	19
128	1	939	29
131	1	1513	19
132	1	939	29
135	1	939	29
136	1	939	29
137	1	1722	19
138	1	887	29
139	1	991	29
139	1	2243	30
141	1	991	29
143	1	2087	19
146	1	1617	19
147	1	1669	19
149	1	1043	29
150	1	1669	19
152	1	1304	19
154	1	1252	19
155	1	939	29
156	1	1252	19
158	1	1461	19
159	1	939	29
162	1	1617	19
164	1	991	29
165	1	1304	19
170	1	991	29
172	1	1774	19
174	1	1826	19
175	1	1669	19
179	1	1617	19
183	1	1617	19
185	1	1356	19
187	1	1722	19
189	1	1356	19
192	1	1304	19
193	1	1826	19
196	1	991	29
198	1	1617	19
199	1	939	29
200	1	1826	19
202	1	1565	19
204	1	1669	19
206	1	887	29
206	1	2087	30
207	1	991	29
208	1	1513	19
210	1	1043	29
212	1	1722	19
217	1	1774	19
218	1	1617	19
221	1	1669	19
224	1	1774	19
225	1	939	29
226	1	1095	29
227	1	2191	19
228	1	991	29
229	1	1408	19
230	1	939	29
231	1	939	29
232	1	1252	19
233	1	1774	19
240	1	1356	19
241	1	1774	19
242	1	1513	19
243	1	887	29
244	1	991	29
248	1	939	29
249	1	939	29
250	1	991	29
251	1	1930	19
256	1	1722	19
258	1	939	29
259	1	2087	19
260	1	2191	19
262	1	1565	19
266	1	1722	19
267	1	887	29
268	1	1669	19
269	1	1356	19
271	1	1513	19
272	1	1200	19
283	1	2035	19
284	1	1043	29
285	1	1774	19
286	1	939	29
293	1	939	29
295	1	2139	19
296	1	1669	19
298	1	1669	19
301	1	1043	29
302	1	1669	19
303	1	991	29
306	1	991	29
309	1	991	29
310	1	1356	19
315	1	1304	19
317	1	1826	19
320	1	1774	19
321	1	991	29
322	1	2191	19
326	1	991	29
327	1	1774	19
330	1	1408	19
332	1	1461	19
333	1	887	29
335	1	887	29
336	1	1826	19
340	1	1774	19
341	1	2295	19
342	1	1095	29
343	1	834	29
345	1	1408	19
346	1	1461	19
347	1	1617	19
348	1	1043	29
349	1	1200	19
352	1	1565	19
353	1	1565	19
354	1	939	29
356	1	2295	19
357	1	1774	19
358	1	1722	19
361	1	1461	19
364	1	991	29
366	1	1722	19
367	1	2243	19
368	1	887	29
369	1	1408	19
378	1	1774	19
379	1	1461	19
381	1	2087	19
382	1	2087	19
384	1	1722	19
387	1	1252	19
390	1	939	29
391	1	1617	19
392	1	2191	19
393	1	991	29
394	1	1774	19
396	1	834	29
397	1	1826	19
399	1	1617	19
400	1	1774	19
402	1	1513	19
404	1	2087	19
405	1	2087	19
406	1	1461	19
407	1	1722	19
411	1	939	29
412	1	939	29
412	1	2295	30
413	1	834	29
414	1	1617	19
415	1	939	29
417	1	2035	19
418	1	1304	19
419	1	1461	19
420	1	1774	19
423	1	1565	19
424	1	1043	29
425	1	2191	19
426	1	1669	19
428	1	1043	29
429	1	1565	19
431	1	626	29
432	1	1043	29
433	1	1826	19
434	1	1200	19
435	1	1252	19
436	1	1043	29
437	1	2191	19
438	1	1461	19
442	1	1826	19
445	1	887	29
451	1	1565	19
452	1	2087	19
453	1	991	29
455	1	1774	19
460	1	2087	19
461	1	887	29
462	1	1826	19
463	1	1304	19
464	1	1826	19
466	1	939	29
467	1	2035	19
468	1	991	29
469	1	834	29
473	1	1826	19
474	1	1200	19
481	1	1200	19
486	1	1774	19
487	1	939	29
489	1	939	29
490	1	1513	19
491	1	2087	19
492	1	1565	19
495	1	1565	19
496	1	1304	19
497	1	1043	29
500	1	887	29
502	1	1722	19
503	1	939	29
508	1	1148	29
512	1	1565	19
514	1	2295	19
515	1	887	29
518	1	1722	19
519	1	1513	19
521	1	1095	29
522	1	1408	19
523	1	1722	19
525	1	1304	19
527	1	939	29
528	1	939	29
529	1	991	29
530	1	1617	19
531	1	1669	19
534	1	991	29
537	1	1826	19
538	1	1043	29
539	1	939	29
541	1	2295	19
543	1	1617	19
544	1	1200	19
546	1	1774	19
547	1	1304	19
550	1	1043	29
551	1	1043	29
554	1	887	29
555	1	1043	29
556	1	1617	19
559	1	1513	19
562	1	1774	19
563	1	1617	19
565	1	991	29
568	1	834	29
569	1	1722	19
570	1	1826	19
571	1	887	29
575	1	887	29
576	1	1774	19
577	1	991	29
581	1	1774	19
582	1	1878	19
583	1	1095	29
584	1	2243	19
585	1	939	29
586	1	1461	19
587	1	939	29
588	1	1722	19
589	1	1461	19
594	1	2035	19
595	1	1252	19
596	1	1461	19
598	1	834	29
599	1	834	29
604	1	1669	19
606	1	1565	19
607	1	1513	19
608	1	1461	19
612	1	1826	19
620	1	2243	19
621	1	1617	19
622	1	939	29
624	1	1669	19
625	1	1669	19
626	1	1356	19
627	1	1722	19
628	1	1565	19
630	1	1774	19
631	1	1565	19
632	1	887	29
639	1	1304	19
645	1	1513	19
646	1	1200	19
649	1	1356	19
650	1	2139	19
652	1	1774	19
653	1	1461	19
655	1	2295	19
658	1	1408	19
661	1	1669	19
662	1	1408	19
664	1	1252	19
666	1	939	29
667	1	991	29
668	1	1826	19
669	1	1930	19
670	1	1722	19
674	1	1513	19
676	1	1200	19
677	1	1565	19
680	1	1774	19
684	1	1461	19
685	1	2295	19
691	1	1356	19
692	1	1356	19
693	1	1461	19
694	1	2191	19
695	1	887	29
697	1	1565	19
699	1	1774	19
701	1	1513	19
703	1	1513	19
705	1	2139	19
706	1	939	29
709	1	1408	19
710	1	1252	19
711	1	2035	19
714	1	1043	29
716	1	939	29
717	1	1617	19
718	1	1200	19
721	1	1878	19
722	1	939	29
725	1	1513	19
726	1	1565	19
730	1	1617	19
731	1	834	29
733	1	1252	19
734	1	1669	19
737	1	1565	19
738	1	1408	19
739	1	1826	19
741	1	1669	19
742	1	939	29
743	1	2035	19
744	1	1826	19
752	1	2035	19
753	1	1304	19
754	1	1513	19
755	1	887	29
756	1	1043	29
758	1	939	29
762	1	1513	19
765	1	887	29
767	1	1826	19
771	1	1669	19
774	1	1200	19
776	1	834	29
778	1	2243	19
781	1	1617	19
784	1	2295	19
788	1	1461	19
789	1	1722	19
793	1	939	29
794	1	991	29
801	1	2191	19
802	1	1722	19
803	1	1252	19
804	1	2295	19
807	1	939	29
810	1	1043	29
811	1	991	29
812	1	1043	29
815	1	1043	29
816	1	1774	19
818	1	2087	19
822	1	939	29
823	1	939	29
824	1	1617	19
825	1	1774	19
826	1	1565	19
828	1	1826	19
831	1	1356	19
832	1	1200	19
834	1	1356	19
838	1	1304	19
840	1	939	29
842	1	1878	19
843	1	1095	29
847	1	2035	19
848	1	939	29
850	1	1200	19
854	1	1565	19
858	1	1669	19
863	1	1200	19
864	1	991	29
866	1	991	29
869	1	1774	19
873	1	991	29
875	1	1774	19
877	1	939	29
880	1	991	29
882	1	1565	19
884	1	2139	19
885	1	1200	19
890	1	2191	19
895	1	2035	19
896	1	939	29
897	1	1461	19
898	1	1252	19
899	1	1252	19
901	1	991	29
902	1	1617	19
903	1	1408	19
908	1	1617	19
914	1	1565	19
916	1	1304	19
922	1	1982	19
924	1	1304	19
926	1	1461	19
927	1	1669	19
931	1	834	29
932	1	1722	19
933	1	1826	19
934	1	1722	19
935	1	1722	19
938	1	2243	19
940	1	1565	19
941	1	1200	19
942	1	887	29
944	1	1826	19
946	1	2191	19
947	1	1043	29
948	1	1565	19
949	1	834	29
950	1	991	29
953	1	1461	19
954	1	991	29
960	1	1461	19
961	1	1774	19
964	1	1252	19
966	1	2087	19
969	1	1826	19
971	1	1565	19
972	1	939	29
976	1	1513	19
978	1	1043	29
979	1	2295	19
981	1	1565	19
983	1	991	29
984	1	1565	19
985	1	1669	19
988	1	2191	19
989	1	2087	19
995	1	887	29
998	1	1304	19
0	2	261	26
1	2	261	26
2	2	261	26
3	2	261	26
4	2	261	26
5	2	261	26
6	2	261	26
7	2	261	26
8	2	261	26
9	2	261	26
10	2	261	26
11	2	261	26
12	2	261	26
13	2	261	26
14	2	261	26
15	2	261	26
16	2	261	26
17	2	261	26
18	2	261	26
19	2	261	26
20	2	261	26
21	2	261	26
22	2	261	26
23	2	261	26
24	2	261	26
25	2	261	26
26	2	261	26
27	2	261	26
28	2	261	26
29	2	261	26
30	2	261	26
31	2	261	26
32	2	261	26
33	2	261	26
34	2	261	26
35	2	261	26
36	2	261	26
37	2	261	26
38	2	261	26
39	2	261	26
40	2	261	26
41	2	261	26
42	2	261	26
43	2	261	26
44	2	261	26
45	2	261	26
46	2	261	26
47	2	261	26
48	2	261	26
49	2	261	26
50	2	261	26
51	2	261	26
52	2	261	26
53	2	261	26
54	2	261	26
55	2	261	26
56	2	261	26
57	2	261	26
58	2	261	26
59	2	261	26
60	2	261	26
61	2	261	26
62	2	261	26
63	2	261	26
64	2	261	26
65	2	261	26
66	2	261	26
67	2	261	26
68	2	261	26
69	2	261	26
70	2	261	26
71	2	261	26
72	2	261	26
73	2	261	26
74	2	261	26
75	2	261	26
76	2	261	26
77	2	261	26
78	2	261	26
79	2	261	26
80	2	261	26
81	2	261	26
82	2	261	26
83	2	261	26
84	2	261	26
85	2	261	26
86	2	261	26
87	2	261	26
88	2	261	26
89	2	261	26
90	2	261	26
91	2	261	26
92	2	261	26
93	2	261	26
94	2	261	26
95	2	261	26
96	2	261	26
97	2	261	26
98	2	261	26
99	2	261	26
100	2	261	26
101	2	261	26
102	2	261	26
103	2	261	26
104	2	261	26
105	2	261	26
106	2	261	26
107	2	261	26
108	2	261	26
109	2	261	26
110	2	261	26
111	2	261	26
112	2	261	26
113	2	261	26
114	2	261	26
115	2	261	26
116	2	261	26
117	2	261	26
118	2	261	26
119	2	261	26
120	2	261	26
121	2	261	26
122	2	261	26
123	2	261	26
124	2	261	26
125	2	261	26
126	2	261	26
127	2	261	26
128	2	261	26
129	2	261	26
130	2	261	26
131	2	261	26
132	2	261	26
133	2	261	26
134	2	261	26
135	2	261	26
136	2	261	26
137	2	261	26
138	2	261	26
139	2	261	26
140	2	261	26
141	2	261	26
142	2	261	26
143	2	261	26
144	2	261	26
145	2	261	26
146	2	261	26
147	2	261	26
148	2	261	26
149	2	261	26
150	2	261	26
151	2	261	26
152	2	261	26
153	2	261	26
154	2	261	26
155	2	261	26
156	2	261	26
157	2	261	26
158	2	261	26
159	2	261	26
160	2	261	26
161	2	261	26
162	2	261	26
163	2	261	26
164	2	261	26
165	2	261	26
166	2	261	26
167	2	261	26
168	2	261	26
169	2	261	26
170	2	261	26
171	2	261	26
172	2	261	26
173	2	261	26
174	2	261	26
175	2	261	26
176	2	261	26
177	2	261	26
178	2	261	26
179	2	261	26
180	2	261	26
181	2	261	26
182	2	261	26
183	2	261	26
184	2	261	26
185	2	261	26
186	2	261	26
187	2	261	26
188	2	261	26
189	2	261	26
190	2	261	26
191	2	261	26
192	2	261	26
193	2	261	26
194	2	261	26
195	2	261	26
196	2	261	26
197	2	261	26
198	2	261	26
199	2	261	26
200	2	261	26
201	2	261	26
202	2	261	26
203	2	261	26
204	2	261	26
205	2	261	26
206	2	261	26
207	2	261	26
208	2	261	26
209	2	261	26
210	2	261	26
211	2	261	26
212	2	261	26
213	2	261	26
214	2	261	26
215	2	261	26
216	2	261	26
217	2	261	26
218	2	261	26
219	2	261	26
220	2	261	26
221	2	261	26
222	2	261	26
223	2	261	26
224	2	261	26
225	2	261	26
226	2	261	26
227	2	261	26
228	2	261	26
229	2	261	26
230	2	261	26
231	2	261	26
232	2	261	26
233	2	261	26
234	2	261	26
235	2	261	26
236	2	261	26
237	2	261	26
238	2	261	26
239	2	261	26
240	2	261	26
241	2	261	26
242	2	261	26
243	2	261	26
244	2	261	26
245	2	261	26
246	2	261	26
247	2	261	26
248	2	261	26
249	2	261	26
250	2	261	26
251	2	261	26
252	2	261	26
253	2	261	26
254	2	261	26
255	2	261	26
256	2	261	26
257	2	261	26
258	2	261	26
259	2	261	26
260	2	261	26
261	2	261	26
262	2	261	26
263	2	261	26
264	2	261	26
265	2	261	26
266	2	261	26
267	2	261	26
268	2	261	26
269	2	261	26
270	2	261	26
271	2	261	26
272	2	261	26
273	2	261	26
274	2	261	26
275	2	261	26
276	2	261	26
277	2	261	26
278	2	261	26
279	2	261	26
280	2	261	26
281	2	261	26
282	2	261	26
283	2	261	26
284	2	261	26
285	2	261	26
286	2	261	26
287	2	261	26
288	2	261	26
289	2	261	26
290	2	261	26
291	2	261	26
292	2	261	26
293	2	261	26
294	2	261	26
295	2	261	26
296	2	261	26
297	2	261	26
298	2	261	26
299	2	261	26
300	2	261	26
301	2	261	26
302	2	261	26
303	2	261	26
304	2	261	26
305	2	261	26
306	2	261	26
307	2	261	26
308	2	261	26
309	2	261	26
310	2	261	26
311	2	261	26
312	2	261	26
313	2	261	26
314	2	261	26
315	2	261	26
316	2	261	26
317	2	261	26
318	2	261	26
319	2	261	26
320	2	261	26
321	2	261	26
322	2	261	26
323	2	261	26
324	2	261	26
325	2	261	26
326	2	261	26
327	2	261	26
328	2	261	26
329	2	261	26
330	2	261	26
331	2	261	26
332	2	261	26
333	2	261	26
334	2	261	26
335	2	261	26
336	2	261	26
337	2	261	26
338	2	261	26
339	2	261	26
340	2	261	26
341	2	261	26
342	2	261	26
343	2	261	26
344	2	261	26
345	2	261	26
346	2	261	26
347	2	261	26
348	2	261	26
349	2	261	26
350	2	261	26
351	2	261	26
352	2	261	26
353	2	261	26
354	2	261	26
355	2	261	26
356	2	261	26
357	2	261	26
358	2	261	26
359	2	261	26
360	2	261	26
361	2	261	26
362	2	261	26
363	2	261	26
364	2	261	26
365	2	261	26
366	2	261	26
367	2	261	26
368	2	261	26
369	2	261	26
370	2	261	26
371	2	261	26
372	2	261	26
373	2	261	26
374	2	261	26
375	2	261	26
376	2	261	26
377	2	261	26
378	2	261	26
379	2	261	26
380	2	261	26
381	2	261	26
382	2	261	26
383	2	261	26
384	2	261	26
385	2	261	26
386	2	261	26
387	2	261	26
388	2	261	26
389	2	261	26
390	2	261	26
391	2	261	26
392	2	261	26
393	2	261	26
394	2	261	26
395	2	261	26
396	2	261	26
397	2	261	26
398	2	261	26
399	2	261	26
400	2	261	26
401	2	261	26
402	2	261	26
403	2	261	26
404	2	261	26
405	2	261	26
406	2	261	26
407	2	261	26
408	2	261	26
409	2	261	26
410	2	261	26
411	2	261	26
412	2	261	26
413	2	261	26
414	2	261	26
415	2	261	26
416	2	261	26
417	2	261	26
418	2	261	26
419	2	261	26
420	2	261	26
421	2	261	26
422	2	261	26
423	2	261	26
424	2	261	26
425	2	261	26
426	2	261	26
427	2	261	26
428	2	261	26
429	2	261	26
430	2	261	26
431	2	261	26
432	2	261	26
433	2	261	26
434	2	261	26
435	2	261	26
436	2	261	26
437	2	261	26
438	2	261	26
439	2	261	26
440	2	261	26
441	2	261	26
442	2	261	26
443	2	261	26
444	2	261	26
445	2	261	26
446	2	261	26
447	2	261	26
448	2	261	26
449	2	261	26
450	2	261	26
451	2	261	26
452	2	261	26
453	2	261	26
454	2	261	26
455	2	261	26
456	2	261	26
457	2	261	26
458	2	261	26
459	2	261	26
460	2	261	26
461	2	261	26
462	2	261	26
463	2	261	26
464	2	261	26
465	2	261	26
466	2	261	26
467	2	261	26
468	2	261	26
469	2	261	26
470	2	261	26
471	2	261	26
472	2	261	26
473	2	261	26
474	2	261	26
475	2	261	26
476	2	261	26
477	2	261	26
478	2	261	26
479	2	261	26
480	2	261	26
481	2	261	26
482	2	261	26
483	2	261	26
484	2	261	26
485	2	261	26
486	2	261	26
487	2	261	26
488	2	261	26
489	2	261	26
490	2	261	26
491	2	261	26
492	2	261	26
493	2	261	26
494	2	261	26
495	2	261	26
496	2	261	26
497	2	261	26
498	2	261	26
499	2	261	26
500	2	261	26
501	2	261	26
502	2	261	26
503	2	261	26
504	2	261	26
505	2	261	26
506	2	261	26
507	2	261	26
508	2	261	26
509	2	261	26
510	2	261	26
511	2	261	26
512	2	261	26
513	2	261	26
514	2	261	26
515	2	261	26
516	2	261	26
517	2	261	26
518	2	261	26
519	2	261	26
520	2	261	26
521	2	261	26
522	2	261	26
523	2	261	26
524	2	261	26
525	2	261	26
526	2	261	26
527	2	261	26
528	2	261	26
529	2	261	26
530	2	261	26
531	2	261	26
532	2	261	26
533	2	261	26
534	2	261	26
535	2	261	26
536	2	261	26
537	2	261	26
538	2	261	26
539	2	261	26
540	2	261	26
541	2	261	26
542	2	261	26
543	2	261	26
544	2	261	26
545	2	261	26
546	2	261	26
547	2	261	26
548	2	261	26
549	2	261	26
550	2	261	26
551	2	261	26
552	2	261	26
553	2	261	26
554	2	261	26
555	2	261	26
556	2	261	26
557	2	261	26
558	2	261	26
559	2	261	26
560	2	261	26
561	2	261	26
562	2	261	26
563	2	261	26
564	2	261	26
565	2	261	26
566	2	261	26
567	2	261	26
568	2	261	26
569	2	261	26
570	2	261	26
571	2	261	26
572	2	261	26
573	2	261	26
574	2	261	26
575	2	261	26
576	2	261	26
577	2	261	26
578	2	261	26
579	2	261	26
580	2	261	26
581	2	261	26
582	2	261	26
583	2	261	26
584	2	261	26
585	2	261	26
586	2	261	26
587	2	261	26
588	2	261	26
589	2	261	26
590	2	261	26
591	2	261	26
592	2	261	26
593	2	261	26
594	2	261	26
595	2	261	26
596	2	261	26
597	2	261	26
598	2	261	26
599	2	261	26
600	2	261	26
601	2	261	26
602	2	261	26
603	2	261	26
604	2	261	26
605	2	261	26
606	2	261	26
607	2	261	26
608	2	261	26
609	2	261	26
610	2	261	26
611	2	261	26
612	2	261	26
613	2	261	26
614	2	261	26
615	2	261	26
616	2	261	26
617	2	261	26
618	2	261	26
619	2	261	26
620	2	261	26
621	2	261	26
622	2	261	26
623	2	261	26
624	2	261	26
625	2	261	26
626	2	261	26
627	2	261	26
628	2	261	26
629	2	261	26
630	2	261	26
631	2	261	26
632	2	261	26
633	2	261	26
634	2	261	26
635	2	261	26
636	2	261	26
637	2	261	26
638	2	261	26
639	2	261	26
640	2	261	26
641	2	261	26
642	2	261	26
643	2	261	26
644	2	261	26
645	2	261	26
646	2	261	26
647	2	261	26
648	2	261	26
649	2	261	26
650	2	261	26
651	2	261	26
652	2	261	26
653	2	261	26
654	2	261	26
655	2	261	26
656	2	261	26
657	2	261	26
658	2	261	26
659	2	261	26
660	2	261	26
661	2	261	26
662	2	261	26
663	2	261	26
664	2	261	26
665	2	261	26
666	2	261	26
667	2	261	26
668	2	261	26
669	2	261	26
670	2	261	26
671	2	261	26
672	2	261	26
673	2	261	26
674	2	261	26
675	2	261	26
676	2	261	26
677	2	261	26
678	2	261	26
679	2	261	26
680	2	261	26
681	2	261	26
682	2	261	26
683	2	261	26
684	2	261	26
685	2	261	26
686	2	261	26
687	2	261	26
688	2	261	26
689	2	261	26
690	2	261	26
691	2	261	26
692	2	261	26
693	2	261	26
694	2	261	26
695	2	261	26
696	2	261	26
697	2	261	26
698	2	261	26
699	2	261	26
700	2	261	26
701	2	261	26
702	2	261	26
703	2	261	26
704	2	261	26
705	2	261	26
706	2	261	26
707	2	261	26
708	2	261	26
709	2	261	26
710	2	261	26
711	2	261	26
712	2	261	26
713	2	261	26
714	2	261	26
715	2	261	26
716	2	261	26
717	2	261	26
718	2	261	26
719	2	261	26
720	2	261	26
721	2	261	26
722	2	261	26
723	2	261	26
724	2	261	26
725	2	261	26
726	2	261	26
727	2	261	26
728	2	261	26
729	2	261	26
730	2	261	26
731	2	261	26
732	2	261	26
733	2	261	26
734	2	261	26
735	2	261	26
736	2	261	26
737	2	261	26
738	2	261	26
739	2	261	26
740	2	261	26
741	2	261	26
742	2	261	26
743	2	261	26
744	2	261	26
745	2	261	26
746	2	261	26
747	2	261	26
748	2	261	26
749	2	261	26
750	2	261	26
751	2	261	26
752	2	261	26
753	2	261	26
754	2	261	26
755	2	261	26
756	2	261	26
757	2	261	26
758	2	261	26
759	2	261	26
760	2	261	26
761	2	261	26
762	2	261	26
763	2	261	26
764	2	261	26
765	2	261	26
766	2	261	26
767	2	261	26
768	2	261	26
769	2	261	26
770	2	261	26
771	2	261	26
772	2	261	26
773	2	261	26
774	2	261	26
775	2	261	26
776	2	261	26
777	2	261	26
778	2	261	26
779	2	261	26
780	2	261	26
781	2	261	26
782	2	261	26
783	2	261	26
784	2	261	26
785	2	261	26
786	2	261	26
787	2	261	26
788	2	261	26
789	2	261	26
790	2	261	26
791	2	261	26
792	2	261	26
793	2	261	26
794	2	261	26
795	2	261	26
796	2	261	26
797	2	261	26
798	2	261	26
799	2	261	26
800	2	261	26
801	2	261	26
802	2	261	26
803	2	261	26
804	2	261	26
805	2	261	26
806	2	261	26
807	2	261	26
808	2	261	26
809	2	261	26
810	2	261	26
811	2	261	26
812	2	261	26
813	2	261	26
814	2	261	26
815	2	261	26
816	2	261	26
817	2	261	26
818	2	261	26
819	2	261	26
820	2	261	26
821	2	261	26
822	2	261	26
823	2	261	26
824	2	261	26
825	2	261	26
826	2	261	26
827	2	261	26
828	2	261	26
829	2	261	26
830	2	261	26
831	2	261	26
832	2	261	26
833	2	261	26
834	2	261	26
835	2	261	26
836	2	261	26
837	2	261	26
838	2	261	26
839	2	261	26
840	2	261	26
841	2	261	26
842	2	261	26
843	2	261	26
844	2	261	26
845	2	261	26
846	2	261	26
847	2	261	26
848	2	261	26
849	2	261	26
850	2	261	26
851	2	261	26
852	2	261	26
853	2	261	26
854	2	261	26
855	2	261	26
856	2	261	26
857	2	261	26
858	2	261	26
859	2	261	26
860	2	261	26
861	2	261	26
862	2	261	26
863	2	261	26
864	2	261	26
865	2	261	26
866	2	261	26
867	2	261	26
868	2	261	26
869	2	261	26
870	2	261	26
871	2	261	26
872	2	261	26
873	2	261	26
874	2	261	26
875	2	261	26
876	2	261	26
877	2	261	26
878	2	261	26
879	2	261	26
880	2	261	26
881	2	261	26
882	2	261	26
883	2	261	26
884	2	261	26
885	2	261	26
886	2	261	26
887	2	261	26
888	2	261	26
889	2	261	26
890	2	261	26
891	2	261	26
892	2	261	26
893	2	261	26
894	2	261	26
895	2	261	26
896	2	261	26
897	2	261	26
898	2	261	26
899	2	261	26
900	2	261	26
901	2	261	26
902	2	261	26
903	2	261	26
904	2	261	26
905	2	261	26
906	2	261	26
907	2	261	26
908	2	261	26
909	2	261	26
910	2	261	26
911	2	261	26
912	2	261	26
913	2	261	26
914	2	261	26
915	2	261	26
916	2	261	26
917	2	261	26
918	2	261	26
919	2	261	26
920	2	261	26
921	2	261	26
922	2	261	26
923	2	261	26
924	2	261	26
925	2	261	26
926	2	261	26
927	2	261	26
928	2	261	26
929	2	261	26
930	2	261	26
931	2	261	26
932	2	261	26
933	2	261	26
934	2	261	26
935	2	261	26
936	2	261	26
937	2	261	26
938	2	261	26
939	2	261	26
940	2	261	26
941	2	261	26
942	2	261	26
943	2	261	26
944	2	261	26
945	2	261	26
946	2	261	26
947	2	261	26
948	2	261	26
949	2	261	26
950	2	261	26
951	2	261	26
952	2	261	26
953	2	261	26
954	2	261	26
955	2	261	26
956	2	261	26
957	2	261	26
958	2	261	26
959	2	261	26
960	2	261	26
961	2	261	26
962	2	261	26
963	2	261	26
964	2	261	26
965	2	261	26
966	2	261	26
967	2	261	26
968	2	261	26
969	2	261	26
970	2	261	26
971	2	261	26
972	2	261	26
973	2	261	26
974	2	261	26
975	2	261	26
976	2	261	26
977	2	261	26
978	2	261	26
979	2	261	26
980	2	261	26
981	2	261	26
982	2	261	26
983	2	261	26
984	2	261	26
985	2	261	26
986	2	261	26
987	2	261	26
988	2	261	26
989	2	261	26
990	2	261	26
991	2	261	26
992	2	261	26
993	2	261	26
994	2	261	26
995	2	261	26
996	2	261	26
997	2	261	26
998	2	261	26
999	2	261	26
0	3	887	29
1	3	939	29
4	3	1513	9
4	3	2087	12
10	3	939	29
14	3	939	29
17	3	991	29
18	3	939	29
21	3	939	29
40	3	887	29
40	3	1617	9
40	3	2139	12
53	3	2035	9
57	3	939	29
57	3	1722	9
58	3	1461	9
67	3	1722	9
87	3	939	29
87	3	1774	9
88	3	1669	9
106	3	1774	9
107	3	939	29
110	3	991	29
113	3	1043	29
122	3	991	29
122	3	1565	9
126	3	939	29
128	3	939	29
128	3	1513	9
131	3	2035	9
132	3	939	29
135	3	939	29
136	3	939	29
136	3	1356	9
136	3	1774	12
138	3	887	29
138	3	1774	9
139	3	991	29
139	3	1304	9
139	3	1617	12
139	3	1930	20
139	3	2243	30
141	3	991	29
141	3	1513	9
149	3	1043	29
149	3	1774	9
155	3	939	29
155	3	2295	9
159	3	939	29
159	3	1826	9
164	3	991	29
165	3	1774	9
170	3	991	29
185	3	1513	9
189	3	2035	9
196	3	991	29
196	3	1617	9
199	3	939	29
206	3	887	29
206	3	1200	9
206	3	1513	12
206	3	1826	20
206	3	2087	30
207	3	991	29
210	3	1043	29
225	3	939	29
225	3	1617	9
226	3	1095	29
226	3	1565	9
228	3	991	29
228	3	1408	9
230	3	939	29
231	3	939	29
232	3	1774	9
240	3	1878	9
243	3	887	29
243	3	1617	9
244	3	991	29
248	3	939	29
249	3	939	29
250	3	991	29
250	3	1461	9
258	3	939	29
267	3	887	29
271	3	1930	9
272	3	1513	9
272	3	1982	12
272	3	2295	20
284	3	1043	29
284	3	1408	9
286	3	939	29
286	3	1513	9
286	3	2139	12
293	3	939	29
293	3	1565	9
301	3	1043	29
303	3	991	29
303	3	1461	9
306	3	991	29
309	3	991	29
309	3	1356	9
309	3	2295	12
310	3	2243	9
321	3	991	29
326	3	991	29
333	3	887	29
333	3	2139	9
335	3	887	29
342	3	1095	29
342	3	1565	9
343	3	834	29
343	3	2139	9
348	3	1043	29
349	3	1356	9
349	3	1774	12
354	3	939	29
354	3	1252	9
354	3	1774	12
364	3	991	29
368	3	887	29
368	3	1408	9
369	3	1826	9
387	3	1513	9
390	3	939	29
391	3	2243	9
393	3	991	29
396	3	834	29
396	3	1408	9
396	3	1774	12
411	3	939	29
411	3	1252	9
411	3	1565	12
411	3	1878	20
412	3	939	29
412	3	1252	9
412	3	1565	12
412	3	1878	20
412	3	2295	30
413	3	834	29
413	3	1200	9
413	3	1513	12
413	3	1826	20
415	3	939	29
418	3	1461	9
424	3	1043	29
424	3	1356	9
424	3	1722	12
424	3	2035	20
428	3	1043	29
431	3	626	29
432	3	1043	29
432	3	1774	9
434	3	1669	9
434	3	2087	12
436	3	1043	29
436	3	1461	9
445	3	887	29
445	3	2139	9
451	3	2191	9
453	3	991	29
453	3	1408	9
461	3	887	29
463	3	1513	9
466	3	939	29
468	3	991	29
469	3	834	29
469	3	2139	9
481	3	1461	9
481	3	1774	12
487	3	939	29
489	3	939	29
490	3	1982	9
492	3	2295	9
496	3	2139	9
497	3	1043	29
500	3	887	29
500	3	1252	9
503	3	939	29
503	3	1252	9
503	3	1565	12
503	3	2087	20
508	3	1148	29
508	3	2139	9
515	3	887	29
515	3	1774	9
521	3	1095	29
521	3	1617	9
525	3	1408	9
525	3	1722	12
527	3	939	29
528	3	939	29
529	3	991	29
529	3	1461	9
534	3	991	29
534	3	1408	9
538	3	1043	29
539	3	939	29
544	3	1774	9
544	3	2191	12
547	3	1826	9
550	3	1043	29
550	3	1565	9
551	3	1043	29
551	3	1356	9
551	3	1774	12
554	3	887	29
555	3	1043	29
555	3	1356	9
555	3	1669	12
555	3	2191	20
565	3	991	29
565	3	1617	9
565	3	2087	12
568	3	834	29
568	3	1461	9
571	3	887	29
575	3	887	29
575	3	1408	9
575	3	1774	12
577	3	991	29
583	3	1095	29
583	3	1408	9
585	3	939	29
585	3	1356	9
585	3	1669	12
587	3	939	29
587	3	1252	9
587	3	1774	12
595	3	1565	9
598	3	834	29
599	3	834	29
607	3	2243	9
622	3	939	29
631	3	2243	9
632	3	887	29
639	3	1461	9
646	3	1774	9
664	3	1513	9
666	3	939	29
667	3	991	29
677	3	1774	9
691	3	2035	9
692	3	1513	9
695	3	887	29
706	3	939	29
710	3	1513	9
714	3	1043	29
716	3	939	29
716	3	1513	9
717	3	2295	9
718	3	1774	9
722	3	939	29
722	3	1408	9
731	3	834	29
737	3	2139	9
738	3	1774	9
738	3	2243	12
742	3	939	29
742	3	1722	9
742	3	2139	12
753	3	1722	9
753	3	2243	12
755	3	887	29
756	3	1043	29
758	3	939	29
765	3	887	29
776	3	834	29
776	3	1408	9
776	3	2087	12
781	3	2243	9
793	3	939	29
793	3	2191	9
794	3	991	29
807	3	939	29
807	3	1513	9
807	3	1826	12
810	3	1043	29
811	3	991	29
811	3	2139	9
812	3	1043	29
812	3	1930	9
815	3	1043	29
822	3	939	29
823	3	939	29
823	3	1565	9
823	3	2295	12
831	3	2035	9
832	3	1408	9
832	3	2191	12
834	3	2243	9
840	3	939	29
840	3	1252	9
843	3	1095	29
843	3	1461	9
843	3	2191	12
848	3	939	29
848	3	1669	9
850	3	1617	9
863	3	1774	9
864	3	991	29
864	3	1513	9
864	3	2035	12
866	3	991	29
873	3	991	29
877	3	939	29
877	3	1252	9
877	3	1774	12
880	3	991	29
885	3	1513	9
896	3	939	29
898	3	1669	9
901	3	991	29
916	3	1774	9
924	3	1408	9
926	3	2087	9
931	3	834	29
931	3	1513	9
941	3	1513	9
942	3	887	29
942	3	1408	9
947	3	1043	29
947	3	1513	9
949	3	834	29
949	3	1356	9
950	3	991	29
953	3	1774	9
954	3	991	29
969	3	2295	9
972	3	939	29
972	3	1252	9
976	3	1826	9
978	3	1043	29
978	3	1722	9
983	3	991	29
995	3	887	29
998	3	1565	9
0	4	887	29
1	4	939	29
10	4	939	29
14	4	939	29
17	4	991	29
18	4	939	29
21	4	939	29
40	4	887	29
57	4	939	29
87	4	939	29
107	4	939	29
110	4	991	29
113	4	1043	29
122	4	991	29
126	4	939	29
128	4	939	29
132	4	939	29
135	4	939	29
136	4	939	29
138	4	887	29
139	4	991	29
139	4	2243	30
141	4	991	29
149	4	1043	29
155	4	939	29
159	4	939	29
164	4	991	29
170	4	991	29
196	4	991	29
199	4	939	29
206	4	887	29
206	4	2087	30
207	4	991	29
210	4	1043	29
225	4	939	29
226	4	1095	29
228	4	991	29
230	4	939	29
231	4	939	29
243	4	887	29
244	4	991	29
248	4	939	29
249	4	939	29
250	4	991	29
258	4	939	29
267	4	887	29
284	4	1043	29
286	4	939	29
293	4	939	29
301	4	1043	29
303	4	991	29
306	4	991	29
309	4	991	29
321	4	991	29
326	4	991	29
333	4	887	29
335	4	887	29
342	4	1095	29
343	4	834	29
348	4	1043	29
354	4	939	29
364	4	991	29
368	4	887	29
390	4	939	29
393	4	991	29
396	4	834	29
411	4	939	29
412	4	939	29
412	4	2295	30
413	4	834	29
415	4	939	29
424	4	1043	29
428	4	1043	29
431	4	626	29
432	4	1043	29
436	4	1043	29
445	4	887	29
453	4	991	29
461	4	887	29
466	4	939	29
468	4	991	29
469	4	834	29
487	4	939	29
489	4	939	29
497	4	1043	29
500	4	887	29
503	4	939	29
508	4	1148	29
515	4	887	29
521	4	1095	29
527	4	939	29
528	4	939	29
529	4	991	29
534	4	991	29
538	4	1043	29
539	4	939	29
550	4	1043	29
551	4	1043	29
554	4	887	29
555	4	1043	29
565	4	991	29
568	4	834	29
571	4	887	29
575	4	887	29
577	4	991	29
583	4	1095	29
585	4	939	29
587	4	939	29
598	4	834	29
599	4	834	29
622	4	939	29
632	4	887	29
666	4	939	29
667	4	991	29
695	4	887	29
706	4	939	29
714	4	1043	29
716	4	939	29
722	4	939	29
731	4	834	29
742	4	939	29
755	4	887	29
756	4	1043	29
758	4	939	29
765	4	887	29
776	4	834	29
793	4	939	29
794	4	991	29
807	4	939	29
810	4	1043	29
811	4	991	29
812	4	1043	29
815	4	1043	29
822	4	939	29
823	4	939	29
840	4	939	29
843	4	1095	29
848	4	939	29
864	4	991	29
866	4	991	29
873	4	991	29
877	4	939	29
880	4	991	29
896	4	939	29
901	4	991	29
931	4	834	29
942	4	887	29
947	4	1043	29
949	4	834	29
950	4	991	29
954	4	991	29
972	4	939	29
978	4	1043	29
983	4	991	29
995	4	887	29
0	5	887	29
1	5	939	29
10	5	939	29
14	5	939	29
17	5	991	29
18	5	939	29
21	5	939	29
40	5	887	29
57	5	939	29
87	5	939	29
107	5	939	29
110	5	991	29
113	5	1043	29
122	5	991	29
126	5	939	29
128	5	939	29
132	5	939	29
135	5	939	29
136	5	939	29
138	5	887	29
139	5	991	29
139	5	2243	30
141	5	991	29
149	5	1043	29
155	5	939	29
159	5	939	29
164	5	991	29
170	5	991	29
196	5	991	29
199	5	939	29
206	5	887	29
206	5	2087	30
207	5	991	29
210	5	1043	29
225	5	939	29
226	5	1095	29
228	5	991	29
230	5	939	29
231	5	939	29
243	5	887	29
244	5	991	29
248	5	939	29
249	5	939	29
250	5	991	29
258	5	939	29
267	5	887	29
284	5	1043	29
286	5	939	29
293	5	939	29
301	5	1043	29
303	5	991	29
306	5	991	29
309	5	991	29
321	5	991	29
326	5	991	29
333	5	887	29
335	5	887	29
342	5	1095	29
343	5	834	29
348	5	1043	29
354	5	939	29
364	5	991	29
368	5	887	29
390	5	939	29
393	5	991	29
396	5	834	29
411	5	939	29
412	5	939	29
412	5	2295	30
413	5	834	29
415	5	939	29
424	5	1043	29
428	5	1043	29
431	5	626	29
432	5	1043	29
436	5	1043	29
445	5	887	29
453	5	991	29
461	5	887	29
466	5	939	29
468	5	991	29
469	5	834	29
487	5	939	29
489	5	939	29
497	5	1043	29
500	5	887	29
503	5	939	29
508	5	1148	29
515	5	887	29
521	5	1095	29
527	5	939	29
528	5	939	29
529	5	991	29
534	5	991	29
538	5	1043	29
539	5	939	29
550	5	1043	29
551	5	1043	29
554	5	887	29
555	5	1043	29
565	5	991	29
568	5	834	29
571	5	887	29
575	5	887	29
577	5	991	29
583	5	1095	29
585	5	939	29
587	5	939	29
598	5	834	29
599	5	834	29
622	5	939	29
632	5	887	29
666	5	939	29
667	5	991	29
695	5	887	29
706	5	939	29
714	5	1043	29
716	5	939	29
722	5	939	29
731	5	834	29
742	5	939	29
755	5	887	29
756	5	1043	29
758	5	939	29
765	5	887	29
776	5	834	29
793	5	939	29
794	5	991	29
807	5	939	29
810	5	1043	29
811	5	991	29
812	5	1043	29
815	5	1043	29
822	5	939	29
823	5	939	29
840	5	939	29
843	5	1095	29
848	5	939	29
864	5	991	29
866	5	991	29
873	5	991	29
877	5	939	29
880	5	991	29
896	5	939	29
901	5	991	29
931	5	834	29
942	5	887	29
947	5	1043	29
949	5	834	29
950	5	991	29
954	5	991	29
972	5	939	29
978	5	1043	29
983	5	991	29
995	5	887	29
