Realization	utility	week	infra.
0	0	2191	29
2	0	521	29
4	0	626	29
8	0	2191	29
10	0	574	29
14	0	521	29
15	0	521	29
16	0	626	29
17	0	626	29
18	0	574	29
20	0	574	29
21	0	469	29
23	0	626	29
24	0	521	29
27	0	626	29
28	0	1774	29
33	0	574	29
34	0	521	29
35	0	626	29
39	0	626	29
40	0	626	29
43	0	521	29
46	0	521	29
49	0	574	29
53	0	626	29
57	0	521	29
58	0	626	29
59	0	574	29
62	0	626	29
65	0	521	29
69	0	626	29
70	0	626	29
74	0	626	29
81	0	574	29
82	0	626	29
87	0	521	29
88	0	2295	29
92	0	574	29
102	0	574	29
104	0	521	29
106	0	1669	29
107	0	626	29
108	0	626	29
110	0	626	29
111	0	626	29
112	0	626	29
113	0	521	29
114	0	626	29
122	0	1826	29
125	0	626	29
126	0	521	29
127	0	626	29
128	0	626	29
130	0	521	29
131	0	626	29
132	0	626	29
135	0	574	29
136	0	521	29
138	0	626	29
139	0	1513	29
141	0	574	29
142	0	626	29
146	0	626	29
147	0	626	29
150	0	521	29
152	0	574	29
153	0	574	29
154	0	626	29
155	0	574	29
156	0	574	29
158	0	521	29
159	0	626	29
164	0	521	29
165	0	521	29
170	0	626	29
175	0	2139	29
176	0	574	29
179	0	626	29
181	0	574	29
183	0	574	29
185	0	1774	29
189	0	626	29
192	0	1669	29
193	0	574	29
196	0	574	29
198	0	2295	29
199	0	574	29
203	0	626	29
204	0	574	29
206	0	574	29
206	0	2035	30
207	0	626	29
208	0	574	29
210	0	574	29
217	0	574	29
218	0	626	29
223	0	626	29
225	0	626	29
226	0	521	29
228	0	574	29
230	0	574	29
231	0	521	29
232	0	626	29
240	0	574	29
241	0	574	29
242	0	626	29
243	0	521	29
244	0	521	29
248	0	574	29
249	0	574	29
250	0	574	29
253	0	574	29
256	0	521	29
259	0	574	29
260	0	626	29
264	0	626	29
266	0	574	29
267	0	574	29
271	0	2087	29
272	0	521	29
272	0	2243	30
284	0	626	29
286	0	574	29
293	0	574	29
294	0	626	29
296	0	574	29
299	0	626	29
301	0	574	29
302	0	626	29
303	0	521	29
304	0	574	29
306	0	574	29
307	0	521	29
308	0	574	29
309	0	574	29
310	0	626	29
315	0	626	29
322	0	521	29
326	0	626	29
332	0	1722	29
333	0	626	29
335	0	626	29
342	0	574	29
343	0	626	29
345	0	574	29
346	0	1826	29
348	0	626	29
349	0	626	29
351	0	626	29
353	0	626	29
354	0	521	29
357	0	626	29
360	0	626	29
361	0	574	29
364	0	626	29
367	0	574	29
368	0	626	29
369	0	626	29
371	0	574	29
376	0	626	29
380	0	626	29
387	0	574	29
389	0	626	29
390	0	626	29
393	0	574	29
394	0	626	29
396	0	626	29
398	0	521	29
399	0	521	29
402	0	626	29
406	0	626	29
411	0	521	29
412	0	1408	29
412	0	2295	30
413	0	626	29
414	0	574	29
415	0	1982	29
417	0	574	29
418	0	574	29
419	0	469	29
424	0	574	29
424	0	2191	30
428	0	574	29
429	0	574	29
430	0	574	29
431	0	574	29
432	0	1669	29
434	0	1617	29
435	0	521	29
436	0	1408	29
437	0	574	29
440	0	626	29
445	0	626	29
451	0	521	29
452	0	574	29
453	0	574	29
460	0	626	29
461	0	574	29
462	0	626	29
463	0	574	29
465	0	626	29
466	0	626	29
467	0	521	29
468	0	626	29
469	0	574	29
472	0	521	29
473	0	574	29
474	0	574	29
481	0	574	29
487	0	626	29
489	0	626	29
490	0	626	29
492	0	2035	29
494	0	574	29
496	0	521	29
497	0	521	29
498	0	626	29
500	0	574	29
503	0	626	29
503	0	2191	30
506	0	626	29
508	0	2087	29
515	0	574	29
519	0	574	29
520	0	626	29
521	0	626	29
522	0	1774	29
523	0	626	29
525	0	626	29
527	0	574	29
528	0	626	29
529	0	1565	29
534	0	1565	29
537	0	574	29
538	0	574	29
539	0	626	29
541	0	521	29
544	0	521	29
547	0	1774	29
550	0	521	29
551	0	521	29
554	0	521	29
555	0	521	29
556	0	626	29
558	0	469	29
559	0	2035	29
565	0	626	29
566	0	626	29
567	0	626	29
568	0	574	29
569	0	626	29
571	0	574	29
575	0	574	29
578	0	574	29
579	0	626	29
583	0	1617	29
584	0	574	29
585	0	574	29
586	0	574	29
587	0	521	29
589	0	521	29
590	0	626	29
593	0	574	29
595	0	626	29
598	0	574	29
599	0	626	29
603	0	626	29
604	0	2295	29
606	0	626	29
607	0	574	29
608	0	521	29
611	0	626	29
620	0	626	29
622	0	574	29
624	0	521	29
626	0	469	29
627	0	626	29
628	0	574	29
629	0	574	29
632	0	626	29
639	0	521	29
640	0	626	29
641	0	626	29
646	0	626	29
649	0	626	29
652	0	626	29
654	0	521	29
655	0	521	29
656	0	574	29
657	0	521	29
658	0	626	29
661	0	626	29
662	0	574	29
664	0	1722	29
666	0	626	29
667	0	574	29
676	0	626	29
678	0	626	29
682	0	521	29
686	0	626	29
690	0	574	29
691	0	626	29
692	0	1722	29
693	0	626	29
695	0	574	29
697	0	574	29
700	0	626	29
701	0	2139	29
703	0	521	29
706	0	574	29
707	0	626	29
709	0	521	29
710	0	574	29
716	0	626	29
717	0	2139	29
718	0	521	29
719	0	574	29
721	0	626	29
722	0	521	29
725	0	626	29
726	0	521	29
730	0	626	29
731	0	574	29
733	0	626	29
734	0	521	29
737	0	626	29
738	0	574	29
742	0	626	29
743	0	574	29
753	0	626	29
754	0	626	29
755	0	626	29
756	0	626	29
758	0	626	29
761	0	521	29
762	0	574	29
765	0	521	29
766	0	626	29
774	0	574	29
775	0	574	29
776	0	521	29
781	0	574	29
782	0	574	29
784	0	521	29
788	0	521	29
793	0	574	29
794	0	574	29
797	0	626	29
802	0	574	29
803	0	626	29
804	0	574	29
807	0	1513	29
810	0	574	29
811	0	574	29
812	0	521	29
814	0	626	29
815	0	521	29
818	0	626	29
822	0	574	29
823	0	1722	29
827	0	626	29
831	0	521	29
832	0	1669	29
833	0	626	29
834	0	626	29
838	0	469	29
840	0	469	29
843	0	626	29
848	0	521	29
850	0	574	29
855	0	574	29
863	0	521	29
864	0	521	29
865	0	574	29
866	0	626	29
868	0	626	29
873	0	574	29
875	0	626	29
876	0	574	29
877	0	574	29
884	0	626	29
885	0	1669	29
887	0	574	29
891	0	626	29
893	0	574	29
895	0	574	29
897	0	626	29
898	0	521	29
899	0	626	29
901	0	626	29
903	0	574	29
906	0	521	29
908	0	626	29
916	0	574	29
917	0	626	29
924	0	574	29
926	0	574	29
929	0	626	29
931	0	574	29
935	0	626	29
940	0	521	29
941	0	521	29
942	0	521	29
943	0	521	29
947	0	1617	29
948	0	626	29
949	0	521	29
954	0	521	29
956	0	574	29
961	0	626	29
963	0	626	29
964	0	521	29
966	0	574	29
968	0	521	29
969	0	626	29
971	0	626	29
972	0	574	29
973	0	626	29
974	0	574	29
976	0	626	29
978	0	574	29
982	0	521	29
983	0	574	29
988	0	626	29
989	0	574	29
995	0	574	29
998	0	1774	29
0	1	1461	11
0	1	2191	29
1	1	1669	11
2	1	521	29
3	1	1722	11
4	1	626	29
6	1	1826	11
7	1	1408	11
8	1	1356	11
8	1	2191	29
10	1	574	29
14	1	521	29
15	1	521	29
16	1	626	29
17	1	626	29
18	1	574	29
20	1	574	29
21	1	469	29
22	1	2243	11
23	1	626	29
24	1	521	29
26	1	1774	11
27	1	626	29
28	1	1461	11
28	1	1774	29
30	1	2087	11
32	1	1461	11
33	1	574	29
34	1	521	29
35	1	626	29
39	1	626	29
40	1	626	29
41	1	1878	11
42	1	1722	11
43	1	521	29
45	1	1461	11
46	1	521	29
49	1	574	29
53	1	626	29
57	1	521	29
58	1	626	29
59	1	574	29
62	1	626	29
63	1	1461	11
65	1	521	29
67	1	1565	11
69	1	626	29
70	1	626	29
74	1	626	29
75	1	1513	11
81	1	574	29
82	1	626	29
84	1	2087	11
87	1	521	29
88	1	1356	11
88	1	2295	29
89	1	1617	11
92	1	574	29
96	1	1669	11
102	1	574	29
104	1	521	29
106	1	1356	11
106	1	1669	29
107	1	626	29
108	1	626	29
110	1	626	29
111	1	626	29
112	1	626	29
113	1	521	29
114	1	626	29
116	1	2191	11
118	1	1617	11
119	1	2139	11
122	1	1356	11
122	1	1826	29
124	1	1878	11
125	1	626	29
126	1	521	29
127	1	626	29
128	1	626	29
130	1	521	29
131	1	626	29
132	1	626	29
134	1	2035	11
135	1	574	29
136	1	521	29
137	1	1669	11
138	1	626	29
139	1	1148	11
139	1	1513	29
141	1	574	29
142	1	626	29
143	1	2191	11
145	1	2139	11
146	1	626	29
147	1	626	29
149	1	1252	11
150	1	521	29
151	1	2295	11
152	1	574	29
153	1	574	29
154	1	626	29
155	1	574	29
156	1	574	29
158	1	521	29
159	1	626	29
162	1	1565	11
164	1	521	29
165	1	521	29
170	1	626	29
172	1	2139	11
174	1	1774	11
175	1	1617	11
175	1	2139	29
176	1	574	29
179	1	626	29
181	1	574	29
183	1	574	29
185	1	1408	11
185	1	1774	29
187	1	1565	11
189	1	626	29
192	1	1252	11
192	1	1669	29
193	1	574	29
196	1	574	29
198	1	1722	11
198	1	2295	29
199	1	574	29
200	1	1774	11
202	1	1513	11
203	1	626	29
204	1	574	29
206	1	574	29
206	1	2035	30
207	1	626	29
208	1	574	29
210	1	574	29
217	1	574	29
218	1	626	29
221	1	1617	11
223	1	626	29
224	1	1878	11
225	1	626	29
226	1	521	29
227	1	2139	11
228	1	574	29
229	1	1356	11
230	1	574	29
231	1	521	29
232	1	626	29
233	1	2035	11
240	1	574	29
241	1	574	29
242	1	626	29
243	1	521	29
244	1	521	29
248	1	574	29
249	1	574	29
250	1	574	29
251	1	1982	11
253	1	574	29
256	1	521	29
258	1	1878	11
259	1	574	29
260	1	626	29
262	1	1565	11
264	1	626	29
266	1	574	29
267	1	574	29
268	1	1722	11
269	1	1461	11
271	1	1565	11
271	1	2087	29
272	1	521	29
272	1	2243	30
280	1	2295	11
283	1	2295	11
284	1	626	29
286	1	574	29
293	1	574	29
294	1	626	29
295	1	2139	11
296	1	574	29
298	1	1669	11
299	1	626	29
301	1	574	29
302	1	626	29
303	1	521	29
304	1	574	29
306	1	574	29
307	1	521	29
308	1	574	29
309	1	574	29
310	1	626	29
315	1	626	29
322	1	521	29
326	1	626	29
327	1	1722	11
330	1	1408	11
332	1	1356	11
332	1	1722	29
333	1	626	29
335	1	626	29
336	1	1774	11
341	1	2295	11
342	1	574	29
343	1	626	29
345	1	574	29
346	1	1513	11
346	1	1826	29
347	1	1565	11
348	1	626	29
349	1	626	29
351	1	626	29
352	1	1461	11
353	1	626	29
354	1	521	29
356	1	2243	11
357	1	626	29
358	1	1722	11
360	1	626	29
361	1	574	29
364	1	626	29
366	1	1722	11
367	1	574	29
368	1	626	29
369	1	626	29
371	1	574	29
372	1	1774	11
376	1	626	29
377	1	2295	11
378	1	2295	11
379	1	1461	11
380	1	626	29
381	1	2035	11
382	1	1878	11
384	1	1669	11
387	1	574	29
389	1	626	29
390	1	626	29
391	1	1774	11
392	1	2295	11
393	1	574	29
394	1	626	29
396	1	626	29
397	1	1826	11
398	1	521	29
399	1	521	29
400	1	1722	11
402	1	626	29
404	1	1930	11
405	1	2035	11
406	1	626	29
407	1	1669	11
411	1	521	29
412	1	939	11
412	1	1408	29
412	1	2295	30
413	1	626	29
414	1	574	29
415	1	939	11
415	1	1982	29
417	1	574	29
418	1	574	29
419	1	469	29
420	1	1826	11
423	1	1669	11
424	1	574	29
424	1	2191	30
425	1	2243	11
426	1	1722	11
428	1	574	29
429	1	574	29
430	1	574	29
431	1	574	29
432	1	1356	11
432	1	1669	29
433	1	1565	11
434	1	1304	11
434	1	1617	29
435	1	521	29
436	1	1043	11
436	1	1408	29
437	1	574	29
438	1	1356	11
440	1	626	29
442	1	1774	11
445	1	626	29
446	1	2295	11
451	1	521	29
452	1	574	29
453	1	574	29
455	1	2035	11
460	1	626	29
461	1	574	29
462	1	626	29
463	1	574	29
464	1	1669	11
465	1	626	29
466	1	626	29
467	1	521	29
468	1	626	29
469	1	574	29
471	1	2295	11
472	1	521	29
473	1	574	29
474	1	574	29
481	1	574	29
486	1	2087	11
487	1	626	29
489	1	626	29
490	1	626	29
491	1	1878	11
492	1	1565	11
492	1	2035	29
494	1	574	29
495	1	1722	11
496	1	521	29
497	1	521	29
498	1	626	29
500	1	574	29
502	1	1722	11
503	1	626	29
503	1	2191	30
506	1	626	29
508	1	1356	11
508	1	2087	29
512	1	2035	11
514	1	2243	11
515	1	574	29
518	1	1669	11
519	1	574	29
520	1	626	29
521	1	626	29
522	1	1408	11
522	1	1774	29
523	1	626	29
525	1	626	29
527	1	574	29
528	1	626	29
529	1	1148	11
529	1	1565	29
530	1	1722	11
531	1	1617	11
534	1	939	11
534	1	1565	29
537	1	574	29
538	1	574	29
539	1	626	29
541	1	521	29
543	1	1774	11
544	1	521	29
547	1	1304	11
547	1	1774	29
550	1	521	29
551	1	521	29
553	1	2191	11
554	1	521	29
555	1	521	29
556	1	626	29
558	1	469	29
559	1	1461	11
559	1	2035	29
562	1	2139	11
563	1	1565	11
565	1	626	29
566	1	626	29
567	1	626	29
568	1	574	29
569	1	626	29
571	1	574	29
575	1	574	29
577	1	1408	11
578	1	574	29
579	1	626	29
581	1	1774	11
582	1	1617	11
583	1	1095	11
583	1	1617	29
584	1	574	29
585	1	574	29
586	1	574	29
587	1	521	29
588	1	1617	11
589	1	521	29
590	1	626	29
593	1	574	29
594	1	1982	11
595	1	626	29
596	1	1461	11
598	1	574	29
599	1	626	29
603	1	626	29
604	1	1722	11
604	1	2295	29
606	1	626	29
607	1	574	29
608	1	521	29
611	1	626	29
612	1	1774	11
620	1	626	29
621	1	1565	11
622	1	574	29
624	1	521	29
625	1	1669	11
626	1	469	29
627	1	626	29
628	1	574	29
629	1	574	29
630	1	2035	11
631	1	1669	11
632	1	626	29
639	1	521	29
640	1	626	29
641	1	626	29
645	1	1565	11
646	1	626	29
648	1	1722	11
649	1	626	29
650	1	2139	11
652	1	626	29
653	1	1565	11
654	1	521	29
655	1	521	29
656	1	574	29
657	1	521	29
658	1	626	29
661	1	626	29
662	1	574	29
664	1	1200	11
664	1	1722	29
665	1	1722	11
666	1	626	29
667	1	574	29
668	1	1774	11
669	1	1722	11
670	1	1669	11
673	1	2243	11
674	1	1513	11
676	1	626	29
677	1	1513	11
678	1	626	29
680	1	1722	11
682	1	521	29
684	1	1513	11
685	1	2139	11
686	1	626	29
690	1	574	29
691	1	626	29
692	1	1408	11
692	1	1722	29
693	1	626	29
694	1	2087	11
695	1	574	29
697	1	574	29
700	1	626	29
701	1	1461	11
701	1	2139	29
703	1	521	29
705	1	2087	11
706	1	574	29
707	1	626	29
709	1	521	29
710	1	574	29
711	1	1826	11
714	1	2191	11
716	1	626	29
717	1	1617	11
717	1	2139	29
718	1	521	29
719	1	574	29
721	1	626	29
722	1	521	29
725	1	626	29
726	1	521	29
730	1	626	29
731	1	574	29
733	1	626	29
734	1	521	29
737	1	626	29
738	1	574	29
739	1	1722	11
741	1	1617	11
742	1	626	29
743	1	574	29
744	1	2139	11
752	1	1878	11
753	1	626	29
754	1	626	29
755	1	626	29
756	1	626	29
758	1	626	29
761	1	521	29
762	1	574	29
763	1	2191	11
765	1	521	29
766	1	626	29
767	1	1982	11
771	1	1617	11
774	1	574	29
775	1	574	29
776	1	521	29
778	1	2191	11
781	1	574	29
782	1	574	29
784	1	521	29
788	1	521	29
789	1	1669	11
793	1	574	29
794	1	574	29
797	1	626	29
798	1	1930	11
801	1	2243	11
802	1	574	29
803	1	626	29
804	1	574	29
807	1	939	11
807	1	1513	29
810	1	574	29
811	1	574	29
812	1	521	29
814	1	626	29
815	1	521	29
816	1	1722	11
818	1	626	29
822	1	574	29
823	1	939	11
823	1	1722	29
824	1	1722	11
826	1	1722	11
827	1	626	29
828	1	2139	11
831	1	521	29
832	1	1356	11
832	1	1669	29
833	1	626	29
834	1	626	29
838	1	469	29
840	1	469	29
842	1	1722	11
843	1	626	29
847	1	2035	11
848	1	521	29
850	1	574	29
854	1	1669	11
855	1	574	29
858	1	1669	11
863	1	521	29
864	1	521	29
865	1	574	29
866	1	626	29
867	1	1878	11
868	1	626	29
873	1	574	29
875	1	626	29
876	1	574	29
877	1	574	29
880	1	1461	11
882	1	1617	11
884	1	626	29
885	1	1200	11
885	1	1669	29
887	1	574	29
890	1	2139	11
891	1	626	29
893	1	574	29
895	1	574	29
896	1	939	11
897	1	626	29
898	1	521	29
899	1	626	29
901	1	626	29
902	1	1617	11
903	1	574	29
906	1	521	29
908	1	626	29
914	1	1617	11
916	1	574	29
917	1	626	29
922	1	1878	11
924	1	574	29
926	1	574	29
929	1	626	29
931	1	574	29
932	1	1722	11
933	1	1774	11
934	1	1669	11
935	1	626	29
938	1	2295	11
940	1	521	29
941	1	521	29
942	1	521	29
943	1	521	29
944	1	1982	11
946	1	2295	11
947	1	1043	11
947	1	1617	29
948	1	626	29
949	1	521	29
950	1	991	11
953	1	1408	11
954	1	521	29
956	1	574	29
960	1	1408	11
961	1	626	29
963	1	626	29
964	1	521	29
966	1	574	29
968	1	521	29
969	1	626	29
971	1	626	29
972	1	574	29
973	1	626	29
974	1	574	29
976	1	626	29
978	1	574	29
979	1	2243	11
981	1	1513	11
982	1	521	29
983	1	574	29
984	1	1669	11
985	1	1617	11
988	1	626	29
989	1	574	29
995	1	574	29
998	1	1461	11
998	1	1774	29
0	2	261	26
1	2	261	26
2	2	261	26
3	2	261	26
4	2	261	26
5	2	261	26
6	2	261	26
7	2	261	26
8	2	261	26
9	2	261	26
10	2	261	26
11	2	261	26
12	2	261	26
13	2	261	26
14	2	261	26
15	2	261	26
16	2	261	26
17	2	261	26
18	2	261	26
19	2	261	26
20	2	261	26
21	2	261	26
22	2	261	26
23	2	261	26
24	2	261	26
25	2	261	26
26	2	261	26
27	2	261	26
28	2	261	26
29	2	261	26
30	2	261	26
31	2	261	26
32	2	261	26
33	2	261	26
34	2	261	26
35	2	261	26
36	2	261	26
37	2	261	26
38	2	261	26
39	2	261	26
40	2	261	26
41	2	261	26
42	2	261	26
43	2	261	26
44	2	261	26
45	2	261	26
46	2	261	26
47	2	261	26
48	2	261	26
49	2	261	26
50	2	261	26
51	2	261	26
52	2	261	26
53	2	261	26
54	2	261	26
55	2	261	26
56	2	261	26
57	2	261	26
58	2	261	26
59	2	261	26
60	2	261	26
61	2	261	26
62	2	261	26
63	2	261	26
64	2	261	26
65	2	261	26
66	2	261	26
67	2	261	26
68	2	261	26
69	2	261	26
70	2	261	26
71	2	261	26
72	2	261	26
73	2	261	26
74	2	261	26
75	2	261	26
76	2	261	26
77	2	261	26
78	2	261	26
79	2	261	26
80	2	261	26
81	2	261	26
82	2	261	26
83	2	261	26
84	2	261	26
85	2	261	26
86	2	261	26
87	2	261	26
88	2	261	26
89	2	261	26
90	2	261	26
91	2	261	26
92	2	261	26
93	2	261	26
94	2	261	26
95	2	261	26
96	2	261	26
97	2	261	26
98	2	261	26
99	2	261	26
100	2	261	26
101	2	261	26
102	2	261	26
103	2	261	26
104	2	261	26
105	2	261	26
106	2	261	26
107	2	261	26
108	2	261	26
109	2	261	26
110	2	261	26
111	2	261	26
112	2	261	26
113	2	261	26
114	2	261	26
115	2	261	26
116	2	261	26
117	2	261	26
118	2	261	26
119	2	261	26
120	2	261	26
121	2	261	26
122	2	261	26
123	2	261	26
124	2	261	26
125	2	261	26
126	2	261	26
127	2	261	26
128	2	261	26
129	2	261	26
130	2	261	26
131	2	261	26
132	2	261	26
133	2	261	26
134	2	261	26
135	2	261	26
136	2	261	26
137	2	261	26
138	2	261	26
139	2	261	26
140	2	261	26
141	2	261	26
142	2	261	26
143	2	261	26
144	2	261	26
145	2	261	26
146	2	261	26
147	2	261	26
148	2	261	26
149	2	261	26
150	2	261	26
151	2	261	26
152	2	261	26
153	2	261	26
154	2	261	26
155	2	261	26
156	2	261	26
157	2	261	26
158	2	261	26
159	2	261	26
160	2	261	26
161	2	261	26
162	2	261	26
163	2	261	26
164	2	261	26
165	2	261	26
166	2	261	26
167	2	261	26
168	2	261	26
169	2	261	26
170	2	261	26
171	2	261	26
172	2	261	26
173	2	261	26
174	2	261	26
175	2	261	26
176	2	261	26
177	2	261	26
178	2	261	26
179	2	261	26
180	2	261	26
181	2	261	26
182	2	261	26
183	2	261	26
184	2	261	26
185	2	261	26
186	2	261	26
187	2	261	26
188	2	261	26
189	2	261	26
190	2	261	26
191	2	261	26
192	2	261	26
193	2	261	26
194	2	261	26
195	2	261	26
196	2	261	26
197	2	261	26
198	2	261	26
199	2	261	26
200	2	261	26
201	2	261	26
202	2	261	26
203	2	261	26
204	2	261	26
205	2	261	26
206	2	261	26
207	2	261	26
208	2	261	26
209	2	261	26
210	2	261	26
211	2	261	26
212	2	261	26
213	2	261	26
214	2	261	26
215	2	261	26
216	2	261	26
217	2	261	26
218	2	261	26
219	2	261	26
220	2	261	26
221	2	261	26
222	2	261	26
223	2	261	26
224	2	261	26
225	2	261	26
226	2	261	26
227	2	261	26
228	2	261	26
229	2	261	26
230	2	261	26
231	2	261	26
232	2	261	26
233	2	261	26
234	2	261	26
235	2	261	26
236	2	261	26
237	2	261	26
238	2	261	26
239	2	261	26
240	2	261	26
241	2	261	26
242	2	261	26
243	2	261	26
244	2	261	26
245	2	261	26
246	2	261	26
247	2	261	26
248	2	261	26
249	2	261	26
250	2	261	26
251	2	261	26
252	2	261	26
253	2	261	26
254	2	261	26
255	2	261	26
256	2	261	26
257	2	261	26
258	2	261	26
259	2	261	26
260	2	261	26
261	2	261	26
262	2	261	26
263	2	261	26
264	2	261	26
265	2	261	26
266	2	261	26
267	2	261	26
268	2	261	26
269	2	261	26
270	2	261	26
271	2	261	26
272	2	261	26
273	2	261	26
274	2	261	26
275	2	261	26
276	2	261	26
277	2	261	26
278	2	261	26
279	2	261	26
280	2	261	26
281	2	261	26
282	2	261	26
283	2	261	26
284	2	261	26
285	2	261	26
286	2	261	26
287	2	261	26
288	2	261	26
289	2	261	26
290	2	261	26
291	2	261	26
292	2	261	26
293	2	261	26
294	2	261	26
295	2	261	26
296	2	261	26
297	2	261	26
298	2	261	26
299	2	261	26
300	2	261	26
301	2	261	26
302	2	261	26
303	2	261	26
304	2	261	26
305	2	261	26
306	2	261	26
307	2	261	26
308	2	261	26
309	2	261	26
310	2	261	26
311	2	261	26
312	2	261	26
313	2	261	26
314	2	261	26
315	2	261	26
316	2	261	26
317	2	261	26
318	2	261	26
319	2	261	26
320	2	261	26
321	2	261	26
322	2	261	26
323	2	261	26
324	2	261	26
325	2	261	26
326	2	261	26
327	2	261	26
328	2	261	26
329	2	261	26
330	2	261	26
331	2	261	26
332	2	261	26
333	2	261	26
334	2	261	26
335	2	261	26
336	2	261	26
337	2	261	26
338	2	261	26
339	2	261	26
340	2	261	26
341	2	261	26
342	2	261	26
343	2	261	26
344	2	261	26
345	2	261	26
346	2	261	26
347	2	261	26
348	2	261	26
349	2	261	26
350	2	261	26
351	2	261	26
352	2	261	26
353	2	261	26
354	2	261	26
355	2	261	26
356	2	261	26
357	2	261	26
358	2	261	26
359	2	261	26
360	2	261	26
361	2	261	26
362	2	261	26
363	2	261	26
364	2	261	26
365	2	261	26
366	2	261	26
367	2	261	26
368	2	261	26
369	2	261	26
370	2	261	26
371	2	261	26
372	2	261	26
373	2	261	26
374	2	261	26
375	2	261	26
376	2	261	26
377	2	261	26
378	2	261	26
379	2	261	26
380	2	261	26
381	2	261	26
382	2	261	26
383	2	261	26
384	2	261	26
385	2	261	26
386	2	261	26
387	2	261	26
388	2	261	26
389	2	261	26
390	2	261	26
391	2	261	26
392	2	261	26
393	2	261	26
394	2	261	26
395	2	261	26
396	2	261	26
397	2	261	26
398	2	261	26
399	2	261	26
400	2	261	26
401	2	261	26
402	2	261	26
403	2	261	26
404	2	261	26
405	2	261	26
406	2	261	26
407	2	261	26
408	2	261	26
409	2	261	26
410	2	261	26
411	2	261	26
412	2	261	26
413	2	261	26
414	2	261	26
415	2	261	26
416	2	261	26
417	2	261	26
418	2	261	26
419	2	261	26
420	2	261	26
421	2	261	26
422	2	261	26
423	2	261	26
424	2	261	26
425	2	261	26
426	2	261	26
427	2	261	26
428	2	261	26
429	2	261	26
430	2	261	26
431	2	261	26
432	2	261	26
433	2	261	26
434	2	261	26
435	2	261	26
436	2	261	26
437	2	261	26
438	2	261	26
439	2	261	26
440	2	261	26
441	2	261	26
442	2	261	26
443	2	261	26
444	2	261	26
445	2	261	26
446	2	261	26
447	2	261	26
448	2	261	26
449	2	261	26
450	2	261	26
451	2	261	26
452	2	261	26
453	2	261	26
454	2	261	26
455	2	261	26
456	2	261	26
457	2	261	26
458	2	261	26
459	2	261	26
460	2	261	26
461	2	261	26
462	2	261	26
463	2	261	26
464	2	261	26
465	2	261	26
466	2	261	26
467	2	261	26
468	2	261	26
469	2	261	26
470	2	261	26
471	2	261	26
472	2	261	26
473	2	261	26
474	2	261	26
475	2	261	26
476	2	261	26
477	2	261	26
478	2	261	26
479	2	261	26
480	2	261	26
481	2	261	26
482	2	261	26
483	2	261	26
484	2	261	26
485	2	261	26
486	2	261	26
487	2	261	26
488	2	261	26
489	2	261	26
490	2	261	26
491	2	261	26
492	2	261	26
493	2	261	26
494	2	261	26
495	2	261	26
496	2	261	26
497	2	261	26
498	2	261	26
499	2	261	26
500	2	261	26
501	2	261	26
502	2	261	26
503	2	261	26
504	2	261	26
505	2	261	26
506	2	261	26
507	2	261	26
508	2	261	26
509	2	261	26
510	2	261	26
511	2	261	26
512	2	261	26
513	2	261	26
514	2	261	26
515	2	261	26
516	2	261	26
517	2	261	26
518	2	261	26
519	2	261	26
520	2	261	26
521	2	261	26
522	2	261	26
523	2	261	26
524	2	261	26
525	2	261	26
526	2	261	26
527	2	261	26
528	2	261	26
529	2	261	26
530	2	261	26
531	2	261	26
532	2	261	26
533	2	261	26
534	2	261	26
535	2	261	26
536	2	261	26
537	2	261	26
538	2	261	26
539	2	261	26
540	2	261	26
541	2	261	26
542	2	261	26
543	2	261	26
544	2	261	26
545	2	261	26
546	2	261	26
547	2	261	26
548	2	261	26
549	2	261	26
550	2	261	26
551	2	261	26
552	2	261	26
553	2	261	26
554	2	261	26
555	2	261	26
556	2	261	26
557	2	261	26
558	2	261	26
559	2	261	26
560	2	261	26
561	2	261	26
562	2	261	26
563	2	261	26
564	2	261	26
565	2	261	26
566	2	261	26
567	2	261	26
568	2	261	26
569	2	261	26
570	2	261	26
571	2	261	26
572	2	261	26
573	2	261	26
574	2	261	26
575	2	261	26
576	2	261	26
577	2	261	26
578	2	261	26
579	2	261	26
580	2	261	26
581	2	261	26
582	2	261	26
583	2	261	26
584	2	261	26
585	2	261	26
586	2	261	26
587	2	261	26
588	2	261	26
589	2	261	26
590	2	261	26
591	2	261	26
592	2	261	26
593	2	261	26
594	2	261	26
595	2	261	26
596	2	261	26
597	2	261	26
598	2	261	26
599	2	261	26
600	2	261	26
601	2	261	26
602	2	261	26
603	2	261	26
604	2	261	26
605	2	261	26
606	2	261	26
607	2	261	26
608	2	261	26
609	2	261	26
610	2	261	26
611	2	261	26
612	2	261	26
613	2	261	26
614	2	261	26
615	2	261	26
616	2	261	26
617	2	261	26
618	2	261	26
619	2	261	26
620	2	261	26
621	2	261	26
622	2	261	26
623	2	261	26
624	2	261	26
625	2	261	26
626	2	261	26
627	2	261	26
628	2	261	26
629	2	261	26
630	2	261	26
631	2	261	26
632	2	261	26
633	2	261	26
634	2	261	26
635	2	261	26
636	2	261	26
637	2	261	26
638	2	261	26
639	2	261	26
640	2	261	26
641	2	261	26
642	2	261	26
643	2	261	26
644	2	261	26
645	2	261	26
646	2	261	26
647	2	261	26
648	2	261	26
649	2	261	26
650	2	261	26
651	2	261	26
652	2	261	26
653	2	261	26
654	2	261	26
655	2	261	26
656	2	261	26
657	2	261	26
658	2	261	26
659	2	261	26
660	2	261	26
661	2	261	26
662	2	261	26
663	2	261	26
664	2	261	26
665	2	261	26
666	2	261	26
667	2	261	26
668	2	261	26
669	2	261	26
670	2	261	26
671	2	261	26
672	2	261	26
673	2	261	26
674	2	261	26
675	2	261	26
676	2	261	26
677	2	261	26
678	2	261	26
679	2	261	26
680	2	261	26
681	2	261	26
682	2	261	26
683	2	261	26
684	2	261	26
685	2	261	26
686	2	261	26
687	2	261	26
688	2	261	26
689	2	261	26
690	2	261	26
691	2	261	26
692	2	261	26
693	2	261	26
694	2	261	26
695	2	261	26
696	2	261	26
697	2	261	26
698	2	261	26
699	2	261	26
700	2	261	26
701	2	261	26
702	2	261	26
703	2	261	26
704	2	261	26
705	2	261	26
706	2	261	26
707	2	261	26
708	2	261	26
709	2	261	26
710	2	261	26
711	2	261	26
712	2	261	26
713	2	261	26
714	2	261	26
715	2	261	26
716	2	261	26
717	2	261	26
718	2	261	26
719	2	261	26
720	2	261	26
721	2	261	26
722	2	261	26
723	2	261	26
724	2	261	26
725	2	261	26
726	2	261	26
727	2	261	26
728	2	261	26
729	2	261	26
730	2	261	26
731	2	261	26
732	2	261	26
733	2	261	26
734	2	261	26
735	2	261	26
736	2	261	26
737	2	261	26
738	2	261	26
739	2	261	26
740	2	261	26
741	2	261	26
742	2	261	26
743	2	261	26
744	2	261	26
745	2	261	26
746	2	261	26
747	2	261	26
748	2	261	26
749	2	261	26
750	2	261	26
751	2	261	26
752	2	261	26
753	2	261	26
754	2	261	26
755	2	261	26
756	2	261	26
757	2	261	26
758	2	261	26
759	2	261	26
760	2	261	26
761	2	261	26
762	2	261	26
763	2	261	26
764	2	261	26
765	2	261	26
766	2	261	26
767	2	261	26
768	2	261	26
769	2	261	26
770	2	261	26
771	2	261	26
772	2	261	26
773	2	261	26
774	2	261	26
775	2	261	26
776	2	261	26
777	2	261	26
778	2	261	26
779	2	261	26
780	2	261	26
781	2	261	26
782	2	261	26
783	2	261	26
784	2	261	26
785	2	261	26
786	2	261	26
787	2	261	26
788	2	261	26
789	2	261	26
790	2	261	26
791	2	261	26
792	2	261	26
793	2	261	26
794	2	261	26
795	2	261	26
796	2	261	26
797	2	261	26
798	2	261	26
799	2	261	26
800	2	261	26
801	2	261	26
802	2	261	26
803	2	261	26
804	2	261	26
805	2	261	26
806	2	261	26
807	2	261	26
808	2	261	26
809	2	261	26
810	2	261	26
811	2	261	26
812	2	261	26
813	2	261	26
814	2	261	26
815	2	261	26
816	2	261	26
817	2	261	26
818	2	261	26
819	2	261	26
820	2	261	26
821	2	261	26
822	2	261	26
823	2	261	26
824	2	261	26
825	2	261	26
826	2	261	26
827	2	261	26
828	2	261	26
829	2	261	26
830	2	261	26
831	2	261	26
832	2	261	26
833	2	261	26
834	2	261	26
835	2	261	26
836	2	261	26
837	2	261	26
838	2	261	26
839	2	261	26
840	2	261	26
841	2	261	26
842	2	261	26
843	2	261	26
844	2	261	26
845	2	261	26
846	2	261	26
847	2	261	26
848	2	261	26
849	2	261	26
850	2	261	26
851	2	261	26
852	2	261	26
853	2	261	26
854	2	261	26
855	2	261	26
856	2	261	26
857	2	261	26
858	2	261	26
859	2	261	26
860	2	261	26
861	2	261	26
862	2	261	26
863	2	261	26
864	2	261	26
865	2	261	26
866	2	261	26
867	2	261	26
868	2	261	26
869	2	261	26
870	2	261	26
871	2	261	26
872	2	261	26
873	2	261	26
874	2	261	26
875	2	261	26
876	2	261	26
877	2	261	26
878	2	261	26
879	2	261	26
880	2	261	26
881	2	261	26
882	2	261	26
883	2	261	26
884	2	261	26
885	2	261	26
886	2	261	26
887	2	261	26
888	2	261	26
889	2	261	26
890	2	261	26
891	2	261	26
892	2	261	26
893	2	261	26
894	2	261	26
895	2	261	26
896	2	261	26
897	2	261	26
898	2	261	26
899	2	261	26
900	2	261	26
901	2	261	26
902	2	261	26
903	2	261	26
904	2	261	26
905	2	261	26
906	2	261	26
907	2	261	26
908	2	261	26
909	2	261	26
910	2	261	26
911	2	261	26
912	2	261	26
913	2	261	26
914	2	261	26
915	2	261	26
916	2	261	26
917	2	261	26
918	2	261	26
919	2	261	26
920	2	261	26
921	2	261	26
922	2	261	26
923	2	261	26
924	2	261	26
925	2	261	26
926	2	261	26
927	2	261	26
928	2	261	26
929	2	261	26
930	2	261	26
931	2	261	26
932	2	261	26
933	2	261	26
934	2	261	26
935	2	261	26
936	2	261	26
937	2	261	26
938	2	261	26
939	2	261	26
940	2	261	26
941	2	261	26
942	2	261	26
943	2	261	26
944	2	261	26
945	2	261	26
946	2	261	26
947	2	261	26
948	2	261	26
949	2	261	26
950	2	261	26
951	2	261	26
952	2	261	26
953	2	261	26
954	2	261	26
955	2	261	26
956	2	261	26
957	2	261	26
958	2	261	26
959	2	261	26
960	2	261	26
961	2	261	26
962	2	261	26
963	2	261	26
964	2	261	26
965	2	261	26
966	2	261	26
967	2	261	26
968	2	261	26
969	2	261	26
970	2	261	26
971	2	261	26
972	2	261	26
973	2	261	26
974	2	261	26
975	2	261	26
976	2	261	26
977	2	261	26
978	2	261	26
979	2	261	26
980	2	261	26
981	2	261	26
982	2	261	26
983	2	261	26
984	2	261	26
985	2	261	26
986	2	261	26
987	2	261	26
988	2	261	26
989	2	261	26
990	2	261	26
991	2	261	26
992	2	261	26
993	2	261	26
994	2	261	26
995	2	261	26
996	2	261	26
997	2	261	26
998	2	261	26
999	2	261	26
0	3	939	20
0	3	2191	29
1	3	939	20
2	3	521	29
3	3	2139	20
4	3	626	29
4	3	1356	20
4	3	1878	9
4	3	2243	12
8	3	1408	20
8	3	2191	29
10	3	574	29
10	3	2035	20
14	3	521	29
14	3	1774	20
15	3	521	29
16	3	626	29
16	3	1774	20
17	3	626	29
17	3	2035	20
18	3	574	29
18	3	2139	20
20	3	574	29
20	3	1878	20
21	3	469	29
21	3	939	20
23	3	626	29
24	3	521	29
24	3	1774	20
27	3	626	29
27	3	1982	20
28	3	1565	20
28	3	1774	29
33	3	574	29
34	3	521	29
34	3	2087	20
35	3	626	29
35	3	2035	20
39	3	626	29
40	3	626	29
40	3	1252	20
40	3	2087	9
41	3	1982	20
43	3	521	29
43	3	1878	20
46	3	521	29
49	3	574	29
49	3	1461	20
53	3	626	29
53	3	1513	20
57	3	521	29
57	3	1304	20
57	3	1774	9
58	3	626	29
58	3	1408	20
59	3	574	29
59	3	1565	20
62	3	626	29
62	3	1565	20
65	3	521	29
67	3	1513	20
69	3	626	29
70	3	626	29
74	3	626	29
81	3	574	29
82	3	626	29
87	3	521	29
87	3	1200	20
87	3	2087	9
88	3	1617	20
88	3	2295	29
92	3	574	29
92	3	2139	20
102	3	574	29
104	3	521	29
104	3	1878	20
106	3	1565	20
106	3	1669	29
106	3	2295	9
107	3	626	29
107	3	1461	20
108	3	626	29
110	3	626	29
110	3	1617	20
111	3	626	29
112	3	626	29
113	3	521	29
114	3	626	29
119	3	2295	20
122	3	1304	20
122	3	1826	29
125	3	626	29
125	3	1565	20
126	3	521	29
126	3	1461	20
127	3	626	29
127	3	1722	20
128	3	626	29
128	3	1304	20
130	3	521	29
131	3	626	29
131	3	1565	20
132	3	626	29
135	3	574	29
135	3	1304	20
136	3	521	29
136	3	991	20
136	3	1408	9
136	3	1722	12
138	3	626	29
138	3	1148	20
138	3	2087	9
139	3	1148	20
139	3	1513	29
139	3	1826	9
139	3	2087	12
141	3	574	29
141	3	1200	20
141	3	1774	9
142	3	626	29
146	3	626	29
146	3	1878	20
147	3	626	29
147	3	2035	20
149	3	1408	20
150	3	521	29
150	3	2035	20
152	3	574	29
152	3	1565	20
153	3	574	29
154	3	626	29
154	3	1461	20
155	3	574	29
155	3	1461	20
155	3	2295	9
156	3	574	29
156	3	1461	20
158	3	521	29
158	3	1617	20
159	3	626	29
159	3	1200	20
159	3	2139	9
164	3	521	29
165	3	521	29
165	3	1461	20
170	3	626	29
170	3	1148	20
174	3	2035	20
175	3	1774	20
175	3	2139	29
176	3	574	29
179	3	626	29
179	3	1722	20
181	3	574	29
183	3	574	29
183	3	1878	20
185	3	1408	20
185	3	1774	29
189	3	626	29
189	3	1722	20
192	3	1565	20
192	3	1669	29
193	3	574	29
193	3	1982	20
196	3	574	29
196	3	1148	20
196	3	1617	9
198	3	1930	20
198	3	2295	29
199	3	574	29
199	3	1408	20
203	3	626	29
204	3	574	29
206	3	574	29
206	3	939	20
206	3	1461	9
206	3	1722	12
206	3	2035	30
207	3	626	29
207	3	1982	20
208	3	574	29
208	3	1722	20
210	3	574	29
217	3	574	29
218	3	626	29
223	3	626	29
225	3	626	29
225	3	1304	20
225	3	2087	9
226	3	521	29
226	3	1513	20
228	3	574	29
228	3	1304	20
230	3	574	29
231	3	521	29
232	3	626	29
232	3	1408	20
240	3	574	29
240	3	1513	20
240	3	2139	9
241	3	574	29
241	3	1722	20
242	3	626	29
242	3	1669	20
243	3	521	29
243	3	1200	20
243	3	2087	9
244	3	521	29
248	3	574	29
249	3	574	29
250	3	574	29
250	3	1252	20
250	3	2139	9
253	3	574	29
256	3	521	29
256	3	2139	20
258	3	939	20
259	3	574	29
260	3	626	29
262	3	1878	20
264	3	626	29
266	3	574	29
267	3	574	29
267	3	939	20
269	3	1461	20
271	3	1617	20
271	3	2087	29
272	3	521	29
272	3	1304	20
272	3	1669	9
272	3	1930	12
272	3	2243	30
284	3	626	29
284	3	1148	20
284	3	1774	9
286	3	574	29
286	3	1304	20
286	3	2035	9
293	3	574	29
293	3	1200	20
293	3	2139	9
294	3	626	29
296	3	574	29
299	3	626	29
301	3	574	29
302	3	626	29
302	3	2035	20
303	3	521	29
303	3	991	20
303	3	1774	9
304	3	574	29
306	3	574	29
306	3	1356	20
307	3	521	29
308	3	574	29
309	3	574	29
309	3	1200	20
309	3	1930	9
310	3	626	29
310	3	1513	20
310	3	2243	9
315	3	626	29
315	3	1722	20
322	3	521	29
322	3	2295	20
326	3	626	29
326	3	2087	20
327	3	2191	20
330	3	1617	20
332	3	1461	20
332	3	1722	29
333	3	626	29
333	3	1774	20
335	3	626	29
335	3	2087	20
336	3	2087	20
341	3	2295	20
342	3	574	29
342	3	1252	20
343	3	626	29
343	3	1461	20
345	3	574	29
345	3	1617	20
346	3	1461	20
346	3	1826	29
348	3	626	29
348	3	1565	20
349	3	626	29
349	3	1252	20
349	3	1774	9
351	3	626	29
353	3	626	29
354	3	521	29
354	3	1200	20
354	3	1617	9
357	3	626	29
358	3	2295	20
360	3	626	29
361	3	574	29
361	3	2295	20
364	3	626	29
367	3	574	29
368	3	626	29
368	3	1148	20
368	3	2035	9
369	3	626	29
369	3	1408	20
371	3	574	29
376	3	626	29
379	3	1565	20
380	3	626	29
387	3	574	29
387	3	1304	20
389	3	626	29
390	3	626	29
390	3	887	20
391	3	1774	20
393	3	574	29
394	3	626	29
396	3	626	29
396	3	939	20
396	3	1565	9
397	3	2295	20
398	3	521	29
399	3	521	29
402	3	626	29
406	3	626	29
406	3	1722	20
411	3	521	29
411	3	1200	20
411	3	1669	9
412	3	939	20
412	3	1408	29
412	3	1722	9
412	3	1982	12
412	3	2295	30
413	3	626	29
413	3	939	20
413	3	1461	9
413	3	1722	12
414	3	574	29
414	3	1722	20
415	3	1408	20
415	3	1982	29
417	3	574	29
417	3	2087	20
418	3	574	29
418	3	1252	20
419	3	469	29
419	3	1513	20
423	3	1930	20
424	3	574	29
424	3	1148	20
424	3	1565	9
424	3	1878	12
424	3	2191	30
426	3	2087	20
428	3	574	29
429	3	574	29
429	3	1722	20
430	3	574	29
431	3	574	29
431	3	1513	20
432	3	1461	20
432	3	1669	29
433	3	2295	20
434	3	1200	20
434	3	1617	29
434	3	1930	9
434	3	2295	12
435	3	521	29
435	3	1461	20
436	3	1148	20
436	3	1408	29
436	3	1774	9
437	3	574	29
437	3	2295	20
438	3	1669	20
440	3	626	29
445	3	626	29
445	3	1826	20
451	3	521	29
451	3	1722	20
452	3	574	29
453	3	574	29
453	3	1200	20
453	3	1774	9
460	3	626	29
461	3	574	29
461	3	1461	20
462	3	626	29
463	3	574	29
463	3	1461	20
465	3	626	29
466	3	626	29
466	3	2191	20
467	3	521	29
467	3	2191	20
468	3	626	29
469	3	574	29
469	3	1304	20
469	3	2191	9
472	3	521	29
473	3	574	29
473	3	2087	20
474	3	574	29
474	3	1356	20
481	3	574	29
481	3	1356	20
481	3	1774	9
487	3	626	29
489	3	626	29
489	3	991	20
490	3	626	29
490	3	1617	20
490	3	2139	9
492	3	1930	20
492	3	2035	29
494	3	574	29
495	3	1669	20
496	3	521	29
496	3	1513	20
497	3	521	29
498	3	626	29
500	3	574	29
500	3	1095	20
500	3	1513	9
503	3	626	29
503	3	991	20
503	3	1565	9
503	3	1878	12
503	3	2191	30
506	3	626	29
508	3	1356	20
508	3	2087	29
512	3	1878	20
515	3	574	29
515	3	887	20
519	3	574	29
519	3	1669	20
520	3	626	29
521	3	626	29
521	3	1408	20
522	3	1722	20
522	3	1774	29
523	3	626	29
523	3	2087	20
525	3	626	29
525	3	1356	20
527	3	574	29
528	3	626	29
529	3	1200	20
529	3	1565	29
531	3	2035	20
534	3	939	20
534	3	1565	29
537	3	574	29
537	3	2087	20
538	3	574	29
539	3	626	29
541	3	521	29
543	3	2087	20
544	3	521	29
544	3	1461	20
544	3	2139	9
547	3	1513	20
547	3	1774	29
547	3	2243	9
550	3	521	29
550	3	1252	20
550	3	1930	9
551	3	521	29
551	3	1252	20
554	3	521	29
554	3	1513	20
555	3	521	29
555	3	991	20
555	3	1513	9
555	3	2035	12
556	3	626	29
556	3	1722	20
558	3	469	29
559	3	2035	29
563	3	1565	20
565	3	626	29
565	3	1304	20
565	3	1930	9
565	3	2243	12
566	3	626	29
567	3	626	29
568	3	574	29
568	3	1252	20
569	3	626	29
571	3	574	29
571	3	2087	20
575	3	574	29
575	3	1148	20
575	3	1565	9
577	3	1565	20
578	3	574	29
579	3	626	29
581	3	2295	20
583	3	1095	20
583	3	1617	29
584	3	574	29
585	3	574	29
585	3	939	20
585	3	1461	9
585	3	1722	12
586	3	574	29
586	3	1617	20
587	3	521	29
587	3	1148	20
587	3	1774	9
589	3	521	29
590	3	626	29
593	3	574	29
595	3	626	29
595	3	1304	20
595	3	1774	9
598	3	574	29
598	3	939	20
599	3	626	29
599	3	2035	20
603	3	626	29
604	3	2087	20
604	3	2295	29
606	3	626	29
606	3	1669	20
607	3	574	29
607	3	1930	20
608	3	521	29
611	3	626	29
620	3	626	29
622	3	574	29
624	3	521	29
626	3	469	29
626	3	1722	20
627	3	626	29
628	3	574	29
629	3	574	29
631	3	1722	20
632	3	626	29
632	3	2139	20
639	3	521	29
639	3	1408	20
640	3	626	29
641	3	626	29
646	3	626	29
646	3	1408	20
649	3	626	29
649	3	2087	20
652	3	626	29
652	3	1982	20
653	3	1930	20
654	3	521	29
655	3	521	29
656	3	574	29
657	3	521	29
658	3	626	29
658	3	1513	20
661	3	626	29
662	3	574	29
662	3	1722	20
664	3	1356	20
664	3	1722	29
664	3	2139	9
666	3	626	29
666	3	1982	20
667	3	574	29
669	3	2087	20
676	3	626	29
676	3	1356	20
677	3	1722	20
678	3	626	29
682	3	521	29
684	3	1722	20
686	3	626	29
690	3	574	29
691	3	626	29
691	3	1565	20
691	3	2295	9
692	3	1252	20
692	3	1722	29
693	3	626	29
693	3	1617	20
695	3	574	29
695	3	939	20
697	3	574	29
697	3	1669	20
700	3	626	29
701	3	2035	20
701	3	2139	29
703	3	521	29
703	3	1617	20
706	3	574	29
706	3	2139	20
707	3	626	29
709	3	521	29
709	3	1722	20
710	3	574	29
710	3	1461	20
711	3	2295	20
716	3	626	29
716	3	1252	20
717	3	1826	20
717	3	2139	29
718	3	521	29
718	3	1304	20
719	3	574	29
721	3	626	29
722	3	521	29
722	3	1148	20
722	3	1722	9
725	3	626	29
726	3	521	29
726	3	1565	20
730	3	626	29
731	3	574	29
731	3	2295	20
733	3	626	29
733	3	1669	20
734	3	521	29
734	3	1774	20
737	3	626	29
737	3	1826	20
738	3	574	29
738	3	1513	20
738	3	2139	9
742	3	626	29
742	3	1148	20
742	3	2035	9
742	3	2295	12
743	3	574	29
743	3	2087	20
752	3	1982	20
753	3	626	29
753	3	1356	20
753	3	1982	9
753	3	2243	12
754	3	626	29
754	3	1722	20
755	3	626	29
755	3	1774	20
756	3	626	29
756	3	1304	20
758	3	626	29
761	3	521	29
762	3	574	29
765	3	521	29
765	3	2243	20
766	3	626	29
774	3	574	29
774	3	1461	20
775	3	574	29
776	3	521	29
776	3	1200	20
776	3	2087	9
781	3	574	29
781	3	1722	20
782	3	574	29
784	3	521	29
784	3	2035	20
788	3	521	29
789	3	2087	20
793	3	574	29
793	3	939	20
794	3	574	29
797	3	626	29
802	3	574	29
803	3	626	29
803	3	1513	20
804	3	574	29
807	3	1095	20
807	3	1513	29
807	3	1826	9
810	3	574	29
810	3	1878	20
811	3	574	29
811	3	1982	20
812	3	521	29
812	3	1461	20
814	3	626	29
815	3	521	29
818	3	626	29
818	3	2035	20
822	3	574	29
822	3	2295	20
823	3	939	20
823	3	1722	29
823	3	2087	9
824	3	2295	20
827	3	626	29
831	3	521	29
831	3	1408	20
831	3	1930	9
831	3	2243	12
832	3	1304	20
832	3	1669	29
832	3	1982	9
832	3	2295	12
833	3	626	29
834	3	626	29
834	3	1408	20
834	3	2191	9
838	3	469	29
838	3	1669	20
840	3	469	29
840	3	991	20
840	3	1565	9
842	3	1982	20
843	3	626	29
843	3	1148	20
843	3	1774	9
843	3	2191	12
848	3	521	29
848	3	1200	20
850	3	574	29
850	3	1304	20
850	3	1774	9
854	3	1565	20
855	3	574	29
863	3	521	29
863	3	1408	20
864	3	521	29
864	3	1356	20
864	3	2035	9
865	3	574	29
866	3	626	29
866	3	2191	20
868	3	626	29
873	3	574	29
873	3	1304	20
875	3	626	29
876	3	574	29
877	3	574	29
877	3	1148	20
877	3	1617	9
880	3	1200	20
884	3	626	29
885	3	1200	20
885	3	1669	29
887	3	574	29
891	3	626	29
893	3	574	29
895	3	574	29
897	3	626	29
898	3	521	29
898	3	1408	20
899	3	626	29
899	3	1461	20
901	3	626	29
902	3	1669	20
903	3	574	29
903	3	1722	20
906	3	521	29
908	3	626	29
914	3	1565	20
916	3	574	29
916	3	1461	20
917	3	626	29
924	3	574	29
924	3	1356	20
926	3	574	29
926	3	1774	20
929	3	626	29
931	3	574	29
931	3	1252	20
931	3	1722	9
935	3	626	29
940	3	521	29
940	3	1565	20
941	3	521	29
941	3	1356	20
941	3	2139	9
942	3	521	29
942	3	1356	20
943	3	521	29
947	3	1200	20
947	3	1617	29
947	3	2139	9
948	3	626	29
949	3	521	29
949	3	991	20
949	3	1617	9
950	3	1461	20
953	3	1408	20
954	3	521	29
954	3	1513	20
956	3	574	29
960	3	1461	20
961	3	626	29
961	3	2191	20
963	3	626	29
964	3	521	29
964	3	1356	20
966	3	574	29
966	3	2035	20
968	3	521	29
969	3	626	29
969	3	1930	20
971	3	626	29
971	3	2035	20
972	3	574	29
972	3	1043	20
972	3	1565	9
973	3	626	29
974	3	574	29
976	3	626	29
976	3	1617	20
978	3	574	29
978	3	1408	20
981	3	1617	20
982	3	521	29
983	3	574	29
985	3	2087	20
988	3	626	29
989	3	574	29
995	3	574	29
995	3	1878	20
998	3	1408	20
998	3	1774	29
998	3	2087	9
0	4	626	27
0	4	2191	29
1	4	626	27
2	4	521	29
3	4	1095	27
4	4	626	29
4	4	1461	27
5	4	626	27
6	4	626	27
7	4	834	27
8	4	678	27
8	4	2191	29
9	4	1043	27
10	4	574	29
10	4	1982	27
12	4	1461	27
13	4	1252	27
14	4	521	29
14	4	2295	27
15	4	521	29
16	4	626	29
17	4	626	29
17	4	1982	27
18	4	574	29
18	4	2243	27
19	4	1669	27
20	4	574	29
20	4	1826	27
21	4	469	29
22	4	782	27
23	4	626	29
23	4	2087	27
24	4	521	29
24	4	1826	27
25	4	1408	27
26	4	730	27
27	4	626	29
27	4	1982	27
28	4	782	27
28	4	1774	29
29	4	730	27
30	4	1200	27
31	4	626	27
32	4	1095	27
33	4	574	29
34	4	521	29
34	4	2035	27
35	4	626	29
35	4	1930	27
36	4	626	27
37	4	678	27
38	4	626	27
39	4	626	29
39	4	2243	27
40	4	626	29
40	4	1565	27
41	4	730	27
42	4	626	27
43	4	521	29
43	4	1878	27
44	4	1617	27
45	4	626	27
46	4	521	29
46	4	2295	27
47	4	782	27
48	4	1304	27
49	4	574	29
49	4	1669	27
50	4	1356	27
51	4	1461	27
52	4	782	27
53	4	626	29
53	4	1565	27
55	4	626	27
56	4	1043	27
57	4	521	29
57	4	1513	27
58	4	626	29
58	4	1722	27
59	4	574	29
59	4	1878	27
60	4	939	27
61	4	626	27
62	4	626	29
62	4	1617	27
63	4	626	27
64	4	1826	27
65	4	521	29
65	4	2243	27
66	4	1095	27
67	4	678	27
68	4	1304	27
69	4	626	29
70	4	626	29
71	4	1043	27
73	4	1565	27
74	4	626	29
75	4	626	27
76	4	1304	27
77	4	1148	27
78	4	1200	27
79	4	678	27
80	4	626	27
81	4	574	29
82	4	626	29
83	4	834	27
84	4	626	27
85	4	1617	27
86	4	782	27
87	4	521	29
87	4	1461	27
88	4	626	27
88	4	2295	29
89	4	626	27
90	4	1148	27
91	4	626	27
92	4	574	29
92	4	2087	27
93	4	1252	27
94	4	1878	27
95	4	730	27
96	4	730	27
97	4	1043	27
98	4	1356	27
99	4	834	27
100	4	1356	27
101	4	730	27
102	4	574	29
102	4	2139	27
103	4	782	27
104	4	521	29
104	4	1878	27
105	4	1826	27
106	4	730	27
106	4	1669	29
107	4	626	29
107	4	1826	27
108	4	626	29
109	4	991	27
110	4	626	29
110	4	1878	27
111	4	626	29
112	4	626	29
113	4	521	29
114	4	626	29
115	4	1095	27
116	4	1200	27
117	4	1304	27
118	4	1043	27
119	4	1095	27
120	4	730	27
121	4	1043	27
122	4	626	27
122	4	1826	29
123	4	1878	27
124	4	626	27
125	4	626	29
125	4	1565	27
126	4	521	29
126	4	1565	27
127	4	626	29
127	4	1565	27
128	4	626	29
128	4	1356	27
129	4	991	27
130	4	521	29
131	4	626	29
131	4	1722	27
132	4	626	29
133	4	626	27
134	4	887	27
135	4	574	29
135	4	1878	27
136	4	521	29
136	4	1356	27
137	4	678	27
138	4	626	29
138	4	1565	27
139	4	626	27
139	4	1513	29
140	4	1252	27
141	4	574	29
141	4	1408	27
142	4	626	29
143	4	1200	27
144	4	1617	27
145	4	1095	27
146	4	626	29
146	4	1982	27
147	4	626	29
147	4	2087	27
148	4	1200	27
149	4	626	27
150	4	521	29
150	4	1878	27
151	4	730	27
152	4	574	29
152	4	1669	27
153	4	574	29
154	4	626	29
154	4	1513	27
155	4	574	29
155	4	1774	27
156	4	574	29
156	4	1565	27
158	4	521	29
159	4	626	29
159	4	1461	27
160	4	730	27
161	4	1461	27
162	4	887	27
163	4	1095	27
164	4	521	29
164	4	2243	27
165	4	521	29
165	4	1617	27
166	4	1774	27
167	4	1043	27
168	4	2139	27
169	4	626	27
170	4	626	29
170	4	1513	27
171	4	626	27
172	4	1043	27
173	4	1252	27
174	4	887	27
175	4	626	27
175	4	2139	29
176	4	574	29
177	4	1513	27
178	4	1982	27
179	4	626	29
179	4	1722	27
180	4	1930	27
181	4	574	29
182	4	887	27
183	4	574	29
183	4	1982	27
184	4	991	27
185	4	678	27
185	4	1774	29
186	4	1982	27
187	4	834	27
188	4	939	27
189	4	626	29
189	4	1774	27
190	4	1095	27
191	4	626	27
192	4	626	27
192	4	1669	29
193	4	574	29
193	4	1982	27
194	4	626	27
196	4	574	29
196	4	1252	27
197	4	2295	27
198	4	678	27
198	4	2295	29
199	4	574	29
199	4	1617	27
200	4	1043	27
201	4	1252	27
202	4	834	27
203	4	626	29
203	4	2243	27
204	4	574	29
204	4	2087	27
205	4	1148	27
206	4	574	29
206	4	1252	27
206	4	2035	30
207	4	626	29
207	4	1774	27
208	4	574	29
209	4	1878	27
210	4	574	29
211	4	1408	27
212	4	730	27
213	4	1565	27
214	4	730	27
215	4	1200	27
216	4	887	27
217	4	574	29
218	4	626	29
219	4	2035	27
220	4	1408	27
221	4	626	27
222	4	834	27
223	4	626	29
224	4	678	27
225	4	626	29
225	4	1513	27
226	4	521	29
226	4	1408	27
227	4	626	27
228	4	574	29
228	4	1565	27
229	4	626	27
230	4	574	29
231	4	521	29
231	4	2243	27
232	4	626	29
232	4	1513	27
233	4	1043	27
234	4	2191	27
235	4	1252	27
236	4	678	27
237	4	887	27
239	4	1095	27
240	4	574	29
240	4	1722	27
241	4	574	29
241	4	1774	27
242	4	626	29
242	4	1722	27
243	4	521	29
243	4	1565	27
244	4	521	29
244	4	2087	27
245	4	991	27
246	4	1826	27
247	4	1774	27
248	4	574	29
249	4	574	29
250	4	574	29
250	4	1565	27
251	4	730	27
252	4	1252	27
253	4	574	29
255	4	991	27
256	4	521	29
256	4	2139	27
257	4	939	27
258	4	626	27
259	4	574	29
259	4	2243	27
260	4	626	29
260	4	1930	27
262	4	939	27
263	4	730	27
264	4	626	29
265	4	626	27
266	4	574	29
266	4	2139	27
267	4	574	29
268	4	991	27
269	4	626	27
270	4	730	27
271	4	678	27
271	4	2087	29
272	4	521	29
272	4	1304	27
272	4	2243	30
273	4	2087	27
274	4	991	27
275	4	1722	27
276	4	1982	27
277	4	782	27
278	4	1200	27
279	4	1200	27
280	4	626	27
282	4	1356	27
283	4	991	27
284	4	626	29
284	4	1356	27
285	4	1043	27
286	4	574	29
286	4	1617	27
287	4	1200	27
288	4	626	27
289	4	1774	27
290	4	2139	27
291	4	678	27
292	4	1722	27
293	4	574	29
293	4	1513	27
294	4	626	29
295	4	1043	27
296	4	574	29
297	4	626	27
298	4	730	27
299	4	626	29
300	4	1043	27
301	4	574	29
301	4	2087	27
302	4	626	29
302	4	1878	27
303	4	521	29
303	4	1408	27
304	4	574	29
304	4	2139	27
306	4	574	29
306	4	1722	27
307	4	521	29
308	4	574	29
309	4	574	29
309	4	1408	27
310	4	626	29
310	4	1617	27
311	4	887	27
312	4	834	27
313	4	626	27
314	4	1095	27
315	4	626	29
315	4	1722	27
316	4	1982	27
317	4	1148	27
318	4	1304	27
319	4	887	27
320	4	1095	27
321	4	626	27
322	4	521	29
322	4	2035	27
323	4	1565	27
324	4	1043	27
325	4	1200	27
326	4	626	29
326	4	2139	27
327	4	1043	27
328	4	626	27
329	4	1148	27
330	4	626	27
331	4	626	27
332	4	626	27
332	4	1722	29
333	4	626	29
333	4	2035	27
334	4	1148	27
335	4	626	29
335	4	2035	27
336	4	626	27
337	4	678	27
338	4	1200	27
339	4	626	27
340	4	1043	27
341	4	1043	27
342	4	574	29
342	4	1408	27
343	4	626	29
343	4	1930	27
344	4	1878	27
345	4	574	29
345	4	1669	27
346	4	626	27
346	4	1826	29
347	4	678	27
348	4	626	29
348	4	2139	27
349	4	626	29
349	4	1461	27
350	4	1930	27
351	4	626	29
352	4	678	27
353	4	626	29
354	4	521	29
354	4	1304	27
355	4	626	27
356	4	887	27
357	4	626	29
358	4	782	27
360	4	626	29
361	4	574	29
361	4	2139	27
362	4	991	27
364	4	626	29
365	4	1461	27
366	4	678	27
367	4	574	29
367	4	2295	27
368	4	626	29
368	4	1356	27
369	4	626	29
369	4	1408	27
370	4	782	27
371	4	574	29
372	4	678	27
373	4	782	27
374	4	1304	27
375	4	1252	27
376	4	626	29
377	4	1095	27
378	4	834	27
379	4	678	27
380	4	626	29
381	4	626	27
382	4	626	27
383	4	1200	27
384	4	626	27
385	4	730	27
386	4	626	27
387	4	574	29
387	4	1461	27
388	4	1826	27
389	4	626	29
390	4	626	29
390	4	1826	27
391	4	626	27
392	4	730	27
393	4	574	29
393	4	1930	27
394	4	626	29
395	4	626	27
396	4	626	29
396	4	1356	27
397	4	1095	27
398	4	521	29
399	4	521	29
400	4	626	27
401	4	1930	27
402	4	626	29
402	4	2191	27
403	4	1930	27
404	4	678	27
405	4	1095	27
406	4	626	29
406	4	1722	27
407	4	991	27
409	4	1043	27
410	4	939	27
411	4	521	29
411	4	1461	27
412	4	626	27
412	4	1408	29
412	4	2295	30
413	4	626	29
413	4	1200	27
414	4	574	29
414	4	1774	27
415	4	626	27
415	4	1982	29
416	4	1356	27
417	4	574	29
417	4	2035	27
418	4	574	29
418	4	1513	27
419	4	469	29
419	4	1513	27
420	4	626	27
421	4	1930	27
422	4	834	27
423	4	782	27
424	4	574	29
424	4	1408	27
424	4	2191	30
425	4	678	27
426	4	626	27
426	4	2295	28
427	4	1826	27
428	4	574	29
429	4	574	29
430	4	574	29
431	4	574	29
431	4	1774	27
432	4	626	27
432	4	1669	29
433	4	730	27
434	4	626	27
434	4	1617	29
435	4	521	29
435	4	1722	27
436	4	626	27
436	4	1408	29
437	4	574	29
437	4	2191	27
438	4	678	27
439	4	782	27
440	4	626	29
441	4	1774	27
442	4	678	27
443	4	730	27
444	4	1565	27
445	4	626	29
445	4	1774	27
446	4	626	27
447	4	1513	27
448	4	991	27
449	4	1930	27
450	4	2087	27
451	4	521	29
451	4	1774	27
452	4	574	29
453	4	574	29
453	4	1461	27
454	4	1095	27
455	4	1043	27
456	4	1043	27
457	4	678	27
458	4	1200	27
459	4	626	27
460	4	626	29
460	4	2243	27
461	4	574	29
461	4	1617	27
462	4	626	29
463	4	574	29
463	4	1304	27
464	4	782	27
465	4	626	29
465	4	2191	27
466	4	626	29
466	4	1826	27
467	4	521	29
467	4	2243	27
468	4	626	29
468	4	2295	27
469	4	574	29
469	4	1565	27
470	4	939	27
471	4	939	27
472	4	521	29
472	4	2139	27
473	4	574	29
473	4	2139	27
474	4	574	29
474	4	1565	27
475	4	887	27
476	4	1304	27
477	4	1095	27
478	4	782	27
480	4	678	27
481	4	574	29
481	4	1461	27
482	4	626	27
483	4	1461	27
484	4	1878	27
485	4	1095	27
486	4	1148	27
487	4	626	29
488	4	1095	27
489	4	626	29
489	4	1461	27
490	4	626	29
490	4	1722	27
491	4	678	27
492	4	887	27
492	4	2035	29
493	4	678	27
494	4	574	29
495	4	939	27
496	4	521	29
496	4	1774	27
497	4	521	29
498	4	626	29
499	4	626	27
500	4	574	29
500	4	1304	27
501	4	1148	27
502	4	678	27
503	4	626	29
503	4	1356	27
503	4	2191	30
504	4	1513	27
505	4	1200	27
506	4	626	29
507	4	1148	27
508	4	626	27
508	4	2035	28
508	4	2087	29
510	4	1878	27
512	4	887	27
513	4	939	27
514	4	626	27
515	4	574	29
515	4	1774	27
516	4	1148	27
517	4	1148	27
518	4	782	27
519	4	574	29
519	4	1722	27
520	4	626	29
521	4	626	29
521	4	1461	27
522	4	626	27
522	4	1774	29
523	4	626	29
523	4	1930	27
524	4	1982	27
525	4	626	29
525	4	1565	27
526	4	1826	27
527	4	574	29
528	4	626	29
529	4	626	27
529	4	1565	29
530	4	1095	27
531	4	887	27
532	4	678	27
533	4	1826	27
534	4	626	27
534	4	1565	29
535	4	1617	27
536	4	1252	27
537	4	574	29
537	4	1878	27
538	4	574	29
539	4	626	29
540	4	626	27
541	4	521	29
541	4	2087	27
542	4	834	27
543	4	1148	27
544	4	521	29
544	4	1461	27
545	4	730	27
546	4	1043	27
547	4	626	27
547	4	1774	29
548	4	1252	27
549	4	1304	27
550	4	521	29
550	4	1252	27
551	4	521	29
551	4	1461	27
552	4	1356	27
553	4	678	27
554	4	521	29
554	4	1878	27
555	4	521	29
555	4	1408	27
556	4	626	29
556	4	1826	27
557	4	1304	27
558	4	469	29
559	4	991	27
559	4	2035	29
560	4	1252	27
561	4	678	27
562	4	730	27
563	4	626	27
564	4	1252	27
565	4	626	29
565	4	1513	27
566	4	626	29
567	4	626	29
568	4	574	29
568	4	1565	27
569	4	626	29
570	4	1200	27
571	4	574	29
571	4	2087	27
572	4	1304	27
573	4	1513	27
574	4	678	27
575	4	574	29
575	4	1252	27
576	4	1043	27
577	4	626	27
578	4	574	29
579	4	626	29
580	4	1982	27
581	4	1095	27
582	4	626	27
583	4	626	27
583	4	1617	29
584	4	574	29
584	4	2243	27
585	4	574	29
585	4	1304	27
586	4	574	29
586	4	1669	27
587	4	521	29
587	4	1200	27
588	4	678	27
589	4	521	29
589	4	1722	27
590	4	626	29
591	4	1408	27
593	4	574	29
594	4	626	27
595	4	626	29
595	4	1461	27
596	4	678	27
597	4	678	27
598	4	574	29
598	4	2243	27
599	4	626	29
599	4	1982	27
600	4	1513	27
601	4	626	27
602	4	678	27
603	4	626	29
604	4	626	27
604	4	2295	29
605	4	991	27
606	4	626	29
606	4	1930	27
607	4	574	29
607	4	1774	27
608	4	521	29
608	4	1982	27
609	4	2087	27
610	4	2087	27
611	4	626	29
612	4	1095	27
613	4	1148	27
614	4	1095	27
615	4	782	27
616	4	887	27
617	4	1774	27
618	4	1513	27
619	4	939	27
620	4	626	29
621	4	939	27
622	4	574	29
623	4	1148	27
624	4	521	29
625	4	1043	27
626	4	469	29
626	4	2035	27
627	4	626	29
627	4	2139	27
628	4	574	29
628	4	1878	27
629	4	574	29
630	4	678	27
631	4	730	27
631	4	2295	28
632	4	626	29
632	4	1930	27
633	4	1095	27
634	4	1148	27
635	4	1252	27
636	4	2087	27
637	4	991	27
638	4	1304	27
639	4	521	29
639	4	1513	27
640	4	626	29
641	4	626	29
642	4	1095	27
643	4	2087	27
644	4	626	27
645	4	626	27
646	4	626	29
646	4	1513	27
647	4	1461	27
648	4	782	27
649	4	626	29
649	4	2087	27
650	4	1513	27
651	4	626	27
652	4	626	29
652	4	1878	27
653	4	678	27
654	4	521	29
655	4	521	29
655	4	2087	27
656	4	574	29
656	4	2243	27
657	4	521	29
658	4	626	29
658	4	1722	27
659	4	1043	27
660	4	887	27
661	4	626	29
661	4	2243	27
662	4	574	29
662	4	2087	27
663	4	991	27
664	4	626	27
664	4	1722	29
665	4	626	27
666	4	626	29
666	4	1930	27
667	4	574	29
668	4	782	27
669	4	939	27
670	4	834	27
671	4	1148	27
672	4	939	27
673	4	782	27
674	4	730	27
675	4	939	27
676	4	626	29
676	4	1722	27
677	4	991	27
678	4	626	29
678	4	2035	27
679	4	1200	27
680	4	991	27
681	4	887	27
682	4	521	29
682	4	2295	27
683	4	1095	27
684	4	939	27
685	4	626	27
686	4	626	29
687	4	1252	27
688	4	1043	27
689	4	991	27
690	4	574	29
691	4	626	29
691	4	1617	27
692	4	626	27
692	4	1722	29
693	4	626	29
693	4	1878	27
694	4	678	27
695	4	574	29
695	4	1930	27
696	4	730	27
697	4	574	29
697	4	1774	27
698	4	1252	27
699	4	782	27
700	4	626	29
701	4	678	27
701	4	2139	29
702	4	626	27
703	4	521	29
703	4	1669	27
704	4	1826	27
705	4	678	27
706	4	574	29
706	4	2191	27
707	4	626	29
708	4	1095	27
709	4	521	29
709	4	1669	27
710	4	574	29
710	4	1513	27
711	4	1043	27
712	4	626	27
713	4	1356	27
714	4	626	27
715	4	626	27
716	4	626	29
716	4	1513	27
717	4	782	27
717	4	2139	29
718	4	521	29
718	4	1826	27
719	4	574	29
720	4	1826	27
721	4	626	29
721	4	1982	27
722	4	521	29
722	4	1304	27
723	4	678	27
724	4	626	27
725	4	626	29
725	4	1930	27
726	4	521	29
726	4	1565	27
727	4	1252	27
728	4	1826	27
729	4	626	27
730	4	626	29
731	4	574	29
731	4	2243	27
732	4	678	27
733	4	626	29
733	4	1878	27
734	4	521	29
734	4	2035	27
735	4	1826	27
736	4	782	27
737	4	626	29
737	4	1826	27
738	4	574	29
738	4	1565	27
739	4	991	27
740	4	2191	27
741	4	678	27
742	4	626	29
742	4	1669	27
743	4	574	29
743	4	2035	27
744	4	991	27
745	4	1148	27
746	4	1148	27
747	4	730	27
748	4	1982	27
749	4	1095	27
750	4	626	27
751	4	1043	27
752	4	834	27
753	4	626	29
753	4	1669	27
754	4	626	29
754	4	1774	27
755	4	626	29
755	4	2295	27
756	4	626	29
756	4	1356	27
757	4	1356	27
758	4	626	29
758	4	2243	27
759	4	1356	27
760	4	626	27
761	4	521	29
761	4	2191	27
762	4	574	29
763	4	991	27
764	4	730	27
765	4	521	29
765	4	2243	27
766	4	626	29
767	4	834	27
768	4	1200	27
769	4	626	27
770	4	1878	27
771	4	1095	27
772	4	730	27
773	4	1356	27
774	4	574	29
774	4	1565	27
775	4	574	29
776	4	521	29
776	4	1565	27
777	4	1930	27
778	4	626	27
779	4	1878	27
780	4	626	27
781	4	574	29
781	4	1878	27
782	4	574	29
783	4	1461	27
784	4	521	29
784	4	2295	27
785	4	626	27
786	4	730	27
787	4	1304	27
788	4	521	29
789	4	887	27
790	4	782	27
791	4	1148	27
792	4	678	27
793	4	574	29
793	4	1930	27
794	4	574	29
794	4	2243	27
795	4	1356	27
796	4	1408	27
797	4	626	29
798	4	782	27
799	4	2295	27
800	4	1043	27
801	4	1304	27
802	4	574	29
803	4	626	29
803	4	1930	27
804	4	574	29
804	4	2139	27
805	4	2139	27
806	4	1095	27
807	4	626	27
807	4	1513	29
808	4	1982	27
809	4	1617	27
810	4	574	29
810	4	1982	27
811	4	574	29
811	4	2035	27
812	4	521	29
812	4	1774	27
813	4	730	27
814	4	626	29
815	4	521	29
816	4	1095	27
817	4	2139	27
818	4	626	29
818	4	2139	27
819	4	1200	27
820	4	626	27
821	4	1043	27
822	4	574	29
822	4	1878	27
823	4	626	27
823	4	1722	29
824	4	991	27
825	4	991	27
826	4	782	27
827	4	626	29
828	4	1200	27
829	4	1826	27
830	4	1095	27
831	4	521	29
831	4	1565	27
832	4	626	27
832	4	1669	29
833	4	626	29
834	4	626	29
834	4	1565	27
835	4	626	27
836	4	1930	27
837	4	1148	27
838	4	469	29
838	4	1774	27
839	4	1252	27
840	4	469	29
840	4	1252	27
841	4	626	27
842	4	730	27
843	4	626	29
843	4	1461	27
844	4	1200	27
845	4	1148	27
846	4	1304	27
847	4	1095	27
848	4	521	29
848	4	1565	27
849	4	1722	27
850	4	574	29
850	4	1408	27
851	4	2191	27
852	4	1043	27
853	4	1304	27
854	4	887	27
855	4	574	29
856	4	678	27
857	4	1252	27
858	4	782	27
859	4	1043	27
860	4	1304	27
861	4	626	27
862	4	1356	27
863	4	521	29
863	4	1669	27
864	4	521	29
864	4	1148	27
865	4	574	29
865	4	2295	27
866	4	626	29
866	4	1930	27
867	4	626	27
868	4	626	29
868	4	2139	27
869	4	939	27
870	4	991	27
871	4	730	27
872	4	2295	27
873	4	574	29
873	4	1513	27
874	4	730	27
875	4	626	29
876	4	574	29
877	4	574	29
877	4	1356	27
878	4	1095	27
879	4	626	27
880	4	626	27
881	4	730	27
882	4	1200	27
883	4	1565	27
884	4	626	29
885	4	678	27
885	4	1669	29
886	4	834	27
887	4	574	29
888	4	782	27
889	4	1356	27
890	4	1095	27
891	4	626	29
892	4	1513	27
893	4	574	29
894	4	626	27
895	4	574	29
895	4	2191	27
896	4	626	27
897	4	626	29
898	4	521	29
898	4	1617	27
899	4	626	29
899	4	1722	27
900	4	991	27
901	4	626	29
902	4	887	27
903	4	574	29
903	4	1669	27
905	4	1095	27
906	4	521	29
907	4	1826	27
908	4	626	29
909	4	1774	27
910	4	1095	27
911	4	730	27
912	4	626	27
913	4	1200	27
914	4	887	27
915	4	1148	27
916	4	574	29
916	4	1669	27
917	4	626	29
918	4	1095	27
919	4	1200	27
920	4	834	27
921	4	678	27
922	4	626	27
923	4	1095	27
924	4	574	29
924	4	1513	27
925	4	626	27
926	4	574	29
926	4	1878	27
927	4	678	27
929	4	626	29
929	4	1774	27
930	4	887	27
931	4	574	29
931	4	1356	27
932	4	1095	27
933	4	1095	27
934	4	991	27
935	4	626	29
936	4	730	27
937	4	887	27
938	4	887	27
939	4	626	27
940	4	521	29
940	4	1617	27
941	4	521	29
941	4	1617	27
942	4	521	29
942	4	1513	27
943	4	521	29
944	4	730	27
945	4	1356	27
946	4	730	27
947	4	678	27
947	4	1617	29
948	4	626	29
949	4	521	29
949	4	1356	27
950	4	626	27
951	4	1565	27
952	4	1565	27
953	4	626	27
954	4	521	29
954	4	1826	27
955	4	991	27
956	4	574	29
957	4	1200	27
958	4	834	27
959	4	1774	27
960	4	626	27
961	4	626	29
961	4	2087	27
962	4	1930	27
963	4	626	29
964	4	521	29
964	4	1513	27
965	4	939	27
966	4	574	29
966	4	2035	27
967	4	678	27
968	4	521	29
969	4	626	29
969	4	1878	27
971	4	626	29
971	4	2087	27
972	4	574	29
972	4	1304	27
973	4	626	29
974	4	574	29
975	4	1252	27
976	4	626	29
976	4	1722	27
977	4	1565	27
978	4	574	29
978	4	1878	27
979	4	1148	27
980	4	1617	27
981	4	834	27
982	4	521	29
983	4	574	29
984	4	939	27
985	4	991	27
986	4	2139	27
987	4	1095	27
988	4	626	29
988	4	2191	27
989	4	574	29
990	4	1356	27
991	4	1148	27
992	4	1930	27
993	4	678	27
994	4	1774	27
995	4	574	29
995	4	1826	27
996	4	1043	27
997	4	2087	27
998	4	626	27
998	4	1774	29
999	4	1304	27
0	5	626	27
0	5	2191	29
1	5	626	27
2	5	521	29
3	5	1095	27
4	5	626	29
4	5	1461	27
5	5	626	27
6	5	626	27
7	5	834	27
8	5	678	27
8	5	2191	29
9	5	1043	27
10	5	574	29
10	5	1982	27
12	5	1461	27
13	5	1252	27
14	5	521	29
14	5	2295	27
15	5	521	29
16	5	626	29
17	5	626	29
17	5	1982	27
18	5	574	29
18	5	2243	27
19	5	1669	27
20	5	574	29
20	5	1826	27
21	5	469	29
22	5	782	27
23	5	626	29
23	5	2087	27
24	5	521	29
24	5	1826	27
25	5	1408	27
26	5	730	27
27	5	626	29
27	5	1982	27
28	5	782	27
28	5	1774	29
29	5	730	27
30	5	1200	27
31	5	626	27
32	5	1095	27
33	5	574	29
34	5	521	29
34	5	2035	27
35	5	626	29
35	5	1930	27
36	5	626	27
37	5	678	27
38	5	626	27
39	5	626	29
39	5	2243	27
40	5	626	29
40	5	1565	27
41	5	730	27
42	5	626	27
43	5	521	29
43	5	1878	27
44	5	1617	27
45	5	626	27
46	5	521	29
46	5	2295	27
47	5	782	27
48	5	1304	27
49	5	574	29
49	5	1669	27
50	5	1356	27
51	5	1461	27
52	5	782	27
53	5	626	29
53	5	1565	27
55	5	626	27
56	5	1043	27
57	5	521	29
57	5	1513	27
58	5	626	29
58	5	1722	27
59	5	574	29
59	5	1878	27
60	5	939	27
61	5	626	27
62	5	626	29
62	5	1617	27
63	5	626	27
64	5	1826	27
65	5	521	29
65	5	2243	27
66	5	1095	27
67	5	678	27
68	5	1304	27
69	5	626	29
70	5	626	29
71	5	1043	27
73	5	1565	27
74	5	626	29
75	5	626	27
76	5	1304	27
77	5	1148	27
78	5	1200	27
79	5	678	27
80	5	626	27
81	5	574	29
82	5	626	29
83	5	834	27
84	5	626	27
85	5	1617	27
86	5	782	27
87	5	521	29
87	5	1461	27
88	5	626	27
88	5	2295	29
89	5	626	27
90	5	1148	27
91	5	626	27
92	5	574	29
92	5	2087	27
93	5	1252	27
94	5	1878	27
95	5	730	27
96	5	730	27
97	5	1043	27
98	5	1356	27
99	5	834	27
100	5	1356	27
101	5	730	27
102	5	574	29
102	5	2139	27
103	5	782	27
104	5	521	29
104	5	1878	27
105	5	1826	27
106	5	730	27
106	5	1669	29
107	5	626	29
107	5	1826	27
108	5	626	29
109	5	991	27
110	5	626	29
110	5	1878	27
111	5	626	29
112	5	626	29
113	5	521	29
114	5	626	29
115	5	1095	27
116	5	1200	27
117	5	1304	27
118	5	1043	27
119	5	1095	27
120	5	730	27
121	5	1043	27
122	5	626	27
122	5	1826	29
123	5	1878	27
124	5	626	27
125	5	626	29
125	5	1565	27
126	5	521	29
126	5	1565	27
127	5	626	29
127	5	1565	27
128	5	626	29
128	5	1356	27
129	5	991	27
130	5	521	29
131	5	626	29
131	5	1722	27
132	5	626	29
133	5	626	27
134	5	887	27
135	5	574	29
135	5	1878	27
136	5	521	29
136	5	1356	27
137	5	678	27
138	5	626	29
138	5	1565	27
139	5	626	27
139	5	1513	29
140	5	1252	27
141	5	574	29
141	5	1408	27
142	5	626	29
143	5	1200	27
144	5	1617	27
145	5	1095	27
146	5	626	29
146	5	1982	27
147	5	626	29
147	5	2087	27
148	5	1200	27
149	5	626	27
150	5	521	29
150	5	1878	27
151	5	730	27
152	5	574	29
152	5	1669	27
153	5	574	29
154	5	626	29
154	5	1513	27
155	5	574	29
155	5	1774	27
156	5	574	29
156	5	1565	27
158	5	521	29
159	5	626	29
159	5	1461	27
160	5	730	27
161	5	1461	27
162	5	887	27
163	5	1095	27
164	5	521	29
164	5	2243	27
165	5	521	29
165	5	1617	27
166	5	1774	27
167	5	1043	27
168	5	2139	27
169	5	626	27
170	5	626	29
170	5	1513	27
171	5	626	27
172	5	1043	27
173	5	1252	27
174	5	887	27
175	5	626	27
175	5	2139	29
176	5	574	29
177	5	1513	27
178	5	1982	27
179	5	626	29
179	5	1722	27
180	5	1930	27
181	5	574	29
182	5	887	27
183	5	574	29
183	5	1982	27
184	5	991	27
185	5	678	27
185	5	1774	29
186	5	1982	27
187	5	834	27
188	5	939	27
189	5	626	29
189	5	1774	27
190	5	1095	27
191	5	626	27
192	5	626	27
192	5	1669	29
193	5	574	29
193	5	1982	27
194	5	626	27
196	5	574	29
196	5	1252	27
197	5	2295	27
198	5	678	27
198	5	2295	29
199	5	574	29
199	5	1617	27
200	5	1043	27
201	5	1252	27
202	5	834	27
203	5	626	29
203	5	2243	27
204	5	574	29
204	5	2087	27
205	5	1148	27
206	5	574	29
206	5	1252	27
206	5	2035	30
207	5	626	29
207	5	1774	27
208	5	574	29
209	5	1878	27
210	5	574	29
211	5	1408	27
212	5	730	27
213	5	1565	27
214	5	730	27
215	5	1200	27
216	5	887	27
217	5	574	29
218	5	626	29
219	5	2035	27
220	5	1408	27
221	5	626	27
222	5	834	27
223	5	626	29
224	5	678	27
225	5	626	29
225	5	1513	27
226	5	521	29
226	5	1408	27
227	5	626	27
228	5	574	29
228	5	1565	27
229	5	626	27
230	5	574	29
231	5	521	29
231	5	2243	27
232	5	626	29
232	5	1513	27
233	5	1043	27
234	5	2191	27
235	5	1252	27
236	5	678	27
237	5	887	27
239	5	1095	27
240	5	574	29
240	5	1722	27
241	5	574	29
241	5	1774	27
242	5	626	29
242	5	1722	27
243	5	521	29
243	5	1565	27
244	5	521	29
244	5	2087	27
245	5	991	27
246	5	1826	27
247	5	1774	27
248	5	574	29
249	5	574	29
250	5	574	29
250	5	1565	27
251	5	730	27
252	5	1252	27
253	5	574	29
255	5	991	27
256	5	521	29
256	5	2139	27
257	5	939	27
258	5	626	27
259	5	574	29
259	5	2243	27
260	5	626	29
260	5	1930	27
262	5	939	27
263	5	730	27
264	5	626	29
265	5	626	27
266	5	574	29
266	5	2139	27
267	5	574	29
268	5	991	27
269	5	626	27
270	5	730	27
271	5	678	27
271	5	2087	29
272	5	521	29
272	5	1304	27
272	5	2243	30
273	5	2087	27
274	5	991	27
275	5	1722	27
276	5	1982	27
277	5	782	27
278	5	1200	27
279	5	1200	27
280	5	626	27
282	5	1356	27
283	5	991	27
284	5	626	29
284	5	1356	27
285	5	1043	27
286	5	574	29
286	5	1617	27
287	5	1200	27
288	5	626	27
289	5	1774	27
290	5	2139	27
291	5	678	27
292	5	1722	27
293	5	574	29
293	5	1513	27
294	5	626	29
295	5	1043	27
296	5	574	29
297	5	626	27
298	5	730	27
299	5	626	29
300	5	1043	27
301	5	574	29
301	5	2087	27
302	5	626	29
302	5	1878	27
303	5	521	29
303	5	1408	27
304	5	574	29
304	5	2139	27
306	5	574	29
306	5	1722	27
307	5	521	29
308	5	574	29
309	5	574	29
309	5	1408	27
310	5	626	29
310	5	1617	27
311	5	887	27
312	5	834	27
313	5	626	27
314	5	1095	27
315	5	626	29
315	5	1722	27
316	5	1982	27
317	5	1148	27
318	5	1304	27
319	5	887	27
320	5	1095	27
321	5	626	27
322	5	521	29
322	5	2035	27
323	5	1565	27
324	5	1043	27
325	5	1200	27
326	5	626	29
326	5	2139	27
327	5	1043	27
328	5	626	27
329	5	1148	27
330	5	626	27
331	5	626	27
332	5	626	27
332	5	1722	29
333	5	626	29
333	5	2035	27
334	5	1148	27
335	5	626	29
335	5	2035	27
336	5	626	27
337	5	678	27
338	5	1200	27
339	5	626	27
340	5	1043	27
341	5	1043	27
342	5	574	29
342	5	1408	27
343	5	626	29
343	5	1930	27
344	5	1878	27
345	5	574	29
345	5	1669	27
346	5	626	27
346	5	1826	29
347	5	678	27
348	5	626	29
348	5	2139	27
349	5	626	29
349	5	1461	27
350	5	1930	27
351	5	626	29
352	5	678	27
353	5	626	29
354	5	521	29
354	5	1304	27
355	5	626	27
356	5	887	27
357	5	626	29
358	5	782	27
360	5	626	29
361	5	574	29
361	5	2139	27
362	5	991	27
364	5	626	29
365	5	1461	27
366	5	678	27
367	5	574	29
367	5	2295	27
368	5	626	29
368	5	1356	27
369	5	626	29
369	5	1408	27
370	5	782	27
371	5	574	29
372	5	678	27
373	5	782	27
374	5	1304	27
375	5	1252	27
376	5	626	29
377	5	1095	27
378	5	834	27
379	5	678	27
380	5	626	29
381	5	626	27
382	5	626	27
383	5	1200	27
384	5	626	27
385	5	730	27
386	5	626	27
387	5	574	29
387	5	1461	27
388	5	1826	27
389	5	626	29
390	5	626	29
390	5	1826	27
391	5	626	27
392	5	730	27
393	5	574	29
393	5	1930	27
394	5	626	29
395	5	626	27
396	5	626	29
396	5	1356	27
397	5	1095	27
398	5	521	29
399	5	521	29
400	5	626	27
401	5	1930	27
402	5	626	29
402	5	2191	27
403	5	1930	27
404	5	678	27
405	5	1095	27
406	5	626	29
406	5	1722	27
407	5	991	27
409	5	1043	27
410	5	939	27
411	5	521	29
411	5	1461	27
412	5	626	27
412	5	1408	29
412	5	2295	30
413	5	626	29
413	5	1200	27
414	5	574	29
414	5	1774	27
415	5	626	27
415	5	1982	29
416	5	1356	27
417	5	574	29
417	5	2035	27
418	5	574	29
418	5	1513	27
419	5	469	29
419	5	1513	27
420	5	626	27
421	5	1930	27
422	5	834	27
423	5	782	27
424	5	574	29
424	5	1408	27
424	5	2191	30
425	5	678	27
426	5	626	27
426	5	2295	28
427	5	1826	27
428	5	574	29
429	5	574	29
430	5	574	29
431	5	574	29
431	5	1774	27
432	5	626	27
432	5	1669	29
433	5	730	27
434	5	626	27
434	5	1617	29
435	5	521	29
435	5	1722	27
436	5	626	27
436	5	1408	29
437	5	574	29
437	5	2191	27
438	5	678	27
439	5	782	27
440	5	626	29
441	5	1774	27
442	5	678	27
443	5	730	27
444	5	1565	27
445	5	626	29
445	5	1774	27
446	5	626	27
447	5	1513	27
448	5	991	27
449	5	1930	27
450	5	2087	27
451	5	521	29
451	5	1774	27
452	5	574	29
453	5	574	29
453	5	1461	27
454	5	1095	27
455	5	1043	27
456	5	1043	27
457	5	678	27
458	5	1200	27
459	5	626	27
460	5	626	29
460	5	2243	27
461	5	574	29
461	5	1617	27
462	5	626	29
463	5	574	29
463	5	1304	27
464	5	782	27
465	5	626	29
465	5	2191	27
466	5	626	29
466	5	1826	27
467	5	521	29
467	5	2243	27
468	5	626	29
468	5	2295	27
469	5	574	29
469	5	1565	27
470	5	939	27
471	5	939	27
472	5	521	29
472	5	2139	27
473	5	574	29
473	5	2139	27
474	5	574	29
474	5	1565	27
475	5	887	27
476	5	1304	27
477	5	1095	27
478	5	782	27
480	5	678	27
481	5	574	29
481	5	1461	27
482	5	626	27
483	5	1461	27
484	5	1878	27
485	5	1095	27
486	5	1148	27
487	5	626	29
488	5	1095	27
489	5	626	29
489	5	1461	27
490	5	626	29
490	5	1722	27
491	5	678	27
492	5	887	27
492	5	2035	29
493	5	678	27
494	5	574	29
495	5	939	27
496	5	521	29
496	5	1774	27
497	5	521	29
498	5	626	29
499	5	626	27
500	5	574	29
500	5	1304	27
501	5	1148	27
502	5	678	27
503	5	626	29
503	5	1356	27
503	5	2191	30
504	5	1513	27
505	5	1200	27
506	5	626	29
507	5	1148	27
508	5	626	27
508	5	2035	28
508	5	2087	29
510	5	1878	27
512	5	887	27
513	5	939	27
514	5	626	27
515	5	574	29
515	5	1774	27
516	5	1148	27
517	5	1148	27
518	5	782	27
519	5	574	29
519	5	1722	27
520	5	626	29
521	5	626	29
521	5	1461	27
522	5	626	27
522	5	1774	29
523	5	626	29
523	5	1930	27
524	5	1982	27
525	5	626	29
525	5	1565	27
526	5	1826	27
527	5	574	29
528	5	626	29
529	5	626	27
529	5	1565	29
530	5	1095	27
531	5	887	27
532	5	678	27
533	5	1826	27
534	5	626	27
534	5	1565	29
535	5	1617	27
536	5	1252	27
537	5	574	29
537	5	1878	27
538	5	574	29
539	5	626	29
540	5	626	27
541	5	521	29
541	5	2087	27
542	5	834	27
543	5	1148	27
544	5	521	29
544	5	1461	27
545	5	730	27
546	5	1043	27
547	5	626	27
547	5	1774	29
548	5	1252	27
549	5	1304	27
550	5	521	29
550	5	1252	27
551	5	521	29
551	5	1461	27
552	5	1356	27
553	5	678	27
554	5	521	29
554	5	1878	27
555	5	521	29
555	5	1408	27
556	5	626	29
556	5	1826	27
557	5	1304	27
558	5	469	29
559	5	991	27
559	5	2035	29
560	5	1252	27
561	5	678	27
562	5	730	27
563	5	626	27
564	5	1252	27
565	5	626	29
565	5	1513	27
566	5	626	29
567	5	626	29
568	5	574	29
568	5	1565	27
569	5	626	29
570	5	1200	27
571	5	574	29
571	5	2087	27
572	5	1304	27
573	5	1513	27
574	5	678	27
575	5	574	29
575	5	1252	27
576	5	1043	27
577	5	626	27
578	5	574	29
579	5	626	29
580	5	1982	27
581	5	1095	27
582	5	626	27
583	5	626	27
583	5	1617	29
584	5	574	29
584	5	2243	27
585	5	574	29
585	5	1304	27
586	5	574	29
586	5	1669	27
587	5	521	29
587	5	1200	27
588	5	678	27
589	5	521	29
589	5	1722	27
590	5	626	29
591	5	1408	27
593	5	574	29
594	5	626	27
595	5	626	29
595	5	1461	27
596	5	678	27
597	5	678	27
598	5	574	29
598	5	2243	27
599	5	626	29
599	5	1982	27
600	5	1513	27
601	5	626	27
602	5	678	27
603	5	626	29
604	5	626	27
604	5	2295	29
605	5	991	27
606	5	626	29
606	5	1930	27
607	5	574	29
607	5	1774	27
608	5	521	29
608	5	1982	27
609	5	2087	27
610	5	2087	27
611	5	626	29
612	5	1095	27
613	5	1148	27
614	5	1095	27
615	5	782	27
616	5	887	27
617	5	1774	27
618	5	1513	27
619	5	939	27
620	5	626	29
621	5	939	27
622	5	574	29
623	5	1148	27
624	5	521	29
625	5	1043	27
626	5	469	29
626	5	2035	27
627	5	626	29
627	5	2139	27
628	5	574	29
628	5	1878	27
629	5	574	29
630	5	678	27
631	5	730	27
631	5	2295	28
632	5	626	29
632	5	1930	27
633	5	1095	27
634	5	1148	27
635	5	1252	27
636	5	2087	27
637	5	991	27
638	5	1304	27
639	5	521	29
639	5	1513	27
640	5	626	29
641	5	626	29
642	5	1095	27
643	5	2087	27
644	5	626	27
645	5	626	27
646	5	626	29
646	5	1513	27
647	5	1461	27
648	5	782	27
649	5	626	29
649	5	2087	27
650	5	1513	27
651	5	626	27
652	5	626	29
652	5	1878	27
653	5	678	27
654	5	521	29
655	5	521	29
655	5	2087	27
656	5	574	29
656	5	2243	27
657	5	521	29
658	5	626	29
658	5	1722	27
659	5	1043	27
660	5	887	27
661	5	626	29
661	5	2243	27
662	5	574	29
662	5	2087	27
663	5	991	27
664	5	626	27
664	5	1722	29
665	5	626	27
666	5	626	29
666	5	1930	27
667	5	574	29
668	5	782	27
669	5	939	27
670	5	834	27
671	5	1148	27
672	5	939	27
673	5	782	27
674	5	730	27
675	5	939	27
676	5	626	29
676	5	1722	27
677	5	991	27
678	5	626	29
678	5	2035	27
679	5	1200	27
680	5	991	27
681	5	887	27
682	5	521	29
682	5	2295	27
683	5	1095	27
684	5	939	27
685	5	626	27
686	5	626	29
687	5	1252	27
688	5	1043	27
689	5	991	27
690	5	574	29
691	5	626	29
691	5	1617	27
692	5	626	27
692	5	1722	29
693	5	626	29
693	5	1878	27
694	5	678	27
695	5	574	29
695	5	1930	27
696	5	730	27
697	5	574	29
697	5	1774	27
698	5	1252	27
699	5	782	27
700	5	626	29
701	5	678	27
701	5	2139	29
702	5	626	27
703	5	521	29
703	5	1669	27
704	5	1826	27
705	5	678	27
706	5	574	29
706	5	2191	27
707	5	626	29
708	5	1095	27
709	5	521	29
709	5	1669	27
710	5	574	29
710	5	1513	27
711	5	1043	27
712	5	626	27
713	5	1356	27
714	5	626	27
715	5	626	27
716	5	626	29
716	5	1513	27
717	5	782	27
717	5	2139	29
718	5	521	29
718	5	1826	27
719	5	574	29
720	5	1826	27
721	5	626	29
721	5	1982	27
722	5	521	29
722	5	1304	27
723	5	678	27
724	5	626	27
725	5	626	29
725	5	1930	27
726	5	521	29
726	5	1565	27
727	5	1252	27
728	5	1826	27
729	5	626	27
730	5	626	29
731	5	574	29
731	5	2243	27
732	5	678	27
733	5	626	29
733	5	1878	27
734	5	521	29
734	5	2035	27
735	5	1826	27
736	5	782	27
737	5	626	29
737	5	1826	27
738	5	574	29
738	5	1565	27
739	5	991	27
740	5	2191	27
741	5	678	27
742	5	626	29
742	5	1669	27
743	5	574	29
743	5	2035	27
744	5	991	27
745	5	1148	27
746	5	1148	27
747	5	730	27
748	5	1982	27
749	5	1095	27
750	5	626	27
751	5	1043	27
752	5	834	27
753	5	626	29
753	5	1669	27
754	5	626	29
754	5	1774	27
755	5	626	29
755	5	2295	27
756	5	626	29
756	5	1356	27
757	5	1356	27
758	5	626	29
758	5	2243	27
759	5	1356	27
760	5	626	27
761	5	521	29
761	5	2191	27
762	5	574	29
763	5	991	27
764	5	730	27
765	5	521	29
765	5	2243	27
766	5	626	29
767	5	834	27
768	5	1200	27
769	5	626	27
770	5	1878	27
771	5	1095	27
772	5	730	27
773	5	1356	27
774	5	574	29
774	5	1565	27
775	5	574	29
776	5	521	29
776	5	1565	27
777	5	1930	27
778	5	626	27
779	5	1878	27
780	5	626	27
781	5	574	29
781	5	1878	27
782	5	574	29
783	5	1461	27
784	5	521	29
784	5	2295	27
785	5	626	27
786	5	730	27
787	5	1304	27
788	5	521	29
789	5	887	27
790	5	782	27
791	5	1148	27
792	5	678	27
793	5	574	29
793	5	1930	27
794	5	574	29
794	5	2243	27
795	5	1356	27
796	5	1408	27
797	5	626	29
798	5	782	27
799	5	2295	27
800	5	1043	27
801	5	1304	27
802	5	574	29
803	5	626	29
803	5	1930	27
804	5	574	29
804	5	2139	27
805	5	2139	27
806	5	1095	27
807	5	626	27
807	5	1513	29
808	5	1982	27
809	5	1617	27
810	5	574	29
810	5	1982	27
811	5	574	29
811	5	2035	27
812	5	521	29
812	5	1774	27
813	5	730	27
814	5	626	29
815	5	521	29
816	5	1095	27
817	5	2139	27
818	5	626	29
818	5	2139	27
819	5	1200	27
820	5	626	27
821	5	1043	27
822	5	574	29
822	5	1878	27
823	5	626	27
823	5	1722	29
824	5	991	27
825	5	991	27
826	5	782	27
827	5	626	29
828	5	1200	27
829	5	1826	27
830	5	1095	27
831	5	521	29
831	5	1565	27
832	5	626	27
832	5	1669	29
833	5	626	29
834	5	626	29
834	5	1565	27
835	5	626	27
836	5	1930	27
837	5	1148	27
838	5	469	29
838	5	1774	27
839	5	1252	27
840	5	469	29
840	5	1252	27
841	5	626	27
842	5	730	27
843	5	626	29
843	5	1461	27
844	5	1200	27
845	5	1148	27
846	5	1304	27
847	5	1095	27
848	5	521	29
848	5	1565	27
849	5	1722	27
850	5	574	29
850	5	1408	27
851	5	2191	27
852	5	1043	27
853	5	1304	27
854	5	887	27
855	5	574	29
856	5	678	27
857	5	1252	27
858	5	782	27
859	5	1043	27
860	5	1304	27
861	5	626	27
862	5	1356	27
863	5	521	29
863	5	1669	27
864	5	521	29
864	5	1148	27
865	5	574	29
865	5	2295	27
866	5	626	29
866	5	1930	27
867	5	626	27
868	5	626	29
868	5	2139	27
869	5	939	27
870	5	991	27
871	5	730	27
872	5	2295	27
873	5	574	29
873	5	1513	27
874	5	730	27
875	5	626	29
876	5	574	29
877	5	574	29
877	5	1356	27
878	5	1095	27
879	5	626	27
880	5	626	27
881	5	730	27
882	5	1200	27
883	5	1565	27
884	5	626	29
885	5	678	27
885	5	1669	29
886	5	834	27
887	5	574	29
888	5	782	27
889	5	1356	27
890	5	1095	27
891	5	626	29
892	5	1513	27
893	5	574	29
894	5	626	27
895	5	574	29
895	5	2191	27
896	5	626	27
897	5	626	29
898	5	521	29
898	5	1617	27
899	5	626	29
899	5	1722	27
900	5	991	27
901	5	626	29
902	5	887	27
903	5	574	29
903	5	1669	27
905	5	1095	27
906	5	521	29
907	5	1826	27
908	5	626	29
909	5	1774	27
910	5	1095	27
911	5	730	27
912	5	626	27
913	5	1200	27
914	5	887	27
915	5	1148	27
916	5	574	29
916	5	1669	27
917	5	626	29
918	5	1095	27
919	5	1200	27
920	5	834	27
921	5	678	27
922	5	626	27
923	5	1095	27
924	5	574	29
924	5	1513	27
925	5	626	27
926	5	574	29
926	5	1878	27
927	5	678	27
929	5	626	29
929	5	1774	27
930	5	887	27
931	5	574	29
931	5	1356	27
932	5	1095	27
933	5	1095	27
934	5	991	27
935	5	626	29
936	5	730	27
937	5	887	27
938	5	887	27
939	5	626	27
940	5	521	29
940	5	1617	27
941	5	521	29
941	5	1617	27
942	5	521	29
942	5	1513	27
943	5	521	29
944	5	730	27
945	5	1356	27
946	5	730	27
947	5	678	27
947	5	1617	29
948	5	626	29
949	5	521	29
949	5	1356	27
950	5	626	27
951	5	1565	27
952	5	1565	27
953	5	626	27
954	5	521	29
954	5	1826	27
955	5	991	27
956	5	574	29
957	5	1200	27
958	5	834	27
959	5	1774	27
960	5	626	27
961	5	626	29
961	5	2087	27
962	5	1930	27
963	5	626	29
964	5	521	29
964	5	1513	27
965	5	939	27
966	5	574	29
966	5	2035	27
967	5	678	27
968	5	521	29
969	5	626	29
969	5	1878	27
971	5	626	29
971	5	2087	27
972	5	574	29
972	5	1304	27
973	5	626	29
974	5	574	29
975	5	1252	27
976	5	626	29
976	5	1722	27
977	5	1565	27
978	5	574	29
978	5	1878	27
979	5	1148	27
980	5	1617	27
981	5	834	27
982	5	521	29
983	5	574	29
984	5	939	27
985	5	991	27
986	5	2139	27
987	5	1095	27
988	5	626	29
988	5	2191	27
989	5	574	29
990	5	1356	27
991	5	1148	27
992	5	1930	27
993	5	678	27
994	5	1774	27
995	5	574	29
995	5	1826	27
996	5	1043	27
997	5	2087	27
998	5	626	27
998	5	1774	29
999	5	1304	27
