Realization	utility	week	infra.
0	0	1095	29
1	0	1878	29
2	0	574	29
3	0	574	29
4	0	574	29
5	0	574	29
6	0	574	29
7	0	574	29
8	0	574	29
9	0	574	29
10	0	574	29
11	0	574	29
12	0	574	29
13	0	574	29
14	0	574	29
15	0	574	29
16	0	574	29
17	0	574	29
18	0	574	29
20	0	574	29
21	0	574	29
22	0	574	29
23	0	574	29
24	0	574	29
26	0	574	29
27	0	574	29
28	0	574	29
29	0	574	29
30	0	574	29
31	0	574	29
32	0	574	29
33	0	574	29
34	0	574	29
35	0	574	29
36	0	574	29
37	0	574	29
38	0	574	29
39	0	574	29
40	0	574	29
41	0	574	29
42	0	1513	29
43	0	574	29
44	0	574	29
45	0	1513	29
46	0	574	29
47	0	574	29
48	0	574	29
49	0	574	29
50	0	574	29
52	0	574	29
53	0	574	29
54	0	574	29
55	0	574	29
56	0	574	29
57	0	574	29
58	0	574	29
59	0	574	29
60	0	574	29
62	0	574	29
63	0	574	29
65	0	574	29
66	0	574	29
67	0	574	29
69	0	574	29
70	0	574	29
71	0	574	29
72	0	574	29
73	0	574	29
74	0	574	29
75	0	1565	29
76	0	574	29
78	0	574	29
79	0	1878	29
80	0	1774	29
81	0	574	29
82	0	574	29
83	0	574	29
84	0	574	29
85	0	574	29
86	0	574	29
87	0	574	29
88	0	574	29
89	0	574	29
90	0	574	29
91	0	574	29
92	0	574	29
93	0	574	29
94	0	574	29
95	0	2243	29
96	0	574	29
97	0	574	29
98	0	574	29
99	0	2087	29
101	0	574	29
102	0	574	29
103	0	574	29
104	0	574	29
105	0	574	29
106	0	574	29
107	0	574	29
108	0	574	29
109	0	574	29
110	0	574	29
111	0	574	29
112	0	574	29
113	0	574	29
114	0	574	29
116	0	574	29
117	0	574	29
118	0	2243	29
119	0	574	29
120	0	574	29
121	0	574	29
122	0	1200	29
123	0	574	29
124	0	1461	29
125	0	574	29
126	0	574	29
127	0	574	29
128	0	574	29
129	0	574	29
130	0	574	29
131	0	574	29
132	0	574	29
133	0	574	29
134	0	1982	29
135	0	574	29
136	0	574	29
137	0	574	29
138	0	574	29
139	0	1148	29
139	0	2191	30
140	0	574	29
141	0	574	29
142	0	574	29
143	0	574	29
144	0	574	29
145	0	574	29
146	0	574	29
147	0	574	29
148	0	574	29
149	0	574	29
150	0	574	29
151	0	574	29
152	0	574	29
153	0	574	29
154	0	574	29
155	0	574	29
156	0	574	29
157	0	574	29
158	0	574	29
159	0	574	29
160	0	574	29
161	0	574	29
162	0	574	29
163	0	574	29
164	0	574	29
165	0	574	29
166	0	574	29
167	0	574	29
168	0	574	29
169	0	2191	29
170	0	574	29
171	0	574	29
172	0	574	29
173	0	574	29
174	0	574	29
175	0	574	29
176	0	574	29
178	0	574	29
179	0	574	29
181	0	574	29
182	0	574	29
183	0	574	29
185	0	1356	29
186	0	574	29
187	0	574	29
188	0	574	29
189	0	574	29
190	0	574	29
192	0	1461	29
193	0	574	29
194	0	574	29
195	0	574	29
196	0	574	29
196	0	2295	30
197	0	574	29
198	0	574	29
199	0	574	29
200	0	574	29
201	0	574	29
202	0	574	29
203	0	574	29
204	0	574	29
205	0	574	29
206	0	574	29
206	0	2191	30
207	0	574	29
208	0	574	29
209	0	574	29
210	0	574	29
211	0	574	29
212	0	574	29
213	0	574	29
214	0	574	29
215	0	574	29
216	0	574	29
217	0	574	29
218	0	574	29
219	0	574	29
220	0	574	29
221	0	574	29
222	0	574	29
223	0	574	29
224	0	574	29
225	0	574	29
226	0	574	29
227	0	2243	29
228	0	574	29
229	0	574	29
230	0	574	29
231	0	574	29
232	0	574	29
233	0	574	29
234	0	574	29
235	0	574	29
236	0	574	29
237	0	574	29
238	0	574	29
240	0	574	29
241	0	574	29
242	0	574	29
243	0	574	29
244	0	574	29
245	0	574	29
246	0	574	29
247	0	574	29
248	0	574	29
249	0	574	29
250	0	574	29
251	0	574	29
252	0	574	29
253	0	574	29
254	0	574	29
255	0	574	29
256	0	574	29
257	0	574	29
258	0	1461	29
259	0	574	29
260	0	574	29
261	0	574	29
262	0	574	29
263	0	574	29
264	0	574	29
265	0	574	29
266	0	574	29
267	0	574	29
268	0	1617	29
269	0	1304	29
270	0	574	29
271	0	574	29
272	0	574	29
273	0	574	29
274	0	574	29
275	0	574	29
276	0	574	29
277	0	574	29
278	0	574	29
279	0	574	29
280	0	574	29
281	0	574	29
282	0	574	29
283	0	574	29
284	0	574	29
285	0	574	29
286	0	574	29
287	0	574	29
288	0	2087	29
289	0	574	29
290	0	574	29
292	0	2295	29
293	0	574	29
294	0	574	29
295	0	574	29
296	0	574	29
297	0	574	29
298	0	574	29
299	0	574	29
300	0	574	29
301	0	574	29
302	0	574	29
303	0	574	29
304	0	574	29
305	0	574	29
306	0	574	29
307	0	574	29
308	0	574	29
309	0	574	29
310	0	574	29
311	0	574	29
312	0	574	29
313	0	574	29
314	0	574	29
315	0	574	29
316	0	574	29
317	0	574	29
319	0	574	29
322	0	574	29
323	0	574	29
326	0	574	29
327	0	574	29
328	0	574	29
329	0	574	29
330	0	574	29
331	0	1930	29
332	0	1408	29
333	0	574	29
334	0	574	29
335	0	574	29
336	0	574	29
337	0	574	29
338	0	574	29
339	0	1930	29
340	0	574	29
341	0	574	29
342	0	574	29
343	0	574	29
345	0	574	29
346	0	574	29
348	0	574	29
349	0	574	29
350	0	574	29
351	0	574	29
352	0	574	29
353	0	574	29
354	0	574	29
356	0	574	29
357	0	574	29
358	0	574	29
359	0	574	29
360	0	574	29
361	0	574	29
362	0	574	29
363	0	574	29
364	0	574	29
365	0	574	29
366	0	574	29
367	0	574	29
368	0	574	29
369	0	574	29
370	0	574	29
371	0	574	29
372	0	2035	29
374	0	574	29
375	0	574	29
376	0	574	29
377	0	574	29
378	0	574	29
379	0	1565	29
380	0	574	29
381	0	574	29
382	0	1982	29
383	0	574	29
384	0	1669	29
385	0	574	29
386	0	574	29
387	0	574	29
388	0	574	29
389	0	574	29
390	0	574	29
391	0	574	29
392	0	574	29
393	0	574	29
394	0	574	29
396	0	574	29
397	0	574	29
398	0	574	29
399	0	574	29
400	0	574	29
401	0	574	29
402	0	574	29
403	0	574	29
404	0	2087	29
405	0	574	29
406	0	574	29
407	0	574	29
408	0	574	29
409	0	574	29
410	0	2139	29
411	0	574	29
412	0	1095	29
412	0	2191	30
413	0	574	29
414	0	574	29
415	0	1461	29
416	0	574	29
417	0	574	29
418	0	574	29
419	0	574	29
420	0	574	29
421	0	574	29
422	0	574	29
423	0	574	29
424	0	574	29
425	0	574	29
426	0	574	29
427	0	574	29
428	0	574	29
429	0	574	29
430	0	574	29
431	0	574	29
432	0	1304	29
433	0	574	29
434	0	1200	29
435	0	574	29
436	0	574	29
437	0	574	29
438	0	574	29
439	0	574	29
440	0	574	29
441	0	574	29
442	0	574	29
443	0	574	29
444	0	574	29
445	0	574	29
446	0	2243	29
447	0	574	29
448	0	574	29
449	0	574	29
450	0	574	29
451	0	574	29
452	0	574	29
453	0	574	29
454	0	574	29
455	0	574	29
456	0	2191	29
457	0	574	29
458	0	574	29
459	0	574	29
460	0	574	29
461	0	574	29
462	0	574	29
463	0	574	29
464	0	574	29
465	0	574	29
466	0	574	29
467	0	574	29
468	0	574	29
469	0	574	29
470	0	574	29
471	0	574	29
472	0	574	29
473	0	574	29
474	0	574	29
475	0	574	29
476	0	574	29
477	0	574	29
478	0	574	29
479	0	574	29
480	0	574	29
481	0	574	29
482	0	2243	29
484	0	574	29
486	0	574	29
487	0	574	29
488	0	574	29
489	0	574	29
490	0	574	29
491	0	1878	29
492	0	574	29
493	0	574	29
494	0	574	29
495	0	574	29
496	0	574	29
497	0	574	29
498	0	574	29
499	0	574	29
500	0	574	29
501	0	2191	29
502	0	574	29
503	0	574	29
504	0	574	29
505	0	574	29
506	0	574	29
507	0	574	29
508	0	1200	29
510	0	574	29
511	0	574	29
512	0	574	29
513	0	574	29
514	0	574	29
515	0	574	29
516	0	574	29
517	0	574	29
519	0	574	29
520	0	574	29
521	0	574	29
522	0	574	29
523	0	574	29
524	0	574	29
525	0	574	29
526	0	574	29
527	0	574	29
528	0	574	29
529	0	1095	29
530	0	574	29
531	0	1669	29
532	0	574	29
533	0	574	29
534	0	1095	29
535	0	574	29
536	0	574	29
537	0	574	29
538	0	574	29
539	0	574	29
540	0	574	29
541	0	574	29
543	0	1722	29
544	0	574	29
545	0	574	29
547	0	574	29
548	0	574	29
549	0	574	29
550	0	574	29
551	0	574	29
552	0	574	29
553	0	574	29
554	0	574	29
555	0	574	29
556	0	574	29
557	0	574	29
558	0	574	29
559	0	574	29
560	0	574	29
561	0	574	29
562	0	574	29
563	0	574	29
564	0	574	29
565	0	574	29
566	0	574	29
567	0	574	29
568	0	574	29
569	0	574	29
570	0	574	29
571	0	574	29
572	0	574	29
573	0	574	29
575	0	574	29
576	0	574	29
577	0	1252	29
578	0	574	29
579	0	574	29
580	0	574	29
581	0	574	29
582	0	574	29
583	0	1095	29
584	0	574	29
585	0	574	29
586	0	574	29
587	0	574	29
588	0	574	29
589	0	574	29
590	0	574	29
591	0	574	29
592	0	574	29
593	0	574	29
594	0	574	29
595	0	574	29
596	0	574	29
598	0	574	29
599	0	574	29
600	0	574	29
601	0	574	29
602	0	574	29
603	0	574	29
604	0	574	29
605	0	574	29
606	0	574	29
607	0	574	29
608	0	574	29
609	0	574	29
611	0	574	29
612	0	574	29
613	0	574	29
614	0	574	29
615	0	574	29
616	0	574	29
617	0	574	29
619	0	574	29
620	0	574	29
621	0	574	29
622	0	574	29
623	0	574	29
624	0	574	29
625	0	574	29
626	0	574	29
627	0	574	29
628	0	574	29
629	0	574	29
630	0	574	29
631	0	574	29
632	0	574	29
633	0	574	29
634	0	574	29
636	0	574	29
637	0	574	29
638	0	574	29
639	0	574	29
640	0	574	29
641	0	574	29
643	0	574	29
645	0	1565	29
646	0	574	29
648	0	1722	29
649	0	574	29
650	0	574	29
651	0	574	29
652	0	574	29
653	0	574	29
654	0	574	29
655	0	574	29
656	0	574	29
657	0	574	29
658	0	574	29
659	0	1826	29
660	0	574	29
661	0	574	29
662	0	574	29
663	0	574	29
664	0	574	29
665	0	1513	29
666	0	574	29
667	0	574	29
668	0	574	29
669	0	1826	29
670	0	574	29
672	0	2191	29
673	0	574	29
674	0	574	29
675	0	1617	29
676	0	574	29
677	0	574	29
678	0	574	29
679	0	574	29
680	0	1617	29
681	0	574	29
682	0	574	29
683	0	574	29
684	0	574	29
685	0	574	29
686	0	574	29
688	0	574	29
689	0	574	29
690	0	574	29
691	0	574	29
692	0	574	29
693	0	574	29
694	0	1565	29
695	0	574	29
696	0	574	29
697	0	574	29
698	0	574	29
699	0	574	29
700	0	574	29
701	0	574	29
702	0	574	29
703	0	574	29
704	0	574	29
705	0	1930	29
706	0	574	29
707	0	574	29
708	0	574	29
709	0	574	29
710	0	574	29
711	0	574	29
712	0	574	29
714	0	1513	29
715	0	574	29
716	0	574	29
717	0	574	29
718	0	574	29
719	0	574	29
720	0	574	29
721	0	574	29
722	0	574	29
723	0	574	29
724	0	574	29
725	0	574	29
726	0	574	29
727	0	574	29
728	0	574	29
729	0	2243	29
730	0	574	29
731	0	574	29
732	0	574	29
733	0	574	29
734	0	574	29
736	0	574	29
737	0	574	29
738	0	574	29
739	0	574	29
740	0	574	29
741	0	574	29
742	0	574	29
743	0	574	29
744	0	574	29
745	0	574	29
746	0	574	29
748	0	574	29
749	0	574	29
750	0	2243	29
752	0	574	29
753	0	574	29
754	0	574	29
755	0	574	29
756	0	574	29
757	0	574	29
758	0	574	29
759	0	574	29
760	0	574	29
761	0	574	29
762	0	574	29
763	0	574	29
765	0	574	29
766	0	574	29
767	0	574	29
768	0	574	29
770	0	574	29
771	0	574	29
772	0	574	29
773	0	574	29
774	0	574	29
775	0	574	29
776	0	574	29
777	0	574	29
778	0	574	29
779	0	574	29
780	0	574	29
781	0	574	29
782	0	574	29
783	0	574	29
784	0	574	29
785	0	574	29
786	0	574	29
787	0	574	29
788	0	574	29
789	0	574	29
790	0	574	29
792	0	574	29
793	0	574	29
794	0	574	29
795	0	574	29
796	0	574	29
797	0	574	29
798	0	574	29
799	0	574	29
800	0	574	29
801	0	2139	29
802	0	574	29
803	0	574	29
804	0	574	29
805	0	574	29
806	0	574	29
807	0	1043	29
808	0	574	29
809	0	574	29
810	0	574	29
811	0	574	29
812	0	574	29
814	0	574	29
815	0	574	29
816	0	2035	29
817	0	574	29
818	0	574	29
819	0	574	29
820	0	574	29
821	0	574	29
822	0	574	29
823	0	1095	29
824	0	574	29
825	0	574	29
826	0	574	29
827	0	574	29
828	0	574	29
830	0	574	29
831	0	574	29
832	0	1200	29
833	0	574	29
834	0	574	29
835	0	574	29
836	0	574	29
837	0	574	29
838	0	574	29
839	0	574	29
840	0	574	29
841	0	574	29
842	0	574	29
843	0	574	29
844	0	574	29
846	0	574	29
847	0	574	29
848	0	574	29
849	0	574	29
850	0	574	29
851	0	574	29
853	0	574	29
854	0	574	29
855	0	574	29
857	0	574	29
858	0	1565	29
859	0	574	29
860	0	574	29
862	0	574	29
863	0	574	29
864	0	574	29
865	0	574	29
866	0	574	29
867	0	574	29
868	0	574	29
869	0	574	29
870	0	574	29
871	0	574	29
872	0	574	29
873	0	574	29
874	0	574	29
875	0	574	29
876	0	574	29
877	0	574	29
878	0	574	29
879	0	574	29
880	0	1200	29
881	0	574	29
882	0	574	29
883	0	574	29
884	0	574	29
885	0	1148	29
886	0	574	29
887	0	574	29
888	0	574	29
889	0	574	29
890	0	574	29
891	0	574	29
892	0	574	29
893	0	574	29
894	0	574	29
895	0	574	29
897	0	574	29
898	0	574	29
899	0	574	29
900	0	574	29
901	0	574	29
902	0	1513	29
903	0	574	29
904	0	574	29
905	0	2295	29
906	0	574	29
907	0	574	29
908	0	574	29
909	0	574	29
910	0	574	29
911	0	574	29
912	0	574	29
913	0	574	29
914	0	574	29
916	0	574	29
917	0	574	29
918	0	574	29
919	0	574	29
920	0	574	29
921	0	574	29
922	0	574	29
923	0	574	29
924	0	574	29
925	0	574	29
926	0	574	29
927	0	574	29
928	0	574	29
929	0	574	29
930	0	574	29
931	0	574	29
932	0	574	29
933	0	574	29
934	0	574	29
935	0	574	29
936	0	574	29
937	0	574	29
938	0	574	29
939	0	574	29
940	0	574	29
941	0	574	29
942	0	574	29
943	0	574	29
944	0	574	29
945	0	574	29
946	0	574	29
947	0	574	29
948	0	574	29
949	0	574	29
950	0	1200	29
951	0	574	29
953	0	1304	29
954	0	574	29
955	0	574	29
956	0	574	29
957	0	574	29
958	0	574	29
959	0	574	29
960	0	1617	29
961	0	574	29
962	0	574	29
963	0	574	29
964	0	574	29
965	0	1826	29
966	0	574	29
967	0	574	29
968	0	574	29
969	0	574	29
970	0	574	29
971	0	574	29
972	0	574	29
973	0	574	29
974	0	574	29
975	0	574	29
976	0	574	29
977	0	574	29
978	0	574	29
979	0	574	29
980	0	574	29
981	0	574	29
982	0	574	29
983	0	574	29
984	0	574	29
985	0	1722	29
986	0	574	29
987	0	574	29
988	0	574	29
989	0	574	29
990	0	574	29
991	0	574	29
993	0	574	29
994	0	574	29
995	0	574	29
996	0	574	29
997	0	574	29
998	0	574	29
999	0	574	29
0	1	1095	29
1	1	1878	29
2	1	574	29
3	1	574	29
4	1	574	29
5	1	574	29
6	1	574	29
7	1	574	29
8	1	574	29
9	1	574	29
10	1	574	29
11	1	574	29
12	1	574	29
13	1	574	29
14	1	574	29
15	1	574	29
16	1	574	29
17	1	574	29
18	1	574	29
20	1	574	29
21	1	574	29
22	1	574	29
23	1	574	29
24	1	574	29
26	1	574	29
27	1	574	29
28	1	574	29
29	1	574	29
30	1	574	29
31	1	574	29
32	1	574	29
33	1	574	29
34	1	574	29
35	1	574	29
36	1	574	29
37	1	574	29
38	1	574	29
39	1	574	29
40	1	574	29
41	1	574	29
42	1	1513	29
43	1	574	29
44	1	574	29
45	1	1513	29
46	1	574	29
47	1	574	29
48	1	574	29
49	1	574	29
50	1	574	29
52	1	574	29
53	1	574	29
54	1	574	29
55	1	574	29
56	1	574	29
57	1	574	29
58	1	574	29
59	1	574	29
60	1	574	29
62	1	574	29
63	1	574	29
65	1	574	29
66	1	574	29
67	1	574	29
69	1	574	29
70	1	574	29
71	1	574	29
72	1	574	29
73	1	574	29
74	1	574	29
75	1	1565	29
76	1	574	29
78	1	574	29
79	1	1878	29
80	1	1774	29
81	1	574	29
82	1	574	29
83	1	574	29
84	1	574	29
85	1	574	29
86	1	574	29
87	1	574	29
88	1	574	29
89	1	574	29
90	1	574	29
91	1	574	29
92	1	574	29
93	1	574	29
94	1	574	29
95	1	2243	29
96	1	574	29
97	1	574	29
98	1	574	29
99	1	2087	29
101	1	574	29
102	1	574	29
103	1	574	29
104	1	574	29
105	1	574	29
106	1	574	29
107	1	574	29
108	1	574	29
109	1	574	29
110	1	574	29
111	1	574	29
112	1	574	29
113	1	574	29
114	1	574	29
116	1	574	29
117	1	574	29
118	1	2243	29
119	1	574	29
120	1	574	29
121	1	574	29
122	1	1200	29
123	1	574	29
124	1	1461	29
125	1	574	29
126	1	574	29
127	1	574	29
128	1	574	29
129	1	574	29
130	1	574	29
131	1	574	29
132	1	574	29
133	1	574	29
134	1	1982	29
135	1	574	29
136	1	574	29
137	1	574	29
138	1	574	29
139	1	1148	29
139	1	2191	30
140	1	574	29
141	1	574	29
142	1	574	29
143	1	574	29
144	1	574	29
145	1	574	29
146	1	574	29
147	1	574	29
148	1	574	29
149	1	574	29
150	1	574	29
151	1	574	29
152	1	574	29
153	1	574	29
154	1	574	29
155	1	574	29
156	1	574	29
157	1	574	29
158	1	574	29
159	1	574	29
160	1	574	29
161	1	574	29
162	1	574	29
163	1	574	29
164	1	574	29
165	1	574	29
166	1	574	29
167	1	574	29
168	1	574	29
169	1	2191	29
170	1	574	29
171	1	574	29
172	1	574	29
173	1	574	29
174	1	574	29
175	1	574	29
176	1	574	29
178	1	574	29
179	1	574	29
181	1	574	29
182	1	574	29
183	1	574	29
185	1	1356	29
186	1	574	29
187	1	574	29
188	1	574	29
189	1	574	29
190	1	574	29
192	1	1461	29
193	1	574	29
194	1	574	29
195	1	574	29
196	1	574	29
196	1	2295	30
197	1	574	29
198	1	574	29
199	1	574	29
200	1	574	29
201	1	574	29
202	1	574	29
203	1	574	29
204	1	574	29
205	1	574	29
206	1	574	29
206	1	2191	30
207	1	574	29
208	1	574	29
209	1	574	29
210	1	574	29
211	1	574	29
212	1	574	29
213	1	574	29
214	1	574	29
215	1	574	29
216	1	574	29
217	1	574	29
218	1	574	29
219	1	574	29
220	1	574	29
221	1	574	29
222	1	574	29
223	1	574	29
224	1	574	29
225	1	574	29
226	1	574	29
227	1	2243	29
228	1	574	29
229	1	574	29
230	1	574	29
231	1	574	29
232	1	574	29
233	1	574	29
234	1	574	29
235	1	574	29
236	1	574	29
237	1	574	29
238	1	574	29
240	1	574	29
241	1	574	29
242	1	574	29
243	1	574	29
244	1	574	29
245	1	574	29
246	1	574	29
247	1	574	29
248	1	574	29
249	1	574	29
250	1	574	29
251	1	574	29
252	1	574	29
253	1	574	29
254	1	574	29
255	1	574	29
256	1	574	29
257	1	574	29
258	1	1461	29
259	1	574	29
260	1	574	29
261	1	574	29
262	1	574	29
263	1	574	29
264	1	574	29
265	1	574	29
266	1	574	29
267	1	574	29
268	1	1617	29
269	1	1304	29
270	1	574	29
271	1	574	29
272	1	574	29
273	1	574	29
274	1	574	29
275	1	574	29
276	1	574	29
277	1	574	29
278	1	574	29
279	1	574	29
280	1	574	29
281	1	574	29
282	1	574	29
283	1	574	29
284	1	574	29
285	1	574	29
286	1	574	29
287	1	574	29
288	1	2087	29
289	1	574	29
290	1	574	29
292	1	2295	29
293	1	574	29
294	1	574	29
295	1	574	29
296	1	574	29
297	1	574	29
298	1	574	29
299	1	574	29
300	1	574	29
301	1	574	29
302	1	574	29
303	1	574	29
304	1	574	29
305	1	574	29
306	1	574	29
307	1	574	29
308	1	574	29
309	1	574	29
310	1	574	29
311	1	574	29
312	1	574	29
313	1	574	29
314	1	574	29
315	1	574	29
316	1	574	29
317	1	574	29
319	1	574	29
322	1	574	29
323	1	574	29
326	1	574	29
327	1	574	29
328	1	574	29
329	1	574	29
330	1	574	29
331	1	1930	29
332	1	1408	29
333	1	574	29
334	1	574	29
335	1	574	29
336	1	574	29
337	1	574	29
338	1	574	29
339	1	1930	29
340	1	574	29
341	1	574	29
342	1	574	29
343	1	574	29
345	1	574	29
346	1	574	29
348	1	574	29
349	1	574	29
350	1	574	29
351	1	574	29
352	1	574	29
353	1	574	29
354	1	574	29
356	1	574	29
357	1	574	29
358	1	574	29
359	1	574	29
360	1	574	29
361	1	574	29
362	1	574	29
363	1	574	29
364	1	574	29
365	1	574	29
366	1	574	29
367	1	574	29
368	1	574	29
369	1	574	29
370	1	574	29
371	1	574	29
372	1	2035	29
374	1	574	29
375	1	574	29
376	1	574	29
377	1	574	29
378	1	574	29
379	1	1565	29
380	1	574	29
381	1	574	29
382	1	1982	29
383	1	574	29
384	1	1669	29
385	1	574	29
386	1	574	29
387	1	574	29
388	1	574	29
389	1	574	29
390	1	574	29
391	1	574	29
392	1	574	29
393	1	574	29
394	1	574	29
396	1	574	29
397	1	574	29
398	1	574	29
399	1	574	29
400	1	574	29
401	1	574	29
402	1	574	29
403	1	574	29
404	1	2087	29
405	1	574	29
406	1	574	29
407	1	574	29
408	1	574	29
409	1	574	29
410	1	2139	29
411	1	574	29
412	1	1095	29
412	1	2191	30
413	1	574	29
414	1	574	29
415	1	1461	29
416	1	574	29
417	1	574	29
418	1	574	29
419	1	574	29
420	1	574	29
421	1	574	29
422	1	574	29
423	1	574	29
424	1	574	29
425	1	574	29
426	1	574	29
427	1	574	29
428	1	574	29
429	1	574	29
430	1	574	29
431	1	574	29
432	1	1304	29
433	1	574	29
434	1	1200	29
435	1	574	29
436	1	574	29
437	1	574	29
438	1	574	29
439	1	574	29
440	1	574	29
441	1	574	29
442	1	574	29
443	1	574	29
444	1	574	29
445	1	574	29
446	1	2243	29
447	1	574	29
448	1	574	29
449	1	574	29
450	1	574	29
451	1	574	29
452	1	574	29
453	1	574	29
454	1	574	29
455	1	574	29
456	1	2191	29
457	1	574	29
458	1	574	29
459	1	574	29
460	1	574	29
461	1	574	29
462	1	574	29
463	1	574	29
464	1	574	29
465	1	574	29
466	1	574	29
467	1	574	29
468	1	574	29
469	1	574	29
470	1	574	29
471	1	574	29
472	1	574	29
473	1	574	29
474	1	574	29
475	1	574	29
476	1	574	29
477	1	574	29
478	1	574	29
479	1	574	29
480	1	574	29
481	1	574	29
482	1	2243	29
484	1	574	29
486	1	574	29
487	1	574	29
488	1	574	29
489	1	574	29
490	1	574	29
491	1	1878	29
492	1	574	29
493	1	574	29
494	1	574	29
495	1	574	29
496	1	574	29
497	1	574	29
498	1	574	29
499	1	574	29
500	1	574	29
501	1	2191	29
502	1	574	29
503	1	574	29
504	1	574	29
505	1	574	29
506	1	574	29
507	1	574	29
508	1	1200	29
510	1	574	29
511	1	574	29
512	1	574	29
513	1	574	29
514	1	574	29
515	1	574	29
516	1	574	29
517	1	574	29
519	1	574	29
520	1	574	29
521	1	574	29
522	1	574	29
523	1	574	29
524	1	574	29
525	1	574	29
526	1	574	29
527	1	574	29
528	1	574	29
529	1	1095	29
530	1	574	29
531	1	1669	29
532	1	574	29
533	1	574	29
534	1	1095	29
535	1	574	29
536	1	574	29
537	1	574	29
538	1	574	29
539	1	574	29
540	1	574	29
541	1	574	29
543	1	1722	29
544	1	574	29
545	1	574	29
547	1	574	29
548	1	574	29
549	1	574	29
550	1	574	29
551	1	574	29
552	1	574	29
553	1	574	29
554	1	574	29
555	1	574	29
556	1	574	29
557	1	574	29
558	1	574	29
559	1	574	29
560	1	574	29
561	1	574	29
562	1	574	29
563	1	574	29
564	1	574	29
565	1	574	29
566	1	574	29
567	1	574	29
568	1	574	29
569	1	574	29
570	1	574	29
571	1	574	29
572	1	574	29
573	1	574	29
575	1	574	29
576	1	574	29
577	1	1252	29
578	1	574	29
579	1	574	29
580	1	574	29
581	1	574	29
582	1	574	29
583	1	1095	29
584	1	574	29
585	1	574	29
586	1	574	29
587	1	574	29
588	1	574	29
589	1	574	29
590	1	574	29
591	1	574	29
592	1	574	29
593	1	574	29
594	1	574	29
595	1	574	29
596	1	574	29
598	1	574	29
599	1	574	29
600	1	574	29
601	1	574	29
602	1	574	29
603	1	574	29
604	1	574	29
605	1	574	29
606	1	574	29
607	1	574	29
608	1	574	29
609	1	574	29
611	1	574	29
612	1	574	29
613	1	574	29
614	1	574	29
615	1	574	29
616	1	574	29
617	1	574	29
619	1	574	29
620	1	574	29
621	1	574	29
622	1	574	29
623	1	574	29
624	1	574	29
625	1	574	29
626	1	574	29
627	1	574	29
628	1	574	29
629	1	574	29
630	1	574	29
631	1	574	29
632	1	574	29
633	1	574	29
634	1	574	29
636	1	574	29
637	1	574	29
638	1	574	29
639	1	574	29
640	1	574	29
641	1	574	29
643	1	574	29
645	1	1565	29
646	1	574	29
648	1	1722	29
649	1	574	29
650	1	574	29
651	1	574	29
652	1	574	29
653	1	574	29
654	1	574	29
655	1	574	29
656	1	574	29
657	1	574	29
658	1	574	29
659	1	1826	29
660	1	574	29
661	1	574	29
662	1	574	29
663	1	574	29
664	1	574	29
665	1	1513	29
666	1	574	29
667	1	574	29
668	1	574	29
669	1	1826	29
670	1	574	29
672	1	2191	29
673	1	574	29
674	1	574	29
675	1	1617	29
676	1	574	29
677	1	574	29
678	1	574	29
679	1	574	29
680	1	1617	29
681	1	574	29
682	1	574	29
683	1	574	29
684	1	574	29
685	1	574	29
686	1	574	29
688	1	574	29
689	1	574	29
690	1	574	29
691	1	574	29
692	1	574	29
693	1	574	29
694	1	1565	29
695	1	574	29
696	1	574	29
697	1	574	29
698	1	574	29
699	1	574	29
700	1	574	29
701	1	574	29
702	1	574	29
703	1	574	29
704	1	574	29
705	1	1930	29
706	1	574	29
707	1	574	29
708	1	574	29
709	1	574	29
710	1	574	29
711	1	574	29
712	1	574	29
714	1	1513	29
715	1	574	29
716	1	574	29
717	1	574	29
718	1	574	29
719	1	574	29
720	1	574	29
721	1	574	29
722	1	574	29
723	1	574	29
724	1	574	29
725	1	574	29
726	1	574	29
727	1	574	29
728	1	574	29
729	1	2243	29
730	1	574	29
731	1	574	29
732	1	574	29
733	1	574	29
734	1	574	29
736	1	574	29
737	1	574	29
738	1	574	29
739	1	574	29
740	1	574	29
741	1	574	29
742	1	574	29
743	1	574	29
744	1	574	29
745	1	574	29
746	1	574	29
748	1	574	29
749	1	574	29
750	1	2243	29
752	1	574	29
753	1	574	29
754	1	574	29
755	1	574	29
756	1	574	29
757	1	574	29
758	1	574	29
759	1	574	29
760	1	574	29
761	1	574	29
762	1	574	29
763	1	574	29
765	1	574	29
766	1	574	29
767	1	574	29
768	1	574	29
770	1	574	29
771	1	574	29
772	1	574	29
773	1	574	29
774	1	574	29
775	1	574	29
776	1	574	29
777	1	574	29
778	1	574	29
779	1	574	29
780	1	574	29
781	1	574	29
782	1	574	29
783	1	574	29
784	1	574	29
785	1	574	29
786	1	574	29
787	1	574	29
788	1	574	29
789	1	574	29
790	1	574	29
792	1	574	29
793	1	574	29
794	1	574	29
795	1	574	29
796	1	574	29
797	1	574	29
798	1	574	29
799	1	574	29
800	1	574	29
801	1	2139	29
802	1	574	29
803	1	574	29
804	1	574	29
805	1	574	29
806	1	574	29
807	1	1043	29
808	1	574	29
809	1	574	29
810	1	574	29
811	1	574	29
812	1	574	29
814	1	574	29
815	1	574	29
816	1	2035	29
817	1	574	29
818	1	574	29
819	1	574	29
820	1	574	29
821	1	574	29
822	1	574	29
823	1	1095	29
824	1	574	29
825	1	574	29
826	1	574	29
827	1	574	29
828	1	574	29
830	1	574	29
831	1	574	29
832	1	1200	29
833	1	574	29
834	1	574	29
835	1	574	29
836	1	574	29
837	1	574	29
838	1	574	29
839	1	574	29
840	1	574	29
841	1	574	29
842	1	574	29
843	1	574	29
844	1	574	29
846	1	574	29
847	1	574	29
848	1	574	29
849	1	574	29
850	1	574	29
851	1	574	29
853	1	574	29
854	1	574	29
855	1	574	29
857	1	574	29
858	1	1565	29
859	1	574	29
860	1	574	29
862	1	574	29
863	1	574	29
864	1	574	29
865	1	574	29
866	1	574	29
867	1	574	29
868	1	574	29
869	1	574	29
870	1	574	29
871	1	574	29
872	1	574	29
873	1	574	29
874	1	574	29
875	1	574	29
876	1	574	29
877	1	574	29
878	1	574	29
879	1	574	29
880	1	1200	29
881	1	574	29
882	1	574	29
883	1	574	29
884	1	574	29
885	1	1148	29
886	1	574	29
887	1	574	29
888	1	574	29
889	1	574	29
890	1	574	29
891	1	574	29
892	1	574	29
893	1	574	29
894	1	574	29
895	1	574	29
897	1	574	29
898	1	574	29
899	1	574	29
900	1	574	29
901	1	574	29
902	1	1513	29
903	1	574	29
904	1	574	29
905	1	2295	29
906	1	574	29
907	1	574	29
908	1	574	29
909	1	574	29
910	1	574	29
911	1	574	29
912	1	574	29
913	1	574	29
914	1	574	29
916	1	574	29
917	1	574	29
918	1	574	29
919	1	574	29
920	1	574	29
921	1	574	29
922	1	574	29
923	1	574	29
924	1	574	29
925	1	574	29
926	1	574	29
927	1	574	29
928	1	574	29
929	1	574	29
930	1	574	29
931	1	574	29
932	1	574	29
933	1	574	29
934	1	574	29
935	1	574	29
936	1	574	29
937	1	574	29
938	1	574	29
939	1	574	29
940	1	574	29
941	1	574	29
942	1	574	29
943	1	574	29
944	1	574	29
945	1	574	29
946	1	574	29
947	1	574	29
948	1	574	29
949	1	574	29
950	1	1200	29
951	1	574	29
953	1	1304	29
954	1	574	29
955	1	574	29
956	1	574	29
957	1	574	29
958	1	574	29
959	1	574	29
960	1	1617	29
961	1	574	29
962	1	574	29
963	1	574	29
964	1	574	29
965	1	1826	29
966	1	574	29
967	1	574	29
968	1	574	29
969	1	574	29
970	1	574	29
971	1	574	29
972	1	574	29
973	1	574	29
974	1	574	29
975	1	574	29
976	1	574	29
977	1	574	29
978	1	574	29
979	1	574	29
980	1	574	29
981	1	574	29
982	1	574	29
983	1	574	29
984	1	574	29
985	1	1722	29
986	1	574	29
987	1	574	29
988	1	574	29
989	1	574	29
990	1	574	29
991	1	574	29
993	1	574	29
994	1	574	29
995	1	574	29
996	1	574	29
997	1	574	29
998	1	574	29
999	1	574	29
0	2	261	26
1	2	261	26
2	2	261	26
3	2	261	26
4	2	261	26
5	2	261	26
6	2	261	26
7	2	261	26
8	2	261	26
9	2	261	26
10	2	261	26
11	2	261	26
12	2	261	26
13	2	261	26
14	2	261	26
15	2	261	26
16	2	261	26
17	2	261	26
18	2	261	26
19	2	261	26
20	2	261	26
21	2	261	26
22	2	261	26
23	2	261	26
24	2	261	26
25	2	261	26
26	2	261	26
27	2	261	26
28	2	261	26
29	2	261	26
30	2	261	26
31	2	261	26
32	2	261	26
33	2	261	26
34	2	261	26
35	2	261	26
36	2	261	26
37	2	261	26
38	2	261	26
39	2	261	26
40	2	261	26
41	2	261	26
42	2	261	26
43	2	261	26
44	2	261	26
45	2	261	26
46	2	261	26
47	2	261	26
48	2	261	26
49	2	261	26
50	2	261	26
51	2	261	26
52	2	261	26
53	2	261	26
54	2	261	26
55	2	261	26
56	2	261	26
57	2	261	26
58	2	261	26
59	2	261	26
60	2	261	26
61	2	261	26
62	2	261	26
63	2	261	26
64	2	261	26
65	2	261	26
66	2	261	26
67	2	261	26
68	2	261	26
69	2	261	26
70	2	261	26
71	2	261	26
72	2	261	26
73	2	261	26
74	2	261	26
75	2	261	26
76	2	261	26
77	2	261	26
78	2	261	26
79	2	261	26
80	2	261	26
81	2	261	26
82	2	261	26
83	2	261	26
84	2	261	26
85	2	261	26
86	2	261	26
87	2	261	26
88	2	261	26
89	2	261	26
90	2	261	26
91	2	261	26
92	2	261	26
93	2	261	26
94	2	261	26
95	2	261	26
96	2	261	26
97	2	261	26
98	2	261	26
99	2	261	26
100	2	261	26
101	2	261	26
102	2	261	26
103	2	261	26
104	2	261	26
105	2	261	26
106	2	261	26
107	2	261	26
108	2	261	26
109	2	261	26
110	2	261	26
111	2	261	26
112	2	261	26
113	2	261	26
114	2	261	26
115	2	261	26
116	2	261	26
117	2	261	26
118	2	261	26
119	2	261	26
120	2	261	26
121	2	261	26
122	2	261	26
123	2	261	26
124	2	261	26
125	2	261	26
126	2	261	26
127	2	261	26
128	2	261	26
129	2	261	26
130	2	261	26
131	2	261	26
132	2	261	26
133	2	261	26
134	2	261	26
135	2	261	26
136	2	261	26
137	2	261	26
138	2	261	26
139	2	261	26
140	2	261	26
141	2	261	26
142	2	261	26
143	2	261	26
144	2	261	26
145	2	261	26
146	2	261	26
147	2	261	26
148	2	261	26
149	2	261	26
150	2	261	26
151	2	261	26
152	2	261	26
153	2	261	26
154	2	261	26
155	2	261	26
156	2	261	26
157	2	261	26
158	2	261	26
159	2	261	26
160	2	261	26
161	2	261	26
162	2	261	26
163	2	261	26
164	2	261	26
165	2	261	26
166	2	261	26
167	2	261	26
168	2	261	26
169	2	261	26
170	2	261	26
171	2	261	26
172	2	261	26
173	2	261	26
174	2	261	26
175	2	261	26
176	2	261	26
177	2	261	26
178	2	261	26
179	2	261	26
180	2	261	26
181	2	261	26
182	2	261	26
183	2	261	26
184	2	261	26
185	2	261	26
186	2	261	26
187	2	261	26
188	2	261	26
189	2	261	26
190	2	261	26
191	2	261	26
192	2	261	26
193	2	261	26
194	2	261	26
195	2	261	26
196	2	261	26
197	2	261	26
198	2	261	26
199	2	261	26
200	2	261	26
201	2	261	26
202	2	261	26
203	2	261	26
204	2	261	26
205	2	261	26
206	2	261	26
207	2	261	26
208	2	261	26
209	2	261	26
210	2	261	26
211	2	261	26
212	2	261	26
213	2	261	26
214	2	261	26
215	2	261	26
216	2	261	26
217	2	261	26
218	2	261	26
219	2	261	26
220	2	261	26
221	2	261	26
222	2	261	26
223	2	261	26
224	2	261	26
225	2	261	26
226	2	261	26
227	2	261	26
228	2	261	26
229	2	261	26
230	2	261	26
231	2	261	26
232	2	261	26
233	2	261	26
234	2	261	26
235	2	261	26
236	2	261	26
237	2	261	26
238	2	261	26
239	2	261	26
240	2	261	26
241	2	261	26
242	2	261	26
243	2	261	26
244	2	261	26
245	2	261	26
246	2	261	26
247	2	261	26
248	2	261	26
249	2	261	26
250	2	261	26
251	2	261	26
252	2	261	26
253	2	261	26
254	2	261	26
255	2	261	26
256	2	261	26
257	2	261	26
258	2	261	26
259	2	261	26
260	2	261	26
261	2	261	26
262	2	261	26
263	2	261	26
264	2	261	26
265	2	261	26
266	2	261	26
267	2	261	26
268	2	261	26
269	2	261	26
270	2	261	26
271	2	261	26
272	2	261	26
273	2	261	26
274	2	261	26
275	2	261	26
276	2	261	26
277	2	261	26
278	2	261	26
279	2	261	26
280	2	261	26
281	2	261	26
282	2	261	26
283	2	261	26
284	2	261	26
285	2	261	26
286	2	261	26
287	2	261	26
288	2	261	26
289	2	261	26
290	2	261	26
291	2	261	26
292	2	261	26
293	2	261	26
294	2	261	26
295	2	261	26
296	2	261	26
297	2	261	26
298	2	261	26
299	2	261	26
300	2	261	26
301	2	261	26
302	2	261	26
303	2	261	26
304	2	261	26
305	2	261	26
306	2	261	26
307	2	261	26
308	2	261	26
309	2	261	26
310	2	261	26
311	2	261	26
312	2	261	26
313	2	261	26
314	2	261	26
315	2	261	26
316	2	261	26
317	2	261	26
318	2	261	26
319	2	261	26
320	2	261	26
321	2	261	26
322	2	261	26
323	2	261	26
324	2	261	26
325	2	261	26
326	2	261	26
327	2	261	26
328	2	261	26
329	2	261	26
330	2	261	26
331	2	261	26
332	2	261	26
333	2	261	26
334	2	261	26
335	2	261	26
336	2	261	26
337	2	261	26
338	2	261	26
339	2	261	26
340	2	261	26
341	2	261	26
342	2	261	26
343	2	261	26
344	2	261	26
345	2	261	26
346	2	261	26
347	2	261	26
348	2	261	26
349	2	261	26
350	2	261	26
351	2	261	26
352	2	261	26
353	2	261	26
354	2	261	26
355	2	261	26
356	2	261	26
357	2	261	26
358	2	261	26
359	2	261	26
360	2	261	26
361	2	261	26
362	2	261	26
363	2	261	26
364	2	261	26
365	2	261	26
366	2	261	26
367	2	261	26
368	2	261	26
369	2	261	26
370	2	261	26
371	2	261	26
372	2	261	26
373	2	261	26
374	2	261	26
375	2	261	26
376	2	261	26
377	2	261	26
378	2	261	26
379	2	261	26
380	2	261	26
381	2	261	26
382	2	261	26
383	2	261	26
384	2	261	26
385	2	261	26
386	2	261	26
387	2	261	26
388	2	261	26
389	2	261	26
390	2	261	26
391	2	261	26
392	2	261	26
393	2	261	26
394	2	261	26
395	2	261	26
396	2	261	26
397	2	261	26
398	2	261	26
399	2	261	26
400	2	261	26
401	2	261	26
402	2	261	26
403	2	261	26
404	2	261	26
405	2	261	26
406	2	261	26
407	2	261	26
408	2	261	26
409	2	261	26
410	2	261	26
411	2	261	26
412	2	261	26
413	2	261	26
414	2	261	26
415	2	261	26
416	2	261	26
417	2	261	26
418	2	261	26
419	2	261	26
420	2	261	26
421	2	261	26
422	2	261	26
423	2	261	26
424	2	261	26
425	2	261	26
426	2	261	26
427	2	261	26
428	2	261	26
429	2	261	26
430	2	261	26
431	2	261	26
432	2	261	26
433	2	261	26
434	2	261	26
435	2	261	26
436	2	261	26
437	2	261	26
438	2	261	26
439	2	261	26
440	2	261	26
441	2	261	26
442	2	261	26
443	2	261	26
444	2	261	26
445	2	261	26
446	2	261	26
447	2	261	26
448	2	261	26
449	2	261	26
450	2	261	26
451	2	261	26
452	2	261	26
453	2	261	26
454	2	261	26
455	2	261	26
456	2	261	26
457	2	261	26
458	2	261	26
459	2	261	26
460	2	261	26
461	2	261	26
462	2	261	26
463	2	261	26
464	2	261	26
465	2	261	26
466	2	261	26
467	2	261	26
468	2	261	26
469	2	261	26
470	2	261	26
471	2	261	26
472	2	261	26
473	2	261	26
474	2	261	26
475	2	261	26
476	2	261	26
477	2	261	26
478	2	261	26
479	2	261	26
480	2	261	26
481	2	261	26
482	2	261	26
483	2	261	26
484	2	261	26
485	2	261	26
486	2	261	26
487	2	261	26
488	2	261	26
489	2	261	26
490	2	261	26
491	2	261	26
492	2	261	26
493	2	261	26
494	2	261	26
495	2	261	26
496	2	261	26
497	2	261	26
498	2	261	26
499	2	261	26
500	2	261	26
501	2	261	26
502	2	261	26
503	2	261	26
504	2	261	26
505	2	261	26
506	2	261	26
507	2	261	26
508	2	261	26
509	2	261	26
510	2	261	26
511	2	261	26
512	2	261	26
513	2	261	26
514	2	261	26
515	2	261	26
516	2	261	26
517	2	261	26
518	2	261	26
519	2	261	26
520	2	261	26
521	2	261	26
522	2	261	26
523	2	261	26
524	2	261	26
525	2	261	26
526	2	261	26
527	2	261	26
528	2	261	26
529	2	261	26
530	2	261	26
531	2	261	26
532	2	261	26
533	2	261	26
534	2	261	26
535	2	261	26
536	2	261	26
537	2	261	26
538	2	261	26
539	2	261	26
540	2	261	26
541	2	261	26
542	2	261	26
543	2	261	26
544	2	261	26
545	2	261	26
546	2	261	26
547	2	261	26
548	2	261	26
549	2	261	26
550	2	261	26
551	2	261	26
552	2	261	26
553	2	261	26
554	2	261	26
555	2	261	26
556	2	261	26
557	2	261	26
558	2	261	26
559	2	261	26
560	2	261	26
561	2	261	26
562	2	261	26
563	2	261	26
564	2	261	26
565	2	261	26
566	2	261	26
567	2	261	26
568	2	261	26
569	2	261	26
570	2	261	26
571	2	261	26
572	2	261	26
573	2	261	26
574	2	261	26
575	2	261	26
576	2	261	26
577	2	261	26
578	2	261	26
579	2	261	26
580	2	261	26
581	2	261	26
582	2	261	26
583	2	261	26
584	2	261	26
585	2	261	26
586	2	261	26
587	2	261	26
588	2	261	26
589	2	261	26
590	2	261	26
591	2	261	26
592	2	261	26
593	2	261	26
594	2	261	26
595	2	261	26
596	2	261	26
597	2	261	26
598	2	261	26
599	2	261	26
600	2	261	26
601	2	261	26
602	2	261	26
603	2	261	26
604	2	261	26
605	2	261	26
606	2	261	26
607	2	261	26
608	2	261	26
609	2	261	26
610	2	261	26
611	2	261	26
612	2	261	26
613	2	261	26
614	2	261	26
615	2	261	26
616	2	261	26
617	2	261	26
618	2	261	26
619	2	261	26
620	2	261	26
621	2	261	26
622	2	261	26
623	2	261	26
624	2	261	26
625	2	261	26
626	2	261	26
627	2	261	26
628	2	261	26
629	2	261	26
630	2	261	26
631	2	261	26
632	2	261	26
633	2	261	26
634	2	261	26
635	2	261	26
636	2	261	26
637	2	261	26
638	2	261	26
639	2	261	26
640	2	261	26
641	2	261	26
642	2	261	26
643	2	261	26
644	2	261	26
645	2	261	26
646	2	261	26
647	2	261	26
648	2	261	26
649	2	261	26
650	2	261	26
651	2	261	26
652	2	261	26
653	2	261	26
654	2	261	26
655	2	261	26
656	2	261	26
657	2	261	26
658	2	261	26
659	2	261	26
660	2	261	26
661	2	261	26
662	2	261	26
663	2	261	26
664	2	261	26
665	2	261	26
666	2	261	26
667	2	261	26
668	2	261	26
669	2	261	26
670	2	261	26
671	2	261	26
672	2	261	26
673	2	261	26
674	2	261	26
675	2	261	26
676	2	261	26
677	2	261	26
678	2	261	26
679	2	261	26
680	2	261	26
681	2	261	26
682	2	261	26
683	2	261	26
684	2	261	26
685	2	261	26
686	2	261	26
687	2	261	26
688	2	261	26
689	2	261	26
690	2	261	26
691	2	261	26
692	2	261	26
693	2	261	26
694	2	261	26
695	2	261	26
696	2	261	26
697	2	261	26
698	2	261	26
699	2	261	26
700	2	261	26
701	2	261	26
702	2	261	26
703	2	261	26
704	2	261	26
705	2	261	26
706	2	261	26
707	2	261	26
708	2	261	26
709	2	261	26
710	2	261	26
711	2	261	26
712	2	261	26
713	2	261	26
714	2	261	26
715	2	261	26
716	2	261	26
717	2	261	26
718	2	261	26
719	2	261	26
720	2	261	26
721	2	261	26
722	2	261	26
723	2	261	26
724	2	261	26
725	2	261	26
726	2	261	26
727	2	261	26
728	2	261	26
729	2	261	26
730	2	261	26
731	2	261	26
732	2	261	26
733	2	261	26
734	2	261	26
735	2	261	26
736	2	261	26
737	2	261	26
738	2	261	26
739	2	261	26
740	2	261	26
741	2	261	26
742	2	261	26
743	2	261	26
744	2	261	26
745	2	261	26
746	2	261	26
747	2	261	26
748	2	261	26
749	2	261	26
750	2	261	26
751	2	261	26
752	2	261	26
753	2	261	26
754	2	261	26
755	2	261	26
756	2	261	26
757	2	261	26
758	2	261	26
759	2	261	26
760	2	261	26
761	2	261	26
762	2	261	26
763	2	261	26
764	2	261	26
765	2	261	26
766	2	261	26
767	2	261	26
768	2	261	26
769	2	261	26
770	2	261	26
771	2	261	26
772	2	261	26
773	2	261	26
774	2	261	26
775	2	261	26
776	2	261	26
777	2	261	26
778	2	261	26
779	2	261	26
780	2	261	26
781	2	261	26
782	2	261	26
783	2	261	26
784	2	261	26
785	2	261	26
786	2	261	26
787	2	261	26
788	2	261	26
789	2	261	26
790	2	261	26
791	2	261	26
792	2	261	26
793	2	261	26
794	2	261	26
795	2	261	26
796	2	261	26
797	2	261	26
798	2	261	26
799	2	261	26
800	2	261	26
801	2	261	26
802	2	261	26
803	2	261	26
804	2	261	26
805	2	261	26
806	2	261	26
807	2	261	26
808	2	261	26
809	2	261	26
810	2	261	26
811	2	261	26
812	2	261	26
813	2	261	26
814	2	261	26
815	2	261	26
816	2	261	26
817	2	261	26
818	2	261	26
819	2	261	26
820	2	261	26
821	2	261	26
822	2	261	26
823	2	261	26
824	2	261	26
825	2	261	26
826	2	261	26
827	2	261	26
828	2	261	26
829	2	261	26
830	2	261	26
831	2	261	26
832	2	261	26
833	2	261	26
834	2	261	26
835	2	261	26
836	2	261	26
837	2	261	26
838	2	261	26
839	2	261	26
840	2	261	26
841	2	261	26
842	2	261	26
843	2	261	26
844	2	261	26
845	2	261	26
846	2	261	26
847	2	261	26
848	2	261	26
849	2	261	26
850	2	261	26
851	2	261	26
852	2	261	26
853	2	261	26
854	2	261	26
855	2	261	26
856	2	261	26
857	2	261	26
858	2	261	26
859	2	261	26
860	2	261	26
861	2	261	26
862	2	261	26
863	2	261	26
864	2	261	26
865	2	261	26
866	2	261	26
867	2	261	26
868	2	261	26
869	2	261	26
870	2	261	26
871	2	261	26
872	2	261	26
873	2	261	26
874	2	261	26
875	2	261	26
876	2	261	26
877	2	261	26
878	2	261	26
879	2	261	26
880	2	261	26
881	2	261	26
882	2	261	26
883	2	261	26
884	2	261	26
885	2	261	26
886	2	261	26
887	2	261	26
888	2	261	26
889	2	261	26
890	2	261	26
891	2	261	26
892	2	261	26
893	2	261	26
894	2	261	26
895	2	261	26
896	2	261	26
897	2	261	26
898	2	261	26
899	2	261	26
900	2	261	26
901	2	261	26
902	2	261	26
903	2	261	26
904	2	261	26
905	2	261	26
906	2	261	26
907	2	261	26
908	2	261	26
909	2	261	26
910	2	261	26
911	2	261	26
912	2	261	26
913	2	261	26
914	2	261	26
915	2	261	26
916	2	261	26
917	2	261	26
918	2	261	26
919	2	261	26
920	2	261	26
921	2	261	26
922	2	261	26
923	2	261	26
924	2	261	26
925	2	261	26
926	2	261	26
927	2	261	26
928	2	261	26
929	2	261	26
930	2	261	26
931	2	261	26
932	2	261	26
933	2	261	26
934	2	261	26
935	2	261	26
936	2	261	26
937	2	261	26
938	2	261	26
939	2	261	26
940	2	261	26
941	2	261	26
942	2	261	26
943	2	261	26
944	2	261	26
945	2	261	26
946	2	261	26
947	2	261	26
948	2	261	26
949	2	261	26
950	2	261	26
951	2	261	26
952	2	261	26
953	2	261	26
954	2	261	26
955	2	261	26
956	2	261	26
957	2	261	26
958	2	261	26
959	2	261	26
960	2	261	26
961	2	261	26
962	2	261	26
963	2	261	26
964	2	261	26
965	2	261	26
966	2	261	26
967	2	261	26
968	2	261	26
969	2	261	26
970	2	261	26
971	2	261	26
972	2	261	26
973	2	261	26
974	2	261	26
975	2	261	26
976	2	261	26
977	2	261	26
978	2	261	26
979	2	261	26
980	2	261	26
981	2	261	26
982	2	261	26
983	2	261	26
984	2	261	26
985	2	261	26
986	2	261	26
987	2	261	26
988	2	261	26
989	2	261	26
990	2	261	26
991	2	261	26
992	2	261	26
993	2	261	26
994	2	261	26
995	2	261	26
996	2	261	26
997	2	261	26
998	2	261	26
999	2	261	26
0	3	1095	29
1	3	1878	29
2	3	574	29
3	3	574	29
4	3	574	29
4	3	1878	20
5	3	574	29
6	3	574	29
7	3	574	29
8	3	574	29
9	3	574	29
10	3	574	29
11	3	574	29
12	3	574	29
13	3	574	29
14	3	574	29
15	3	574	29
16	3	574	29
17	3	574	29
18	3	574	29
20	3	574	29
21	3	574	29
22	3	574	29
23	3	574	29
24	3	574	29
26	3	574	29
27	3	574	29
28	3	574	29
29	3	574	29
30	3	574	29
31	3	574	29
32	3	574	29
33	3	574	29
34	3	574	29
35	3	574	29
36	3	574	29
37	3	574	29
38	3	574	29
39	3	574	29
40	3	574	29
40	3	2087	20
41	3	574	29
42	3	1513	29
43	3	574	29
44	3	574	29
45	3	1513	29
46	3	574	29
47	3	574	29
48	3	574	29
49	3	574	29
50	3	574	29
52	3	574	29
53	3	574	29
54	3	574	29
55	3	574	29
56	3	574	29
57	3	574	29
58	3	574	29
59	3	574	29
60	3	574	29
62	3	574	29
63	3	574	29
65	3	574	29
66	3	574	29
67	3	574	29
69	3	574	29
70	3	574	29
71	3	574	29
72	3	574	29
73	3	574	29
74	3	574	29
75	3	1565	29
76	3	574	29
78	3	574	29
79	3	1878	29
80	3	1774	29
81	3	574	29
82	3	574	29
83	3	574	29
84	3	574	29
85	3	574	29
86	3	574	29
87	3	574	29
88	3	574	29
89	3	574	29
90	3	574	29
91	3	574	29
92	3	574	29
93	3	574	29
94	3	574	29
95	3	2243	29
96	3	574	29
97	3	574	29
98	3	574	29
99	3	2087	29
101	3	574	29
102	3	574	29
103	3	574	29
104	3	574	29
105	3	574	29
106	3	574	29
107	3	574	29
108	3	574	29
109	3	574	29
110	3	574	29
111	3	574	29
112	3	574	29
113	3	574	29
114	3	574	29
116	3	574	29
117	3	574	29
118	3	2243	29
119	3	574	29
120	3	574	29
121	3	574	29
122	3	1200	29
122	3	2295	20
123	3	574	29
124	3	1461	29
125	3	574	29
126	3	574	29
127	3	574	29
128	3	574	29
129	3	574	29
130	3	574	29
131	3	574	29
132	3	574	29
133	3	574	29
134	3	1982	29
135	3	574	29
136	3	574	29
136	3	1408	20
137	3	574	29
138	3	574	29
138	3	2243	20
139	3	1148	29
139	3	1565	20
139	3	2191	30
139	3	2243	12
140	3	574	29
141	3	574	29
141	3	1774	20
142	3	574	29
143	3	574	29
144	3	574	29
145	3	574	29
146	3	574	29
147	3	574	29
148	3	574	29
149	3	574	29
150	3	574	29
151	3	574	29
152	3	574	29
153	3	574	29
154	3	574	29
155	3	574	29
156	3	574	29
157	3	574	29
158	3	574	29
159	3	574	29
159	3	2087	20
160	3	574	29
161	3	574	29
162	3	574	29
163	3	574	29
164	3	574	29
165	3	574	29
166	3	574	29
167	3	574	29
168	3	574	29
169	3	2191	29
170	3	574	29
171	3	574	29
172	3	574	29
173	3	574	29
174	3	574	29
175	3	574	29
176	3	574	29
178	3	574	29
179	3	574	29
181	3	574	29
182	3	574	29
183	3	574	29
185	3	1356	29
186	3	574	29
187	3	574	29
188	3	574	29
189	3	574	29
189	3	2295	20
190	3	574	29
192	3	1461	29
193	3	574	29
194	3	574	29
195	3	574	29
196	3	574	29
196	3	2295	30
197	3	574	29
198	3	574	29
199	3	574	29
200	3	574	29
201	3	574	29
202	3	574	29
203	3	574	29
204	3	574	29
205	3	574	29
206	3	574	29
206	3	1356	20
206	3	1774	12
206	3	2087	9
206	3	2191	30
207	3	574	29
208	3	574	29
209	3	574	29
210	3	574	29
211	3	574	29
212	3	574	29
213	3	574	29
214	3	574	29
215	3	574	29
216	3	574	29
217	3	574	29
218	3	574	29
219	3	574	29
220	3	574	29
221	3	574	29
222	3	574	29
223	3	574	29
224	3	574	29
225	3	574	29
225	3	2191	20
226	3	574	29
227	3	2243	29
228	3	574	29
228	3	1774	20
229	3	574	29
230	3	574	29
231	3	574	29
232	3	574	29
233	3	574	29
234	3	574	29
235	3	574	29
236	3	574	29
237	3	574	29
238	3	574	29
240	3	574	29
240	3	2139	20
241	3	574	29
242	3	574	29
243	3	574	29
243	3	2191	20
244	3	574	29
245	3	574	29
246	3	574	29
247	3	574	29
248	3	574	29
249	3	574	29
250	3	574	29
250	3	2139	20
251	3	574	29
252	3	574	29
253	3	574	29
254	3	574	29
255	3	574	29
256	3	574	29
257	3	574	29
258	3	1461	29
259	3	574	29
260	3	574	29
261	3	574	29
262	3	574	29
263	3	574	29
264	3	574	29
265	3	574	29
266	3	574	29
267	3	574	29
268	3	1617	29
269	3	1304	29
270	3	574	29
271	3	574	29
272	3	574	29
272	3	1565	20
272	3	2139	12
273	3	574	29
274	3	574	29
275	3	574	29
276	3	574	29
277	3	574	29
278	3	574	29
279	3	574	29
280	3	574	29
281	3	574	29
282	3	574	29
283	3	574	29
284	3	574	29
284	3	1722	20
285	3	574	29
286	3	574	29
286	3	1930	20
287	3	574	29
288	3	2087	29
289	3	574	29
290	3	574	29
292	3	2295	29
293	3	574	29
294	3	574	29
295	3	574	29
296	3	574	29
297	3	574	29
298	3	574	29
299	3	574	29
300	3	574	29
301	3	574	29
302	3	574	29
303	3	574	29
303	3	1774	20
304	3	574	29
305	3	574	29
306	3	574	29
307	3	574	29
308	3	574	29
309	3	574	29
309	3	1774	20
310	3	574	29
311	3	574	29
312	3	574	29
313	3	574	29
314	3	574	29
315	3	574	29
316	3	574	29
317	3	574	29
319	3	574	29
322	3	574	29
323	3	574	29
326	3	574	29
327	3	574	29
328	3	574	29
329	3	574	29
330	3	574	29
331	3	1930	29
332	3	1408	29
333	3	574	29
334	3	574	29
335	3	574	29
336	3	574	29
337	3	574	29
338	3	574	29
339	3	1930	29
340	3	574	29
341	3	574	29
342	3	574	29
343	3	574	29
345	3	574	29
346	3	574	29
348	3	574	29
349	3	574	29
349	3	1774	20
350	3	574	29
351	3	574	29
352	3	574	29
353	3	574	29
354	3	574	29
354	3	1513	20
356	3	574	29
357	3	574	29
358	3	574	29
359	3	574	29
360	3	574	29
361	3	574	29
362	3	574	29
363	3	574	29
364	3	574	29
365	3	574	29
366	3	574	29
367	3	574	29
368	3	574	29
368	3	2139	20
369	3	574	29
370	3	574	29
371	3	574	29
372	3	2035	29
374	3	574	29
375	3	574	29
376	3	574	29
377	3	574	29
378	3	574	29
379	3	1565	29
380	3	574	29
381	3	574	29
382	3	1982	29
383	3	574	29
384	3	1669	29
385	3	574	29
386	3	574	29
387	3	574	29
387	3	1826	20
388	3	574	29
389	3	574	29
390	3	574	29
391	3	574	29
392	3	574	29
393	3	574	29
394	3	574	29
396	3	574	29
396	3	1774	20
397	3	574	29
398	3	574	29
399	3	574	29
400	3	574	29
401	3	574	29
402	3	574	29
403	3	574	29
404	3	2087	29
405	3	574	29
406	3	574	29
407	3	574	29
408	3	574	29
409	3	574	29
410	3	2139	29
411	3	574	29
411	3	1565	20
412	3	1095	29
412	3	1513	20
412	3	2191	30
413	3	574	29
413	3	1461	20
414	3	574	29
415	3	1461	29
416	3	574	29
417	3	574	29
418	3	574	29
418	3	1774	20
419	3	574	29
420	3	574	29
421	3	574	29
422	3	574	29
423	3	574	29
424	3	574	29
424	3	1565	20
425	3	574	29
426	3	574	29
427	3	574	29
428	3	574	29
429	3	574	29
430	3	574	29
431	3	574	29
432	3	1304	29
433	3	574	29
434	3	1200	29
434	3	1930	20
435	3	574	29
436	3	574	29
437	3	574	29
438	3	574	29
439	3	574	29
440	3	574	29
441	3	574	29
442	3	574	29
443	3	574	29
444	3	574	29
445	3	574	29
446	3	2243	29
447	3	574	29
448	3	574	29
449	3	574	29
450	3	574	29
451	3	574	29
452	3	574	29
453	3	574	29
453	3	1774	20
454	3	574	29
455	3	574	29
456	3	2191	29
457	3	574	29
458	3	574	29
459	3	574	29
460	3	574	29
461	3	574	29
462	3	574	29
463	3	574	29
464	3	574	29
465	3	574	29
466	3	574	29
467	3	574	29
468	3	574	29
469	3	574	29
470	3	574	29
471	3	574	29
472	3	574	29
473	3	574	29
474	3	574	29
475	3	574	29
476	3	574	29
477	3	574	29
478	3	574	29
479	3	574	29
480	3	574	29
481	3	574	29
481	3	1722	20
482	3	2243	29
484	3	574	29
486	3	574	29
487	3	574	29
488	3	574	29
489	3	574	29
490	3	574	29
490	3	2139	20
491	3	1878	29
492	3	574	29
493	3	574	29
494	3	574	29
495	3	574	29
496	3	574	29
497	3	574	29
498	3	574	29
499	3	574	29
500	3	574	29
500	3	1774	20
501	3	2191	29
502	3	574	29
503	3	574	29
503	3	1461	20
504	3	574	29
505	3	574	29
506	3	574	29
507	3	574	29
508	3	1200	29
510	3	574	29
511	3	574	29
512	3	574	29
513	3	574	29
514	3	574	29
515	3	574	29
516	3	574	29
517	3	574	29
519	3	574	29
520	3	574	29
521	3	574	29
522	3	574	29
523	3	574	29
524	3	574	29
525	3	574	29
525	3	1774	20
526	3	574	29
527	3	574	29
528	3	574	29
529	3	1095	29
530	3	574	29
531	3	1669	29
532	3	574	29
533	3	574	29
534	3	1095	29
535	3	574	29
536	3	574	29
537	3	574	29
538	3	574	29
539	3	574	29
540	3	574	29
541	3	574	29
543	3	1722	29
544	3	574	29
544	3	2139	20
545	3	574	29
547	3	574	29
548	3	574	29
549	3	574	29
550	3	574	29
550	3	1930	20
551	3	574	29
551	3	1617	20
552	3	574	29
553	3	574	29
554	3	574	29
555	3	574	29
555	3	1513	20
556	3	574	29
557	3	574	29
558	3	574	29
559	3	574	29
560	3	574	29
561	3	574	29
562	3	574	29
563	3	574	29
564	3	574	29
565	3	574	29
565	3	1930	20
566	3	574	29
567	3	574	29
568	3	574	29
569	3	574	29
570	3	574	29
571	3	574	29
572	3	574	29
573	3	574	29
575	3	574	29
575	3	1669	20
576	3	574	29
577	3	1252	29
578	3	574	29
579	3	574	29
580	3	574	29
581	3	574	29
582	3	574	29
583	3	1095	29
583	3	1669	20
584	3	574	29
585	3	574	29
585	3	1565	20
586	3	574	29
587	3	574	29
587	3	1722	20
588	3	574	29
589	3	574	29
590	3	574	29
591	3	574	29
592	3	574	29
593	3	574	29
594	3	574	29
595	3	574	29
595	3	2139	20
596	3	574	29
598	3	574	29
599	3	574	29
600	3	574	29
601	3	574	29
602	3	574	29
603	3	574	29
604	3	574	29
605	3	574	29
606	3	574	29
607	3	574	29
608	3	574	29
609	3	574	29
611	3	574	29
612	3	574	29
613	3	574	29
614	3	574	29
615	3	574	29
616	3	574	29
617	3	574	29
619	3	574	29
620	3	574	29
621	3	574	29
622	3	574	29
623	3	574	29
624	3	574	29
625	3	574	29
626	3	574	29
627	3	574	29
628	3	574	29
629	3	574	29
630	3	574	29
631	3	574	29
632	3	574	29
633	3	574	29
634	3	574	29
636	3	574	29
637	3	574	29
638	3	574	29
639	3	574	29
639	3	2295	20
640	3	574	29
641	3	574	29
643	3	574	29
645	3	1565	29
646	3	574	29
648	3	1722	29
649	3	574	29
650	3	574	29
651	3	574	29
652	3	574	29
653	3	574	29
654	3	574	29
655	3	574	29
656	3	574	29
657	3	574	29
658	3	574	29
659	3	1826	29
660	3	574	29
661	3	574	29
662	3	574	29
663	3	574	29
664	3	574	29
664	3	1774	20
665	3	1513	29
666	3	574	29
667	3	574	29
668	3	574	29
669	3	1826	29
670	3	574	29
672	3	2191	29
673	3	574	29
674	3	574	29
675	3	1617	29
676	3	574	29
677	3	574	29
678	3	574	29
679	3	574	29
680	3	1617	29
681	3	574	29
682	3	574	29
683	3	574	29
684	3	574	29
685	3	574	29
686	3	574	29
688	3	574	29
689	3	574	29
690	3	574	29
691	3	574	29
692	3	574	29
693	3	574	29
694	3	1565	29
695	3	574	29
696	3	574	29
697	3	574	29
698	3	574	29
699	3	574	29
700	3	574	29
701	3	574	29
702	3	574	29
703	3	574	29
704	3	574	29
705	3	1930	29
706	3	574	29
707	3	574	29
708	3	574	29
709	3	574	29
710	3	574	29
711	3	574	29
712	3	574	29
714	3	1513	29
715	3	574	29
716	3	574	29
717	3	574	29
718	3	574	29
719	3	574	29
720	3	574	29
721	3	574	29
722	3	574	29
722	3	1774	20
723	3	574	29
724	3	574	29
725	3	574	29
726	3	574	29
727	3	574	29
728	3	574	29
729	3	2243	29
730	3	574	29
731	3	574	29
732	3	574	29
733	3	574	29
734	3	574	29
736	3	574	29
737	3	574	29
738	3	574	29
738	3	2243	20
739	3	574	29
740	3	574	29
741	3	574	29
742	3	574	29
742	3	1982	20
743	3	574	29
744	3	574	29
745	3	574	29
746	3	574	29
748	3	574	29
749	3	574	29
750	3	2243	29
752	3	574	29
753	3	574	29
753	3	1982	20
754	3	574	29
755	3	574	29
756	3	574	29
757	3	574	29
758	3	574	29
759	3	574	29
760	3	574	29
761	3	574	29
762	3	574	29
763	3	574	29
765	3	574	29
766	3	574	29
767	3	574	29
768	3	574	29
770	3	574	29
771	3	574	29
772	3	574	29
773	3	574	29
774	3	574	29
775	3	574	29
776	3	574	29
776	3	1722	20
777	3	574	29
778	3	574	29
779	3	574	29
780	3	574	29
781	3	574	29
782	3	574	29
783	3	574	29
784	3	574	29
785	3	574	29
786	3	574	29
787	3	574	29
788	3	574	29
789	3	574	29
790	3	574	29
792	3	574	29
793	3	574	29
794	3	574	29
795	3	574	29
796	3	574	29
797	3	574	29
798	3	574	29
799	3	574	29
800	3	574	29
801	3	2139	29
802	3	574	29
803	3	574	29
804	3	574	29
805	3	574	29
806	3	574	29
807	3	1043	29
807	3	1774	20
808	3	574	29
809	3	574	29
810	3	574	29
811	3	574	29
812	3	574	29
814	3	574	29
815	3	574	29
816	3	2035	29
817	3	574	29
818	3	574	29
819	3	574	29
820	3	574	29
821	3	574	29
822	3	574	29
823	3	1095	29
823	3	1982	20
824	3	574	29
825	3	574	29
826	3	574	29
827	3	574	29
828	3	574	29
830	3	574	29
831	3	574	29
831	3	2295	20
832	3	1200	29
832	3	1774	20
833	3	574	29
834	3	574	29
835	3	574	29
836	3	574	29
837	3	574	29
838	3	574	29
839	3	574	29
840	3	574	29
841	3	574	29
842	3	574	29
843	3	574	29
843	3	1826	20
844	3	574	29
846	3	574	29
847	3	574	29
848	3	574	29
849	3	574	29
850	3	574	29
850	3	1826	20
851	3	574	29
853	3	574	29
854	3	574	29
855	3	574	29
857	3	574	29
858	3	1565	29
859	3	574	29
860	3	574	29
862	3	574	29
863	3	574	29
864	3	574	29
864	3	1669	20
865	3	574	29
866	3	574	29
867	3	574	29
868	3	574	29
869	3	574	29
870	3	574	29
871	3	574	29
872	3	574	29
873	3	574	29
874	3	574	29
875	3	574	29
876	3	574	29
877	3	574	29
877	3	1461	20
878	3	574	29
879	3	574	29
880	3	1200	29
881	3	574	29
882	3	574	29
883	3	574	29
884	3	574	29
885	3	1148	29
885	3	1774	20
886	3	574	29
887	3	574	29
888	3	574	29
889	3	574	29
890	3	574	29
891	3	574	29
892	3	574	29
893	3	574	29
894	3	574	29
895	3	574	29
897	3	574	29
898	3	574	29
899	3	574	29
900	3	574	29
901	3	574	29
902	3	1513	29
903	3	574	29
904	3	574	29
905	3	2295	29
906	3	574	29
907	3	574	29
908	3	574	29
909	3	574	29
910	3	574	29
911	3	574	29
912	3	574	29
913	3	574	29
914	3	574	29
916	3	574	29
917	3	574	29
918	3	574	29
919	3	574	29
920	3	574	29
921	3	574	29
922	3	574	29
923	3	574	29
924	3	574	29
924	3	1774	20
925	3	574	29
926	3	574	29
927	3	574	29
928	3	574	29
929	3	574	29
930	3	574	29
931	3	574	29
932	3	574	29
933	3	574	29
934	3	574	29
935	3	574	29
936	3	574	29
937	3	574	29
938	3	574	29
939	3	574	29
940	3	574	29
941	3	574	29
941	3	1826	20
942	3	574	29
943	3	574	29
944	3	574	29
945	3	574	29
946	3	574	29
947	3	574	29
948	3	574	29
949	3	574	29
949	3	1617	20
950	3	1200	29
951	3	574	29
953	3	1304	29
954	3	574	29
955	3	574	29
956	3	574	29
957	3	574	29
958	3	574	29
959	3	574	29
960	3	1617	29
961	3	574	29
962	3	574	29
963	3	574	29
964	3	574	29
965	3	1826	29
966	3	574	29
967	3	574	29
968	3	574	29
969	3	574	29
970	3	574	29
971	3	574	29
972	3	574	29
972	3	1774	20
973	3	574	29
974	3	574	29
975	3	574	29
976	3	574	29
977	3	574	29
978	3	574	29
979	3	574	29
980	3	574	29
981	3	574	29
982	3	574	29
983	3	574	29
984	3	574	29
985	3	1722	29
986	3	574	29
987	3	574	29
988	3	574	29
989	3	574	29
990	3	574	29
991	3	574	29
993	3	574	29
994	3	574	29
995	3	574	29
996	3	574	29
997	3	574	29
998	3	574	29
998	3	2139	20
999	3	574	29
0	4	1095	29
1	4	1878	29
2	4	574	29
3	4	574	29
4	4	574	29
4	4	1826	28
5	4	574	29
6	4	574	29
7	4	574	29
8	4	574	29
9	4	574	29
10	4	574	29
11	4	574	29
12	4	574	29
13	4	574	29
14	4	574	29
15	4	574	29
16	4	574	29
17	4	574	29
18	4	574	29
20	4	574	29
20	4	2243	28
21	4	574	29
22	4	574	29
23	4	574	29
24	4	574	29
24	4	2295	28
26	4	574	29
27	4	574	29
28	4	574	29
29	4	574	29
30	4	574	29
31	4	574	29
32	4	574	29
33	4	574	29
34	4	574	29
35	4	574	29
35	4	2243	28
36	4	574	29
37	4	574	29
38	4	574	29
39	4	574	29
40	4	574	29
40	4	1878	28
41	4	574	29
41	4	2191	28
42	4	1513	29
43	4	574	29
44	4	574	29
45	4	1513	29
46	4	574	29
47	4	574	29
48	4	574	29
49	4	574	29
49	4	2243	28
50	4	574	29
52	4	574	29
53	4	574	29
53	4	1930	28
54	4	574	29
55	4	574	29
56	4	574	29
57	4	574	29
57	4	1722	28
58	4	574	29
59	4	574	29
59	4	2191	28
60	4	574	29
62	4	574	29
62	4	2139	28
63	4	574	29
65	4	574	29
66	4	574	29
67	4	574	29
69	4	574	29
70	4	574	29
71	4	574	29
72	4	574	29
73	4	574	29
74	4	574	29
75	4	1565	29
76	4	574	29
78	4	574	29
79	4	1878	29
80	4	1774	29
81	4	574	29
82	4	574	29
83	4	574	29
84	4	574	29
85	4	574	29
86	4	574	29
87	4	574	29
87	4	1878	28
88	4	574	29
89	4	574	29
90	4	574	29
91	4	574	29
92	4	574	29
93	4	574	29
94	4	574	29
95	4	2243	29
96	4	574	29
97	4	574	29
98	4	574	29
99	4	2087	29
101	4	574	29
102	4	574	29
103	4	574	29
104	4	574	29
105	4	574	29
106	4	574	29
106	4	1982	28
107	4	574	29
107	4	2139	28
108	4	574	29
109	4	574	29
110	4	574	29
111	4	574	29
112	4	574	29
113	4	574	29
114	4	574	29
116	4	574	29
117	4	574	29
118	4	2243	29
119	4	574	29
120	4	574	29
121	4	574	29
122	4	1200	29
123	4	574	29
124	4	1461	29
125	4	574	29
126	4	574	29
127	4	574	29
128	4	574	29
129	4	574	29
130	4	574	29
131	4	574	29
131	4	1982	28
132	4	574	29
133	4	574	29
134	4	1982	29
135	4	574	29
136	4	574	29
136	4	1565	28
137	4	574	29
138	4	574	29
138	4	1930	28
139	4	1148	29
139	4	1878	28
139	4	2191	30
140	4	574	29
141	4	574	29
141	4	1669	28
142	4	574	29
143	4	574	29
144	4	574	29
145	4	574	29
146	4	574	29
147	4	574	29
148	4	574	29
149	4	574	29
149	4	2035	28
150	4	574	29
150	4	2243	28
151	4	574	29
152	4	574	29
152	4	2139	28
153	4	574	29
154	4	574	29
155	4	574	29
155	4	2087	28
156	4	574	29
156	4	2243	28
157	4	574	29
158	4	574	29
159	4	574	29
159	4	1982	28
160	4	574	29
161	4	574	29
162	4	574	29
163	4	574	29
164	4	574	29
165	4	574	29
166	4	574	29
167	4	574	29
168	4	574	29
169	4	2191	29
170	4	574	29
171	4	574	29
172	4	574	29
173	4	574	29
174	4	574	29
175	4	574	29
175	4	2139	28
176	4	574	29
178	4	574	29
179	4	574	29
181	4	574	29
182	4	574	29
183	4	574	29
183	4	2191	28
185	4	1356	29
186	4	574	29
187	4	574	29
188	4	574	29
189	4	574	29
189	4	2139	28
190	4	574	29
192	4	1461	29
193	4	574	29
193	4	2295	28
194	4	574	29
195	4	574	29
196	4	574	29
196	4	1565	28
196	4	2295	30
197	4	574	29
198	4	574	29
199	4	574	29
199	4	2139	28
200	4	574	29
201	4	574	29
202	4	574	29
203	4	574	29
204	4	574	29
205	4	574	29
206	4	574	29
206	4	1513	28
206	4	2191	30
207	4	574	29
207	4	2139	28
208	4	574	29
209	4	574	29
210	4	574	29
211	4	574	29
212	4	574	29
213	4	574	29
214	4	574	29
215	4	574	29
216	4	574	29
217	4	574	29
218	4	574	29
219	4	574	29
220	4	574	29
221	4	574	29
222	4	574	29
223	4	574	29
224	4	574	29
225	4	574	29
225	4	1826	28
226	4	574	29
227	4	2243	29
228	4	574	29
229	4	574	29
230	4	574	29
231	4	574	29
232	4	574	29
232	4	2243	28
233	4	574	29
234	4	574	29
235	4	574	29
236	4	574	29
237	4	574	29
238	4	574	29
240	4	574	29
240	4	2035	28
241	4	574	29
242	4	574	29
242	4	2243	28
243	4	574	29
243	4	1878	28
244	4	574	29
245	4	574	29
246	4	574	29
247	4	574	29
248	4	574	29
249	4	574	29
250	4	574	29
250	4	1878	28
251	4	574	29
252	4	574	29
253	4	574	29
254	4	574	29
255	4	574	29
256	4	574	29
257	4	574	29
258	4	1461	29
259	4	574	29
260	4	574	29
261	4	574	29
262	4	574	29
263	4	574	29
264	4	574	29
265	4	574	29
266	4	574	29
267	4	574	29
268	4	1617	29
269	4	1304	29
270	4	574	29
271	4	574	29
271	4	2087	28
272	4	574	29
272	4	1722	28
273	4	574	29
274	4	574	29
275	4	574	29
276	4	574	29
277	4	574	29
278	4	574	29
279	4	574	29
280	4	574	29
281	4	574	29
282	4	574	29
283	4	574	29
284	4	574	29
284	4	1669	28
285	4	574	29
286	4	574	29
286	4	1982	28
287	4	574	29
288	4	2087	29
289	4	574	29
290	4	574	29
292	4	2295	29
293	4	574	29
293	4	1774	28
294	4	574	29
295	4	574	29
296	4	574	29
297	4	574	29
298	4	574	29
299	4	574	29
300	4	574	29
301	4	574	29
302	4	574	29
302	4	2243	28
303	4	574	29
303	4	1669	28
304	4	574	29
305	4	574	29
306	4	574	29
307	4	574	29
308	4	574	29
309	4	574	29
309	4	1722	28
310	4	574	29
310	4	1878	28
311	4	574	29
312	4	574	29
313	4	574	29
314	4	574	29
315	4	574	29
315	4	2295	28
316	4	574	29
317	4	574	29
319	4	574	29
322	4	574	29
323	4	574	29
326	4	574	29
327	4	574	29
328	4	574	29
329	4	574	29
330	4	574	29
331	4	1930	29
332	4	1408	29
333	4	574	29
333	4	2243	28
334	4	574	29
335	4	574	29
336	4	574	29
337	4	574	29
338	4	574	29
339	4	1930	29
340	4	574	29
341	4	574	29
342	4	574	29
342	4	1826	28
343	4	574	29
343	4	2295	28
345	4	574	29
345	4	2243	28
346	4	574	29
346	4	1930	28
348	4	574	29
349	4	574	29
349	4	1722	28
350	4	574	29
351	4	574	29
352	4	574	29
353	4	574	29
354	4	574	29
354	4	1669	28
356	4	574	29
357	4	574	29
358	4	574	29
359	4	574	29
360	4	574	29
361	4	574	29
362	4	574	29
363	4	574	29
364	4	574	29
365	4	574	29
366	4	574	29
367	4	574	29
368	4	574	29
368	4	1774	28
369	4	574	29
370	4	574	29
371	4	574	29
372	4	2035	29
374	4	574	29
375	4	574	29
376	4	574	29
377	4	574	29
378	4	574	29
379	4	1565	29
380	4	574	29
381	4	574	29
382	4	1982	29
383	4	574	29
384	4	1669	29
385	4	574	29
386	4	574	29
387	4	574	29
387	4	2243	28
388	4	574	29
389	4	574	29
390	4	574	29
391	4	574	29
391	4	2139	28
392	4	574	29
393	4	574	29
394	4	574	29
396	4	574	29
396	4	1617	28
397	4	574	29
398	4	574	29
399	4	574	29
400	4	574	29
401	4	574	29
402	4	574	29
403	4	574	29
404	4	2087	29
405	4	574	29
406	4	574	29
407	4	574	29
408	4	574	29
409	4	574	29
410	4	2139	29
411	4	574	29
411	4	1826	28
412	4	1095	29
412	4	1826	28
412	4	2191	30
413	4	574	29
413	4	1617	28
414	4	574	29
414	4	2139	28
415	4	1461	29
416	4	574	29
417	4	574	29
418	4	574	29
419	4	574	29
420	4	574	29
421	4	574	29
422	4	574	29
423	4	574	29
424	4	574	29
424	4	1774	28
425	4	574	29
426	4	574	29
426	4	2243	28
427	4	574	29
428	4	574	29
429	4	574	29
430	4	574	29
431	4	574	29
432	4	1304	29
433	4	574	29
434	4	1200	29
434	4	2035	28
435	4	574	29
436	4	574	29
436	4	1930	28
437	4	574	29
438	4	574	29
439	4	574	29
440	4	574	29
441	4	574	29
442	4	574	29
443	4	574	29
444	4	574	29
445	4	574	29
445	4	2295	28
446	4	2243	29
447	4	574	29
448	4	574	29
449	4	574	29
450	4	574	29
451	4	574	29
451	4	2035	28
452	4	574	29
453	4	574	29
453	4	1669	28
454	4	574	29
455	4	574	29
456	4	2191	29
457	4	574	29
458	4	574	29
459	4	574	29
460	4	574	29
461	4	574	29
462	4	574	29
463	4	574	29
463	4	1930	28
464	4	574	29
465	4	574	29
466	4	574	29
467	4	574	29
468	4	574	29
469	4	574	29
469	4	2035	28
470	4	574	29
471	4	574	29
472	4	574	29
473	4	574	29
474	4	574	29
475	4	574	29
476	4	574	29
477	4	574	29
478	4	574	29
479	4	574	29
480	4	574	29
481	4	574	29
481	4	1826	28
482	4	2243	29
484	4	574	29
486	4	574	29
487	4	574	29
488	4	574	29
489	4	574	29
489	4	1930	28
490	4	574	29
490	4	2087	28
491	4	1878	29
492	4	574	29
492	4	2295	28
493	4	574	29
494	4	574	29
495	4	574	29
496	4	574	29
496	4	2191	28
497	4	574	29
498	4	574	29
499	4	574	29
500	4	574	29
500	4	1669	28
501	4	2191	29
502	4	574	29
503	4	574	29
503	4	1617	28
504	4	574	29
505	4	574	29
506	4	574	29
507	4	574	29
508	4	1200	29
508	4	2035	28
510	4	574	29
511	4	574	29
512	4	574	29
512	4	2191	28
513	4	574	29
514	4	574	29
515	4	574	29
515	4	2191	28
516	4	574	29
517	4	574	29
519	4	574	29
520	4	574	29
521	4	574	29
522	4	574	29
522	4	2243	28
523	4	574	29
524	4	574	29
525	4	574	29
525	4	1930	28
526	4	574	29
527	4	574	29
528	4	574	29
529	4	1095	29
529	4	1826	28
530	4	574	29
531	4	1669	29
532	4	574	29
533	4	574	29
534	4	1095	29
535	4	574	29
536	4	574	29
537	4	574	29
538	4	574	29
539	4	574	29
540	4	574	29
541	4	574	29
543	4	1722	29
544	4	574	29
544	4	1930	28
545	4	574	29
547	4	574	29
547	4	1982	28
548	4	574	29
549	4	574	29
550	4	574	29
550	4	1669	28
551	4	574	29
551	4	1826	28
552	4	574	29
553	4	574	29
554	4	574	29
555	4	574	29
555	4	1617	28
556	4	574	29
557	4	574	29
558	4	574	29
559	4	574	29
560	4	574	29
561	4	574	29
562	4	574	29
563	4	574	29
564	4	574	29
565	4	574	29
565	4	1826	28
566	4	574	29
567	4	574	29
568	4	574	29
569	4	574	29
570	4	574	29
571	4	574	29
572	4	574	29
573	4	574	29
575	4	574	29
575	4	1617	28
576	4	574	29
577	4	1252	29
578	4	574	29
579	4	574	29
580	4	574	29
581	4	574	29
581	4	2295	28
582	4	574	29
583	4	1095	29
584	4	574	29
585	4	574	29
585	4	1617	28
586	4	574	29
587	4	574	29
587	4	1722	28
588	4	574	29
589	4	574	29
590	4	574	29
591	4	574	29
592	4	574	29
593	4	574	29
594	4	574	29
595	4	574	29
595	4	1774	28
596	4	574	29
598	4	574	29
599	4	574	29
600	4	574	29
601	4	574	29
602	4	574	29
603	4	574	29
604	4	574	29
604	4	2295	28
605	4	574	29
606	4	574	29
607	4	574	29
607	4	2243	28
608	4	574	29
609	4	574	29
611	4	574	29
612	4	574	29
613	4	574	29
614	4	574	29
615	4	574	29
616	4	574	29
617	4	574	29
619	4	574	29
620	4	574	29
621	4	574	29
622	4	574	29
623	4	574	29
624	4	574	29
625	4	574	29
626	4	574	29
627	4	574	29
628	4	574	29
629	4	574	29
630	4	574	29
631	4	574	29
631	4	2087	28
632	4	574	29
632	4	2191	28
633	4	574	29
634	4	574	29
636	4	574	29
637	4	574	29
638	4	574	29
639	4	574	29
639	4	2087	28
640	4	574	29
641	4	574	29
643	4	574	29
645	4	1565	29
646	4	574	29
648	4	1722	29
649	4	574	29
650	4	574	29
651	4	574	29
652	4	574	29
653	4	574	29
654	4	574	29
655	4	574	29
656	4	574	29
657	4	574	29
658	4	574	29
658	4	2035	28
659	4	1826	29
660	4	574	29
661	4	574	29
662	4	574	29
663	4	574	29
664	4	574	29
664	4	1982	28
665	4	1513	29
666	4	574	29
667	4	574	29
668	4	574	29
669	4	1826	29
670	4	574	29
672	4	2191	29
673	4	574	29
674	4	574	29
675	4	1617	29
676	4	574	29
676	4	2035	28
677	4	574	29
678	4	574	29
679	4	574	29
680	4	1617	29
681	4	574	29
682	4	574	29
683	4	574	29
684	4	574	29
685	4	574	29
686	4	574	29
688	4	574	29
689	4	574	29
690	4	574	29
691	4	574	29
691	4	1982	28
692	4	574	29
693	4	574	29
693	4	2243	28
694	4	1565	29
695	4	574	29
696	4	574	29
697	4	574	29
697	4	2243	28
698	4	574	29
699	4	574	29
700	4	574	29
701	4	574	29
701	4	2295	28
702	4	574	29
703	4	574	29
703	4	2295	28
704	4	574	29
705	4	1930	29
706	4	574	29
707	4	574	29
708	4	574	29
709	4	574	29
709	4	2139	28
710	4	574	29
711	4	574	29
712	4	574	29
714	4	1513	29
715	4	574	29
716	4	574	29
717	4	574	29
717	4	2191	28
718	4	574	29
718	4	2243	28
719	4	574	29
720	4	574	29
721	4	574	29
722	4	574	29
722	4	1617	28
723	4	574	29
724	4	574	29
725	4	574	29
726	4	574	29
727	4	574	29
728	4	574	29
729	4	2243	29
730	4	574	29
731	4	574	29
732	4	574	29
733	4	574	29
734	4	574	29
736	4	574	29
737	4	574	29
737	4	2087	28
738	4	574	29
738	4	1930	28
739	4	574	29
740	4	574	29
741	4	574	29
742	4	574	29
742	4	1878	28
743	4	574	29
744	4	574	29
745	4	574	29
746	4	574	29
748	4	574	29
749	4	574	29
750	4	2243	29
752	4	574	29
752	4	2243	28
753	4	574	29
753	4	1982	28
754	4	574	29
755	4	574	29
756	4	574	29
756	4	1878	28
757	4	574	29
758	4	574	29
759	4	574	29
760	4	574	29
761	4	574	29
762	4	574	29
763	4	574	29
765	4	574	29
766	4	574	29
767	4	574	29
768	4	574	29
770	4	574	29
771	4	574	29
772	4	574	29
773	4	574	29
774	4	574	29
775	4	574	29
776	4	574	29
776	4	1930	28
777	4	574	29
778	4	574	29
779	4	574	29
780	4	574	29
781	4	574	29
781	4	2243	28
782	4	574	29
783	4	574	29
784	4	574	29
785	4	574	29
786	4	574	29
787	4	574	29
788	4	574	29
789	4	574	29
790	4	574	29
792	4	574	29
793	4	574	29
793	4	2243	28
794	4	574	29
795	4	574	29
796	4	574	29
797	4	574	29
798	4	574	29
799	4	574	29
800	4	574	29
801	4	2139	29
802	4	574	29
803	4	574	29
804	4	574	29
805	4	574	29
806	4	574	29
807	4	1043	29
807	4	2035	28
808	4	574	29
809	4	574	29
810	4	574	29
811	4	574	29
812	4	574	29
812	4	2035	28
814	4	574	29
815	4	574	29
816	4	2035	29
817	4	574	29
818	4	574	29
819	4	574	29
820	4	574	29
821	4	574	29
822	4	574	29
823	4	1095	29
823	4	2035	28
824	4	574	29
825	4	574	29
826	4	574	29
827	4	574	29
828	4	574	29
830	4	574	29
831	4	574	29
831	4	1878	28
832	4	1200	29
832	4	1982	28
833	4	574	29
834	4	574	29
834	4	1930	28
835	4	574	29
836	4	574	29
837	4	574	29
838	4	574	29
838	4	2087	28
839	4	574	29
840	4	574	29
840	4	1617	28
841	4	574	29
842	4	574	29
843	4	574	29
843	4	1722	28
844	4	574	29
846	4	574	29
847	4	574	29
848	4	574	29
849	4	574	29
850	4	574	29
850	4	1722	28
851	4	574	29
853	4	574	29
854	4	574	29
855	4	574	29
857	4	574	29
858	4	1565	29
859	4	574	29
860	4	574	29
862	4	574	29
863	4	574	29
864	4	574	29
864	4	1826	28
865	4	574	29
866	4	574	29
867	4	574	29
868	4	574	29
869	4	574	29
870	4	574	29
871	4	574	29
872	4	574	29
873	4	574	29
873	4	2243	28
874	4	574	29
875	4	574	29
876	4	574	29
877	4	574	29
877	4	1669	28
878	4	574	29
879	4	574	29
880	4	1200	29
881	4	574	29
882	4	574	29
883	4	574	29
884	4	574	29
885	4	1148	29
886	4	574	29
887	4	574	29
888	4	574	29
889	4	574	29
890	4	574	29
891	4	574	29
892	4	574	29
893	4	574	29
894	4	574	29
895	4	574	29
897	4	574	29
898	4	574	29
899	4	574	29
899	4	2087	28
900	4	574	29
901	4	574	29
902	4	1513	29
903	4	574	29
903	4	2035	28
904	4	574	29
905	4	2295	29
906	4	574	29
907	4	574	29
908	4	574	29
909	4	574	29
910	4	574	29
911	4	574	29
912	4	574	29
913	4	574	29
914	4	574	29
916	4	574	29
917	4	574	29
918	4	574	29
919	4	574	29
920	4	574	29
921	4	574	29
922	4	574	29
923	4	574	29
924	4	574	29
925	4	574	29
926	4	574	29
926	4	2087	28
927	4	574	29
928	4	574	29
929	4	574	29
930	4	574	29
931	4	574	29
931	4	1669	28
932	4	574	29
933	4	574	29
934	4	574	29
935	4	574	29
936	4	574	29
937	4	574	29
938	4	574	29
939	4	574	29
940	4	574	29
940	4	2087	28
941	4	574	29
941	4	2035	28
942	4	574	29
942	4	1982	28
943	4	574	29
944	4	574	29
945	4	574	29
946	4	574	29
947	4	574	29
947	4	1722	28
948	4	574	29
949	4	574	29
949	4	1669	28
950	4	1200	29
951	4	574	29
953	4	1304	29
954	4	574	29
954	4	2295	28
955	4	574	29
956	4	574	29
957	4	574	29
958	4	574	29
959	4	574	29
960	4	1617	29
961	4	574	29
962	4	574	29
963	4	574	29
964	4	574	29
964	4	1878	28
965	4	1826	29
966	4	574	29
966	4	2295	28
967	4	574	29
968	4	574	29
969	4	574	29
970	4	574	29
971	4	574	29
971	4	2295	28
972	4	574	29
972	4	1722	28
973	4	574	29
974	4	574	29
975	4	574	29
976	4	574	29
976	4	2139	28
977	4	574	29
978	4	574	29
979	4	574	29
980	4	574	29
981	4	574	29
982	4	574	29
983	4	574	29
984	4	574	29
985	4	1722	29
986	4	574	29
987	4	574	29
988	4	574	29
989	4	574	29
990	4	574	29
991	4	574	29
993	4	574	29
994	4	574	29
995	4	574	29
996	4	574	29
997	4	574	29
998	4	574	29
998	4	1878	28
999	4	574	29
0	5	574	25
0	5	1095	29
1	5	574	25
1	5	1878	29
2	5	574	29
3	5	574	29
4	5	574	29
4	5	1826	28
4	5	2243	25
5	5	574	29
6	5	574	29
7	5	574	29
8	5	574	29
9	5	574	29
10	5	574	29
11	5	574	29
12	5	574	29
13	5	574	29
14	5	574	29
15	5	574	29
16	5	574	29
17	5	574	29
18	5	574	29
19	5	574	25
20	5	574	29
20	5	2243	28
21	5	574	29
22	5	574	29
23	5	574	29
24	5	574	29
24	5	2295	28
25	5	574	25
26	5	574	29
27	5	574	29
28	5	574	29
29	5	574	29
30	5	574	29
31	5	574	29
32	5	574	29
33	5	574	29
34	5	574	29
35	5	574	29
35	5	2243	28
36	5	574	29
37	5	574	29
38	5	574	29
39	5	574	29
40	5	574	29
40	5	1878	28
41	5	574	29
41	5	2191	28
42	5	574	25
42	5	1513	29
43	5	574	29
44	5	574	29
45	5	574	25
45	5	1513	29
46	5	574	29
47	5	574	29
48	5	574	29
49	5	574	29
49	5	2243	28
50	5	574	29
51	5	574	25
52	5	574	29
53	5	574	29
53	5	1930	28
53	5	2295	25
54	5	574	29
55	5	574	29
56	5	574	29
57	5	574	29
57	5	1722	28
58	5	574	29
59	5	574	29
59	5	2191	28
60	5	574	29
61	5	574	25
62	5	574	29
62	5	2139	28
63	5	574	29
64	5	574	25
65	5	574	29
66	5	574	29
67	5	574	29
68	5	574	25
69	5	574	29
70	5	574	29
71	5	574	29
72	5	574	29
73	5	574	29
74	5	574	29
75	5	574	25
75	5	1565	29
76	5	574	29
77	5	574	25
78	5	574	29
79	5	574	25
79	5	1878	29
80	5	574	25
80	5	1774	29
81	5	574	29
82	5	574	29
83	5	574	29
84	5	574	29
85	5	574	29
86	5	574	29
87	5	574	29
87	5	1878	28
88	5	574	29
89	5	574	29
90	5	574	29
91	5	574	29
92	5	574	29
93	5	574	29
94	5	574	29
95	5	574	25
95	5	2243	29
96	5	574	29
97	5	574	29
98	5	574	29
99	5	574	25
99	5	2087	29
100	5	574	25
101	5	574	29
102	5	574	29
103	5	574	29
104	5	574	29
105	5	574	29
106	5	574	29
106	5	1982	28
107	5	574	29
107	5	2139	28
108	5	574	29
109	5	574	29
110	5	574	29
111	5	574	29
112	5	574	29
113	5	574	29
114	5	574	29
115	5	574	25
116	5	574	29
117	5	574	29
118	5	574	25
118	5	2243	29
119	5	574	29
120	5	574	29
121	5	574	29
122	5	574	25
122	5	1200	29
123	5	574	29
124	5	574	25
124	5	1461	29
125	5	574	29
126	5	574	29
127	5	574	29
128	5	574	29
129	5	574	29
130	5	574	29
131	5	574	29
131	5	1982	28
132	5	574	29
133	5	574	29
134	5	574	25
134	5	1982	29
135	5	574	29
136	5	574	29
136	5	1565	28
137	5	574	29
138	5	574	29
138	5	1930	28
139	5	574	25
139	5	1148	29
139	5	1878	28
139	5	2191	30
140	5	574	29
141	5	574	29
141	5	1669	28
142	5	574	29
143	5	574	29
144	5	574	29
145	5	574	29
146	5	574	29
147	5	574	29
148	5	574	29
149	5	574	29
149	5	2035	28
150	5	574	29
150	5	2243	28
151	5	574	29
152	5	574	29
152	5	2139	28
153	5	574	29
154	5	574	29
155	5	574	29
155	5	2087	28
156	5	574	29
156	5	2243	28
157	5	574	29
158	5	574	29
159	5	574	29
159	5	1982	28
160	5	574	29
161	5	574	29
162	5	574	29
163	5	574	29
164	5	574	29
165	5	574	29
166	5	574	29
167	5	574	29
168	5	574	29
169	5	574	25
169	5	2191	29
170	5	574	29
171	5	574	29
172	5	574	29
173	5	574	29
174	5	574	29
175	5	574	29
175	5	2139	28
176	5	574	29
177	5	574	25
178	5	574	29
179	5	574	29
180	5	574	25
181	5	574	29
182	5	574	29
183	5	574	29
183	5	2191	28
184	5	574	25
185	5	574	25
185	5	1356	29
186	5	574	29
187	5	574	29
188	5	574	29
189	5	574	29
189	5	2139	28
190	5	574	29
191	5	574	25
192	5	574	25
192	5	1461	29
193	5	574	29
193	5	2295	28
194	5	574	29
195	5	574	29
196	5	574	29
196	5	1565	28
196	5	2035	25
196	5	2295	30
197	5	574	29
198	5	574	29
199	5	574	29
199	5	2139	28
200	5	574	29
201	5	574	29
202	5	574	29
203	5	574	29
204	5	574	29
205	5	574	29
206	5	574	29
206	5	1513	28
206	5	1930	25
206	5	2191	30
207	5	574	29
207	5	2139	28
208	5	574	29
209	5	574	29
210	5	574	29
211	5	574	29
212	5	574	29
213	5	574	29
214	5	574	29
215	5	574	29
216	5	574	29
217	5	574	29
218	5	574	29
219	5	574	29
220	5	574	29
221	5	574	29
222	5	574	29
223	5	574	29
224	5	574	29
225	5	574	29
225	5	1826	28
226	5	574	29
227	5	574	25
227	5	2243	29
228	5	574	29
229	5	574	29
230	5	574	29
231	5	574	29
232	5	574	29
232	5	2243	28
233	5	574	29
234	5	574	29
235	5	574	29
236	5	574	29
237	5	574	29
238	5	574	29
239	5	574	25
240	5	574	29
240	5	2035	28
241	5	574	29
242	5	574	29
242	5	2243	28
243	5	574	29
243	5	1878	28
244	5	574	29
245	5	574	29
246	5	574	29
247	5	574	29
248	5	574	29
249	5	574	29
250	5	574	29
250	5	1878	28
251	5	574	29
252	5	574	29
253	5	574	29
254	5	574	29
255	5	574	29
256	5	574	29
257	5	574	29
258	5	574	25
258	5	1461	29
259	5	574	29
260	5	574	29
261	5	574	29
262	5	574	29
263	5	574	29
264	5	574	29
265	5	574	29
266	5	574	29
267	5	574	29
268	5	574	25
268	5	1617	29
269	5	574	25
269	5	1304	29
270	5	574	29
271	5	574	29
271	5	2087	28
272	5	574	29
272	5	1722	28
272	5	2139	25
273	5	574	29
274	5	574	29
275	5	574	29
276	5	574	29
277	5	574	29
278	5	574	29
279	5	574	29
280	5	574	29
281	5	574	29
282	5	574	29
283	5	574	29
284	5	574	29
284	5	1669	28
285	5	574	29
286	5	574	29
286	5	1982	28
287	5	574	29
288	5	574	25
288	5	2087	29
289	5	574	29
290	5	574	29
291	5	574	25
292	5	574	25
292	5	2295	29
293	5	574	29
293	5	1774	28
294	5	574	29
295	5	574	29
296	5	574	29
297	5	574	29
298	5	574	29
299	5	574	29
300	5	574	29
301	5	574	29
302	5	574	29
302	5	2243	28
303	5	574	29
303	5	1669	28
304	5	574	29
305	5	574	29
306	5	574	29
307	5	574	29
308	5	574	29
309	5	574	29
309	5	1722	28
309	5	2295	25
310	5	574	29
310	5	1878	28
310	5	2295	25
311	5	574	29
312	5	574	29
313	5	574	29
314	5	574	29
315	5	574	29
315	5	2295	28
316	5	574	29
317	5	574	29
318	5	574	25
319	5	574	29
320	5	574	25
321	5	574	25
322	5	574	29
323	5	574	29
324	5	574	25
325	5	574	25
326	5	574	29
327	5	574	29
328	5	574	29
329	5	574	29
330	5	574	29
331	5	574	25
331	5	1930	29
332	5	574	25
332	5	1408	29
333	5	574	29
333	5	2243	28
334	5	574	29
335	5	574	29
336	5	574	29
337	5	574	29
338	5	574	29
339	5	574	25
339	5	1930	29
340	5	574	29
341	5	574	29
342	5	574	29
342	5	1826	28
343	5	574	29
343	5	2295	28
344	5	574	25
345	5	574	29
345	5	2243	28
346	5	574	29
346	5	1930	28
347	5	574	25
348	5	574	29
349	5	574	29
349	5	1722	28
350	5	574	29
351	5	574	29
352	5	574	29
353	5	574	29
354	5	574	29
354	5	1669	28
355	5	574	25
356	5	574	29
357	5	574	29
358	5	574	29
359	5	574	29
360	5	574	29
361	5	574	29
362	5	574	29
363	5	574	29
364	5	574	29
365	5	574	29
366	5	574	29
367	5	574	29
368	5	574	29
368	5	1774	28
369	5	574	29
370	5	574	29
371	5	574	29
372	5	574	25
372	5	2035	29
373	5	574	25
374	5	574	29
375	5	574	29
376	5	574	29
377	5	574	29
378	5	574	29
379	5	574	25
379	5	1565	29
380	5	574	29
381	5	574	29
382	5	574	25
382	5	1982	29
383	5	574	29
384	5	574	25
384	5	1669	29
385	5	574	29
386	5	574	29
387	5	574	29
387	5	2243	28
388	5	574	29
389	5	574	29
390	5	574	29
391	5	574	29
391	5	2139	28
392	5	574	29
393	5	574	29
394	5	574	29
395	5	574	25
396	5	574	29
396	5	1617	28
397	5	574	29
398	5	574	29
399	5	574	29
400	5	574	29
401	5	574	29
402	5	574	29
403	5	574	29
404	5	574	25
404	5	2087	29
405	5	574	29
406	5	574	29
407	5	574	29
408	5	574	29
409	5	574	29
410	5	574	25
410	5	2139	29
411	5	574	29
411	5	1826	28
412	5	574	25
412	5	1095	29
412	5	1826	28
412	5	2191	30
413	5	574	29
413	5	1617	28
414	5	574	29
414	5	2139	28
415	5	574	25
415	5	1461	29
416	5	574	29
417	5	574	29
418	5	574	29
419	5	574	29
420	5	574	29
421	5	574	29
422	5	574	29
423	5	574	29
424	5	574	29
424	5	1774	28
424	5	2191	25
425	5	574	29
426	5	574	29
426	5	2243	28
427	5	574	29
428	5	574	29
429	5	574	29
430	5	574	29
431	5	574	29
432	5	574	25
432	5	1304	29
433	5	574	29
434	5	574	25
434	5	1200	29
434	5	2035	28
435	5	574	29
436	5	574	29
436	5	1930	28
437	5	574	29
438	5	574	29
439	5	574	29
440	5	574	29
441	5	574	29
442	5	574	29
443	5	574	29
444	5	574	29
445	5	574	29
445	5	2295	28
446	5	574	25
446	5	2243	29
447	5	574	29
448	5	574	29
449	5	574	29
450	5	574	29
451	5	574	29
451	5	2035	28
452	5	574	29
453	5	574	29
453	5	1669	28
454	5	574	29
455	5	574	29
456	5	574	25
456	5	2191	29
457	5	574	29
458	5	574	29
459	5	574	29
460	5	574	29
461	5	574	29
462	5	574	29
463	5	574	29
463	5	1930	28
464	5	574	29
465	5	574	29
466	5	574	29
467	5	574	29
468	5	574	29
469	5	574	29
469	5	2035	28
470	5	574	29
471	5	574	29
472	5	574	29
473	5	574	29
474	5	574	29
475	5	574	29
476	5	574	29
477	5	574	29
478	5	574	29
479	5	574	29
480	5	574	29
481	5	574	29
481	5	1826	28
482	5	574	25
482	5	2243	29
483	5	574	25
484	5	574	29
485	5	574	25
486	5	574	29
487	5	574	29
488	5	574	29
489	5	574	29
489	5	1930	28
490	5	574	29
490	5	2087	28
491	5	574	25
491	5	1878	29
492	5	574	29
492	5	2295	28
493	5	574	29
494	5	574	29
495	5	574	29
496	5	574	29
496	5	2191	28
497	5	574	29
498	5	574	29
499	5	574	29
500	5	574	29
500	5	1669	28
501	5	574	25
501	5	2191	29
502	5	574	29
503	5	574	29
503	5	1617	28
503	5	2139	25
504	5	574	29
505	5	574	29
506	5	574	29
507	5	574	29
508	5	574	25
508	5	1200	29
508	5	2035	28
509	5	574	25
510	5	574	29
511	5	574	29
512	5	574	29
512	5	2191	28
513	5	574	29
514	5	574	29
515	5	574	29
515	5	2191	28
516	5	574	29
517	5	574	29
518	5	574	25
519	5	574	29
520	5	574	29
521	5	574	29
522	5	574	29
522	5	2243	28
523	5	574	29
524	5	574	29
525	5	574	29
525	5	1930	28
526	5	574	29
527	5	574	29
528	5	574	29
529	5	574	25
529	5	1095	29
529	5	1826	28
530	5	574	29
531	5	574	25
531	5	1669	29
532	5	574	29
533	5	574	29
534	5	574	25
534	5	1095	29
535	5	574	29
536	5	574	29
537	5	574	29
538	5	574	29
539	5	574	29
540	5	574	29
541	5	574	29
542	5	574	25
543	5	574	25
543	5	1722	29
544	5	574	29
544	5	1930	28
545	5	574	29
546	5	574	25
547	5	574	29
547	5	1982	28
548	5	574	29
549	5	574	29
550	5	574	29
550	5	1669	28
551	5	574	29
551	5	1826	28
552	5	574	29
553	5	574	29
554	5	574	29
555	5	574	29
555	5	1617	28
555	5	2139	25
556	5	574	29
557	5	574	29
558	5	574	29
559	5	574	29
560	5	574	29
561	5	574	29
562	5	574	29
563	5	574	29
564	5	574	29
565	5	574	29
565	5	1826	28
565	5	2243	25
566	5	574	29
567	5	574	29
568	5	574	29
569	5	574	29
570	5	574	29
571	5	574	29
572	5	574	29
573	5	574	29
574	5	574	25
575	5	574	29
575	5	1617	28
576	5	574	29
577	5	574	25
577	5	1252	29
578	5	574	29
579	5	574	29
580	5	574	29
581	5	574	29
581	5	2295	28
582	5	574	29
583	5	574	25
583	5	1095	29
584	5	574	29
585	5	574	29
585	5	1617	28
586	5	574	29
587	5	574	29
587	5	1722	28
588	5	574	29
589	5	574	29
590	5	574	29
591	5	574	29
592	5	574	29
593	5	574	29
594	5	574	29
595	5	574	29
595	5	1774	28
596	5	574	29
597	5	574	25
598	5	574	29
599	5	574	29
600	5	574	29
601	5	574	29
602	5	574	29
603	5	574	29
604	5	574	29
604	5	2295	28
605	5	574	29
606	5	574	29
607	5	574	29
607	5	2243	28
608	5	574	29
609	5	574	29
610	5	574	25
611	5	574	29
612	5	574	29
613	5	574	29
614	5	574	29
615	5	574	29
616	5	574	29
617	5	574	29
618	5	574	25
619	5	574	29
620	5	574	29
621	5	574	29
622	5	574	29
623	5	574	29
624	5	574	29
625	5	574	29
626	5	574	29
627	5	574	29
628	5	574	29
629	5	574	29
630	5	574	29
631	5	574	29
631	5	2087	28
632	5	574	29
632	5	2191	28
633	5	574	29
634	5	574	29
635	5	574	25
636	5	574	29
637	5	574	29
638	5	574	29
639	5	574	29
639	5	2087	28
640	5	574	29
641	5	574	29
642	5	574	25
643	5	574	29
644	5	574	25
645	5	574	25
645	5	1565	29
646	5	574	29
647	5	574	25
648	5	574	25
648	5	1722	29
649	5	574	29
650	5	574	29
651	5	574	29
652	5	574	29
653	5	574	29
654	5	574	29
655	5	574	29
656	5	574	29
657	5	574	29
658	5	574	29
658	5	2035	28
659	5	574	25
659	5	1826	29
660	5	574	29
661	5	574	29
662	5	574	29
663	5	574	29
664	5	574	29
664	5	1982	28
665	5	574	25
665	5	1513	29
666	5	574	29
667	5	574	29
668	5	574	29
669	5	574	25
669	5	1826	29
670	5	574	29
671	5	574	25
672	5	574	25
672	5	2191	29
673	5	574	29
674	5	574	29
675	5	574	25
675	5	1617	29
676	5	574	29
676	5	2035	28
677	5	574	29
678	5	574	29
679	5	574	29
680	5	574	25
680	5	1617	29
681	5	574	29
682	5	574	29
683	5	574	29
684	5	574	29
685	5	574	29
686	5	574	29
687	5	574	25
688	5	574	29
689	5	574	29
690	5	574	29
691	5	574	29
691	5	1982	28
692	5	574	29
693	5	574	29
693	5	2243	28
694	5	574	25
694	5	1565	29
695	5	574	29
696	5	574	29
697	5	574	29
697	5	2243	28
698	5	574	29
699	5	574	29
700	5	574	29
701	5	574	29
701	5	2295	28
702	5	574	29
703	5	574	29
703	5	2295	28
704	5	574	29
705	5	574	25
705	5	1930	29
706	5	574	29
707	5	574	29
708	5	574	29
709	5	574	29
709	5	2139	28
710	5	574	29
711	5	574	29
712	5	574	29
713	5	574	25
714	5	574	25
714	5	1513	29
715	5	574	29
716	5	574	29
717	5	574	29
717	5	2191	28
718	5	574	29
718	5	2243	28
719	5	574	29
720	5	574	29
721	5	574	29
722	5	574	29
722	5	1617	28
723	5	574	29
724	5	574	29
725	5	574	29
726	5	574	29
727	5	574	29
728	5	574	29
729	5	574	25
729	5	2243	29
730	5	574	29
731	5	574	29
732	5	574	29
733	5	574	29
734	5	574	29
735	5	574	25
736	5	574	29
737	5	574	29
737	5	2087	28
738	5	574	29
738	5	1930	28
739	5	574	29
740	5	574	29
741	5	574	29
742	5	574	29
742	5	1878	28
743	5	574	29
744	5	574	29
745	5	574	29
746	5	574	29
747	5	574	25
748	5	574	29
749	5	574	29
750	5	574	25
750	5	2243	29
751	5	574	25
752	5	574	29
752	5	2243	28
753	5	574	29
753	5	1982	28
754	5	574	29
755	5	574	29
756	5	574	29
756	5	1878	28
757	5	574	29
758	5	574	29
759	5	574	29
760	5	574	29
761	5	574	29
762	5	574	29
763	5	574	29
764	5	574	25
765	5	574	29
766	5	574	29
767	5	574	29
768	5	574	29
769	5	574	25
770	5	574	29
771	5	574	29
772	5	574	29
773	5	574	29
774	5	574	29
775	5	574	29
776	5	574	29
776	5	1930	28
777	5	574	29
778	5	574	29
779	5	574	29
780	5	574	29
781	5	574	29
781	5	2243	28
782	5	574	29
783	5	574	29
784	5	574	29
785	5	574	29
786	5	574	29
787	5	574	29
788	5	574	29
789	5	574	29
790	5	574	29
791	5	574	25
792	5	574	29
793	5	574	29
793	5	2243	28
794	5	574	29
795	5	574	29
796	5	574	29
797	5	574	29
798	5	574	29
799	5	574	29
800	5	574	29
801	5	574	25
801	5	2139	29
802	5	574	29
803	5	574	29
804	5	574	29
805	5	574	29
806	5	574	29
807	5	574	25
807	5	1043	29
807	5	2035	28
808	5	574	29
809	5	574	29
810	5	574	29
811	5	574	29
812	5	574	29
812	5	2035	28
813	5	574	25
814	5	574	29
815	5	574	29
816	5	574	25
816	5	2035	29
817	5	574	29
818	5	574	29
819	5	574	29
820	5	574	29
821	5	574	29
822	5	574	29
823	5	574	25
823	5	1095	29
823	5	2035	28
824	5	574	29
825	5	574	29
826	5	574	29
827	5	574	29
828	5	574	29
829	5	574	25
830	5	574	29
831	5	574	29
831	5	1878	28
832	5	574	25
832	5	1200	29
832	5	1982	28
833	5	574	29
834	5	574	29
834	5	1930	28
835	5	574	29
836	5	574	29
837	5	574	29
838	5	574	29
838	5	2087	28
839	5	574	29
840	5	574	29
840	5	1617	28
841	5	574	29
842	5	574	29
843	5	574	29
843	5	1722	28
843	5	2191	25
844	5	574	29
845	5	574	25
846	5	574	29
847	5	574	29
848	5	574	29
849	5	574	29
850	5	574	29
850	5	1722	28
851	5	574	29
852	5	574	25
853	5	574	29
854	5	574	29
855	5	574	29
856	5	574	25
857	5	574	29
858	5	574	25
858	5	1565	29
859	5	574	29
860	5	574	29
861	5	574	25
862	5	574	29
863	5	574	29
864	5	574	29
864	5	1826	28
865	5	574	29
866	5	574	29
867	5	574	29
868	5	574	29
869	5	574	29
870	5	574	29
871	5	574	29
872	5	574	29
873	5	574	29
873	5	2243	28
874	5	574	29
875	5	574	29
876	5	574	29
877	5	574	29
877	5	1669	28
878	5	574	29
879	5	574	29
880	5	574	25
880	5	1200	29
881	5	574	29
882	5	574	29
883	5	574	29
884	5	574	29
885	5	574	25
885	5	1148	29
886	5	574	29
887	5	574	29
888	5	574	29
889	5	574	29
890	5	574	29
891	5	574	29
892	5	574	29
893	5	574	29
894	5	574	29
895	5	574	29
896	5	574	25
897	5	574	29
898	5	574	29
899	5	574	29
899	5	2087	28
900	5	574	29
901	5	574	29
902	5	574	25
902	5	1513	29
903	5	574	29
903	5	2035	28
904	5	574	29
905	5	574	25
905	5	2295	29
906	5	574	29
907	5	574	29
908	5	574	29
909	5	574	29
910	5	574	29
911	5	574	29
912	5	574	29
913	5	574	29
914	5	574	29
915	5	574	25
916	5	574	29
917	5	574	29
918	5	574	29
919	5	574	29
920	5	574	29
921	5	574	29
922	5	574	29
923	5	574	29
924	5	574	29
925	5	574	29
926	5	574	29
926	5	2087	28
927	5	574	29
928	5	574	29
929	5	574	29
930	5	574	29
931	5	574	29
931	5	1669	28
932	5	574	29
933	5	574	29
934	5	574	29
935	5	574	29
936	5	574	29
937	5	574	29
938	5	574	29
939	5	574	29
940	5	574	29
940	5	2087	28
941	5	574	29
941	5	2035	28
942	5	574	29
942	5	1982	28
943	5	574	29
944	5	574	29
945	5	574	29
946	5	574	29
947	5	574	29
947	5	1722	28
948	5	574	29
949	5	574	29
949	5	1669	28
950	5	574	25
950	5	1200	29
951	5	574	29
952	5	574	25
953	5	574	25
953	5	1304	29
954	5	574	29
954	5	2295	28
955	5	574	29
956	5	574	29
957	5	574	29
958	5	574	29
959	5	574	29
960	5	574	25
960	5	1617	29
961	5	574	29
962	5	574	29
963	5	574	29
964	5	574	29
964	5	1878	28
965	5	574	25
965	5	1826	29
966	5	574	29
966	5	2295	28
967	5	574	29
968	5	574	29
969	5	574	29
970	5	574	29
971	5	574	29
971	5	2295	28
972	5	574	29
972	5	1722	28
973	5	574	29
974	5	574	29
975	5	574	29
976	5	574	29
976	5	2139	28
977	5	574	29
978	5	574	29
979	5	574	29
980	5	574	29
981	5	574	29
982	5	574	29
983	5	574	29
984	5	574	29
985	5	574	25
985	5	1722	29
986	5	574	29
987	5	574	29
988	5	574	29
989	5	574	29
990	5	574	29
991	5	574	29
992	5	574	25
993	5	574	29
994	5	574	29
995	5	574	29
996	5	574	29
997	5	574	29
998	5	574	29
998	5	1878	28
999	5	574	29
