Realization	utility	week	infra.
0	0	1565	29
1	0	2087	29
4	0	1774	29
4	0	2087	30
7	0	2139	29
8	0	1878	29
10	0	2035	29
14	0	1565	29
15	0	2087	29
16	0	1878	29
17	0	2035	29
20	0	2035	29
21	0	2191	29
23	0	1878	29
24	0	1826	29
26	0	2139	29
27	0	1878	29
28	0	1982	29
32	0	2295	29
34	0	2087	29
35	0	1878	29
36	0	1982	29
39	0	2087	29
40	0	1565	29
40	0	2139	30
41	0	2087	29
42	0	2035	29
43	0	1878	29
45	0	2035	29
49	0	1826	29
53	0	1722	29
53	0	2087	30
57	0	1565	29
58	0	1826	29
59	0	1722	29
62	0	1878	29
63	0	2035	29
67	0	2035	29
69	0	2087	29
71	0	2295	29
75	0	2035	29
80	0	2295	29
87	0	1617	29
87	0	2191	30
88	0	2035	29
89	0	2191	29
92	0	1982	29
102	0	2191	29
104	0	1878	29
106	0	1982	29
106	0	2243	30
107	0	1722	29
108	0	2087	29
110	0	1774	29
113	0	1722	29
122	0	1722	29
124	0	1826	29
125	0	1774	29
126	0	1617	29
127	0	1722	29
128	0	1565	29
131	0	1982	29
131	0	2243	30
133	0	2139	29
135	0	1878	29
136	0	1513	29
136	0	2035	30
137	0	2087	29
138	0	1565	29
138	0	2191	30
139	0	1722	29
139	0	1982	30
141	0	1617	29
146	0	2035	29
147	0	2035	29
149	0	1617	29
150	0	2035	29
152	0	1878	29
154	0	1722	29
155	0	1722	29
156	0	1722	29
158	0	1878	29
159	0	1565	29
159	0	2295	30
160	0	2087	29
162	0	2139	29
165	0	1774	29
170	0	1565	29
172	0	2139	29
174	0	2191	29
175	0	2035	29
179	0	1982	29
183	0	1878	29
185	0	1774	29
187	0	2087	29
189	0	2035	29
192	0	1982	29
193	0	2139	29
196	0	1565	29
196	0	1826	30
198	0	1982	29
199	0	1722	29
200	0	2295	29
202	0	2191	29
203	0	2087	29
204	0	1982	29
206	0	1565	29
206	0	1826	30
207	0	1826	29
208	0	1982	29
210	0	2139	29
217	0	2295	29
218	0	2035	29
221	0	2139	29
225	0	1617	29
225	0	2139	30
226	0	1774	29
228	0	1722	29
229	0	2035	29
232	0	1722	29
240	0	1722	29
240	0	2243	30
241	0	2035	29
242	0	1982	29
243	0	1565	29
243	0	2139	30
244	0	1774	29
248	0	1826	29
250	0	1617	29
250	0	2191	30
251	0	2191	29
256	0	2035	29
258	0	1826	29
259	0	2191	29
262	0	2035	29
266	0	2139	29
268	0	2139	29
269	0	1774	29
271	0	1982	29
272	0	1722	29
272	0	1982	30
284	0	1565	29
284	0	2087	30
285	0	2191	29
286	0	1722	29
286	0	2191	30
293	0	1565	29
293	0	2139	30
296	0	1878	29
298	0	2295	29
301	0	1722	29
302	0	2035	29
303	0	1565	29
303	0	2087	30
304	0	2035	29
306	0	1617	29
309	0	1565	29
309	0	2035	30
310	0	1774	29
310	0	2139	30
315	0	2035	29
327	0	2191	29
330	0	2035	29
332	0	1878	29
333	0	1826	29
335	0	1722	29
336	0	2087	29
340	0	2295	29
341	0	2295	29
342	0	1617	29
343	0	1565	29
345	0	1878	29
346	0	1826	29
346	0	2191	30
347	0	2295	29
348	0	1878	29
349	0	1722	29
352	0	2035	29
353	0	2087	29
354	0	1565	29
358	0	2295	29
361	0	2087	29
366	0	2139	29
368	0	1565	29
368	0	2087	30
369	0	1774	29
371	0	2139	29
379	0	2035	29
384	0	2087	29
387	0	1774	29
390	0	1617	29
391	0	1878	29
393	0	1722	29
396	0	1565	29
399	0	1774	29
402	0	2035	29
406	0	1878	29
407	0	2295	29
411	0	1617	29
412	0	1617	29
412	0	1930	30
413	0	1565	29
413	0	2139	30
414	0	1982	29
415	0	1982	29
418	0	1826	29
419	0	1826	29
420	0	2295	29
423	0	2139	29
424	0	1722	29
424	0	2035	30
426	0	2139	29
429	0	1982	29
430	0	2087	29
431	0	1565	29
432	0	1774	29
433	0	2139	29
434	0	1722	29
434	0	2087	30
435	0	1722	29
436	0	1617	29
438	0	2035	29
445	0	2035	29
451	0	2035	29
451	0	2295	30
453	0	1617	29
455	0	2295	29
461	0	1774	29
463	0	1826	29
464	0	2191	29
466	0	1722	29
469	0	1513	29
472	0	2191	29
473	0	2191	29
474	0	1722	29
481	0	1826	29
481	0	2295	30
489	0	1565	29
490	0	2035	29
492	0	2139	29
495	0	2035	29
496	0	2035	29
500	0	1617	29
502	0	2295	29
503	0	1565	29
503	0	1878	30
508	0	1722	29
508	0	2087	30
512	0	2087	29
513	0	2191	29
514	0	2087	29
515	0	1617	29
518	0	2295	29
519	0	1826	29
521	0	1617	29
522	0	2035	29
523	0	1982	29
525	0	1826	29
528	0	1722	29
529	0	1617	29
529	0	1982	30
531	0	2139	29
534	0	1565	29
537	0	2035	29
538	0	1722	29
543	0	2191	29
544	0	1826	29
544	0	2139	30
547	0	1878	29
547	0	2243	30
550	0	1617	29
550	0	2035	30
551	0	1722	29
554	0	1565	29
555	0	1617	29
555	0	1930	30
556	0	2035	29
559	0	2191	29
562	0	2139	29
563	0	1982	29
565	0	1722	29
565	0	2035	30
568	0	1722	29
569	0	2191	29
571	0	1982	29
575	0	1565	29
575	0	2243	30
577	0	1722	29
581	0	2191	29
583	0	1565	29
585	0	1565	29
585	0	2139	30
586	0	1982	29
587	0	1565	29
588	0	2035	29
589	0	1878	29
590	0	1878	29
595	0	1722	29
595	0	2139	30
596	0	2035	29
598	0	1774	29
599	0	1826	29
604	0	2191	29
606	0	2035	29
607	0	1774	29
608	0	1982	29
612	0	2295	29
616	0	2295	29
621	0	2087	29
625	0	2191	29
626	0	1878	29
627	0	2035	29
628	0	2139	29
631	0	2035	29
632	0	1565	29
639	0	1722	29
645	0	2035	29
646	0	1722	29
648	0	2191	29
649	0	1982	29
652	0	2087	29
653	0	2087	29
655	0	2295	29
656	0	2139	29
658	0	1826	29
659	0	2295	29
661	0	1878	29
662	0	2035	29
664	0	1774	29
664	0	2243	30
665	0	1878	29
674	0	2035	29
675	0	2139	29
676	0	1722	29
677	0	2035	29
678	0	2191	29
680	0	2087	29
684	0	2087	29
691	0	1774	29
691	0	2191	30
692	0	1878	29
693	0	1982	29
694	0	2035	29
697	0	1878	29
699	0	2139	29
701	0	2087	29
703	0	1826	29
708	0	2191	29
709	0	1878	29
710	0	1774	29
711	0	2295	29
714	0	1982	29
716	0	1565	29
717	0	2139	29
718	0	1774	29
721	0	2087	29
722	0	1565	29
725	0	1878	29
726	0	1982	29
730	0	2295	29
733	0	1826	29
734	0	1826	29
737	0	1878	29
737	0	2295	30
738	0	1826	29
738	0	2139	30
739	0	2295	29
742	0	1565	29
742	0	2139	30
743	0	2087	29
744	0	2295	29
752	0	2087	29
753	0	1722	29
753	0	2191	30
754	0	1774	29
755	0	2139	29
756	0	1722	29
756	0	2243	30
758	0	1617	29
762	0	2139	29
774	0	1722	29
776	0	1565	29
776	0	2243	30
781	0	1982	29
788	0	2087	29
789	0	2191	29
793	0	1826	29
802	0	2087	29
803	0	1982	29
807	0	1565	29
810	0	1722	29
812	0	1774	29
812	0	2295	30
818	0	2191	29
822	0	1826	29
823	0	1565	29
823	0	2087	30
824	0	2139	29
825	0	2139	29
826	0	2191	29
831	0	1774	29
831	0	2087	30
832	0	1722	29
832	0	2035	30
834	0	1774	29
834	0	2139	30
838	0	1774	29
838	0	2295	30
840	0	1565	29
842	0	2191	29
843	0	1617	29
843	0	1982	30
848	0	1565	29
850	0	1722	29
854	0	2139	29
858	0	2035	29
863	0	1774	29
864	0	1617	29
864	0	2139	30
865	0	2139	29
866	0	1826	29
868	0	2191	29
869	0	2087	29
873	0	1617	29
875	0	2087	29
877	0	1565	29
880	0	1722	29
885	0	1617	29
897	0	1826	29
898	0	1722	29
899	0	1722	29
902	0	2035	29
903	0	1826	29
903	0	2243	30
908	0	1878	29
914	0	2035	29
916	0	1774	29
924	0	1774	29
926	0	1982	29
927	0	2139	29
929	0	1982	29
931	0	1617	29
935	0	2139	29
940	0	1982	29
941	0	1722	29
942	0	1617	29
947	0	1722	29
947	0	2087	30
948	0	1878	29
949	0	1565	29
950	0	1722	29
953	0	1774	29
954	0	1617	29
960	0	2087	29
961	0	2087	29
964	0	1722	29
964	0	2243	30
965	0	2295	29
966	0	2139	29
969	0	2087	29
971	0	1982	29
972	0	1565	29
972	0	2139	30
976	0	1982	29
978	0	1826	29
981	0	2035	29
984	0	2191	29
985	0	2295	29
995	0	1774	29
998	0	1826	29
998	0	2139	30
0	1	1565	29
1	1	2087	29
4	1	1774	29
4	1	2087	30
7	1	2139	29
8	1	1878	29
10	1	2035	29
14	1	1565	29
15	1	2087	29
16	1	1878	29
17	1	2035	29
20	1	2035	29
21	1	2191	29
23	1	1878	29
24	1	1826	29
26	1	2139	29
27	1	1878	29
28	1	1982	29
32	1	2295	29
34	1	2087	29
35	1	1878	29
36	1	1982	29
39	1	2087	29
40	1	1565	29
40	1	2139	30
41	1	2087	29
42	1	2035	29
43	1	1878	29
45	1	2035	29
49	1	1826	29
53	1	1722	29
53	1	2087	30
57	1	1565	29
58	1	1826	29
59	1	1722	29
62	1	1878	29
63	1	2035	29
67	1	2035	29
69	1	2087	29
71	1	2295	29
75	1	2035	29
80	1	2295	29
87	1	1617	29
87	1	2191	30
88	1	2035	29
89	1	2191	29
92	1	1982	29
102	1	2191	29
104	1	1878	29
106	1	1982	29
106	1	2243	30
107	1	1722	29
108	1	2087	29
110	1	1774	29
113	1	1722	29
122	1	1722	29
124	1	1826	29
125	1	1774	29
126	1	1617	29
127	1	1722	29
128	1	1565	29
131	1	1982	29
131	1	2243	30
133	1	2139	29
135	1	1878	29
136	1	1513	29
136	1	2035	30
137	1	2087	29
138	1	1565	29
138	1	2191	30
139	1	1722	29
139	1	1982	30
141	1	1617	29
146	1	2035	29
147	1	2035	29
149	1	1617	29
150	1	2035	29
152	1	1878	29
154	1	1722	29
155	1	1722	29
156	1	1722	29
158	1	1878	29
159	1	1565	29
159	1	2295	30
160	1	2087	29
162	1	2139	29
165	1	1774	29
170	1	1565	29
172	1	2139	29
174	1	2191	29
175	1	2035	29
179	1	1982	29
183	1	1878	29
185	1	1774	29
187	1	2087	29
189	1	2035	29
192	1	1982	29
193	1	2139	29
196	1	1565	29
196	1	1826	30
198	1	1982	29
199	1	1722	29
200	1	2295	29
202	1	2191	29
203	1	2087	29
204	1	1982	29
206	1	1565	29
206	1	1826	30
207	1	1826	29
208	1	1982	29
210	1	2139	29
217	1	2295	29
218	1	2035	29
221	1	2139	29
225	1	1617	29
225	1	2139	30
226	1	1774	29
228	1	1722	29
229	1	2035	29
232	1	1722	29
240	1	1722	29
240	1	2243	30
241	1	2035	29
242	1	1982	29
243	1	1565	29
243	1	2139	30
244	1	1774	29
248	1	1826	29
250	1	1617	29
250	1	2191	30
251	1	2191	29
256	1	2035	29
258	1	1826	29
259	1	2191	29
262	1	2035	29
266	1	2139	29
268	1	2139	29
269	1	1774	29
271	1	1982	29
272	1	1722	29
272	1	1982	30
284	1	1565	29
284	1	2087	30
285	1	2191	29
286	1	1722	29
286	1	2191	30
293	1	1565	29
293	1	2139	30
296	1	1878	29
298	1	2295	29
301	1	1722	29
302	1	2035	29
303	1	1565	29
303	1	2087	30
304	1	2035	29
306	1	1617	29
309	1	1565	29
309	1	2035	30
310	1	1774	29
310	1	2139	30
315	1	2035	29
327	1	2191	29
330	1	2035	29
332	1	1878	29
333	1	1826	29
335	1	1722	29
336	1	2087	29
340	1	2295	29
341	1	2295	29
342	1	1617	29
343	1	1565	29
345	1	1878	29
346	1	1826	29
346	1	2191	30
347	1	2295	29
348	1	1878	29
349	1	1722	29
352	1	2035	29
353	1	2087	29
354	1	1565	29
358	1	2295	29
361	1	2087	29
366	1	2139	29
368	1	1565	29
368	1	2087	30
369	1	1774	29
371	1	2139	29
379	1	2035	29
384	1	2087	29
387	1	1774	29
390	1	1617	29
391	1	1878	29
393	1	1722	29
396	1	1565	29
399	1	1774	29
402	1	2035	29
406	1	1878	29
407	1	2295	29
411	1	1617	29
412	1	1617	29
412	1	1930	30
413	1	1565	29
413	1	2139	30
414	1	1982	29
415	1	1982	29
418	1	1826	29
419	1	1826	29
420	1	2295	29
423	1	2139	29
424	1	1722	29
424	1	2035	30
426	1	2139	29
429	1	1982	29
430	1	2087	29
431	1	1565	29
432	1	1774	29
433	1	2139	29
434	1	1722	29
434	1	2087	30
435	1	1722	29
436	1	1617	29
438	1	2035	29
445	1	2035	29
451	1	2035	29
451	1	2295	30
453	1	1617	29
455	1	2295	29
461	1	1774	29
463	1	1826	29
464	1	2191	29
466	1	1722	29
469	1	1513	29
472	1	2191	29
473	1	2191	29
474	1	1722	29
481	1	1826	29
481	1	2295	30
489	1	1565	29
490	1	2035	29
492	1	2139	29
495	1	2035	29
496	1	2035	29
500	1	1617	29
502	1	2295	29
503	1	1565	29
503	1	1878	30
508	1	1722	29
508	1	2087	30
512	1	2087	29
513	1	2191	29
514	1	2087	29
515	1	1617	29
518	1	2295	29
519	1	1826	29
521	1	1617	29
522	1	2035	29
523	1	1982	29
525	1	1826	29
528	1	1722	29
529	1	1617	29
529	1	1982	30
531	1	2139	29
534	1	1565	29
537	1	2035	29
538	1	1722	29
543	1	2191	29
544	1	1826	29
544	1	2139	30
547	1	1878	29
547	1	2243	30
550	1	1617	29
550	1	2035	30
551	1	1722	29
554	1	1565	29
555	1	1617	29
555	1	1930	30
556	1	2035	29
559	1	2191	29
562	1	2139	29
563	1	1982	29
565	1	1722	29
565	1	2035	30
568	1	1722	29
569	1	2191	29
571	1	1982	29
575	1	1565	29
575	1	2243	30
577	1	1722	29
581	1	2191	29
583	1	1565	29
585	1	1565	29
585	1	2139	30
586	1	1982	29
587	1	1565	29
588	1	2035	29
589	1	1878	29
590	1	1878	29
595	1	1722	29
595	1	2139	30
596	1	2035	29
598	1	1774	29
599	1	1826	29
604	1	2191	29
606	1	2035	29
607	1	1774	29
608	1	1982	29
612	1	2295	29
616	1	2295	29
621	1	2087	29
625	1	2191	29
626	1	1878	29
627	1	2035	29
628	1	2139	29
631	1	2035	29
632	1	1565	29
639	1	1722	29
645	1	2035	29
646	1	1722	29
648	1	2191	29
649	1	1982	29
652	1	2087	29
653	1	2087	29
655	1	2295	29
656	1	2139	29
658	1	1826	29
659	1	2295	29
661	1	1878	29
662	1	2035	29
664	1	1774	29
664	1	2243	30
665	1	1878	29
674	1	2035	29
675	1	2139	29
676	1	1722	29
677	1	2035	29
678	1	2191	29
680	1	2087	29
684	1	2087	29
691	1	1774	29
691	1	2191	30
692	1	1878	29
693	1	1982	29
694	1	2035	29
697	1	1878	29
699	1	2139	29
701	1	2087	29
703	1	1826	29
708	1	2191	29
709	1	1878	29
710	1	1774	29
711	1	2295	29
714	1	1982	29
716	1	1565	29
717	1	2139	29
718	1	1774	29
721	1	2087	29
722	1	1565	29
725	1	1878	29
726	1	1982	29
730	1	2295	29
733	1	1826	29
734	1	1826	29
737	1	1878	29
737	1	2295	30
738	1	1826	29
738	1	2139	30
739	1	2295	29
742	1	1565	29
742	1	2139	30
743	1	2087	29
744	1	2295	29
752	1	2087	29
753	1	1722	29
753	1	2191	30
754	1	1774	29
755	1	2139	29
756	1	1722	29
756	1	2243	30
758	1	1617	29
762	1	2139	29
774	1	1722	29
776	1	1565	29
776	1	2243	30
781	1	1982	29
788	1	2087	29
789	1	2191	29
793	1	1826	29
802	1	2087	29
803	1	1982	29
807	1	1565	29
810	1	1722	29
812	1	1774	29
812	1	2295	30
818	1	2191	29
822	1	1826	29
823	1	1565	29
823	1	2087	30
824	1	2139	29
825	1	2139	29
826	1	2191	29
831	1	1774	29
831	1	2087	30
832	1	1722	29
832	1	2035	30
834	1	1774	29
834	1	2139	30
838	1	1774	29
838	1	2295	30
840	1	1565	29
842	1	2191	29
843	1	1617	29
843	1	1982	30
848	1	1565	29
850	1	1722	29
854	1	2139	29
858	1	2035	29
863	1	1774	29
864	1	1617	29
864	1	2139	30
865	1	2139	29
866	1	1826	29
868	1	2191	29
869	1	2087	29
873	1	1617	29
875	1	2087	29
877	1	1565	29
880	1	1722	29
885	1	1617	29
897	1	1826	29
898	1	1722	29
899	1	1722	29
902	1	2035	29
903	1	1826	29
903	1	2243	30
908	1	1878	29
914	1	2035	29
916	1	1774	29
924	1	1774	29
926	1	1982	29
927	1	2139	29
929	1	1982	29
931	1	1617	29
935	1	2139	29
940	1	1982	29
941	1	1722	29
942	1	1617	29
947	1	1722	29
947	1	2087	30
948	1	1878	29
949	1	1565	29
950	1	1722	29
953	1	1774	29
954	1	1617	29
960	1	2087	29
961	1	2087	29
964	1	1722	29
964	1	2243	30
965	1	2295	29
966	1	2139	29
969	1	2087	29
971	1	1982	29
972	1	1565	29
972	1	2139	30
976	1	1982	29
978	1	1826	29
981	1	2035	29
984	1	2191	29
985	1	2295	29
995	1	1774	29
998	1	1826	29
998	1	2139	30
0	2	313	26
1	2	313	26
2	2	313	26
3	2	313	26
4	2	313	26
5	2	313	26
6	2	313	26
7	2	313	26
8	2	313	26
9	2	313	26
10	2	313	26
11	2	313	26
12	2	313	26
13	2	313	26
14	2	313	26
15	2	313	26
16	2	313	26
17	2	313	26
18	2	313	26
19	2	313	26
20	2	313	26
21	2	313	26
22	2	313	26
23	2	313	26
24	2	313	26
25	2	313	26
26	2	313	26
27	2	313	26
28	2	313	26
29	2	313	26
30	2	313	26
31	2	313	26
32	2	313	26
33	2	313	26
34	2	313	26
35	2	313	26
36	2	313	26
37	2	313	26
38	2	313	26
39	2	313	26
40	2	313	26
41	2	313	26
42	2	313	26
43	2	313	26
44	2	313	26
45	2	313	26
46	2	313	26
47	2	313	26
48	2	313	26
49	2	313	26
50	2	313	26
51	2	313	26
52	2	313	26
53	2	313	26
54	2	313	26
55	2	313	26
56	2	313	26
57	2	313	26
58	2	313	26
59	2	313	26
60	2	313	26
61	2	313	26
62	2	313	26
63	2	313	26
64	2	313	26
65	2	313	26
66	2	313	26
67	2	313	26
68	2	313	26
69	2	313	26
70	2	313	26
71	2	313	26
72	2	313	26
73	2	313	26
74	2	313	26
75	2	313	26
76	2	313	26
77	2	313	26
78	2	313	26
79	2	313	26
80	2	313	26
81	2	313	26
82	2	313	26
83	2	313	26
84	2	313	26
85	2	313	26
86	2	313	26
87	2	313	26
88	2	313	26
89	2	313	26
90	2	313	26
91	2	313	26
92	2	313	26
93	2	313	26
94	2	313	26
95	2	313	26
96	2	313	26
97	2	313	26
98	2	313	26
99	2	313	26
100	2	313	26
101	2	313	26
102	2	313	26
103	2	313	26
104	2	313	26
105	2	313	26
106	2	313	26
107	2	313	26
108	2	313	26
109	2	313	26
110	2	313	26
111	2	313	26
112	2	313	26
113	2	313	26
114	2	313	26
115	2	313	26
116	2	313	26
117	2	313	26
118	2	313	26
119	2	313	26
120	2	313	26
121	2	313	26
122	2	313	26
123	2	313	26
124	2	313	26
125	2	313	26
126	2	313	26
127	2	313	26
128	2	313	26
129	2	313	26
130	2	313	26
131	2	313	26
132	2	313	26
133	2	313	26
134	2	313	26
135	2	313	26
136	2	313	26
137	2	313	26
138	2	313	26
139	2	313	26
140	2	313	26
141	2	313	26
142	2	313	26
143	2	313	26
144	2	313	26
145	2	313	26
146	2	313	26
147	2	313	26
148	2	313	26
149	2	313	26
150	2	313	26
151	2	313	26
152	2	313	26
153	2	313	26
154	2	313	26
155	2	313	26
156	2	313	26
157	2	313	26
158	2	313	26
159	2	313	26
160	2	313	26
161	2	313	26
162	2	313	26
163	2	313	26
164	2	313	26
165	2	313	26
166	2	313	26
167	2	313	26
168	2	313	26
169	2	313	26
170	2	313	26
171	2	313	26
172	2	313	26
173	2	313	26
174	2	313	26
175	2	313	26
176	2	313	26
177	2	313	26
178	2	313	26
179	2	313	26
180	2	313	26
181	2	313	26
182	2	313	26
183	2	313	26
184	2	313	26
185	2	313	26
186	2	313	26
187	2	313	26
188	2	313	26
189	2	313	26
190	2	313	26
191	2	313	26
192	2	313	26
193	2	313	26
194	2	313	26
195	2	313	26
196	2	313	26
197	2	313	26
198	2	313	26
199	2	313	26
200	2	313	26
201	2	313	26
202	2	313	26
203	2	313	26
204	2	313	26
205	2	313	26
206	2	313	26
207	2	313	26
208	2	313	26
209	2	313	26
210	2	313	26
211	2	313	26
212	2	313	26
213	2	313	26
214	2	313	26
215	2	313	26
216	2	313	26
217	2	313	26
218	2	313	26
219	2	313	26
220	2	313	26
221	2	313	26
222	2	313	26
223	2	313	26
224	2	313	26
225	2	313	26
226	2	313	26
227	2	313	26
228	2	313	26
229	2	313	26
230	2	313	26
231	2	313	26
232	2	313	26
233	2	313	26
234	2	313	26
235	2	313	26
236	2	313	26
237	2	313	26
238	2	313	26
239	2	313	26
240	2	313	26
241	2	313	26
242	2	313	26
243	2	313	26
244	2	313	26
245	2	313	26
246	2	313	26
247	2	313	26
248	2	313	26
249	2	313	26
250	2	313	26
251	2	313	26
252	2	313	26
253	2	313	26
254	2	313	26
255	2	313	26
256	2	313	26
257	2	313	26
258	2	313	26
259	2	313	26
260	2	313	26
261	2	313	26
262	2	313	26
263	2	313	26
264	2	313	26
265	2	313	26
266	2	313	26
267	2	313	26
268	2	313	26
269	2	313	26
270	2	313	26
271	2	313	26
272	2	313	26
273	2	313	26
274	2	313	26
275	2	313	26
276	2	313	26
277	2	313	26
278	2	313	26
279	2	313	26
280	2	313	26
281	2	313	26
282	2	313	26
283	2	313	26
284	2	313	26
285	2	313	26
286	2	313	26
287	2	313	26
288	2	313	26
289	2	313	26
290	2	313	26
291	2	313	26
292	2	313	26
293	2	313	26
294	2	313	26
295	2	313	26
296	2	313	26
297	2	313	26
298	2	313	26
299	2	313	26
300	2	313	26
301	2	313	26
302	2	313	26
303	2	313	26
304	2	313	26
305	2	313	26
306	2	313	26
307	2	313	26
308	2	313	26
309	2	313	26
310	2	313	26
311	2	313	26
312	2	313	26
313	2	313	26
314	2	313	26
315	2	313	26
316	2	313	26
317	2	313	26
318	2	313	26
319	2	313	26
320	2	313	26
321	2	313	26
322	2	313	26
323	2	313	26
324	2	313	26
325	2	313	26
326	2	313	26
327	2	313	26
328	2	313	26
329	2	313	26
330	2	313	26
331	2	313	26
332	2	313	26
333	2	313	26
334	2	313	26
335	2	313	26
336	2	313	26
337	2	313	26
338	2	313	26
339	2	313	26
340	2	313	26
341	2	313	26
342	2	313	26
343	2	313	26
344	2	313	26
345	2	313	26
346	2	313	26
347	2	313	26
348	2	313	26
349	2	313	26
350	2	313	26
351	2	313	26
352	2	313	26
353	2	313	26
354	2	313	26
355	2	313	26
356	2	313	26
357	2	313	26
358	2	313	26
359	2	313	26
360	2	313	26
361	2	313	26
362	2	313	26
363	2	313	26
364	2	313	26
365	2	313	26
366	2	313	26
367	2	313	26
368	2	313	26
369	2	313	26
370	2	313	26
371	2	313	26
372	2	313	26
373	2	313	26
374	2	313	26
375	2	313	26
376	2	313	26
377	2	313	26
378	2	313	26
379	2	313	26
380	2	313	26
381	2	313	26
382	2	313	26
383	2	313	26
384	2	313	26
385	2	313	26
386	2	313	26
387	2	313	26
388	2	313	26
389	2	313	26
390	2	313	26
391	2	313	26
392	2	313	26
393	2	313	26
394	2	313	26
395	2	313	26
396	2	313	26
397	2	313	26
398	2	313	26
399	2	313	26
400	2	313	26
401	2	313	26
402	2	313	26
403	2	313	26
404	2	313	26
405	2	313	26
406	2	313	26
407	2	313	26
408	2	313	26
409	2	313	26
410	2	313	26
411	2	313	26
412	2	313	26
413	2	313	26
414	2	313	26
415	2	313	26
416	2	313	26
417	2	313	26
418	2	313	26
419	2	313	26
420	2	313	26
421	2	313	26
422	2	313	26
423	2	313	26
424	2	313	26
425	2	313	26
426	2	313	26
427	2	313	26
428	2	313	26
429	2	313	26
430	2	313	26
431	2	313	26
432	2	313	26
433	2	313	26
434	2	313	26
435	2	313	26
436	2	313	26
437	2	313	26
438	2	313	26
439	2	313	26
440	2	313	26
441	2	313	26
442	2	313	26
443	2	313	26
444	2	313	26
445	2	313	26
446	2	313	26
447	2	313	26
448	2	313	26
449	2	313	26
450	2	313	26
451	2	313	26
452	2	313	26
453	2	313	26
454	2	313	26
455	2	313	26
456	2	313	26
457	2	313	26
458	2	313	26
459	2	313	26
460	2	313	26
461	2	313	26
462	2	313	26
463	2	313	26
464	2	313	26
465	2	313	26
466	2	313	26
467	2	313	26
468	2	313	26
469	2	313	26
470	2	313	26
471	2	313	26
472	2	313	26
473	2	313	26
474	2	313	26
475	2	313	26
476	2	313	26
477	2	313	26
478	2	313	26
479	2	313	26
480	2	313	26
481	2	313	26
482	2	313	26
483	2	313	26
484	2	313	26
485	2	313	26
486	2	313	26
487	2	313	26
488	2	313	26
489	2	313	26
490	2	313	26
491	2	313	26
492	2	313	26
493	2	313	26
494	2	313	26
495	2	313	26
496	2	313	26
497	2	313	26
498	2	313	26
499	2	313	26
500	2	313	26
501	2	313	26
502	2	313	26
503	2	313	26
504	2	313	26
505	2	313	26
506	2	313	26
507	2	313	26
508	2	313	26
509	2	313	26
510	2	313	26
511	2	313	26
512	2	313	26
513	2	313	26
514	2	313	26
515	2	313	26
516	2	313	26
517	2	313	26
518	2	313	26
519	2	313	26
520	2	313	26
521	2	313	26
522	2	313	26
523	2	313	26
524	2	313	26
525	2	313	26
526	2	313	26
527	2	313	26
528	2	313	26
529	2	313	26
530	2	313	26
531	2	313	26
532	2	313	26
533	2	313	26
534	2	313	26
535	2	313	26
536	2	313	26
537	2	313	26
538	2	313	26
539	2	313	26
540	2	313	26
541	2	313	26
542	2	313	26
543	2	313	26
544	2	313	26
545	2	313	26
546	2	313	26
547	2	313	26
548	2	313	26
549	2	313	26
550	2	313	26
551	2	313	26
552	2	313	26
553	2	313	26
554	2	313	26
555	2	313	26
556	2	313	26
557	2	313	26
558	2	313	26
559	2	313	26
560	2	313	26
561	2	313	26
562	2	313	26
563	2	313	26
564	2	313	26
565	2	313	26
566	2	313	26
567	2	313	26
568	2	313	26
569	2	313	26
570	2	313	26
571	2	313	26
572	2	313	26
573	2	313	26
574	2	313	26
575	2	313	26
576	2	313	26
577	2	313	26
578	2	313	26
579	2	313	26
580	2	313	26
581	2	313	26
582	2	313	26
583	2	313	26
584	2	313	26
585	2	313	26
586	2	313	26
587	2	313	26
588	2	313	26
589	2	313	26
590	2	313	26
591	2	313	26
592	2	313	26
593	2	313	26
594	2	313	26
595	2	313	26
596	2	313	26
597	2	313	26
598	2	313	26
599	2	313	26
600	2	313	26
601	2	313	26
602	2	313	26
603	2	313	26
604	2	313	26
605	2	313	26
606	2	313	26
607	2	313	26
608	2	313	26
609	2	313	26
610	2	313	26
611	2	313	26
612	2	313	26
613	2	313	26
614	2	313	26
615	2	313	26
616	2	313	26
617	2	313	26
618	2	313	26
619	2	313	26
620	2	313	26
621	2	313	26
622	2	313	26
623	2	313	26
624	2	313	26
625	2	313	26
626	2	313	26
627	2	313	26
628	2	313	26
629	2	313	26
630	2	313	26
631	2	313	26
632	2	313	26
633	2	313	26
634	2	313	26
635	2	313	26
636	2	313	26
637	2	313	26
638	2	313	26
639	2	313	26
640	2	313	26
641	2	313	26
642	2	313	26
643	2	313	26
644	2	313	26
645	2	313	26
646	2	313	26
647	2	313	26
648	2	313	26
649	2	313	26
650	2	313	26
651	2	313	26
652	2	313	26
653	2	313	26
654	2	313	26
655	2	313	26
656	2	313	26
657	2	313	26
658	2	313	26
659	2	313	26
660	2	313	26
661	2	313	26
662	2	313	26
663	2	313	26
664	2	313	26
665	2	313	26
666	2	313	26
667	2	313	26
668	2	313	26
669	2	313	26
670	2	313	26
671	2	313	26
672	2	313	26
673	2	313	26
674	2	313	26
675	2	313	26
676	2	313	26
677	2	313	26
678	2	313	26
679	2	313	26
680	2	313	26
681	2	313	26
682	2	313	26
683	2	313	26
684	2	313	26
685	2	313	26
686	2	313	26
687	2	313	26
688	2	313	26
689	2	313	26
690	2	313	26
691	2	313	26
692	2	313	26
693	2	313	26
694	2	313	26
695	2	313	26
696	2	313	26
697	2	313	26
698	2	313	26
699	2	313	26
700	2	313	26
701	2	313	26
702	2	313	26
703	2	313	26
704	2	313	26
705	2	313	26
706	2	313	26
707	2	313	26
708	2	313	26
709	2	313	26
710	2	313	26
711	2	313	26
712	2	313	26
713	2	313	26
714	2	313	26
715	2	313	26
716	2	313	26
717	2	313	26
718	2	313	26
719	2	313	26
720	2	313	26
721	2	313	26
722	2	313	26
723	2	313	26
724	2	313	26
725	2	313	26
726	2	313	26
727	2	313	26
728	2	313	26
729	2	313	26
730	2	313	26
731	2	313	26
732	2	313	26
733	2	313	26
734	2	313	26
735	2	313	26
736	2	313	26
737	2	313	26
738	2	313	26
739	2	313	26
740	2	313	26
741	2	313	26
742	2	313	26
743	2	313	26
744	2	313	26
745	2	313	26
746	2	313	26
747	2	313	26
748	2	313	26
749	2	313	26
750	2	313	26
751	2	313	26
752	2	313	26
753	2	313	26
754	2	313	26
755	2	313	26
756	2	313	26
757	2	313	26
758	2	313	26
759	2	313	26
760	2	313	26
761	2	313	26
762	2	313	26
763	2	313	26
764	2	313	26
765	2	313	26
766	2	313	26
767	2	313	26
768	2	313	26
769	2	313	26
770	2	313	26
771	2	313	26
772	2	313	26
773	2	313	26
774	2	313	26
775	2	313	26
776	2	313	26
777	2	313	26
778	2	313	26
779	2	313	26
780	2	313	26
781	2	313	26
782	2	313	26
783	2	313	26
784	2	313	26
785	2	313	26
786	2	313	26
787	2	313	26
788	2	313	26
789	2	313	26
790	2	313	26
791	2	313	26
792	2	313	26
793	2	313	26
794	2	313	26
795	2	313	26
796	2	313	26
797	2	313	26
798	2	313	26
799	2	313	26
800	2	313	26
801	2	313	26
802	2	313	26
803	2	313	26
804	2	313	26
805	2	313	26
806	2	313	26
807	2	313	26
808	2	313	26
809	2	313	26
810	2	313	26
811	2	313	26
812	2	313	26
813	2	313	26
814	2	313	26
815	2	313	26
816	2	313	26
817	2	313	26
818	2	313	26
819	2	313	26
820	2	313	26
821	2	313	26
822	2	313	26
823	2	313	26
824	2	313	26
825	2	313	26
826	2	313	26
827	2	313	26
828	2	313	26
829	2	313	26
830	2	313	26
831	2	313	26
832	2	313	26
833	2	313	26
834	2	313	26
835	2	313	26
836	2	313	26
837	2	313	26
838	2	313	26
839	2	313	26
840	2	313	26
841	2	313	26
842	2	313	26
843	2	313	26
844	2	313	26
845	2	313	26
846	2	313	26
847	2	313	26
848	2	313	26
849	2	313	26
850	2	313	26
851	2	313	26
852	2	313	26
853	2	313	26
854	2	313	26
855	2	313	26
856	2	313	26
857	2	313	26
858	2	313	26
859	2	313	26
860	2	313	26
861	2	313	26
862	2	313	26
863	2	313	26
864	2	313	26
865	2	313	26
866	2	313	26
867	2	313	26
868	2	313	26
869	2	313	26
870	2	313	26
871	2	313	26
872	2	313	26
873	2	313	26
874	2	313	26
875	2	313	26
876	2	313	26
877	2	313	26
878	2	313	26
879	2	313	26
880	2	313	26
881	2	313	26
882	2	313	26
883	2	313	26
884	2	313	26
885	2	313	26
886	2	313	26
887	2	313	26
888	2	313	26
889	2	313	26
890	2	313	26
891	2	313	26
892	2	313	26
893	2	313	26
894	2	313	26
895	2	313	26
896	2	313	26
897	2	313	26
898	2	313	26
899	2	313	26
900	2	313	26
901	2	313	26
902	2	313	26
903	2	313	26
904	2	313	26
905	2	313	26
906	2	313	26
907	2	313	26
908	2	313	26
909	2	313	26
910	2	313	26
911	2	313	26
912	2	313	26
913	2	313	26
914	2	313	26
915	2	313	26
916	2	313	26
917	2	313	26
918	2	313	26
919	2	313	26
920	2	313	26
921	2	313	26
922	2	313	26
923	2	313	26
924	2	313	26
925	2	313	26
926	2	313	26
927	2	313	26
928	2	313	26
929	2	313	26
930	2	313	26
931	2	313	26
932	2	313	26
933	2	313	26
934	2	313	26
935	2	313	26
936	2	313	26
937	2	313	26
938	2	313	26
939	2	313	26
940	2	313	26
941	2	313	26
942	2	313	26
943	2	313	26
944	2	313	26
945	2	313	26
946	2	313	26
947	2	313	26
948	2	313	26
949	2	313	26
950	2	313	26
951	2	313	26
952	2	313	26
953	2	313	26
954	2	313	26
955	2	313	26
956	2	313	26
957	2	313	26
958	2	313	26
959	2	313	26
960	2	313	26
961	2	313	26
962	2	313	26
963	2	313	26
964	2	313	26
965	2	313	26
966	2	313	26
967	2	313	26
968	2	313	26
969	2	313	26
970	2	313	26
971	2	313	26
972	2	313	26
973	2	313	26
974	2	313	26
975	2	313	26
976	2	313	26
977	2	313	26
978	2	313	26
979	2	313	26
980	2	313	26
981	2	313	26
982	2	313	26
983	2	313	26
984	2	313	26
985	2	313	26
986	2	313	26
987	2	313	26
988	2	313	26
989	2	313	26
990	2	313	26
991	2	313	26
992	2	313	26
993	2	313	26
994	2	313	26
995	2	313	26
996	2	313	26
997	2	313	26
998	2	313	26
999	2	313	26
0	3	1565	29
1	3	2087	29
4	3	1774	29
4	3	2087	30
7	3	2139	29
8	3	1878	29
10	3	2035	29
14	3	1565	29
15	3	2087	29
16	3	1878	29
17	3	2035	29
20	3	2035	29
21	3	2191	29
23	3	1878	29
24	3	1826	29
26	3	2139	29
27	3	1878	29
28	3	1982	29
32	3	2295	29
34	3	2087	29
35	3	1878	29
36	3	1982	29
39	3	2087	29
40	3	1565	29
40	3	2139	30
41	3	2087	29
42	3	2035	29
43	3	1878	29
45	3	2035	29
49	3	1826	29
53	3	1722	29
53	3	2087	30
57	3	1565	29
58	3	1826	29
59	3	1722	29
62	3	1878	29
63	3	2035	29
67	3	2035	29
69	3	2087	29
71	3	2295	29
75	3	2035	29
80	3	2295	29
87	3	1617	29
87	3	2191	30
88	3	2035	29
89	3	2191	29
92	3	1982	29
102	3	2191	29
104	3	1878	29
106	3	1982	29
106	3	2243	30
107	3	1722	29
108	3	2087	29
110	3	1774	29
113	3	1722	29
122	3	1722	29
124	3	1826	29
125	3	1774	29
126	3	1617	29
127	3	1722	29
128	3	1565	29
131	3	1982	29
131	3	2243	30
133	3	2139	29
135	3	1878	29
136	3	1513	29
136	3	2035	30
137	3	2087	29
138	3	1565	29
138	3	2191	30
139	3	1722	29
139	3	1982	30
141	3	1617	29
146	3	2035	29
147	3	2035	29
149	3	1617	29
150	3	2035	29
152	3	1878	29
154	3	1722	29
155	3	1722	29
156	3	1722	29
158	3	1878	29
159	3	1565	29
159	3	2295	30
160	3	2087	29
162	3	2139	29
165	3	1774	29
170	3	1565	29
172	3	2139	29
174	3	2191	29
175	3	2035	29
179	3	1982	29
183	3	1878	29
185	3	1774	29
187	3	2087	29
189	3	2035	29
192	3	1982	29
193	3	2139	29
196	3	1565	29
196	3	1826	30
198	3	1982	29
199	3	1722	29
200	3	2295	29
202	3	2191	29
203	3	2087	29
204	3	1982	29
206	3	1565	29
206	3	1826	30
207	3	1826	29
208	3	1982	29
210	3	2139	29
217	3	2295	29
218	3	2035	29
221	3	2139	29
225	3	1617	29
225	3	2139	30
226	3	1774	29
228	3	1722	29
229	3	2035	29
232	3	1722	29
240	3	1722	29
240	3	2243	30
241	3	2035	29
242	3	1982	29
243	3	1565	29
243	3	2139	30
244	3	1774	29
248	3	1826	29
250	3	1617	29
250	3	2191	30
251	3	2191	29
256	3	2035	29
258	3	1826	29
259	3	2191	29
262	3	2035	29
266	3	2139	29
268	3	2139	29
269	3	1774	29
271	3	1982	29
272	3	1722	29
272	3	1982	30
284	3	1565	29
284	3	2087	30
285	3	2191	29
286	3	1722	29
286	3	2191	30
293	3	1565	29
293	3	2139	30
296	3	1878	29
298	3	2295	29
301	3	1722	29
302	3	2035	29
303	3	1565	29
303	3	2087	30
304	3	2035	29
306	3	1617	29
309	3	1565	29
309	3	2035	30
310	3	1774	29
310	3	2139	30
315	3	2035	29
327	3	2191	29
330	3	2035	29
332	3	1878	29
333	3	1826	29
335	3	1722	29
336	3	2087	29
340	3	2295	29
341	3	2295	29
342	3	1617	29
343	3	1565	29
345	3	1878	29
346	3	1826	29
346	3	2191	30
347	3	2295	29
348	3	1878	29
349	3	1722	29
352	3	2035	29
353	3	2087	29
354	3	1565	29
358	3	2295	29
361	3	2087	29
366	3	2139	29
368	3	1565	29
368	3	2087	30
369	3	1774	29
371	3	2139	29
379	3	2035	29
384	3	2087	29
387	3	1774	29
390	3	1617	29
391	3	1878	29
393	3	1722	29
396	3	1565	29
399	3	1774	29
402	3	2035	29
406	3	1878	29
407	3	2295	29
411	3	1617	29
412	3	1617	29
412	3	1930	30
413	3	1565	29
413	3	2139	30
414	3	1982	29
415	3	1982	29
418	3	1826	29
419	3	1826	29
420	3	2295	29
423	3	2139	29
424	3	1722	29
424	3	2035	30
426	3	2139	29
429	3	1982	29
430	3	2087	29
431	3	1565	29
432	3	1774	29
433	3	2139	29
434	3	1722	29
434	3	2087	30
435	3	1722	29
436	3	1617	29
438	3	2035	29
445	3	2035	29
451	3	2035	29
451	3	2295	30
453	3	1617	29
455	3	2295	29
461	3	1774	29
463	3	1826	29
464	3	2191	29
466	3	1722	29
469	3	1513	29
472	3	2191	29
473	3	2191	29
474	3	1722	29
481	3	1826	29
481	3	2295	30
489	3	1565	29
490	3	2035	29
492	3	2139	29
495	3	2035	29
496	3	2035	29
500	3	1617	29
502	3	2295	29
503	3	1565	29
503	3	1878	30
508	3	1722	29
508	3	2087	30
512	3	2087	29
513	3	2191	29
514	3	2087	29
515	3	1617	29
518	3	2295	29
519	3	1826	29
521	3	1617	29
522	3	2035	29
523	3	1982	29
525	3	1826	29
528	3	1722	29
529	3	1617	29
529	3	1982	30
531	3	2139	29
534	3	1565	29
537	3	2035	29
538	3	1722	29
543	3	2191	29
544	3	1826	29
544	3	2139	30
547	3	1878	29
547	3	2243	30
550	3	1617	29
550	3	2035	30
551	3	1722	29
554	3	1565	29
555	3	1617	29
555	3	1930	30
556	3	2035	29
559	3	2191	29
562	3	2139	29
563	3	1982	29
565	3	1722	29
565	3	2035	30
568	3	1722	29
569	3	2191	29
571	3	1982	29
575	3	1565	29
575	3	2243	30
577	3	1722	29
581	3	2191	29
583	3	1565	29
585	3	1565	29
585	3	2139	30
586	3	1982	29
587	3	1565	29
588	3	2035	29
589	3	1878	29
590	3	1878	29
595	3	1722	29
595	3	2139	30
596	3	2035	29
598	3	1774	29
599	3	1826	29
604	3	2191	29
606	3	2035	29
607	3	1774	29
608	3	1982	29
612	3	2295	29
616	3	2295	29
621	3	2087	29
625	3	2191	29
626	3	1878	29
627	3	2035	29
628	3	2139	29
631	3	2035	29
632	3	1565	29
639	3	1722	29
645	3	2035	29
646	3	1722	29
648	3	2191	29
649	3	1982	29
652	3	2087	29
653	3	2087	29
655	3	2295	29
656	3	2139	29
658	3	1826	29
659	3	2295	29
661	3	1878	29
662	3	2035	29
664	3	1774	29
664	3	2243	30
665	3	1878	29
674	3	2035	29
675	3	2139	29
676	3	1722	29
677	3	2035	29
678	3	2191	29
680	3	2087	29
684	3	2087	29
691	3	1774	29
691	3	2191	30
692	3	1878	29
693	3	1982	29
694	3	2035	29
697	3	1878	29
699	3	2139	29
701	3	2087	29
703	3	1826	29
708	3	2191	29
709	3	1878	29
710	3	1774	29
711	3	2295	29
714	3	1982	29
716	3	1565	29
717	3	2139	29
718	3	1774	29
721	3	2087	29
722	3	1565	29
725	3	1878	29
726	3	1982	29
730	3	2295	29
733	3	1826	29
734	3	1826	29
737	3	1878	29
737	3	2295	30
738	3	1826	29
738	3	2139	30
739	3	2295	29
742	3	1565	29
742	3	2139	30
743	3	2087	29
744	3	2295	29
752	3	2087	29
753	3	1722	29
753	3	2191	30
754	3	1774	29
755	3	2139	29
756	3	1722	29
756	3	2243	30
758	3	1617	29
762	3	2139	29
774	3	1722	29
776	3	1565	29
776	3	2243	30
781	3	1982	29
788	3	2087	29
789	3	2191	29
793	3	1826	29
802	3	2087	29
803	3	1982	29
807	3	1565	29
810	3	1722	29
812	3	1774	29
812	3	2295	30
818	3	2191	29
822	3	1826	29
823	3	1565	29
823	3	2087	30
824	3	2139	29
825	3	2139	29
826	3	2191	29
831	3	1774	29
831	3	2087	30
832	3	1722	29
832	3	2035	30
834	3	1774	29
834	3	2139	30
838	3	1774	29
838	3	2295	30
840	3	1565	29
842	3	2191	29
843	3	1617	29
843	3	1982	30
848	3	1565	29
850	3	1722	29
854	3	2139	29
858	3	2035	29
863	3	1774	29
864	3	1617	29
864	3	2139	30
865	3	2139	29
866	3	1826	29
868	3	2191	29
869	3	2087	29
873	3	1617	29
875	3	2087	29
877	3	1565	29
880	3	1722	29
885	3	1617	29
897	3	1826	29
898	3	1722	29
899	3	1722	29
902	3	2035	29
903	3	1826	29
903	3	2243	30
908	3	1878	29
914	3	2035	29
916	3	1774	29
924	3	1774	29
926	3	1982	29
927	3	2139	29
929	3	1982	29
931	3	1617	29
935	3	2139	29
940	3	1982	29
941	3	1722	29
942	3	1617	29
947	3	1722	29
947	3	2087	30
948	3	1878	29
949	3	1565	29
950	3	1722	29
953	3	1774	29
954	3	1617	29
960	3	2087	29
961	3	2087	29
964	3	1722	29
964	3	2243	30
965	3	2295	29
966	3	2139	29
969	3	2087	29
971	3	1982	29
972	3	1565	29
972	3	2139	30
976	3	1982	29
978	3	1826	29
981	3	2035	29
984	3	2191	29
985	3	2295	29
995	3	1774	29
998	3	1826	29
998	3	2139	30
0	4	1304	28
0	4	1565	29
1	4	1826	28
1	4	2087	29
3	4	2035	28
4	4	1513	28
4	4	1774	29
4	4	2087	30
6	4	2035	28
7	4	1878	28
7	4	2139	29
8	4	1617	28
8	4	1878	29
10	4	1774	28
10	4	2035	29
14	4	1304	28
14	4	1565	29
15	4	1826	28
15	4	2087	29
16	4	1617	28
16	4	1878	29
17	4	1722	28
17	4	2035	29
18	4	2035	28
20	4	1722	28
20	4	2035	29
21	4	1930	28
21	4	2191	29
23	4	1617	28
23	4	1878	29
24	4	1565	28
24	4	1826	29
26	4	1878	28
26	4	2139	29
27	4	1617	28
27	4	1878	29
28	4	1669	28
28	4	1982	29
30	4	2243	28
31	4	2295	28
32	4	1982	28
32	4	2295	29
33	4	2243	28
34	4	1826	28
34	4	2087	29
35	4	1617	28
35	4	1878	29
36	4	1669	28
36	4	1982	29
39	4	1826	28
39	4	2087	29
40	4	1304	28
40	4	1565	29
40	4	2139	30
41	4	1826	28
41	4	2087	29
42	4	1722	28
42	4	2035	29
43	4	1617	28
43	4	1878	29
45	4	1722	28
45	4	2035	29
46	4	2139	28
49	4	1565	28
49	4	1826	29
53	4	1461	28
53	4	1722	29
53	4	2087	30
57	4	1304	28
57	4	1565	29
58	4	1565	28
58	4	1826	29
59	4	1461	28
59	4	1722	29
62	4	1617	28
62	4	1878	29
63	4	1774	28
63	4	2035	29
65	4	2035	28
66	4	2243	28
67	4	1722	28
67	4	2035	29
69	4	1826	28
69	4	2087	29
71	4	1982	28
71	4	2295	29
75	4	1774	28
75	4	2035	29
79	4	2087	28
80	4	1982	28
80	4	2295	29
84	4	2295	28
87	4	1356	28
87	4	1617	29
87	4	2191	30
88	4	1722	28
88	4	2035	29
89	4	1930	28
89	4	2191	29
92	4	1669	28
92	4	1982	29
96	4	2087	28
99	4	2295	28
102	4	1930	28
102	4	2191	29
104	4	1617	28
104	4	1878	29
106	4	1669	28
106	4	1982	29
106	4	2243	30
107	4	1461	28
107	4	1722	29
108	4	1826	28
108	4	2087	29
110	4	1513	28
110	4	1774	29
113	4	1408	28
113	4	1722	29
119	4	2191	28
122	4	1408	28
122	4	1722	29
124	4	1565	28
124	4	1826	29
125	4	1513	28
125	4	1774	29
126	4	1356	28
126	4	1617	29
127	4	1461	28
127	4	1722	29
128	4	1304	28
128	4	1565	29
131	4	1669	28
131	4	1982	29
131	4	2243	30
132	4	2243	28
133	4	1878	28
133	4	2139	29
134	4	2191	28
135	4	1617	28
135	4	1878	29
136	4	1252	28
136	4	1513	29
136	4	2035	30
137	4	1826	28
137	4	2087	29
138	4	1304	28
138	4	1565	29
138	4	2191	30
139	4	1408	28
139	4	1722	29
139	4	1982	30
141	4	1356	28
141	4	1617	29
143	4	2243	28
145	4	2035	28
146	4	1722	28
146	4	2035	29
147	4	1774	28
147	4	2035	29
149	4	1356	28
149	4	1617	29
150	4	1722	28
150	4	2035	29
151	4	2295	28
152	4	1617	28
152	4	1878	29
154	4	1461	28
154	4	1722	29
155	4	1408	28
155	4	1722	29
156	4	1461	28
156	4	1722	29
158	4	1617	28
158	4	1878	29
159	4	1304	28
159	4	1565	29
159	4	2295	30
160	4	1826	28
160	4	2087	29
162	4	1878	28
162	4	2139	29
164	4	2243	28
165	4	1513	28
165	4	1774	29
170	4	1304	28
170	4	1565	29
172	4	1878	28
172	4	2139	29
174	4	1930	28
174	4	2191	29
175	4	1722	28
175	4	2035	29
176	4	2243	28
179	4	1669	28
179	4	1982	29
181	4	2295	28
183	4	1617	28
183	4	1878	29
185	4	1513	28
185	4	1774	29
187	4	1826	28
187	4	2087	29
189	4	1722	28
189	4	2035	29
192	4	1669	28
192	4	1982	29
193	4	1878	28
193	4	2139	29
196	4	1304	28
196	4	1565	29
196	4	1826	30
198	4	1669	28
198	4	1982	29
199	4	1461	28
199	4	1722	29
200	4	1982	28
200	4	2295	29
202	4	1930	28
202	4	2191	29
203	4	1826	28
203	4	2087	29
204	4	1669	28
204	4	1982	29
205	4	2243	28
206	4	1304	28
206	4	1565	29
206	4	1826	30
207	4	1565	28
207	4	1826	29
208	4	1669	28
208	4	1982	29
210	4	1878	28
210	4	2139	29
217	4	1982	28
217	4	2295	29
218	4	1774	28
218	4	2035	29
221	4	1878	28
221	4	2139	29
224	4	2087	28
225	4	1356	28
225	4	1617	29
225	4	2139	30
226	4	1513	28
226	4	1774	29
228	4	1408	28
228	4	1722	29
229	4	1774	28
229	4	2035	29
230	4	2191	28
231	4	2139	28
232	4	1461	28
232	4	1722	29
233	4	2139	28
240	4	1461	28
240	4	1722	29
240	4	2243	30
241	4	1722	28
241	4	2035	29
242	4	1669	28
242	4	1982	29
243	4	1304	28
243	4	1565	29
243	4	2139	30
244	4	1513	28
244	4	1774	29
245	4	2243	28
248	4	1565	28
248	4	1826	29
249	4	2035	28
250	4	1356	28
250	4	1617	29
250	4	2191	30
251	4	1930	28
251	4	2191	29
256	4	1774	28
256	4	2035	29
257	4	2139	28
258	4	1565	28
258	4	1826	29
259	4	1930	28
259	4	2191	29
260	4	2035	28
262	4	1774	28
262	4	2035	29
264	4	2087	28
266	4	1878	28
266	4	2139	29
267	4	2243	28
268	4	1878	28
268	4	2139	29
269	4	1513	28
269	4	1774	29
271	4	1669	28
271	4	1982	29
272	4	1408	28
272	4	1722	29
272	4	1982	30
283	4	2035	28
284	4	1304	28
284	4	1565	29
284	4	2087	30
285	4	1930	28
285	4	2191	29
286	4	1461	28
286	4	1722	29
286	4	2191	30
288	4	2035	28
293	4	1304	28
293	4	1565	29
293	4	2139	30
295	4	2295	28
296	4	1617	28
296	4	1878	29
298	4	1982	28
298	4	2295	29
301	4	1461	28
301	4	1722	29
302	4	1774	28
302	4	2035	29
303	4	1304	28
303	4	1565	29
303	4	2087	30
304	4	1774	28
304	4	2035	29
306	4	1356	28
306	4	1617	29
309	4	1304	28
309	4	1565	29
309	4	2035	30
310	4	1513	28
310	4	1774	29
310	4	2139	30
312	4	2295	28
315	4	1722	28
315	4	2035	29
322	4	2139	28
326	4	2035	28
327	4	1930	28
327	4	2191	29
330	4	1722	28
330	4	2035	29
331	4	2087	28
332	4	1617	28
332	4	1878	29
333	4	1565	28
333	4	1826	29
335	4	1408	28
335	4	1722	29
336	4	1826	28
336	4	2087	29
339	4	2139	28
340	4	1982	28
340	4	2295	29
341	4	1982	28
341	4	2295	29
342	4	1356	28
342	4	1617	29
343	4	1304	28
343	4	1565	29
345	4	1617	28
345	4	1878	29
346	4	1565	28
346	4	1826	29
346	4	2191	30
347	4	1982	28
347	4	2295	29
348	4	1617	28
348	4	1878	29
349	4	1408	28
349	4	1722	29
352	4	1722	28
352	4	2035	29
353	4	1826	28
353	4	2087	29
354	4	1304	28
354	4	1565	29
356	4	2087	28
358	4	1982	28
358	4	2295	29
361	4	1826	28
361	4	2087	29
366	4	1878	28
366	4	2139	29
367	4	2243	28
368	4	1304	28
368	4	1565	29
368	4	2087	30
369	4	1513	28
369	4	1774	29
371	4	1878	28
371	4	2139	29
372	4	2139	28
377	4	2295	28
379	4	1774	28
379	4	2035	29
382	4	2191	28
384	4	1826	28
384	4	2087	29
387	4	1513	28
387	4	1774	29
390	4	1356	28
390	4	1617	29
391	4	1617	28
391	4	1878	29
393	4	1408	28
393	4	1722	29
396	4	1304	28
396	4	1565	29
397	4	2035	28
399	4	1513	28
399	4	1774	29
400	4	2139	28
402	4	1722	28
402	4	2035	29
404	4	2295	28
405	4	2243	28
406	4	1617	28
406	4	1878	29
407	4	1982	28
407	4	2295	29
411	4	1356	28
411	4	1617	29
412	4	1356	28
412	4	1617	29
412	4	1930	30
413	4	1304	28
413	4	1565	29
413	4	2139	30
414	4	1669	28
414	4	1982	29
415	4	1669	28
415	4	1982	29
417	4	2035	28
418	4	1565	28
418	4	1826	29
419	4	1565	28
419	4	1826	29
420	4	1982	28
420	4	2295	29
423	4	1878	28
423	4	2139	29
424	4	1408	28
424	4	1722	29
424	4	2035	30
425	4	2243	28
426	4	1878	28
426	4	2139	29
429	4	1669	28
429	4	1982	29
430	4	1826	28
430	4	2087	29
431	4	1304	28
431	4	1565	29
432	4	1513	28
432	4	1774	29
433	4	1878	28
433	4	2139	29
434	4	1408	28
434	4	1722	29
434	4	2087	30
435	4	1408	28
435	4	1722	29
436	4	1356	28
436	4	1617	29
437	4	2087	28
438	4	1722	28
438	4	2035	29
440	4	2295	28
442	4	2035	28
445	4	1722	28
445	4	2035	29
451	4	1722	28
451	4	2035	29
451	4	2295	30
453	4	1356	28
453	4	1617	29
455	4	1982	28
455	4	2295	29
460	4	2191	28
461	4	1513	28
461	4	1774	29
462	4	2087	28
463	4	1565	28
463	4	1826	29
464	4	1930	28
464	4	2191	29
465	4	2087	28
466	4	1461	28
466	4	1722	29
467	4	2035	28
468	4	2087	28
469	4	1252	28
469	4	1513	29
472	4	1930	28
472	4	2191	29
473	4	1930	28
473	4	2191	29
474	4	1408	28
474	4	1722	29
481	4	1565	28
481	4	1826	29
481	4	2295	30
486	4	2191	28
487	4	2087	28
489	4	1304	28
489	4	1565	29
490	4	1722	28
490	4	2035	29
491	4	2087	28
492	4	1878	28
492	4	2139	29
495	4	1774	28
495	4	2035	29
496	4	1722	28
496	4	2035	29
498	4	2191	28
500	4	1356	28
500	4	1617	29
502	4	1982	28
502	4	2295	29
503	4	1304	28
503	4	1565	29
503	4	1878	30
508	4	1408	28
508	4	1722	29
508	4	2087	30
512	4	1826	28
512	4	2087	29
513	4	1930	28
513	4	2191	29
514	4	1826	28
514	4	2087	29
515	4	1356	28
515	4	1617	29
517	4	2243	28
518	4	1982	28
518	4	2295	29
519	4	1565	28
519	4	1826	29
521	4	1356	28
521	4	1617	29
522	4	1722	28
522	4	2035	29
523	4	1669	28
523	4	1982	29
525	4	1565	28
525	4	1826	29
527	4	2191	28
528	4	1461	28
528	4	1722	29
529	4	1356	28
529	4	1617	29
529	4	1982	30
530	4	2139	28
531	4	1878	28
531	4	2139	29
534	4	1304	28
534	4	1565	29
537	4	1774	28
537	4	2035	29
538	4	1461	28
538	4	1722	29
539	4	2191	28
541	4	2087	28
543	4	1930	28
543	4	2191	29
544	4	1565	28
544	4	1826	29
544	4	2139	30
547	4	1617	28
547	4	1878	29
547	4	2243	30
550	4	1356	28
550	4	1617	29
550	4	2035	30
551	4	1408	28
551	4	1722	29
553	4	2035	28
554	4	1304	28
554	4	1565	29
555	4	1356	28
555	4	1617	29
555	4	1930	30
556	4	1774	28
556	4	2035	29
558	4	2243	28
559	4	1930	28
559	4	2191	29
562	4	1878	28
562	4	2139	29
563	4	1669	28
563	4	1982	29
565	4	1408	28
565	4	1722	29
565	4	2035	30
566	4	2139	28
568	4	1408	28
568	4	1722	29
569	4	1930	28
569	4	2191	29
571	4	1669	28
571	4	1982	29
575	4	1304	28
575	4	1565	29
575	4	2243	30
576	4	2295	28
577	4	1461	28
577	4	1722	29
581	4	1930	28
581	4	2191	29
582	4	2139	28
583	4	1304	28
583	4	1565	29
584	4	2191	28
585	4	1304	28
585	4	1565	29
585	4	2139	30
586	4	1669	28
586	4	1982	29
587	4	1304	28
587	4	1565	29
588	4	1774	28
588	4	2035	29
589	4	1617	28
589	4	1878	29
590	4	1617	28
590	4	1878	29
594	4	2243	28
595	4	1408	28
595	4	1722	29
595	4	2139	30
596	4	1774	28
596	4	2035	29
598	4	1513	28
598	4	1774	29
599	4	1565	28
599	4	1826	29
604	4	1930	28
604	4	2191	29
606	4	1722	28
606	4	2035	29
607	4	1513	28
607	4	1774	29
608	4	1669	28
608	4	1982	29
611	4	2139	28
612	4	1982	28
612	4	2295	29
616	4	1982	28
616	4	2295	29
621	4	1826	28
621	4	2087	29
625	4	1930	28
625	4	2191	29
626	4	1617	28
626	4	1878	29
627	4	1722	28
627	4	2035	29
628	4	1878	28
628	4	2139	29
630	4	2139	28
631	4	1722	28
631	4	2035	29
632	4	1304	28
632	4	1565	29
639	4	1461	28
639	4	1722	29
645	4	1774	28
645	4	2035	29
646	4	1461	28
646	4	1722	29
648	4	1930	28
648	4	2191	29
649	4	1669	28
649	4	1982	29
652	4	1826	28
652	4	2087	29
653	4	1826	28
653	4	2087	29
655	4	1982	28
655	4	2295	29
656	4	1878	28
656	4	2139	29
658	4	1565	28
658	4	1826	29
659	4	1982	28
659	4	2295	29
661	4	1617	28
661	4	1878	29
662	4	1774	28
662	4	2035	29
664	4	1513	28
664	4	1774	29
664	4	2243	30
665	4	1617	28
665	4	1878	29
666	4	2035	28
668	4	2087	28
669	4	2035	28
670	4	2035	28
674	4	1774	28
674	4	2035	29
675	4	1878	28
675	4	2139	29
676	4	1408	28
676	4	1722	29
677	4	1774	28
677	4	2035	29
678	4	1930	28
678	4	2191	29
680	4	1826	28
680	4	2087	29
682	4	2139	28
684	4	1826	28
684	4	2087	29
691	4	1513	28
691	4	1774	29
691	4	2191	30
692	4	1617	28
692	4	1878	29
693	4	1669	28
693	4	1982	29
694	4	1774	28
694	4	2035	29
695	4	2035	28
697	4	1617	28
697	4	1878	29
699	4	1878	28
699	4	2139	29
701	4	1826	28
701	4	2087	29
703	4	1565	28
703	4	1826	29
705	4	2139	28
706	4	2035	28
707	4	2191	28
708	4	1930	28
708	4	2191	29
709	4	1617	28
709	4	1878	29
710	4	1513	28
710	4	1774	29
711	4	1982	28
711	4	2295	29
714	4	1669	28
714	4	1982	29
715	4	2191	28
716	4	1304	28
716	4	1565	29
717	4	1878	28
717	4	2139	29
718	4	1513	28
718	4	1774	29
721	4	1826	28
721	4	2087	29
722	4	1304	28
722	4	1565	29
725	4	1617	28
725	4	1878	29
726	4	1669	28
726	4	1982	29
730	4	1982	28
730	4	2295	29
731	4	2087	28
733	4	1565	28
733	4	1826	29
734	4	1565	28
734	4	1826	29
737	4	1617	28
737	4	1878	29
737	4	2295	30
738	4	1565	28
738	4	1826	29
738	4	2139	30
739	4	1982	28
739	4	2295	29
742	4	1304	28
742	4	1565	29
742	4	2139	30
743	4	1826	28
743	4	2087	29
744	4	1982	28
744	4	2295	29
752	4	1826	28
752	4	2087	29
753	4	1461	28
753	4	1722	29
753	4	2191	30
754	4	1513	28
754	4	1774	29
755	4	1878	28
755	4	2139	29
756	4	1408	28
756	4	1722	29
756	4	2243	30
758	4	1356	28
758	4	1617	29
761	4	2191	28
762	4	1878	28
762	4	2139	29
763	4	2087	28
765	4	2035	28
767	4	2139	28
774	4	1408	28
774	4	1722	29
776	4	1304	28
776	4	1565	29
776	4	2243	30
778	4	2191	28
781	4	1669	28
781	4	1982	29
784	4	2035	28
788	4	1826	28
788	4	2087	29
789	4	1930	28
789	4	2191	29
790	4	2191	28
793	4	1565	28
793	4	1826	29
794	4	2191	28
797	4	2295	28
798	4	2243	28
802	4	1826	28
802	4	2087	29
803	4	1669	28
803	4	1982	29
804	4	2087	28
807	4	1304	28
807	4	1565	29
810	4	1408	28
810	4	1722	29
811	4	2087	28
812	4	1513	28
812	4	1774	29
812	4	2295	30
816	4	2243	28
818	4	1930	28
818	4	2191	29
821	4	2243	28
822	4	1565	28
822	4	1826	29
823	4	1304	28
823	4	1565	29
823	4	2087	30
824	4	1878	28
824	4	2139	29
825	4	1878	28
825	4	2139	29
826	4	1930	28
826	4	2191	29
828	4	2243	28
831	4	1513	28
831	4	1774	29
831	4	2087	30
832	4	1408	28
832	4	1722	29
832	4	2035	30
834	4	1513	28
834	4	1774	29
834	4	2139	30
838	4	1513	28
838	4	1774	29
838	4	2295	30
840	4	1304	28
840	4	1565	29
842	4	1930	28
842	4	2191	29
843	4	1356	28
843	4	1617	29
843	4	1982	30
847	4	2087	28
848	4	1304	28
848	4	1565	29
850	4	1461	28
850	4	1722	29
854	4	1878	28
854	4	2139	29
858	4	1774	28
858	4	2035	29
863	4	1513	28
863	4	1774	29
864	4	1356	28
864	4	1617	29
864	4	2139	30
865	4	1878	28
865	4	2139	29
866	4	1565	28
866	4	1826	29
868	4	1930	28
868	4	2191	29
869	4	1826	28
869	4	2087	29
871	4	2035	28
873	4	1356	28
873	4	1617	29
875	4	1826	28
875	4	2087	29
877	4	1304	28
877	4	1565	29
878	4	2295	28
880	4	1408	28
880	4	1722	29
884	4	2243	28
885	4	1356	28
885	4	1617	29
887	4	2191	28
890	4	2139	28
891	4	2139	28
895	4	2139	28
897	4	1565	28
897	4	1826	29
898	4	1461	28
898	4	1722	29
899	4	1461	28
899	4	1722	29
900	4	2243	28
901	4	2191	28
902	4	1774	28
902	4	2035	29
903	4	1565	28
903	4	1826	29
903	4	2243	30
908	4	1617	28
908	4	1878	29
910	4	2191	28
913	4	2243	28
914	4	1774	28
914	4	2035	29
916	4	1513	28
916	4	1774	29
922	4	2191	28
924	4	1513	28
924	4	1774	29
926	4	1669	28
926	4	1982	29
927	4	1878	28
927	4	2139	29
929	4	1669	28
929	4	1982	29
931	4	1356	28
931	4	1617	29
932	4	2139	28
933	4	2087	28
935	4	1878	28
935	4	2139	29
938	4	2087	28
940	4	1669	28
940	4	1982	29
941	4	1408	28
941	4	1722	29
942	4	1356	28
942	4	1617	29
944	4	2139	28
946	4	2035	28
947	4	1408	28
947	4	1722	29
947	4	2087	30
948	4	1617	28
948	4	1878	29
949	4	1304	28
949	4	1565	29
950	4	1408	28
950	4	1722	29
953	4	1513	28
953	4	1774	29
954	4	1356	28
954	4	1617	29
960	4	1826	28
960	4	2087	29
961	4	1826	28
961	4	2087	29
963	4	2295	28
964	4	1461	28
964	4	1722	29
964	4	2243	30
965	4	1982	28
965	4	2295	29
966	4	1878	28
966	4	2139	29
968	4	2191	28
969	4	1826	28
969	4	2087	29
971	4	1669	28
971	4	1982	29
972	4	1304	28
972	4	1565	29
972	4	2139	30
976	4	1669	28
976	4	1982	29
978	4	1565	28
978	4	1826	29
979	4	2191	28
981	4	1774	28
981	4	2035	29
983	4	2035	28
984	4	1930	28
984	4	2191	29
985	4	1982	28
985	4	2295	29
988	4	2243	28
989	4	2243	28
995	4	1513	28
995	4	1774	29
998	4	1565	28
998	4	1826	29
998	4	2139	30
0	5	417	24
0	5	782	25
0	5	1043	27
0	5	1304	28
0	5	1565	29
1	5	417	24
1	5	782	25
1	5	1565	27
1	5	1826	28
1	5	2087	29
2	5	417	24
3	5	417	24
3	5	1513	25
3	5	1774	27
3	5	2035	28
4	5	417	24
4	5	991	25
4	5	1252	27
4	5	1513	28
4	5	1774	29
4	5	2087	30
5	5	417	24
5	5	887	25
5	5	2087	27
6	5	417	24
6	5	1095	25
6	5	1774	27
6	5	2035	28
7	5	417	24
7	5	1356	25
7	5	1617	27
7	5	1878	28
7	5	2139	29
8	5	417	24
8	5	1095	25
8	5	1356	27
8	5	1617	28
8	5	1878	29
9	5	417	24
10	5	417	24
10	5	782	25
10	5	1513	27
10	5	1774	28
10	5	2035	29
11	5	1930	24
12	5	417	24
13	5	417	24
13	5	2087	25
14	5	417	24
14	5	782	25
14	5	1043	27
14	5	1304	28
14	5	1565	29
15	5	417	24
15	5	887	25
15	5	1565	27
15	5	1826	28
15	5	2087	29
16	5	417	24
16	5	939	25
16	5	1356	27
16	5	1617	28
16	5	1878	29
17	5	417	24
17	5	782	25
17	5	1461	27
17	5	1722	28
17	5	2035	29
18	5	417	24
18	5	887	25
18	5	1774	27
18	5	2035	28
19	5	1252	24
19	5	2191	25
20	5	417	24
20	5	1095	25
20	5	1461	27
20	5	1722	28
20	5	2035	29
21	5	417	24
21	5	730	25
21	5	1669	27
21	5	1930	28
21	5	2191	29
22	5	417	24
22	5	1513	25
22	5	2087	27
23	5	417	24
23	5	834	25
23	5	1356	27
23	5	1617	28
23	5	1878	29
24	5	417	24
24	5	887	25
24	5	1304	27
24	5	1565	28
24	5	1826	29
25	5	1148	24
25	5	2191	25
26	5	417	24
26	5	1200	25
26	5	1617	27
26	5	1878	28
26	5	2139	29
27	5	417	24
27	5	887	25
27	5	1356	27
27	5	1617	28
27	5	1878	29
28	5	417	24
28	5	1148	25
28	5	1408	27
28	5	1669	28
28	5	1982	29
29	5	417	24
29	5	1774	25
29	5	2139	27
30	5	1043	24
30	5	1617	25
30	5	1982	27
30	5	2243	28
31	5	417	24
31	5	991	25
31	5	2035	27
31	5	2295	28
32	5	417	24
32	5	1461	25
32	5	1722	27
32	5	1982	28
32	5	2295	29
33	5	417	24
33	5	1408	25
33	5	1982	27
33	5	2243	28
34	5	417	24
34	5	1252	25
34	5	1565	27
34	5	1826	28
34	5	2087	29
35	5	417	24
35	5	887	25
35	5	1356	27
35	5	1617	28
35	5	1878	29
36	5	417	24
36	5	887	25
36	5	1408	27
36	5	1669	28
36	5	1982	29
37	5	417	24
37	5	1826	25
37	5	2243	27
38	5	417	24
38	5	1252	25
39	5	417	24
39	5	1043	25
39	5	1565	27
39	5	1826	28
39	5	2087	29
40	5	417	24
40	5	782	25
40	5	1043	27
40	5	1304	28
40	5	1565	29
40	5	2139	30
41	5	417	24
41	5	1200	25
41	5	1565	27
41	5	1826	28
41	5	2087	29
42	5	417	24
42	5	1200	25
42	5	1461	27
42	5	1722	28
42	5	2035	29
43	5	417	24
43	5	939	25
43	5	1356	27
43	5	1617	28
43	5	1878	29
44	5	1148	24
45	5	417	24
45	5	1148	25
45	5	1461	27
45	5	1722	28
45	5	2035	29
46	5	417	24
46	5	939	25
46	5	1878	27
46	5	2139	28
47	5	417	24
47	5	1513	25
48	5	417	24
49	5	417	24
49	5	991	25
49	5	1304	27
49	5	1565	28
49	5	1826	29
50	5	1043	24
51	5	417	24
51	5	2087	25
52	5	417	24
53	5	417	24
53	5	939	25
53	5	1200	27
53	5	1461	28
53	5	1722	29
53	5	2087	30
54	5	417	24
55	5	417	24
55	5	1565	25
56	5	417	24
56	5	1930	25
57	5	417	24
57	5	782	25
57	5	1043	27
57	5	1304	28
57	5	1565	29
58	5	417	24
58	5	1043	25
58	5	1304	27
58	5	1565	28
58	5	1826	29
59	5	417	24
59	5	834	25
59	5	1200	27
59	5	1461	28
59	5	1722	29
60	5	417	24
61	5	417	24
61	5	1148	25
61	5	2243	27
62	5	417	24
62	5	939	25
62	5	1356	27
62	5	1617	28
62	5	1878	29
63	5	417	24
63	5	1200	25
63	5	1513	27
63	5	1774	28
63	5	2035	29
64	5	1095	24
64	5	2295	25
65	5	417	24
65	5	1304	25
65	5	1774	27
65	5	2035	28
66	5	1095	24
66	5	1669	25
66	5	1982	27
66	5	2243	28
67	5	417	24
67	5	1200	25
67	5	1461	27
67	5	1722	28
67	5	2035	29
68	5	1095	24
69	5	417	24
69	5	1304	25
69	5	1565	27
69	5	1826	28
69	5	2087	29
70	5	417	24
71	5	417	24
71	5	1461	25
71	5	1722	27
71	5	1982	28
71	5	2295	29
72	5	574	24
73	5	1095	24
74	5	417	24
74	5	2035	25
75	5	417	24
75	5	887	25
75	5	1513	27
75	5	1774	28
75	5	2035	29
76	5	1095	24
76	5	1930	25
77	5	417	24
77	5	2191	25
78	5	417	24
79	5	417	24
79	5	1356	25
79	5	1826	27
79	5	2087	28
80	5	417	24
80	5	939	25
80	5	1722	27
80	5	1982	28
80	5	2295	29
81	5	417	24
81	5	1408	25
81	5	2087	27
82	5	417	24
82	5	1669	25
82	5	2087	27
83	5	417	24
83	5	1565	25
83	5	2295	27
84	5	417	24
84	5	991	25
84	5	2035	27
84	5	2295	28
85	5	417	24
86	5	417	24
86	5	1774	25
86	5	2295	27
87	5	417	24
87	5	834	25
87	5	1095	27
87	5	1356	28
87	5	1617	29
87	5	2191	30
88	5	417	24
88	5	1148	25
88	5	1461	27
88	5	1722	28
88	5	2035	29
89	5	417	24
89	5	1304	25
89	5	1669	27
89	5	1930	28
89	5	2191	29
90	5	1095	24
90	5	1722	25
91	5	417	24
92	5	417	24
92	5	834	25
92	5	1408	27
92	5	1669	28
92	5	1982	29
93	5	417	24
93	5	2035	25
94	5	417	24
95	5	417	24
95	5	1878	25
95	5	2191	27
96	5	417	24
96	5	1461	25
96	5	1826	27
96	5	2087	28
97	5	417	24
97	5	2087	25
98	5	1148	24
98	5	2087	25
99	5	417	24
99	5	1722	25
99	5	2035	27
99	5	2295	28
100	5	417	24
100	5	2191	25
101	5	417	24
101	5	1304	25
102	5	417	24
102	5	1252	25
102	5	1669	27
102	5	1930	28
102	5	2191	29
103	5	417	24
103	5	1565	25
104	5	417	24
104	5	1043	25
104	5	1356	27
104	5	1617	28
104	5	1878	29
105	5	417	24
106	5	417	24
106	5	1148	25
106	5	1408	27
106	5	1669	28
106	5	1982	29
106	5	2243	30
107	5	417	24
107	5	834	25
107	5	1200	27
107	5	1461	28
107	5	1722	29
108	5	417	24
108	5	939	25
108	5	1565	27
108	5	1826	28
108	5	2087	29
109	5	417	24
109	5	1826	25
110	5	417	24
110	5	887	25
110	5	1252	27
110	5	1513	28
110	5	1774	29
111	5	417	24
111	5	1826	25
111	5	2139	27
112	5	417	24
112	5	1617	25
112	5	2295	27
113	5	417	24
113	5	782	25
113	5	1148	27
113	5	1408	28
113	5	1722	29
114	5	417	24
114	5	1565	25
114	5	2243	27
115	5	1095	24
116	5	1095	24
116	5	1878	25
116	5	2139	27
117	5	1043	24
117	5	1878	25
117	5	2191	27
118	5	417	24
118	5	1565	25
118	5	2087	27
119	5	417	24
119	5	1617	25
119	5	1930	27
119	5	2191	28
120	5	417	24
120	5	1461	25
120	5	2295	27
121	5	417	24
122	5	417	24
122	5	834	25
122	5	1148	27
122	5	1408	28
122	5	1722	29
123	5	574	24
124	5	417	24
124	5	834	25
124	5	1304	27
124	5	1565	28
124	5	1826	29
125	5	417	24
125	5	991	25
125	5	1252	27
125	5	1513	28
125	5	1774	29
126	5	417	24
126	5	834	25
126	5	1095	27
126	5	1356	28
126	5	1617	29
127	5	417	24
127	5	834	25
127	5	1200	27
127	5	1461	28
127	5	1722	29
128	5	417	24
128	5	782	25
128	5	1043	27
128	5	1304	28
128	5	1565	29
129	5	417	24
129	5	1617	25
130	5	417	24
130	5	991	25
131	5	417	24
131	5	1148	25
131	5	1408	27
131	5	1669	28
131	5	1982	29
131	5	2243	30
132	5	417	24
132	5	782	25
132	5	1982	27
132	5	2243	28
133	5	417	24
133	5	1043	25
133	5	1617	27
133	5	1878	28
133	5	2139	29
134	5	417	24
134	5	1513	25
134	5	1930	27
134	5	2191	28
135	5	417	24
135	5	939	25
135	5	1356	27
135	5	1617	28
135	5	1878	29
136	5	417	24
136	5	730	25
136	5	991	27
136	5	1252	28
136	5	1513	29
136	5	2035	30
137	5	417	24
137	5	1200	25
137	5	1565	27
137	5	1826	28
137	5	2087	29
138	5	417	24
138	5	782	25
138	5	1043	27
138	5	1304	28
138	5	1565	29
138	5	2191	30
139	5	417	24
139	5	887	25
139	5	1148	27
139	5	1408	28
139	5	1722	29
139	5	1982	30
140	5	417	24
141	5	417	24
141	5	834	25
141	5	1095	27
141	5	1356	28
141	5	1617	29
142	5	417	24
142	5	1774	25
142	5	2191	27
143	5	1043	24
143	5	1669	25
143	5	1982	27
143	5	2243	28
144	5	1304	24
145	5	417	24
145	5	1513	25
145	5	1774	27
145	5	2035	28
146	5	417	24
146	5	1095	25
146	5	1461	27
146	5	1722	28
146	5	2035	29
147	5	417	24
147	5	1095	25
147	5	1513	27
147	5	1774	28
147	5	2035	29
148	5	1043	24
148	5	2139	25
149	5	417	24
149	5	834	25
149	5	1095	27
149	5	1356	28
149	5	1617	29
150	5	417	24
150	5	991	25
150	5	1461	27
150	5	1722	28
150	5	2035	29
151	5	417	24
151	5	1669	25
151	5	2035	27
151	5	2295	28
152	5	417	24
152	5	1043	25
152	5	1356	27
152	5	1617	28
152	5	1878	29
153	5	417	24
153	5	1617	25
154	5	417	24
154	5	939	25
154	5	1200	27
154	5	1461	28
154	5	1722	29
155	5	417	24
155	5	782	25
155	5	1148	27
155	5	1408	28
155	5	1722	29
156	5	417	24
156	5	834	25
156	5	1200	27
156	5	1461	28
156	5	1722	29
158	5	417	24
158	5	991	25
158	5	1356	27
158	5	1617	28
158	5	1878	29
159	5	417	24
159	5	782	25
159	5	1043	27
159	5	1304	28
159	5	1565	29
159	5	2295	30
160	5	417	24
160	5	1200	25
160	5	1565	27
160	5	1826	28
160	5	2087	29
161	5	1043	24
161	5	2295	25
162	5	417	24
162	5	1356	25
162	5	1617	27
162	5	1878	28
162	5	2139	29
163	5	417	24
163	5	2035	25
164	5	417	24
164	5	887	25
164	5	1982	27
164	5	2243	28
165	5	417	24
165	5	991	25
165	5	1252	27
165	5	1513	28
165	5	1774	29
166	5	1043	24
166	5	2191	25
167	5	417	24
167	5	1878	25
167	5	2243	27
168	5	1565	24
169	5	417	24
169	5	834	25
169	5	2139	27
170	5	417	24
170	5	782	25
170	5	1043	27
170	5	1304	28
170	5	1565	29
171	5	417	24
171	5	1982	25
172	5	417	24
172	5	1356	25
172	5	1617	27
172	5	1878	28
172	5	2139	29
173	5	417	24
173	5	1826	25
173	5	2295	27
174	5	417	24
174	5	1304	25
174	5	1669	27
174	5	1930	28
174	5	2191	29
175	5	417	24
175	5	1095	25
175	5	1461	27
175	5	1722	28
175	5	2035	29
176	5	417	24
176	5	887	25
176	5	1982	27
176	5	2243	28
177	5	1200	24
178	5	417	24
179	5	417	24
179	5	991	25
179	5	1408	27
179	5	1669	28
179	5	1982	29
180	5	417	24
181	5	417	24
181	5	782	25
181	5	2035	27
181	5	2295	28
182	5	417	24
183	5	417	24
183	5	887	25
183	5	1356	27
183	5	1617	28
183	5	1878	29
184	5	417	24
185	5	417	24
185	5	991	25
185	5	1252	27
185	5	1513	28
185	5	1774	29
186	5	834	24
187	5	417	24
187	5	1252	25
187	5	1565	27
187	5	1826	28
187	5	2087	29
188	5	417	24
188	5	2035	25
188	5	2295	27
189	5	417	24
189	5	1200	25
189	5	1461	27
189	5	1722	28
189	5	2035	29
190	5	417	24
190	5	1565	25
190	5	2295	27
191	5	417	24
191	5	834	25
192	5	417	24
192	5	1095	25
192	5	1408	27
192	5	1669	28
192	5	1982	29
193	5	417	24
193	5	1148	25
193	5	1617	27
193	5	1878	28
193	5	2139	29
194	5	417	24
195	5	782	24
196	5	417	24
196	5	782	25
196	5	1043	27
196	5	1304	28
196	5	1565	29
196	5	1826	30
197	5	1930	24
198	5	417	24
198	5	1148	25
198	5	1408	27
198	5	1669	28
198	5	1982	29
199	5	417	24
199	5	834	25
199	5	1200	27
199	5	1461	28
199	5	1722	29
200	5	417	24
200	5	1461	25
200	5	1722	27
200	5	1982	28
200	5	2295	29
201	5	417	24
201	5	2191	25
202	5	417	24
202	5	1356	25
202	5	1669	27
202	5	1930	28
202	5	2191	29
203	5	417	24
203	5	1304	25
203	5	1565	27
203	5	1826	28
203	5	2087	29
204	5	417	24
204	5	939	25
204	5	1408	27
204	5	1669	28
204	5	1982	29
205	5	417	24
205	5	1669	25
205	5	1982	27
205	5	2243	28
206	5	417	24
206	5	782	25
206	5	1043	27
206	5	1304	28
206	5	1565	29
206	5	1826	30
207	5	417	24
207	5	887	25
207	5	1304	27
207	5	1565	28
207	5	1826	29
208	5	417	24
208	5	991	25
208	5	1408	27
208	5	1669	28
208	5	1982	29
209	5	1565	24
210	5	417	24
210	5	1043	25
210	5	1617	27
210	5	1878	28
210	5	2139	29
211	5	1148	24
212	5	417	24
212	5	1408	25
212	5	2087	27
213	5	1148	24
213	5	2139	25
214	5	417	24
215	5	417	24
215	5	1565	25
215	5	2087	27
216	5	417	24
217	5	469	24
217	5	1461	25
217	5	1722	27
217	5	1982	28
217	5	2295	29
218	5	417	24
218	5	1200	25
218	5	1513	27
218	5	1774	28
218	5	2035	29
219	5	1148	24
220	5	417	24
220	5	2243	25
221	5	417	24
221	5	1200	25
221	5	1617	27
221	5	1878	28
221	5	2139	29
222	5	417	24
222	5	2191	25
223	5	417	24
223	5	2243	25
224	5	417	24
224	5	1408	25
224	5	1826	27
224	5	2087	28
225	5	417	24
225	5	782	25
225	5	1095	27
225	5	1356	28
225	5	1617	29
225	5	2139	30
226	5	417	24
226	5	939	25
226	5	1252	27
226	5	1513	28
226	5	1774	29
227	5	417	24
227	5	1826	25
227	5	2191	27
228	5	417	24
228	5	887	25
228	5	1148	27
228	5	1408	28
228	5	1722	29
229	5	417	24
229	5	1200	25
229	5	1513	27
229	5	1774	28
229	5	2035	29
230	5	417	24
230	5	782	25
230	5	1930	27
230	5	2191	28
231	5	417	24
231	5	782	25
231	5	1878	27
231	5	2139	28
232	5	417	24
232	5	887	25
232	5	1200	27
232	5	1461	28
232	5	1722	29
233	5	1095	24
233	5	1617	25
233	5	1878	27
233	5	2139	28
234	5	2243	24
235	5	834	24
235	5	2035	25
236	5	417	24
236	5	1982	25
236	5	2243	27
237	5	417	24
238	5	417	24
239	5	417	24
239	5	1826	25
240	5	417	24
240	5	887	25
240	5	1200	27
240	5	1461	28
240	5	1722	29
240	5	2243	30
241	5	417	24
241	5	1200	25
241	5	1461	27
241	5	1722	28
241	5	2035	29
242	5	417	24
242	5	1095	25
242	5	1408	27
242	5	1669	28
242	5	1982	29
243	5	417	24
243	5	782	25
243	5	1043	27
243	5	1304	28
243	5	1565	29
243	5	2139	30
244	5	417	24
244	5	782	25
244	5	1252	27
244	5	1513	28
244	5	1774	29
245	5	417	24
245	5	1669	25
245	5	1982	27
245	5	2243	28
246	5	1095	24
247	5	417	24
248	5	417	24
248	5	782	25
248	5	1304	27
248	5	1565	28
248	5	1826	29
249	5	417	24
249	5	782	25
249	5	1774	27
249	5	2035	28
250	5	417	24
250	5	782	25
250	5	1095	27
250	5	1356	28
250	5	1617	29
250	5	2191	30
251	5	417	24
251	5	1095	25
251	5	1669	27
251	5	1930	28
251	5	2191	29
252	5	417	24
253	5	417	24
253	5	1826	25
253	5	2087	27
254	5	1304	24
255	5	417	24
255	5	1565	25
256	5	417	24
256	5	1252	25
256	5	1513	27
256	5	1774	28
256	5	2035	29
257	5	417	24
257	5	1513	25
257	5	1878	27
257	5	2139	28
258	5	417	24
258	5	782	25
258	5	1304	27
258	5	1565	28
258	5	1826	29
259	5	417	24
259	5	834	25
259	5	1669	27
259	5	1930	28
259	5	2191	29
260	5	417	24
260	5	887	25
260	5	1774	27
260	5	2035	28
261	5	417	24
262	5	417	24
262	5	1252	25
262	5	1513	27
262	5	1774	28
262	5	2035	29
263	5	417	24
264	5	417	24
264	5	991	25
264	5	1826	27
264	5	2087	28
265	5	417	24
265	5	991	25
265	5	2295	27
266	5	417	24
266	5	1095	25
266	5	1617	27
266	5	1878	28
266	5	2139	29
267	5	417	24
267	5	834	25
267	5	1982	27
267	5	2243	28
268	5	417	24
268	5	1356	25
268	5	1617	27
268	5	1878	28
268	5	2139	29
269	5	417	24
269	5	939	25
269	5	1252	27
269	5	1513	28
269	5	1774	29
270	5	417	24
270	5	1878	25
271	5	417	24
271	5	1095	25
271	5	1408	27
271	5	1669	28
271	5	1982	29
272	5	417	24
272	5	887	25
272	5	1148	27
272	5	1408	28
272	5	1722	29
272	5	1982	30
273	5	417	24
274	5	417	24
274	5	1669	25
275	5	469	24
276	5	417	24
277	5	417	24
277	5	2035	25
278	5	1043	24
278	5	2243	25
279	5	417	24
279	5	1722	25
280	5	417	24
280	5	1826	25
280	5	2087	27
281	5	2139	24
282	5	521	24
282	5	2191	25
283	5	469	24
283	5	1513	25
283	5	1774	27
283	5	2035	28
284	5	417	24
284	5	782	25
284	5	1043	27
284	5	1304	28
284	5	1565	29
284	5	2087	30
285	5	417	24
285	5	1408	25
285	5	1669	27
285	5	1930	28
285	5	2191	29
286	5	417	24
286	5	887	25
286	5	1200	27
286	5	1461	28
286	5	1722	29
286	5	2191	30
287	5	417	24
287	5	1669	25
288	5	417	24
288	5	939	25
288	5	1774	27
288	5	2035	28
289	5	417	24
290	5	417	24
291	5	417	24
291	5	2087	25
292	5	521	24
292	5	1982	25
292	5	2243	27
293	5	417	24
293	5	782	25
293	5	1043	27
293	5	1304	28
293	5	1565	29
293	5	2139	30
294	5	417	24
294	5	887	25
294	5	2295	27
295	5	417	24
295	5	1669	25
295	5	2035	27
295	5	2295	28
296	5	417	24
296	5	887	25
296	5	1356	27
296	5	1617	28
296	5	1878	29
297	5	417	24
298	5	417	24
298	5	1304	25
298	5	1722	27
298	5	1982	28
298	5	2295	29
299	5	417	24
299	5	834	25
300	5	417	24
300	5	1982	25
300	5	2243	27
301	5	417	24
301	5	782	25
301	5	1200	27
301	5	1461	28
301	5	1722	29
302	5	417	24
302	5	1043	25
302	5	1513	27
302	5	1774	28
302	5	2035	29
303	5	417	24
303	5	782	25
303	5	1043	27
303	5	1304	28
303	5	1565	29
303	5	2087	30
304	5	417	24
304	5	834	25
304	5	1513	27
304	5	1774	28
304	5	2035	29
305	5	1930	24
306	5	417	24
306	5	782	25
306	5	1095	27
306	5	1356	28
306	5	1617	29
307	5	417	24
307	5	2035	25
308	5	417	24
308	5	1617	25
309	5	417	24
309	5	782	25
309	5	1043	27
309	5	1304	28
309	5	1565	29
309	5	2035	30
310	5	417	24
310	5	991	25
310	5	1252	27
310	5	1513	28
310	5	1774	29
310	5	2139	30
311	5	417	24
311	5	2295	25
312	5	417	24
312	5	1722	25
312	5	2035	27
312	5	2295	28
313	5	417	24
314	5	417	24
314	5	1930	25
315	5	417	24
315	5	1148	25
315	5	1461	27
315	5	1722	28
315	5	2035	29
316	5	1461	24
317	5	1043	24
317	5	1617	25
318	5	469	24
319	5	417	24
320	5	1043	24
320	5	1617	25
321	5	417	24
321	5	834	25
322	5	417	24
322	5	939	25
322	5	1878	27
322	5	2139	28
323	5	1252	24
323	5	2295	25
324	5	1095	24
324	5	1722	25
325	5	417	24
325	5	1722	25
325	5	2243	27
326	5	417	24
326	5	782	25
326	5	1774	27
326	5	2035	28
327	5	417	24
327	5	1408	25
327	5	1669	27
327	5	1930	28
327	5	2191	29
328	5	417	24
328	5	1878	25
328	5	2295	27
329	5	469	24
329	5	2139	25
330	5	417	24
330	5	1200	25
330	5	1461	27
330	5	1722	28
330	5	2035	29
331	5	417	24
331	5	834	25
331	5	1826	27
331	5	2087	28
332	5	417	24
332	5	1095	25
332	5	1356	27
332	5	1617	28
332	5	1878	29
333	5	417	24
333	5	782	25
333	5	1304	27
333	5	1565	28
333	5	1826	29
334	5	417	24
334	5	1722	25
335	5	417	24
335	5	782	25
335	5	1148	27
335	5	1408	28
335	5	1722	29
336	5	417	24
336	5	939	25
336	5	1565	27
336	5	1826	28
336	5	2087	29
337	5	417	24
337	5	1826	25
337	5	2295	27
338	5	417	24
338	5	2191	25
339	5	417	24
339	5	887	25
339	5	1878	27
339	5	2139	28
340	5	417	24
340	5	1461	25
340	5	1722	27
340	5	1982	28
340	5	2295	29
341	5	417	24
341	5	1461	25
341	5	1722	27
341	5	1982	28
341	5	2295	29
342	5	417	24
342	5	834	25
342	5	1095	27
342	5	1356	28
342	5	1617	29
343	5	417	24
343	5	782	25
343	5	1043	27
343	5	1304	28
343	5	1565	29
344	5	521	24
345	5	417	24
345	5	1095	25
345	5	1356	27
345	5	1617	28
345	5	1878	29
346	5	417	24
346	5	1043	25
346	5	1304	27
346	5	1565	28
346	5	1826	29
346	5	2191	30
347	5	417	24
347	5	1200	25
347	5	1722	27
347	5	1982	28
347	5	2295	29
348	5	417	24
348	5	939	25
348	5	1356	27
348	5	1617	28
348	5	1878	29
349	5	417	24
349	5	887	25
349	5	1148	27
349	5	1408	28
349	5	1722	29
350	5	469	24
351	5	417	24
351	5	1982	25
352	5	417	24
352	5	1148	25
352	5	1461	27
352	5	1722	28
352	5	2035	29
353	5	417	24
353	5	887	25
353	5	1565	27
353	5	1826	28
353	5	2087	29
354	5	417	24
354	5	782	25
354	5	1043	27
354	5	1304	28
354	5	1565	29
355	5	417	24
355	5	939	25
356	5	417	24
356	5	1408	25
356	5	1826	27
356	5	2087	28
357	5	417	24
357	5	1095	25
357	5	2087	27
358	5	417	24
358	5	1408	25
358	5	1722	27
358	5	1982	28
358	5	2295	29
359	5	1878	24
360	5	417	24
360	5	1930	25
360	5	2243	27
361	5	417	24
361	5	1043	25
361	5	1565	27
361	5	1826	28
361	5	2087	29
362	5	417	24
363	5	2035	24
364	5	417	24
364	5	834	25
364	5	2087	27
365	5	417	24
366	5	417	24
366	5	1252	25
366	5	1617	27
366	5	1878	28
366	5	2139	29
367	5	417	24
367	5	991	25
367	5	1982	27
367	5	2243	28
368	5	417	24
368	5	782	25
368	5	1043	27
368	5	1304	28
368	5	1565	29
368	5	2087	30
369	5	417	24
369	5	991	25
369	5	1252	27
369	5	1513	28
369	5	1774	29
370	5	417	24
371	5	417	24
371	5	887	25
371	5	1617	27
371	5	1878	28
371	5	2139	29
372	5	417	24
372	5	1356	25
372	5	1878	27
372	5	2139	28
373	5	417	24
374	5	1095	24
374	5	1930	25
374	5	2191	27
375	5	1043	24
375	5	1669	25
376	5	417	24
376	5	1356	25
376	5	2139	27
377	5	1043	24
377	5	1669	25
377	5	2035	27
377	5	2295	28
378	5	417	24
378	5	1513	25
378	5	2243	27
379	5	417	24
379	5	1200	25
379	5	1513	27
379	5	1774	28
379	5	2035	29
380	5	417	24
380	5	1930	25
381	5	417	24
381	5	1617	25
381	5	2087	27
382	5	417	24
382	5	887	25
382	5	1930	27
382	5	2191	28
383	5	417	24
384	5	417	24
384	5	991	25
384	5	1565	27
384	5	1826	28
384	5	2087	29
385	5	417	24
385	5	1461	25
386	5	417	24
386	5	1461	25
387	5	417	24
387	5	991	25
387	5	1252	27
387	5	1513	28
387	5	1774	29
388	5	1408	24
389	5	417	24
389	5	834	25
390	5	417	24
390	5	782	25
390	5	1095	27
390	5	1356	28
390	5	1617	29
391	5	417	24
391	5	939	25
391	5	1356	27
391	5	1617	28
391	5	1878	29
392	5	417	24
392	5	1930	25
392	5	2191	27
393	5	417	24
393	5	782	25
393	5	1148	27
393	5	1408	28
393	5	1722	29
394	5	417	24
394	5	1356	25
394	5	2139	27
395	5	417	24
396	5	417	24
396	5	782	25
396	5	1043	27
396	5	1304	28
396	5	1565	29
397	5	417	24
397	5	1513	25
397	5	1774	27
397	5	2035	28
398	5	417	24
399	5	417	24
399	5	782	25
399	5	1252	27
399	5	1513	28
399	5	1774	29
400	5	417	24
400	5	1043	25
400	5	1878	27
400	5	2139	28
401	5	1826	24
402	5	417	24
402	5	1095	25
402	5	1461	27
402	5	1722	28
402	5	2035	29
403	5	417	24
404	5	417	24
404	5	1565	25
404	5	2035	27
404	5	2295	28
405	5	417	24
405	5	1722	25
405	5	1982	27
405	5	2243	28
406	5	417	24
406	5	991	25
406	5	1356	27
406	5	1617	28
406	5	1878	29
407	5	417	24
407	5	1461	25
407	5	1722	27
407	5	1982	28
407	5	2295	29
408	5	2139	24
409	5	417	24
409	5	2295	25
410	5	417	24
410	5	1878	25
410	5	2139	27
411	5	417	24
411	5	834	25
411	5	1095	27
411	5	1356	28
411	5	1617	29
412	5	417	24
412	5	834	25
412	5	1095	27
412	5	1356	28
412	5	1617	29
412	5	1930	30
413	5	417	24
413	5	782	25
413	5	1043	27
413	5	1304	28
413	5	1565	29
413	5	2139	30
414	5	417	24
414	5	1095	25
414	5	1408	27
414	5	1669	28
414	5	1982	29
415	5	417	24
415	5	939	25
415	5	1408	27
415	5	1669	28
415	5	1982	29
416	5	417	24
416	5	2035	25
417	5	417	24
417	5	991	25
417	5	1774	27
417	5	2035	28
418	5	417	24
418	5	1043	25
418	5	1304	27
418	5	1565	28
418	5	1826	29
419	5	417	24
419	5	991	25
419	5	1304	27
419	5	1565	28
419	5	1826	29
420	5	417	24
420	5	1408	25
420	5	1722	27
420	5	1982	28
420	5	2295	29
421	5	469	24
421	5	2295	25
422	5	417	24
422	5	2087	25
423	5	417	24
423	5	1356	25
423	5	1617	27
423	5	1878	28
423	5	2139	29
424	5	417	24
424	5	887	25
424	5	1148	27
424	5	1408	28
424	5	1722	29
424	5	2035	30
425	5	417	24
425	5	1408	25
425	5	1982	27
425	5	2243	28
426	5	417	24
426	5	1356	25
426	5	1617	27
426	5	1878	28
426	5	2139	29
427	5	1565	24
428	5	417	24
428	5	887	25
429	5	417	24
429	5	1095	25
429	5	1408	27
429	5	1669	28
429	5	1982	29
430	5	417	24
430	5	939	25
430	5	1565	27
430	5	1826	28
430	5	2087	29
431	5	417	24
431	5	782	25
431	5	1043	27
431	5	1304	28
431	5	1565	29
432	5	417	24
432	5	939	25
432	5	1252	27
432	5	1513	28
432	5	1774	29
433	5	417	24
433	5	1200	25
433	5	1617	27
433	5	1878	28
433	5	2139	29
434	5	417	24
434	5	887	25
434	5	1148	27
434	5	1408	28
434	5	1722	29
434	5	2087	30
435	5	417	24
435	5	834	25
435	5	1148	27
435	5	1408	28
435	5	1722	29
436	5	417	24
436	5	834	25
436	5	1095	27
436	5	1356	28
436	5	1617	29
437	5	417	24
437	5	834	25
437	5	1826	27
437	5	2087	28
438	5	417	24
438	5	1148	25
438	5	1461	27
438	5	1722	28
438	5	2035	29
439	5	417	24
439	5	1878	25
440	5	417	24
440	5	1408	25
440	5	2035	27
440	5	2295	28
441	5	521	24
442	5	417	24
442	5	1304	25
442	5	1774	27
442	5	2035	28
443	5	417	24
444	5	626	24
445	5	417	24
445	5	834	25
445	5	1461	27
445	5	1722	28
445	5	2035	29
446	5	417	24
446	5	1878	25
446	5	2191	27
447	5	574	24
447	5	2087	25
448	5	417	24
449	5	1461	24
450	5	1878	24
451	5	417	24
451	5	1200	25
451	5	1461	27
451	5	1722	28
451	5	2035	29
451	5	2295	30
452	5	417	24
452	5	991	25
452	5	2087	27
453	5	417	24
453	5	834	25
453	5	1095	27
453	5	1356	28
453	5	1617	29
454	5	417	24
454	5	2191	25
455	5	417	24
455	5	1461	25
455	5	1722	27
455	5	1982	28
455	5	2295	29
456	5	1043	24
456	5	1617	25
456	5	2139	27
457	5	417	24
457	5	1356	25
458	5	417	24
459	5	417	24
459	5	2295	25
460	5	417	24
460	5	887	25
460	5	1930	27
460	5	2191	28
461	5	417	24
461	5	887	25
461	5	1252	27
461	5	1513	28
461	5	1774	29
462	5	417	24
462	5	1200	25
462	5	1826	27
462	5	2087	28
463	5	417	24
463	5	1043	25
463	5	1304	27
463	5	1565	28
463	5	1826	29
464	5	417	24
464	5	1356	25
464	5	1669	27
464	5	1930	28
464	5	2191	29
465	5	417	24
465	5	887	25
465	5	1826	27
465	5	2087	28
466	5	417	24
466	5	834	25
466	5	1200	27
466	5	1461	28
466	5	1722	29
467	5	417	24
467	5	834	25
467	5	1774	27
467	5	2035	28
468	5	417	24
468	5	834	25
468	5	1826	27
468	5	2087	28
469	5	417	24
469	5	730	25
469	5	991	27
469	5	1252	28
469	5	1513	29
470	5	417	24
470	5	2295	25
471	5	417	24
471	5	1826	25
471	5	2139	27
472	5	417	24
472	5	887	25
472	5	1669	27
472	5	1930	28
472	5	2191	29
473	5	417	24
473	5	1252	25
473	5	1669	27
473	5	1930	28
473	5	2191	29
474	5	417	24
474	5	887	25
474	5	1148	27
474	5	1408	28
474	5	1722	29
475	5	417	24
475	5	1878	25
475	5	2191	27
476	5	417	24
477	5	417	24
478	5	417	24
478	5	1617	25
480	5	417	24
480	5	1722	25
481	5	417	24
481	5	1043	25
481	5	1304	27
481	5	1565	28
481	5	1826	29
481	5	2295	30
482	5	417	24
482	5	1356	25
482	5	2191	27
483	5	1095	24
484	5	1513	24
485	5	417	24
485	5	1826	25
485	5	2243	27
486	5	1043	24
486	5	1617	25
486	5	1930	27
486	5	2191	28
487	5	417	24
487	5	834	25
487	5	1826	27
487	5	2087	28
488	5	1043	24
488	5	1617	25
489	5	417	24
489	5	782	25
489	5	1043	27
489	5	1304	28
489	5	1565	29
490	5	417	24
490	5	1200	25
490	5	1461	27
490	5	1722	28
490	5	2035	29
491	5	417	24
491	5	1304	25
491	5	1826	27
491	5	2087	28
492	5	417	24
492	5	1356	25
492	5	1617	27
492	5	1878	28
492	5	2139	29
493	5	417	24
494	5	417	24
494	5	939	25
495	5	417	24
495	5	1252	25
495	5	1513	27
495	5	1774	28
495	5	2035	29
496	5	417	24
496	5	1148	25
496	5	1461	27
496	5	1722	28
496	5	2035	29
497	5	417	24
497	5	887	25
498	5	417	24
498	5	1200	25
498	5	1930	27
498	5	2191	28
499	5	417	24
499	5	1826	25
500	5	417	24
500	5	834	25
500	5	1095	27
500	5	1356	28
500	5	1617	29
501	5	417	24
501	5	1826	25
501	5	2139	27
502	5	417	24
502	5	1356	25
502	5	1722	27
502	5	1982	28
502	5	2295	29
503	5	417	24
503	5	782	25
503	5	1043	27
503	5	1304	28
503	5	1565	29
503	5	1878	30
504	5	417	24
505	5	417	24
505	5	1826	25
505	5	2243	27
506	5	417	24
506	5	1565	25
507	5	1148	24
508	5	417	24
508	5	834	25
508	5	1148	27
508	5	1408	28
508	5	1722	29
508	5	2087	30
509	5	2035	24
510	5	1252	24
511	5	417	24
512	5	417	24
512	5	1304	25
512	5	1565	27
512	5	1826	28
512	5	2087	29
513	5	417	24
513	5	1356	25
513	5	1669	27
513	5	1930	28
513	5	2191	29
514	5	417	24
514	5	991	25
514	5	1565	27
514	5	1826	28
514	5	2087	29
515	5	417	24
515	5	782	25
515	5	1095	27
515	5	1356	28
515	5	1617	29
516	5	417	24
516	5	1826	25
516	5	2087	27
517	5	1043	24
517	5	1669	25
517	5	1982	27
517	5	2243	28
518	5	417	24
518	5	1408	25
518	5	1722	27
518	5	1982	28
518	5	2295	29
519	5	417	24
519	5	991	25
519	5	1304	27
519	5	1565	28
519	5	1826	29
520	5	417	24
520	5	1826	25
520	5	2087	27
521	5	417	24
521	5	834	25
521	5	1095	27
521	5	1356	28
521	5	1617	29
522	5	417	24
522	5	1200	25
522	5	1461	27
522	5	1722	28
522	5	2035	29
523	5	417	24
523	5	887	25
523	5	1408	27
523	5	1669	28
523	5	1982	29
524	5	417	24
525	5	417	24
525	5	1043	25
525	5	1304	27
525	5	1565	28
525	5	1826	29
526	5	417	24
526	5	2295	25
527	5	417	24
527	5	782	25
527	5	1930	27
527	5	2191	28
528	5	417	24
528	5	782	25
528	5	1200	27
528	5	1461	28
528	5	1722	29
529	5	417	24
529	5	834	25
529	5	1095	27
529	5	1356	28
529	5	1617	29
529	5	1982	30
530	5	1043	24
530	5	1617	25
530	5	1878	27
530	5	2139	28
531	5	417	24
531	5	1356	25
531	5	1617	27
531	5	1878	28
531	5	2139	29
532	5	417	24
532	5	1408	25
533	5	574	24
534	5	417	24
534	5	782	25
534	5	1043	27
534	5	1304	28
534	5	1565	29
535	5	521	24
536	5	417	24
536	5	1930	25
536	5	2243	27
537	5	417	24
537	5	1148	25
537	5	1513	27
537	5	1774	28
537	5	2035	29
538	5	417	24
538	5	782	25
538	5	1200	27
538	5	1461	28
538	5	1722	29
539	5	417	24
539	5	782	25
539	5	1930	27
539	5	2191	28
540	5	417	24
541	5	417	24
541	5	939	25
541	5	1826	27
541	5	2087	28
542	5	417	24
542	5	1513	25
543	5	417	24
543	5	1408	25
543	5	1669	27
543	5	1930	28
543	5	2191	29
544	5	417	24
544	5	1043	25
544	5	1304	27
544	5	1565	28
544	5	1826	29
544	5	2139	30
545	5	417	24
546	5	469	24
546	5	1513	25
547	5	417	24
547	5	1095	25
547	5	1356	27
547	5	1617	28
547	5	1878	29
547	5	2243	30
548	5	417	24
549	5	1095	24
549	5	1617	25
550	5	417	24
550	5	834	25
550	5	1095	27
550	5	1356	28
550	5	1617	29
550	5	2035	30
551	5	417	24
551	5	887	25
551	5	1148	27
551	5	1408	28
551	5	1722	29
552	5	1043	24
552	5	2035	25
553	5	417	24
553	5	1356	25
553	5	1774	27
553	5	2035	28
554	5	417	24
554	5	782	25
554	5	1043	27
554	5	1304	28
554	5	1565	29
555	5	417	24
555	5	834	25
555	5	1095	27
555	5	1356	28
555	5	1617	29
555	5	1930	30
556	5	417	24
556	5	1252	25
556	5	1513	27
556	5	1774	28
556	5	2035	29
557	5	417	24
558	5	417	24
558	5	887	25
558	5	1982	27
558	5	2243	28
559	5	417	24
559	5	1356	25
559	5	1669	27
559	5	1930	28
559	5	2191	29
560	5	521	24
561	5	417	24
561	5	1774	25
562	5	417	24
562	5	1356	25
562	5	1617	27
562	5	1878	28
562	5	2139	29
563	5	417	24
563	5	1148	25
563	5	1408	27
563	5	1669	28
563	5	1982	29
564	5	521	24
564	5	1878	25
564	5	2191	27
565	5	417	24
565	5	887	25
565	5	1148	27
565	5	1408	28
565	5	1722	29
565	5	2035	30
566	5	417	24
566	5	939	25
566	5	1878	27
566	5	2139	28
567	5	417	24
567	5	1461	25
568	5	417	24
568	5	834	25
568	5	1148	27
568	5	1408	28
568	5	1722	29
569	5	417	24
569	5	1356	25
569	5	1669	27
569	5	1930	28
569	5	2191	29
570	5	1095	24
570	5	1617	25
571	5	417	24
571	5	834	25
571	5	1408	27
571	5	1669	28
571	5	1982	29
572	5	574	24
572	5	2191	25
573	5	417	24
574	5	417	24
575	5	417	24
575	5	782	25
575	5	1043	27
575	5	1304	28
575	5	1565	29
575	5	2243	30
576	5	417	24
576	5	1513	25
576	5	2035	27
576	5	2295	28
577	5	417	24
577	5	834	25
577	5	1200	27
577	5	1461	28
577	5	1722	29
578	5	417	24
578	5	1722	25
578	5	2139	27
579	5	417	24
580	5	417	24
581	5	417	24
581	5	1408	25
581	5	1669	27
581	5	1930	28
581	5	2191	29
582	5	417	24
582	5	1408	25
582	5	1878	27
582	5	2139	28
583	5	417	24
583	5	782	25
583	5	1043	27
583	5	1304	28
583	5	1565	29
584	5	417	24
584	5	887	25
584	5	1930	27
584	5	2191	28
585	5	417	24
585	5	782	25
585	5	1043	27
585	5	1304	28
585	5	1565	29
585	5	2139	30
586	5	417	24
586	5	1148	25
586	5	1408	27
586	5	1669	28
586	5	1982	29
587	5	417	24
587	5	782	25
587	5	1043	27
587	5	1304	28
587	5	1565	29
588	5	417	24
588	5	1043	25
588	5	1513	27
588	5	1774	28
588	5	2035	29
589	5	417	24
589	5	1043	25
589	5	1356	27
589	5	1617	28
589	5	1878	29
590	5	417	24
590	5	939	25
590	5	1356	27
590	5	1617	28
590	5	1878	29
591	5	626	24
591	5	2087	25
592	5	2035	24
593	5	417	24
593	5	1982	25
594	5	417	24
594	5	1565	25
594	5	1982	27
594	5	2243	28
595	5	417	24
595	5	887	25
595	5	1148	27
595	5	1408	28
595	5	1722	29
595	5	2139	30
596	5	417	24
596	5	1200	25
596	5	1513	27
596	5	1774	28
596	5	2035	29
597	5	417	24
597	5	1930	25
598	5	417	24
598	5	782	25
598	5	1252	27
598	5	1513	28
598	5	1774	29
599	5	417	24
599	5	782	25
599	5	1304	27
599	5	1565	28
599	5	1826	29
600	5	417	24
600	5	2139	25
601	5	417	24
601	5	991	25
602	5	417	24
603	5	417	24
604	5	417	24
604	5	1304	25
604	5	1669	27
604	5	1930	28
604	5	2191	29
605	5	417	24
605	5	1513	25
605	5	2243	27
606	5	417	24
606	5	1200	25
606	5	1461	27
606	5	1722	28
606	5	2035	29
607	5	417	24
607	5	887	25
607	5	1252	27
607	5	1513	28
607	5	1774	29
608	5	417	24
608	5	939	25
608	5	1408	27
608	5	1669	28
608	5	1982	29
609	5	417	24
610	5	1930	24
611	5	417	24
611	5	1356	25
611	5	1878	27
611	5	2139	28
612	5	417	24
612	5	1461	25
612	5	1722	27
612	5	1982	28
612	5	2295	29
613	5	417	24
614	5	417	24
614	5	1513	25
615	5	417	24
615	5	1461	25
616	5	417	24
616	5	1408	25
616	5	1722	27
616	5	1982	28
616	5	2295	29
617	5	417	24
618	5	417	24
619	5	417	24
619	5	1878	25
620	5	417	24
620	5	887	25
620	5	2191	27
621	5	417	24
621	5	1304	25
621	5	1565	27
621	5	1826	28
621	5	2087	29
622	5	417	24
622	5	782	25
623	5	417	24
623	5	1826	25
624	5	417	24
624	5	939	25
625	5	417	24
625	5	1408	25
625	5	1669	27
625	5	1930	28
625	5	2191	29
626	5	417	24
626	5	991	25
626	5	1356	27
626	5	1617	28
626	5	1878	29
627	5	417	24
627	5	1095	25
627	5	1461	27
627	5	1722	28
627	5	2035	29
628	5	417	24
628	5	1200	25
628	5	1617	27
628	5	1878	28
628	5	2139	29
629	5	417	24
629	5	1878	25
629	5	2243	27
630	5	417	24
630	5	1408	25
630	5	1878	27
630	5	2139	28
631	5	417	24
631	5	1148	25
631	5	1461	27
631	5	1722	28
631	5	2035	29
632	5	417	24
632	5	782	25
632	5	1043	27
632	5	1304	28
632	5	1565	29
633	5	1095	24
633	5	2243	25
634	5	469	24
634	5	1513	25
635	5	1095	24
635	5	1774	25
636	5	417	24
637	5	417	24
638	5	417	24
638	5	2243	25
639	5	417	24
639	5	939	25
639	5	1200	27
639	5	1461	28
639	5	1722	29
640	5	417	24
640	5	2243	25
641	5	417	24
642	5	417	24
642	5	1565	25
643	5	1878	24
644	5	417	24
644	5	991	25
645	5	417	24
645	5	1252	25
645	5	1513	27
645	5	1774	28
645	5	2035	29
646	5	417	24
646	5	887	25
646	5	1200	27
646	5	1461	28
646	5	1722	29
647	5	417	24
648	5	417	24
648	5	1304	25
648	5	1669	27
648	5	1930	28
648	5	2191	29
649	5	417	24
649	5	991	25
649	5	1408	27
649	5	1669	28
649	5	1982	29
650	5	1043	24
650	5	1982	25
650	5	2243	27
651	5	417	24
651	5	1878	25
652	5	417	24
652	5	1148	25
652	5	1565	27
652	5	1826	28
652	5	2087	29
653	5	417	24
653	5	1148	25
653	5	1565	27
653	5	1826	28
653	5	2087	29
654	5	417	24
654	5	1878	25
655	5	417	24
655	5	1304	25
655	5	1722	27
655	5	1982	28
655	5	2295	29
656	5	417	24
656	5	1200	25
656	5	1617	27
656	5	1878	28
656	5	2139	29
657	5	417	24
657	5	991	25
658	5	417	24
658	5	991	25
658	5	1304	27
658	5	1565	28
658	5	1826	29
659	5	417	24
659	5	1461	25
659	5	1722	27
659	5	1982	28
659	5	2295	29
660	5	417	24
660	5	2191	25
661	5	417	24
661	5	887	25
661	5	1356	27
661	5	1617	28
661	5	1878	29
662	5	417	24
662	5	1200	25
662	5	1513	27
662	5	1774	28
662	5	2035	29
663	5	417	24
663	5	1565	25
664	5	417	24
664	5	939	25
664	5	1252	27
664	5	1513	28
664	5	1774	29
664	5	2243	30
665	5	417	24
665	5	887	25
665	5	1356	27
665	5	1617	28
665	5	1878	29
666	5	417	24
666	5	834	25
666	5	1774	27
666	5	2035	28
667	5	417	24
667	5	887	25
668	5	417	24
668	5	1513	25
668	5	1826	27
668	5	2087	28
669	5	417	24
669	5	1408	25
669	5	1774	27
669	5	2035	28
670	5	417	24
670	5	1408	25
670	5	1774	27
670	5	2035	28
671	5	417	24
672	5	417	24
672	5	1722	25
672	5	2139	27
673	5	417	24
673	5	1461	25
673	5	2087	27
674	5	417	24
674	5	1252	25
674	5	1513	27
674	5	1774	28
674	5	2035	29
675	5	417	24
675	5	1356	25
675	5	1617	27
675	5	1878	28
675	5	2139	29
676	5	417	24
676	5	834	25
676	5	1148	27
676	5	1408	28
676	5	1722	29
677	5	417	24
677	5	1252	25
677	5	1513	27
677	5	1774	28
677	5	2035	29
678	5	417	24
678	5	991	25
678	5	1669	27
678	5	1930	28
678	5	2191	29
679	5	417	24
680	5	417	24
680	5	1304	25
680	5	1565	27
680	5	1826	28
680	5	2087	29
681	5	417	24
681	5	2243	25
682	5	417	24
682	5	1200	25
682	5	1878	27
682	5	2139	28
683	5	417	24
683	5	1774	25
684	5	417	24
684	5	1304	25
684	5	1565	27
684	5	1826	28
684	5	2087	29
685	5	417	24
685	5	1878	25
685	5	2243	27
686	5	417	24
686	5	991	25
687	5	1043	24
687	5	2191	25
688	5	417	24
688	5	1669	25
688	5	2139	27
689	5	417	24
689	5	1565	25
689	5	2191	27
690	5	417	24
690	5	2191	25
691	5	417	24
691	5	991	25
691	5	1252	27
691	5	1513	28
691	5	1774	29
691	5	2191	30
692	5	417	24
692	5	1095	25
692	5	1356	27
692	5	1617	28
692	5	1878	29
693	5	417	24
693	5	1148	25
693	5	1408	27
693	5	1669	28
693	5	1982	29
694	5	417	24
694	5	1095	25
694	5	1513	27
694	5	1774	28
694	5	2035	29
695	5	417	24
695	5	782	25
695	5	1774	27
695	5	2035	28
696	5	417	24
696	5	1722	25
697	5	417	24
697	5	939	25
697	5	1356	27
697	5	1617	28
697	5	1878	29
698	5	1043	24
698	5	1930	25
698	5	2243	27
699	5	417	24
699	5	1252	25
699	5	1617	27
699	5	1878	28
699	5	2139	29
700	5	417	24
700	5	2139	25
701	5	417	24
701	5	1304	25
701	5	1565	27
701	5	1826	28
701	5	2087	29
702	5	417	24
702	5	2139	25
703	5	417	24
703	5	887	25
703	5	1304	27
703	5	1565	28
703	5	1826	29
704	5	1095	24
705	5	417	24
705	5	1513	25
705	5	1878	27
705	5	2139	28
706	5	417	24
706	5	834	25
706	5	1774	27
706	5	2035	28
707	5	417	24
707	5	991	25
707	5	1930	27
707	5	2191	28
708	5	417	24
708	5	1408	25
708	5	1669	27
708	5	1930	28
708	5	2191	29
709	5	417	24
709	5	1043	25
709	5	1356	27
709	5	1617	28
709	5	1878	29
710	5	417	24
710	5	991	25
710	5	1252	27
710	5	1513	28
710	5	1774	29
711	5	417	24
711	5	1461	25
711	5	1722	27
711	5	1982	28
711	5	2295	29
712	5	417	24
712	5	1356	25
713	5	417	24
714	5	417	24
714	5	834	25
714	5	1408	27
714	5	1669	28
714	5	1982	29
715	5	417	24
715	5	1408	25
715	5	1930	27
715	5	2191	28
716	5	417	24
716	5	782	25
716	5	1043	27
716	5	1304	28
716	5	1565	29
717	5	417	24
717	5	1356	25
717	5	1617	27
717	5	1878	28
717	5	2139	29
718	5	417	24
718	5	887	25
718	5	1252	27
718	5	1513	28
718	5	1774	29
719	5	417	24
720	5	417	24
721	5	417	24
721	5	1252	25
721	5	1565	27
721	5	1826	28
721	5	2087	29
722	5	417	24
722	5	782	25
722	5	1043	27
722	5	1304	28
722	5	1565	29
723	5	417	24
723	5	1878	25
724	5	417	24
724	5	2139	25
725	5	417	24
725	5	1043	25
725	5	1356	27
725	5	1617	28
725	5	1878	29
726	5	417	24
726	5	1148	25
726	5	1408	27
726	5	1669	28
726	5	1982	29
727	5	417	24
728	5	1200	24
728	5	2191	25
729	5	417	24
729	5	991	25
729	5	2191	27
730	5	417	24
730	5	1304	25
730	5	1722	27
730	5	1982	28
730	5	2295	29
731	5	417	24
731	5	782	25
731	5	1826	27
731	5	2087	28
732	5	417	24
732	5	1408	25
732	5	2191	27
733	5	417	24
733	5	939	25
733	5	1304	27
733	5	1565	28
733	5	1826	29
734	5	417	24
734	5	834	25
734	5	1304	27
734	5	1565	28
734	5	1826	29
735	5	1513	24
736	5	417	24
736	5	1565	25
737	5	417	24
737	5	991	25
737	5	1356	27
737	5	1617	28
737	5	1878	29
737	5	2295	30
738	5	417	24
738	5	1043	25
738	5	1304	27
738	5	1565	28
738	5	1826	29
738	5	2139	30
739	5	417	24
739	5	1461	25
739	5	1722	27
739	5	1982	28
739	5	2295	29
740	5	417	24
741	5	417	24
741	5	1200	25
742	5	417	24
742	5	782	25
742	5	1043	27
742	5	1304	28
742	5	1565	29
742	5	2139	30
743	5	417	24
743	5	834	25
743	5	1565	27
743	5	1826	28
743	5	2087	29
744	5	417	24
744	5	1461	25
744	5	1722	27
744	5	1982	28
744	5	2295	29
745	5	417	24
745	5	2087	25
746	5	1043	24
746	5	1669	25
747	5	417	24
747	5	1408	25
748	5	1095	24
749	5	417	24
750	5	417	24
750	5	1878	25
750	5	2191	27
751	5	417	24
752	5	417	24
752	5	1304	25
752	5	1565	27
752	5	1826	28
752	5	2087	29
753	5	417	24
753	5	834	25
753	5	1200	27
753	5	1461	28
753	5	1722	29
753	5	2191	30
754	5	417	24
754	5	887	25
754	5	1252	27
754	5	1513	28
754	5	1774	29
755	5	417	24
755	5	834	25
755	5	1617	27
755	5	1878	28
755	5	2139	29
756	5	417	24
756	5	887	25
756	5	1148	27
756	5	1408	28
756	5	1722	29
756	5	2243	30
757	5	417	24
757	5	2035	25
757	5	2295	27
758	5	417	24
758	5	782	25
758	5	1095	27
758	5	1356	28
758	5	1617	29
759	5	417	24
760	5	417	24
760	5	1930	25
761	5	417	24
761	5	1461	25
761	5	1930	27
761	5	2191	28
762	5	417	24
762	5	1095	25
762	5	1617	27
762	5	1878	28
762	5	2139	29
763	5	417	24
763	5	1565	25
763	5	1826	27
763	5	2087	28
764	5	417	24
765	5	417	24
765	5	834	25
765	5	1774	27
765	5	2035	28
766	5	417	24
766	5	991	25
767	5	417	24
767	5	1565	25
767	5	1878	27
767	5	2139	28
768	5	1043	24
769	5	417	24
769	5	2243	25
770	5	469	24
771	5	417	24
771	5	1513	25
772	5	417	24
772	5	1982	25
773	5	1095	24
773	5	2191	25
774	5	417	24
774	5	834	25
774	5	1148	27
774	5	1408	28
774	5	1722	29
775	5	417	24
775	5	2139	25
776	5	417	24
776	5	782	25
776	5	1043	27
776	5	1304	28
776	5	1565	29
776	5	2243	30
777	5	417	24
778	5	417	24
778	5	991	25
778	5	1930	27
778	5	2191	28
779	5	417	24
780	5	417	24
780	5	1982	25
780	5	2295	27
781	5	417	24
781	5	1095	25
781	5	1408	27
781	5	1669	28
781	5	1982	29
782	5	417	24
782	5	1565	25
782	5	2139	27
783	5	469	24
783	5	2139	25
784	5	417	24
784	5	887	25
784	5	1774	27
784	5	2035	28
785	5	417	24
785	5	1930	25
785	5	2243	27
786	5	417	24
787	5	417	24
787	5	1878	25
787	5	2139	27
788	5	417	24
788	5	939	25
788	5	1565	27
788	5	1826	28
788	5	2087	29
789	5	417	24
789	5	1408	25
789	5	1669	27
789	5	1930	28
789	5	2191	29
790	5	417	24
790	5	1461	25
790	5	1930	27
790	5	2191	28
791	5	417	24
791	5	1982	25
792	5	417	24
792	5	1982	25
793	5	417	24
793	5	782	25
793	5	1304	27
793	5	1565	28
793	5	1826	29
794	5	417	24
794	5	834	25
794	5	1930	27
794	5	2191	28
795	5	417	24
795	5	2087	25
796	5	469	24
796	5	1982	25
797	5	417	24
797	5	834	25
797	5	2035	27
797	5	2295	28
798	5	417	24
798	5	1669	25
798	5	1982	27
798	5	2243	28
799	5	1669	24
800	5	417	24
800	5	1774	25
801	5	1043	24
801	5	1826	25
801	5	2087	27
802	5	417	24
802	5	1148	25
802	5	1565	27
802	5	1826	28
802	5	2087	29
803	5	417	24
803	5	1095	25
803	5	1408	27
803	5	1669	28
803	5	1982	29
804	5	417	24
804	5	1304	25
804	5	1826	27
804	5	2087	28
805	5	2035	24
806	5	417	24
806	5	1930	25
807	5	417	24
807	5	782	25
807	5	1043	27
807	5	1304	28
807	5	1565	29
808	5	417	24
809	5	1148	24
809	5	2139	25
810	5	417	24
810	5	782	25
810	5	1148	27
810	5	1408	28
810	5	1722	29
811	5	417	24
811	5	782	25
811	5	1826	27
811	5	2087	28
812	5	417	24
812	5	887	25
812	5	1252	27
812	5	1513	28
812	5	1774	29
812	5	2295	30
813	5	417	24
813	5	1356	25
814	5	417	24
815	5	417	24
815	5	834	25
816	5	417	24
816	5	1513	25
816	5	1982	27
816	5	2243	28
817	5	417	24
818	5	417	24
818	5	1200	25
818	5	1669	27
818	5	1930	28
818	5	2191	29
819	5	1043	24
819	5	1982	25
820	5	417	24
820	5	1930	25
821	5	417	24
821	5	1565	25
821	5	1982	27
821	5	2243	28
822	5	417	24
822	5	782	25
822	5	1304	27
822	5	1565	28
822	5	1826	29
823	5	417	24
823	5	782	25
823	5	1043	27
823	5	1304	28
823	5	1565	29
823	5	2087	30
824	5	417	24
824	5	1356	25
824	5	1617	27
824	5	1878	28
824	5	2139	29
825	5	417	24
825	5	1356	25
825	5	1617	27
825	5	1878	28
825	5	2139	29
826	5	417	24
826	5	1356	25
826	5	1669	27
826	5	1930	28
826	5	2191	29
827	5	417	24
827	5	2191	25
828	5	1043	24
828	5	1617	25
828	5	1982	27
828	5	2243	28
829	5	1461	24
830	5	417	24
830	5	1617	25
831	5	417	24
831	5	991	25
831	5	1252	27
831	5	1513	28
831	5	1774	29
831	5	2087	30
832	5	417	24
832	5	887	25
832	5	1148	27
832	5	1408	28
832	5	1722	29
832	5	2035	30
833	5	417	24
833	5	1617	25
834	5	417	24
834	5	939	25
834	5	1252	27
834	5	1513	28
834	5	1774	29
834	5	2139	30
835	5	417	24
835	5	1408	25
835	5	2087	27
836	5	1826	24
837	5	417	24
837	5	1826	25
837	5	2087	27
838	5	417	24
838	5	887	25
838	5	1252	27
838	5	1513	28
838	5	1774	29
838	5	2295	30
839	5	1095	24
839	5	1774	25
839	5	2087	27
840	5	417	24
840	5	782	25
840	5	1043	27
840	5	1304	28
840	5	1565	29
841	5	417	24
841	5	991	25
842	5	417	24
842	5	1304	25
842	5	1669	27
842	5	1930	28
842	5	2191	29
843	5	417	24
843	5	834	25
843	5	1095	27
843	5	1356	28
843	5	1617	29
843	5	1982	30
844	5	417	24
844	5	1930	25
845	5	417	24
845	5	1722	25
846	5	1095	24
847	5	417	24
847	5	1565	25
847	5	1826	27
847	5	2087	28
848	5	417	24
848	5	782	25
848	5	1043	27
848	5	1304	28
848	5	1565	29
849	5	417	24
850	5	417	24
850	5	939	25
850	5	1200	27
850	5	1461	28
850	5	1722	29
851	5	417	24
852	5	417	24
853	5	417	24
853	5	1930	25
853	5	2243	27
854	5	417	24
854	5	1356	25
854	5	1617	27
854	5	1878	28
854	5	2139	29
855	5	417	24
855	5	1982	25
856	5	417	24
856	5	1565	25
857	5	417	24
857	5	2035	25
858	5	417	24
858	5	1200	25
858	5	1513	27
858	5	1774	28
858	5	2035	29
859	5	417	24
860	5	1095	24
861	5	417	24
861	5	939	25
862	5	1043	24
862	5	2035	25
863	5	417	24
863	5	939	25
863	5	1252	27
863	5	1513	28
863	5	1774	29
864	5	417	24
864	5	834	25
864	5	1095	27
864	5	1356	28
864	5	1617	29
864	5	2139	30
865	5	417	24
865	5	887	25
865	5	1617	27
865	5	1878	28
865	5	2139	29
866	5	417	24
866	5	782	25
866	5	1304	27
866	5	1565	28
866	5	1826	29
867	5	417	24
867	5	1565	25
868	5	417	24
868	5	991	25
868	5	1669	27
868	5	1930	28
868	5	2191	29
869	5	417	24
869	5	1304	25
869	5	1565	27
869	5	1826	28
869	5	2087	29
870	5	417	24
870	5	1513	25
870	5	2087	27
871	5	417	24
871	5	1461	25
871	5	1774	27
871	5	2035	28
872	5	417	24
873	5	417	24
873	5	834	25
873	5	1095	27
873	5	1356	28
873	5	1617	29
874	5	417	24
875	5	417	24
875	5	1043	25
875	5	1565	27
875	5	1826	28
875	5	2087	29
876	5	417	24
876	5	887	25
877	5	417	24
877	5	782	25
877	5	1043	27
877	5	1304	28
877	5	1565	29
878	5	417	24
878	5	1617	25
878	5	2035	27
878	5	2295	28
879	5	417	24
879	5	1513	25
879	5	2139	27
880	5	417	24
880	5	782	25
880	5	1148	27
880	5	1408	28
880	5	1722	29
881	5	417	24
882	5	1043	24
882	5	1617	25
883	5	417	24
883	5	2191	25
884	5	417	24
884	5	939	25
884	5	1982	27
884	5	2243	28
885	5	417	24
885	5	834	25
885	5	1095	27
885	5	1356	28
885	5	1617	29
886	5	417	24
886	5	1774	25
886	5	2191	27
887	5	417	24
887	5	1200	25
887	5	1930	27
887	5	2191	28
888	5	417	24
889	5	782	24
889	5	1826	25
890	5	1043	24
890	5	1617	25
890	5	1878	27
890	5	2139	28
891	5	417	24
891	5	939	25
891	5	1878	27
891	5	2139	28
892	5	1095	24
892	5	1930	25
892	5	2243	27
893	5	417	24
893	5	1878	25
894	5	417	24
894	5	1252	25
894	5	2139	27
895	5	417	24
895	5	1461	25
895	5	1878	27
895	5	2139	28
896	5	417	24
896	5	939	25
897	5	417	24
897	5	939	25
897	5	1304	27
897	5	1565	28
897	5	1826	29
898	5	417	24
898	5	939	25
898	5	1200	27
898	5	1461	28
898	5	1722	29
899	5	417	24
899	5	887	25
899	5	1200	27
899	5	1461	28
899	5	1722	29
900	5	417	24
900	5	1513	25
900	5	1982	27
900	5	2243	28
901	5	417	24
901	5	782	25
901	5	1930	27
901	5	2191	28
902	5	417	24
902	5	1252	25
902	5	1513	27
902	5	1774	28
902	5	2035	29
903	5	417	24
903	5	939	25
903	5	1304	27
903	5	1565	28
903	5	1826	29
903	5	2243	30
904	5	417	24
905	5	417	24
905	5	1722	25
905	5	2243	27
906	5	417	24
906	5	887	25
907	5	1304	24
908	5	417	24
908	5	887	25
908	5	1356	27
908	5	1617	28
908	5	1878	29
909	5	1252	24
910	5	417	24
910	5	1513	25
910	5	1930	27
910	5	2191	28
911	5	417	24
912	5	417	24
912	5	939	25
913	5	1043	24
913	5	1669	25
913	5	1982	27
913	5	2243	28
914	5	417	24
914	5	1252	25
914	5	1513	27
914	5	1774	28
914	5	2035	29
915	5	417	24
915	5	1617	25
916	5	417	24
916	5	939	25
916	5	1252	27
916	5	1513	28
916	5	1774	29
917	5	417	24
917	5	1826	25
917	5	2087	27
918	5	417	24
918	5	1565	25
919	5	417	24
919	5	1982	25
920	5	417	24
920	5	1826	25
921	5	417	24
922	5	417	24
922	5	1513	25
922	5	1930	27
922	5	2191	28
923	5	417	24
923	5	1722	25
924	5	417	24
924	5	991	25
924	5	1252	27
924	5	1513	28
924	5	1774	29
925	5	417	24
925	5	939	25
926	5	417	24
926	5	1043	25
926	5	1408	27
926	5	1669	28
926	5	1982	29
927	5	417	24
927	5	1356	25
927	5	1617	27
927	5	1878	28
927	5	2139	29
928	5	417	24
929	5	417	24
929	5	1043	25
929	5	1408	27
929	5	1669	28
929	5	1982	29
930	5	417	24
931	5	417	24
931	5	834	25
931	5	1095	27
931	5	1356	28
931	5	1617	29
932	5	417	24
932	5	1565	25
932	5	1878	27
932	5	2139	28
933	5	1043	24
933	5	1565	25
933	5	1826	27
933	5	2087	28
934	5	417	24
934	5	1513	25
935	5	417	24
935	5	939	25
935	5	1617	27
935	5	1878	28
935	5	2139	29
936	5	417	24
936	5	1774	25
936	5	2139	27
937	5	417	24
937	5	1982	25
937	5	2243	27
938	5	417	24
938	5	1461	25
938	5	1826	27
938	5	2087	28
939	5	417	24
940	5	417	24
940	5	1095	25
940	5	1408	27
940	5	1669	28
940	5	1982	29
941	5	417	24
941	5	834	25
941	5	1148	27
941	5	1408	28
941	5	1722	29
942	5	417	24
942	5	834	25
942	5	1095	27
942	5	1356	28
942	5	1617	29
943	5	417	24
944	5	417	24
944	5	1408	25
944	5	1878	27
944	5	2139	28
945	5	469	24
946	5	417	24
946	5	1356	25
946	5	1774	27
946	5	2035	28
947	5	417	24
947	5	887	25
947	5	1148	27
947	5	1408	28
947	5	1722	29
947	5	2087	30
948	5	417	24
948	5	834	25
948	5	1356	27
948	5	1617	28
948	5	1878	29
949	5	417	24
949	5	782	25
949	5	1043	27
949	5	1304	28
949	5	1565	29
950	5	417	24
950	5	782	25
950	5	1148	27
950	5	1408	28
950	5	1722	29
951	5	417	24
952	5	1200	24
953	5	417	24
953	5	887	25
953	5	1252	27
953	5	1513	28
953	5	1774	29
954	5	417	24
954	5	782	25
954	5	1095	27
954	5	1356	28
954	5	1617	29
955	5	417	24
956	5	417	24
957	5	417	24
958	5	417	24
958	5	2035	25
959	5	1200	24
960	5	417	24
960	5	1200	25
960	5	1565	27
960	5	1826	28
960	5	2087	29
961	5	417	24
961	5	1095	25
961	5	1565	27
961	5	1826	28
961	5	2087	29
962	5	574	24
963	5	417	24
963	5	939	25
963	5	2035	27
963	5	2295	28
964	5	417	24
964	5	939	25
964	5	1200	27
964	5	1461	28
964	5	1722	29
964	5	2243	30
965	5	417	24
965	5	1356	25
965	5	1722	27
965	5	1982	28
965	5	2295	29
966	5	417	24
966	5	887	25
966	5	1617	27
966	5	1878	28
966	5	2139	29
967	5	417	24
968	5	417	24
968	5	1304	25
968	5	1930	27
968	5	2191	28
969	5	417	24
969	5	1200	25
969	5	1565	27
969	5	1826	28
969	5	2087	29
970	5	1982	24
971	5	417	24
971	5	939	25
971	5	1408	27
971	5	1669	28
971	5	1982	29
972	5	417	24
972	5	782	25
972	5	1043	27
972	5	1304	28
972	5	1565	29
972	5	2139	30
973	5	417	24
974	5	417	24
974	5	1982	25
975	5	417	24
975	5	1930	25
976	5	417	24
976	5	1095	25
976	5	1408	27
976	5	1669	28
976	5	1982	29
977	5	887	24
978	5	417	24
978	5	939	25
978	5	1304	27
978	5	1565	28
978	5	1826	29
979	5	1095	24
979	5	1617	25
979	5	1930	27
979	5	2191	28
980	5	417	24
981	5	417	24
981	5	1252	25
981	5	1513	27
981	5	1774	28
981	5	2035	29
982	5	417	24
982	5	1200	25
983	5	417	24
983	5	834	25
983	5	1774	27
983	5	2035	28
984	5	417	24
984	5	1356	25
984	5	1669	27
984	5	1930	28
984	5	2191	29
985	5	417	24
985	5	1461	25
985	5	1722	27
985	5	1982	28
985	5	2295	29
986	5	1930	24
987	5	417	24
987	5	1878	25
988	5	417	24
988	5	1304	25
988	5	1982	27
988	5	2243	28
989	5	417	24
989	5	834	25
989	5	1982	27
989	5	2243	28
990	5	1043	24
990	5	2191	25
991	5	417	24
992	5	1095	24
993	5	417	24
994	5	834	24
995	5	417	24
995	5	782	25
995	5	1252	27
995	5	1513	28
995	5	1774	29
996	5	417	24
996	5	1774	25
997	5	1930	24
998	5	417	24
998	5	1043	25
998	5	1304	27
998	5	1565	28
998	5	1826	29
998	5	2139	30
999	5	887	24
999	5	2087	25
