Realization	utility	week	infra.
0	0	730	30
1	0	678	29
2	0	521	29
3	0	1408	29
4	0	1252	29
5	0	782	30
6	0	417	29
7	0	1252	29
8	0	574	29
9	0	2243	29
10	0	678	30
12	0	1669	29
13	0	1408	29
14	0	469	29
15	0	469	29
16	0	1252	29
17	0	730	30
18	0	417	29
19	0	2087	29
20	0	1304	29
21	0	417	29
22	0	1774	29
23	0	834	30
24	0	469	29
26	0	574	29
27	0	469	29
28	0	1461	29
29	0	730	29
30	0	1513	29
31	0	1356	29
32	0	1356	29
33	0	574	29
34	0	678	29
35	0	834	30
36	0	834	30
37	0	574	29
38	0	1513	29
39	0	1252	29
40	0	730	30
41	0	1565	29
42	0	1513	29
43	0	469	29
45	0	1356	29
46	0	1252	29
47	0	1774	29
48	0	2295	29
49	0	521	29
50	0	1826	29
51	0	2295	29
52	0	1252	29
53	0	469	29
55	0	2191	29
56	0	1461	29
57	0	469	29
58	0	521	29
59	0	782	30
61	0	1252	29
62	0	1252	29
63	0	1408	29
64	0	2191	29
65	0	626	29
66	0	1565	29
67	0	678	29
69	0	834	29
71	0	1356	29
74	0	782	29
75	0	887	30
76	0	2035	29
77	0	1722	29
78	0	1617	29
79	0	730	29
80	0	834	30
81	0	521	29
82	0	2035	29
83	0	1356	29
84	0	1356	29
86	0	1356	29
87	0	469	29
88	0	626	29
89	0	730	29
90	0	1565	29
91	0	574	29
92	0	782	30
93	0	2035	29
95	0	2191	29
96	0	1252	29
97	0	1461	29
98	0	1930	29
99	0	1304	29
101	0	626	29
102	0	1356	29
103	0	1878	29
104	0	521	29
106	0	678	29
107	0	678	30
108	0	1252	29
109	0	1513	29
110	0	834	30
111	0	574	29
112	0	678	29
113	0	469	29
114	0	574	29
115	0	1669	29
116	0	2035	29
117	0	1617	29
118	0	1461	29
119	0	1826	29
120	0	730	29
121	0	1617	29
122	0	730	29
123	0	2191	29
124	0	678	29
125	0	469	29
126	0	469	29
127	0	782	30
128	0	678	30
129	0	1356	29
130	0	521	29
131	0	574	29
132	0	782	29
133	0	521	29
134	0	782	29
135	0	887	30
136	0	469	29
137	0	1513	29
138	0	678	30
139	0	834	30
140	0	2139	29
141	0	887	30
142	0	2035	29
143	0	1513	29
145	0	1722	29
146	0	1408	29
147	0	574	29
148	0	1565	29
149	0	782	30
150	0	469	29
151	0	834	29
152	0	521	29
153	0	626	29
154	0	1252	29
155	0	730	30
156	0	730	30
158	0	469	29
159	0	626	29
160	0	626	29
161	0	1878	29
162	0	1304	29
163	0	1408	29
164	0	469	29
165	0	1304	29
167	0	2191	29
169	0	834	29
170	0	730	30
171	0	2295	29
172	0	1304	29
173	0	1565	29
174	0	782	29
175	0	574	29
176	0	834	30
177	0	1930	29
178	0	2295	29
179	0	521	29
181	0	730	30
182	0	626	29
183	0	469	29
184	0	1408	29
185	0	887	30
187	0	1565	29
188	0	1617	29
189	0	1356	30
190	0	1356	29
191	0	730	29
192	0	1461	29
193	0	574	29
194	0	626	29
196	0	469	29
196	0	2295	30
198	0	626	29
199	0	834	30
200	0	1408	29
201	0	2087	29
202	0	1565	29
203	0	730	29
204	0	887	30
205	0	1878	29
206	0	678	30
207	0	887	29
208	0	469	29
210	0	1461	29
212	0	730	29
213	0	1878	29
215	0	1669	29
216	0	1252	29
217	0	1408	29
218	0	626	29
219	0	417	29
220	0	1669	29
221	0	626	29
222	0	2139	29
223	0	782	29
224	0	782	29
225	0	834	30
226	0	469	29
227	0	2139	29
228	0	834	30
229	0	1513	29
230	0	469	29
231	0	782	30
232	0	834	30
233	0	1513	29
235	0	2243	29
236	0	1252	29
239	0	1461	29
240	0	782	30
241	0	678	29
242	0	574	29
243	0	678	30
244	0	469	29
245	0	1408	29
248	0	782	30
249	0	678	30
250	0	678	30
251	0	521	29
252	0	1722	29
253	0	782	29
255	0	887	29
256	0	730	29
257	0	1826	29
258	0	730	29
259	0	730	30
260	0	469	29
262	0	834	29
263	0	730	29
264	0	1304	29
265	0	834	30
266	0	1461	29
267	0	782	30
268	0	1304	29
269	0	887	30
270	0	730	29
271	0	1408	29
272	0	469	29
272	0	2087	30
274	0	1408	29
275	0	1878	29
277	0	2295	29
278	0	1774	29
279	0	2035	29
280	0	730	29
282	0	2295	29
283	0	1408	29
284	0	678	29
285	0	1617	29
286	0	834	30
287	0	1930	29
288	0	1304	29
289	0	2243	29
292	0	1774	29
293	0	678	30
294	0	887	30
295	0	1304	29
296	0	887	30
298	0	782	29
299	0	782	30
300	0	1565	29
301	0	730	30
302	0	1356	29
303	0	469	29
303	0	2139	30
304	0	730	30
306	0	469	29
307	0	2295	29
308	0	417	29
309	0	678	30
310	0	1304	29
311	0	834	29
312	0	1304	29
313	0	678	29
314	0	1513	29
315	0	626	29
316	0	2295	29
317	0	1513	29
318	0	1722	29
319	0	2087	29
320	0	1513	29
321	0	782	30
322	0	469	29
323	0	2087	29
324	0	1565	29
325	0	1930	29
326	0	782	30
327	0	1356	29
328	0	782	29
329	0	1669	29
330	0	1461	29
331	0	834	29
332	0	1356	29
333	0	782	29
334	0	1930	29
335	0	626	29
336	0	1304	29
337	0	2139	29
338	0	1669	29
339	0	834	30
340	0	1669	29
341	0	1722	29
342	0	469	29
343	0	626	29
344	0	2191	29
345	0	521	29
346	0	521	29
347	0	1461	29
348	0	887	30
349	0	887	29
350	0	2243	29
352	0	574	29
353	0	834	30
354	0	469	29
355	0	1252	29
356	0	1774	29
357	0	1356	29
358	0	1304	29
360	0	626	29
361	0	1356	29
362	0	2243	29
364	0	834	30
365	0	1930	29
366	0	730	29
367	0	521	29
368	0	782	30
369	0	521	29
371	0	469	29
372	0	730	29
373	0	887	29
374	0	1722	29
375	0	1513	29
376	0	1356	29
377	0	1513	29
378	0	1304	29
379	0	626	29
380	0	574	29
381	0	626	29
382	0	834	30
383	0	1617	29
384	0	1304	29
385	0	626	29
386	0	417	29
387	0	1252	30
388	0	2295	29
389	0	782	30
390	0	678	30
391	0	887	30
392	0	887	29
393	0	626	30
394	0	574	29
396	0	782	30
397	0	1461	29
398	0	574	29
399	0	469	29
400	0	521	29
402	0	574	29
404	0	730	29
405	0	1356	29
406	0	1252	29
407	0	1356	29
409	0	1356	29
410	0	2191	29
411	0	469	29
412	0	834	29
412	0	1774	30
413	0	730	30
414	0	1356	29
415	0	834	30
416	0	1722	29
417	0	521	29
418	0	521	29
419	0	469	29
420	0	834	29
422	0	834	29
423	0	1304	29
424	0	1252	29
424	0	2243	30
425	0	521	29
426	0	1304	29
427	0	2295	29
428	0	887	30
429	0	1356	29
430	0	782	30
431	0	678	30
432	0	1304	29
433	0	626	29
434	0	782	30
435	0	469	29
436	0	730	30
437	0	834	30
438	0	626	29
439	0	887	29
440	0	626	29
442	0	626	29
443	0	678	29
444	0	1878	29
445	0	834	30
446	0	730	29
447	0	1826	29
448	0	1304	29
449	0	2295	29
451	0	1408	29
452	0	521	29
453	0	730	30
454	0	1565	29
455	0	1669	29
456	0	1513	29
457	0	626	29
458	0	2035	29
459	0	417	29
460	0	782	30
461	0	469	29
462	0	521	29
463	0	1356	29
464	0	834	29
465	0	834	30
466	0	782	30
467	0	887	30
468	0	730	30
469	0	678	30
470	0	1826	29
471	0	2191	29
472	0	469	29
473	0	626	29
474	0	834	30
475	0	887	29
477	0	1252	29
478	0	626	29
480	0	678	29
481	0	521	29
482	0	1722	29
483	0	1982	29
484	0	2295	29
485	0	1878	29
486	0	1513	29
487	0	782	30
488	0	1513	29
489	0	730	30
490	0	1565	29
491	0	1565	29
492	0	1252	29
494	0	1252	29
495	0	782	29
496	0	626	29
497	0	469	29
498	0	1461	29
499	0	521	29
500	0	782	30
501	0	1513	29
502	0	730	29
503	0	730	30
505	0	2035	29
506	0	1826	29
507	0	1878	29
508	0	782	30
510	0	2243	29
512	0	887	29
513	0	1252	29
514	0	887	30
515	0	678	30
516	0	1565	29
517	0	1513	29
518	0	1252	29
519	0	1252	29
520	0	574	29
521	0	834	30
522	0	678	29
523	0	834	30
525	0	521	29
527	0	469	29
528	0	678	29
529	0	782	30
530	0	1513	29
531	0	1565	29
532	0	887	29
533	0	2243	29
534	0	626	29
536	0	1565	29
537	0	574	29
538	0	469	29
539	0	678	30
541	0	834	30
542	0	1252	29
543	0	1669	29
544	0	521	29
545	0	730	29
546	0	1461	29
547	0	574	29
549	0	1513	29
550	0	469	29
551	0	469	29
552	0	1617	29
553	0	730	29
554	0	469	29
555	0	469	29
555	0	2139	30
556	0	1513	29
558	0	469	29
559	0	1304	29
560	0	1617	29
561	0	782	29
562	0	1304	29
563	0	626	29
564	0	417	29
565	0	782	30
566	0	1252	29
567	0	730	29
568	0	730	30
569	0	887	29
570	0	1565	29
571	0	730	30
572	0	1669	29
575	0	730	30
576	0	1408	29
577	0	834	30
578	0	1304	29
580	0	2295	29
581	0	1304	29
582	0	678	29
583	0	730	29
584	0	834	30
585	0	782	30
586	0	678	29
587	0	469	29
588	0	521	29
589	0	834	30
590	0	1252	29
591	0	2295	29
593	0	2295	29
594	0	730	29
595	0	887	30
596	0	678	29
597	0	1930	29
598	0	678	30
599	0	730	30
600	0	1930	29
601	0	1252	29
602	0	1513	29
603	0	730	29
604	0	782	29
605	0	1356	29
606	0	1408	29
607	0	887	29
608	0	469	29
611	0	678	29
612	0	1356	29
613	0	1565	29
614	0	1408	29
615	0	887	29
616	0	1304	29
619	0	887	29
620	0	782	30
621	0	1252	29
622	0	469	29
623	0	2087	29
624	0	469	29
625	0	1617	29
626	0	417	29
627	0	1304	29
628	0	626	29
629	0	834	29
630	0	1774	29
631	0	1513	29
632	0	678	30
633	0	1774	29
634	0	1461	29
635	0	1617	29
637	0	1565	29
638	0	2139	29
639	0	834	30
640	0	730	29
641	0	574	29
642	0	1461	29
644	0	2243	29
645	0	730	29
646	0	730	30
647	0	1774	29
648	0	730	29
649	0	1304	29
650	0	2243	29
652	0	574	29
653	0	574	29
654	0	2139	29
655	0	1513	29
656	0	626	29
657	0	469	29
658	0	1304	29
659	0	1408	29
661	0	1252	29
662	0	678	29
663	0	1826	29
664	0	1252	29
665	0	834	30
666	0	782	30
667	0	469	29
668	0	1669	29
669	0	1722	29
670	0	834	29
671	0	1669	29
672	0	834	29
673	0	730	29
674	0	1513	29
675	0	1304	29
676	0	834	29
677	0	834	29
678	0	887	30
679	0	1461	29
680	0	1304	29
681	0	887	29
682	0	1304	29
683	0	1461	29
684	0	1304	29
685	0	2243	29
686	0	1408	29
687	0	1617	29
688	0	1461	29
689	0	1408	29
691	0	834	30
692	0	574	29
693	0	574	29
694	0	1304	29
695	0	678	30
696	0	887	29
697	0	1252	29
698	0	1722	29
699	0	626	29
700	0	574	29
701	0	887	29
702	0	626	29
703	0	469	29
704	0	2243	29
705	0	1722	29
706	0	782	30
707	0	1408	29
708	0	1356	29
709	0	521	29
710	0	521	29
711	0	1722	29
712	0	782	29
714	0	678	29
715	0	1722	29
716	0	678	29
717	0	1304	29
718	0	469	29
719	0	834	29
720	0	2243	29
721	0	678	29
722	0	469	29
723	0	678	29
724	0	678	29
725	0	521	29
726	0	626	29
727	0	1513	29
728	0	2139	29
729	0	887	30
730	0	1513	29
731	0	730	30
732	0	1774	29
733	0	834	30
734	0	469	29
735	0	2243	29
736	0	1304	29
737	0	1304	29
738	0	1304	29
739	0	1617	29
741	0	574	29
742	0	782	30
743	0	834	30
744	0	1408	29
745	0	1356	29
746	0	417	29
747	0	1617	29
748	0	417	29
749	0	1617	29
750	0	2243	29
752	0	834	29
753	0	730	30
754	0	782	30
755	0	782	30
756	0	834	30
757	0	1826	29
758	0	678	29
760	0	626	29
761	0	1774	29
762	0	521	29
763	0	1408	29
765	0	469	29
766	0	1356	29
767	0	1408	29
768	0	1669	29
769	0	730	29
771	0	1408	29
772	0	782	29
773	0	1669	29
774	0	469	29
775	0	1513	29
776	0	469	29
777	0	2295	29
778	0	1304	29
779	0	2191	29
780	0	574	29
781	0	1408	29
782	0	2087	29
783	0	1722	29
784	0	469	29
785	0	574	29
787	0	2035	29
788	0	469	29
789	0	1356	29
790	0	1774	29
791	0	2243	29
792	0	887	30
793	0	469	29
794	0	730	30
795	0	2295	29
796	0	1565	29
797	0	834	29
798	0	1304	29
800	0	1513	29
801	0	1617	29
802	0	1408	29
803	0	1408	30
804	0	574	29
806	0	1617	29
807	0	730	30
808	0	2243	29
809	0	1982	29
810	0	730	30
811	0	730	30
812	0	417	29
813	0	1774	29
814	0	574	29
815	0	469	29
816	0	1356	29
818	0	1565	29
819	0	1722	29
820	0	626	29
821	0	1461	29
822	0	678	30
823	0	730	29
824	0	1304	29
825	0	1304	29
826	0	887	29
827	0	782	29
828	0	1513	29
830	0	1356	29
831	0	1304	29
831	0	2295	30
832	0	834	30
833	0	1461	29
834	0	834	30
835	0	1774	29
837	0	1982	29
838	0	469	29
839	0	1617	29
840	0	469	29
841	0	782	30
842	0	730	29
843	0	730	30
844	0	1461	29
845	0	1826	29
846	0	1669	29
847	0	1826	29
848	0	626	30
849	0	2191	29
850	0	887	30
852	0	834	29
853	0	1617	29
854	0	1356	29
855	0	521	29
856	0	2087	29
857	0	2295	29
858	0	678	29
859	0	782	29
860	0	1826	29
861	0	834	30
862	0	1774	29
863	0	887	30
864	0	730	30
865	0	887	30
866	0	730	30
867	0	678	29
868	0	469	29
869	0	1252	29
870	0	1356	29
871	0	1722	29
873	0	834	30
875	0	521	29
876	0	1252	29
877	0	730	30
878	0	1774	29
879	0	626	29
880	0	730	29
881	0	887	29
882	0	1513	29
884	0	887	30
885	0	887	30
886	0	2139	29
887	0	574	29
888	0	2139	29
889	0	1617	29
890	0	1513	29
891	0	887	30
892	0	1722	29
893	0	521	29
894	0	1669	29
895	0	574	29
896	0	887	30
897	0	469	29
898	0	469	29
899	0	887	30
900	0	887	29
901	0	678	29
902	0	782	29
903	0	469	29
905	0	1408	29
906	0	730	30
907	0	2295	29
908	0	834	30
909	0	2191	29
910	0	1408	29
912	0	1304	29
913	0	1826	29
914	0	730	29
915	0	1878	29
916	0	887	30
917	0	626	29
918	0	1461	29
919	0	2295	29
920	0	730	29
922	0	574	29
923	0	1461	29
924	0	521	29
925	0	834	30
926	0	1304	29
927	0	834	29
929	0	1304	29
931	0	782	30
932	0	1356	29
933	0	1774	29
934	0	1304	29
935	0	469	29
936	0	730	29
937	0	834	29
938	0	1304	29
939	0	1461	29
940	0	574	29
941	0	469	29
942	0	730	30
943	0	730	29
944	0	626	29
945	0	1722	29
946	0	1617	29
947	0	834	30
948	0	834	30
949	0	469	29
950	0	730	29
953	0	834	30
954	0	469	29
956	0	730	29
957	0	417	29
958	0	1408	29
960	0	1356	29
961	0	574	29
962	0	2243	29
963	0	887	30
964	0	469	29
965	0	834	29
966	0	730	30
967	0	1617	29
968	0	574	29
969	0	626	29
971	0	1304	29
972	0	626	29
973	0	574	29
974	0	1252	29
975	0	2295	29
976	0	574	29
977	0	2087	29
978	0	469	29
979	0	1565	29
980	0	2087	29
981	0	887	29
982	0	521	29
983	0	834	29
984	0	1669	29
985	0	1617	29
987	0	1408	29
988	0	521	29
989	0	782	30
990	0	2035	29
992	0	2035	29
993	0	782	29
994	0	2243	29
995	0	730	30
996	0	1461	29
998	0	1356	29
999	0	1617	29
0	1	730	30
1	1	678	29
2	1	521	29
3	1	1408	29
4	1	1252	29
5	1	782	30
6	1	417	29
7	1	1252	29
8	1	574	29
9	1	2243	29
10	1	678	30
12	1	1669	29
13	1	1408	29
14	1	469	29
15	1	469	29
16	1	1252	29
17	1	730	30
18	1	417	29
19	1	2087	29
20	1	1304	29
21	1	417	29
22	1	1774	29
23	1	834	30
24	1	469	29
26	1	574	29
27	1	469	29
28	1	1461	29
29	1	730	29
30	1	1513	29
31	1	1356	29
32	1	1356	29
33	1	574	29
34	1	678	29
35	1	834	30
36	1	834	30
37	1	574	29
38	1	1513	29
39	1	1252	29
40	1	730	30
41	1	1565	29
42	1	1513	29
43	1	469	29
45	1	1356	29
46	1	1252	29
47	1	1774	29
48	1	2295	29
49	1	521	29
50	1	1826	29
51	1	2295	29
52	1	1252	29
53	1	469	29
55	1	2191	29
56	1	1461	29
57	1	469	29
58	1	521	29
59	1	782	30
61	1	1252	29
62	1	1252	29
63	1	1408	29
64	1	2191	29
65	1	626	29
66	1	1565	29
67	1	678	29
69	1	834	29
71	1	1356	29
74	1	782	29
75	1	887	30
76	1	2035	29
77	1	1722	29
78	1	1617	29
79	1	730	29
80	1	834	30
81	1	521	29
82	1	2035	29
83	1	1356	29
84	1	1356	29
86	1	1356	29
87	1	469	29
88	1	626	29
89	1	730	29
90	1	1565	29
91	1	574	29
92	1	782	30
93	1	2035	29
95	1	2191	29
96	1	1252	29
97	1	1461	29
98	1	1930	29
99	1	1304	29
101	1	626	29
102	1	1356	29
103	1	1878	29
104	1	521	29
106	1	678	29
107	1	678	30
108	1	1252	29
109	1	1513	29
110	1	834	30
111	1	574	29
112	1	678	29
113	1	469	29
114	1	574	29
115	1	1669	29
116	1	2035	29
117	1	1617	29
118	1	1461	29
119	1	1826	29
120	1	730	29
121	1	1617	29
122	1	730	29
123	1	2191	29
124	1	678	29
125	1	469	29
126	1	469	29
127	1	782	30
128	1	678	30
129	1	1356	29
130	1	521	29
131	1	574	29
132	1	782	29
133	1	521	29
134	1	782	29
135	1	887	30
136	1	469	29
137	1	1513	29
138	1	678	30
139	1	834	30
140	1	2139	29
141	1	887	30
142	1	2035	29
143	1	1513	29
145	1	1722	29
146	1	1408	29
147	1	574	29
148	1	1565	29
149	1	782	30
150	1	469	29
151	1	834	29
152	1	521	29
153	1	626	29
154	1	1252	29
155	1	730	30
156	1	730	30
158	1	469	29
159	1	626	29
160	1	626	29
161	1	1878	29
162	1	1304	29
163	1	1408	29
164	1	469	29
165	1	1304	29
167	1	2191	29
169	1	834	29
170	1	730	30
171	1	2295	29
172	1	1304	29
173	1	1565	29
174	1	782	29
175	1	574	29
176	1	834	30
177	1	1930	29
178	1	2295	29
179	1	521	29
181	1	730	30
182	1	626	29
183	1	469	29
184	1	1408	29
185	1	887	30
187	1	1565	29
188	1	1617	29
189	1	1356	30
190	1	1356	29
191	1	730	29
192	1	1461	29
193	1	574	29
194	1	626	29
196	1	469	29
196	1	2295	30
198	1	626	29
199	1	834	30
200	1	1408	29
201	1	2087	29
202	1	1565	29
203	1	730	29
204	1	887	30
205	1	1878	29
206	1	678	30
206	1	2243	18
207	1	887	29
208	1	469	29
210	1	1461	29
212	1	730	29
213	1	1878	29
215	1	1669	29
216	1	1252	29
217	1	1408	29
218	1	626	29
219	1	417	29
220	1	1669	29
221	1	626	29
222	1	2139	29
223	1	782	29
224	1	782	29
225	1	834	30
226	1	469	29
227	1	2139	29
228	1	834	30
229	1	1513	29
230	1	469	29
231	1	782	30
232	1	834	30
233	1	1513	29
235	1	2243	29
236	1	1252	29
239	1	1461	29
240	1	782	30
241	1	678	29
242	1	574	29
243	1	678	30
244	1	469	29
245	1	1408	29
248	1	782	30
249	1	678	30
250	1	678	30
251	1	521	29
252	1	1722	29
253	1	782	29
255	1	887	29
256	1	730	29
257	1	1826	29
258	1	730	29
259	1	730	30
260	1	469	29
262	1	834	29
263	1	730	29
264	1	1304	29
265	1	834	30
266	1	1461	29
267	1	782	30
268	1	1304	29
269	1	887	30
270	1	730	29
271	1	1408	29
272	1	469	29
272	1	2087	30
274	1	1408	29
275	1	1878	29
277	1	2295	29
278	1	1774	29
279	1	2035	29
280	1	730	29
282	1	2295	29
283	1	1408	29
284	1	678	29
285	1	1617	29
286	1	834	30
287	1	1930	29
288	1	1304	29
289	1	2243	29
292	1	1774	29
293	1	678	30
294	1	887	30
295	1	1304	29
296	1	887	30
298	1	782	29
299	1	782	30
300	1	1565	29
301	1	730	30
302	1	1356	29
303	1	469	29
303	1	2139	30
304	1	730	30
306	1	469	29
307	1	2295	29
308	1	417	29
309	1	678	30
310	1	1304	29
311	1	834	29
312	1	1304	29
313	1	678	29
314	1	1513	29
315	1	626	29
316	1	2295	29
317	1	1513	29
318	1	1722	29
319	1	2087	29
320	1	1513	29
321	1	782	30
322	1	469	29
323	1	2087	29
324	1	1565	29
325	1	1930	29
326	1	782	30
327	1	1356	29
328	1	782	29
329	1	1669	29
330	1	1461	29
331	1	834	29
332	1	1356	29
333	1	782	29
334	1	1930	29
335	1	626	29
336	1	1304	29
337	1	2139	29
338	1	1669	29
339	1	834	30
340	1	1669	29
341	1	1722	29
342	1	469	29
343	1	626	29
344	1	2191	29
345	1	521	29
346	1	521	29
347	1	1461	29
348	1	887	30
349	1	887	29
350	1	2243	29
352	1	574	29
353	1	834	30
354	1	469	29
355	1	1252	29
356	1	1774	29
357	1	1356	29
358	1	1304	29
360	1	626	29
361	1	1356	29
362	1	2243	29
364	1	834	30
365	1	1930	29
366	1	730	29
367	1	521	29
368	1	782	30
369	1	521	29
371	1	469	29
372	1	730	29
373	1	887	29
374	1	1722	29
375	1	1513	29
376	1	1356	29
377	1	1513	29
378	1	1304	29
379	1	626	29
380	1	574	29
381	1	626	29
382	1	834	30
383	1	1617	29
384	1	1304	29
385	1	626	29
386	1	417	29
387	1	1252	30
388	1	2295	29
389	1	782	30
390	1	678	30
391	1	887	30
392	1	887	29
393	1	626	30
394	1	574	29
396	1	782	30
397	1	1461	29
398	1	574	29
399	1	469	29
400	1	521	29
402	1	574	29
404	1	730	29
405	1	1356	29
406	1	1252	29
407	1	1356	29
409	1	1356	29
410	1	2191	29
411	1	469	29
412	1	834	29
412	1	1774	30
412	1	2295	18
413	1	730	30
414	1	1356	29
415	1	834	30
416	1	1722	29
417	1	521	29
418	1	521	29
419	1	469	29
420	1	834	29
422	1	834	29
423	1	1304	29
424	1	1252	29
424	1	2243	30
425	1	521	29
426	1	1304	29
427	1	2295	29
428	1	887	30
429	1	1356	29
430	1	782	30
431	1	678	30
432	1	1304	29
433	1	626	29
434	1	782	30
435	1	469	29
436	1	730	30
437	1	834	30
438	1	626	29
439	1	887	29
440	1	626	29
442	1	626	29
443	1	678	29
444	1	1878	29
445	1	834	30
446	1	730	29
447	1	1826	29
448	1	1304	29
449	1	2295	29
451	1	1408	29
452	1	521	29
453	1	730	30
454	1	1565	29
455	1	1669	29
456	1	1513	29
457	1	626	29
458	1	2035	29
459	1	417	29
460	1	782	30
461	1	469	29
462	1	521	29
463	1	1356	29
464	1	834	29
465	1	834	30
466	1	782	30
467	1	887	30
468	1	730	30
469	1	678	30
470	1	1826	29
471	1	2191	29
472	1	469	29
473	1	626	29
474	1	834	30
475	1	887	29
477	1	1252	29
478	1	626	29
480	1	678	29
481	1	521	29
482	1	1722	29
483	1	1982	29
484	1	2295	29
485	1	1878	29
486	1	1513	29
487	1	782	30
488	1	1513	29
489	1	730	30
490	1	1565	29
491	1	1565	29
492	1	1252	29
494	1	1252	29
495	1	782	29
496	1	626	29
497	1	469	29
498	1	1461	29
499	1	521	29
500	1	782	30
501	1	1513	29
502	1	730	29
503	1	730	30
505	1	2035	29
506	1	1826	29
507	1	1878	29
508	1	782	30
510	1	2243	29
512	1	887	29
513	1	1252	29
514	1	887	30
515	1	678	30
516	1	1565	29
517	1	1513	29
518	1	1252	29
519	1	1252	29
520	1	574	29
521	1	834	30
522	1	678	29
523	1	834	30
525	1	521	29
527	1	469	29
528	1	678	29
529	1	782	30
530	1	1513	29
531	1	1565	29
532	1	887	29
533	1	2243	29
534	1	626	29
536	1	1565	29
537	1	574	29
538	1	469	29
539	1	678	30
541	1	834	30
542	1	1252	29
543	1	1669	29
544	1	521	29
545	1	730	29
546	1	1461	29
547	1	574	29
549	1	1513	29
550	1	469	29
551	1	469	29
552	1	1617	29
553	1	730	29
554	1	469	29
555	1	469	29
555	1	2139	30
556	1	1513	29
558	1	469	29
559	1	1304	29
560	1	1617	29
561	1	782	29
562	1	1304	29
563	1	626	29
564	1	417	29
565	1	782	30
566	1	1252	29
567	1	730	29
568	1	730	30
569	1	887	29
570	1	1565	29
571	1	730	30
572	1	1669	29
575	1	730	30
576	1	1408	29
577	1	834	30
578	1	1304	29
580	1	2295	29
581	1	1304	29
582	1	678	29
583	1	730	29
584	1	834	30
585	1	782	30
586	1	678	29
587	1	469	29
588	1	521	29
589	1	834	30
590	1	1252	29
591	1	2295	29
593	1	2295	29
594	1	730	29
595	1	887	30
596	1	678	29
597	1	1930	29
598	1	678	30
599	1	730	30
600	1	1930	29
601	1	1252	29
602	1	1513	29
603	1	730	29
604	1	782	29
605	1	1356	29
606	1	1408	29
607	1	887	29
608	1	469	29
611	1	678	29
612	1	1356	29
613	1	1565	29
614	1	1408	29
615	1	887	29
616	1	1304	29
619	1	887	29
620	1	782	30
621	1	1252	29
622	1	469	29
623	1	2087	29
624	1	469	29
625	1	1617	29
626	1	417	29
627	1	1304	29
628	1	626	29
629	1	834	29
630	1	1774	29
631	1	1513	29
632	1	678	30
633	1	1774	29
634	1	1461	29
635	1	1617	29
637	1	1565	29
638	1	2139	29
639	1	834	30
640	1	730	29
641	1	574	29
642	1	1461	29
644	1	2243	29
645	1	730	29
646	1	730	30
647	1	1774	29
648	1	730	29
649	1	1304	29
650	1	2243	29
652	1	574	29
653	1	574	29
654	1	2139	29
655	1	1513	29
656	1	626	29
657	1	469	29
658	1	1304	29
659	1	1408	29
661	1	1252	29
662	1	678	29
663	1	1826	29
664	1	1252	29
665	1	834	30
666	1	782	30
667	1	469	29
668	1	1669	29
669	1	1722	29
670	1	834	29
671	1	1669	29
672	1	834	29
673	1	730	29
674	1	1513	29
675	1	1304	29
676	1	834	29
677	1	834	29
678	1	887	30
679	1	1461	29
680	1	1304	29
681	1	887	29
682	1	1304	29
683	1	1461	29
684	1	1304	29
685	1	2243	29
686	1	1408	29
687	1	1617	29
688	1	1461	29
689	1	1408	29
691	1	834	30
692	1	574	29
693	1	574	29
694	1	1304	29
695	1	678	30
696	1	887	29
697	1	1252	29
698	1	1722	29
699	1	626	29
700	1	574	29
701	1	887	29
702	1	626	29
703	1	469	29
704	1	2243	29
705	1	1722	29
706	1	782	30
707	1	1408	29
708	1	1356	29
709	1	521	29
710	1	521	29
711	1	1722	29
712	1	782	29
714	1	678	29
715	1	1722	29
716	1	678	29
717	1	1304	29
718	1	469	29
719	1	834	29
720	1	2243	29
721	1	678	29
722	1	469	29
723	1	678	29
724	1	678	29
725	1	521	29
726	1	626	29
727	1	1513	29
728	1	2139	29
729	1	887	30
730	1	1513	29
731	1	730	30
732	1	1774	29
733	1	834	30
734	1	469	29
735	1	2243	29
736	1	1304	29
737	1	1304	29
738	1	1304	29
739	1	1617	29
741	1	574	29
742	1	782	30
743	1	834	30
744	1	1408	29
745	1	1356	29
746	1	417	29
747	1	1617	29
748	1	417	29
749	1	1617	29
750	1	2243	29
752	1	834	29
753	1	730	30
754	1	782	30
755	1	782	30
756	1	834	30
757	1	1826	29
758	1	678	29
760	1	626	29
761	1	1774	29
762	1	521	29
763	1	1408	29
765	1	469	29
766	1	1356	29
767	1	1408	29
768	1	1669	29
769	1	730	29
771	1	1408	29
772	1	782	29
773	1	1669	29
774	1	469	29
775	1	1513	29
776	1	469	29
777	1	2295	29
778	1	1304	29
779	1	2191	29
780	1	574	29
781	1	1408	29
782	1	2087	29
783	1	1722	29
784	1	469	29
785	1	574	29
787	1	2035	29
788	1	469	29
789	1	1356	29
790	1	1774	29
791	1	2243	29
792	1	887	30
793	1	469	29
794	1	730	30
795	1	2295	29
796	1	1565	29
797	1	834	29
798	1	1304	29
800	1	1513	29
801	1	1617	29
802	1	1408	29
803	1	1408	30
804	1	574	29
806	1	1617	29
807	1	730	30
808	1	2243	29
809	1	1982	29
810	1	730	30
811	1	730	30
812	1	417	29
813	1	1774	29
814	1	574	29
815	1	469	29
816	1	1356	29
818	1	1565	29
819	1	1722	29
820	1	626	29
821	1	1461	29
822	1	678	30
823	1	730	29
824	1	1304	29
825	1	1304	29
826	1	887	29
827	1	782	29
828	1	1513	29
830	1	1356	29
831	1	1304	29
831	1	2295	30
832	1	834	30
833	1	1461	29
834	1	834	30
835	1	1774	29
837	1	1982	29
838	1	469	29
839	1	1617	29
840	1	469	29
841	1	782	30
842	1	730	29
843	1	730	30
844	1	1461	29
845	1	1826	29
846	1	1669	29
847	1	1826	29
848	1	626	30
849	1	2191	29
850	1	887	30
852	1	834	29
853	1	1617	29
854	1	1356	29
855	1	521	29
856	1	2087	29
857	1	2295	29
858	1	678	29
859	1	782	29
860	1	1826	29
861	1	834	30
862	1	1774	29
863	1	887	30
864	1	730	30
865	1	887	30
866	1	730	30
867	1	678	29
868	1	469	29
869	1	1252	29
870	1	1356	29
871	1	1722	29
873	1	834	30
875	1	521	29
876	1	1252	29
877	1	730	30
878	1	1774	29
879	1	626	29
880	1	730	29
881	1	887	29
882	1	1513	29
884	1	887	30
885	1	887	30
886	1	2139	29
887	1	574	29
888	1	2139	29
889	1	1617	29
890	1	1513	29
891	1	887	30
892	1	1722	29
893	1	521	29
894	1	1669	29
895	1	574	29
896	1	887	30
897	1	469	29
898	1	469	29
899	1	887	30
900	1	887	29
901	1	678	29
902	1	782	29
903	1	469	29
905	1	1408	29
906	1	730	30
907	1	2295	29
908	1	834	30
909	1	2191	29
910	1	1408	29
912	1	1304	29
913	1	1826	29
914	1	730	29
915	1	1878	29
916	1	887	30
917	1	626	29
918	1	1461	29
919	1	2295	29
920	1	730	29
922	1	574	29
923	1	1461	29
924	1	521	29
925	1	834	30
926	1	1304	29
927	1	834	29
929	1	1304	29
931	1	782	30
932	1	1356	29
933	1	1774	29
934	1	1304	29
935	1	469	29
936	1	730	29
937	1	834	29
938	1	1304	29
939	1	1461	29
940	1	574	29
941	1	469	29
942	1	730	30
943	1	730	29
944	1	626	29
945	1	1722	29
946	1	1617	29
947	1	834	30
948	1	834	30
949	1	469	29
950	1	730	29
953	1	834	30
954	1	469	29
956	1	730	29
957	1	417	29
958	1	1408	29
960	1	1356	29
961	1	574	29
962	1	2243	29
963	1	887	30
964	1	469	29
965	1	834	29
966	1	730	30
967	1	1617	29
968	1	574	29
969	1	626	29
971	1	1304	29
972	1	626	29
973	1	574	29
974	1	1252	29
975	1	2295	29
976	1	574	29
977	1	2087	29
978	1	469	29
979	1	1565	29
980	1	2087	29
981	1	887	29
982	1	521	29
983	1	834	29
984	1	1669	29
985	1	1617	29
987	1	1408	29
988	1	521	29
989	1	782	30
990	1	2035	29
992	1	2035	29
993	1	782	29
994	1	2243	29
995	1	730	30
996	1	1461	29
998	1	1356	29
999	1	1617	29
0	2	261	26
1	2	261	26
2	2	261	26
3	2	261	26
4	2	261	26
5	2	261	26
6	2	261	26
7	2	261	26
8	2	261	26
9	2	261	26
10	2	261	26
11	2	261	26
12	2	261	26
13	2	261	26
14	2	261	26
15	2	261	26
16	2	261	26
17	2	261	26
18	2	261	26
19	2	261	26
20	2	261	26
21	2	261	26
22	2	261	26
23	2	261	26
24	2	261	26
25	2	261	26
26	2	261	26
27	2	261	26
28	2	261	26
29	2	261	26
30	2	261	26
31	2	261	26
32	2	261	26
33	2	261	26
34	2	261	26
35	2	261	26
36	2	261	26
37	2	261	26
38	2	261	26
39	2	261	26
40	2	261	26
41	2	261	26
42	2	261	26
43	2	261	26
44	2	261	26
45	2	261	26
46	2	261	26
47	2	261	26
48	2	261	26
49	2	261	26
50	2	261	26
51	2	261	26
52	2	261	26
53	2	261	26
54	2	261	26
55	2	261	26
56	2	261	26
57	2	261	26
58	2	261	26
59	2	261	26
60	2	261	26
61	2	261	26
62	2	261	26
63	2	261	26
64	2	261	26
65	2	261	26
66	2	261	26
67	2	261	26
68	2	261	26
69	2	261	26
70	2	261	26
71	2	261	26
72	2	261	26
73	2	261	26
74	2	261	26
75	2	261	26
76	2	261	26
77	2	261	26
78	2	261	26
79	2	261	26
80	2	261	26
81	2	261	26
82	2	261	26
83	2	261	26
84	2	261	26
85	2	261	26
86	2	261	26
87	2	261	26
88	2	261	26
89	2	261	26
90	2	261	26
91	2	261	26
92	2	261	26
93	2	261	26
94	2	261	26
95	2	261	26
96	2	261	26
97	2	261	26
98	2	261	26
99	2	261	26
100	2	261	26
101	2	261	26
102	2	261	26
103	2	261	26
104	2	261	26
105	2	261	26
106	2	261	26
107	2	261	26
108	2	261	26
109	2	261	26
110	2	261	26
111	2	261	26
112	2	261	26
113	2	261	26
114	2	261	26
115	2	261	26
116	2	261	26
117	2	261	26
118	2	261	26
119	2	261	26
120	2	261	26
121	2	261	26
122	2	261	26
123	2	261	26
124	2	261	26
125	2	261	26
126	2	261	26
127	2	261	26
128	2	261	26
129	2	261	26
130	2	261	26
131	2	261	26
132	2	261	26
133	2	261	26
134	2	261	26
135	2	261	26
136	2	261	26
137	2	261	26
138	2	261	26
139	2	261	26
140	2	261	26
141	2	261	26
142	2	261	26
143	2	261	26
144	2	261	26
145	2	261	26
146	2	261	26
147	2	261	26
148	2	261	26
149	2	261	26
150	2	261	26
151	2	261	26
152	2	261	26
153	2	261	26
154	2	261	26
155	2	261	26
156	2	261	26
157	2	261	26
158	2	261	26
159	2	261	26
160	2	261	26
161	2	261	26
162	2	261	26
163	2	261	26
164	2	261	26
165	2	261	26
166	2	261	26
167	2	261	26
168	2	261	26
169	2	261	26
170	2	261	26
171	2	261	26
172	2	261	26
173	2	261	26
174	2	261	26
175	2	261	26
176	2	261	26
177	2	261	26
178	2	261	26
179	2	261	26
180	2	261	26
181	2	261	26
182	2	261	26
183	2	261	26
184	2	261	26
185	2	261	26
186	2	261	26
187	2	261	26
188	2	261	26
189	2	261	26
190	2	261	26
191	2	261	26
192	2	261	26
193	2	261	26
194	2	261	26
195	2	261	26
196	2	261	26
197	2	261	26
198	2	261	26
199	2	261	26
200	2	261	26
201	2	261	26
202	2	261	26
203	2	261	26
204	2	261	26
205	2	261	26
206	2	261	26
207	2	261	26
208	2	261	26
209	2	261	26
210	2	261	26
211	2	261	26
212	2	261	26
213	2	261	26
214	2	261	26
215	2	261	26
216	2	261	26
217	2	261	26
218	2	261	26
219	2	261	26
220	2	261	26
221	2	261	26
222	2	261	26
223	2	261	26
224	2	261	26
225	2	261	26
226	2	261	26
227	2	261	26
228	2	261	26
229	2	261	26
230	2	261	26
231	2	261	26
232	2	261	26
233	2	261	26
234	2	261	26
235	2	261	26
236	2	261	26
237	2	261	26
238	2	261	26
239	2	261	26
240	2	261	26
241	2	261	26
242	2	261	26
243	2	261	26
244	2	261	26
245	2	261	26
246	2	261	26
247	2	261	26
248	2	261	26
249	2	261	26
250	2	261	26
251	2	261	26
252	2	261	26
253	2	261	26
254	2	261	26
255	2	261	26
256	2	261	26
257	2	261	26
258	2	261	26
259	2	261	26
260	2	261	26
261	2	261	26
262	2	261	26
263	2	261	26
264	2	261	26
265	2	261	26
266	2	261	26
267	2	261	26
268	2	261	26
269	2	261	26
270	2	261	26
271	2	261	26
272	2	261	26
273	2	261	26
274	2	261	26
275	2	261	26
276	2	261	26
277	2	261	26
278	2	261	26
279	2	261	26
280	2	261	26
281	2	261	26
282	2	261	26
283	2	261	26
284	2	261	26
285	2	261	26
286	2	261	26
287	2	261	26
288	2	261	26
289	2	261	26
290	2	261	26
291	2	261	26
292	2	261	26
293	2	261	26
294	2	261	26
295	2	261	26
296	2	261	26
297	2	261	26
298	2	261	26
299	2	261	26
300	2	261	26
301	2	261	26
302	2	261	26
303	2	261	26
304	2	261	26
305	2	261	26
306	2	261	26
307	2	261	26
308	2	261	26
309	2	261	26
310	2	261	26
311	2	261	26
312	2	261	26
313	2	261	26
314	2	261	26
315	2	261	26
316	2	261	26
317	2	261	26
318	2	261	26
319	2	261	26
320	2	261	26
321	2	261	26
322	2	261	26
323	2	261	26
324	2	261	26
325	2	261	26
326	2	261	26
327	2	261	26
328	2	261	26
329	2	261	26
330	2	261	26
331	2	261	26
332	2	261	26
333	2	261	26
334	2	261	26
335	2	261	26
336	2	261	26
337	2	261	26
338	2	261	26
339	2	261	26
340	2	261	26
341	2	261	26
342	2	261	26
343	2	261	26
344	2	261	26
345	2	261	26
346	2	261	26
347	2	261	26
348	2	261	26
349	2	261	26
350	2	261	26
351	2	261	26
352	2	261	26
353	2	261	26
354	2	261	26
355	2	261	26
356	2	261	26
357	2	261	26
358	2	261	26
359	2	261	26
360	2	261	26
361	2	261	26
362	2	261	26
363	2	261	26
364	2	261	26
365	2	261	26
366	2	261	26
367	2	261	26
368	2	261	26
369	2	261	26
370	2	261	26
371	2	261	26
372	2	261	26
373	2	261	26
374	2	261	26
375	2	261	26
376	2	261	26
377	2	261	26
378	2	261	26
379	2	261	26
380	2	261	26
381	2	261	26
382	2	261	26
383	2	261	26
384	2	261	26
385	2	261	26
386	2	261	26
387	2	261	26
388	2	261	26
389	2	261	26
390	2	261	26
391	2	261	26
392	2	261	26
393	2	261	26
394	2	261	26
395	2	261	26
396	2	261	26
397	2	261	26
398	2	261	26
399	2	261	26
400	2	261	26
401	2	261	26
402	2	261	26
403	2	261	26
404	2	261	26
405	2	261	26
406	2	261	26
407	2	261	26
408	2	261	26
409	2	261	26
410	2	261	26
411	2	261	26
412	2	261	26
413	2	261	26
414	2	261	26
415	2	261	26
416	2	261	26
417	2	261	26
418	2	261	26
419	2	261	26
420	2	261	26
421	2	261	26
422	2	261	26
423	2	261	26
424	2	261	26
425	2	261	26
426	2	261	26
427	2	261	26
428	2	261	26
429	2	261	26
430	2	261	26
431	2	261	26
432	2	261	26
433	2	261	26
434	2	261	26
435	2	261	26
436	2	261	26
437	2	261	26
438	2	261	26
439	2	261	26
440	2	261	26
441	2	261	26
442	2	261	26
443	2	261	26
444	2	261	26
445	2	261	26
446	2	261	26
447	2	261	26
448	2	261	26
449	2	261	26
450	2	261	26
451	2	261	26
452	2	261	26
453	2	261	26
454	2	261	26
455	2	261	26
456	2	261	26
457	2	261	26
458	2	261	26
459	2	261	26
460	2	261	26
461	2	261	26
462	2	261	26
463	2	261	26
464	2	261	26
465	2	261	26
466	2	261	26
467	2	261	26
468	2	261	26
469	2	261	26
470	2	261	26
471	2	261	26
472	2	261	26
473	2	261	26
474	2	261	26
475	2	261	26
476	2	261	26
477	2	261	26
478	2	261	26
479	2	261	26
480	2	261	26
481	2	261	26
482	2	261	26
483	2	261	26
484	2	261	26
485	2	261	26
486	2	261	26
487	2	261	26
488	2	261	26
489	2	261	26
490	2	261	26
491	2	261	26
492	2	261	26
493	2	261	26
494	2	261	26
495	2	261	26
496	2	261	26
497	2	261	26
498	2	261	26
499	2	261	26
500	2	261	26
501	2	261	26
502	2	261	26
503	2	261	26
504	2	261	26
505	2	261	26
506	2	261	26
507	2	261	26
508	2	261	26
509	2	261	26
510	2	261	26
511	2	261	26
512	2	261	26
513	2	261	26
514	2	261	26
515	2	261	26
516	2	261	26
517	2	261	26
518	2	261	26
519	2	261	26
520	2	261	26
521	2	261	26
522	2	261	26
523	2	261	26
524	2	261	26
525	2	261	26
526	2	261	26
527	2	261	26
528	2	261	26
529	2	261	26
530	2	261	26
531	2	261	26
532	2	261	26
533	2	261	26
534	2	261	26
535	2	261	26
536	2	261	26
537	2	261	26
538	2	261	26
539	2	261	26
540	2	261	26
541	2	261	26
542	2	261	26
543	2	261	26
544	2	261	26
545	2	261	26
546	2	261	26
547	2	261	26
548	2	261	26
549	2	261	26
550	2	261	26
551	2	261	26
552	2	261	26
553	2	261	26
554	2	261	26
555	2	261	26
556	2	261	26
557	2	261	26
558	2	261	26
559	2	261	26
560	2	261	26
561	2	261	26
562	2	261	26
563	2	261	26
564	2	261	26
565	2	261	26
566	2	261	26
567	2	261	26
568	2	261	26
569	2	261	26
570	2	261	26
571	2	261	26
572	2	261	26
573	2	261	26
574	2	261	26
575	2	261	26
576	2	261	26
577	2	261	26
578	2	261	26
579	2	261	26
580	2	261	26
581	2	261	26
582	2	261	26
583	2	261	26
584	2	261	26
585	2	261	26
586	2	261	26
587	2	261	26
588	2	261	26
589	2	261	26
590	2	261	26
591	2	261	26
592	2	261	26
593	2	261	26
594	2	261	26
595	2	261	26
596	2	261	26
597	2	261	26
598	2	261	26
599	2	261	26
600	2	261	26
601	2	261	26
602	2	261	26
603	2	261	26
604	2	261	26
605	2	261	26
606	2	261	26
607	2	261	26
608	2	261	26
609	2	261	26
610	2	261	26
611	2	261	26
612	2	261	26
613	2	261	26
614	2	261	26
615	2	261	26
616	2	261	26
617	2	261	26
618	2	261	26
619	2	261	26
620	2	261	26
621	2	261	26
622	2	261	26
623	2	261	26
624	2	261	26
625	2	261	26
626	2	261	26
627	2	261	26
628	2	261	26
629	2	261	26
630	2	261	26
631	2	261	26
632	2	261	26
633	2	261	26
634	2	261	26
635	2	261	26
636	2	261	26
637	2	261	26
638	2	261	26
639	2	261	26
640	2	261	26
641	2	261	26
642	2	261	26
643	2	261	26
644	2	261	26
645	2	261	26
646	2	261	26
647	2	261	26
648	2	261	26
649	2	261	26
650	2	261	26
651	2	261	26
652	2	261	26
653	2	261	26
654	2	261	26
655	2	261	26
656	2	261	26
657	2	261	26
658	2	261	26
659	2	261	26
660	2	261	26
661	2	261	26
662	2	261	26
663	2	261	26
664	2	261	26
665	2	261	26
666	2	261	26
667	2	261	26
668	2	261	26
669	2	261	26
670	2	261	26
671	2	261	26
672	2	261	26
673	2	261	26
674	2	261	26
675	2	261	26
676	2	261	26
677	2	261	26
678	2	261	26
679	2	261	26
680	2	261	26
681	2	261	26
682	2	261	26
683	2	261	26
684	2	261	26
685	2	261	26
686	2	261	26
687	2	261	26
688	2	261	26
689	2	261	26
690	2	261	26
691	2	261	26
692	2	261	26
693	2	261	26
694	2	261	26
695	2	261	26
696	2	261	26
697	2	261	26
698	2	261	26
699	2	261	26
700	2	261	26
701	2	261	26
702	2	261	26
703	2	261	26
704	2	261	26
705	2	261	26
706	2	261	26
707	2	261	26
708	2	261	26
709	2	261	26
710	2	261	26
711	2	261	26
712	2	261	26
713	2	261	26
714	2	261	26
715	2	261	26
716	2	261	26
717	2	261	26
718	2	261	26
719	2	261	26
720	2	261	26
721	2	261	26
722	2	261	26
723	2	261	26
724	2	261	26
725	2	261	26
726	2	261	26
727	2	261	26
728	2	261	26
729	2	261	26
730	2	261	26
731	2	261	26
732	2	261	26
733	2	261	26
734	2	261	26
735	2	261	26
736	2	261	26
737	2	261	26
738	2	261	26
739	2	261	26
740	2	261	26
741	2	261	26
742	2	261	26
743	2	261	26
744	2	261	26
745	2	261	26
746	2	261	26
747	2	261	26
748	2	261	26
749	2	261	26
750	2	261	26
751	2	261	26
752	2	261	26
753	2	261	26
754	2	261	26
755	2	261	26
756	2	261	26
757	2	261	26
758	2	261	26
759	2	261	26
760	2	261	26
761	2	261	26
762	2	261	26
763	2	261	26
764	2	261	26
765	2	261	26
766	2	261	26
767	2	261	26
768	2	261	26
769	2	261	26
770	2	261	26
771	2	261	26
772	2	261	26
773	2	261	26
774	2	261	26
775	2	261	26
776	2	261	26
777	2	261	26
778	2	261	26
779	2	261	26
780	2	261	26
781	2	261	26
782	2	261	26
783	2	261	26
784	2	261	26
785	2	261	26
786	2	261	26
787	2	261	26
788	2	261	26
789	2	261	26
790	2	261	26
791	2	261	26
792	2	261	26
793	2	261	26
794	2	261	26
795	2	261	26
796	2	261	26
797	2	261	26
798	2	261	26
799	2	261	26
800	2	261	26
801	2	261	26
802	2	261	26
803	2	261	26
804	2	261	26
805	2	261	26
806	2	261	26
807	2	261	26
808	2	261	26
809	2	261	26
810	2	261	26
811	2	261	26
812	2	261	26
813	2	261	26
814	2	261	26
815	2	261	26
816	2	261	26
817	2	261	26
818	2	261	26
819	2	261	26
820	2	261	26
821	2	261	26
822	2	261	26
823	2	261	26
824	2	261	26
825	2	261	26
826	2	261	26
827	2	261	26
828	2	261	26
829	2	261	26
830	2	261	26
831	2	261	26
832	2	261	26
833	2	261	26
834	2	261	26
835	2	261	26
836	2	261	26
837	2	261	26
838	2	261	26
839	2	261	26
840	2	261	26
841	2	261	26
842	2	261	26
843	2	261	26
844	2	261	26
845	2	261	26
846	2	261	26
847	2	261	26
848	2	261	26
849	2	261	26
850	2	261	26
851	2	261	26
852	2	261	26
853	2	261	26
854	2	261	26
855	2	261	26
856	2	261	26
857	2	261	26
858	2	261	26
859	2	261	26
860	2	261	26
861	2	261	26
862	2	261	26
863	2	261	26
864	2	261	26
865	2	261	26
866	2	261	26
867	2	261	26
868	2	261	26
869	2	261	26
870	2	261	26
871	2	261	26
872	2	261	26
873	2	261	26
874	2	261	26
875	2	261	26
876	2	261	26
877	2	261	26
878	2	261	26
879	2	261	26
880	2	261	26
881	2	261	26
882	2	261	26
883	2	261	26
884	2	261	26
885	2	261	26
886	2	261	26
887	2	261	26
888	2	261	26
889	2	261	26
890	2	261	26
891	2	261	26
892	2	261	26
893	2	261	26
894	2	261	26
895	2	261	26
896	2	261	26
897	2	261	26
898	2	261	26
899	2	261	26
900	2	261	26
901	2	261	26
902	2	261	26
903	2	261	26
904	2	261	26
905	2	261	26
906	2	261	26
907	2	261	26
908	2	261	26
909	2	261	26
910	2	261	26
911	2	261	26
912	2	261	26
913	2	261	26
914	2	261	26
915	2	261	26
916	2	261	26
917	2	261	26
918	2	261	26
919	2	261	26
920	2	261	26
921	2	261	26
922	2	261	26
923	2	261	26
924	2	261	26
925	2	261	26
926	2	261	26
927	2	261	26
928	2	261	26
929	2	261	26
930	2	261	26
931	2	261	26
932	2	261	26
933	2	261	26
934	2	261	26
935	2	261	26
936	2	261	26
937	2	261	26
938	2	261	26
939	2	261	26
940	2	261	26
941	2	261	26
942	2	261	26
943	2	261	26
944	2	261	26
945	2	261	26
946	2	261	26
947	2	261	26
948	2	261	26
949	2	261	26
950	2	261	26
951	2	261	26
952	2	261	26
953	2	261	26
954	2	261	26
955	2	261	26
956	2	261	26
957	2	261	26
958	2	261	26
959	2	261	26
960	2	261	26
961	2	261	26
962	2	261	26
963	2	261	26
964	2	261	26
965	2	261	26
966	2	261	26
967	2	261	26
968	2	261	26
969	2	261	26
970	2	261	26
971	2	261	26
972	2	261	26
973	2	261	26
974	2	261	26
975	2	261	26
976	2	261	26
977	2	261	26
978	2	261	26
979	2	261	26
980	2	261	26
981	2	261	26
982	2	261	26
983	2	261	26
984	2	261	26
985	2	261	26
986	2	261	26
987	2	261	26
988	2	261	26
989	2	261	26
990	2	261	26
991	2	261	26
992	2	261	26
993	2	261	26
994	2	261	26
995	2	261	26
996	2	261	26
997	2	261	26
998	2	261	26
999	2	261	26
0	3	730	30
0	3	2139	20
1	3	678	29
1	3	991	20
2	3	521	29
3	3	1408	29
4	3	1252	29
4	3	1565	20
4	3	1878	9
4	3	2191	12
5	3	782	30
6	3	417	29
7	3	1252	29
8	3	574	29
8	3	1461	20
9	3	2243	29
10	3	678	30
10	3	2087	20
12	3	1669	29
13	3	1408	29
14	3	469	29
14	3	1565	20
15	3	469	29
16	3	1252	29
16	3	1669	20
17	3	730	30
17	3	2087	20
18	3	417	29
18	3	2243	20
19	3	2087	29
20	3	1304	29
20	3	1774	20
21	3	417	29
21	3	939	20
22	3	1774	29
23	3	834	30
23	3	2191	20
24	3	469	29
24	3	1826	20
26	3	574	29
27	3	469	29
28	3	1461	29
28	3	1774	20
29	3	730	29
30	3	1513	29
31	3	1356	29
32	3	1356	29
33	3	574	29
34	3	678	29
34	3	2087	20
35	3	834	30
35	3	2035	20
36	3	834	30
37	3	574	29
38	3	1513	29
39	3	1252	29
40	3	730	30
40	3	1304	20
40	3	2087	9
41	3	1565	29
41	3	1982	20
42	3	1513	29
43	3	469	29
43	3	1826	20
45	3	1356	29
46	3	1252	29
47	3	1774	29
48	3	2295	29
49	3	521	29
49	3	1461	20
50	3	1826	29
51	3	2295	29
52	3	1252	29
53	3	469	29
53	3	1513	20
55	3	2191	29
56	3	1461	29
57	3	469	29
57	3	1252	20
57	3	1774	9
58	3	521	29
58	3	1461	20
59	3	782	30
59	3	1722	20
61	3	1252	29
62	3	1252	29
62	3	1617	20
63	3	1408	29
64	3	2191	29
65	3	626	29
66	3	1565	29
67	3	678	29
67	3	1722	20
69	3	834	29
71	3	1356	29
74	3	782	29
75	3	887	30
76	3	2035	29
77	3	1722	29
78	3	1617	29
79	3	730	29
80	3	834	30
81	3	521	29
82	3	2035	29
83	3	1356	29
84	3	1356	29
86	3	1356	29
87	3	469	29
87	3	1043	20
87	3	1982	9
88	3	626	29
88	3	1669	20
89	3	730	29
90	3	1565	29
91	3	574	29
92	3	782	30
92	3	2191	20
93	3	2035	29
95	3	2191	29
96	3	1252	29
97	3	1461	29
98	3	1930	29
99	3	1304	29
101	3	626	29
102	3	1356	29
103	3	1878	29
104	3	521	29
104	3	1617	20
106	3	678	29
106	3	1617	20
106	3	2295	9
107	3	678	30
107	3	991	20
108	3	1252	29
109	3	1513	29
110	3	834	30
110	3	1617	20
111	3	574	29
112	3	678	29
113	3	469	29
114	3	574	29
115	3	1669	29
116	3	2035	29
117	3	1617	29
118	3	1461	29
119	3	1826	29
120	3	730	29
121	3	1617	29
122	3	730	29
122	3	1408	20
122	3	2295	9
123	3	2191	29
124	3	678	29
125	3	469	29
125	3	1513	20
126	3	469	29
126	3	1461	20
127	3	782	30
127	3	1565	20
128	3	678	30
128	3	991	20
129	3	1356	29
130	3	521	29
131	3	574	29
131	3	1617	20
132	3	782	29
133	3	521	29
134	3	782	29
135	3	887	30
135	3	1356	20
136	3	469	29
136	3	939	20
136	3	1356	9
136	3	1722	12
137	3	1513	29
138	3	678	30
138	3	1200	20
138	3	2087	9
139	3	834	30
139	3	1304	20
139	3	1617	9
139	3	1878	12
140	3	2139	29
141	3	887	30
141	3	1252	20
141	3	1774	9
142	3	2035	29
143	3	1513	29
145	3	1722	29
146	3	1408	29
146	3	1930	20
147	3	574	29
147	3	1878	20
148	3	1565	29
149	3	782	30
149	3	1408	20
150	3	469	29
150	3	2087	20
151	3	834	29
152	3	521	29
152	3	1617	20
153	3	626	29
154	3	1252	29
154	3	1565	20
155	3	730	30
155	3	1095	20
155	3	2295	9
156	3	730	30
156	3	1513	20
158	3	469	29
158	3	1669	20
159	3	626	29
159	3	1252	20
159	3	2139	9
160	3	626	29
161	3	1878	29
162	3	1304	29
163	3	1408	29
164	3	469	29
165	3	1304	29
165	3	1617	20
167	3	2191	29
169	3	834	29
170	3	730	30
170	3	1043	20
171	3	2295	29
172	3	1304	29
173	3	1565	29
174	3	782	29
174	3	2191	20
175	3	574	29
175	3	1826	20
176	3	834	30
177	3	1930	29
178	3	2295	29
179	3	521	29
179	3	1774	20
181	3	730	30
182	3	626	29
183	3	469	29
183	3	1930	20
184	3	1408	29
185	3	887	30
185	3	1513	20
187	3	1565	29
188	3	1617	29
189	3	1356	30
189	3	1774	20
190	3	1356	29
191	3	730	29
192	3	1461	29
192	3	1774	20
193	3	574	29
193	3	2035	20
194	3	626	29
196	3	469	29
196	3	1095	20
196	3	1565	9
196	3	2295	30
198	3	626	29
198	3	2035	20
199	3	834	30
199	3	1461	20
200	3	1408	29
201	3	2087	29
202	3	1565	29
203	3	730	29
204	3	887	30
205	3	1878	29
206	3	678	30
206	3	991	20
206	3	1461	9
206	3	1722	12
207	3	887	29
207	3	2035	20
208	3	469	29
210	3	1461	29
212	3	730	29
213	3	1878	29
215	3	1669	29
216	3	1252	29
217	3	1408	29
218	3	626	29
219	3	417	29
220	3	1669	29
221	3	626	29
222	3	2139	29
223	3	782	29
224	3	782	29
225	3	834	30
225	3	1304	20
225	3	2139	9
226	3	469	29
226	3	1461	20
227	3	2139	29
228	3	834	30
228	3	1356	20
229	3	1513	29
230	3	469	29
231	3	782	30
232	3	834	30
232	3	1408	20
233	3	1513	29
235	3	2243	29
236	3	1252	29
239	3	1461	29
240	3	782	30
240	3	1565	20
240	3	2139	9
241	3	678	29
241	3	1774	20
242	3	574	29
242	3	1774	20
243	3	678	30
243	3	1095	20
243	3	1982	9
244	3	469	29
245	3	1408	29
248	3	782	30
249	3	678	30
249	3	1043	20
250	3	678	30
250	3	1304	20
250	3	2139	9
251	3	521	29
252	3	1722	29
253	3	782	29
255	3	887	29
256	3	730	29
256	3	2087	20
257	3	1826	29
258	3	730	29
258	3	1043	20
259	3	730	30
260	3	469	29
262	3	834	29
262	3	1878	20
263	3	730	29
264	3	1304	29
265	3	834	30
266	3	1461	29
267	3	782	30
268	3	1304	29
269	3	887	30
269	3	1617	20
270	3	730	29
271	3	1408	29
271	3	1722	20
272	3	469	29
272	3	1356	20
272	3	1669	9
272	3	1930	12
272	3	2087	30
274	3	1408	29
275	3	1878	29
277	3	2295	29
278	3	1774	29
279	3	2035	29
280	3	730	29
282	3	2295	29
283	3	1408	29
284	3	678	29
284	3	1148	20
284	3	1774	9
285	3	1617	29
286	3	834	30
286	3	1356	20
286	3	1982	9
286	3	2243	12
287	3	1930	29
288	3	1304	29
289	3	2243	29
292	3	1774	29
293	3	678	30
293	3	1095	20
293	3	1826	9
294	3	887	30
295	3	1304	29
296	3	887	30
298	3	782	29
299	3	782	30
300	3	1565	29
301	3	730	30
302	3	1356	29
302	3	2087	20
303	3	469	29
303	3	1043	20
303	3	1774	9
303	3	2139	30
304	3	730	30
306	3	469	29
306	3	1408	20
307	3	2295	29
308	3	417	29
309	3	678	30
309	3	1200	20
309	3	1930	9
310	3	1304	29
310	3	1617	20
310	3	2243	9
311	3	834	29
312	3	1304	29
313	3	678	29
314	3	1513	29
315	3	626	29
315	3	1774	20
316	3	2295	29
317	3	1513	29
318	3	1722	29
319	3	2087	29
320	3	1513	29
321	3	782	30
322	3	469	29
323	3	2087	29
324	3	1565	29
325	3	1930	29
326	3	782	30
326	3	2139	20
327	3	1356	29
328	3	782	29
329	3	1669	29
330	3	1461	29
330	3	1774	20
331	3	834	29
332	3	1356	29
332	3	1669	20
333	3	782	29
333	3	1826	20
334	3	1930	29
335	3	626	29
335	3	2139	20
336	3	1304	29
337	3	2139	29
338	3	1669	29
339	3	834	30
340	3	1669	29
341	3	1722	29
341	3	2243	20
342	3	469	29
342	3	1356	20
343	3	626	29
343	3	1513	20
344	3	2191	29
345	3	521	29
345	3	1669	20
346	3	521	29
346	3	1513	20
347	3	1461	29
348	3	887	30
348	3	1617	20
349	3	887	29
349	3	1252	20
349	3	1774	9
350	3	2243	29
352	3	574	29
353	3	834	30
354	3	469	29
354	3	1200	20
354	3	1617	9
355	3	1252	29
356	3	1774	29
357	3	1356	29
358	3	1304	29
360	3	626	29
361	3	1356	29
362	3	2243	29
364	3	834	30
365	3	1930	29
366	3	730	29
367	3	521	29
368	3	782	30
368	3	1200	20
368	3	2035	9
369	3	521	29
369	3	1408	20
371	3	469	29
372	3	730	29
373	3	887	29
374	3	1722	29
375	3	1513	29
376	3	1356	29
377	3	1513	29
378	3	1304	29
379	3	626	29
379	3	1617	20
380	3	574	29
381	3	626	29
382	3	834	30
383	3	1617	29
384	3	1304	29
385	3	626	29
386	3	417	29
387	3	1252	30
388	3	2295	29
389	3	782	30
390	3	678	30
390	3	991	20
391	3	887	30
391	3	1878	20
392	3	887	29
393	3	626	30
394	3	574	29
396	3	782	30
396	3	1148	20
396	3	1565	9
397	3	1461	29
398	3	574	29
399	3	469	29
400	3	521	29
402	3	574	29
404	3	730	29
405	3	1356	29
406	3	1252	29
406	3	1617	20
407	3	1356	29
409	3	1356	29
410	3	2191	29
411	3	469	29
411	3	1252	20
411	3	1669	9
412	3	834	29
412	3	1200	20
412	3	1565	9
412	3	1774	30
412	3	2035	12
413	3	730	30
413	3	1043	20
413	3	1408	9
413	3	1722	12
414	3	1356	29
414	3	1774	20
415	3	834	30
415	3	1513	20
416	3	1722	29
417	3	521	29
417	3	2139	20
418	3	521	29
418	3	1304	20
419	3	469	29
419	3	1513	20
420	3	834	29
422	3	834	29
423	3	1304	29
423	3	2035	20
424	3	1148	20
424	3	1252	29
424	3	1565	9
424	3	1982	12
424	3	2243	30
425	3	521	29
426	3	1304	29
426	3	2139	20
427	3	2295	29
428	3	887	30
429	3	1356	29
430	3	782	30
431	3	678	30
431	3	1513	20
432	3	1304	29
432	3	1617	20
433	3	626	29
434	3	782	30
434	3	1356	20
434	3	1878	9
434	3	2295	12
435	3	469	29
435	3	1513	20
436	3	730	30
436	3	1356	20
436	3	1826	9
437	3	834	30
438	3	626	29
438	3	1722	20
439	3	887	29
440	3	626	29
442	3	626	29
443	3	678	29
444	3	1878	29
445	3	834	30
445	3	1930	20
446	3	730	29
447	3	1826	29
448	3	1304	29
449	3	2295	29
451	3	1408	29
451	3	1774	20
452	3	521	29
453	3	730	30
453	3	1252	20
453	3	1774	9
454	3	1565	29
455	3	1669	29
456	3	1513	29
457	3	626	29
458	3	2035	29
459	3	417	29
460	3	782	30
461	3	469	29
461	3	1513	20
462	3	521	29
463	3	1356	29
463	3	1669	20
464	3	834	29
465	3	834	30
466	3	782	30
467	3	887	30
468	3	730	30
469	3	678	30
469	3	1356	20
469	3	2295	9
470	3	1826	29
471	3	2191	29
472	3	469	29
473	3	626	29
473	3	2139	20
474	3	834	30
474	3	1408	20
475	3	887	29
477	3	1252	29
478	3	626	29
480	3	678	29
481	3	521	29
481	3	1408	20
481	3	1774	9
482	3	1722	29
483	3	1982	29
484	3	2295	29
485	3	1878	29
486	3	1513	29
487	3	782	30
488	3	1513	29
489	3	730	30
489	3	1200	20
490	3	1565	29
490	3	1617	20
490	3	2191	9
491	3	1565	29
492	3	1252	29
492	3	1982	20
494	3	1252	29
495	3	782	29
495	3	1774	20
496	3	626	29
496	3	1565	20
497	3	469	29
498	3	1461	29
499	3	521	29
500	3	782	30
500	3	1148	20
500	3	1513	9
501	3	1513	29
502	3	730	29
503	3	730	30
503	3	1043	20
503	3	1565	9
503	3	1826	12
505	3	2035	29
506	3	1826	29
507	3	1878	29
508	3	782	30
508	3	1408	20
508	3	2139	9
510	3	2243	29
512	3	887	29
512	3	1930	20
513	3	1252	29
514	3	887	30
515	3	678	30
515	3	991	20
516	3	1565	29
517	3	1513	29
518	3	1252	29
519	3	1252	29
519	3	1617	20
520	3	574	29
521	3	834	30
521	3	1408	20
522	3	678	29
522	3	1774	20
523	3	834	30
523	3	2087	20
525	3	521	29
525	3	1408	20
525	3	1826	9
527	3	469	29
528	3	678	29
529	3	782	30
529	3	1252	20
529	3	1722	9
530	3	1513	29
531	3	1565	29
531	3	2243	20
532	3	887	29
533	3	2243	29
534	3	626	29
534	3	1043	20
536	3	1565	29
537	3	574	29
537	3	2139	20
538	3	469	29
538	3	1617	20
539	3	678	30
541	3	834	30
541	3	2191	20
542	3	1252	29
543	3	1669	29
543	3	2139	20
544	3	521	29
544	3	1513	20
544	3	2139	9
545	3	730	29
546	3	1461	29
547	3	574	29
547	3	1565	20
547	3	2191	9
549	3	1513	29
550	3	469	29
550	3	1200	20
550	3	1930	9
551	3	469	29
551	3	1252	20
551	3	2139	9
552	3	1617	29
553	3	730	29
554	3	469	29
554	3	1043	20
555	3	469	29
555	3	1043	20
555	3	1513	9
555	3	1878	12
555	3	2139	30
556	3	1513	29
556	3	1826	20
558	3	469	29
559	3	1304	29
560	3	1617	29
561	3	782	29
562	3	1304	29
563	3	626	29
563	3	1722	20
564	3	417	29
565	3	782	30
565	3	1356	20
565	3	1930	9
565	3	2243	12
566	3	1252	29
567	3	730	29
568	3	730	30
568	3	1304	20
569	3	887	29
570	3	1565	29
571	3	730	30
571	3	2087	20
572	3	1669	29
575	3	730	30
575	3	1148	20
575	3	1669	9
576	3	1408	29
577	3	834	30
577	3	1617	20
578	3	1304	29
580	3	2295	29
581	3	1304	29
582	3	678	29
583	3	730	29
583	3	1200	20
583	3	1722	9
584	3	834	30
585	3	782	30
585	3	1095	20
585	3	1461	9
585	3	1722	12
586	3	678	29
586	3	1669	20
587	3	469	29
587	3	1200	20
587	3	1774	9
588	3	521	29
589	3	834	30
590	3	1252	29
591	3	2295	29
593	3	2295	29
594	3	730	29
595	3	887	30
595	3	1356	20
595	3	1774	9
596	3	678	29
597	3	1930	29
598	3	678	30
598	3	991	20
599	3	730	30
599	3	2087	20
600	3	1930	29
601	3	1252	29
602	3	1513	29
603	3	730	29
604	3	782	29
604	3	2295	20
605	3	1356	29
606	3	1408	29
606	3	1722	20
607	3	887	29
607	3	1826	20
608	3	469	29
611	3	678	29
612	3	1356	29
613	3	1565	29
614	3	1408	29
615	3	887	29
616	3	1304	29
619	3	887	29
620	3	782	30
621	3	1252	29
622	3	469	29
622	3	991	20
623	3	2087	29
624	3	469	29
625	3	1617	29
626	3	417	29
626	3	1669	20
627	3	1304	29
628	3	626	29
629	3	834	29
630	3	1774	29
631	3	1513	29
631	3	1826	20
632	3	678	30
632	3	2243	20
633	3	1774	29
634	3	1461	29
635	3	1617	29
637	3	1565	29
638	3	2139	29
639	3	834	30
639	3	1461	20
639	3	2295	9
640	3	730	29
641	3	574	29
642	3	1461	29
644	3	2243	29
645	3	730	29
646	3	730	30
646	3	1461	20
647	3	1774	29
648	3	730	29
649	3	1304	29
649	3	2087	20
650	3	2243	29
652	3	574	29
652	3	2035	20
653	3	574	29
653	3	2139	20
654	3	2139	29
655	3	1513	29
656	3	626	29
657	3	469	29
658	3	1304	29
658	3	1617	20
659	3	1408	29
661	3	1252	29
662	3	678	29
662	3	1774	20
663	3	1826	29
664	3	1252	29
664	3	1565	20
664	3	2139	9
665	3	834	30
666	3	782	30
666	3	2035	20
667	3	469	29
668	3	1669	29
669	3	1722	29
669	3	2139	20
670	3	834	29
671	3	1669	29
672	3	834	29
673	3	730	29
674	3	1513	29
675	3	1304	29
676	3	834	29
676	3	1408	20
677	3	834	29
677	3	1774	20
678	3	887	30
679	3	1461	29
680	3	1304	29
681	3	887	29
682	3	1304	29
683	3	1461	29
684	3	1304	29
685	3	2243	29
686	3	1408	29
687	3	1617	29
688	3	1461	29
689	3	1408	29
691	3	834	30
691	3	1565	20
691	3	2295	9
692	3	574	29
692	3	1356	20
693	3	574	29
693	3	1669	20
694	3	1304	29
695	3	678	30
695	3	991	20
696	3	887	29
697	3	1252	29
697	3	1774	20
698	3	1722	29
699	3	626	29
700	3	574	29
701	3	887	29
701	3	2191	20
702	3	626	29
703	3	469	29
703	3	1669	20
704	3	2243	29
705	3	1722	29
706	3	782	30
706	3	2191	20
707	3	1408	29
708	3	1356	29
709	3	521	29
709	3	1774	20
710	3	521	29
710	3	1461	20
711	3	1722	29
712	3	782	29
714	3	678	29
715	3	1722	29
716	3	678	29
716	3	1200	20
717	3	1304	29
717	3	1826	20
718	3	469	29
718	3	1408	20
719	3	834	29
720	3	2243	29
721	3	678	29
722	3	469	29
722	3	1200	20
722	3	1774	9
723	3	678	29
724	3	678	29
725	3	521	29
725	3	1826	20
726	3	626	29
726	3	1565	20
727	3	1513	29
728	3	2139	29
729	3	887	30
730	3	1513	29
731	3	730	30
732	3	1774	29
733	3	834	30
733	3	1669	20
734	3	469	29
734	3	1826	20
735	3	2243	29
736	3	1304	29
737	3	1304	29
737	3	1878	20
738	3	1304	29
738	3	1617	20
738	3	2139	9
739	3	1617	29
741	3	574	29
742	3	782	30
742	3	1200	20
742	3	1982	9
742	3	2295	12
743	3	834	30
743	3	2139	20
744	3	1408	29
745	3	1356	29
746	3	417	29
747	3	1617	29
748	3	417	29
749	3	1617	29
750	3	2243	29
752	3	834	29
752	3	1930	20
753	3	730	30
753	3	1252	20
753	3	1982	9
753	3	2243	12
754	3	782	30
755	3	782	30
755	3	1774	20
756	3	834	30
756	3	1356	20
757	3	1826	29
758	3	678	29
760	3	626	29
761	3	1774	29
762	3	521	29
763	3	1408	29
765	3	469	29
765	3	2295	20
766	3	1356	29
767	3	1408	29
768	3	1669	29
769	3	730	29
771	3	1408	29
772	3	782	29
773	3	1669	29
774	3	469	29
774	3	1461	20
775	3	1513	29
776	3	469	29
776	3	1252	20
776	3	2087	9
777	3	2295	29
778	3	1304	29
779	3	2191	29
780	3	574	29
781	3	1408	29
781	3	1774	20
782	3	2087	29
783	3	1722	29
784	3	469	29
785	3	574	29
787	3	2035	29
788	3	469	29
789	3	1356	29
789	3	2139	20
790	3	1774	29
791	3	2243	29
792	3	887	30
793	3	469	29
793	3	991	20
794	3	730	30
795	3	2295	29
796	3	1565	29
797	3	834	29
798	3	1304	29
800	3	1513	29
801	3	1617	29
802	3	1408	29
803	3	1408	30
803	3	1722	20
804	3	574	29
806	3	1617	29
807	3	730	30
807	3	1148	20
807	3	1617	9
808	3	2243	29
809	3	1982	29
810	3	730	30
810	3	1930	20
811	3	730	30
811	3	2139	20
812	3	417	29
812	3	1461	20
813	3	1774	29
814	3	574	29
815	3	469	29
816	3	1356	29
818	3	1565	29
818	3	2087	20
819	3	1722	29
820	3	626	29
821	3	1461	29
822	3	678	30
823	3	730	29
823	3	1252	20
823	3	2087	9
824	3	1304	29
825	3	1304	29
826	3	887	29
827	3	782	29
828	3	1513	29
830	3	1356	29
831	3	1304	29
831	3	1617	20
831	3	1930	9
831	3	2243	12
831	3	2295	30
832	3	834	30
832	3	1356	20
832	3	1982	9
832	3	2295	12
833	3	1461	29
834	3	834	30
834	3	1461	20
834	3	2191	9
835	3	1774	29
837	3	1982	29
838	3	469	29
838	3	1722	20
839	3	1617	29
840	3	469	29
840	3	1043	20
840	3	1774	9
841	3	782	30
842	3	730	29
842	3	2139	20
843	3	730	30
843	3	1200	20
843	3	1774	9
843	3	2139	12
844	3	1461	29
845	3	1826	29
846	3	1669	29
847	3	1826	29
848	3	626	30
848	3	1200	20
849	3	2191	29
850	3	887	30
850	3	1356	20
850	3	1774	9
852	3	834	29
853	3	1617	29
854	3	1356	29
854	3	1774	20
855	3	521	29
856	3	2087	29
857	3	2295	29
858	3	678	29
859	3	782	29
860	3	1826	29
861	3	834	30
862	3	1774	29
863	3	887	30
863	3	1461	20
864	3	730	30
864	3	1356	20
864	3	1826	9
865	3	887	30
866	3	730	30
866	3	2243	20
867	3	678	29
868	3	469	29
869	3	1252	29
870	3	1356	29
871	3	1722	29
873	3	834	30
873	3	1304	20
875	3	521	29
876	3	1252	29
877	3	730	30
877	3	1148	20
877	3	1617	9
878	3	1774	29
879	3	626	29
880	3	730	29
880	3	1513	20
881	3	887	29
882	3	1513	29
884	3	887	30
885	3	887	30
885	3	1304	20
886	3	2139	29
887	3	574	29
888	3	2139	29
889	3	1617	29
890	3	1513	29
891	3	887	30
892	3	1722	29
893	3	521	29
894	3	1669	29
895	3	574	29
896	3	887	30
897	3	469	29
897	3	1669	20
898	3	469	29
898	3	1461	20
899	3	887	30
899	3	1461	20
900	3	887	29
901	3	678	29
902	3	782	29
902	3	1826	20
903	3	469	29
903	3	1774	20
905	3	1408	29
906	3	730	30
907	3	2295	29
908	3	834	30
909	3	2191	29
910	3	1408	29
912	3	1304	29
913	3	1826	29
914	3	730	29
914	3	1774	20
915	3	1878	29
916	3	887	30
916	3	1461	20
917	3	626	29
918	3	1461	29
919	3	2295	29
920	3	730	29
922	3	574	29
923	3	1461	29
924	3	521	29
924	3	1408	20
925	3	834	30
926	3	1304	29
926	3	1669	20
927	3	834	29
929	3	1304	29
931	3	782	30
931	3	1200	20
931	3	1722	9
932	3	1356	29
933	3	1774	29
934	3	1304	29
935	3	469	29
936	3	730	29
937	3	834	29
938	3	1304	29
939	3	1461	29
940	3	574	29
940	3	1722	20
941	3	469	29
941	3	1408	20
941	3	2087	9
942	3	730	30
942	3	1356	20
943	3	730	29
944	3	626	29
945	3	1722	29
946	3	1617	29
947	3	834	30
947	3	1304	20
947	3	2295	9
948	3	834	30
949	3	469	29
949	3	1043	20
949	3	1617	9
950	3	730	29
950	3	1722	20
953	3	834	30
953	3	1565	20
954	3	469	29
954	3	1565	20
956	3	730	29
957	3	417	29
958	3	1408	29
960	3	1356	29
960	3	1669	20
961	3	574	29
962	3	2243	29
963	3	887	30
964	3	469	29
964	3	1408	20
965	3	834	29
966	3	730	30
966	3	2139	20
967	3	1617	29
968	3	574	29
969	3	626	29
969	3	1930	20
971	3	1304	29
971	3	2087	20
972	3	626	29
972	3	991	20
972	3	1513	9
973	3	574	29
974	3	1252	29
975	3	2295	29
976	3	574	29
976	3	1617	20
977	3	2087	29
978	3	469	29
978	3	1513	20
979	3	1565	29
980	3	2087	29
981	3	887	29
981	3	1774	20
982	3	521	29
983	3	834	29
984	3	1669	29
985	3	1617	29
985	3	2139	20
987	3	1408	29
988	3	521	29
989	3	782	30
990	3	2035	29
992	3	2035	29
993	3	782	29
994	3	2243	29
995	3	730	30
995	3	1930	20
996	3	1461	29
998	3	1356	29
998	3	1669	20
998	3	2087	9
999	3	1617	29
0	4	730	30
1	4	678	29
2	4	521	29
3	4	1148	28
3	4	1408	29
4	4	991	28
4	4	1252	29
5	4	782	30
6	4	417	29
7	4	991	28
7	4	1252	29
8	4	574	29
9	4	1982	28
9	4	2243	29
10	4	678	30
12	4	1408	28
12	4	1669	29
13	4	1148	28
13	4	1408	29
14	4	469	29
15	4	469	29
16	4	991	28
16	4	1252	29
17	4	730	30
18	4	417	29
19	4	1826	28
19	4	2087	29
20	4	1043	28
20	4	1304	29
21	4	417	29
22	4	1513	28
22	4	1774	29
23	4	834	30
24	4	469	29
24	4	2243	28
25	4	2139	28
26	4	574	29
27	4	469	29
28	4	1200	28
28	4	1461	29
29	4	730	29
30	4	1252	28
30	4	1513	29
31	4	1095	28
31	4	1356	29
32	4	1095	28
32	4	1356	29
33	4	574	29
34	4	678	29
34	4	2295	28
35	4	834	30
36	4	834	30
37	4	574	29
38	4	1252	28
38	4	1513	29
39	4	991	28
39	4	1252	29
40	4	730	30
40	4	2191	28
41	4	1304	28
41	4	1565	29
42	4	1252	28
42	4	1513	29
43	4	469	29
43	4	2295	28
45	4	1095	28
45	4	1356	29
46	4	991	28
46	4	1252	29
47	4	1513	28
47	4	1774	29
48	4	2035	28
48	4	2295	29
49	4	521	29
49	4	2139	28
50	4	1565	28
50	4	1826	29
51	4	2035	28
51	4	2295	29
52	4	991	28
52	4	1252	29
53	4	469	29
53	4	1826	28
55	4	1930	28
55	4	2191	29
56	4	1200	28
56	4	1461	29
57	4	469	29
57	4	1669	28
58	4	521	29
59	4	782	30
61	4	991	28
61	4	1252	29
62	4	991	28
62	4	1252	29
63	4	1148	28
63	4	1408	29
64	4	1930	28
64	4	2191	29
65	4	626	29
66	4	1304	28
66	4	1565	29
67	4	678	29
69	4	834	29
71	4	1095	28
71	4	1356	29
73	4	2191	28
74	4	782	29
75	4	887	30
76	4	1774	28
76	4	2035	29
77	4	1461	28
77	4	1722	29
78	4	1356	28
78	4	1617	29
79	4	730	29
80	4	834	30
81	4	521	29
82	4	1774	28
82	4	2035	29
83	4	1095	28
83	4	1356	29
84	4	1095	28
84	4	1356	29
86	4	1095	28
86	4	1356	29
87	4	469	29
87	4	1774	28
88	4	626	29
89	4	730	29
90	4	1304	28
90	4	1565	29
91	4	574	29
92	4	782	30
93	4	1774	28
93	4	2035	29
95	4	1930	28
95	4	2191	29
96	4	991	28
96	4	1252	29
97	4	1200	28
97	4	1461	29
98	4	1669	28
98	4	1930	29
99	4	1043	28
99	4	1304	29
100	4	2243	28
101	4	626	29
102	4	1095	28
102	4	1356	29
103	4	1617	28
103	4	1878	29
104	4	521	29
104	4	2295	28
106	4	678	29
106	4	1878	28
107	4	678	30
108	4	991	28
108	4	1252	29
109	4	1252	28
109	4	1513	29
110	4	834	30
111	4	574	29
112	4	678	29
113	4	469	29
114	4	574	29
115	4	1408	28
115	4	1669	29
116	4	1774	28
116	4	2035	29
117	4	1356	28
117	4	1617	29
118	4	1200	28
118	4	1461	29
119	4	1565	28
119	4	1826	29
120	4	730	29
121	4	1356	28
121	4	1617	29
122	4	730	29
122	4	2191	28
123	4	1930	28
123	4	2191	29
124	4	678	29
125	4	469	29
126	4	469	29
127	4	782	30
128	4	678	30
129	4	1095	28
129	4	1356	29
130	4	521	29
131	4	574	29
131	4	1878	28
132	4	782	29
133	4	521	29
134	4	782	29
135	4	887	30
136	4	469	29
136	4	1513	28
137	4	1252	28
137	4	1513	29
138	4	678	30
138	4	2243	28
139	4	834	30
139	4	1930	28
140	4	1878	28
140	4	2139	29
141	4	887	30
142	4	1774	28
142	4	2035	29
143	4	1252	28
143	4	1513	29
145	4	1461	28
145	4	1722	29
146	4	1148	28
146	4	1408	29
147	4	574	29
148	4	1304	28
148	4	1565	29
149	4	782	30
150	4	469	29
150	4	2191	28
151	4	834	29
152	4	521	29
152	4	2035	28
153	4	626	29
154	4	991	28
154	4	1252	29
155	4	730	30
156	4	730	30
158	4	469	29
159	4	626	29
159	4	2035	28
160	4	626	29
161	4	1617	28
161	4	1878	29
162	4	1043	28
162	4	1304	29
163	4	1148	28
163	4	1408	29
164	4	469	29
165	4	1043	28
165	4	1304	29
166	4	2087	28
167	4	1930	28
167	4	2191	29
169	4	834	29
170	4	730	30
171	4	2035	28
171	4	2295	29
172	4	1043	28
172	4	1304	29
173	4	1304	28
173	4	1565	29
174	4	782	29
175	4	574	29
175	4	2087	28
176	4	834	30
177	4	1669	28
177	4	1930	29
178	4	2035	28
178	4	2295	29
179	4	521	29
181	4	730	30
182	4	626	29
183	4	469	29
183	4	2139	28
184	4	1148	28
184	4	1408	29
185	4	887	30
187	4	1304	28
187	4	1565	29
188	4	1356	28
188	4	1617	29
189	4	1252	28
189	4	1356	30
190	4	1095	28
190	4	1356	29
191	4	730	29
192	4	1200	28
192	4	1461	29
193	4	574	29
193	4	2243	28
194	4	626	29
196	4	469	29
196	4	1513	28
196	4	2295	30
198	4	626	29
198	4	2243	28
199	4	834	30
200	4	1148	28
200	4	1408	29
201	4	1826	28
201	4	2087	29
202	4	1304	28
202	4	1565	29
203	4	730	29
204	4	887	30
205	4	1617	28
205	4	1878	29
206	4	678	30
206	4	1774	28
207	4	887	29
207	4	2191	28
208	4	469	29
210	4	1200	28
210	4	1461	29
212	4	730	29
213	4	1617	28
213	4	1878	29
215	4	1408	28
215	4	1669	29
216	4	991	28
216	4	1252	29
217	4	1148	28
217	4	1408	29
218	4	626	29
219	4	417	29
220	4	1408	28
220	4	1669	29
221	4	626	29
222	4	1878	28
222	4	2139	29
223	4	782	29
224	4	782	29
225	4	834	30
225	4	2243	28
226	4	469	29
227	4	1878	28
227	4	2139	29
228	4	834	30
229	4	1252	28
229	4	1513	29
230	4	469	29
231	4	782	30
232	4	834	30
233	4	1252	28
233	4	1513	29
235	4	1982	28
235	4	2243	29
236	4	991	28
236	4	1252	29
239	4	1200	28
239	4	1461	29
240	4	782	30
240	4	2295	28
241	4	678	29
242	4	574	29
242	4	2139	28
243	4	678	30
243	4	2243	28
244	4	469	29
245	4	1148	28
245	4	1408	29
246	4	2087	28
248	4	782	30
249	4	678	30
250	4	678	30
250	4	2243	28
251	4	521	29
252	4	1461	28
252	4	1722	29
253	4	782	29
255	4	887	29
256	4	730	29
257	4	1565	28
257	4	1826	29
258	4	730	29
259	4	730	30
260	4	469	29
260	4	2295	28
262	4	834	29
263	4	730	29
264	4	1043	28
264	4	1304	29
265	4	834	30
266	4	1200	28
266	4	1461	29
267	4	782	30
268	4	1043	28
268	4	1304	29
269	4	887	30
270	4	730	29
271	4	1148	28
271	4	1408	29
272	4	469	29
272	4	1617	28
272	4	2087	30
273	4	2295	28
274	4	1148	28
274	4	1408	29
275	4	1617	28
275	4	1878	29
276	4	2191	28
277	4	2035	28
277	4	2295	29
278	4	1513	28
278	4	1774	29
279	4	1774	28
279	4	2035	29
280	4	730	29
282	4	2035	28
282	4	2295	29
283	4	1148	28
283	4	1408	29
284	4	678	29
284	4	1722	28
285	4	1356	28
285	4	1617	29
286	4	834	30
286	4	2243	28
287	4	1669	28
287	4	1930	29
288	4	1043	28
288	4	1304	29
289	4	1982	28
289	4	2243	29
291	4	2191	28
292	4	1513	28
292	4	1774	29
293	4	678	30
293	4	2191	28
294	4	887	30
295	4	1043	28
295	4	1304	29
296	4	887	30
298	4	782	29
299	4	782	30
300	4	1304	28
300	4	1565	29
301	4	730	30
302	4	1095	28
302	4	1356	29
303	4	469	29
303	4	1617	28
303	4	2139	30
304	4	730	30
306	4	469	29
307	4	2035	28
307	4	2295	29
308	4	417	29
309	4	678	30
309	4	2087	28
310	4	1043	28
310	4	1304	29
311	4	834	29
312	4	1043	28
312	4	1304	29
313	4	678	29
314	4	1252	28
314	4	1513	29
315	4	626	29
315	4	2191	28
316	4	2035	28
316	4	2295	29
317	4	1252	28
317	4	1513	29
318	4	1461	28
318	4	1722	29
319	4	1826	28
319	4	2087	29
320	4	1252	28
320	4	1513	29
321	4	782	30
322	4	469	29
323	4	1826	28
323	4	2087	29
324	4	1304	28
324	4	1565	29
325	4	1669	28
325	4	1930	29
326	4	782	30
327	4	1095	28
327	4	1356	29
328	4	782	29
329	4	1408	28
329	4	1669	29
330	4	1200	28
330	4	1461	29
331	4	834	29
332	4	1095	28
332	4	1356	29
333	4	782	29
333	4	2295	28
334	4	1669	28
334	4	1930	29
335	4	626	29
336	4	1043	28
336	4	1304	29
337	4	1878	28
337	4	2139	29
338	4	1408	28
338	4	1669	29
339	4	834	30
340	4	1408	28
340	4	1669	29
341	4	1461	28
341	4	1722	29
342	4	469	29
342	4	1669	28
343	4	626	29
344	4	1930	28
344	4	2191	29
345	4	521	29
345	4	2087	28
346	4	521	29
346	4	1826	28
347	4	1200	28
347	4	1461	29
348	4	887	30
349	4	887	29
349	4	1774	28
350	4	1982	28
350	4	2243	29
352	4	574	29
353	4	834	30
354	4	469	29
354	4	1617	28
355	4	991	28
355	4	1252	29
356	4	1513	28
356	4	1774	29
357	4	1095	28
357	4	1356	29
358	4	1043	28
358	4	1304	29
360	4	626	29
361	4	1095	28
361	4	1356	29
362	4	1982	28
362	4	2243	29
364	4	834	30
365	4	1669	28
365	4	1930	29
366	4	730	29
367	4	521	29
368	4	782	30
368	4	2191	28
369	4	521	29
369	4	2295	28
371	4	469	29
372	4	730	29
373	4	887	29
374	4	1461	28
374	4	1722	29
375	4	1252	28
375	4	1513	29
376	4	1095	28
376	4	1356	29
377	4	1252	28
377	4	1513	29
378	4	1043	28
378	4	1304	29
379	4	626	29
380	4	574	29
381	4	626	29
382	4	834	30
383	4	1356	28
383	4	1617	29
384	4	1043	28
384	4	1304	29
385	4	626	29
386	4	417	29
387	4	991	28
387	4	1252	30
388	4	2035	28
388	4	2295	29
389	4	782	30
390	4	678	30
391	4	887	30
392	4	887	29
393	4	626	30
394	4	574	29
396	4	782	30
397	4	1200	28
397	4	1461	29
398	4	574	29
399	4	469	29
400	4	521	29
401	4	2139	28
402	4	574	29
403	4	2295	28
404	4	730	29
405	4	1095	28
405	4	1356	29
406	4	991	28
406	4	1252	29
407	4	1095	28
407	4	1356	29
409	4	1095	28
409	4	1356	29
410	4	1930	28
410	4	2191	29
411	4	469	29
411	4	1722	28
412	4	834	29
412	4	1669	28
412	4	1774	30
413	4	730	30
413	4	2243	28
414	4	1095	28
414	4	1356	29
415	4	834	30
416	4	1461	28
416	4	1722	29
417	4	521	29
418	4	521	29
418	4	1774	28
419	4	469	29
420	4	834	29
421	4	2191	28
422	4	834	29
423	4	1043	28
423	4	1304	29
424	4	991	28
424	4	1252	29
424	4	2243	30
425	4	521	29
426	4	1043	28
426	4	1304	29
427	4	2035	28
427	4	2295	29
428	4	887	30
429	4	1095	28
429	4	1356	29
430	4	782	30
431	4	678	30
432	4	1043	28
432	4	1304	29
433	4	626	29
434	4	782	30
434	4	2139	28
435	4	469	29
435	4	2295	28
436	4	730	30
437	4	834	30
438	4	626	29
439	4	887	29
440	4	626	29
442	4	626	29
443	4	678	29
444	4	1617	28
444	4	1878	29
445	4	834	30
446	4	730	29
447	4	1565	28
447	4	1826	29
448	4	1043	28
448	4	1304	29
449	4	2035	28
449	4	2295	29
450	4	2243	28
451	4	1148	28
451	4	1408	29
452	4	521	29
453	4	730	30
454	4	1304	28
454	4	1565	29
455	4	1408	28
455	4	1669	29
456	4	1252	28
456	4	1513	29
457	4	626	29
458	4	1774	28
458	4	2035	29
459	4	417	29
460	4	782	30
461	4	469	29
462	4	521	29
463	4	1095	28
463	4	1356	29
464	4	834	29
465	4	834	30
466	4	782	30
467	4	887	30
468	4	730	30
469	4	678	30
470	4	1565	28
470	4	1826	29
471	4	1930	28
471	4	2191	29
472	4	469	29
473	4	626	29
474	4	834	30
475	4	887	29
476	4	2295	28
477	4	991	28
477	4	1252	29
478	4	626	29
480	4	678	29
481	4	521	29
481	4	1722	28
482	4	1461	28
482	4	1722	29
483	4	1722	28
483	4	1982	29
484	4	2035	28
484	4	2295	29
485	4	1617	28
485	4	1878	29
486	4	1252	28
486	4	1513	29
487	4	782	30
488	4	1252	28
488	4	1513	29
489	4	730	30
490	4	1304	28
490	4	1565	29
491	4	1304	28
491	4	1565	29
492	4	991	28
492	4	1252	29
494	4	991	28
494	4	1252	29
495	4	782	29
496	4	626	29
496	4	2139	28
497	4	469	29
498	4	1200	28
498	4	1461	29
499	4	521	29
500	4	782	30
501	4	1252	28
501	4	1513	29
502	4	730	29
503	4	730	30
503	4	1930	28
505	4	1774	28
505	4	2035	29
506	4	1565	28
506	4	1826	29
507	4	1617	28
507	4	1878	29
508	4	782	30
508	4	2139	28
510	4	1982	28
510	4	2243	29
512	4	887	29
512	4	2139	28
513	4	991	28
513	4	1252	29
514	4	887	30
515	4	678	30
516	4	1304	28
516	4	1565	29
517	4	1252	28
517	4	1513	29
518	4	991	28
518	4	1252	29
519	4	991	28
519	4	1252	29
520	4	574	29
521	4	834	30
522	4	678	29
522	4	2139	28
523	4	834	30
524	4	2087	28
525	4	521	29
525	4	1774	28
526	4	2243	28
527	4	469	29
528	4	678	29
529	4	782	30
529	4	2139	28
530	4	1252	28
530	4	1513	29
531	4	1304	28
531	4	1565	29
532	4	887	29
533	4	1982	28
533	4	2243	29
534	4	626	29
534	4	2087	28
536	4	1304	28
536	4	1565	29
537	4	574	29
537	4	2243	28
538	4	469	29
539	4	678	30
540	4	2243	28
541	4	834	30
542	4	991	28
542	4	1252	29
543	4	1408	28
543	4	1669	29
544	4	521	29
544	4	1826	28
545	4	730	29
546	4	1200	28
546	4	1461	29
547	4	574	29
547	4	1930	28
549	4	1252	28
549	4	1513	29
550	4	469	29
550	4	1617	28
551	4	469	29
551	4	1722	28
552	4	1356	28
552	4	1617	29
553	4	730	29
554	4	469	29
554	4	2243	28
555	4	469	29
555	4	1565	28
555	4	2139	30
556	4	1252	28
556	4	1513	29
558	4	469	29
559	4	1043	28
559	4	1304	29
560	4	1356	28
560	4	1617	29
561	4	782	29
562	4	1043	28
562	4	1304	29
563	4	626	29
564	4	417	29
565	4	782	30
565	4	2087	28
566	4	991	28
566	4	1252	29
567	4	730	29
568	4	730	30
569	4	887	29
570	4	1304	28
570	4	1565	29
571	4	730	30
572	4	1408	28
572	4	1669	29
575	4	730	30
576	4	1148	28
576	4	1408	29
577	4	834	30
578	4	1043	28
578	4	1304	29
580	4	2035	28
580	4	2295	29
581	4	1043	28
581	4	1304	29
582	4	678	29
583	4	730	29
583	4	1669	28
584	4	834	30
585	4	782	30
586	4	678	29
587	4	469	29
587	4	1669	28
588	4	521	29
589	4	834	30
590	4	991	28
590	4	1252	29
591	4	2035	28
591	4	2295	29
593	4	2035	28
593	4	2295	29
594	4	730	29
595	4	887	30
595	4	2243	28
596	4	678	29
597	4	1669	28
597	4	1930	29
598	4	678	30
599	4	730	30
600	4	1669	28
600	4	1930	29
601	4	991	28
601	4	1252	29
602	4	1252	28
602	4	1513	29
603	4	730	29
604	4	782	29
604	4	2243	28
605	4	1095	28
605	4	1356	29
606	4	1148	28
606	4	1408	29
607	4	887	29
607	4	2295	28
608	4	469	29
611	4	678	29
612	4	1095	28
612	4	1356	29
613	4	1304	28
613	4	1565	29
614	4	1148	28
614	4	1408	29
615	4	887	29
616	4	1043	28
616	4	1304	29
617	4	2243	28
618	4	2087	28
619	4	887	29
620	4	782	30
621	4	991	28
621	4	1252	29
622	4	469	29
623	4	1826	28
623	4	2087	29
624	4	469	29
625	4	1356	28
625	4	1617	29
626	4	417	29
627	4	1043	28
627	4	1304	29
628	4	626	29
629	4	834	29
630	4	1513	28
630	4	1774	29
631	4	1252	28
631	4	1513	29
632	4	678	30
633	4	1513	28
633	4	1774	29
634	4	1200	28
634	4	1461	29
635	4	1356	28
635	4	1617	29
636	4	2191	28
637	4	1304	28
637	4	1565	29
638	4	1878	28
638	4	2139	29
639	4	834	30
640	4	730	29
641	4	574	29
642	4	1200	28
642	4	1461	29
643	4	2295	28
644	4	1982	28
644	4	2243	29
645	4	730	29
646	4	730	30
647	4	1513	28
647	4	1774	29
648	4	730	29
649	4	1043	28
649	4	1304	29
650	4	1982	28
650	4	2243	29
651	4	2243	28
652	4	574	29
652	4	2295	28
653	4	574	29
654	4	1878	28
654	4	2139	29
655	4	1252	28
655	4	1513	29
656	4	626	29
657	4	469	29
658	4	1043	28
658	4	1304	29
659	4	1148	28
659	4	1408	29
660	4	2243	28
661	4	991	28
661	4	1252	29
662	4	678	29
663	4	1565	28
663	4	1826	29
664	4	991	28
664	4	1252	29
665	4	834	30
666	4	782	30
667	4	469	29
668	4	1408	28
668	4	1669	29
669	4	1461	28
669	4	1722	29
670	4	834	29
671	4	1408	28
671	4	1669	29
672	4	834	29
673	4	730	29
674	4	1252	28
674	4	1513	29
675	4	1043	28
675	4	1304	29
676	4	834	29
676	4	2087	28
677	4	834	29
678	4	887	30
679	4	1200	28
679	4	1461	29
680	4	1043	28
680	4	1304	29
681	4	887	29
682	4	1043	28
682	4	1304	29
683	4	1200	28
683	4	1461	29
684	4	1043	28
684	4	1304	29
685	4	1982	28
685	4	2243	29
686	4	1148	28
686	4	1408	29
687	4	1356	28
687	4	1617	29
688	4	1200	28
688	4	1461	29
689	4	1148	28
689	4	1408	29
690	4	2295	28
691	4	834	30
691	4	2295	28
692	4	574	29
692	4	1774	28
693	4	574	29
693	4	2139	28
694	4	1043	28
694	4	1304	29
695	4	678	30
696	4	887	29
697	4	991	28
697	4	1252	29
698	4	1461	28
698	4	1722	29
699	4	626	29
700	4	574	29
701	4	887	29
701	4	2191	28
702	4	626	29
703	4	469	29
703	4	2191	28
704	4	1982	28
704	4	2243	29
705	4	1461	28
705	4	1722	29
706	4	782	30
707	4	1148	28
707	4	1408	29
708	4	1095	28
708	4	1356	29
709	4	521	29
709	4	2035	28
710	4	521	29
711	4	1461	28
711	4	1722	29
712	4	782	29
714	4	678	29
715	4	1461	28
715	4	1722	29
716	4	678	29
717	4	1043	28
717	4	1304	29
718	4	469	29
718	4	2139	28
719	4	834	29
720	4	1982	28
720	4	2243	29
721	4	678	29
722	4	469	29
722	4	1565	28
723	4	678	29
724	4	678	29
725	4	521	29
726	4	626	29
727	4	1252	28
727	4	1513	29
728	4	1878	28
728	4	2139	29
729	4	887	30
730	4	1252	28
730	4	1513	29
731	4	730	30
732	4	1513	28
732	4	1774	29
733	4	834	30
734	4	469	29
734	4	2243	28
735	4	1982	28
735	4	2243	29
736	4	1043	28
736	4	1304	29
737	4	1043	28
737	4	1304	29
738	4	1043	28
738	4	1304	29
739	4	1356	28
739	4	1617	29
741	4	574	29
742	4	782	30
742	4	2191	28
743	4	834	30
744	4	1148	28
744	4	1408	29
745	4	1095	28
745	4	1356	29
746	4	417	29
747	4	1356	28
747	4	1617	29
748	4	417	29
749	4	1356	28
749	4	1617	29
750	4	1982	28
750	4	2243	29
752	4	834	29
752	4	2191	28
753	4	730	30
753	4	2243	28
754	4	782	30
755	4	782	30
756	4	834	30
757	4	1565	28
757	4	1826	29
758	4	678	29
760	4	626	29
761	4	1513	28
761	4	1774	29
762	4	521	29
763	4	1148	28
763	4	1408	29
765	4	469	29
766	4	1095	28
766	4	1356	29
767	4	1148	28
767	4	1408	29
768	4	1408	28
768	4	1669	29
769	4	730	29
771	4	1148	28
771	4	1408	29
772	4	782	29
773	4	1408	28
773	4	1669	29
774	4	469	29
775	4	1252	28
775	4	1513	29
776	4	469	29
776	4	1878	28
777	4	2035	28
777	4	2295	29
778	4	1043	28
778	4	1304	29
779	4	1930	28
779	4	2191	29
780	4	574	29
781	4	1148	28
781	4	1408	29
782	4	1826	28
782	4	2087	29
783	4	1461	28
783	4	1722	29
784	4	469	29
785	4	574	29
787	4	1774	28
787	4	2035	29
788	4	469	29
789	4	1095	28
789	4	1356	29
790	4	1513	28
790	4	1774	29
791	4	1982	28
791	4	2243	29
792	4	887	30
793	4	469	29
793	4	2191	28
794	4	730	30
795	4	2035	28
795	4	2295	29
796	4	1304	28
796	4	1565	29
797	4	834	29
798	4	1043	28
798	4	1304	29
800	4	1252	28
800	4	1513	29
801	4	1356	28
801	4	1617	29
802	4	1148	28
802	4	1408	29
803	4	1148	28
803	4	1408	30
804	4	574	29
806	4	1356	28
806	4	1617	29
807	4	730	30
808	4	1982	28
808	4	2243	29
809	4	1722	28
809	4	1982	29
810	4	730	30
811	4	730	30
812	4	417	29
812	4	1930	28
813	4	1513	28
813	4	1774	29
814	4	574	29
815	4	469	29
816	4	1095	28
816	4	1356	29
817	4	2139	28
818	4	1304	28
818	4	1565	29
819	4	1461	28
819	4	1722	29
820	4	626	29
821	4	1200	28
821	4	1461	29
822	4	678	30
823	4	730	29
823	4	1878	28
824	4	1043	28
824	4	1304	29
825	4	1043	28
825	4	1304	29
826	4	887	29
827	4	782	29
828	4	1252	28
828	4	1513	29
829	4	2243	28
830	4	1095	28
830	4	1356	29
831	4	1043	28
831	4	1304	29
831	4	2295	30
832	4	834	30
832	4	2139	28
833	4	1200	28
833	4	1461	29
834	4	834	30
834	4	2243	28
835	4	1513	28
835	4	1774	29
836	4	2087	28
837	4	1722	28
837	4	1982	29
838	4	469	29
838	4	2035	28
839	4	1356	28
839	4	1617	29
840	4	469	29
840	4	1513	28
841	4	782	30
842	4	730	29
842	4	2295	28
843	4	730	30
843	4	2035	28
844	4	1200	28
844	4	1461	29
845	4	1565	28
845	4	1826	29
846	4	1408	28
846	4	1669	29
847	4	1565	28
847	4	1826	29
848	4	626	30
849	4	1930	28
849	4	2191	29
850	4	887	30
852	4	834	29
853	4	1356	28
853	4	1617	29
854	4	1095	28
854	4	1356	29
855	4	521	29
856	4	1826	28
856	4	2087	29
857	4	2035	28
857	4	2295	29
858	4	678	29
859	4	782	29
860	4	1565	28
860	4	1826	29
861	4	834	30
862	4	1513	28
862	4	1774	29
863	4	887	30
864	4	730	30
864	4	2191	28
865	4	887	30
866	4	730	30
867	4	678	29
868	4	469	29
869	4	991	28
869	4	1252	29
870	4	1095	28
870	4	1356	29
871	4	1461	28
871	4	1722	29
873	4	834	30
875	4	521	29
876	4	991	28
876	4	1252	29
877	4	730	30
878	4	1513	28
878	4	1774	29
879	4	626	29
880	4	730	29
881	4	887	29
882	4	1252	28
882	4	1513	29
883	4	2191	28
884	4	887	30
885	4	887	30
886	4	1878	28
886	4	2139	29
887	4	574	29
888	4	1878	28
888	4	2139	29
889	4	1356	28
889	4	1617	29
890	4	1252	28
890	4	1513	29
891	4	887	30
892	4	1461	28
892	4	1722	29
893	4	521	29
894	4	1408	28
894	4	1669	29
895	4	574	29
896	4	887	30
897	4	469	29
898	4	469	29
898	4	1774	28
899	4	887	30
900	4	887	29
901	4	678	29
902	4	782	29
902	4	2243	28
903	4	469	29
903	4	1930	28
905	4	1148	28
905	4	1408	29
906	4	730	30
907	4	2035	28
907	4	2295	29
908	4	834	30
909	4	1930	28
909	4	2191	29
910	4	1148	28
910	4	1408	29
912	4	1043	28
912	4	1304	29
913	4	1565	28
913	4	1826	29
914	4	730	29
915	4	1617	28
915	4	1878	29
916	4	887	30
917	4	626	29
918	4	1200	28
918	4	1461	29
919	4	2035	28
919	4	2295	29
920	4	730	29
922	4	574	29
923	4	1200	28
923	4	1461	29
924	4	521	29
924	4	1722	28
925	4	834	30
926	4	1043	28
926	4	1304	29
927	4	834	29
929	4	1043	28
929	4	1304	29
931	4	782	30
932	4	1095	28
932	4	1356	29
933	4	1513	28
933	4	1774	29
934	4	1043	28
934	4	1304	29
935	4	469	29
936	4	730	29
937	4	834	29
938	4	1043	28
938	4	1304	29
939	4	1200	28
939	4	1461	29
940	4	574	29
940	4	2035	28
941	4	469	29
941	4	1930	28
942	4	730	30
943	4	730	29
944	4	626	29
945	4	1461	28
945	4	1722	29
946	4	1356	28
946	4	1617	29
947	4	834	30
947	4	2139	28
948	4	834	30
949	4	469	29
949	4	1565	28
950	4	730	29
951	4	2295	28
952	4	2139	28
953	4	834	30
954	4	469	29
954	4	2191	28
956	4	730	29
957	4	417	29
958	4	1148	28
958	4	1408	29
960	4	1095	28
960	4	1356	29
961	4	574	29
962	4	1982	28
962	4	2243	29
963	4	887	30
964	4	469	29
964	4	1774	28
965	4	834	29
966	4	730	30
967	4	1356	28
967	4	1617	29
968	4	574	29
969	4	626	29
969	4	2295	28
971	4	1043	28
971	4	1304	29
972	4	626	29
972	4	1722	28
973	4	574	29
974	4	991	28
974	4	1252	29
975	4	2035	28
975	4	2295	29
976	4	574	29
976	4	2035	28
977	4	1826	28
977	4	2087	29
978	4	469	29
979	4	1304	28
979	4	1565	29
980	4	1826	28
980	4	2087	29
981	4	887	29
982	4	521	29
983	4	834	29
984	4	1408	28
984	4	1669	29
985	4	1356	28
985	4	1617	29
986	4	2243	28
987	4	1148	28
987	4	1408	29
988	4	521	29
989	4	782	30
990	4	1774	28
990	4	2035	29
992	4	1774	28
992	4	2035	29
993	4	782	29
994	4	1982	28
994	4	2243	29
995	4	730	30
996	4	1200	28
996	4	1461	29
997	4	2295	28
998	4	1095	28
998	4	1356	29
999	4	1356	28
999	4	1617	29
0	5	521	24
0	5	730	30
1	5	521	24
1	5	678	29
2	5	521	29
3	5	1148	28
3	5	1408	29
4	5	521	24
4	5	991	28
4	5	1252	29
4	5	2243	25
5	5	521	24
5	5	782	30
6	5	417	29
7	5	991	28
7	5	1252	29
8	5	574	29
9	5	1982	28
9	5	2243	29
10	5	521	24
10	5	678	30
11	5	417	24
12	5	1408	28
12	5	1669	29
13	5	1148	28
13	5	1408	29
14	5	469	29
15	5	469	29
16	5	521	24
16	5	991	28
16	5	1252	29
17	5	521	24
17	5	730	30
18	5	417	29
19	5	1826	28
19	5	2087	29
20	5	417	24
20	5	1043	28
20	5	1304	29
21	5	417	29
22	5	469	24
22	5	1513	28
22	5	1774	29
23	5	521	24
23	5	834	30
24	5	469	29
24	5	2243	28
25	5	417	24
25	5	2139	28
26	5	574	29
27	5	469	29
28	5	417	24
28	5	1200	28
28	5	1461	29
29	5	730	29
30	5	1252	28
30	5	1513	29
31	5	574	24
31	5	1095	28
31	5	1356	29
32	5	1095	28
32	5	1356	29
33	5	574	29
34	5	678	29
34	5	2295	28
35	5	521	24
35	5	834	30
36	5	521	24
36	5	834	30
37	5	574	29
38	5	469	24
38	5	1252	28
38	5	1513	29
39	5	469	24
39	5	991	28
39	5	1252	29
40	5	521	24
40	5	730	30
40	5	2191	28
41	5	469	24
41	5	1304	28
41	5	1565	29
42	5	417	24
42	5	1252	28
42	5	1513	29
43	5	469	29
43	5	2295	28
44	5	417	24
45	5	626	24
45	5	1095	28
45	5	1356	29
46	5	469	24
46	5	991	28
46	5	1252	29
47	5	469	24
47	5	1513	28
47	5	1774	29
48	5	2035	28
48	5	2295	29
49	5	521	29
49	5	2139	28
50	5	1565	28
50	5	1826	29
51	5	469	24
51	5	2035	28
51	5	2295	29
52	5	991	28
52	5	1252	29
53	5	469	29
53	5	1826	28
53	5	2243	24
55	5	574	24
55	5	1930	28
55	5	2191	29
56	5	1200	28
56	5	1461	29
57	5	469	29
57	5	1669	28
58	5	521	29
59	5	521	24
59	5	782	30
60	5	417	24
61	5	574	24
61	5	991	28
61	5	1252	29
62	5	521	24
62	5	991	28
62	5	1252	29
63	5	417	24
63	5	1148	28
63	5	1408	29
64	5	1930	28
64	5	2191	29
65	5	626	29
66	5	1304	28
66	5	1565	29
67	5	678	29
68	5	417	24
69	5	834	29
70	5	469	24
71	5	1095	28
71	5	1356	29
73	5	469	24
73	5	2191	28
74	5	782	29
75	5	521	24
75	5	887	30
76	5	417	24
76	5	1774	28
76	5	2035	29
77	5	1461	28
77	5	1722	29
78	5	1356	28
78	5	1617	29
79	5	730	29
80	5	521	24
80	5	834	30
81	5	521	29
82	5	469	24
82	5	1774	28
82	5	2035	29
83	5	1095	28
83	5	1356	29
84	5	469	24
84	5	1095	28
84	5	1356	29
85	5	469	24
86	5	1095	28
86	5	1356	29
87	5	469	29
87	5	1774	28
88	5	626	29
89	5	730	29
90	5	1304	28
90	5	1565	29
91	5	574	29
92	5	469	24
92	5	782	30
93	5	417	24
93	5	1774	28
93	5	2035	29
94	5	417	24
95	5	469	24
95	5	1930	28
95	5	2191	29
96	5	991	28
96	5	1252	29
97	5	1200	28
97	5	1461	29
98	5	1669	28
98	5	1930	29
99	5	1043	28
99	5	1304	29
100	5	469	24
100	5	2243	28
101	5	626	29
102	5	469	24
102	5	1095	28
102	5	1356	29
103	5	417	24
103	5	1617	28
103	5	1878	29
104	5	521	29
104	5	2295	28
105	5	417	24
106	5	678	29
106	5	1878	28
107	5	521	24
107	5	678	30
108	5	521	24
108	5	991	28
108	5	1252	29
109	5	1252	28
109	5	1513	29
110	5	521	24
110	5	834	30
111	5	574	29
112	5	678	29
113	5	469	29
114	5	574	29
115	5	1408	28
115	5	1669	29
116	5	469	24
116	5	1774	28
116	5	2035	29
117	5	1356	28
117	5	1617	29
118	5	1200	28
118	5	1461	29
119	5	469	24
119	5	1565	28
119	5	1826	29
120	5	730	29
121	5	1356	28
121	5	1617	29
122	5	521	24
122	5	730	29
122	5	2191	28
123	5	1930	28
123	5	2191	29
124	5	521	24
124	5	678	29
125	5	469	29
126	5	469	29
127	5	521	24
127	5	782	30
128	5	521	24
128	5	678	30
129	5	1095	28
129	5	1356	29
130	5	521	29
131	5	574	29
131	5	1878	28
132	5	521	24
132	5	782	29
133	5	521	29
134	5	782	29
135	5	417	24
135	5	887	30
136	5	469	29
136	5	1513	28
137	5	469	24
137	5	1252	28
137	5	1513	29
138	5	417	24
138	5	678	30
138	5	2243	28
139	5	521	24
139	5	834	30
139	5	1930	28
139	5	2243	25
140	5	1878	28
140	5	2139	29
141	5	469	24
141	5	887	30
142	5	417	24
142	5	1774	28
142	5	2035	29
143	5	1252	28
143	5	1513	29
145	5	417	24
145	5	1461	28
145	5	1722	29
146	5	417	24
146	5	1148	28
146	5	1408	29
147	5	574	29
148	5	1304	28
148	5	1565	29
149	5	521	24
149	5	782	30
150	5	469	29
150	5	2191	28
151	5	834	29
152	5	521	29
152	5	2035	28
153	5	626	29
154	5	521	24
154	5	991	28
154	5	1252	29
155	5	521	24
155	5	730	30
156	5	469	24
156	5	730	30
157	5	469	24
158	5	469	29
159	5	469	24
159	5	626	29
159	5	2035	28
160	5	626	29
161	5	1617	28
161	5	1878	29
162	5	1043	28
162	5	1304	29
163	5	1148	28
163	5	1408	29
164	5	469	29
165	5	417	24
165	5	1043	28
165	5	1304	29
166	5	469	24
166	5	2087	28
167	5	469	24
167	5	1930	28
167	5	2191	29
169	5	521	24
169	5	834	29
170	5	521	24
170	5	730	30
171	5	469	24
171	5	2035	28
171	5	2295	29
172	5	1043	28
172	5	1304	29
173	5	1304	28
173	5	1565	29
174	5	782	29
175	5	574	29
175	5	2087	28
176	5	521	24
176	5	834	30
177	5	1669	28
177	5	1930	29
178	5	2035	28
178	5	2295	29
179	5	521	29
180	5	469	24
181	5	521	24
181	5	730	30
182	5	626	29
183	5	469	29
183	5	2139	28
184	5	1148	28
184	5	1408	29
185	5	574	24
185	5	887	30
186	5	469	24
187	5	417	24
187	5	1304	28
187	5	1565	29
188	5	1356	28
188	5	1617	29
189	5	469	24
189	5	1252	28
189	5	1356	30
190	5	1095	28
190	5	1356	29
191	5	417	24
191	5	730	29
192	5	626	24
192	5	1200	28
192	5	1461	29
193	5	574	29
193	5	2243	28
194	5	626	29
195	5	469	24
196	5	469	29
196	5	1513	28
196	5	1930	24
196	5	2243	25
196	5	2295	30
198	5	626	29
198	5	2243	28
199	5	521	24
199	5	834	30
200	5	1148	28
200	5	1408	29
201	5	1826	28
201	5	2087	29
202	5	417	24
202	5	1304	28
202	5	1565	29
203	5	730	29
204	5	521	24
204	5	887	30
205	5	417	24
205	5	1617	28
205	5	1878	29
206	5	521	24
206	5	678	30
206	5	1774	28
206	5	2087	25
207	5	521	24
207	5	887	29
207	5	2191	28
208	5	469	29
209	5	417	24
210	5	417	24
210	5	1200	28
210	5	1461	29
211	5	417	24
212	5	730	29
213	5	1617	28
213	5	1878	29
214	5	417	24
215	5	417	24
215	5	1408	28
215	5	1669	29
216	5	991	28
216	5	1252	29
217	5	1148	28
217	5	1408	29
218	5	626	29
219	5	417	29
220	5	1408	28
220	5	1669	29
221	5	626	29
222	5	1878	28
222	5	2139	29
223	5	782	29
224	5	782	29
225	5	521	24
225	5	834	30
225	5	2243	28
226	5	469	29
227	5	417	24
227	5	1878	28
227	5	2139	29
228	5	417	24
228	5	834	30
229	5	469	24
229	5	1252	28
229	5	1513	29
230	5	469	29
231	5	469	24
231	5	782	30
232	5	521	24
232	5	834	30
233	5	1252	28
233	5	1513	29
235	5	417	24
235	5	1982	28
235	5	2243	29
236	5	991	28
236	5	1252	29
237	5	417	24
239	5	1200	28
239	5	1461	29
240	5	521	24
240	5	782	30
240	5	2295	28
241	5	678	29
242	5	574	29
242	5	2139	28
243	5	469	24
243	5	678	30
243	5	2243	28
244	5	469	29
245	5	1148	28
245	5	1408	29
246	5	2087	28
248	5	521	24
248	5	782	30
249	5	521	24
249	5	678	30
250	5	521	24
250	5	678	30
250	5	2243	28
251	5	521	29
252	5	1461	28
252	5	1722	29
253	5	782	29
255	5	887	29
256	5	730	29
257	5	469	24
257	5	1565	28
257	5	1826	29
258	5	521	24
258	5	730	29
259	5	521	24
259	5	730	30
260	5	469	29
260	5	2295	28
262	5	834	29
263	5	730	29
264	5	521	24
264	5	1043	28
264	5	1304	29
265	5	469	24
265	5	834	30
266	5	469	24
266	5	1200	28
266	5	1461	29
267	5	521	24
267	5	782	30
268	5	1043	28
268	5	1304	29
269	5	521	24
269	5	887	30
270	5	730	29
271	5	469	24
271	5	1148	28
271	5	1408	29
272	5	469	29
272	5	1617	28
272	5	2087	30
273	5	2295	28
274	5	1148	28
274	5	1408	29
275	5	1617	28
275	5	1878	29
276	5	2191	28
277	5	417	24
277	5	2035	28
277	5	2295	29
278	5	1513	28
278	5	1774	29
279	5	469	24
279	5	1774	28
279	5	2035	29
280	5	730	29
281	5	417	24
282	5	469	24
282	5	2035	28
282	5	2295	29
283	5	1148	28
283	5	1408	29
284	5	521	24
284	5	678	29
284	5	1722	28
285	5	417	24
285	5	1356	28
285	5	1617	29
286	5	469	24
286	5	834	30
286	5	2243	28
287	5	469	24
287	5	1669	28
287	5	1930	29
288	5	521	24
288	5	1043	28
288	5	1304	29
289	5	1982	28
289	5	2243	29
290	5	469	24
291	5	626	24
291	5	2191	28
292	5	1513	28
292	5	1774	29
293	5	417	24
293	5	678	30
293	5	2191	28
294	5	521	24
294	5	887	30
295	5	1043	28
295	5	1304	29
296	5	521	24
296	5	887	30
297	5	417	24
298	5	782	29
299	5	521	24
299	5	782	30
300	5	1304	28
300	5	1565	29
301	5	521	24
301	5	730	30
302	5	574	24
302	5	1095	28
302	5	1356	29
303	5	469	29
303	5	1617	28
303	5	2139	30
304	5	521	24
304	5	730	30
306	5	469	29
307	5	469	24
307	5	2035	28
307	5	2295	29
308	5	417	29
309	5	521	24
309	5	678	30
309	5	2087	28
310	5	574	24
310	5	1043	28
310	5	1304	29
310	5	2295	25
311	5	834	29
312	5	1043	28
312	5	1304	29
313	5	678	29
314	5	1252	28
314	5	1513	29
315	5	626	29
315	5	2191	28
316	5	2035	28
316	5	2295	29
317	5	1252	28
317	5	1513	29
318	5	1461	28
318	5	1722	29
319	5	1826	28
319	5	2087	29
320	5	1252	28
320	5	1513	29
321	5	521	24
321	5	782	30
322	5	469	29
323	5	1826	28
323	5	2087	29
324	5	1304	28
324	5	1565	29
325	5	469	24
325	5	1669	28
325	5	1930	29
326	5	521	24
326	5	782	30
327	5	1095	28
327	5	1356	29
328	5	782	29
329	5	1408	28
329	5	1669	29
330	5	469	24
330	5	1200	28
330	5	1461	29
331	5	521	24
331	5	834	29
332	5	626	24
332	5	1095	28
332	5	1356	29
333	5	521	24
333	5	782	29
333	5	2295	28
334	5	469	24
334	5	1669	28
334	5	1930	29
335	5	521	24
335	5	626	29
336	5	521	24
336	5	1043	28
336	5	1304	29
337	5	469	24
337	5	1878	28
337	5	2139	29
338	5	1408	28
338	5	1669	29
339	5	521	24
339	5	834	30
340	5	469	24
340	5	1408	28
340	5	1669	29
341	5	469	24
341	5	1461	28
341	5	1722	29
342	5	469	29
342	5	1669	28
343	5	521	24
343	5	626	29
344	5	1930	28
344	5	2191	29
345	5	521	29
345	5	2087	28
346	5	521	29
346	5	1826	28
347	5	626	24
347	5	1200	28
347	5	1461	29
348	5	521	24
348	5	887	30
349	5	521	24
349	5	887	29
349	5	1774	28
350	5	1982	28
350	5	2243	29
351	5	574	24
352	5	574	29
353	5	417	24
353	5	834	30
354	5	469	29
354	5	1617	28
355	5	521	24
355	5	991	28
355	5	1252	29
356	5	469	24
356	5	1513	28
356	5	1774	29
357	5	574	24
357	5	1095	28
357	5	1356	29
358	5	1043	28
358	5	1304	29
360	5	626	29
361	5	417	24
361	5	1095	28
361	5	1356	29
362	5	1982	28
362	5	2243	29
364	5	521	24
364	5	834	30
365	5	1669	28
365	5	1930	29
366	5	730	29
367	5	521	29
368	5	521	24
368	5	782	30
368	5	2191	28
369	5	521	29
369	5	2295	28
370	5	469	24
371	5	469	29
372	5	730	29
373	5	887	29
374	5	1461	28
374	5	1722	29
375	5	1252	28
375	5	1513	29
376	5	574	24
376	5	1095	28
376	5	1356	29
377	5	1252	28
377	5	1513	29
378	5	1043	28
378	5	1304	29
379	5	626	29
380	5	574	29
381	5	626	29
382	5	521	24
382	5	834	30
383	5	1356	28
383	5	1617	29
384	5	574	24
384	5	1043	28
384	5	1304	29
385	5	626	29
386	5	417	29
387	5	469	24
387	5	991	28
387	5	1252	30
388	5	2035	28
388	5	2295	29
389	5	521	24
389	5	782	30
390	5	521	24
390	5	678	30
391	5	417	24
391	5	887	30
392	5	887	29
393	5	521	24
393	5	626	30
394	5	574	29
395	5	626	24
396	5	521	24
396	5	782	30
397	5	1200	28
397	5	1461	29
398	5	574	29
399	5	469	29
400	5	521	29
401	5	2139	28
402	5	574	29
403	5	469	24
403	5	2295	28
404	5	730	29
405	5	1095	28
405	5	1356	29
406	5	469	24
406	5	991	28
406	5	1252	29
407	5	1095	28
407	5	1356	29
409	5	1095	28
409	5	1356	29
410	5	469	24
410	5	1930	28
410	5	2191	29
411	5	469	29
411	5	1722	28
412	5	521	24
412	5	834	29
412	5	1669	28
412	5	1774	30
412	5	2243	25
413	5	521	24
413	5	730	30
413	5	2243	28
414	5	469	24
414	5	1095	28
414	5	1356	29
415	5	469	24
415	5	834	30
416	5	1461	28
416	5	1722	29
417	5	521	29
418	5	521	29
418	5	1774	28
419	5	469	29
420	5	834	29
421	5	469	24
421	5	2191	28
422	5	834	29
423	5	1043	28
423	5	1304	29
424	5	521	24
424	5	991	28
424	5	1252	29
424	5	2191	25
424	5	2243	30
425	5	521	29
426	5	1043	28
426	5	1304	29
427	5	2035	28
427	5	2295	29
428	5	521	24
428	5	887	30
429	5	417	24
429	5	1095	28
429	5	1356	29
430	5	521	24
430	5	782	30
431	5	417	24
431	5	678	30
432	5	521	24
432	5	1043	28
432	5	1304	29
433	5	626	29
434	5	521	24
434	5	782	30
434	5	2139	28
435	5	469	29
435	5	2295	28
436	5	521	24
436	5	730	30
437	5	521	24
437	5	834	30
438	5	626	29
439	5	887	29
440	5	626	29
441	5	469	24
442	5	626	29
443	5	678	29
444	5	1617	28
444	5	1878	29
445	5	417	24
445	5	834	30
446	5	730	29
447	5	1565	28
447	5	1826	29
448	5	1043	28
448	5	1304	29
449	5	2035	28
449	5	2295	29
450	5	2243	28
451	5	469	24
451	5	1148	28
451	5	1408	29
452	5	521	29
453	5	521	24
453	5	730	30
454	5	1304	28
454	5	1565	29
455	5	469	24
455	5	1408	28
455	5	1669	29
456	5	1252	28
456	5	1513	29
457	5	626	29
458	5	1774	28
458	5	2035	29
459	5	417	29
460	5	521	24
460	5	782	30
461	5	469	29
462	5	521	29
463	5	469	24
463	5	1095	28
463	5	1356	29
464	5	834	29
465	5	521	24
465	5	834	30
466	5	521	24
466	5	782	30
467	5	469	24
467	5	887	30
468	5	521	24
468	5	730	30
469	5	521	24
469	5	678	30
470	5	1565	28
470	5	1826	29
471	5	417	24
471	5	1930	28
471	5	2191	29
472	5	469	29
473	5	626	29
474	5	521	24
474	5	834	30
475	5	887	29
476	5	417	24
476	5	2295	28
477	5	991	28
477	5	1252	29
478	5	626	29
480	5	678	29
481	5	521	29
481	5	1722	28
482	5	469	24
482	5	1461	28
482	5	1722	29
483	5	1722	28
483	5	1982	29
484	5	2035	28
484	5	2295	29
485	5	417	24
485	5	1617	28
485	5	1878	29
486	5	1252	28
486	5	1513	29
487	5	521	24
487	5	782	30
488	5	1252	28
488	5	1513	29
489	5	521	24
489	5	730	30
490	5	469	24
490	5	1304	28
490	5	1565	29
491	5	626	24
491	5	1304	28
491	5	1565	29
492	5	991	28
492	5	1252	29
493	5	417	24
494	5	521	24
494	5	991	28
494	5	1252	29
495	5	782	29
496	5	626	29
496	5	2139	28
497	5	469	29
498	5	417	24
498	5	1200	28
498	5	1461	29
499	5	521	29
500	5	521	24
500	5	782	30
501	5	1252	28
501	5	1513	29
502	5	730	29
503	5	417	24
503	5	730	30
503	5	1930	28
503	5	2295	25
505	5	417	24
505	5	1774	28
505	5	2035	29
506	5	417	24
506	5	1565	28
506	5	1826	29
507	5	1617	28
507	5	1878	29
508	5	521	24
508	5	782	30
508	5	2139	28
510	5	1982	28
510	5	2243	29
511	5	469	24
512	5	887	29
512	5	2139	28
513	5	991	28
513	5	1252	29
514	5	469	24
514	5	887	30
515	5	469	24
515	5	678	30
516	5	1304	28
516	5	1565	29
517	5	1252	28
517	5	1513	29
518	5	991	28
518	5	1252	29
519	5	417	24
519	5	991	28
519	5	1252	29
520	5	574	29
521	5	521	24
521	5	834	30
522	5	678	29
522	5	2139	28
523	5	469	24
523	5	834	30
524	5	2087	28
525	5	521	29
525	5	1774	28
526	5	469	24
526	5	2243	28
527	5	469	29
528	5	521	24
528	5	678	29
529	5	521	24
529	5	782	30
529	5	2139	28
530	5	1252	28
530	5	1513	29
531	5	417	24
531	5	1304	28
531	5	1565	29
532	5	887	29
533	5	1982	28
533	5	2243	29
534	5	469	24
534	5	626	29
534	5	2087	28
535	5	417	24
536	5	1304	28
536	5	1565	29
537	5	574	29
537	5	2243	28
538	5	469	29
539	5	521	24
539	5	678	30
540	5	469	24
540	5	2243	28
541	5	469	24
541	5	834	30
542	5	991	28
542	5	1252	29
543	5	417	24
543	5	1408	28
543	5	1669	29
544	5	521	29
544	5	1826	28
545	5	730	29
546	5	1200	28
546	5	1461	29
547	5	574	29
547	5	1930	28
548	5	417	24
549	5	1252	28
549	5	1513	29
550	5	469	29
550	5	1617	28
550	5	2295	24
551	5	469	29
551	5	1722	28
552	5	1356	28
552	5	1617	29
553	5	730	29
554	5	469	29
554	5	2243	28
555	5	469	29
555	5	1565	28
555	5	2087	24
555	5	2139	30
556	5	417	24
556	5	1252	28
556	5	1513	29
557	5	469	24
558	5	469	29
559	5	1043	28
559	5	1304	29
560	5	1356	28
560	5	1617	29
561	5	782	29
562	5	1043	28
562	5	1304	29
563	5	626	29
564	5	417	29
565	5	521	24
565	5	782	30
565	5	2087	28
566	5	417	24
566	5	991	28
566	5	1252	29
567	5	730	29
568	5	521	24
568	5	730	30
569	5	887	29
570	5	1304	28
570	5	1565	29
571	5	469	24
571	5	730	30
572	5	1408	28
572	5	1669	29
573	5	417	24
574	5	626	24
575	5	521	24
575	5	730	30
576	5	1148	28
576	5	1408	29
577	5	417	24
577	5	834	30
578	5	1043	28
578	5	1304	29
579	5	469	24
580	5	2035	28
580	5	2295	29
581	5	1043	28
581	5	1304	29
582	5	678	29
583	5	521	24
583	5	730	29
583	5	1669	28
584	5	521	24
584	5	834	30
585	5	521	24
585	5	782	30
586	5	678	29
587	5	469	29
587	5	1669	28
588	5	521	29
589	5	469	24
589	5	834	30
590	5	521	24
590	5	991	28
590	5	1252	29
591	5	469	24
591	5	2035	28
591	5	2295	29
593	5	417	24
593	5	2035	28
593	5	2295	29
594	5	730	29
595	5	521	24
595	5	887	30
595	5	2243	28
596	5	678	29
597	5	417	24
597	5	1669	28
597	5	1930	29
598	5	521	24
598	5	678	30
599	5	521	24
599	5	730	30
600	5	1669	28
600	5	1930	29
601	5	574	24
601	5	991	28
601	5	1252	29
602	5	1252	28
602	5	1513	29
603	5	730	29
604	5	782	29
604	5	2243	28
605	5	1095	28
605	5	1356	29
606	5	469	24
606	5	1148	28
606	5	1408	29
607	5	469	24
607	5	887	29
607	5	2295	28
608	5	469	29
610	5	469	24
611	5	678	29
612	5	1095	28
612	5	1356	29
613	5	1304	28
613	5	1565	29
614	5	1148	28
614	5	1408	29
615	5	887	29
616	5	1043	28
616	5	1304	29
617	5	417	24
617	5	2243	28
618	5	2087	28
619	5	887	29
620	5	521	24
620	5	782	30
621	5	991	28
621	5	1252	29
622	5	469	29
623	5	469	24
623	5	1826	28
623	5	2087	29
624	5	469	29
625	5	417	24
625	5	1356	28
625	5	1617	29
626	5	417	29
627	5	417	24
627	5	1043	28
627	5	1304	29
628	5	626	29
629	5	834	29
630	5	469	24
630	5	1513	28
630	5	1774	29
631	5	417	24
631	5	1252	28
631	5	1513	29
632	5	521	24
632	5	678	30
633	5	1513	28
633	5	1774	29
634	5	1200	28
634	5	1461	29
635	5	1356	28
635	5	1617	29
636	5	2191	28
637	5	1304	28
637	5	1565	29
638	5	1878	28
638	5	2139	29
639	5	469	24
639	5	834	30
640	5	730	29
641	5	574	29
642	5	1200	28
642	5	1461	29
643	5	2295	28
644	5	574	24
644	5	1982	28
644	5	2243	29
645	5	730	29
646	5	521	24
646	5	730	30
647	5	1513	28
647	5	1774	29
648	5	730	29
649	5	521	24
649	5	1043	28
649	5	1304	29
650	5	417	24
650	5	1982	28
650	5	2243	29
651	5	417	24
651	5	2243	28
652	5	574	29
652	5	2295	28
653	5	574	29
654	5	469	24
654	5	1878	28
654	5	2139	29
655	5	417	24
655	5	1252	28
655	5	1513	29
656	5	626	29
657	5	469	29
658	5	521	24
658	5	1043	28
658	5	1304	29
659	5	1148	28
659	5	1408	29
660	5	417	24
660	5	2243	28
661	5	521	24
661	5	991	28
661	5	1252	29
662	5	678	29
663	5	469	24
663	5	1565	28
663	5	1826	29
664	5	521	24
664	5	991	28
664	5	1252	29
665	5	521	24
665	5	834	30
666	5	521	24
666	5	782	30
667	5	469	29
668	5	469	24
668	5	1408	28
668	5	1669	29
669	5	417	24
669	5	1461	28
669	5	1722	29
670	5	834	29
671	5	1408	28
671	5	1669	29
672	5	834	29
673	5	730	29
674	5	469	24
674	5	1252	28
674	5	1513	29
675	5	1043	28
675	5	1304	29
676	5	521	24
676	5	834	29
676	5	2087	28
677	5	834	29
678	5	521	24
678	5	887	30
679	5	1200	28
679	5	1461	29
680	5	1043	28
680	5	1304	29
681	5	887	29
682	5	469	24
682	5	1043	28
682	5	1304	29
683	5	1200	28
683	5	1461	29
684	5	1043	28
684	5	1304	29
685	5	469	24
685	5	1982	28
685	5	2243	29
686	5	417	24
686	5	1148	28
686	5	1408	29
687	5	1356	28
687	5	1617	29
688	5	1200	28
688	5	1461	29
689	5	1148	28
689	5	1408	29
690	5	469	24
690	5	2295	28
691	5	521	24
691	5	834	30
691	5	2295	28
692	5	574	29
692	5	1774	28
693	5	574	29
693	5	2139	28
694	5	574	24
694	5	1043	28
694	5	1304	29
695	5	469	24
695	5	678	30
696	5	887	29
697	5	521	24
697	5	991	28
697	5	1252	29
698	5	1461	28
698	5	1722	29
699	5	626	29
700	5	574	29
701	5	887	29
701	5	2191	28
702	5	626	29
703	5	469	29
703	5	2191	28
704	5	1982	28
704	5	2243	29
705	5	417	24
705	5	1461	28
705	5	1722	29
706	5	417	24
706	5	782	30
707	5	417	24
707	5	1148	28
707	5	1408	29
708	5	1095	28
708	5	1356	29
709	5	521	29
709	5	2035	28
710	5	521	29
711	5	417	24
711	5	1461	28
711	5	1722	29
712	5	782	29
713	5	469	24
714	5	521	24
714	5	678	29
715	5	417	24
715	5	1461	28
715	5	1722	29
716	5	521	24
716	5	678	29
717	5	1043	28
717	5	1304	29
718	5	469	29
718	5	2139	28
719	5	834	29
720	5	1982	28
720	5	2243	29
721	5	678	29
722	5	469	29
722	5	1565	28
723	5	678	29
724	5	678	29
725	5	521	29
726	5	626	29
727	5	1252	28
727	5	1513	29
728	5	1878	28
728	5	2139	29
729	5	417	24
729	5	887	30
730	5	469	24
730	5	1252	28
730	5	1513	29
731	5	417	24
731	5	730	30
732	5	574	24
732	5	1513	28
732	5	1774	29
733	5	521	24
733	5	834	30
734	5	469	29
734	5	2243	28
735	5	1982	28
735	5	2243	29
736	5	1043	28
736	5	1304	29
737	5	521	24
737	5	1043	28
737	5	1304	29
738	5	469	24
738	5	1043	28
738	5	1304	29
739	5	417	24
739	5	1356	28
739	5	1617	29
741	5	574	29
742	5	521	24
742	5	782	30
742	5	2191	28
743	5	521	24
743	5	834	30
744	5	1148	28
744	5	1408	29
745	5	1095	28
745	5	1356	29
746	5	417	29
747	5	469	24
747	5	1356	28
747	5	1617	29
748	5	417	29
749	5	1356	28
749	5	1617	29
750	5	626	24
750	5	1982	28
750	5	2243	29
751	5	417	24
752	5	834	29
752	5	2191	28
753	5	521	24
753	5	730	30
753	5	2243	28
754	5	521	24
754	5	782	30
755	5	521	24
755	5	782	30
756	5	521	24
756	5	834	30
757	5	1565	28
757	5	1826	29
758	5	469	24
758	5	678	29
759	5	417	24
760	5	626	29
761	5	469	24
761	5	1513	28
761	5	1774	29
762	5	521	29
763	5	1148	28
763	5	1408	29
764	5	469	24
765	5	469	29
766	5	574	24
766	5	1095	28
766	5	1356	29
767	5	1148	28
767	5	1408	29
768	5	1408	28
768	5	1669	29
769	5	730	29
770	5	469	24
771	5	1148	28
771	5	1408	29
772	5	782	29
773	5	1408	28
773	5	1669	29
774	5	469	29
775	5	1252	28
775	5	1513	29
776	5	469	29
776	5	1878	28
777	5	2035	28
777	5	2295	29
778	5	417	24
778	5	1043	28
778	5	1304	29
779	5	1930	28
779	5	2191	29
780	5	574	29
781	5	417	24
781	5	1148	28
781	5	1408	29
782	5	469	24
782	5	1826	28
782	5	2087	29
783	5	1461	28
783	5	1722	29
784	5	469	29
785	5	574	29
786	5	469	24
787	5	469	24
787	5	1774	28
787	5	2035	29
788	5	469	29
789	5	1095	28
789	5	1356	29
790	5	469	24
790	5	1513	28
790	5	1774	29
791	5	469	24
791	5	1982	28
791	5	2243	29
792	5	574	24
792	5	887	30
793	5	469	29
793	5	2191	28
794	5	521	24
794	5	730	30
795	5	469	24
795	5	2035	28
795	5	2295	29
796	5	1304	28
796	5	1565	29
797	5	521	24
797	5	834	29
798	5	1043	28
798	5	1304	29
800	5	1252	28
800	5	1513	29
801	5	1356	28
801	5	1617	29
802	5	469	24
802	5	1148	28
802	5	1408	29
803	5	574	24
803	5	1148	28
803	5	1408	30
804	5	574	29
806	5	1356	28
806	5	1617	29
807	5	521	24
807	5	730	30
808	5	1982	28
808	5	2243	29
809	5	1722	28
809	5	1982	29
810	5	417	24
810	5	730	30
811	5	521	24
811	5	730	30
812	5	417	29
812	5	1930	28
813	5	469	24
813	5	1513	28
813	5	1774	29
814	5	574	29
815	5	469	29
816	5	1095	28
816	5	1356	29
817	5	2139	28
818	5	469	24
818	5	1304	28
818	5	1565	29
819	5	1461	28
819	5	1722	29
820	5	626	29
821	5	1200	28
821	5	1461	29
822	5	521	24
822	5	678	30
823	5	521	24
823	5	730	29
823	5	1878	28
824	5	1043	28
824	5	1304	29
825	5	1043	28
825	5	1304	29
826	5	887	29
827	5	782	29
828	5	1252	28
828	5	1513	29
829	5	469	24
829	5	2243	28
830	5	1095	28
830	5	1356	29
831	5	417	24
831	5	1043	28
831	5	1304	29
831	5	2295	30
832	5	521	24
832	5	834	30
832	5	2139	28
833	5	1200	28
833	5	1461	29
834	5	521	24
834	5	834	30
834	5	2243	28
835	5	469	24
835	5	1513	28
835	5	1774	29
836	5	2087	28
837	5	469	24
837	5	1722	28
837	5	1982	29
838	5	469	29
838	5	2035	28
839	5	1356	28
839	5	1617	29
840	5	469	29
840	5	1513	28
841	5	417	24
841	5	782	30
842	5	730	29
842	5	2295	28
843	5	521	24
843	5	730	30
843	5	2035	28
844	5	1200	28
844	5	1461	29
845	5	417	24
845	5	1565	28
845	5	1826	29
846	5	1408	28
846	5	1669	29
847	5	417	24
847	5	1565	28
847	5	1826	29
848	5	417	24
848	5	626	30
849	5	1930	28
849	5	2191	29
850	5	521	24
850	5	887	30
851	5	417	24
852	5	834	29
853	5	1356	28
853	5	1617	29
854	5	1095	28
854	5	1356	29
855	5	521	29
856	5	626	24
856	5	1826	28
856	5	2087	29
857	5	469	24
857	5	2035	28
857	5	2295	29
858	5	678	29
859	5	782	29
860	5	1565	28
860	5	1826	29
861	5	521	24
861	5	834	30
862	5	1513	28
862	5	1774	29
863	5	417	24
863	5	887	30
864	5	469	24
864	5	730	30
864	5	2191	28
865	5	469	24
865	5	887	30
866	5	521	24
866	5	730	30
867	5	678	29
868	5	469	29
869	5	991	28
869	5	1252	29
870	5	1095	28
870	5	1356	29
871	5	469	24
871	5	1461	28
871	5	1722	29
872	5	417	24
873	5	521	24
873	5	834	30
875	5	521	29
876	5	521	24
876	5	991	28
876	5	1252	29
877	5	521	24
877	5	730	30
878	5	417	24
878	5	1513	28
878	5	1774	29
879	5	626	29
880	5	521	24
880	5	730	29
881	5	887	29
882	5	1252	28
882	5	1513	29
883	5	469	24
883	5	2191	28
884	5	521	24
884	5	887	30
885	5	469	24
885	5	887	30
886	5	417	24
886	5	1878	28
886	5	2139	29
887	5	574	29
888	5	1878	28
888	5	2139	29
889	5	1356	28
889	5	1617	29
890	5	1252	28
890	5	1513	29
891	5	521	24
891	5	887	30
892	5	1461	28
892	5	1722	29
893	5	521	29
894	5	574	24
894	5	1408	28
894	5	1669	29
895	5	574	29
896	5	521	24
896	5	887	30
897	5	469	29
898	5	469	29
898	5	1774	28
899	5	521	24
899	5	887	30
900	5	887	29
901	5	469	24
901	5	678	29
902	5	782	29
902	5	2243	28
903	5	469	29
903	5	1930	28
905	5	1148	28
905	5	1408	29
906	5	469	24
906	5	730	30
907	5	2035	28
907	5	2295	29
908	5	469	24
908	5	834	30
909	5	1930	28
909	5	2191	29
910	5	1148	28
910	5	1408	29
911	5	469	24
912	5	417	24
912	5	1043	28
912	5	1304	29
913	5	469	24
913	5	1565	28
913	5	1826	29
914	5	730	29
915	5	469	24
915	5	1617	28
915	5	1878	29
916	5	521	24
916	5	887	30
917	5	626	29
918	5	1200	28
918	5	1461	29
919	5	469	24
919	5	2035	28
919	5	2295	29
920	5	730	29
921	5	417	24
922	5	574	29
923	5	1200	28
923	5	1461	29
924	5	521	29
924	5	1722	28
925	5	521	24
925	5	834	30
926	5	417	24
926	5	1043	28
926	5	1304	29
927	5	834	29
929	5	574	24
929	5	1043	28
929	5	1304	29
931	5	521	24
931	5	782	30
932	5	1095	28
932	5	1356	29
933	5	417	24
933	5	1513	28
933	5	1774	29
934	5	1043	28
934	5	1304	29
935	5	469	29
936	5	730	29
937	5	834	29
938	5	1043	28
938	5	1304	29
939	5	1200	28
939	5	1461	29
940	5	574	29
940	5	2035	28
941	5	469	29
941	5	1930	28
942	5	417	24
942	5	730	30
943	5	730	29
944	5	626	29
945	5	1461	28
945	5	1722	29
946	5	417	24
946	5	1356	28
946	5	1617	29
947	5	521	24
947	5	834	30
947	5	2139	28
948	5	469	24
948	5	834	30
949	5	469	29
949	5	1565	28
950	5	521	24
950	5	730	29
951	5	2295	28
952	5	2139	28
953	5	521	24
953	5	834	30
954	5	469	29
954	5	2191	28
956	5	730	29
957	5	417	29
958	5	1148	28
958	5	1408	29
960	5	626	24
960	5	1095	28
960	5	1356	29
961	5	574	29
962	5	1982	28
962	5	2243	29
963	5	521	24
963	5	887	30
964	5	469	29
964	5	1774	28
965	5	834	29
966	5	521	24
966	5	730	30
967	5	1356	28
967	5	1617	29
968	5	574	29
969	5	626	29
969	5	2295	28
971	5	469	24
971	5	1043	28
971	5	1304	29
972	5	521	24
972	5	626	29
972	5	1722	28
973	5	574	29
974	5	417	24
974	5	991	28
974	5	1252	29
975	5	469	24
975	5	2035	28
975	5	2295	29
976	5	574	29
976	5	2035	28
977	5	1826	28
977	5	2087	29
978	5	469	29
979	5	1304	28
979	5	1565	29
980	5	1826	28
980	5	2087	29
981	5	887	29
982	5	521	29
983	5	521	24
983	5	834	29
984	5	417	24
984	5	1408	28
984	5	1669	29
985	5	469	24
985	5	1356	28
985	5	1617	29
986	5	2243	28
987	5	1148	28
987	5	1408	29
988	5	521	29
989	5	521	24
989	5	782	30
990	5	1774	28
990	5	2035	29
992	5	1774	28
992	5	2035	29
993	5	782	29
994	5	1982	28
994	5	2243	29
995	5	521	24
995	5	730	30
996	5	1200	28
996	5	1461	29
997	5	2295	28
998	5	417	24
998	5	1095	28
998	5	1356	29
999	5	1356	28
999	5	1617	29
