Realization	utility	week	infra.
0	0	834	29
1	0	730	29
3	0	1565	29
4	0	1043	29
5	0	834	29
6	0	1356	29
7	0	1252	29
8	0	1304	29
10	0	730	29
14	0	730	29
15	0	834	29
16	0	887	29
17	0	782	29
18	0	782	29
20	0	1200	29
21	0	678	29
22	0	1722	29
23	0	834	29
24	0	834	29
26	0	1408	29
27	0	834	29
28	0	1252	29
29	0	1722	29
30	0	1774	29
31	0	1617	29
32	0	1461	29
33	0	1252	29
34	0	1252	29
35	0	939	29
36	0	1200	29
37	0	1826	29
38	0	1722	29
39	0	1408	29
40	0	730	29
41	0	1304	29
42	0	1252	29
43	0	887	29
45	0	1252	29
46	0	1774	29
47	0	1669	29
49	0	991	29
53	0	887	29
57	0	730	29
58	0	991	29
59	0	782	29
62	0	991	29
63	0	1252	29
65	0	1252	29
66	0	1722	29
67	0	1304	29
69	0	1513	29
71	0	1565	29
75	0	834	29
76	0	2295	29
77	0	2139	29
79	0	1774	29
80	0	991	29
81	0	1982	29
82	0	2087	29
83	0	2035	29
84	0	1930	29
87	0	834	29
88	0	1148	29
89	0	1513	29
90	0	1722	29
92	0	887	29
95	0	2087	29
96	0	1408	29
99	0	1774	29
101	0	1304	29
102	0	1408	29
104	0	1252	29
106	0	1200	29
107	0	782	29
108	0	1356	29
109	0	2139	29
110	0	834	29
111	0	2191	29
112	0	1774	29
113	0	782	29
114	0	1878	29
116	0	2087	29
117	0	2139	29
118	0	1565	29
119	0	1774	29
120	0	1565	29
122	0	834	29
124	0	939	29
125	0	939	29
126	0	834	29
127	0	887	29
128	0	730	29
131	0	1356	29
132	0	782	29
133	0	1148	29
134	0	1408	29
135	0	887	29
136	0	782	29
137	0	1356	29
138	0	730	29
139	0	887	29
139	0	2295	30
141	0	834	29
142	0	1513	29
143	0	1617	29
145	0	1617	29
146	0	1200	29
147	0	1304	29
149	0	782	29
150	0	939	29
151	0	2087	29
152	0	1043	29
153	0	1722	29
154	0	991	29
155	0	782	29
156	0	939	29
158	0	1148	29
159	0	834	29
160	0	1513	29
162	0	1356	29
164	0	834	29
165	0	991	29
169	0	887	29
170	0	887	29
171	0	2295	29
172	0	1461	29
174	0	1461	29
175	0	1252	29
176	0	834	29
179	0	991	29
181	0	834	29
183	0	887	29
185	0	991	29
187	0	1200	29
189	0	1148	29
190	0	1617	29
191	0	782	29
192	0	1043	29
193	0	1461	29
196	0	834	29
198	0	1408	29
199	0	834	29
200	0	1617	29
202	0	1304	29
203	0	1565	29
204	0	939	29
205	0	1774	29
206	0	730	29
206	0	2035	30
207	0	782	29
208	0	991	29
210	0	991	29
212	0	1461	29
215	0	1669	29
217	0	1408	29
218	0	1408	29
221	0	1304	29
224	0	1408	29
225	0	782	29
226	0	887	29
227	0	1826	29
228	0	834	29
229	0	1148	29
230	0	730	29
231	0	834	29
232	0	782	29
233	0	1617	29
236	0	2243	29
239	0	1774	29
240	0	834	29
241	0	1461	29
242	0	1252	29
243	0	834	29
244	0	834	29
248	0	782	29
249	0	782	29
250	0	887	29
251	0	1513	29
253	0	1982	29
255	0	1722	29
256	0	1461	29
257	0	2087	29
258	0	782	29
259	0	887	29
260	0	1461	29
262	0	1408	29
264	0	1408	29
265	0	939	29
266	0	1304	29
267	0	782	29
268	0	1565	29
269	0	887	29
271	0	1252	29
272	0	939	29
272	0	2243	30
280	0	1878	29
283	0	1669	29
284	0	834	29
285	0	1617	29
286	0	782	29
287	0	1722	29
288	0	939	29
292	0	2295	29
293	0	730	29
294	0	939	29
295	0	1722	29
296	0	834	29
298	0	1356	29
299	0	834	29
300	0	2295	29
301	0	834	29
302	0	1200	29
303	0	834	29
304	0	834	29
306	0	834	29
307	0	2035	29
308	0	1617	29
309	0	834	29
310	0	1356	29
315	0	1043	29
317	0	1722	29
320	0	1617	29
321	0	782	29
322	0	887	29
324	0	1982	29
325	0	1878	29
326	0	782	29
327	0	1513	29
328	0	2087	29
330	0	1200	29
331	0	834	29
332	0	1200	29
333	0	782	29
334	0	1878	29
335	0	782	29
336	0	939	29
337	0	2035	29
339	0	939	29
340	0	1617	29
341	0	1617	29
342	0	887	29
343	0	730	29
345	0	1200	29
346	0	991	29
347	0	1148	29
348	0	834	29
349	0	887	29
351	0	1617	29
352	0	1095	29
353	0	834	29
354	0	730	29
355	0	887	29
356	0	1408	29
357	0	1408	29
358	0	1669	29
360	0	2087	29
361	0	1304	29
364	0	834	29
366	0	1461	29
367	0	939	29
368	0	730	29
369	0	991	29
371	0	834	29
372	0	1304	29
375	0	1722	29
376	0	2139	29
377	0	1617	29
378	0	1513	29
379	0	1356	29
381	0	1565	29
382	0	887	29
384	0	1095	29
385	0	1408	29
387	0	939	29
389	0	834	29
390	0	730	29
391	0	887	29
392	0	1982	29
393	0	834	29
394	0	1356	29
396	0	730	29
397	0	1617	29
399	0	834	29
400	0	1200	29
402	0	1252	29
404	0	1774	29
405	0	1722	29
406	0	991	29
407	0	1408	29
409	0	2295	29
411	0	782	29
412	0	782	29
412	0	2087	30
413	0	730	29
413	0	2295	30
414	0	1408	29
415	0	887	29
417	0	939	29
418	0	991	29
419	0	887	29
420	0	1356	29
423	0	1356	29
424	0	834	29
424	0	2139	30
425	0	1513	29
426	0	1461	29
428	0	887	29
429	0	1200	29
430	0	887	29
431	0	678	29
432	0	939	29
433	0	1408	29
434	0	834	29
435	0	834	29
436	0	887	29
437	0	782	29
438	0	1148	29
440	0	1722	29
442	0	1252	29
445	0	834	29
446	0	1930	29
451	0	1252	29
452	0	939	29
453	0	782	29
455	0	1565	29
456	0	1669	29
460	0	834	29
461	0	834	29
462	0	1408	29
463	0	991	29
464	0	1356	29
465	0	887	29
466	0	782	29
467	0	939	29
468	0	887	29
469	0	730	29
471	0	2139	29
472	0	1565	29
473	0	1408	29
474	0	887	29
475	0	2243	29
481	0	991	29
482	0	1252	29
486	0	1565	29
487	0	782	29
489	0	782	29
490	0	1304	29
491	0	1356	29
492	0	1408	29
494	0	887	29
495	0	1408	29
496	0	1043	29
497	0	834	29
498	0	1565	29
499	0	1617	29
500	0	782	29
501	0	2243	29
502	0	1408	29
503	0	782	29
503	0	2139	30
506	0	1617	29
508	0	939	29
512	0	1356	29
513	0	1565	29
514	0	991	29
515	0	730	29
516	0	2243	29
517	0	2295	29
518	0	1461	29
519	0	1304	29
521	0	782	29
522	0	1252	29
523	0	834	29
525	0	1043	29
527	0	834	29
528	0	834	29
529	0	834	29
530	0	1565	29
531	0	1513	29
532	0	1669	29
534	0	730	29
536	0	2295	29
537	0	1461	29
538	0	782	29
539	0	782	29
541	0	1669	29
542	0	1565	29
543	0	1513	29
544	0	1148	29
546	0	1669	29
547	0	1043	29
549	0	1565	29
550	0	939	29
551	0	834	29
553	0	1408	29
554	0	730	29
555	0	782	29
555	0	2191	30
556	0	1461	29
558	0	939	29
559	0	1356	29
562	0	1513	29
563	0	1356	29
565	0	834	29
566	0	887	29
567	0	1513	29
568	0	782	29
569	0	1461	29
570	0	1617	29
571	0	782	29
575	0	782	29
576	0	1617	29
577	0	834	29
578	0	1669	29
581	0	1565	29
582	0	1408	29
583	0	782	29
584	0	834	29
585	0	730	29
586	0	1304	29
587	0	782	29
588	0	1408	29
589	0	1043	29
590	0	834	29
594	0	1565	29
595	0	939	29
596	0	1148	29
598	0	730	29
599	0	782	29
601	0	1461	29
604	0	1513	29
605	0	1617	29
606	0	1148	29
607	0	834	29
608	0	991	29
611	0	1982	29
612	0	1408	29
614	0	1669	29
615	0	1669	29
616	0	1408	29
620	0	834	29
621	0	1461	29
622	0	782	29
623	0	2191	29
624	0	887	29
625	0	1408	29
626	0	939	29
627	0	1148	29
628	0	1200	29
629	0	1982	29
630	0	1722	29
631	0	1408	29
632	0	730	29
634	0	1565	29
639	0	1304	29
642	0	1565	29
644	0	1878	29
645	0	1356	29
646	0	834	29
648	0	1513	29
649	0	939	29
650	0	1982	29
652	0	1252	29
653	0	1356	29
655	0	1461	29
656	0	1408	29
658	0	939	29
659	0	1722	29
661	0	887	29
662	0	1148	29
663	0	1565	29
664	0	939	29
665	0	834	29
666	0	834	29
667	0	887	29
668	0	1513	29
669	0	1408	29
670	0	1356	29
672	0	2295	29
673	0	1982	29
674	0	1252	29
675	0	1565	29
676	0	939	29
677	0	1304	29
678	0	939	29
680	0	1565	29
682	0	1617	29
684	0	1356	29
685	0	1200	29
688	0	2295	29
689	0	1878	29
690	0	2295	29
691	0	939	29
692	0	1148	29
693	0	1304	29
694	0	1252	29
695	0	730	29
697	0	939	29
699	0	1408	29
701	0	1252	29
703	0	939	29
705	0	1565	29
706	0	834	29
707	0	1513	29
708	0	1513	29
709	0	1200	29
710	0	991	29
711	0	1617	29
712	0	1461	29
714	0	782	29
715	0	1408	29
716	0	730	29
717	0	1565	29
718	0	834	29
721	0	1408	29
722	0	730	29
724	0	2191	29
725	0	991	29
726	0	1252	29
728	0	2295	29
729	0	991	29
730	0	1304	29
731	0	730	29
732	0	2295	29
733	0	887	29
734	0	887	29
737	0	939	29
738	0	1148	29
739	0	1513	29
741	0	1461	29
742	0	730	29
743	0	887	29
744	0	1617	29
747	0	1617	29
750	0	1982	29
752	0	1356	29
753	0	939	29
754	0	834	29
755	0	730	29
756	0	887	29
757	0	2295	29
758	0	834	29
760	0	1774	29
761	0	1826	29
762	0	1148	29
763	0	2035	29
765	0	782	29
767	0	1565	29
769	0	2295	29
771	0	1565	29
772	0	2243	29
774	0	834	29
776	0	730	29
778	0	1356	29
781	0	1252	29
782	0	1565	29
784	0	939	29
788	0	887	29
789	0	1513	29
790	0	1669	29
792	0	1617	29
793	0	782	29
794	0	782	29
797	0	834	29
798	0	1669	29
801	0	2035	29
802	0	1043	29
803	0	1043	29
804	0	1722	29
807	0	730	29
809	0	2139	29
810	0	782	29
811	0	834	29
812	0	834	29
813	0	2139	29
815	0	834	29
816	0	1565	29
818	0	1408	29
820	0	2139	29
821	0	1774	29
822	0	834	29
823	0	834	29
824	0	1513	29
825	0	1461	29
826	0	1513	29
828	0	1669	29
831	0	939	29
832	0	834	29
833	0	2139	29
834	0	887	29
835	0	1669	29
837	0	1774	29
838	0	834	29
839	0	2087	29
840	0	730	29
841	0	939	29
842	0	1461	29
843	0	782	29
847	0	1669	29
848	0	730	29
850	0	887	29
853	0	1930	29
854	0	1408	29
855	0	2295	29
856	0	1774	29
858	0	1356	29
863	0	1148	29
864	0	834	29
865	0	939	29
866	0	782	29
867	0	1513	29
868	0	887	29
869	0	1565	29
870	0	1669	29
871	0	1722	29
873	0	834	29
875	0	1461	29
876	0	887	29
877	0	834	29
878	0	1669	29
880	0	834	29
882	0	1461	29
884	0	1617	29
885	0	887	29
887	0	1513	29
890	0	1669	29
891	0	939	29
894	0	1774	29
895	0	1669	29
896	0	887	29
897	0	887	29
898	0	939	29
899	0	939	29
900	0	1461	29
901	0	834	29
902	0	1252	29
903	0	1565	29
906	0	887	29
908	0	834	29
910	0	1669	29
912	0	887	29
913	0	1774	29
914	0	1356	29
915	0	1669	29
916	0	887	29
917	0	1826	29
918	0	1565	29
922	0	1565	29
924	0	1095	29
925	0	1461	29
926	0	1200	29
927	0	1513	29
929	0	1356	29
931	0	782	29
932	0	1513	29
933	0	1565	29
934	0	1513	29
935	0	939	29
936	0	2295	29
938	0	1565	29
940	0	1356	29
941	0	887	29
942	0	782	29
944	0	1617	29
946	0	1513	29
947	0	834	29
948	0	887	29
949	0	782	29
950	0	782	29
953	0	887	29
954	0	834	29
960	0	1148	29
961	0	1252	29
963	0	834	29
964	0	939	29
965	0	1617	29
966	0	939	29
968	0	1461	29
969	0	1200	29
971	0	887	29
972	0	834	29
976	0	1252	29
978	0	887	29
979	0	1722	29
981	0	1408	29
982	0	939	29
983	0	887	29
984	0	1513	29
985	0	1565	29
988	0	1200	29
989	0	834	29
995	0	730	29
996	0	2139	29
998	0	1043	29
0	1	834	29
1	1	730	29
3	1	1565	29
4	1	1043	29
5	1	834	29
6	1	1356	29
7	1	1252	29
8	1	1304	29
10	1	730	29
14	1	730	29
15	1	834	29
16	1	887	29
17	1	782	29
18	1	782	29
20	1	1200	29
21	1	678	29
22	1	1722	29
23	1	834	29
24	1	834	29
26	1	1408	29
27	1	834	29
28	1	1252	29
29	1	1722	29
30	1	1774	29
31	1	1617	29
32	1	1461	29
33	1	1252	29
34	1	1252	29
35	1	939	29
36	1	1200	29
37	1	1826	29
38	1	1722	29
39	1	1408	29
40	1	730	29
41	1	1304	29
42	1	1252	29
43	1	887	29
45	1	1252	29
46	1	1774	29
47	1	1669	29
49	1	991	29
53	1	887	29
57	1	730	29
58	1	991	29
59	1	782	29
62	1	991	29
63	1	1252	29
65	1	1252	29
66	1	1722	29
67	1	1304	29
69	1	1513	29
71	1	1565	29
75	1	834	29
76	1	2295	29
77	1	2139	29
79	1	1774	29
80	1	991	29
81	1	1982	29
82	1	2087	29
83	1	2035	29
84	1	1930	29
87	1	834	29
88	1	1148	29
89	1	1513	29
90	1	1722	29
92	1	887	29
95	1	2087	29
96	1	1408	29
99	1	1774	29
101	1	1304	29
102	1	1408	29
104	1	1252	29
106	1	1200	29
107	1	782	29
108	1	1356	29
109	1	2139	29
110	1	834	29
111	1	2191	29
112	1	1774	29
113	1	782	29
114	1	1878	29
116	1	2087	29
117	1	2139	29
118	1	1565	29
119	1	1774	29
120	1	1565	29
122	1	834	29
124	1	939	29
125	1	939	29
126	1	834	29
127	1	887	29
128	1	730	29
131	1	1356	29
132	1	782	29
133	1	1148	29
134	1	1408	29
135	1	887	29
136	1	782	29
137	1	1356	29
138	1	730	29
139	1	887	29
139	1	2295	30
141	1	834	29
142	1	1513	29
143	1	1617	29
145	1	1617	29
146	1	1200	29
147	1	1304	29
149	1	782	29
150	1	939	29
151	1	2087	29
152	1	1043	29
153	1	1722	29
154	1	991	29
155	1	782	29
156	1	939	29
158	1	1148	29
159	1	834	29
160	1	1513	29
162	1	1356	29
164	1	834	29
165	1	991	29
169	1	887	29
170	1	887	29
171	1	2295	29
172	1	1461	29
174	1	1461	29
175	1	1252	29
176	1	834	29
179	1	991	29
181	1	834	29
183	1	887	29
185	1	991	29
187	1	1200	29
189	1	1148	29
190	1	1617	29
191	1	782	29
192	1	1043	29
193	1	1461	29
196	1	834	29
198	1	1408	29
199	1	834	29
200	1	1617	29
202	1	1304	29
203	1	1565	29
204	1	939	29
205	1	1774	29
206	1	730	29
206	1	2035	30
207	1	782	29
208	1	991	29
210	1	991	29
212	1	1461	29
215	1	1669	29
217	1	1408	29
218	1	1408	29
221	1	1304	29
224	1	1408	29
225	1	782	29
226	1	887	29
227	1	1826	29
228	1	834	29
229	1	1148	29
230	1	730	29
231	1	834	29
232	1	782	29
233	1	1617	29
236	1	2243	29
239	1	1774	29
240	1	834	29
241	1	1461	29
242	1	1252	29
243	1	834	29
244	1	834	29
248	1	782	29
249	1	782	29
250	1	887	29
251	1	1513	29
253	1	1982	29
255	1	1722	29
256	1	1461	29
257	1	2087	29
258	1	782	29
259	1	887	29
260	1	1461	29
262	1	1408	29
264	1	1408	29
265	1	939	29
266	1	1304	29
267	1	782	29
268	1	1565	29
269	1	887	29
271	1	1252	29
272	1	939	29
272	1	2243	30
280	1	1878	29
283	1	1669	29
284	1	834	29
285	1	1617	29
286	1	782	29
287	1	1722	29
288	1	939	29
292	1	2295	29
293	1	730	29
294	1	939	29
295	1	1722	29
296	1	834	29
298	1	1356	29
299	1	834	29
300	1	2295	29
301	1	834	29
302	1	1200	29
303	1	834	29
304	1	834	29
306	1	834	29
307	1	2035	29
308	1	1617	29
309	1	834	29
310	1	1356	29
315	1	1043	29
317	1	1722	29
320	1	1617	29
321	1	782	29
322	1	887	29
324	1	1982	29
325	1	1878	29
326	1	782	29
327	1	1513	29
328	1	2087	29
330	1	1200	29
331	1	834	29
332	1	1200	29
333	1	782	29
334	1	1878	29
335	1	782	29
336	1	939	29
337	1	2035	29
339	1	939	29
340	1	1617	29
341	1	1617	29
342	1	887	29
343	1	730	29
345	1	1200	29
346	1	991	29
347	1	1148	29
348	1	834	29
349	1	887	29
351	1	1617	29
352	1	1095	29
353	1	834	29
354	1	730	29
355	1	887	29
356	1	1408	29
357	1	1408	29
358	1	1669	29
360	1	2087	29
361	1	1304	29
364	1	834	29
366	1	1461	29
367	1	939	29
368	1	730	29
369	1	991	29
371	1	834	29
372	1	1304	29
375	1	1722	29
376	1	2139	29
377	1	1617	29
378	1	1513	29
379	1	1356	29
381	1	1565	29
382	1	887	29
384	1	1095	29
385	1	1408	29
387	1	939	29
389	1	834	29
390	1	730	29
391	1	887	29
392	1	1982	29
393	1	834	29
394	1	1356	29
396	1	730	29
397	1	1617	29
399	1	834	29
400	1	1200	29
402	1	1252	29
404	1	1774	29
405	1	1722	29
406	1	991	29
407	1	1408	29
409	1	2295	29
411	1	782	29
412	1	782	29
412	1	2087	30
413	1	730	29
413	1	2295	30
414	1	1408	29
415	1	887	29
417	1	939	29
418	1	991	29
419	1	887	29
420	1	1356	29
423	1	1356	29
424	1	834	29
424	1	2139	30
425	1	1513	29
426	1	1461	29
428	1	887	29
429	1	1200	29
430	1	887	29
431	1	678	29
432	1	939	29
433	1	1408	29
434	1	834	29
435	1	834	29
436	1	887	29
437	1	782	29
438	1	1148	29
440	1	1722	29
442	1	1252	29
445	1	834	29
446	1	1930	29
451	1	1252	29
452	1	939	29
453	1	782	29
455	1	1565	29
456	1	1669	29
460	1	834	29
461	1	834	29
462	1	1408	29
463	1	991	29
464	1	1356	29
465	1	887	29
466	1	782	29
467	1	939	29
468	1	887	29
469	1	730	29
471	1	2139	29
472	1	1565	29
473	1	1408	29
474	1	887	29
475	1	2243	29
481	1	991	29
482	1	1252	29
486	1	1565	29
487	1	782	29
489	1	782	29
490	1	1304	29
491	1	1356	29
492	1	1408	29
494	1	887	29
495	1	1408	29
496	1	1043	29
497	1	834	29
498	1	1565	29
499	1	1617	29
500	1	782	29
501	1	2243	29
502	1	1408	29
503	1	782	29
503	1	2139	30
506	1	1617	29
508	1	939	29
512	1	1356	29
513	1	1565	29
514	1	991	29
515	1	730	29
516	1	2243	29
517	1	2295	29
518	1	1461	29
519	1	1304	29
521	1	782	29
522	1	1252	29
523	1	834	29
525	1	1043	29
527	1	834	29
528	1	834	29
529	1	834	29
530	1	1565	29
531	1	1513	29
532	1	1669	29
534	1	730	29
536	1	2295	29
537	1	1461	29
538	1	782	29
539	1	782	29
541	1	1669	29
542	1	1565	29
543	1	1513	29
544	1	1148	29
546	1	1669	29
547	1	1043	29
549	1	1565	29
550	1	939	29
551	1	834	29
553	1	1408	29
554	1	730	29
555	1	782	29
555	1	2191	30
556	1	1461	29
558	1	939	29
559	1	1356	29
562	1	1513	29
563	1	1356	29
565	1	834	29
566	1	887	29
567	1	1513	29
568	1	782	29
569	1	1461	29
570	1	1617	29
571	1	782	29
575	1	782	29
576	1	1617	29
577	1	834	29
578	1	1669	29
581	1	1565	29
582	1	1408	29
583	1	782	29
584	1	834	29
585	1	730	29
586	1	1304	29
587	1	782	29
588	1	1408	29
589	1	1043	29
590	1	834	29
594	1	1565	29
595	1	939	29
596	1	1148	29
598	1	730	29
599	1	782	29
601	1	1461	29
604	1	1513	29
605	1	1617	29
606	1	1148	29
607	1	834	29
608	1	991	29
611	1	1982	29
612	1	1408	29
614	1	1669	29
615	1	1669	29
616	1	1408	29
620	1	834	29
621	1	1461	29
622	1	782	29
623	1	2191	29
624	1	887	29
625	1	1408	29
626	1	939	29
627	1	1148	29
628	1	1200	29
629	1	1982	29
630	1	1722	29
631	1	1408	29
632	1	730	29
634	1	1565	29
639	1	1304	29
642	1	1565	29
644	1	1878	29
645	1	1356	29
646	1	834	29
648	1	1513	29
649	1	939	29
650	1	1982	29
652	1	1252	29
653	1	1356	29
655	1	1461	29
656	1	1408	29
658	1	939	29
659	1	1722	29
661	1	887	29
662	1	1148	29
663	1	1565	29
664	1	939	29
665	1	834	29
666	1	834	29
667	1	887	29
668	1	1513	29
669	1	1408	29
670	1	1356	29
672	1	2295	29
673	1	1982	29
674	1	1252	29
675	1	1565	29
676	1	939	29
677	1	1304	29
678	1	939	29
680	1	1565	29
682	1	1617	29
684	1	1356	29
685	1	1200	29
688	1	2295	29
689	1	1878	29
690	1	2295	29
691	1	939	29
692	1	1148	29
693	1	1304	29
694	1	1252	29
695	1	730	29
697	1	939	29
699	1	1408	29
701	1	1252	29
703	1	939	29
705	1	1565	29
706	1	834	29
707	1	1513	29
708	1	1513	29
709	1	1200	29
710	1	991	29
711	1	1617	29
712	1	1461	29
714	1	782	29
715	1	1408	29
716	1	730	29
717	1	1565	29
718	1	834	29
721	1	1408	29
722	1	730	29
724	1	2191	29
725	1	991	29
726	1	1252	29
728	1	2295	29
729	1	991	29
730	1	1304	29
731	1	730	29
732	1	2295	29
733	1	887	29
734	1	887	29
737	1	939	29
738	1	1148	29
739	1	1513	29
741	1	1461	29
742	1	730	29
743	1	887	29
744	1	1617	29
747	1	1617	29
750	1	1982	29
752	1	1356	29
753	1	939	29
754	1	834	29
755	1	730	29
756	1	887	29
757	1	2295	29
758	1	834	29
760	1	1774	29
761	1	1826	29
762	1	1148	29
763	1	2035	29
765	1	782	29
767	1	1565	29
769	1	2295	29
771	1	1565	29
772	1	2243	29
774	1	834	29
776	1	730	29
778	1	1356	29
781	1	1252	29
782	1	1565	29
784	1	939	29
788	1	887	29
789	1	1513	29
790	1	1669	29
792	1	1617	29
793	1	782	29
794	1	782	29
797	1	834	29
798	1	1669	29
801	1	2035	29
802	1	1043	29
803	1	1043	29
804	1	1722	29
807	1	730	29
809	1	2139	29
810	1	782	29
811	1	834	29
812	1	834	29
813	1	2139	29
815	1	834	29
816	1	1565	29
818	1	1408	29
820	1	2139	29
821	1	1774	29
822	1	834	29
823	1	834	29
824	1	1513	29
825	1	1461	29
826	1	1513	29
828	1	1669	29
831	1	939	29
832	1	834	29
833	1	2139	29
834	1	887	29
835	1	1669	29
837	1	1774	29
838	1	834	29
839	1	2087	29
840	1	730	29
841	1	939	29
842	1	1461	29
843	1	782	29
847	1	1669	29
848	1	730	29
850	1	887	29
853	1	1930	29
854	1	1408	29
855	1	2295	29
856	1	1774	29
858	1	1356	29
863	1	1148	29
864	1	834	29
865	1	939	29
866	1	782	29
867	1	1513	29
868	1	887	29
869	1	1565	29
870	1	1669	29
871	1	1722	29
873	1	834	29
875	1	1461	29
876	1	887	29
877	1	834	29
878	1	1669	29
880	1	834	29
882	1	1461	29
884	1	1617	29
885	1	887	29
887	1	1513	29
890	1	1669	29
891	1	939	29
894	1	1774	29
895	1	1669	29
896	1	887	29
897	1	887	29
898	1	939	29
899	1	939	29
900	1	1461	29
901	1	834	29
902	1	1252	29
903	1	1565	29
906	1	887	29
908	1	834	29
910	1	1669	29
912	1	887	29
913	1	1774	29
914	1	1356	29
915	1	1669	29
916	1	887	29
917	1	1826	29
918	1	1565	29
922	1	1565	29
924	1	1095	29
925	1	1461	29
926	1	1200	29
927	1	1513	29
929	1	1356	29
931	1	782	29
932	1	1513	29
933	1	1565	29
934	1	1513	29
935	1	939	29
936	1	2295	29
938	1	1565	29
940	1	1356	29
941	1	887	29
942	1	782	29
944	1	1617	29
946	1	1513	29
947	1	834	29
948	1	887	29
949	1	782	29
950	1	782	29
953	1	887	29
954	1	834	29
960	1	1148	29
961	1	1252	29
963	1	834	29
964	1	939	29
965	1	1617	29
966	1	939	29
968	1	1461	29
969	1	1200	29
971	1	887	29
972	1	834	29
976	1	1252	29
978	1	887	29
979	1	1722	29
981	1	1408	29
982	1	939	29
983	1	887	29
984	1	1513	29
985	1	1565	29
988	1	1200	29
989	1	834	29
995	1	730	29
996	1	2139	29
998	1	1043	29
0	2	313	26
1	2	313	26
2	2	313	26
3	2	313	26
4	2	313	26
5	2	313	26
6	2	313	26
7	2	313	26
8	2	313	26
9	2	313	26
10	2	313	26
11	2	313	26
12	2	313	26
13	2	313	26
14	2	313	26
15	2	313	26
16	2	313	26
17	2	313	26
18	2	313	26
19	2	313	26
20	2	313	26
21	2	313	26
22	2	313	26
23	2	313	26
24	2	313	26
25	2	313	26
26	2	313	26
27	2	313	26
28	2	313	26
29	2	313	26
30	2	313	26
31	2	313	26
32	2	313	26
33	2	313	26
34	2	313	26
35	2	313	26
36	2	313	26
37	2	313	26
38	2	313	26
39	2	313	26
40	2	313	26
41	2	313	26
42	2	313	26
43	2	313	26
44	2	313	26
45	2	313	26
46	2	313	26
47	2	313	26
48	2	313	26
49	2	313	26
50	2	313	26
51	2	313	26
52	2	313	26
53	2	313	26
54	2	313	26
55	2	313	26
56	2	313	26
57	2	313	26
58	2	313	26
59	2	313	26
60	2	313	26
61	2	313	26
62	2	313	26
63	2	313	26
64	2	313	26
65	2	313	26
66	2	313	26
67	2	313	26
68	2	313	26
69	2	313	26
70	2	313	26
71	2	313	26
72	2	313	26
73	2	313	26
74	2	313	26
75	2	313	26
76	2	313	26
77	2	313	26
78	2	313	26
79	2	313	26
80	2	313	26
81	2	313	26
82	2	313	26
83	2	313	26
84	2	313	26
85	2	313	26
86	2	313	26
87	2	313	26
88	2	313	26
89	2	313	26
90	2	313	26
91	2	313	26
92	2	313	26
93	2	313	26
94	2	313	26
95	2	313	26
96	2	313	26
97	2	313	26
98	2	313	26
99	2	313	26
100	2	313	26
101	2	313	26
102	2	313	26
103	2	313	26
104	2	313	26
105	2	313	26
106	2	313	26
107	2	313	26
108	2	313	26
109	2	313	26
110	2	313	26
111	2	313	26
112	2	313	26
113	2	313	26
114	2	313	26
115	2	313	26
116	2	313	26
117	2	313	26
118	2	313	26
119	2	313	26
120	2	313	26
121	2	313	26
122	2	313	26
123	2	313	26
124	2	313	26
125	2	313	26
126	2	313	26
127	2	313	26
128	2	313	26
129	2	313	26
130	2	313	26
131	2	313	26
132	2	313	26
133	2	313	26
134	2	313	26
135	2	313	26
136	2	313	26
137	2	313	26
138	2	313	26
139	2	313	26
140	2	313	26
141	2	313	26
142	2	313	26
143	2	313	26
144	2	313	26
145	2	313	26
146	2	313	26
147	2	313	26
148	2	313	26
149	2	313	26
150	2	313	26
151	2	313	26
152	2	313	26
153	2	313	26
154	2	313	26
155	2	313	26
156	2	313	26
157	2	313	26
158	2	313	26
159	2	313	26
160	2	313	26
161	2	313	26
162	2	313	26
163	2	313	26
164	2	313	26
165	2	313	26
166	2	313	26
167	2	313	26
168	2	313	26
169	2	313	26
170	2	313	26
171	2	313	26
172	2	313	26
173	2	313	26
174	2	313	26
175	2	313	26
176	2	313	26
177	2	313	26
178	2	313	26
179	2	313	26
180	2	313	26
181	2	313	26
182	2	313	26
183	2	313	26
184	2	313	26
185	2	313	26
186	2	313	26
187	2	313	26
188	2	313	26
189	2	313	26
190	2	313	26
191	2	313	26
192	2	313	26
193	2	313	26
194	2	313	26
195	2	313	26
196	2	313	26
197	2	313	26
198	2	313	26
199	2	313	26
200	2	313	26
201	2	313	26
202	2	313	26
203	2	313	26
204	2	313	26
205	2	313	26
206	2	313	26
207	2	313	26
208	2	313	26
209	2	313	26
210	2	313	26
211	2	313	26
212	2	313	26
213	2	313	26
214	2	313	26
215	2	313	26
216	2	313	26
217	2	313	26
218	2	313	26
219	2	313	26
220	2	313	26
221	2	313	26
222	2	313	26
223	2	313	26
224	2	313	26
225	2	313	26
226	2	313	26
227	2	313	26
228	2	313	26
229	2	313	26
230	2	313	26
231	2	313	26
232	2	313	26
233	2	313	26
234	2	313	26
235	2	313	26
236	2	313	26
237	2	313	26
238	2	313	26
239	2	313	26
240	2	313	26
241	2	313	26
242	2	313	26
243	2	313	26
244	2	313	26
245	2	313	26
246	2	313	26
247	2	313	26
248	2	313	26
249	2	313	26
250	2	313	26
251	2	313	26
252	2	313	26
253	2	313	26
254	2	313	26
255	2	313	26
256	2	313	26
257	2	313	26
258	2	313	26
259	2	313	26
260	2	313	26
261	2	313	26
262	2	313	26
263	2	313	26
264	2	313	26
265	2	313	26
266	2	313	26
267	2	313	26
268	2	313	26
269	2	313	26
270	2	313	26
271	2	313	26
272	2	313	26
273	2	313	26
274	2	313	26
275	2	313	26
276	2	313	26
277	2	313	26
278	2	313	26
279	2	313	26
280	2	313	26
281	2	313	26
282	2	313	26
283	2	313	26
284	2	313	26
285	2	313	26
286	2	313	26
287	2	313	26
288	2	313	26
289	2	313	26
290	2	313	26
291	2	313	26
292	2	313	26
293	2	313	26
294	2	313	26
295	2	313	26
296	2	313	26
297	2	313	26
298	2	313	26
299	2	313	26
300	2	313	26
301	2	313	26
302	2	313	26
303	2	313	26
304	2	313	26
305	2	313	26
306	2	313	26
307	2	313	26
308	2	313	26
309	2	313	26
310	2	313	26
311	2	313	26
312	2	313	26
313	2	313	26
314	2	313	26
315	2	313	26
316	2	313	26
317	2	313	26
318	2	313	26
319	2	313	26
320	2	313	26
321	2	313	26
322	2	313	26
323	2	313	26
324	2	313	26
325	2	313	26
326	2	313	26
327	2	313	26
328	2	313	26
329	2	313	26
330	2	313	26
331	2	313	26
332	2	313	26
333	2	313	26
334	2	313	26
335	2	313	26
336	2	313	26
337	2	313	26
338	2	313	26
339	2	313	26
340	2	313	26
341	2	313	26
342	2	313	26
343	2	313	26
344	2	313	26
345	2	313	26
346	2	313	26
347	2	313	26
348	2	313	26
349	2	313	26
350	2	313	26
351	2	313	26
352	2	313	26
353	2	313	26
354	2	313	26
355	2	313	26
356	2	313	26
357	2	313	26
358	2	313	26
359	2	313	26
360	2	313	26
361	2	313	26
362	2	313	26
363	2	313	26
364	2	313	26
365	2	313	26
366	2	313	26
367	2	313	26
368	2	313	26
369	2	313	26
370	2	313	26
371	2	313	26
372	2	313	26
373	2	313	26
374	2	313	26
375	2	313	26
376	2	313	26
377	2	313	26
378	2	313	26
379	2	313	26
380	2	313	26
381	2	313	26
382	2	313	26
383	2	313	26
384	2	313	26
385	2	313	26
386	2	313	26
387	2	313	26
388	2	313	26
389	2	313	26
390	2	313	26
391	2	313	26
392	2	313	26
393	2	313	26
394	2	313	26
395	2	313	26
396	2	313	26
397	2	313	26
398	2	313	26
399	2	313	26
400	2	313	26
401	2	313	26
402	2	313	26
403	2	313	26
404	2	313	26
405	2	313	26
406	2	313	26
407	2	313	26
408	2	313	26
409	2	313	26
410	2	313	26
411	2	313	26
412	2	313	26
413	2	313	26
414	2	313	26
415	2	313	26
416	2	313	26
417	2	313	26
418	2	313	26
419	2	313	26
420	2	313	26
421	2	313	26
422	2	313	26
423	2	313	26
424	2	313	26
425	2	313	26
426	2	313	26
427	2	313	26
428	2	313	26
429	2	313	26
430	2	313	26
431	2	313	26
432	2	313	26
433	2	313	26
434	2	313	26
435	2	313	26
436	2	313	26
437	2	313	26
438	2	313	26
439	2	313	26
440	2	313	26
441	2	313	26
442	2	313	26
443	2	313	26
444	2	313	26
445	2	313	26
446	2	313	26
447	2	313	26
448	2	313	26
449	2	313	26
450	2	313	26
451	2	313	26
452	2	313	26
453	2	313	26
454	2	313	26
455	2	313	26
456	2	313	26
457	2	313	26
458	2	313	26
459	2	313	26
460	2	313	26
461	2	313	26
462	2	313	26
463	2	313	26
464	2	313	26
465	2	313	26
466	2	313	26
467	2	313	26
468	2	313	26
469	2	313	26
470	2	313	26
471	2	313	26
472	2	313	26
473	2	313	26
474	2	313	26
475	2	313	26
476	2	313	26
477	2	313	26
478	2	313	26
479	2	313	26
480	2	313	26
481	2	313	26
482	2	313	26
483	2	313	26
484	2	313	26
485	2	313	26
486	2	313	26
487	2	313	26
488	2	313	26
489	2	313	26
490	2	313	26
491	2	313	26
492	2	313	26
493	2	313	26
494	2	313	26
495	2	313	26
496	2	313	26
497	2	313	26
498	2	313	26
499	2	313	26
500	2	313	26
501	2	313	26
502	2	313	26
503	2	313	26
504	2	313	26
505	2	313	26
506	2	313	26
507	2	313	26
508	2	313	26
509	2	313	26
510	2	313	26
511	2	313	26
512	2	313	26
513	2	313	26
514	2	313	26
515	2	313	26
516	2	313	26
517	2	313	26
518	2	313	26
519	2	313	26
520	2	313	26
521	2	313	26
522	2	313	26
523	2	313	26
524	2	313	26
525	2	313	26
526	2	313	26
527	2	313	26
528	2	313	26
529	2	313	26
530	2	313	26
531	2	313	26
532	2	313	26
533	2	313	26
534	2	313	26
535	2	313	26
536	2	313	26
537	2	313	26
538	2	313	26
539	2	313	26
540	2	313	26
541	2	313	26
542	2	313	26
543	2	313	26
544	2	313	26
545	2	313	26
546	2	313	26
547	2	313	26
548	2	313	26
549	2	313	26
550	2	313	26
551	2	313	26
552	2	313	26
553	2	313	26
554	2	313	26
555	2	313	26
556	2	313	26
557	2	313	26
558	2	313	26
559	2	313	26
560	2	313	26
561	2	313	26
562	2	313	26
563	2	313	26
564	2	313	26
565	2	313	26
566	2	313	26
567	2	313	26
568	2	313	26
569	2	313	26
570	2	313	26
571	2	313	26
572	2	313	26
573	2	313	26
574	2	313	26
575	2	313	26
576	2	313	26
577	2	313	26
578	2	313	26
579	2	313	26
580	2	313	26
581	2	313	26
582	2	313	26
583	2	313	26
584	2	313	26
585	2	313	26
586	2	313	26
587	2	313	26
588	2	313	26
589	2	313	26
590	2	313	26
591	2	313	26
592	2	313	26
593	2	313	26
594	2	313	26
595	2	313	26
596	2	313	26
597	2	313	26
598	2	313	26
599	2	313	26
600	2	313	26
601	2	313	26
602	2	313	26
603	2	313	26
604	2	313	26
605	2	313	26
606	2	313	26
607	2	313	26
608	2	313	26
609	2	313	26
610	2	313	26
611	2	313	26
612	2	313	26
613	2	313	26
614	2	313	26
615	2	313	26
616	2	313	26
617	2	313	26
618	2	313	26
619	2	313	26
620	2	313	26
621	2	313	26
622	2	313	26
623	2	313	26
624	2	313	26
625	2	313	26
626	2	313	26
627	2	313	26
628	2	313	26
629	2	313	26
630	2	313	26
631	2	313	26
632	2	313	26
633	2	313	26
634	2	313	26
635	2	313	26
636	2	313	26
637	2	313	26
638	2	313	26
639	2	313	26
640	2	313	26
641	2	313	26
642	2	313	26
643	2	313	26
644	2	313	26
645	2	313	26
646	2	313	26
647	2	313	26
648	2	313	26
649	2	313	26
650	2	313	26
651	2	313	26
652	2	313	26
653	2	313	26
654	2	313	26
655	2	313	26
656	2	313	26
657	2	313	26
658	2	313	26
659	2	313	26
660	2	313	26
661	2	313	26
662	2	313	26
663	2	313	26
664	2	313	26
665	2	313	26
666	2	313	26
667	2	313	26
668	2	313	26
669	2	313	26
670	2	313	26
671	2	313	26
672	2	313	26
673	2	313	26
674	2	313	26
675	2	313	26
676	2	313	26
677	2	313	26
678	2	313	26
679	2	313	26
680	2	313	26
681	2	313	26
682	2	313	26
683	2	313	26
684	2	313	26
685	2	313	26
686	2	313	26
687	2	313	26
688	2	313	26
689	2	313	26
690	2	313	26
691	2	313	26
692	2	313	26
693	2	313	26
694	2	313	26
695	2	313	26
696	2	313	26
697	2	313	26
698	2	313	26
699	2	313	26
700	2	313	26
701	2	313	26
702	2	313	26
703	2	313	26
704	2	313	26
705	2	313	26
706	2	313	26
707	2	313	26
708	2	313	26
709	2	313	26
710	2	313	26
711	2	313	26
712	2	313	26
713	2	313	26
714	2	313	26
715	2	313	26
716	2	313	26
717	2	313	26
718	2	313	26
719	2	313	26
720	2	313	26
721	2	313	26
722	2	313	26
723	2	313	26
724	2	313	26
725	2	313	26
726	2	313	26
727	2	313	26
728	2	313	26
729	2	313	26
730	2	313	26
731	2	313	26
732	2	313	26
733	2	313	26
734	2	313	26
735	2	313	26
736	2	313	26
737	2	313	26
738	2	313	26
739	2	313	26
740	2	313	26
741	2	313	26
742	2	313	26
743	2	313	26
744	2	313	26
745	2	313	26
746	2	313	26
747	2	313	26
748	2	313	26
749	2	313	26
750	2	313	26
751	2	313	26
752	2	313	26
753	2	313	26
754	2	313	26
755	2	313	26
756	2	313	26
757	2	313	26
758	2	313	26
759	2	313	26
760	2	313	26
761	2	313	26
762	2	313	26
763	2	313	26
764	2	313	26
765	2	313	26
766	2	313	26
767	2	313	26
768	2	313	26
769	2	313	26
770	2	313	26
771	2	313	26
772	2	313	26
773	2	313	26
774	2	313	26
775	2	313	26
776	2	313	26
777	2	313	26
778	2	313	26
779	2	313	26
780	2	313	26
781	2	313	26
782	2	313	26
783	2	313	26
784	2	313	26
785	2	313	26
786	2	313	26
787	2	313	26
788	2	313	26
789	2	313	26
790	2	313	26
791	2	313	26
792	2	313	26
793	2	313	26
794	2	313	26
795	2	313	26
796	2	313	26
797	2	313	26
798	2	313	26
799	2	313	26
800	2	313	26
801	2	313	26
802	2	313	26
803	2	313	26
804	2	313	26
805	2	313	26
806	2	313	26
807	2	313	26
808	2	313	26
809	2	313	26
810	2	313	26
811	2	313	26
812	2	313	26
813	2	313	26
814	2	313	26
815	2	313	26
816	2	313	26
817	2	313	26
818	2	313	26
819	2	313	26
820	2	313	26
821	2	313	26
822	2	313	26
823	2	313	26
824	2	313	26
825	2	313	26
826	2	313	26
827	2	313	26
828	2	313	26
829	2	313	26
830	2	313	26
831	2	313	26
832	2	313	26
833	2	313	26
834	2	313	26
835	2	313	26
836	2	313	26
837	2	313	26
838	2	313	26
839	2	313	26
840	2	313	26
841	2	313	26
842	2	313	26
843	2	313	26
844	2	313	26
845	2	313	26
846	2	313	26
847	2	313	26
848	2	313	26
849	2	313	26
850	2	313	26
851	2	313	26
852	2	313	26
853	2	313	26
854	2	313	26
855	2	313	26
856	2	313	26
857	2	313	26
858	2	313	26
859	2	313	26
860	2	313	26
861	2	313	26
862	2	313	26
863	2	313	26
864	2	313	26
865	2	313	26
866	2	313	26
867	2	313	26
868	2	313	26
869	2	313	26
870	2	313	26
871	2	313	26
872	2	313	26
873	2	313	26
874	2	313	26
875	2	313	26
876	2	313	26
877	2	313	26
878	2	313	26
879	2	313	26
880	2	313	26
881	2	313	26
882	2	313	26
883	2	313	26
884	2	313	26
885	2	313	26
886	2	313	26
887	2	313	26
888	2	313	26
889	2	313	26
890	2	313	26
891	2	313	26
892	2	313	26
893	2	313	26
894	2	313	26
895	2	313	26
896	2	313	26
897	2	313	26
898	2	313	26
899	2	313	26
900	2	313	26
901	2	313	26
902	2	313	26
903	2	313	26
904	2	313	26
905	2	313	26
906	2	313	26
907	2	313	26
908	2	313	26
909	2	313	26
910	2	313	26
911	2	313	26
912	2	313	26
913	2	313	26
914	2	313	26
915	2	313	26
916	2	313	26
917	2	313	26
918	2	313	26
919	2	313	26
920	2	313	26
921	2	313	26
922	2	313	26
923	2	313	26
924	2	313	26
925	2	313	26
926	2	313	26
927	2	313	26
928	2	313	26
929	2	313	26
930	2	313	26
931	2	313	26
932	2	313	26
933	2	313	26
934	2	313	26
935	2	313	26
936	2	313	26
937	2	313	26
938	2	313	26
939	2	313	26
940	2	313	26
941	2	313	26
942	2	313	26
943	2	313	26
944	2	313	26
945	2	313	26
946	2	313	26
947	2	313	26
948	2	313	26
949	2	313	26
950	2	313	26
951	2	313	26
952	2	313	26
953	2	313	26
954	2	313	26
955	2	313	26
956	2	313	26
957	2	313	26
958	2	313	26
959	2	313	26
960	2	313	26
961	2	313	26
962	2	313	26
963	2	313	26
964	2	313	26
965	2	313	26
966	2	313	26
967	2	313	26
968	2	313	26
969	2	313	26
970	2	313	26
971	2	313	26
972	2	313	26
973	2	313	26
974	2	313	26
975	2	313	26
976	2	313	26
977	2	313	26
978	2	313	26
979	2	313	26
980	2	313	26
981	2	313	26
982	2	313	26
983	2	313	26
984	2	313	26
985	2	313	26
986	2	313	26
987	2	313	26
988	2	313	26
989	2	313	26
990	2	313	26
991	2	313	26
992	2	313	26
993	2	313	26
994	2	313	26
995	2	313	26
996	2	313	26
997	2	313	26
998	2	313	26
999	2	313	26
0	3	834	29
0	3	2139	20
1	3	730	29
3	3	1565	29
4	3	1043	29
4	3	1513	20
4	3	2035	12
4	3	2295	9
5	3	834	29
6	3	1356	29
7	3	1252	29
8	3	1304	29
8	3	1617	20
10	3	730	29
10	3	2243	20
14	3	730	29
14	3	1826	20
15	3	834	29
16	3	887	29
17	3	782	29
17	3	2139	20
18	3	782	29
20	3	1200	29
20	3	2087	20
21	3	678	29
22	3	1722	29
23	3	834	29
24	3	834	29
24	3	1930	20
26	3	1408	29
27	3	834	29
28	3	1252	29
28	3	1774	20
29	3	1722	29
30	3	1774	29
31	3	1617	29
32	3	1461	29
33	3	1252	29
34	3	1252	29
34	3	2243	20
35	3	939	29
35	3	2087	20
36	3	1200	29
37	3	1826	29
38	3	1722	29
39	3	1408	29
40	3	730	29
40	3	1408	20
40	3	2087	12
41	3	1304	29
41	3	2087	20
42	3	1252	29
43	3	887	29
43	3	1930	20
45	3	1252	29
46	3	1774	29
47	3	1669	29
49	3	991	29
49	3	1513	20
53	3	887	29
53	3	1565	20
57	3	730	29
57	3	1356	20
57	3	2087	12
58	3	991	29
58	3	1513	20
59	3	782	29
59	3	1774	20
62	3	991	29
62	3	1774	20
63	3	1252	29
65	3	1252	29
66	3	1722	29
67	3	1304	29
67	3	1774	20
69	3	1513	29
71	3	1565	29
75	3	834	29
76	3	2295	29
77	3	2139	29
79	3	1774	29
80	3	991	29
81	3	1982	29
82	3	2087	29
83	3	2035	29
84	3	1930	29
87	3	834	29
87	3	1356	20
87	3	2087	12
88	3	1148	29
88	3	2087	20
89	3	1513	29
90	3	1722	29
92	3	887	29
95	3	2087	29
96	3	1408	29
99	3	1774	29
101	3	1304	29
102	3	1408	29
104	3	1252	29
104	3	1930	20
106	3	1200	29
106	3	1669	20
107	3	782	29
107	3	1461	20
108	3	1356	29
109	3	2139	29
110	3	834	29
111	3	2191	29
112	3	1774	29
113	3	782	29
114	3	1878	29
116	3	2087	29
117	3	2139	29
118	3	1565	29
119	3	1774	29
120	3	1565	29
122	3	834	29
122	3	1565	20
122	3	2295	12
124	3	939	29
125	3	939	29
125	3	1669	20
126	3	834	29
126	3	1617	20
127	3	887	29
128	3	730	29
128	3	1252	20
131	3	1356	29
131	3	1774	20
132	3	782	29
133	3	1148	29
134	3	1408	29
135	3	887	29
135	3	1513	20
136	3	782	29
136	3	1095	20
136	3	1408	12
136	3	1669	9
137	3	1356	29
138	3	730	29
138	3	1408	20
138	3	2087	12
139	3	887	29
139	3	1408	20
139	3	1722	12
139	3	1982	9
139	3	2295	30
141	3	834	29
141	3	1356	20
142	3	1513	29
143	3	1617	29
145	3	1617	29
146	3	1200	29
146	3	2087	20
147	3	1304	29
147	3	2243	20
149	3	782	29
149	3	1565	20
150	3	939	29
150	3	2191	20
151	3	2087	29
152	3	1043	29
152	3	1774	20
153	3	1722	29
154	3	991	29
154	3	1513	20
155	3	782	29
155	3	1513	20
155	3	2295	12
156	3	939	29
156	3	1617	20
156	3	2295	12
158	3	1148	29
158	3	1722	20
159	3	834	29
159	3	1408	20
160	3	1513	29
162	3	1356	29
164	3	834	29
165	3	991	29
165	3	1669	20
169	3	887	29
170	3	887	29
170	3	1356	20
171	3	2295	29
172	3	1461	29
174	3	1461	29
174	3	2295	20
175	3	1252	29
175	3	1878	20
176	3	834	29
179	3	991	29
179	3	1617	20
181	3	834	29
183	3	887	29
183	3	2035	20
185	3	991	29
185	3	1461	20
187	3	1200	29
189	3	1148	29
189	3	1930	20
190	3	1617	29
191	3	782	29
192	3	1043	29
192	3	1617	20
193	3	1461	29
193	3	2191	20
196	3	834	29
196	3	1252	20
196	3	1669	12
196	3	1930	9
198	3	1408	29
198	3	2139	20
199	3	834	29
199	3	1461	20
200	3	1617	29
202	3	1304	29
203	3	1565	29
204	3	939	29
205	3	1774	29
206	3	730	29
206	3	1148	20
206	3	1461	12
206	3	1722	9
206	3	2035	30
207	3	782	29
207	3	2087	20
208	3	991	29
210	3	991	29
212	3	1461	29
215	3	1669	29
217	3	1408	29
218	3	1408	29
221	3	1304	29
224	3	1408	29
225	3	782	29
225	3	1408	20
225	3	2295	12
226	3	887	29
226	3	1565	20
227	3	1826	29
228	3	834	29
228	3	1356	20
229	3	1148	29
230	3	730	29
231	3	834	29
232	3	782	29
232	3	1513	20
233	3	1617	29
236	3	2243	29
239	3	1774	29
240	3	834	29
240	3	1669	20
240	3	2243	12
241	3	1461	29
242	3	1252	29
242	3	2139	20
243	3	834	29
243	3	1304	20
243	3	2035	12
243	3	2295	9
244	3	834	29
248	3	782	29
249	3	782	29
250	3	887	29
250	3	1408	20
250	3	2191	12
251	3	1513	29
253	3	1982	29
255	3	1722	29
256	3	1461	29
256	3	2191	20
257	3	2087	29
258	3	782	29
258	3	2087	20
259	3	887	29
260	3	1461	29
262	3	1408	29
262	3	2191	20
264	3	1408	29
265	3	939	29
266	3	1304	29
267	3	782	29
268	3	1565	29
269	3	887	29
271	3	1252	29
271	3	1774	20
272	3	939	29
272	3	1408	20
272	3	1669	12
272	3	1930	9
272	3	2243	30
280	3	1878	29
283	3	1669	29
284	3	834	29
284	3	1304	20
284	3	2087	12
285	3	1617	29
286	3	782	29
286	3	1461	20
286	3	2035	12
286	3	2295	9
287	3	1722	29
288	3	939	29
292	3	2295	29
293	3	730	29
293	3	1252	20
293	3	2295	12
294	3	939	29
295	3	1722	29
296	3	834	29
298	3	1356	29
299	3	834	29
300	3	2295	29
301	3	834	29
302	3	1200	29
302	3	2191	20
303	3	834	29
303	3	1252	20
303	3	1722	12
303	3	1982	9
304	3	834	29
306	3	834	29
306	3	1408	20
307	3	2035	29
308	3	1617	29
309	3	834	29
309	3	1356	20
309	3	1982	12
309	3	2243	9
310	3	1356	29
310	3	1669	20
310	3	2295	12
315	3	1043	29
315	3	2035	20
317	3	1722	29
320	3	1617	29
321	3	782	29
322	3	887	29
324	3	1982	29
325	3	1878	29
326	3	782	29
327	3	1513	29
328	3	2087	29
330	3	1200	29
330	3	1774	20
331	3	834	29
332	3	1200	29
332	3	1774	20
333	3	782	29
333	3	1930	20
334	3	1878	29
335	3	782	29
335	3	2139	20
336	3	939	29
337	3	2035	29
339	3	939	29
340	3	1617	29
341	3	1617	29
342	3	887	29
342	3	1461	20
343	3	730	29
343	3	1565	20
345	3	1200	29
345	3	1774	20
346	3	991	29
346	3	1565	20
347	3	1148	29
348	3	834	29
348	3	1565	20
349	3	887	29
349	3	1356	20
351	3	1617	29
352	3	1095	29
353	3	834	29
354	3	730	29
354	3	1304	20
354	3	1722	12
355	3	887	29
356	3	1408	29
357	3	1408	29
358	3	1669	29
360	3	2087	29
361	3	1304	29
364	3	834	29
366	3	1461	29
367	3	939	29
368	3	730	29
368	3	1304	20
368	3	1982	12
368	3	2243	9
369	3	991	29
369	3	1461	20
371	3	834	29
372	3	1304	29
375	3	1722	29
376	3	2139	29
377	3	1617	29
378	3	1513	29
379	3	1356	29
379	3	1826	20
381	3	1565	29
382	3	887	29
384	3	1095	29
385	3	1408	29
387	3	939	29
387	3	1356	20
387	3	1722	12
389	3	834	29
390	3	730	29
390	3	1930	20
391	3	887	29
391	3	1982	20
392	3	1982	29
393	3	834	29
394	3	1356	29
396	3	730	29
396	3	1252	20
396	3	1617	12
396	3	1982	9
397	3	1617	29
399	3	834	29
400	3	1200	29
402	3	1252	29
404	3	1774	29
405	3	1722	29
406	3	991	29
406	3	1774	20
407	3	1408	29
409	3	2295	29
411	3	782	29
411	3	1252	20
411	3	1774	12
411	3	2035	9
412	3	782	29
412	3	1148	20
412	3	1513	12
412	3	1774	9
412	3	2087	30
413	3	730	29
413	3	1043	20
413	3	1408	12
413	3	1669	9
413	3	2295	30
414	3	1408	29
414	3	1826	20
415	3	887	29
415	3	1669	20
417	3	939	29
418	3	991	29
418	3	1408	20
419	3	887	29
419	3	1722	20
420	3	1356	29
423	3	1356	29
424	3	834	29
424	3	1304	20
424	3	1565	12
424	3	1826	9
424	3	2139	30
425	3	1513	29
426	3	1461	29
428	3	887	29
429	3	1200	29
430	3	887	29
431	3	678	29
431	3	1617	20
432	3	939	29
432	3	1565	20
433	3	1408	29
434	3	834	29
434	3	1461	20
434	3	1982	12
434	3	2243	9
435	3	834	29
435	3	1669	20
436	3	887	29
436	3	1408	20
437	3	782	29
438	3	1148	29
440	3	1722	29
442	3	1252	29
445	3	834	29
445	3	1982	20
446	3	1930	29
451	3	1252	29
451	3	1878	20
452	3	939	29
453	3	782	29
453	3	1408	20
455	3	1565	29
456	3	1669	29
460	3	834	29
461	3	834	29
461	3	1722	20
462	3	1408	29
463	3	991	29
463	3	1565	20
464	3	1356	29
465	3	887	29
466	3	782	29
467	3	939	29
468	3	887	29
469	3	730	29
469	3	1408	20
471	3	2139	29
472	3	1565	29
473	3	1408	29
473	3	2295	20
474	3	887	29
474	3	1565	20
475	3	2243	29
481	3	991	29
481	3	1461	20
481	3	2243	12
482	3	1252	29
486	3	1565	29
487	3	782	29
489	3	782	29
489	3	1356	20
490	3	1304	29
490	3	1774	20
490	3	2243	12
491	3	1356	29
492	3	1408	29
492	3	2139	20
494	3	887	29
495	3	1408	29
496	3	1043	29
496	3	1617	20
497	3	834	29
498	3	1565	29
499	3	1617	29
500	3	782	29
500	3	1148	20
500	3	1565	12
500	3	1826	9
501	3	2243	29
502	3	1408	29
503	3	782	29
503	3	1200	20
503	3	1513	12
503	3	1774	9
503	3	2139	30
506	3	1617	29
508	3	939	29
508	3	1513	20
508	3	2139	12
512	3	1356	29
512	3	2139	20
513	3	1565	29
514	3	991	29
515	3	730	29
515	3	1252	20
516	3	2243	29
517	3	2295	29
518	3	1461	29
519	3	1304	29
519	3	1774	20
521	3	782	29
521	3	1461	20
522	3	1252	29
522	3	1826	20
523	3	834	29
523	3	2191	20
525	3	1043	29
525	3	1461	20
525	3	2243	12
527	3	834	29
528	3	834	29
529	3	834	29
529	3	1304	20
529	3	1722	12
529	3	2139	9
530	3	1565	29
531	3	1513	29
532	3	1669	29
534	3	730	29
534	3	1200	20
536	3	2295	29
537	3	1461	29
538	3	782	29
539	3	782	29
541	3	1669	29
542	3	1565	29
543	3	1513	29
543	3	2139	20
544	3	1148	29
544	3	1617	20
544	3	2139	12
546	3	1669	29
547	3	1043	29
547	3	1722	20
547	3	2295	12
549	3	1565	29
550	3	939	29
550	3	1356	20
550	3	1930	12
550	3	2191	9
551	3	834	29
551	3	1252	20
553	3	1408	29
554	3	730	29
554	3	1669	20
555	3	782	29
555	3	1252	20
555	3	1565	12
555	3	1826	9
555	3	2191	30
556	3	1461	29
556	3	1774	20
558	3	939	29
559	3	1356	29
562	3	1513	29
563	3	1356	29
563	3	1826	20
565	3	834	29
565	3	1513	20
565	3	1930	12
565	3	2191	9
566	3	887	29
567	3	1513	29
568	3	782	29
568	3	1408	20
569	3	1461	29
570	3	1617	29
571	3	782	29
571	3	2139	20
575	3	782	29
575	3	1252	20
575	3	1722	12
576	3	1617	29
577	3	834	29
578	3	1669	29
581	3	1565	29
582	3	1408	29
583	3	782	29
583	3	1252	20
583	3	1722	12
584	3	834	29
585	3	730	29
585	3	1043	20
585	3	1408	12
585	3	1669	9
586	3	1304	29
586	3	1774	20
587	3	782	29
587	3	1252	20
588	3	1408	29
589	3	1043	29
590	3	834	29
594	3	1565	29
595	3	939	29
595	3	1408	20
595	3	2087	12
596	3	1148	29
598	3	730	29
599	3	782	29
599	3	2087	20
601	3	1461	29
604	3	1513	29
605	3	1617	29
606	3	1148	29
606	3	1722	20
607	3	834	29
607	3	2035	20
608	3	991	29
611	3	1982	29
612	3	1408	29
614	3	1669	29
615	3	1669	29
616	3	1408	29
620	3	834	29
621	3	1461	29
622	3	782	29
623	3	2191	29
624	3	887	29
625	3	1408	29
626	3	939	29
626	3	1774	20
627	3	1148	29
628	3	1200	29
629	3	1982	29
630	3	1722	29
631	3	1408	29
631	3	1982	20
632	3	730	29
632	3	2243	20
634	3	1565	29
639	3	1304	29
639	3	1617	20
642	3	1565	29
644	3	1878	29
645	3	1356	29
646	3	834	29
646	3	1513	20
648	3	1513	29
649	3	939	29
649	3	2139	20
650	3	1982	29
652	3	1252	29
652	3	2139	20
653	3	1356	29
653	3	2191	20
655	3	1461	29
656	3	1408	29
658	3	939	29
658	3	1617	20
659	3	1722	29
661	3	887	29
662	3	1148	29
662	3	2191	20
663	3	1565	29
664	3	939	29
664	3	1513	20
664	3	2087	12
665	3	834	29
666	3	834	29
666	3	2139	20
667	3	887	29
668	3	1513	29
669	3	1408	29
670	3	1356	29
672	3	2295	29
673	3	1982	29
674	3	1252	29
675	3	1565	29
676	3	939	29
676	3	1461	20
677	3	1304	29
678	3	939	29
680	3	1565	29
682	3	1617	29
684	3	1356	29
685	3	1200	29
688	3	2295	29
689	3	1878	29
690	3	2295	29
691	3	939	29
691	3	1617	20
691	3	2243	12
692	3	1148	29
692	3	1461	20
693	3	1304	29
693	3	1826	20
694	3	1252	29
695	3	730	29
695	3	2087	20
697	3	939	29
697	3	1930	20
699	3	1408	29
701	3	1252	29
701	3	2243	20
703	3	939	29
703	3	1774	20
705	3	1565	29
706	3	834	29
707	3	1513	29
708	3	1513	29
709	3	1200	29
709	3	1878	20
710	3	991	29
710	3	1617	20
711	3	1617	29
712	3	1461	29
714	3	782	29
715	3	1408	29
716	3	730	29
716	3	1304	20
717	3	1565	29
717	3	1982	20
718	3	834	29
718	3	1408	20
721	3	1408	29
722	3	730	29
722	3	1356	20
724	3	2191	29
725	3	991	29
726	3	1252	29
726	3	1774	20
728	3	2295	29
729	3	991	29
730	3	1304	29
731	3	730	29
732	3	2295	29
733	3	887	29
733	3	1774	20
734	3	887	29
734	3	1826	20
737	3	939	29
737	3	1982	20
738	3	1148	29
738	3	1669	20
738	3	2087	12
739	3	1513	29
741	3	1461	29
742	3	730	29
742	3	1304	20
742	3	2035	12
742	3	2295	9
743	3	887	29
743	3	2139	20
744	3	1617	29
747	3	1617	29
750	3	1982	29
752	3	1356	29
752	3	2139	20
753	3	939	29
753	3	1356	20
753	3	2035	12
753	3	2295	9
754	3	834	29
755	3	730	29
755	3	1826	20
756	3	887	29
756	3	1461	20
757	3	2295	29
758	3	834	29
760	3	1774	29
761	3	1826	29
762	3	1148	29
763	3	2035	29
765	3	782	29
767	3	1565	29
769	3	2295	29
771	3	1565	29
772	3	2243	29
774	3	834	29
774	3	1565	20
776	3	730	29
776	3	1408	20
776	3	2087	12
778	3	1356	29
781	3	1252	29
781	3	1982	20
782	3	1565	29
784	3	939	29
788	3	887	29
789	3	1513	29
790	3	1669	29
792	3	1617	29
793	3	782	29
793	3	1930	20
794	3	782	29
797	3	834	29
798	3	1669	29
801	3	2035	29
802	3	1043	29
803	3	1043	29
803	3	1617	20
804	3	1722	29
807	3	730	29
807	3	1252	20
807	3	1722	12
809	3	2139	29
810	3	782	29
810	3	2087	20
811	3	834	29
811	3	2191	20
812	3	834	29
812	3	1461	20
813	3	2139	29
815	3	834	29
816	3	1565	29
818	3	1408	29
818	3	2139	20
820	3	2139	29
821	3	1774	29
822	3	834	29
823	3	834	29
823	3	1408	20
823	3	2139	12
824	3	1513	29
825	3	1461	29
826	3	1513	29
828	3	1669	29
831	3	939	29
831	3	1408	20
831	3	1878	12
831	3	2139	9
832	3	834	29
832	3	1461	20
832	3	2035	12
832	3	2295	9
833	3	2139	29
834	3	887	29
834	3	1461	20
834	3	2295	12
835	3	1669	29
837	3	1774	29
838	3	834	29
838	3	1774	20
839	3	2087	29
840	3	730	29
840	3	1043	20
841	3	939	29
842	3	1461	29
842	3	2243	20
843	3	782	29
843	3	1252	20
843	3	1774	12
843	3	2035	9
847	3	1669	29
848	3	730	29
848	3	1408	20
850	3	887	29
850	3	1408	20
853	3	1930	29
854	3	1408	29
854	3	1774	20
855	3	2295	29
856	3	1774	29
858	3	1356	29
863	3	1148	29
863	3	1617	20
864	3	834	29
864	3	1461	20
864	3	2035	12
864	3	2295	9
865	3	939	29
866	3	782	29
866	3	2295	20
867	3	1513	29
868	3	887	29
869	3	1565	29
870	3	1669	29
871	3	1722	29
873	3	834	29
873	3	1408	20
875	3	1461	29
876	3	887	29
877	3	834	29
877	3	1252	20
877	3	1722	12
878	3	1669	29
880	3	834	29
880	3	1513	20
882	3	1461	29
884	3	1617	29
885	3	887	29
885	3	1408	20
887	3	1513	29
890	3	1669	29
891	3	939	29
894	3	1774	29
895	3	1669	29
896	3	887	29
897	3	887	29
898	3	939	29
898	3	1565	20
899	3	939	29
899	3	1565	20
900	3	1461	29
901	3	834	29
902	3	1252	29
902	3	2139	20
903	3	1565	29
903	3	1878	20
906	3	887	29
908	3	834	29
910	3	1669	29
912	3	887	29
913	3	1774	29
914	3	1356	29
915	3	1669	29
916	3	887	29
916	3	1617	20
917	3	1826	29
918	3	1565	29
922	3	1565	29
924	3	1095	29
924	3	1513	20
925	3	1461	29
926	3	1200	29
926	3	1878	20
927	3	1513	29
929	3	1356	29
931	3	782	29
931	3	1356	20
931	3	1722	12
931	3	2035	9
932	3	1513	29
933	3	1565	29
934	3	1513	29
935	3	939	29
936	3	2295	29
938	3	1565	29
940	3	1356	29
940	3	1826	20
941	3	887	29
941	3	1461	20
941	3	2087	12
942	3	782	29
942	3	1461	20
944	3	1617	29
946	3	1513	29
947	3	834	29
947	3	1408	20
947	3	2295	12
948	3	887	29
949	3	782	29
949	3	1200	20
949	3	1722	12
950	3	782	29
950	3	1774	20
953	3	887	29
953	3	1774	20
954	3	834	29
954	3	1669	20
960	3	1148	29
961	3	1252	29
963	3	834	29
964	3	939	29
964	3	1461	20
965	3	1617	29
966	3	939	29
966	3	2139	20
968	3	1461	29
969	3	1200	29
969	3	2087	20
971	3	887	29
971	3	2087	20
972	3	834	29
972	3	1148	20
972	3	1722	12
972	3	2035	9
976	3	1252	29
976	3	1774	20
978	3	887	29
978	3	1513	20
979	3	1722	29
981	3	1408	29
981	3	2191	20
982	3	939	29
983	3	887	29
984	3	1513	29
985	3	1565	29
985	3	2295	20
988	3	1200	29
989	3	834	29
995	3	730	29
996	3	2139	29
998	3	1043	29
998	3	1513	20
998	3	2087	12
0	4	834	29
1	4	730	29
3	4	1565	29
4	4	1043	29
5	4	834	29
6	4	1356	29
7	4	1252	29
8	4	1304	29
10	4	730	29
14	4	730	29
15	4	834	29
16	4	887	29
17	4	782	29
18	4	782	29
20	4	1200	29
21	4	678	29
22	4	1722	29
23	4	834	29
24	4	834	29
26	4	1408	29
27	4	834	29
28	4	1252	29
29	4	1722	29
30	4	1774	29
31	4	1617	29
32	4	1461	29
33	4	1252	29
34	4	1252	29
35	4	939	29
36	4	1200	29
37	4	1826	29
38	4	1722	29
39	4	1408	29
40	4	730	29
41	4	1304	29
42	4	1252	29
43	4	887	29
45	4	1252	29
46	4	1774	29
47	4	1669	29
49	4	991	29
53	4	887	29
57	4	730	29
58	4	991	29
59	4	782	29
62	4	991	29
63	4	1252	29
65	4	1252	29
66	4	1722	29
67	4	1304	29
69	4	1513	29
71	4	1565	29
75	4	834	29
76	4	2295	29
77	4	2139	29
79	4	1774	29
80	4	991	29
81	4	1982	29
82	4	2087	29
83	4	2035	29
84	4	1930	29
87	4	834	29
88	4	1148	29
89	4	1513	29
90	4	1722	29
92	4	887	29
95	4	2087	29
96	4	1408	29
99	4	1774	29
101	4	1304	29
102	4	1408	29
104	4	1252	29
106	4	1200	29
107	4	782	29
108	4	1356	29
109	4	2139	29
110	4	834	29
111	4	2191	29
112	4	1774	29
113	4	782	29
114	4	1878	29
116	4	2087	29
117	4	2139	29
118	4	1565	29
119	4	1774	29
120	4	1565	29
122	4	834	29
124	4	939	29
125	4	939	29
126	4	834	29
127	4	887	29
128	4	730	29
131	4	1356	29
132	4	782	29
133	4	1148	29
134	4	1408	29
135	4	887	29
136	4	782	29
137	4	1356	29
138	4	730	29
139	4	887	29
139	4	2295	30
141	4	834	29
142	4	1513	29
143	4	1617	29
145	4	1617	29
146	4	1200	29
147	4	1304	29
149	4	782	29
150	4	939	29
151	4	2087	29
152	4	1043	29
153	4	1722	29
154	4	991	29
155	4	782	29
156	4	939	29
158	4	1148	29
159	4	834	29
160	4	1513	29
162	4	1356	29
164	4	834	29
165	4	991	29
169	4	887	29
170	4	887	29
171	4	2295	29
172	4	1461	29
174	4	1461	29
175	4	1252	29
176	4	834	29
179	4	991	29
181	4	834	29
183	4	887	29
185	4	991	29
187	4	1200	29
189	4	1148	29
190	4	1617	29
191	4	782	29
192	4	1043	29
193	4	1461	29
196	4	834	29
198	4	1408	29
199	4	834	29
200	4	1617	29
202	4	1304	29
203	4	1565	29
204	4	939	29
205	4	1774	29
206	4	730	29
206	4	2035	30
207	4	782	29
208	4	991	29
210	4	991	29
212	4	1461	29
215	4	1669	29
217	4	1408	29
218	4	1408	29
221	4	1304	29
224	4	1408	29
225	4	782	29
226	4	887	29
227	4	1826	29
228	4	834	29
229	4	1148	29
230	4	730	29
231	4	834	29
232	4	782	29
233	4	1617	29
236	4	2243	29
239	4	1774	29
240	4	834	29
241	4	1461	29
242	4	1252	29
243	4	834	29
244	4	834	29
248	4	782	29
249	4	782	29
250	4	887	29
251	4	1513	29
253	4	1982	29
255	4	1722	29
256	4	1461	29
257	4	2087	29
258	4	782	29
259	4	887	29
260	4	1461	29
262	4	1408	29
264	4	1408	29
265	4	939	29
266	4	1304	29
267	4	782	29
268	4	1565	29
269	4	887	29
271	4	1252	29
272	4	939	29
272	4	2243	30
280	4	1878	29
283	4	1669	29
284	4	834	29
285	4	1617	29
286	4	782	29
287	4	1722	29
288	4	939	29
292	4	2295	29
293	4	730	29
294	4	939	29
295	4	1722	29
296	4	834	29
298	4	1356	29
299	4	834	29
300	4	2295	29
301	4	834	29
302	4	1200	29
303	4	834	29
304	4	834	29
306	4	834	29
307	4	2035	29
308	4	1617	29
309	4	834	29
310	4	1356	29
315	4	1043	29
317	4	1722	29
320	4	1617	29
321	4	782	29
322	4	887	29
324	4	1982	29
325	4	1878	29
326	4	782	29
327	4	1513	29
328	4	2087	29
330	4	1200	29
331	4	834	29
332	4	1200	29
333	4	782	29
334	4	1878	29
335	4	782	29
336	4	939	29
337	4	2035	29
339	4	939	29
340	4	1617	29
341	4	1617	29
342	4	887	29
343	4	730	29
345	4	1200	29
346	4	991	29
347	4	1148	29
348	4	834	29
349	4	887	29
351	4	1617	29
352	4	1095	29
353	4	834	29
354	4	730	29
355	4	887	29
356	4	1408	29
357	4	1408	29
358	4	1669	29
360	4	2087	29
361	4	1304	29
364	4	834	29
366	4	1461	29
367	4	939	29
368	4	730	29
369	4	991	29
371	4	834	29
372	4	1304	29
375	4	1722	29
376	4	2139	29
377	4	1617	29
378	4	1513	29
379	4	1356	29
381	4	1565	29
382	4	887	29
384	4	1095	29
385	4	1408	29
387	4	939	29
389	4	834	29
390	4	730	29
391	4	887	29
392	4	1982	29
393	4	834	29
394	4	1356	29
396	4	730	29
397	4	1617	29
399	4	834	29
400	4	1200	29
402	4	1252	29
404	4	1774	29
405	4	1722	29
406	4	991	29
407	4	1408	29
409	4	2295	29
411	4	782	29
412	4	782	29
412	4	2087	30
413	4	730	29
413	4	2295	30
414	4	1408	29
415	4	887	29
417	4	939	29
418	4	991	29
419	4	887	29
420	4	1356	29
423	4	1356	29
424	4	834	29
424	4	2139	30
425	4	1513	29
426	4	1461	29
428	4	887	29
429	4	1200	29
430	4	887	29
431	4	678	29
432	4	939	29
433	4	1408	29
434	4	834	29
435	4	834	29
436	4	887	29
437	4	782	29
438	4	1148	29
440	4	1722	29
442	4	1252	29
445	4	834	29
446	4	1930	29
451	4	1252	29
452	4	939	29
453	4	782	29
455	4	1565	29
456	4	1669	29
460	4	834	29
461	4	834	29
462	4	1408	29
463	4	991	29
464	4	1356	29
465	4	887	29
466	4	782	29
467	4	939	29
468	4	887	29
469	4	730	29
471	4	2139	29
472	4	1565	29
473	4	1408	29
474	4	887	29
475	4	2243	29
481	4	991	29
482	4	1252	29
486	4	1565	29
487	4	782	29
489	4	782	29
490	4	1304	29
491	4	1356	29
492	4	1408	29
494	4	887	29
495	4	1408	29
496	4	1043	29
497	4	834	29
498	4	1565	29
499	4	1617	29
500	4	782	29
501	4	2243	29
502	4	1408	29
503	4	782	29
503	4	2139	30
506	4	1617	29
508	4	939	29
512	4	1356	29
513	4	1565	29
514	4	991	29
515	4	730	29
516	4	2243	29
517	4	2295	29
518	4	1461	29
519	4	1304	29
521	4	782	29
522	4	1252	29
523	4	834	29
525	4	1043	29
527	4	834	29
528	4	834	29
529	4	834	29
530	4	1565	29
531	4	1513	29
532	4	1669	29
534	4	730	29
536	4	2295	29
537	4	1461	29
538	4	782	29
539	4	782	29
541	4	1669	29
542	4	1565	29
543	4	1513	29
544	4	1148	29
546	4	1669	29
547	4	1043	29
549	4	1565	29
550	4	939	29
551	4	834	29
553	4	1408	29
554	4	730	29
555	4	782	29
555	4	2191	30
556	4	1461	29
558	4	939	29
559	4	1356	29
562	4	1513	29
563	4	1356	29
565	4	834	29
566	4	887	29
567	4	1513	29
568	4	782	29
569	4	1461	29
570	4	1617	29
571	4	782	29
575	4	782	29
576	4	1617	29
577	4	834	29
578	4	1669	29
581	4	1565	29
582	4	1408	29
583	4	782	29
584	4	834	29
585	4	730	29
586	4	1304	29
587	4	782	29
588	4	1408	29
589	4	1043	29
590	4	834	29
594	4	1565	29
595	4	939	29
596	4	1148	29
598	4	730	29
599	4	782	29
601	4	1461	29
604	4	1513	29
605	4	1617	29
606	4	1148	29
607	4	834	29
608	4	991	29
611	4	1982	29
612	4	1408	29
614	4	1669	29
615	4	1669	29
616	4	1408	29
620	4	834	29
621	4	1461	29
622	4	782	29
623	4	2191	29
624	4	887	29
625	4	1408	29
626	4	939	29
627	4	1148	29
628	4	1200	29
629	4	1982	29
630	4	1722	29
631	4	1408	29
632	4	730	29
634	4	1565	29
639	4	1304	29
642	4	1565	29
644	4	1878	29
645	4	1356	29
646	4	834	29
648	4	1513	29
649	4	939	29
650	4	1982	29
652	4	1252	29
653	4	1356	29
655	4	1461	29
656	4	1408	29
658	4	939	29
659	4	1722	29
661	4	887	29
662	4	1148	29
663	4	1565	29
664	4	939	29
665	4	834	29
666	4	834	29
667	4	887	29
668	4	1513	29
669	4	1408	29
670	4	1356	29
672	4	2295	29
673	4	1982	29
674	4	1252	29
675	4	1565	29
676	4	939	29
677	4	1304	29
678	4	939	29
680	4	1565	29
682	4	1617	29
684	4	1356	29
685	4	1200	29
688	4	2295	29
689	4	1878	29
690	4	2295	29
691	4	939	29
692	4	1148	29
693	4	1304	29
694	4	1252	29
695	4	730	29
697	4	939	29
699	4	1408	29
701	4	1252	29
703	4	939	29
705	4	1565	29
706	4	834	29
707	4	1513	29
708	4	1513	29
709	4	1200	29
710	4	991	29
711	4	1617	29
712	4	1461	29
714	4	782	29
715	4	1408	29
716	4	730	29
717	4	1565	29
718	4	834	29
721	4	1408	29
722	4	730	29
724	4	2191	29
725	4	991	29
726	4	1252	29
728	4	2295	29
729	4	991	29
730	4	1304	29
731	4	730	29
732	4	2295	29
733	4	887	29
734	4	887	29
737	4	939	29
738	4	1148	29
739	4	1513	29
741	4	1461	29
742	4	730	29
743	4	887	29
744	4	1617	29
747	4	1617	29
750	4	1982	29
752	4	1356	29
753	4	939	29
754	4	834	29
755	4	730	29
756	4	887	29
757	4	2295	29
758	4	834	29
760	4	1774	29
761	4	1826	29
762	4	1148	29
763	4	2035	29
765	4	782	29
767	4	1565	29
769	4	2295	29
771	4	1565	29
772	4	2243	29
774	4	834	29
776	4	730	29
778	4	1356	29
781	4	1252	29
782	4	1565	29
784	4	939	29
788	4	887	29
789	4	1513	29
790	4	1669	29
792	4	1617	29
793	4	782	29
794	4	782	29
797	4	834	29
798	4	1669	29
801	4	2035	29
802	4	1043	29
803	4	1043	29
804	4	1722	29
807	4	730	29
809	4	2139	29
810	4	782	29
811	4	834	29
812	4	834	29
813	4	2139	29
815	4	834	29
816	4	1565	29
818	4	1408	29
820	4	2139	29
821	4	1774	29
822	4	834	29
823	4	834	29
824	4	1513	29
825	4	1461	29
826	4	1513	29
828	4	1669	29
831	4	939	29
832	4	834	29
833	4	2139	29
834	4	887	29
835	4	1669	29
837	4	1774	29
838	4	834	29
839	4	2087	29
840	4	730	29
841	4	939	29
842	4	1461	29
843	4	782	29
847	4	1669	29
848	4	730	29
850	4	887	29
853	4	1930	29
854	4	1408	29
855	4	2295	29
856	4	1774	29
858	4	1356	29
863	4	1148	29
864	4	834	29
865	4	939	29
866	4	782	29
867	4	1513	29
868	4	887	29
869	4	1565	29
870	4	1669	29
871	4	1722	29
873	4	834	29
875	4	1461	29
876	4	887	29
877	4	834	29
878	4	1669	29
880	4	834	29
882	4	1461	29
884	4	1617	29
885	4	887	29
887	4	1513	29
890	4	1669	29
891	4	939	29
894	4	1774	29
895	4	1669	29
896	4	887	29
897	4	887	29
898	4	939	29
899	4	939	29
900	4	1461	29
901	4	834	29
902	4	1252	29
903	4	1565	29
906	4	887	29
908	4	834	29
910	4	1669	29
912	4	887	29
913	4	1774	29
914	4	1356	29
915	4	1669	29
916	4	887	29
917	4	1826	29
918	4	1565	29
922	4	1565	29
924	4	1095	29
925	4	1461	29
926	4	1200	29
927	4	1513	29
929	4	1356	29
931	4	782	29
932	4	1513	29
933	4	1565	29
934	4	1513	29
935	4	939	29
936	4	2295	29
938	4	1565	29
940	4	1356	29
941	4	887	29
942	4	782	29
944	4	1617	29
946	4	1513	29
947	4	834	29
948	4	887	29
949	4	782	29
950	4	782	29
953	4	887	29
954	4	834	29
960	4	1148	29
961	4	1252	29
963	4	834	29
964	4	939	29
965	4	1617	29
966	4	939	29
968	4	1461	29
969	4	1200	29
971	4	887	29
972	4	834	29
976	4	1252	29
978	4	887	29
979	4	1722	29
981	4	1408	29
982	4	939	29
983	4	887	29
984	4	1513	29
985	4	1565	29
988	4	1200	29
989	4	834	29
995	4	730	29
996	4	2139	29
998	4	1043	29
0	5	834	29
1	5	730	29
3	5	1565	29
4	5	1043	29
5	5	834	29
6	5	1356	29
7	5	1252	29
8	5	1304	29
10	5	730	29
14	5	730	29
15	5	834	29
16	5	887	29
17	5	782	29
18	5	782	29
20	5	1200	29
21	5	678	29
22	5	1722	29
23	5	834	29
24	5	834	29
26	5	1408	29
27	5	834	29
28	5	1252	29
29	5	1722	29
30	5	1774	29
31	5	1617	29
32	5	1461	29
33	5	1252	29
34	5	1252	29
35	5	939	29
36	5	1200	29
37	5	1826	29
38	5	1722	29
39	5	1408	29
40	5	730	29
41	5	1304	29
42	5	1252	29
43	5	887	29
45	5	1252	29
46	5	1774	29
47	5	1669	29
49	5	991	29
53	5	887	29
57	5	730	29
58	5	991	29
59	5	782	29
62	5	991	29
63	5	1252	29
65	5	1252	29
66	5	1722	29
67	5	1304	29
69	5	1513	29
71	5	1565	29
75	5	834	29
76	5	2295	29
77	5	2139	29
79	5	1774	29
80	5	991	29
81	5	1982	29
82	5	2087	29
83	5	2035	29
84	5	1930	29
87	5	834	29
88	5	1148	29
89	5	1513	29
90	5	1722	29
92	5	887	29
95	5	2087	29
96	5	1408	29
99	5	1774	29
101	5	1304	29
102	5	1408	29
104	5	1252	29
106	5	1200	29
107	5	782	29
108	5	1356	29
109	5	2139	29
110	5	834	29
111	5	2191	29
112	5	1774	29
113	5	782	29
114	5	1878	29
116	5	2087	29
117	5	2139	29
118	5	1565	29
119	5	1774	29
120	5	1565	29
122	5	834	29
124	5	939	29
125	5	939	29
126	5	834	29
127	5	887	29
128	5	730	29
131	5	1356	29
132	5	782	29
133	5	1148	29
134	5	1408	29
135	5	887	29
136	5	782	29
137	5	1356	29
138	5	730	29
139	5	887	29
139	5	2295	30
141	5	834	29
142	5	1513	29
143	5	1617	29
145	5	1617	29
146	5	1200	29
147	5	1304	29
149	5	782	29
150	5	939	29
151	5	2087	29
152	5	1043	29
153	5	1722	29
154	5	991	29
155	5	782	29
156	5	939	29
158	5	1148	29
159	5	834	29
160	5	1513	29
162	5	1356	29
164	5	834	29
165	5	991	29
169	5	887	29
170	5	887	29
171	5	2295	29
172	5	1461	29
174	5	1461	29
175	5	1252	29
176	5	834	29
179	5	991	29
181	5	834	29
183	5	887	29
185	5	991	29
187	5	1200	29
189	5	1148	29
190	5	1617	29
191	5	782	29
192	5	1043	29
193	5	1461	29
196	5	834	29
198	5	1408	29
199	5	834	29
200	5	1617	29
202	5	1304	29
203	5	1565	29
204	5	939	29
205	5	1774	29
206	5	730	29
206	5	2035	30
207	5	782	29
208	5	991	29
210	5	991	29
212	5	1461	29
215	5	1669	29
217	5	1408	29
218	5	1408	29
221	5	1304	29
224	5	1408	29
225	5	782	29
226	5	887	29
227	5	1826	29
228	5	834	29
229	5	1148	29
230	5	730	29
231	5	834	29
232	5	782	29
233	5	1617	29
236	5	2243	29
239	5	1774	29
240	5	834	29
241	5	1461	29
242	5	1252	29
243	5	834	29
244	5	834	29
248	5	782	29
249	5	782	29
250	5	887	29
251	5	1513	29
253	5	1982	29
255	5	1722	29
256	5	1461	29
257	5	2087	29
258	5	782	29
259	5	887	29
260	5	1461	29
262	5	1408	29
264	5	1408	29
265	5	939	29
266	5	1304	29
267	5	782	29
268	5	1565	29
269	5	887	29
271	5	1252	29
272	5	939	29
272	5	2243	30
280	5	1878	29
283	5	1669	29
284	5	834	29
285	5	1617	29
286	5	782	29
287	5	1722	29
288	5	939	29
292	5	2295	29
293	5	730	29
294	5	939	29
295	5	1722	29
296	5	834	29
298	5	1356	29
299	5	834	29
300	5	2295	29
301	5	834	29
302	5	1200	29
303	5	834	29
304	5	834	29
306	5	834	29
307	5	2035	29
308	5	1617	29
309	5	834	29
310	5	1356	29
315	5	1043	29
317	5	1722	29
320	5	1617	29
321	5	782	29
322	5	887	29
324	5	1982	29
325	5	1878	29
326	5	782	29
327	5	1513	29
328	5	2087	29
330	5	1200	29
331	5	834	29
332	5	1200	29
333	5	782	29
334	5	1878	29
335	5	782	29
336	5	939	29
337	5	2035	29
339	5	939	29
340	5	1617	29
341	5	1617	29
342	5	887	29
343	5	730	29
345	5	1200	29
346	5	991	29
347	5	1148	29
348	5	834	29
349	5	887	29
351	5	1617	29
352	5	1095	29
353	5	834	29
354	5	730	29
355	5	887	29
356	5	1408	29
357	5	1408	29
358	5	1669	29
360	5	2087	29
361	5	1304	29
364	5	834	29
366	5	1461	29
367	5	939	29
368	5	730	29
369	5	991	29
371	5	834	29
372	5	1304	29
375	5	1722	29
376	5	2139	29
377	5	1617	29
378	5	1513	29
379	5	1356	29
381	5	1565	29
382	5	887	29
384	5	1095	29
385	5	1408	29
387	5	939	29
389	5	834	29
390	5	730	29
391	5	887	29
392	5	1982	29
393	5	834	29
394	5	1356	29
396	5	730	29
397	5	1617	29
399	5	834	29
400	5	1200	29
402	5	1252	29
404	5	1774	29
405	5	1722	29
406	5	991	29
407	5	1408	29
409	5	2295	29
411	5	782	29
412	5	782	29
412	5	2087	30
413	5	730	29
413	5	2295	30
414	5	1408	29
415	5	887	29
417	5	939	29
418	5	991	29
419	5	887	29
420	5	1356	29
423	5	1356	29
424	5	834	29
424	5	2139	30
425	5	1513	29
426	5	1461	29
428	5	887	29
429	5	1200	29
430	5	887	29
431	5	678	29
432	5	939	29
433	5	1408	29
434	5	834	29
435	5	834	29
436	5	887	29
437	5	782	29
438	5	1148	29
440	5	1722	29
442	5	1252	29
445	5	834	29
446	5	1930	29
451	5	1252	29
452	5	939	29
453	5	782	29
455	5	1565	29
456	5	1669	29
460	5	834	29
461	5	834	29
462	5	1408	29
463	5	991	29
464	5	1356	29
465	5	887	29
466	5	782	29
467	5	939	29
468	5	887	29
469	5	730	29
471	5	2139	29
472	5	1565	29
473	5	1408	29
474	5	887	29
475	5	2243	29
481	5	991	29
482	5	1252	29
486	5	1565	29
487	5	782	29
489	5	782	29
490	5	1304	29
491	5	1356	29
492	5	1408	29
494	5	887	29
495	5	1408	29
496	5	1043	29
497	5	834	29
498	5	1565	29
499	5	1617	29
500	5	782	29
501	5	2243	29
502	5	1408	29
503	5	782	29
503	5	2139	30
506	5	1617	29
508	5	939	29
512	5	1356	29
513	5	1565	29
514	5	991	29
515	5	730	29
516	5	2243	29
517	5	2295	29
518	5	1461	29
519	5	1304	29
521	5	782	29
522	5	1252	29
523	5	834	29
525	5	1043	29
527	5	834	29
528	5	834	29
529	5	834	29
530	5	1565	29
531	5	1513	29
532	5	1669	29
534	5	730	29
536	5	2295	29
537	5	1461	29
538	5	782	29
539	5	782	29
541	5	1669	29
542	5	1565	29
543	5	1513	29
544	5	1148	29
546	5	1669	29
547	5	1043	29
549	5	1565	29
550	5	939	29
551	5	834	29
553	5	1408	29
554	5	730	29
555	5	782	29
555	5	2191	30
556	5	1461	29
558	5	939	29
559	5	1356	29
562	5	1513	29
563	5	1356	29
565	5	834	29
566	5	887	29
567	5	1513	29
568	5	782	29
569	5	1461	29
570	5	1617	29
571	5	782	29
575	5	782	29
576	5	1617	29
577	5	834	29
578	5	1669	29
581	5	1565	29
582	5	1408	29
583	5	782	29
584	5	834	29
585	5	730	29
586	5	1304	29
587	5	782	29
588	5	1408	29
589	5	1043	29
590	5	834	29
594	5	1565	29
595	5	939	29
596	5	1148	29
598	5	730	29
599	5	782	29
601	5	1461	29
604	5	1513	29
605	5	1617	29
606	5	1148	29
607	5	834	29
608	5	991	29
611	5	1982	29
612	5	1408	29
614	5	1669	29
615	5	1669	29
616	5	1408	29
620	5	834	29
621	5	1461	29
622	5	782	29
623	5	2191	29
624	5	887	29
625	5	1408	29
626	5	939	29
627	5	1148	29
628	5	1200	29
629	5	1982	29
630	5	1722	29
631	5	1408	29
632	5	730	29
634	5	1565	29
639	5	1304	29
642	5	1565	29
644	5	1878	29
645	5	1356	29
646	5	834	29
648	5	1513	29
649	5	939	29
650	5	1982	29
652	5	1252	29
653	5	1356	29
655	5	1461	29
656	5	1408	29
658	5	939	29
659	5	1722	29
661	5	887	29
662	5	1148	29
663	5	1565	29
664	5	939	29
665	5	834	29
666	5	834	29
667	5	887	29
668	5	1513	29
669	5	1408	29
670	5	1356	29
672	5	2295	29
673	5	1982	29
674	5	1252	29
675	5	1565	29
676	5	939	29
677	5	1304	29
678	5	939	29
680	5	1565	29
682	5	1617	29
684	5	1356	29
685	5	1200	29
688	5	2295	29
689	5	1878	29
690	5	2295	29
691	5	939	29
692	5	1148	29
693	5	1304	29
694	5	1252	29
695	5	730	29
697	5	939	29
699	5	1408	29
701	5	1252	29
703	5	939	29
705	5	1565	29
706	5	834	29
707	5	1513	29
708	5	1513	29
709	5	1200	29
710	5	991	29
711	5	1617	29
712	5	1461	29
714	5	782	29
715	5	1408	29
716	5	730	29
717	5	1565	29
718	5	834	29
721	5	1408	29
722	5	730	29
724	5	2191	29
725	5	991	29
726	5	1252	29
728	5	2295	29
729	5	991	29
730	5	1304	29
731	5	730	29
732	5	2295	29
733	5	887	29
734	5	887	29
737	5	939	29
738	5	1148	29
739	5	1513	29
741	5	1461	29
742	5	730	29
743	5	887	29
744	5	1617	29
747	5	1617	29
750	5	1982	29
752	5	1356	29
753	5	939	29
754	5	834	29
755	5	730	29
756	5	887	29
757	5	2295	29
758	5	834	29
760	5	1774	29
761	5	1826	29
762	5	1148	29
763	5	2035	29
765	5	782	29
767	5	1565	29
769	5	2295	29
771	5	1565	29
772	5	2243	29
774	5	834	29
776	5	730	29
778	5	1356	29
781	5	1252	29
782	5	1565	29
784	5	939	29
788	5	887	29
789	5	1513	29
790	5	1669	29
792	5	1617	29
793	5	782	29
794	5	782	29
797	5	834	29
798	5	1669	29
801	5	2035	29
802	5	1043	29
803	5	1043	29
804	5	1722	29
807	5	730	29
809	5	2139	29
810	5	782	29
811	5	834	29
812	5	834	29
813	5	2139	29
815	5	834	29
816	5	1565	29
818	5	1408	29
820	5	2139	29
821	5	1774	29
822	5	834	29
823	5	834	29
824	5	1513	29
825	5	1461	29
826	5	1513	29
828	5	1669	29
831	5	939	29
832	5	834	29
833	5	2139	29
834	5	887	29
835	5	1669	29
837	5	1774	29
838	5	834	29
839	5	2087	29
840	5	730	29
841	5	939	29
842	5	1461	29
843	5	782	29
847	5	1669	29
848	5	730	29
850	5	887	29
853	5	1930	29
854	5	1408	29
855	5	2295	29
856	5	1774	29
858	5	1356	29
863	5	1148	29
864	5	834	29
865	5	939	29
866	5	782	29
867	5	1513	29
868	5	887	29
869	5	1565	29
870	5	1669	29
871	5	1722	29
873	5	834	29
875	5	1461	29
876	5	887	29
877	5	834	29
878	5	1669	29
880	5	834	29
882	5	1461	29
884	5	1617	29
885	5	887	29
887	5	1513	29
890	5	1669	29
891	5	939	29
894	5	1774	29
895	5	1669	29
896	5	887	29
897	5	887	29
898	5	939	29
899	5	939	29
900	5	1461	29
901	5	834	29
902	5	1252	29
903	5	1565	29
906	5	887	29
908	5	834	29
910	5	1669	29
912	5	887	29
913	5	1774	29
914	5	1356	29
915	5	1669	29
916	5	887	29
917	5	1826	29
918	5	1565	29
922	5	1565	29
924	5	1095	29
925	5	1461	29
926	5	1200	29
927	5	1513	29
929	5	1356	29
931	5	782	29
932	5	1513	29
933	5	1565	29
934	5	1513	29
935	5	939	29
936	5	2295	29
938	5	1565	29
940	5	1356	29
941	5	887	29
942	5	782	29
944	5	1617	29
946	5	1513	29
947	5	834	29
948	5	887	29
949	5	782	29
950	5	782	29
953	5	887	29
954	5	834	29
960	5	1148	29
961	5	1252	29
963	5	834	29
964	5	939	29
965	5	1617	29
966	5	939	29
968	5	1461	29
969	5	1200	29
971	5	887	29
972	5	834	29
976	5	1252	29
978	5	887	29
979	5	1722	29
981	5	1408	29
982	5	939	29
983	5	887	29
984	5	1513	29
985	5	1565	29
988	5	1200	29
989	5	834	29
995	5	730	29
996	5	2139	29
998	5	1043	29
