Realization	utility	week	infra.
0	0	626	29
1	0	626	29
2	0	678	29
4	0	730	29
10	0	626	29
11	0	887	29
13	0	782	29
14	0	626	29
15	0	834	29
17	0	678	29
18	0	782	29
20	0	834	29
21	0	626	29
22	0	521	29
23	0	834	29
24	0	834	29
26	0	678	29
27	0	626	29
28	0	887	29
29	0	678	29
32	0	574	29
34	0	730	29
35	0	834	29
36	0	678	29
37	0	782	29
38	0	887	29
40	0	626	29
41	0	678	29
43	0	678	29
44	0	678	29
46	0	521	29
47	0	887	29
49	0	678	29
50	0	887	29
51	0	730	29
53	0	834	29
55	0	678	29
57	0	834	29
59	0	730	29
60	0	730	29
61	0	678	29
62	0	678	29
63	0	782	29
65	0	782	29
66	0	574	29
67	0	730	29
68	0	730	29
71	0	730	29
72	0	887	29
73	0	730	29
74	0	574	29
75	0	730	29
76	0	782	29
77	0	782	29
79	0	730	29
80	0	834	29
81	0	730	29
83	0	730	29
84	0	782	29
85	0	887	29
87	0	626	29
88	0	521	29
90	0	730	29
91	0	574	29
92	0	834	29
94	0	730	29
95	0	782	29
98	0	730	29
101	0	782	29
102	0	678	29
103	0	678	29
104	0	626	29
105	0	678	29
106	0	678	29
107	0	782	29
108	0	782	29
109	0	730	29
110	0	834	29
111	0	574	29
113	0	834	29
114	0	887	29
115	0	887	29
117	0	678	29
118	0	887	29
119	0	574	29
121	0	574	29
122	0	782	29
124	0	678	29
126	0	626	29
127	0	626	29
128	0	834	29
130	0	730	29
132	0	626	29
134	0	730	29
135	0	730	29
136	0	834	29
137	0	678	29
138	0	626	29
139	0	626	29
140	0	678	29
141	0	678	29
142	0	678	29
143	0	678	29
146	0	834	29
149	0	626	29
150	0	834	29
151	0	678	29
153	0	678	29
154	0	887	29
155	0	834	29
156	0	730	29
157	0	730	29
159	0	626	29
162	0	730	29
164	0	834	29
165	0	730	29
167	0	887	29
168	0	730	29
169	0	626	29
170	0	626	29
171	0	730	29
172	0	678	29
175	0	678	29
176	0	834	29
177	0	678	29
178	0	782	29
181	0	834	29
182	0	678	29
183	0	834	29
185	0	730	29
188	0	887	29
189	0	782	29
190	0	521	29
191	0	834	29
194	0	678	29
196	0	626	29
197	0	782	29
199	0	626	29
202	0	678	29
203	0	678	29
204	0	678	29
205	0	782	29
206	0	626	29
207	0	626	29
213	0	782	29
215	0	887	29
219	0	887	29
221	0	574	29
222	0	887	29
225	0	834	29
226	0	834	29
227	0	678	29
228	0	626	29
229	0	730	29
230	0	626	29
231	0	626	29
232	0	834	29
234	0	782	29
235	0	678	29
237	0	887	29
240	0	834	29
242	0	730	29
243	0	626	29
244	0	678	29
247	0	678	29
248	0	834	29
249	0	626	29
250	0	626	29
252	0	730	29
253	0	678	29
255	0	887	29
256	0	574	29
258	0	626	29
259	0	834	29
260	0	834	29
262	0	574	29
263	0	678	29
265	0	730	29
266	0	887	29
267	0	626	29
268	0	887	29
269	0	834	29
271	0	678	29
272	0	626	29
273	0	730	29
274	0	678	29
275	0	887	29
276	0	782	29
277	0	678	29
278	0	730	29
279	0	678	29
282	0	678	29
283	0	678	29
284	0	834	29
286	0	626	29
288	0	834	29
289	0	730	29
290	0	730	29
292	0	730	29
293	0	626	29
294	0	834	29
295	0	678	29
296	0	834	29
298	0	678	29
299	0	834	29
301	0	574	29
303	0	730	29
304	0	834	29
305	0	678	29
306	0	834	29
307	0	730	29
308	0	782	29
309	0	626	29
310	0	834	29
314	0	887	29
316	0	887	29
317	0	782	29
321	0	730	29
322	0	730	29
324	0	782	29
325	0	887	29
326	0	626	29
327	0	782	29
329	0	730	29
330	0	678	29
331	0	730	29
332	0	834	29
333	0	834	29
334	0	782	29
335	0	626	29
338	0	730	29
339	0	834	29
341	0	782	29
342	0	834	29
343	0	626	29
347	0	834	29
349	0	782	29
352	0	834	29
353	0	678	29
354	0	574	29
355	0	678	29
357	0	730	29
359	0	782	29
362	0	574	29
363	0	730	29
364	0	834	29
367	0	834	29
368	0	574	29
369	0	730	29
370	0	678	29
371	0	834	29
375	0	887	29
378	0	782	29
379	0	887	29
380	0	887	29
382	0	834	29
383	0	678	29
387	0	834	29
388	0	678	29
389	0	626	29
390	0	834	29
391	0	678	29
393	0	626	29
395	0	678	29
396	0	834	29
397	0	574	29
399	0	626	29
402	0	678	29
403	0	887	29
406	0	834	29
407	0	678	29
410	0	887	29
411	0	834	29
412	0	834	29
413	0	678	29
414	0	730	29
415	0	834	29
417	0	730	29
418	0	834	29
419	0	574	29
420	0	678	29
422	0	887	29
423	0	730	29
424	0	626	29
427	0	678	29
428	0	834	29
430	0	730	29
431	0	626	29
432	0	834	29
434	0	730	29
435	0	626	29
436	0	626	29
437	0	834	29
438	0	730	29
439	0	730	29
440	0	887	29
441	0	887	29
443	0	782	29
445	0	574	29
447	0	678	29
448	0	887	29
449	0	782	29
450	0	678	29
452	0	730	29
453	0	834	29
457	0	887	29
459	0	782	29
460	0	574	29
461	0	626	29
464	0	730	29
465	0	626	29
466	0	834	29
467	0	626	29
468	0	834	29
469	0	574	29
471	0	887	29
472	0	834	29
474	0	678	29
476	0	782	29
477	0	574	29
478	0	730	29
481	0	730	29
482	0	678	29
483	0	730	29
485	0	887	29
487	0	834	29
489	0	626	29
490	0	730	29
495	0	730	29
497	0	626	29
498	0	678	29
499	0	678	29
500	0	834	29
501	0	887	29
502	0	782	29
503	0	626	29
506	0	678	29
507	0	730	29
508	0	834	29
509	0	678	29
510	0	574	29
513	0	887	29
515	0	626	29
516	0	782	29
517	0	887	29
518	0	730	29
519	0	678	29
521	0	626	29
522	0	782	29
523	0	730	29
524	0	782	29
525	0	782	29
526	0	678	29
527	0	626	29
528	0	834	29
529	0	626	29
531	0	782	29
533	0	730	29
534	0	626	29
538	0	678	29
539	0	626	29
540	0	730	29
541	0	730	29
543	0	887	29
545	0	730	29
546	0	678	29
547	0	782	29
548	0	730	29
550	0	678	29
551	0	626	29
554	0	626	29
555	0	834	29
556	0	887	29
558	0	834	29
559	0	678	29
565	0	678	29
568	0	834	29
569	0	678	29
571	0	626	29
573	0	730	29
575	0	626	29
577	0	626	29
578	0	887	29
579	0	730	29
581	0	782	29
583	0	834	29
584	0	834	29
585	0	626	29
586	0	574	29
587	0	730	29
588	0	730	29
589	0	730	29
590	0	834	29
595	0	834	29
597	0	887	29
598	0	834	29
599	0	834	29
601	0	834	29
602	0	678	29
603	0	887	29
604	0	730	29
606	0	730	29
607	0	626	29
608	0	834	29
609	0	730	29
610	0	730	29
613	0	678	29
615	0	730	29
617	0	678	29
619	0	730	29
620	0	730	29
622	0	626	29
625	0	678	29
627	0	887	29
628	0	887	29
629	0	782	29
631	0	782	29
632	0	626	29
634	0	730	29
637	0	730	29
639	0	626	29
644	0	834	29
646	0	626	29
647	0	782	29
649	0	834	29
652	0	574	29
654	0	574	29
656	0	730	29
658	0	887	29
659	0	782	29
660	0	887	29
662	0	782	29
663	0	887	29
665	0	834	29
666	0	626	29
667	0	678	29
668	0	887	29
669	0	730	29
671	0	782	29
673	0	678	29
675	0	782	29
676	0	626	29
677	0	782	29
678	0	678	29
679	0	782	29
680	0	730	29
682	0	521	29
683	0	887	29
685	0	730	29
686	0	678	29
691	0	730	29
694	0	887	29
695	0	626	29
697	0	834	29
698	0	574	29
700	0	887	29
701	0	730	29
702	0	730	29
703	0	834	29
706	0	626	29
707	0	834	29
708	0	887	29
709	0	834	29
710	0	782	29
711	0	782	29
713	0	887	29
714	0	834	29
715	0	730	29
716	0	626	29
717	0	887	29
718	0	730	29
719	0	782	29
722	0	626	29
723	0	834	29
725	0	730	29
728	0	730	29
729	0	782	29
730	0	678	29
731	0	834	29
732	0	834	29
733	0	730	29
734	0	678	29
735	0	730	29
737	0	678	29
738	0	834	29
739	0	678	29
740	0	678	29
742	0	626	29
743	0	626	29
747	0	782	29
748	0	574	29
750	0	730	29
751	0	730	29
753	0	834	29
754	0	730	29
755	0	834	29
756	0	834	29
757	0	730	29
758	0	626	29
759	0	730	29
761	0	678	29
763	0	782	29
764	0	887	29
765	0	834	29
766	0	834	29
770	0	730	29
772	0	678	29
773	0	782	29
774	0	626	29
775	0	730	29
776	0	626	29
777	0	730	29
778	0	887	29
780	0	678	29
781	0	730	29
782	0	678	29
783	0	782	29
784	0	730	29
786	0	469	29
787	0	678	29
789	0	887	29
791	0	887	29
792	0	834	29
793	0	834	29
794	0	834	29
795	0	782	29
796	0	678	29
797	0	678	29
799	0	730	29
801	0	678	29
802	0	574	29
806	0	574	29
807	0	626	29
808	0	887	29
809	0	887	29
810	0	834	29
811	0	834	29
812	0	678	29
813	0	782	29
814	0	678	29
815	0	834	29
817	0	782	29
818	0	730	29
819	0	782	29
820	0	782	29
822	0	834	29
823	0	626	29
826	0	730	29
827	0	730	29
828	0	678	29
829	0	782	29
830	0	887	29
831	0	730	29
832	0	834	29
833	0	730	29
834	0	834	29
835	0	782	29
837	0	887	29
838	0	521	29
840	0	834	29
842	0	782	29
843	0	782	29
845	0	782	29
848	0	574	29
849	0	574	29
850	0	678	29
854	0	730	29
855	0	730	29
856	0	678	29
857	0	887	29
858	0	782	29
859	0	730	29
861	0	834	29
863	0	834	29
864	0	834	29
865	0	782	29
866	0	730	29
870	0	887	29
871	0	678	29
872	0	887	29
873	0	782	29
876	0	730	29
877	0	626	29
879	0	730	29
880	0	626	29
883	0	678	29
884	0	834	29
885	0	834	29
886	0	574	29
887	0	730	29
888	0	730	29
890	0	730	29
892	0	730	29
893	0	834	29
894	0	678	29
896	0	626	29
898	0	834	29
899	0	834	29
900	0	782	29
901	0	730	29
903	0	626	29
904	0	782	29
906	0	626	29
907	0	782	29
908	0	834	29
911	0	730	29
912	0	834	29
913	0	521	29
916	0	626	29
918	0	574	29
919	0	887	29
920	0	730	29
921	0	887	29
922	0	574	29
924	0	730	29
925	0	834	29
926	0	887	29
927	0	678	29
929	0	782	29
931	0	834	29
932	0	574	29
933	0	678	29
934	0	678	29
935	0	626	29
938	0	887	29
940	0	678	29
941	0	626	29
942	0	834	29
947	0	834	29
948	0	834	29
949	0	626	29
950	0	730	29
952	0	730	29
953	0	834	29
954	0	834	29
960	0	887	29
961	0	678	29
963	0	834	29
964	0	730	29
966	0	678	29
968	0	678	29
971	0	730	29
972	0	626	29
973	0	678	29
974	0	574	29
975	0	678	29
976	0	782	29
977	0	574	29
978	0	678	29
980	0	782	29
981	0	678	29
982	0	887	29
983	0	626	29
984	0	782	29
985	0	782	29
986	0	730	29
988	0	678	29
989	0	834	29
990	0	678	29
991	0	730	29
992	0	730	29
995	0	626	29
998	0	730	29
0	1	626	29
1	1	626	29
2	1	678	29
4	1	730	29
10	1	626	29
11	1	887	29
13	1	782	29
14	1	626	29
15	1	834	29
17	1	678	29
18	1	782	29
20	1	834	29
21	1	626	29
22	1	521	29
23	1	834	29
24	1	834	29
26	1	678	29
27	1	626	29
28	1	887	29
29	1	678	29
32	1	574	29
34	1	730	29
35	1	834	29
36	1	678	29
37	1	782	29
38	1	887	29
40	1	626	29
41	1	678	29
43	1	678	29
44	1	678	29
46	1	521	29
47	1	887	29
49	1	678	29
50	1	887	29
51	1	730	29
53	1	834	29
55	1	678	29
57	1	834	29
59	1	730	29
60	1	730	29
61	1	678	29
62	1	678	29
63	1	782	29
65	1	782	29
66	1	574	29
67	1	730	29
68	1	730	29
71	1	730	29
72	1	887	29
73	1	730	29
74	1	574	29
75	1	730	29
76	1	782	29
77	1	782	29
79	1	730	29
80	1	834	29
81	1	730	29
83	1	730	29
84	1	782	29
85	1	887	29
87	1	626	29
88	1	521	29
90	1	730	29
91	1	574	29
92	1	834	29
94	1	730	29
95	1	782	29
98	1	730	29
101	1	782	29
102	1	678	29
103	1	678	29
104	1	626	29
105	1	678	29
106	1	678	29
107	1	782	29
108	1	782	29
109	1	730	29
110	1	834	29
111	1	574	29
113	1	834	29
114	1	887	29
115	1	887	29
117	1	678	29
118	1	887	29
119	1	574	29
121	1	574	29
122	1	782	29
124	1	678	29
126	1	626	29
127	1	626	29
128	1	834	29
130	1	730	29
132	1	626	29
134	1	730	29
135	1	730	29
136	1	834	29
137	1	678	29
138	1	626	29
139	1	626	29
140	1	678	29
141	1	678	29
142	1	678	29
143	1	678	29
146	1	834	29
149	1	626	29
150	1	834	29
151	1	678	29
153	1	678	29
154	1	887	29
155	1	834	29
156	1	730	29
157	1	730	29
159	1	626	29
162	1	730	29
164	1	834	29
165	1	730	29
167	1	887	29
168	1	730	29
169	1	626	29
170	1	626	29
171	1	730	29
172	1	678	29
175	1	678	29
176	1	834	29
177	1	678	29
178	1	782	29
181	1	834	29
182	1	678	29
183	1	834	29
185	1	730	29
188	1	887	29
189	1	782	29
190	1	521	29
191	1	834	29
194	1	678	29
196	1	626	29
197	1	782	29
199	1	626	29
202	1	678	29
203	1	678	29
204	1	678	29
205	1	782	29
206	1	626	29
207	1	626	29
213	1	782	29
215	1	887	29
219	1	887	29
221	1	574	29
222	1	887	29
225	1	834	29
226	1	834	29
227	1	678	29
228	1	626	29
229	1	730	29
230	1	626	29
231	1	626	29
232	1	834	29
234	1	782	29
235	1	678	29
237	1	887	29
240	1	834	29
242	1	730	29
243	1	626	29
244	1	678	29
246	1	2139	18
247	1	678	29
248	1	834	29
249	1	626	29
250	1	626	29
252	1	730	29
253	1	678	29
255	1	887	29
256	1	574	29
258	1	626	29
259	1	834	29
260	1	834	29
262	1	574	29
263	1	678	29
265	1	730	29
266	1	887	29
267	1	626	29
268	1	887	29
269	1	834	29
271	1	678	29
272	1	626	29
273	1	730	29
274	1	678	29
275	1	887	29
276	1	782	29
277	1	678	29
278	1	730	29
279	1	678	29
282	1	678	29
283	1	678	29
284	1	834	29
286	1	626	29
288	1	834	29
289	1	730	29
290	1	730	29
292	1	730	29
293	1	626	29
294	1	834	29
295	1	678	29
296	1	834	29
298	1	678	29
299	1	834	29
301	1	574	29
303	1	730	29
304	1	834	29
305	1	678	29
306	1	834	29
307	1	730	29
308	1	782	29
309	1	626	29
310	1	834	29
314	1	887	29
316	1	887	29
317	1	782	29
321	1	730	29
322	1	730	29
324	1	782	29
325	1	887	29
326	1	626	29
327	1	782	29
329	1	730	29
330	1	678	29
331	1	730	29
332	1	834	29
333	1	834	29
334	1	782	29
335	1	626	29
338	1	730	29
339	1	834	29
341	1	782	29
342	1	834	29
343	1	626	29
347	1	834	29
349	1	782	29
352	1	834	29
353	1	678	29
354	1	574	29
355	1	678	29
357	1	730	29
359	1	782	29
362	1	574	29
363	1	730	29
364	1	834	29
367	1	834	29
368	1	574	29
369	1	730	29
370	1	678	29
371	1	834	29
375	1	887	29
378	1	782	29
379	1	887	29
380	1	887	29
382	1	834	29
383	1	678	29
387	1	834	29
388	1	678	29
389	1	626	29
390	1	834	29
391	1	678	29
393	1	626	29
395	1	678	29
396	1	834	29
397	1	574	29
399	1	626	29
402	1	678	29
403	1	887	29
406	1	834	29
407	1	678	29
410	1	887	29
411	1	834	29
412	1	834	29
413	1	678	29
414	1	730	29
415	1	834	29
417	1	730	29
418	1	834	29
419	1	574	29
420	1	678	29
422	1	887	29
423	1	730	29
424	1	626	29
427	1	678	29
428	1	834	29
430	1	730	29
431	1	626	29
432	1	834	29
434	1	730	29
435	1	626	29
436	1	626	29
437	1	834	29
438	1	730	29
439	1	730	29
440	1	887	29
441	1	887	29
443	1	782	29
445	1	574	29
447	1	678	29
448	1	887	29
449	1	782	29
450	1	678	29
452	1	730	29
453	1	834	29
457	1	887	29
459	1	782	29
460	1	574	29
461	1	626	29
464	1	730	29
465	1	626	29
466	1	834	29
467	1	626	29
468	1	834	29
469	1	574	29
471	1	887	29
472	1	834	29
474	1	678	29
476	1	782	29
477	1	574	29
478	1	730	29
481	1	730	29
482	1	678	29
483	1	730	29
485	1	887	29
487	1	834	29
489	1	626	29
490	1	730	29
495	1	730	29
497	1	626	29
498	1	678	29
499	1	678	29
500	1	834	29
501	1	887	29
502	1	782	29
503	1	626	29
506	1	678	29
507	1	730	29
508	1	834	29
509	1	678	29
510	1	574	29
513	1	887	29
515	1	626	29
516	1	782	29
517	1	887	29
518	1	730	29
519	1	678	29
521	1	626	29
522	1	782	29
523	1	730	29
524	1	782	29
525	1	782	29
526	1	678	29
527	1	626	29
528	1	834	29
529	1	626	29
531	1	782	29
533	1	730	29
534	1	626	29
538	1	678	29
539	1	626	29
540	1	730	29
541	1	730	29
543	1	887	29
545	1	730	29
546	1	678	29
547	1	782	29
548	1	730	29
550	1	678	29
551	1	626	29
554	1	626	29
555	1	834	29
556	1	887	29
558	1	834	29
559	1	678	29
565	1	678	29
568	1	834	29
569	1	678	29
571	1	626	29
573	1	730	29
575	1	626	29
577	1	626	29
578	1	887	29
579	1	730	29
581	1	782	29
583	1	834	29
584	1	834	29
585	1	626	29
586	1	574	29
587	1	730	29
588	1	730	29
589	1	730	29
590	1	834	29
595	1	834	29
596	1	1722	18
597	1	887	29
598	1	834	29
599	1	834	29
601	1	834	29
602	1	678	29
603	1	887	29
604	1	730	29
606	1	730	29
607	1	626	29
608	1	834	29
609	1	730	29
610	1	730	29
613	1	678	29
615	1	730	29
617	1	678	29
619	1	730	29
620	1	730	29
622	1	626	29
625	1	678	29
627	1	887	29
628	1	887	29
629	1	782	29
631	1	782	29
632	1	626	29
634	1	730	29
637	1	730	29
639	1	626	29
644	1	834	29
646	1	626	29
647	1	782	29
649	1	834	29
652	1	574	29
654	1	574	29
656	1	730	29
658	1	887	29
659	1	782	29
660	1	887	29
662	1	782	29
663	1	887	29
665	1	834	29
666	1	626	29
667	1	678	29
668	1	887	29
669	1	730	29
671	1	782	29
673	1	678	29
675	1	782	29
676	1	626	29
677	1	782	29
678	1	678	29
679	1	782	29
680	1	730	29
682	1	521	29
683	1	887	29
685	1	730	29
686	1	678	29
691	1	730	29
694	1	887	29
695	1	626	29
697	1	834	29
698	1	574	29
700	1	887	29
701	1	730	29
702	1	730	29
703	1	834	29
706	1	626	29
707	1	834	29
708	1	887	29
709	1	834	29
710	1	782	29
711	1	782	29
713	1	887	29
714	1	834	29
715	1	730	29
716	1	626	29
717	1	887	29
718	1	730	29
719	1	782	29
722	1	626	29
723	1	834	29
725	1	730	29
728	1	730	29
729	1	782	29
730	1	678	29
731	1	834	29
732	1	834	29
733	1	730	29
734	1	678	29
735	1	730	29
737	1	678	29
738	1	834	29
739	1	678	29
740	1	678	29
742	1	626	29
743	1	626	29
747	1	782	29
748	1	574	29
750	1	730	29
751	1	730	29
753	1	834	29
754	1	730	29
755	1	834	29
756	1	834	29
757	1	730	29
758	1	626	29
759	1	730	29
761	1	678	29
763	1	782	29
764	1	887	29
765	1	834	29
766	1	834	29
770	1	730	29
772	1	678	29
773	1	782	29
774	1	626	29
775	1	730	29
776	1	626	29
777	1	730	29
778	1	887	29
780	1	678	29
781	1	730	29
782	1	678	29
783	1	782	29
784	1	730	29
786	1	469	29
787	1	678	29
789	1	887	29
791	1	887	29
792	1	834	29
793	1	834	29
794	1	834	29
795	1	782	29
796	1	678	29
797	1	678	29
799	1	730	29
801	1	678	29
802	1	574	29
806	1	574	29
807	1	626	29
808	1	887	29
809	1	887	29
810	1	834	29
811	1	834	29
812	1	678	29
813	1	782	29
814	1	678	29
815	1	834	29
817	1	782	29
818	1	730	29
819	1	782	29
820	1	782	29
822	1	834	29
823	1	626	29
826	1	730	29
827	1	730	29
828	1	678	29
829	1	782	29
830	1	887	29
831	1	730	29
832	1	834	29
833	1	730	29
834	1	834	29
835	1	782	29
837	1	887	29
838	1	521	29
840	1	834	29
842	1	782	29
843	1	782	29
845	1	782	29
848	1	574	29
849	1	574	29
850	1	678	29
854	1	730	29
855	1	730	29
856	1	678	29
857	1	887	29
858	1	782	29
859	1	730	29
861	1	834	29
863	1	834	29
864	1	834	29
865	1	782	29
866	1	730	29
870	1	887	29
871	1	678	29
872	1	887	29
873	1	782	29
876	1	730	29
877	1	626	29
879	1	730	29
880	1	626	29
883	1	678	29
884	1	834	29
885	1	834	29
886	1	574	29
887	1	730	29
888	1	730	29
890	1	730	29
892	1	730	29
893	1	834	29
894	1	678	29
896	1	626	29
898	1	834	29
899	1	834	29
900	1	782	29
901	1	730	29
903	1	626	29
904	1	782	29
906	1	626	29
907	1	782	29
908	1	834	29
911	1	730	29
912	1	834	29
913	1	521	29
916	1	626	29
918	1	574	29
919	1	887	29
920	1	730	29
921	1	887	29
922	1	574	29
924	1	730	29
925	1	834	29
926	1	887	29
927	1	678	29
929	1	782	29
931	1	834	29
932	1	574	29
933	1	678	29
934	1	678	29
935	1	626	29
936	1	1722	18
938	1	887	29
940	1	678	29
941	1	626	29
942	1	834	29
947	1	834	29
948	1	834	29
949	1	626	29
950	1	730	29
952	1	730	29
953	1	834	29
954	1	834	29
960	1	887	29
961	1	678	29
963	1	834	29
964	1	730	29
966	1	678	29
968	1	678	29
971	1	730	29
972	1	626	29
973	1	678	29
974	1	574	29
975	1	678	29
976	1	782	29
977	1	574	29
978	1	678	29
980	1	782	29
981	1	678	29
982	1	887	29
983	1	626	29
984	1	782	29
985	1	782	29
986	1	730	29
988	1	678	29
989	1	834	29
990	1	678	29
991	1	730	29
992	1	730	29
995	1	626	29
998	1	730	29
0	2	313	26
1	2	313	26
2	2	313	26
3	2	313	26
4	2	313	26
5	2	313	26
6	2	313	26
7	2	313	26
8	2	313	26
9	2	313	26
10	2	313	26
11	2	313	26
12	2	313	26
13	2	313	26
14	2	313	26
15	2	313	26
16	2	313	26
17	2	313	26
18	2	313	26
19	2	313	26
20	2	313	26
21	2	313	26
22	2	313	26
23	2	313	26
24	2	313	26
25	2	313	26
26	2	313	26
27	2	313	26
28	2	313	26
29	2	313	26
30	2	313	26
31	2	313	26
32	2	313	26
33	2	313	26
34	2	313	26
35	2	313	26
36	2	313	26
37	2	313	26
38	2	313	26
39	2	313	26
40	2	313	26
41	2	313	26
42	2	313	26
43	2	313	26
44	2	313	26
45	2	313	26
46	2	313	26
47	2	313	26
48	2	313	26
49	2	313	26
50	2	313	26
51	2	313	26
52	2	313	26
53	2	313	26
54	2	313	26
55	2	313	26
56	2	313	26
57	2	313	26
58	2	313	26
59	2	313	26
60	2	313	26
61	2	313	26
62	2	313	26
63	2	313	26
64	2	313	26
65	2	313	26
66	2	313	26
67	2	313	26
68	2	313	26
69	2	313	26
70	2	313	26
71	2	313	26
72	2	313	26
73	2	313	26
74	2	313	26
75	2	313	26
76	2	313	26
77	2	313	26
78	2	313	26
79	2	313	26
80	2	313	26
81	2	313	26
82	2	313	26
83	2	313	26
84	2	313	26
85	2	313	26
86	2	313	26
87	2	313	26
88	2	313	26
89	2	313	26
90	2	313	26
91	2	313	26
92	2	313	26
93	2	313	26
94	2	313	26
95	2	313	26
96	2	313	26
97	2	313	26
98	2	313	26
99	2	313	26
100	2	313	26
101	2	313	26
102	2	313	26
103	2	313	26
104	2	313	26
105	2	313	26
106	2	313	26
107	2	313	26
108	2	313	26
109	2	313	26
110	2	313	26
111	2	313	26
112	2	313	26
113	2	313	26
114	2	313	26
115	2	313	26
116	2	313	26
117	2	313	26
118	2	313	26
119	2	313	26
120	2	313	26
121	2	313	26
122	2	313	26
123	2	313	26
124	2	313	26
125	2	313	26
126	2	313	26
127	2	313	26
128	2	313	26
129	2	313	26
130	2	313	26
131	2	313	26
132	2	313	26
133	2	313	26
134	2	313	26
135	2	313	26
136	2	313	26
137	2	313	26
138	2	313	26
139	2	313	26
140	2	313	26
141	2	313	26
142	2	313	26
143	2	313	26
144	2	313	26
145	2	313	26
146	2	313	26
147	2	313	26
148	2	313	26
149	2	313	26
150	2	313	26
151	2	313	26
152	2	313	26
153	2	313	26
154	2	313	26
155	2	313	26
156	2	313	26
157	2	313	26
158	2	313	26
159	2	313	26
160	2	313	26
161	2	313	26
162	2	313	26
163	2	313	26
164	2	313	26
165	2	313	26
166	2	313	26
167	2	313	26
168	2	313	26
169	2	313	26
170	2	313	26
171	2	313	26
172	2	313	26
173	2	313	26
174	2	313	26
175	2	313	26
176	2	313	26
177	2	313	26
178	2	313	26
179	2	313	26
180	2	313	26
181	2	313	26
182	2	313	26
183	2	313	26
184	2	313	26
185	2	313	26
186	2	313	26
187	2	313	26
188	2	313	26
189	2	313	26
190	2	313	26
191	2	313	26
192	2	313	26
193	2	313	26
194	2	313	26
195	2	313	26
196	2	313	26
197	2	313	26
198	2	313	26
199	2	313	26
200	2	313	26
201	2	313	26
202	2	313	26
203	2	313	26
204	2	313	26
205	2	313	26
206	2	313	26
207	2	313	26
208	2	313	26
209	2	313	26
210	2	313	26
211	2	313	26
212	2	313	26
213	2	313	26
214	2	313	26
215	2	313	26
216	2	313	26
217	2	313	26
218	2	313	26
219	2	313	26
220	2	313	26
221	2	313	26
222	2	313	26
223	2	313	26
224	2	313	26
225	2	313	26
226	2	313	26
227	2	313	26
228	2	313	26
229	2	313	26
230	2	313	26
231	2	313	26
232	2	313	26
233	2	313	26
234	2	313	26
235	2	313	26
236	2	313	26
237	2	313	26
238	2	313	26
239	2	313	26
240	2	313	26
241	2	313	26
242	2	313	26
243	2	313	26
244	2	313	26
245	2	313	26
246	2	313	26
247	2	313	26
248	2	313	26
249	2	313	26
250	2	313	26
251	2	313	26
252	2	313	26
253	2	313	26
254	2	313	26
255	2	313	26
256	2	313	26
257	2	313	26
258	2	313	26
259	2	313	26
260	2	313	26
261	2	313	26
262	2	313	26
263	2	313	26
264	2	313	26
265	2	313	26
266	2	313	26
267	2	313	26
268	2	313	26
269	2	313	26
270	2	313	26
271	2	313	26
272	2	313	26
273	2	313	26
274	2	313	26
275	2	313	26
276	2	313	26
277	2	313	26
278	2	313	26
279	2	313	26
280	2	313	26
281	2	313	26
282	2	313	26
283	2	313	26
284	2	313	26
285	2	313	26
286	2	313	26
287	2	313	26
288	2	313	26
289	2	313	26
290	2	313	26
291	2	313	26
292	2	313	26
293	2	313	26
294	2	313	26
295	2	313	26
296	2	313	26
297	2	313	26
298	2	313	26
299	2	313	26
300	2	313	26
301	2	313	26
302	2	313	26
303	2	313	26
304	2	313	26
305	2	313	26
306	2	313	26
307	2	313	26
308	2	313	26
309	2	313	26
310	2	313	26
311	2	313	26
312	2	313	26
313	2	313	26
314	2	313	26
315	2	313	26
316	2	313	26
317	2	313	26
318	2	313	26
319	2	313	26
320	2	313	26
321	2	313	26
322	2	313	26
323	2	313	26
324	2	313	26
325	2	313	26
326	2	313	26
327	2	313	26
328	2	313	26
329	2	313	26
330	2	313	26
331	2	313	26
332	2	313	26
333	2	313	26
334	2	313	26
335	2	313	26
336	2	313	26
337	2	313	26
338	2	313	26
339	2	313	26
340	2	313	26
341	2	313	26
342	2	313	26
343	2	313	26
344	2	313	26
345	2	313	26
346	2	313	26
347	2	313	26
348	2	313	26
349	2	313	26
350	2	313	26
351	2	313	26
352	2	313	26
353	2	313	26
354	2	313	26
355	2	313	26
356	2	313	26
357	2	313	26
358	2	313	26
359	2	313	26
360	2	313	26
361	2	313	26
362	2	313	26
363	2	313	26
364	2	313	26
365	2	313	26
366	2	313	26
367	2	313	26
368	2	313	26
369	2	313	26
370	2	313	26
371	2	313	26
372	2	313	26
373	2	313	26
374	2	313	26
375	2	313	26
376	2	313	26
377	2	313	26
378	2	313	26
379	2	313	26
380	2	313	26
381	2	313	26
382	2	313	26
383	2	313	26
384	2	313	26
385	2	313	26
386	2	313	26
387	2	313	26
388	2	313	26
389	2	313	26
390	2	313	26
391	2	313	26
392	2	313	26
393	2	313	26
394	2	313	26
395	2	313	26
396	2	313	26
397	2	313	26
398	2	313	26
399	2	313	26
400	2	313	26
401	2	313	26
402	2	313	26
403	2	313	26
404	2	313	26
405	2	313	26
406	2	313	26
407	2	313	26
408	2	313	26
409	2	313	26
410	2	313	26
411	2	313	26
412	2	313	26
413	2	313	26
414	2	313	26
415	2	313	26
416	2	313	26
417	2	313	26
418	2	313	26
419	2	313	26
420	2	313	26
421	2	313	26
422	2	313	26
423	2	313	26
424	2	313	26
425	2	313	26
426	2	313	26
427	2	313	26
428	2	313	26
429	2	313	26
430	2	313	26
431	2	313	26
432	2	313	26
433	2	313	26
434	2	313	26
435	2	313	26
436	2	313	26
437	2	313	26
438	2	313	26
439	2	313	26
440	2	313	26
441	2	313	26
442	2	313	26
443	2	313	26
444	2	313	26
445	2	313	26
446	2	313	26
447	2	313	26
448	2	313	26
449	2	313	26
450	2	313	26
451	2	313	26
452	2	313	26
453	2	313	26
454	2	313	26
455	2	313	26
456	2	313	26
457	2	313	26
458	2	313	26
459	2	313	26
460	2	313	26
461	2	313	26
462	2	313	26
463	2	313	26
464	2	313	26
465	2	313	26
466	2	313	26
467	2	313	26
468	2	313	26
469	2	313	26
470	2	313	26
471	2	313	26
472	2	313	26
473	2	313	26
474	2	313	26
475	2	313	26
476	2	313	26
477	2	313	26
478	2	313	26
479	2	313	26
480	2	313	26
481	2	313	26
482	2	313	26
483	2	313	26
484	2	313	26
485	2	313	26
486	2	313	26
487	2	313	26
488	2	313	26
489	2	313	26
490	2	313	26
491	2	313	26
492	2	313	26
493	2	313	26
494	2	313	26
495	2	313	26
496	2	313	26
497	2	313	26
498	2	313	26
499	2	313	26
500	2	313	26
501	2	313	26
502	2	313	26
503	2	313	26
504	2	313	26
505	2	313	26
506	2	313	26
507	2	313	26
508	2	313	26
509	2	313	26
510	2	313	26
511	2	313	26
512	2	313	26
513	2	313	26
514	2	313	26
515	2	313	26
516	2	313	26
517	2	313	26
518	2	313	26
519	2	313	26
520	2	313	26
521	2	313	26
522	2	313	26
523	2	313	26
524	2	313	26
525	2	313	26
526	2	313	26
527	2	313	26
528	2	313	26
529	2	313	26
530	2	313	26
531	2	313	26
532	2	313	26
533	2	313	26
534	2	313	26
535	2	313	26
536	2	313	26
537	2	313	26
538	2	313	26
539	2	313	26
540	2	313	26
541	2	313	26
542	2	313	26
543	2	313	26
544	2	313	26
545	2	313	26
546	2	313	26
547	2	313	26
548	2	313	26
549	2	313	26
550	2	313	26
551	2	313	26
552	2	313	26
553	2	313	26
554	2	313	26
555	2	313	26
556	2	313	26
557	2	313	26
558	2	313	26
559	2	313	26
560	2	313	26
561	2	313	26
562	2	313	26
563	2	313	26
564	2	313	26
565	2	313	26
566	2	313	26
567	2	313	26
568	2	313	26
569	2	313	26
570	2	313	26
571	2	313	26
572	2	313	26
573	2	313	26
574	2	313	26
575	2	313	26
576	2	313	26
577	2	313	26
578	2	313	26
579	2	313	26
580	2	313	26
581	2	313	26
582	2	313	26
583	2	313	26
584	2	313	26
585	2	313	26
586	2	313	26
587	2	313	26
588	2	313	26
589	2	313	26
590	2	313	26
591	2	313	26
592	2	313	26
593	2	313	26
594	2	313	26
595	2	313	26
596	2	313	26
597	2	313	26
598	2	313	26
599	2	313	26
600	2	313	26
601	2	313	26
602	2	313	26
603	2	313	26
604	2	313	26
605	2	313	26
606	2	313	26
607	2	313	26
608	2	313	26
609	2	313	26
610	2	313	26
611	2	313	26
612	2	313	26
613	2	313	26
614	2	313	26
615	2	313	26
616	2	313	26
617	2	313	26
618	2	313	26
619	2	313	26
620	2	313	26
621	2	313	26
622	2	313	26
623	2	313	26
624	2	313	26
625	2	313	26
626	2	313	26
627	2	313	26
628	2	313	26
629	2	313	26
630	2	313	26
631	2	313	26
632	2	313	26
633	2	313	26
634	2	313	26
635	2	313	26
636	2	313	26
637	2	313	26
638	2	313	26
639	2	313	26
640	2	313	26
641	2	313	26
642	2	313	26
643	2	313	26
644	2	313	26
645	2	313	26
646	2	313	26
647	2	313	26
648	2	313	26
649	2	313	26
650	2	313	26
651	2	313	26
652	2	313	26
653	2	313	26
654	2	313	26
655	2	313	26
656	2	313	26
657	2	313	26
658	2	313	26
659	2	313	26
660	2	313	26
661	2	313	26
662	2	313	26
663	2	313	26
664	2	313	26
665	2	313	26
666	2	313	26
667	2	313	26
668	2	313	26
669	2	313	26
670	2	313	26
671	2	313	26
672	2	313	26
673	2	313	26
674	2	313	26
675	2	313	26
676	2	313	26
677	2	313	26
678	2	313	26
679	2	313	26
680	2	313	26
681	2	313	26
682	2	313	26
683	2	313	26
684	2	313	26
685	2	313	26
686	2	313	26
687	2	313	26
688	2	313	26
689	2	313	26
690	2	313	26
691	2	313	26
692	2	313	26
693	2	313	26
694	2	313	26
695	2	313	26
696	2	313	26
697	2	313	26
698	2	313	26
699	2	313	26
700	2	313	26
701	2	313	26
702	2	313	26
703	2	313	26
704	2	313	26
705	2	313	26
706	2	313	26
707	2	313	26
708	2	313	26
709	2	313	26
710	2	313	26
711	2	313	26
712	2	313	26
713	2	313	26
714	2	313	26
715	2	313	26
716	2	313	26
717	2	313	26
718	2	313	26
719	2	313	26
720	2	313	26
721	2	313	26
722	2	313	26
723	2	313	26
724	2	313	26
725	2	313	26
726	2	313	26
727	2	313	26
728	2	313	26
729	2	313	26
730	2	313	26
731	2	313	26
732	2	313	26
733	2	313	26
734	2	313	26
735	2	313	26
736	2	313	26
737	2	313	26
738	2	313	26
739	2	313	26
740	2	313	26
741	2	313	26
742	2	313	26
743	2	313	26
744	2	313	26
745	2	313	26
746	2	313	26
747	2	313	26
748	2	313	26
749	2	313	26
750	2	313	26
751	2	313	26
752	2	313	26
753	2	313	26
754	2	313	26
755	2	313	26
756	2	313	26
757	2	313	26
758	2	313	26
759	2	313	26
760	2	313	26
761	2	313	26
762	2	313	26
763	2	313	26
764	2	313	26
765	2	313	26
766	2	313	26
767	2	313	26
768	2	313	26
769	2	313	26
770	2	313	26
771	2	313	26
772	2	313	26
773	2	313	26
774	2	313	26
775	2	313	26
776	2	313	26
777	2	313	26
778	2	313	26
779	2	313	26
780	2	313	26
781	2	313	26
782	2	313	26
783	2	313	26
784	2	313	26
785	2	313	26
786	2	313	26
787	2	313	26
788	2	313	26
789	2	313	26
790	2	313	26
791	2	313	26
792	2	313	26
793	2	313	26
794	2	313	26
795	2	313	26
796	2	313	26
797	2	313	26
798	2	313	26
799	2	313	26
800	2	313	26
801	2	313	26
802	2	313	26
803	2	313	26
804	2	313	26
805	2	313	26
806	2	313	26
807	2	313	26
808	2	313	26
809	2	313	26
810	2	313	26
811	2	313	26
812	2	313	26
813	2	313	26
814	2	313	26
815	2	313	26
816	2	313	26
817	2	313	26
818	2	313	26
819	2	313	26
820	2	313	26
821	2	313	26
822	2	313	26
823	2	313	26
824	2	313	26
825	2	313	26
826	2	313	26
827	2	313	26
828	2	313	26
829	2	313	26
830	2	313	26
831	2	313	26
832	2	313	26
833	2	313	26
834	2	313	26
835	2	313	26
836	2	313	26
837	2	313	26
838	2	313	26
839	2	313	26
840	2	313	26
841	2	313	26
842	2	313	26
843	2	313	26
844	2	313	26
845	2	313	26
846	2	313	26
847	2	313	26
848	2	313	26
849	2	313	26
850	2	313	26
851	2	313	26
852	2	313	26
853	2	313	26
854	2	313	26
855	2	313	26
856	2	313	26
857	2	313	26
858	2	313	26
859	2	313	26
860	2	313	26
861	2	313	26
862	2	313	26
863	2	313	26
864	2	313	26
865	2	313	26
866	2	313	26
867	2	313	26
868	2	313	26
869	2	313	26
870	2	313	26
871	2	313	26
872	2	313	26
873	2	313	26
874	2	313	26
875	2	313	26
876	2	313	26
877	2	313	26
878	2	313	26
879	2	313	26
880	2	313	26
881	2	313	26
882	2	313	26
883	2	313	26
884	2	313	26
885	2	313	26
886	2	313	26
887	2	313	26
888	2	313	26
889	2	313	26
890	2	313	26
891	2	313	26
892	2	313	26
893	2	313	26
894	2	313	26
895	2	313	26
896	2	313	26
897	2	313	26
898	2	313	26
899	2	313	26
900	2	313	26
901	2	313	26
902	2	313	26
903	2	313	26
904	2	313	26
905	2	313	26
906	2	313	26
907	2	313	26
908	2	313	26
909	2	313	26
910	2	313	26
911	2	313	26
912	2	313	26
913	2	313	26
914	2	313	26
915	2	313	26
916	2	313	26
917	2	313	26
918	2	313	26
919	2	313	26
920	2	313	26
921	2	313	26
922	2	313	26
923	2	313	26
924	2	313	26
925	2	313	26
926	2	313	26
927	2	313	26
928	2	313	26
929	2	313	26
930	2	313	26
931	2	313	26
932	2	313	26
933	2	313	26
934	2	313	26
935	2	313	26
936	2	313	26
937	2	313	26
938	2	313	26
939	2	313	26
940	2	313	26
941	2	313	26
942	2	313	26
943	2	313	26
944	2	313	26
945	2	313	26
946	2	313	26
947	2	313	26
948	2	313	26
949	2	313	26
950	2	313	26
951	2	313	26
952	2	313	26
953	2	313	26
954	2	313	26
955	2	313	26
956	2	313	26
957	2	313	26
958	2	313	26
959	2	313	26
960	2	313	26
961	2	313	26
962	2	313	26
963	2	313	26
964	2	313	26
965	2	313	26
966	2	313	26
967	2	313	26
968	2	313	26
969	2	313	26
970	2	313	26
971	2	313	26
972	2	313	26
973	2	313	26
974	2	313	26
975	2	313	26
976	2	313	26
977	2	313	26
978	2	313	26
979	2	313	26
980	2	313	26
981	2	313	26
982	2	313	26
983	2	313	26
984	2	313	26
985	2	313	26
986	2	313	26
987	2	313	26
988	2	313	26
989	2	313	26
990	2	313	26
991	2	313	26
992	2	313	26
993	2	313	26
994	2	313	26
995	2	313	26
996	2	313	26
997	2	313	26
998	2	313	26
999	2	313	26
0	3	626	29
1	3	626	29
2	3	678	29
4	3	730	29
4	3	2139	12
10	3	626	29
11	3	887	29
13	3	782	29
14	3	626	29
15	3	834	29
17	3	678	29
18	3	782	29
20	3	834	29
21	3	626	29
22	3	521	29
23	3	834	29
24	3	834	29
26	3	678	29
27	3	626	29
28	3	887	29
29	3	678	29
32	3	574	29
34	3	730	29
35	3	834	29
36	3	678	29
37	3	782	29
38	3	887	29
40	3	626	29
41	3	678	29
43	3	678	29
44	3	678	29
46	3	521	29
47	3	887	29
49	3	678	29
50	3	887	29
51	3	730	29
53	3	834	29
55	3	678	29
57	3	834	29
59	3	730	29
60	3	730	29
61	3	678	29
62	3	678	29
63	3	782	29
65	3	782	29
66	3	574	29
67	3	730	29
68	3	730	29
71	3	730	29
72	3	887	29
73	3	730	29
74	3	574	29
75	3	730	29
76	3	782	29
76	3	1878	12
77	3	782	29
79	3	730	29
80	3	834	29
81	3	730	29
83	3	730	29
84	3	782	29
85	3	887	29
87	3	626	29
88	3	521	29
90	3	730	29
91	3	574	29
92	3	834	29
94	3	730	29
95	3	782	29
98	3	730	29
100	3	1982	12
101	3	782	29
102	3	678	29
103	3	678	29
104	3	626	29
105	3	678	29
106	3	678	29
107	3	782	29
108	3	782	29
109	3	730	29
110	3	834	29
111	3	574	29
113	3	834	29
114	3	887	29
115	3	887	29
117	3	678	29
118	3	887	29
119	3	574	29
121	3	574	29
122	3	782	29
124	3	678	29
126	3	626	29
127	3	626	29
128	3	834	29
130	3	730	29
132	3	626	29
134	3	730	29
135	3	730	29
136	3	834	29
137	3	678	29
138	3	626	29
139	3	626	29
140	3	678	29
141	3	678	29
142	3	678	29
143	3	678	29
146	3	834	29
149	3	626	29
150	3	834	29
151	3	678	29
153	3	678	29
154	3	887	29
155	3	834	29
156	3	730	29
157	3	730	29
159	3	626	29
162	3	730	29
164	3	834	29
165	3	730	29
167	3	887	29
168	3	730	29
169	3	626	29
170	3	626	29
171	3	730	29
171	3	2191	12
172	3	678	29
175	3	678	29
176	3	834	29
177	3	678	29
178	3	782	29
180	3	2087	12
181	3	834	29
182	3	678	29
183	3	834	29
185	3	730	29
188	3	887	29
189	3	782	29
190	3	521	29
191	3	834	29
194	3	678	29
196	3	626	29
197	3	782	29
199	3	626	29
202	3	678	29
203	3	678	29
204	3	678	29
205	3	782	29
206	3	626	29
206	3	1930	12
206	3	2295	20
207	3	626	29
213	3	782	29
215	3	887	29
219	3	887	29
221	3	574	29
222	3	887	29
225	3	834	29
226	3	834	29
227	3	678	29
228	3	626	29
229	3	730	29
230	3	626	29
231	3	626	29
232	3	834	29
234	3	782	29
235	3	678	29
237	3	887	29
240	3	834	29
242	3	730	29
243	3	626	29
244	3	678	29
246	3	2191	12
247	3	678	29
247	3	2243	12
248	3	834	29
249	3	626	29
250	3	626	29
252	3	730	29
253	3	678	29
255	3	887	29
256	3	574	29
258	3	626	29
259	3	834	29
260	3	834	29
262	3	574	29
262	3	2191	12
263	3	678	29
265	3	730	29
266	3	887	29
267	3	626	29
268	3	887	29
269	3	834	29
271	3	678	29
272	3	626	29
272	3	2139	12
273	3	730	29
274	3	678	29
275	3	887	29
276	3	782	29
277	3	678	29
278	3	730	29
279	3	678	29
282	3	678	29
283	3	678	29
284	3	834	29
286	3	626	29
288	3	834	29
289	3	730	29
290	3	730	29
292	3	730	29
293	3	626	29
294	3	834	29
295	3	678	29
296	3	834	29
298	3	678	29
299	3	834	29
301	3	574	29
303	3	730	29
304	3	834	29
305	3	678	29
306	3	834	29
307	3	730	29
308	3	782	29
309	3	626	29
310	3	834	29
314	3	887	29
316	3	887	29
316	3	1826	12
317	3	782	29
321	3	730	29
322	3	730	29
324	3	782	29
324	3	2295	12
325	3	887	29
326	3	626	29
327	3	782	29
329	3	730	29
330	3	678	29
331	3	730	29
332	3	834	29
333	3	834	29
334	3	782	29
335	3	626	29
338	3	730	29
339	3	834	29
341	3	782	29
341	3	2295	12
342	3	834	29
343	3	626	29
347	3	834	29
349	3	782	29
349	3	2087	12
352	3	834	29
353	3	678	29
354	3	574	29
355	3	678	29
357	3	730	29
359	3	782	29
362	3	574	29
363	3	730	29
364	3	834	29
367	3	834	29
368	3	574	29
369	3	730	29
370	3	678	29
371	3	834	29
375	3	887	29
378	3	782	29
378	3	2243	12
379	3	887	29
380	3	887	29
382	3	834	29
383	3	678	29
387	3	834	29
387	3	1982	12
388	3	678	29
389	3	626	29
390	3	834	29
391	3	678	29
393	3	626	29
395	3	678	29
396	3	834	29
397	3	574	29
398	3	2295	12
399	3	626	29
402	3	678	29
403	3	887	29
404	3	1826	12
405	3	2295	12
406	3	834	29
407	3	678	29
410	3	887	29
411	3	834	29
412	3	834	29
412	3	2139	12
413	3	678	29
414	3	730	29
415	3	834	29
417	3	730	29
418	3	834	29
419	3	574	29
420	3	678	29
422	3	887	29
422	3	1982	12
423	3	730	29
424	3	626	29
427	3	678	29
428	3	834	29
430	3	730	29
431	3	626	29
432	3	834	29
434	3	730	29
435	3	626	29
436	3	626	29
437	3	834	29
438	3	730	29
439	3	730	29
440	3	887	29
441	3	887	29
443	3	782	29
445	3	574	29
447	3	678	29
448	3	887	29
449	3	782	29
450	3	678	29
452	3	730	29
453	3	834	29
457	3	887	29
459	3	782	29
459	3	1669	12
460	3	574	29
461	3	626	29
464	3	730	29
465	3	626	29
466	3	834	29
467	3	626	29
468	3	834	29
469	3	574	29
471	3	887	29
472	3	834	29
474	3	678	29
476	3	782	29
477	3	574	29
478	3	730	29
481	3	730	29
482	3	678	29
483	3	730	29
485	3	887	29
487	3	834	29
489	3	626	29
490	3	730	29
494	3	1826	12
495	3	730	29
497	3	626	29
498	3	678	29
499	3	678	29
500	3	834	29
501	3	887	29
502	3	782	29
503	3	626	29
506	3	678	29
507	3	730	29
508	3	834	29
509	3	678	29
510	3	574	29
513	3	887	29
515	3	626	29
516	3	782	29
517	3	887	29
518	3	730	29
519	3	678	29
521	3	626	29
522	3	782	29
523	3	730	29
523	3	2295	12
524	3	782	29
525	3	782	29
526	3	678	29
527	3	626	29
528	3	834	29
529	3	626	29
531	3	782	29
531	3	1774	12
533	3	730	29
534	3	626	29
538	3	678	29
539	3	626	29
540	3	730	29
541	3	730	29
541	3	2295	12
543	3	887	29
545	3	730	29
546	3	678	29
547	3	782	29
548	3	730	29
550	3	678	29
551	3	626	29
554	3	626	29
555	3	834	29
556	3	887	29
556	3	2191	12
558	3	834	29
559	3	678	29
565	3	678	29
568	3	834	29
569	3	678	29
571	3	626	29
573	3	730	29
575	3	626	29
577	3	626	29
578	3	887	29
579	3	730	29
581	3	782	29
583	3	834	29
584	3	834	29
585	3	626	29
586	3	574	29
587	3	730	29
588	3	730	29
589	3	730	29
590	3	834	29
595	3	834	29
596	3	1774	12
597	3	887	29
598	3	834	29
599	3	834	29
601	3	834	29
602	3	678	29
603	3	887	29
604	3	730	29
606	3	730	29
607	3	626	29
608	3	834	29
609	3	730	29
610	3	730	29
612	3	1826	12
613	3	678	29
615	3	730	29
617	3	678	29
619	3	730	29
620	3	730	29
622	3	626	29
625	3	678	29
627	3	887	29
628	3	887	29
629	3	782	29
631	3	782	29
632	3	626	29
634	3	730	29
637	3	730	29
639	3	626	29
644	3	834	29
644	3	2295	12
646	3	626	29
647	3	782	29
649	3	834	29
652	3	574	29
652	3	2295	12
654	3	574	29
656	3	730	29
658	3	887	29
659	3	782	29
660	3	887	29
662	3	782	29
663	3	887	29
665	3	834	29
666	3	626	29
667	3	678	29
668	3	887	29
669	3	730	29
671	3	782	29
673	3	678	29
675	3	782	29
676	3	626	29
677	3	782	29
678	3	678	29
679	3	782	29
680	3	730	29
682	3	521	29
683	3	887	29
685	3	730	29
686	3	678	29
686	3	1826	12
691	3	730	29
692	3	1461	12
694	3	887	29
695	3	626	29
697	3	834	29
698	3	574	29
700	3	887	29
701	3	730	29
702	3	730	29
703	3	834	29
706	3	626	29
707	3	834	29
708	3	887	29
709	3	834	29
710	3	782	29
710	3	2295	12
711	3	782	29
713	3	887	29
714	3	834	29
715	3	730	29
716	3	626	29
717	3	887	29
718	3	730	29
719	3	782	29
722	3	626	29
723	3	834	29
725	3	730	29
728	3	730	29
729	3	782	29
730	3	678	29
731	3	834	29
732	3	834	29
733	3	730	29
734	3	678	29
735	3	730	29
737	3	678	29
738	3	834	29
739	3	678	29
739	3	2087	12
740	3	678	29
742	3	626	29
743	3	626	29
747	3	782	29
747	3	1774	12
748	3	574	29
750	3	730	29
751	3	730	29
753	3	834	29
754	3	730	29
755	3	834	29
756	3	834	29
757	3	730	29
758	3	626	29
759	3	730	29
761	3	678	29
763	3	782	29
764	3	887	29
764	3	2243	12
765	3	834	29
766	3	834	29
770	3	730	29
772	3	678	29
773	3	782	29
774	3	626	29
775	3	730	29
776	3	626	29
777	3	730	29
778	3	887	29
780	3	678	29
780	3	2087	12
781	3	730	29
782	3	678	29
783	3	782	29
784	3	730	29
786	3	469	29
787	3	678	29
789	3	887	29
791	3	887	29
792	3	834	29
793	3	834	29
793	3	2191	12
794	3	834	29
795	3	782	29
796	3	678	29
797	3	678	29
799	3	730	29
801	3	678	29
802	3	574	29
806	3	574	29
807	3	626	29
808	3	887	29
809	3	887	29
810	3	834	29
811	3	834	29
812	3	678	29
813	3	782	29
814	3	678	29
815	3	834	29
817	3	782	29
818	3	730	29
819	3	782	29
820	3	782	29
822	3	834	29
823	3	626	29
826	3	730	29
827	3	730	29
828	3	678	29
829	3	782	29
830	3	887	29
831	3	730	29
832	3	834	29
833	3	730	29
834	3	834	29
835	3	782	29
837	3	887	29
838	3	521	29
840	3	834	29
842	3	782	29
843	3	782	29
845	3	782	29
848	3	574	29
849	3	574	29
850	3	678	29
854	3	730	29
855	3	730	29
856	3	678	29
857	3	887	29
858	3	782	29
859	3	730	29
861	3	834	29
863	3	834	29
864	3	834	29
865	3	782	29
866	3	730	29
870	3	887	29
871	3	678	29
872	3	887	29
873	3	782	29
876	3	730	29
877	3	626	29
879	3	730	29
880	3	626	29
883	3	678	29
884	3	834	29
885	3	834	29
886	3	574	29
887	3	730	29
888	3	730	29
890	3	730	29
892	3	730	29
893	3	834	29
894	3	678	29
896	3	626	29
898	3	834	29
899	3	834	29
900	3	782	29
901	3	730	29
903	3	626	29
904	3	782	29
906	3	626	29
907	3	782	29
908	3	834	29
911	3	730	29
912	3	834	29
913	3	521	29
916	3	626	29
918	3	574	29
919	3	887	29
920	3	730	29
921	3	887	29
922	3	574	29
924	3	730	29
925	3	834	29
926	3	887	29
927	3	678	29
929	3	782	29
931	3	834	29
932	3	574	29
933	3	678	29
934	3	678	29
935	3	626	29
936	3	1774	12
938	3	887	29
940	3	678	29
941	3	626	29
942	3	834	29
947	3	834	29
948	3	834	29
949	3	626	29
950	3	730	29
952	3	730	29
953	3	834	29
954	3	834	29
960	3	887	29
961	3	678	29
963	3	834	29
964	3	730	29
966	3	678	29
968	3	678	29
971	3	730	29
972	3	626	29
972	3	2243	12
973	3	678	29
974	3	574	29
975	3	678	29
976	3	782	29
977	3	574	29
978	3	678	29
980	3	782	29
981	3	678	29
982	3	887	29
983	3	626	29
984	3	782	29
985	3	782	29
986	3	730	29
988	3	678	29
989	3	834	29
990	3	678	29
991	3	730	29
992	3	730	29
995	3	626	29
998	3	730	29
0	4	626	29
1	4	626	29
2	4	678	29
3	4	1043	28
4	4	730	29
4	4	2139	28
5	4	1304	28
6	4	1304	28
7	4	1200	28
8	4	1095	28
9	4	1356	28
10	4	626	29
11	4	887	29
12	4	991	28
13	4	782	29
14	4	626	29
15	4	834	29
16	4	1095	28
17	4	678	29
18	4	782	29
19	4	1043	28
20	4	834	29
21	4	626	29
22	4	521	29
23	4	834	29
24	4	834	29
25	4	991	28
26	4	678	29
27	4	626	29
28	4	887	29
29	4	678	29
30	4	991	28
31	4	1095	28
32	4	574	29
33	4	1043	28
34	4	730	29
35	4	834	29
36	4	678	29
36	4	2243	28
37	4	782	29
38	4	887	29
39	4	991	28
40	4	626	29
41	4	678	29
42	4	1095	28
43	4	678	29
44	4	678	29
45	4	1095	28
46	4	521	29
47	4	887	29
48	4	1565	28
49	4	678	29
50	4	887	29
51	4	730	29
51	4	2191	28
52	4	991	28
53	4	834	29
53	4	2139	28
54	4	1043	28
55	4	678	29
56	4	1252	28
57	4	834	29
58	4	1043	28
59	4	730	29
60	4	730	29
61	4	678	29
62	4	678	29
63	4	782	29
64	4	1148	28
65	4	782	29
66	4	574	29
67	4	730	29
68	4	730	29
69	4	1148	28
70	4	1043	28
71	4	730	29
72	4	887	29
73	4	730	29
74	4	574	29
75	4	730	29
76	4	782	29
77	4	782	29
78	4	991	28
79	4	730	29
80	4	834	29
81	4	730	29
82	4	1043	28
83	4	730	29
84	4	782	29
85	4	887	29
86	4	1148	28
87	4	626	29
88	4	521	29
89	4	1095	28
90	4	730	29
91	4	574	29
92	4	834	29
93	4	1200	28
94	4	730	29
94	4	2243	28
95	4	782	29
96	4	1252	28
97	4	1043	28
98	4	730	29
99	4	1461	28
100	4	1356	28
101	4	782	29
101	4	2191	28
102	4	678	29
103	4	678	29
104	4	626	29
105	4	678	29
106	4	678	29
107	4	782	29
108	4	782	29
109	4	730	29
110	4	834	29
110	4	1982	28
111	4	574	29
112	4	1148	28
113	4	834	29
114	4	887	29
115	4	887	29
115	4	1982	28
116	4	991	28
117	4	678	29
118	4	887	29
119	4	574	29
120	4	991	28
121	4	574	29
122	4	782	29
123	4	1356	28
124	4	678	29
125	4	1095	28
126	4	626	29
126	4	2295	28
127	4	626	29
128	4	834	29
129	4	1148	28
130	4	730	29
131	4	1095	28
132	4	626	29
133	4	1095	28
134	4	730	29
135	4	730	29
136	4	834	29
137	4	678	29
138	4	626	29
139	4	626	29
139	4	1930	28
140	4	678	29
141	4	678	29
142	4	678	29
143	4	678	29
144	4	1252	28
145	4	1148	28
146	4	834	29
147	4	1043	28
148	4	1356	28
149	4	626	29
149	4	2087	28
150	4	834	29
151	4	678	29
152	4	1095	28
153	4	678	29
154	4	887	29
155	4	834	29
156	4	730	29
157	4	730	29
158	4	1043	28
159	4	626	29
160	4	1252	28
161	4	1043	28
162	4	730	29
163	4	1043	28
164	4	834	29
165	4	730	29
165	4	2191	28
166	4	1043	28
167	4	887	29
168	4	730	29
169	4	626	29
170	4	626	29
171	4	730	29
171	4	2191	28
172	4	678	29
173	4	1043	28
174	4	1043	28
175	4	678	29
176	4	834	29
177	4	678	29
178	4	782	29
179	4	991	28
180	4	1148	28
181	4	834	29
182	4	678	29
183	4	834	29
184	4	1408	28
185	4	730	29
186	4	1252	28
187	4	1252	28
188	4	887	29
189	4	782	29
190	4	521	29
191	4	834	29
192	4	1095	28
193	4	1252	28
194	4	678	29
195	4	1252	28
196	4	626	29
196	4	2139	28
197	4	782	29
197	4	2087	28
198	4	1043	28
199	4	626	29
200	4	1252	28
201	4	991	28
202	4	678	29
203	4	678	29
204	4	678	29
205	4	782	29
205	4	2295	28
206	4	626	29
206	4	1930	28
207	4	626	29
208	4	1095	28
209	4	1252	28
210	4	1200	28
211	4	1148	28
212	4	1304	28
213	4	782	29
213	4	2191	28
214	4	1043	28
215	4	887	29
216	4	1252	28
217	4	1356	28
218	4	1304	28
219	4	887	29
220	4	1043	28
221	4	574	29
222	4	887	29
223	4	1252	28
224	4	1252	28
225	4	834	29
226	4	834	29
227	4	678	29
228	4	626	29
229	4	730	29
230	4	626	29
231	4	626	29
232	4	834	29
233	4	991	28
234	4	782	29
235	4	678	29
236	4	991	28
237	4	887	29
238	4	991	28
239	4	1200	28
240	4	834	29
241	4	991	28
242	4	730	29
243	4	626	29
244	4	678	29
245	4	991	28
246	4	991	28
247	4	678	29
247	4	2243	28
248	4	834	29
249	4	626	29
250	4	626	29
251	4	1148	28
252	4	730	29
252	4	2191	28
253	4	678	29
254	4	1408	28
255	4	887	29
256	4	574	29
256	4	2191	28
257	4	1043	28
258	4	626	29
259	4	834	29
260	4	834	29
260	4	2243	28
261	4	1617	28
262	4	574	29
262	4	2191	28
263	4	678	29
263	4	2087	28
264	4	1095	28
265	4	730	29
266	4	887	29
267	4	626	29
268	4	887	29
269	4	834	29
269	4	2295	28
270	4	1043	28
271	4	678	29
272	4	626	29
272	4	2139	28
273	4	730	29
274	4	678	29
275	4	887	29
276	4	782	29
277	4	678	29
277	4	2191	28
278	4	730	29
279	4	678	29
280	4	1461	28
281	4	1356	28
282	4	678	29
283	4	678	29
284	4	834	29
285	4	1356	28
286	4	626	29
287	4	1148	28
288	4	834	29
289	4	730	29
290	4	730	29
291	4	1043	28
292	4	730	29
293	4	626	29
294	4	834	29
295	4	678	29
296	4	834	29
297	4	1148	28
298	4	678	29
299	4	834	29
299	4	2243	28
300	4	1148	28
301	4	574	29
302	4	1043	28
303	4	730	29
304	4	834	29
305	4	678	29
306	4	834	29
306	4	2295	28
307	4	730	29
308	4	782	29
309	4	626	29
309	4	2139	28
310	4	834	29
310	4	2139	28
311	4	1200	28
312	4	1252	28
313	4	1043	28
314	4	887	29
315	4	991	28
316	4	887	29
317	4	782	29
318	4	1043	28
319	4	1148	28
320	4	1200	28
321	4	730	29
322	4	730	29
323	4	1148	28
324	4	782	29
324	4	2191	28
325	4	887	29
326	4	626	29
327	4	782	29
328	4	1252	28
329	4	730	29
330	4	678	29
331	4	730	29
332	4	834	29
333	4	834	29
334	4	782	29
335	4	626	29
336	4	1095	28
337	4	1252	28
338	4	730	29
339	4	834	29
340	4	1513	28
341	4	782	29
341	4	2087	28
342	4	834	29
343	4	626	29
344	4	1252	28
345	4	1043	28
346	4	1095	28
347	4	834	29
348	4	1095	28
349	4	782	29
349	4	2191	28
350	4	1043	28
351	4	991	28
352	4	834	29
353	4	678	29
354	4	574	29
355	4	678	29
356	4	1304	28
357	4	730	29
357	4	2243	28
358	4	1043	28
359	4	782	29
360	4	1252	28
361	4	1095	28
362	4	574	29
363	4	730	29
364	4	834	29
365	4	1043	28
366	4	1148	28
367	4	834	29
368	4	574	29
369	4	730	29
370	4	678	29
371	4	834	29
372	4	1043	28
373	4	991	28
374	4	991	28
375	4	887	29
376	4	1095	28
377	4	1200	28
378	4	782	29
378	4	2243	28
379	4	887	29
380	4	887	29
381	4	1043	28
382	4	834	29
383	4	678	29
384	4	1252	28
385	4	1095	28
386	4	1148	28
387	4	834	29
387	4	1982	28
388	4	678	29
389	4	626	29
390	4	834	29
391	4	678	29
392	4	1200	28
393	4	626	29
394	4	1200	28
395	4	678	29
396	4	834	29
397	4	574	29
398	4	1043	28
399	4	626	29
400	4	991	28
401	4	991	28
402	4	678	29
403	4	887	29
404	4	991	28
405	4	991	28
406	4	834	29
407	4	678	29
408	4	991	28
409	4	1043	28
410	4	887	29
411	4	834	29
412	4	834	29
412	4	2087	28
413	4	678	29
414	4	730	29
415	4	834	29
416	4	1461	28
417	4	730	29
417	4	2191	28
418	4	834	29
419	4	574	29
420	4	678	29
421	4	1408	28
422	4	887	29
422	4	1982	28
423	4	730	29
424	4	626	29
424	4	1930	28
425	4	991	28
426	4	991	28
427	4	678	29
428	4	834	29
429	4	991	28
430	4	730	29
431	4	626	29
432	4	834	29
433	4	991	28
434	4	730	29
434	4	2139	28
435	4	626	29
436	4	626	29
437	4	834	29
438	4	730	29
438	4	2295	28
439	4	730	29
440	4	887	29
441	4	887	29
442	4	1356	28
443	4	782	29
444	4	1565	28
445	4	574	29
445	4	2087	28
446	4	1043	28
447	4	678	29
448	4	887	29
449	4	782	29
450	4	678	29
451	4	991	28
452	4	730	29
453	4	834	29
454	4	1200	28
455	4	1148	28
456	4	1148	28
457	4	887	29
458	4	991	28
459	4	782	29
460	4	574	29
461	4	626	29
462	4	991	28
463	4	1095	28
464	4	730	29
465	4	626	29
466	4	834	29
467	4	626	29
468	4	834	29
469	4	574	29
470	4	991	28
471	4	887	29
472	4	834	29
473	4	991	28
474	4	678	29
475	4	991	28
476	4	782	29
477	4	574	29
478	4	730	29
479	4	991	28
480	4	1252	28
481	4	730	29
482	4	678	29
482	4	2295	28
483	4	730	29
484	4	1148	28
485	4	887	29
486	4	1148	28
487	4	834	29
488	4	1252	28
489	4	626	29
490	4	730	29
491	4	991	28
492	4	1304	28
493	4	1200	28
494	4	991	28
495	4	730	29
496	4	1095	28
497	4	626	29
498	4	678	29
499	4	678	29
500	4	834	29
501	4	887	29
502	4	782	29
503	4	626	29
503	4	2139	28
504	4	1252	28
505	4	1252	28
506	4	678	29
507	4	730	29
508	4	834	29
509	4	678	29
510	4	574	29
511	4	1148	28
512	4	1200	28
513	4	887	29
514	4	1095	28
515	4	626	29
515	4	2035	28
516	4	782	29
517	4	887	29
518	4	730	29
519	4	678	29
520	4	1252	28
521	4	626	29
522	4	782	29
523	4	730	29
523	4	2295	28
524	4	782	29
525	4	782	29
526	4	678	29
527	4	626	29
528	4	834	29
529	4	626	29
530	4	1200	28
531	4	782	29
532	4	1513	28
533	4	730	29
534	4	626	29
535	4	1043	28
536	4	1252	28
537	4	1095	28
538	4	678	29
539	4	626	29
540	4	730	29
541	4	730	29
541	4	2295	28
542	4	1148	28
543	4	887	29
544	4	1095	28
545	4	730	29
546	4	678	29
547	4	782	29
548	4	730	29
549	4	991	28
550	4	678	29
551	4	626	29
552	4	1356	28
553	4	1043	28
554	4	626	29
555	4	834	29
555	4	2139	28
556	4	887	29
556	4	2191	28
557	4	991	28
558	4	834	29
559	4	678	29
560	4	1356	28
561	4	1043	28
562	4	1252	28
563	4	1304	28
564	4	1826	28
565	4	678	29
565	4	2139	28
566	4	1043	28
567	4	1043	28
568	4	834	29
569	4	678	29
570	4	1408	28
571	4	626	29
572	4	1200	28
573	4	730	29
574	4	1043	28
575	4	626	29
576	4	1356	28
577	4	626	29
578	4	887	29
579	4	730	29
580	4	1461	28
581	4	782	29
581	4	2087	28
582	4	1043	28
583	4	834	29
584	4	834	29
585	4	626	29
586	4	574	29
587	4	730	29
588	4	730	29
589	4	730	29
590	4	834	29
591	4	991	28
592	4	1252	28
593	4	1252	28
594	4	1200	28
595	4	834	29
596	4	1095	28
597	4	887	29
598	4	834	29
599	4	834	29
600	4	991	28
601	4	834	29
602	4	678	29
602	4	2191	28
603	4	887	29
604	4	730	29
605	4	1408	28
606	4	730	29
607	4	626	29
608	4	834	29
609	4	730	29
610	4	730	29
611	4	991	28
612	4	991	28
613	4	678	29
613	4	2087	28
614	4	1148	28
615	4	730	29
616	4	1252	28
617	4	678	29
618	4	1252	28
619	4	730	29
620	4	730	29
621	4	991	28
622	4	626	29
623	4	1252	28
624	4	1095	28
625	4	678	29
626	4	1095	28
627	4	887	29
627	4	2243	28
628	4	887	29
629	4	782	29
630	4	991	28
631	4	782	29
632	4	626	29
633	4	991	28
634	4	730	29
635	4	1043	28
636	4	1356	28
637	4	730	29
637	4	2087	28
638	4	1148	28
639	4	626	29
640	4	1148	28
641	4	991	28
642	4	1252	28
643	4	991	28
644	4	834	29
644	4	2295	28
645	4	991	28
646	4	626	29
647	4	782	29
648	4	1252	28
649	4	834	29
649	4	2295	28
650	4	1148	28
651	4	1148	28
652	4	574	29
652	4	2191	28
653	4	1095	28
654	4	574	29
655	4	1095	28
656	4	730	29
656	4	2243	28
657	4	1148	28
658	4	887	29
659	4	782	29
660	4	887	29
661	4	1095	28
662	4	782	29
663	4	887	29
664	4	1095	28
665	4	834	29
666	4	626	29
667	4	678	29
668	4	887	29
669	4	730	29
670	4	1148	28
671	4	782	29
672	4	1252	28
673	4	678	29
674	4	991	28
675	4	782	29
676	4	626	29
677	4	782	29
678	4	678	29
678	4	1826	28
679	4	782	29
680	4	730	29
681	4	991	28
682	4	521	29
683	4	887	29
684	4	1304	28
685	4	730	29
686	4	678	29
686	4	1826	28
687	4	991	28
688	4	991	28
689	4	1356	28
690	4	1148	28
691	4	730	29
691	4	2243	28
692	4	1095	28
693	4	991	28
694	4	887	29
695	4	626	29
696	4	1252	28
697	4	834	29
698	4	574	29
699	4	1148	28
700	4	887	29
701	4	730	29
702	4	730	29
703	4	834	29
704	4	1252	28
705	4	1356	28
706	4	626	29
707	4	834	29
708	4	887	29
709	4	834	29
710	4	782	29
710	4	2295	28
711	4	782	29
712	4	1252	28
713	4	887	29
714	4	834	29
715	4	730	29
716	4	626	29
717	4	887	29
718	4	730	29
719	4	782	29
720	4	1252	28
721	4	1043	28
722	4	626	29
723	4	834	29
724	4	1356	28
725	4	730	29
725	4	2087	28
726	4	991	28
727	4	991	28
728	4	730	29
729	4	782	29
730	4	678	29
731	4	834	29
732	4	834	29
733	4	730	29
733	4	2295	28
734	4	678	29
734	4	2295	28
735	4	730	29
736	4	991	28
737	4	678	29
738	4	834	29
739	4	678	29
739	4	2087	28
740	4	678	29
741	4	1095	28
742	4	626	29
743	4	626	29
744	4	1252	28
745	4	1200	28
746	4	1148	28
747	4	782	29
748	4	574	29
749	4	991	28
750	4	730	29
750	4	1826	28
751	4	730	29
752	4	1252	28
753	4	834	29
754	4	730	29
755	4	834	29
756	4	834	29
757	4	730	29
758	4	626	29
759	4	730	29
760	4	1408	28
761	4	678	29
762	4	1095	28
763	4	782	29
764	4	887	29
764	4	2243	28
765	4	834	29
766	4	834	29
767	4	1200	28
768	4	1252	28
769	4	991	28
770	4	730	29
771	4	991	28
772	4	678	29
773	4	782	29
774	4	626	29
775	4	730	29
776	4	626	29
777	4	730	29
778	4	887	29
779	4	991	28
780	4	678	29
780	4	2087	28
781	4	730	29
782	4	678	29
783	4	782	29
784	4	730	29
784	4	2243	28
785	4	1408	28
786	4	469	29
787	4	678	29
788	4	1095	28
789	4	887	29
790	4	991	28
791	4	887	29
792	4	834	29
793	4	834	29
794	4	834	29
794	4	2191	28
795	4	782	29
796	4	678	29
797	4	678	29
798	4	1043	28
799	4	730	29
800	4	1200	28
801	4	678	29
802	4	574	29
803	4	1252	28
804	4	1095	28
805	4	991	28
806	4	574	29
807	4	626	29
808	4	887	29
809	4	887	29
809	4	2295	28
810	4	834	29
811	4	834	29
812	4	678	29
812	4	2035	28
813	4	782	29
813	4	2295	28
814	4	678	29
815	4	834	29
816	4	1252	28
817	4	782	29
817	4	2243	28
818	4	730	29
819	4	782	29
820	4	782	29
821	4	1200	28
822	4	834	29
823	4	626	29
824	4	1252	28
825	4	1095	28
826	4	730	29
827	4	730	29
828	4	678	29
829	4	782	29
830	4	887	29
831	4	730	29
831	4	2139	28
832	4	834	29
832	4	2139	28
833	4	730	29
834	4	834	29
835	4	782	29
835	4	2295	28
836	4	1043	28
837	4	887	29
838	4	521	29
839	4	991	28
840	4	834	29
841	4	1095	28
842	4	782	29
843	4	782	29
843	4	2139	28
844	4	991	28
845	4	782	29
846	4	1252	28
847	4	1148	28
848	4	574	29
849	4	574	29
850	4	678	29
851	4	1043	28
852	4	991	28
853	4	1252	28
854	4	730	29
855	4	730	29
856	4	678	29
857	4	887	29
857	4	2191	28
858	4	782	29
859	4	730	29
860	4	1148	28
861	4	834	29
862	4	1252	28
863	4	834	29
864	4	834	29
864	4	2139	28
865	4	782	29
866	4	730	29
867	4	1148	28
868	4	991	28
869	4	991	28
870	4	887	29
871	4	678	29
872	4	887	29
873	4	782	29
874	4	1252	28
875	4	1095	28
876	4	730	29
877	4	626	29
878	4	1461	28
879	4	730	29
879	4	2087	28
880	4	626	29
881	4	1252	28
882	4	1043	28
883	4	678	29
884	4	834	29
885	4	834	29
886	4	574	29
887	4	730	29
888	4	730	29
889	4	1252	28
890	4	730	29
891	4	991	28
892	4	730	29
893	4	834	29
894	4	678	29
895	4	1252	28
896	4	626	29
897	4	1095	28
898	4	834	29
898	4	1982	28
899	4	834	29
900	4	782	29
901	4	730	29
902	4	1252	28
903	4	626	29
904	4	782	29
905	4	991	28
906	4	626	29
907	4	782	29
908	4	834	29
909	4	991	28
910	4	1043	28
911	4	730	29
912	4	834	29
913	4	521	29
914	4	991	28
915	4	1043	28
916	4	626	29
917	4	991	28
918	4	574	29
919	4	887	29
920	4	730	29
921	4	887	29
921	4	2243	28
922	4	574	29
923	4	1252	28
924	4	730	29
925	4	834	29
926	4	887	29
927	4	678	29
928	4	1356	28
929	4	782	29
930	4	1252	28
931	4	834	29
932	4	574	29
932	4	2243	28
933	4	678	29
934	4	678	29
935	4	626	29
936	4	1043	28
937	4	1252	28
938	4	887	29
939	4	1252	28
940	4	678	29
941	4	626	29
942	4	834	29
943	4	1148	28
944	4	1252	28
945	4	1252	28
946	4	1200	28
947	4	834	29
948	4	834	29
949	4	626	29
950	4	730	29
951	4	1252	28
952	4	730	29
953	4	834	29
954	4	834	29
955	4	1565	28
956	4	1043	28
957	4	1148	28
958	4	1252	28
959	4	1148	28
960	4	887	29
960	4	2295	28
961	4	678	29
962	4	991	28
963	4	834	29
964	4	730	29
965	4	1252	28
966	4	678	29
967	4	1252	28
968	4	678	29
969	4	1095	28
970	4	1148	28
971	4	730	29
972	4	626	29
972	4	2243	28
973	4	678	29
974	4	574	29
975	4	678	29
976	4	782	29
977	4	574	29
977	4	2243	28
978	4	678	29
979	4	1252	28
980	4	782	29
981	4	678	29
981	4	2035	28
982	4	887	29
983	4	626	29
984	4	782	29
984	4	2295	28
985	4	782	29
986	4	730	29
987	4	991	28
988	4	678	29
989	4	834	29
989	4	2191	28
990	4	678	29
991	4	730	29
991	4	2191	28
992	4	730	29
993	4	1252	28
994	4	1148	28
995	4	626	29
996	4	1148	28
997	4	1774	28
998	4	730	29
998	4	2191	28
999	4	1043	28
0	5	626	29
1	5	626	29
2	5	678	29
3	5	1043	28
4	5	730	29
4	5	2139	28
5	5	1304	28
6	5	1304	28
7	5	1200	28
8	5	1095	28
9	5	1356	28
10	5	626	29
11	5	887	29
12	5	991	28
13	5	782	29
14	5	626	29
15	5	834	29
16	5	1095	28
17	5	678	29
18	5	782	29
19	5	1043	28
20	5	834	29
21	5	626	29
22	5	521	29
23	5	834	29
24	5	834	29
25	5	991	28
26	5	678	29
27	5	626	29
28	5	887	29
29	5	678	29
30	5	991	28
31	5	1095	28
32	5	574	29
33	5	1043	28
34	5	730	29
35	5	834	29
36	5	678	29
36	5	2243	28
37	5	782	29
38	5	887	29
39	5	991	28
40	5	626	29
41	5	678	29
42	5	1095	28
43	5	678	29
44	5	678	29
45	5	1095	28
46	5	521	29
47	5	887	29
48	5	1565	28
49	5	678	29
50	5	887	29
51	5	730	29
51	5	2191	28
52	5	991	28
53	5	834	29
53	5	2139	28
54	5	1043	28
55	5	678	29
56	5	1252	28
57	5	834	29
58	5	1043	28
59	5	730	29
60	5	730	29
61	5	678	29
62	5	678	29
63	5	782	29
64	5	1148	28
65	5	782	29
66	5	574	29
67	5	730	29
68	5	730	29
69	5	1148	28
70	5	1043	28
71	5	730	29
72	5	887	29
73	5	730	29
74	5	574	29
75	5	730	29
76	5	782	29
77	5	782	29
78	5	991	28
79	5	730	29
80	5	834	29
81	5	730	29
82	5	1043	28
83	5	730	29
84	5	782	29
85	5	887	29
86	5	1148	28
87	5	626	29
88	5	521	29
89	5	1095	28
90	5	730	29
91	5	574	29
92	5	834	29
93	5	1200	28
94	5	730	29
94	5	2243	28
95	5	782	29
96	5	1252	28
97	5	1043	28
98	5	730	29
99	5	1461	28
100	5	1356	28
101	5	782	29
101	5	2191	28
102	5	678	29
103	5	678	29
104	5	626	29
105	5	678	29
106	5	678	29
107	5	782	29
108	5	782	29
109	5	730	29
110	5	834	29
110	5	1982	28
111	5	574	29
112	5	1148	28
113	5	834	29
114	5	887	29
115	5	887	29
115	5	1982	28
116	5	991	28
117	5	678	29
118	5	887	29
119	5	574	29
120	5	991	28
121	5	574	29
122	5	782	29
123	5	1356	28
124	5	678	29
125	5	1095	28
126	5	626	29
126	5	2295	28
127	5	626	29
128	5	834	29
129	5	1148	28
130	5	730	29
131	5	1095	28
132	5	626	29
133	5	1095	28
134	5	730	29
135	5	730	29
136	5	834	29
137	5	678	29
138	5	626	29
139	5	626	29
139	5	1930	28
140	5	678	29
141	5	678	29
142	5	678	29
143	5	678	29
144	5	1252	28
145	5	1148	28
146	5	834	29
147	5	1043	28
148	5	1356	28
149	5	626	29
149	5	2087	28
150	5	834	29
151	5	678	29
152	5	1095	28
153	5	678	29
154	5	887	29
155	5	834	29
156	5	730	29
157	5	730	29
158	5	1043	28
159	5	626	29
160	5	1252	28
161	5	1043	28
162	5	730	29
163	5	1043	28
164	5	834	29
165	5	730	29
165	5	2191	28
166	5	1043	28
167	5	887	29
168	5	730	29
169	5	626	29
170	5	626	29
171	5	730	29
171	5	2191	28
172	5	678	29
173	5	1043	28
174	5	1043	28
175	5	678	29
176	5	834	29
177	5	678	29
178	5	782	29
179	5	991	28
180	5	1148	28
181	5	834	29
182	5	678	29
183	5	834	29
184	5	1408	28
185	5	730	29
186	5	1252	28
187	5	1252	28
188	5	887	29
189	5	782	29
190	5	521	29
191	5	834	29
192	5	1095	28
193	5	1252	28
194	5	678	29
195	5	1252	28
196	5	626	29
196	5	2139	28
197	5	782	29
197	5	2087	28
198	5	1043	28
199	5	626	29
200	5	1252	28
201	5	991	28
202	5	678	29
203	5	678	29
204	5	678	29
205	5	782	29
205	5	2295	28
206	5	626	29
206	5	1930	28
207	5	626	29
208	5	1095	28
209	5	1252	28
210	5	1200	28
211	5	1148	28
212	5	1304	28
213	5	782	29
213	5	2191	28
214	5	1043	28
215	5	887	29
216	5	1252	28
217	5	1356	28
218	5	1304	28
219	5	887	29
220	5	1043	28
221	5	574	29
222	5	887	29
223	5	1252	28
224	5	1252	28
225	5	834	29
226	5	834	29
227	5	678	29
228	5	626	29
229	5	730	29
230	5	626	29
231	5	626	29
232	5	834	29
233	5	991	28
234	5	782	29
235	5	678	29
236	5	991	28
237	5	887	29
238	5	991	28
239	5	1200	28
240	5	834	29
241	5	991	28
242	5	730	29
243	5	626	29
244	5	678	29
245	5	991	28
246	5	991	28
247	5	678	29
247	5	2243	28
248	5	834	29
249	5	626	29
250	5	626	29
251	5	1148	28
252	5	730	29
252	5	2191	28
253	5	678	29
254	5	1408	28
255	5	887	29
256	5	574	29
256	5	2191	28
257	5	1043	28
258	5	626	29
259	5	834	29
260	5	834	29
260	5	2243	28
261	5	1617	28
262	5	574	29
262	5	2191	28
263	5	678	29
263	5	2087	28
264	5	1095	28
265	5	730	29
266	5	887	29
267	5	626	29
268	5	887	29
269	5	834	29
269	5	2295	28
270	5	1043	28
271	5	678	29
272	5	626	29
272	5	2139	28
273	5	730	29
274	5	678	29
275	5	887	29
276	5	782	29
277	5	678	29
277	5	2191	28
278	5	730	29
279	5	678	29
280	5	1461	28
281	5	1356	28
282	5	678	29
283	5	678	29
284	5	834	29
285	5	1356	28
286	5	626	29
287	5	1148	28
288	5	834	29
289	5	730	29
290	5	730	29
291	5	1043	28
292	5	730	29
293	5	626	29
294	5	834	29
295	5	678	29
296	5	834	29
297	5	1148	28
298	5	678	29
299	5	834	29
299	5	2243	28
300	5	1148	28
301	5	574	29
302	5	1043	28
303	5	730	29
304	5	834	29
305	5	678	29
306	5	834	29
306	5	2295	28
307	5	730	29
308	5	782	29
309	5	626	29
309	5	2139	28
310	5	834	29
310	5	2139	28
311	5	1200	28
312	5	1252	28
313	5	1043	28
314	5	887	29
315	5	991	28
316	5	887	29
317	5	782	29
318	5	1043	28
319	5	1148	28
320	5	1200	28
321	5	730	29
322	5	730	29
323	5	1148	28
324	5	782	29
324	5	2191	28
325	5	887	29
326	5	626	29
327	5	782	29
328	5	1252	28
329	5	730	29
330	5	678	29
331	5	730	29
332	5	834	29
333	5	834	29
334	5	782	29
335	5	626	29
336	5	1095	28
337	5	1252	28
338	5	730	29
339	5	834	29
340	5	1513	28
341	5	782	29
341	5	2087	28
342	5	834	29
343	5	626	29
344	5	1252	28
345	5	1043	28
346	5	1095	28
347	5	834	29
348	5	1095	28
349	5	782	29
349	5	2191	28
350	5	1043	28
351	5	991	28
352	5	834	29
353	5	678	29
354	5	574	29
355	5	678	29
356	5	1304	28
357	5	730	29
357	5	2243	28
358	5	1043	28
359	5	782	29
360	5	1252	28
361	5	1095	28
362	5	574	29
363	5	730	29
364	5	834	29
365	5	1043	28
366	5	1148	28
367	5	834	29
368	5	574	29
369	5	730	29
370	5	678	29
371	5	834	29
372	5	1043	28
373	5	991	28
374	5	991	28
375	5	887	29
376	5	1095	28
377	5	1200	28
378	5	782	29
378	5	2243	28
379	5	887	29
380	5	887	29
381	5	1043	28
382	5	834	29
383	5	678	29
384	5	1252	28
385	5	1095	28
386	5	1148	28
387	5	834	29
387	5	1982	28
388	5	678	29
389	5	626	29
390	5	834	29
391	5	678	29
392	5	1200	28
393	5	626	29
394	5	1200	28
395	5	678	29
396	5	834	29
397	5	574	29
398	5	1043	28
399	5	626	29
400	5	991	28
401	5	991	28
402	5	678	29
403	5	887	29
404	5	991	28
405	5	991	28
406	5	834	29
407	5	678	29
408	5	991	28
409	5	1043	28
410	5	887	29
411	5	834	29
412	5	834	29
412	5	2087	28
413	5	678	29
414	5	730	29
415	5	834	29
416	5	1461	28
417	5	730	29
417	5	2191	28
418	5	834	29
419	5	574	29
420	5	678	29
421	5	1408	28
422	5	887	29
422	5	1982	28
423	5	730	29
424	5	626	29
424	5	1930	28
425	5	991	28
426	5	991	28
427	5	678	29
428	5	834	29
429	5	991	28
430	5	730	29
431	5	626	29
432	5	834	29
433	5	991	28
434	5	730	29
434	5	2139	28
435	5	626	29
436	5	626	29
437	5	834	29
438	5	730	29
438	5	2295	28
439	5	730	29
440	5	887	29
441	5	887	29
442	5	1356	28
443	5	782	29
444	5	1565	28
445	5	574	29
445	5	2087	28
446	5	1043	28
447	5	678	29
448	5	887	29
449	5	782	29
450	5	678	29
451	5	991	28
452	5	730	29
453	5	834	29
454	5	1200	28
455	5	1148	28
456	5	1148	28
457	5	887	29
458	5	991	28
459	5	782	29
460	5	574	29
461	5	626	29
462	5	991	28
463	5	1095	28
464	5	730	29
465	5	626	29
466	5	834	29
467	5	626	29
468	5	834	29
469	5	574	29
470	5	991	28
471	5	887	29
472	5	834	29
473	5	991	28
474	5	678	29
475	5	991	28
476	5	782	29
477	5	574	29
478	5	730	29
479	5	991	28
480	5	1252	28
481	5	730	29
482	5	678	29
482	5	2295	28
483	5	730	29
484	5	1148	28
485	5	887	29
486	5	1148	28
487	5	834	29
488	5	1252	28
489	5	626	29
490	5	730	29
491	5	991	28
492	5	1304	28
493	5	1200	28
494	5	991	28
495	5	730	29
496	5	1095	28
497	5	626	29
498	5	678	29
499	5	678	29
500	5	834	29
501	5	887	29
502	5	782	29
503	5	626	29
503	5	2139	28
504	5	1252	28
505	5	1252	28
506	5	678	29
507	5	730	29
508	5	834	29
509	5	678	29
510	5	574	29
511	5	1148	28
512	5	1200	28
513	5	887	29
514	5	1095	28
515	5	626	29
515	5	2035	28
516	5	782	29
517	5	887	29
518	5	730	29
519	5	678	29
520	5	1252	28
521	5	626	29
522	5	782	29
523	5	730	29
523	5	2295	28
524	5	782	29
525	5	782	29
526	5	678	29
527	5	626	29
528	5	834	29
529	5	626	29
530	5	1200	28
531	5	782	29
532	5	1513	28
533	5	730	29
534	5	626	29
535	5	1043	28
536	5	1252	28
537	5	1095	28
538	5	678	29
539	5	626	29
540	5	730	29
541	5	730	29
541	5	2295	28
542	5	1148	28
543	5	887	29
544	5	1095	28
545	5	730	29
546	5	678	29
547	5	782	29
548	5	730	29
549	5	991	28
550	5	678	29
551	5	626	29
552	5	1356	28
553	5	1043	28
554	5	626	29
555	5	834	29
555	5	2139	28
556	5	887	29
556	5	2191	28
557	5	991	28
558	5	834	29
559	5	678	29
560	5	1356	28
561	5	1043	28
562	5	1252	28
563	5	1304	28
564	5	1826	28
565	5	678	29
565	5	2139	28
566	5	1043	28
567	5	1043	28
568	5	834	29
569	5	678	29
570	5	1408	28
571	5	626	29
572	5	1200	28
573	5	730	29
574	5	1043	28
575	5	626	29
576	5	1356	28
577	5	626	29
578	5	887	29
579	5	730	29
580	5	1461	28
581	5	782	29
581	5	2087	28
582	5	1043	28
583	5	834	29
584	5	834	29
585	5	626	29
586	5	574	29
587	5	730	29
588	5	730	29
589	5	730	29
590	5	834	29
591	5	991	28
592	5	1252	28
593	5	1252	28
594	5	1200	28
595	5	834	29
596	5	1095	28
597	5	887	29
598	5	834	29
599	5	834	29
600	5	991	28
601	5	834	29
602	5	678	29
602	5	2191	28
603	5	887	29
604	5	730	29
605	5	1408	28
606	5	730	29
607	5	626	29
608	5	834	29
609	5	730	29
610	5	730	29
611	5	991	28
612	5	991	28
613	5	678	29
613	5	2087	28
614	5	1148	28
615	5	730	29
616	5	1252	28
617	5	678	29
618	5	1252	28
619	5	730	29
620	5	730	29
621	5	991	28
622	5	626	29
623	5	1252	28
624	5	1095	28
625	5	678	29
626	5	1095	28
627	5	887	29
627	5	2243	28
628	5	887	29
629	5	782	29
630	5	991	28
631	5	782	29
632	5	626	29
633	5	991	28
634	5	730	29
635	5	1043	28
636	5	1356	28
637	5	730	29
637	5	2087	28
638	5	1148	28
639	5	626	29
640	5	1148	28
641	5	991	28
642	5	1252	28
643	5	991	28
644	5	834	29
644	5	2295	28
645	5	991	28
646	5	626	29
647	5	782	29
648	5	1252	28
649	5	834	29
649	5	2295	28
650	5	1148	28
651	5	1148	28
652	5	574	29
652	5	2191	28
653	5	1095	28
654	5	574	29
655	5	1095	28
656	5	730	29
656	5	2243	28
657	5	1148	28
658	5	887	29
659	5	782	29
660	5	887	29
661	5	1095	28
662	5	782	29
663	5	887	29
664	5	1095	28
665	5	834	29
666	5	626	29
667	5	678	29
668	5	887	29
669	5	730	29
670	5	1148	28
671	5	782	29
672	5	1252	28
673	5	678	29
674	5	991	28
675	5	782	29
676	5	626	29
677	5	782	29
678	5	678	29
678	5	1826	28
679	5	782	29
680	5	730	29
681	5	991	28
682	5	521	29
683	5	887	29
684	5	1304	28
685	5	730	29
686	5	678	29
686	5	1826	28
687	5	991	28
688	5	991	28
689	5	1356	28
690	5	1148	28
691	5	730	29
691	5	2243	28
692	5	1095	28
693	5	991	28
694	5	887	29
695	5	626	29
696	5	1252	28
697	5	834	29
698	5	574	29
699	5	1148	28
700	5	887	29
701	5	730	29
702	5	730	29
703	5	834	29
704	5	1252	28
705	5	1356	28
706	5	626	29
707	5	834	29
708	5	887	29
709	5	834	29
710	5	782	29
710	5	2295	28
711	5	782	29
712	5	1252	28
713	5	887	29
714	5	834	29
715	5	730	29
716	5	626	29
717	5	887	29
718	5	730	29
719	5	782	29
720	5	1252	28
721	5	1043	28
722	5	626	29
723	5	834	29
724	5	1356	28
725	5	730	29
725	5	2087	28
726	5	991	28
727	5	991	28
728	5	730	29
729	5	782	29
730	5	678	29
731	5	834	29
732	5	834	29
733	5	730	29
733	5	2295	28
734	5	678	29
734	5	2295	28
735	5	730	29
736	5	991	28
737	5	678	29
738	5	834	29
739	5	678	29
739	5	2087	28
740	5	678	29
741	5	1095	28
742	5	626	29
743	5	626	29
744	5	1252	28
745	5	1200	28
746	5	1148	28
747	5	782	29
748	5	574	29
749	5	991	28
750	5	730	29
750	5	1826	28
751	5	730	29
752	5	1252	28
753	5	834	29
754	5	730	29
755	5	834	29
756	5	834	29
757	5	730	29
758	5	626	29
759	5	730	29
760	5	1408	28
761	5	678	29
762	5	1095	28
763	5	782	29
764	5	887	29
764	5	2243	28
765	5	834	29
766	5	834	29
767	5	1200	28
768	5	1252	28
769	5	991	28
770	5	730	29
771	5	991	28
772	5	678	29
773	5	782	29
774	5	626	29
775	5	730	29
776	5	626	29
777	5	730	29
778	5	887	29
779	5	991	28
780	5	678	29
780	5	2087	28
781	5	730	29
782	5	678	29
783	5	782	29
784	5	730	29
784	5	2243	28
785	5	1408	28
786	5	469	29
787	5	678	29
788	5	1095	28
789	5	887	29
790	5	991	28
791	5	887	29
792	5	834	29
793	5	834	29
794	5	834	29
794	5	2191	28
795	5	782	29
796	5	678	29
797	5	678	29
798	5	1043	28
799	5	730	29
800	5	1200	28
801	5	678	29
802	5	574	29
803	5	1252	28
804	5	1095	28
805	5	991	28
806	5	574	29
807	5	626	29
808	5	887	29
809	5	887	29
809	5	2295	28
810	5	834	29
811	5	834	29
812	5	678	29
812	5	2035	28
813	5	782	29
813	5	2295	28
814	5	678	29
815	5	834	29
816	5	1252	28
817	5	782	29
817	5	2243	28
818	5	730	29
819	5	782	29
820	5	782	29
821	5	1200	28
822	5	834	29
823	5	626	29
824	5	1252	28
825	5	1095	28
826	5	730	29
827	5	730	29
828	5	678	29
829	5	782	29
830	5	887	29
831	5	730	29
831	5	2139	28
832	5	834	29
832	5	2139	28
833	5	730	29
834	5	834	29
835	5	782	29
835	5	2295	28
836	5	1043	28
837	5	887	29
838	5	521	29
839	5	991	28
840	5	834	29
841	5	1095	28
842	5	782	29
843	5	782	29
843	5	2139	28
844	5	991	28
845	5	782	29
846	5	1252	28
847	5	1148	28
848	5	574	29
849	5	574	29
850	5	678	29
851	5	1043	28
852	5	991	28
853	5	1252	28
854	5	730	29
855	5	730	29
856	5	678	29
857	5	887	29
857	5	2191	28
858	5	782	29
859	5	730	29
860	5	1148	28
861	5	834	29
862	5	1252	28
863	5	834	29
864	5	834	29
864	5	2139	28
865	5	782	29
866	5	730	29
867	5	1148	28
868	5	991	28
869	5	991	28
870	5	887	29
871	5	678	29
872	5	887	29
873	5	782	29
874	5	1252	28
875	5	1095	28
876	5	730	29
877	5	626	29
878	5	1461	28
879	5	730	29
879	5	2087	28
880	5	626	29
881	5	1252	28
882	5	1043	28
883	5	678	29
884	5	834	29
885	5	834	29
886	5	574	29
887	5	730	29
888	5	730	29
889	5	1252	28
890	5	730	29
891	5	991	28
892	5	730	29
893	5	834	29
894	5	678	29
895	5	1252	28
896	5	626	29
897	5	1095	28
898	5	834	29
898	5	1982	28
899	5	834	29
900	5	782	29
901	5	730	29
902	5	1252	28
903	5	626	29
904	5	782	29
905	5	991	28
906	5	626	29
907	5	782	29
908	5	834	29
909	5	991	28
910	5	1043	28
911	5	730	29
912	5	834	29
913	5	521	29
914	5	991	28
915	5	1043	28
916	5	626	29
917	5	991	28
918	5	574	29
919	5	887	29
920	5	730	29
921	5	887	29
921	5	2243	28
922	5	574	29
923	5	1252	28
924	5	730	29
925	5	834	29
926	5	887	29
927	5	678	29
928	5	1356	28
929	5	782	29
930	5	1252	28
931	5	834	29
932	5	574	29
932	5	2243	28
933	5	678	29
934	5	678	29
935	5	626	29
936	5	1043	28
937	5	1252	28
938	5	887	29
939	5	1252	28
940	5	678	29
941	5	626	29
942	5	834	29
943	5	1148	28
944	5	1252	28
945	5	1252	28
946	5	1200	28
947	5	834	29
948	5	834	29
949	5	626	29
950	5	730	29
951	5	1252	28
952	5	730	29
953	5	834	29
954	5	834	29
955	5	1565	28
956	5	1043	28
957	5	1148	28
958	5	1252	28
959	5	1148	28
960	5	887	29
960	5	2295	28
961	5	678	29
962	5	991	28
963	5	834	29
964	5	730	29
965	5	1252	28
966	5	678	29
967	5	1252	28
968	5	678	29
969	5	1095	28
970	5	1148	28
971	5	730	29
972	5	626	29
972	5	2243	28
973	5	678	29
974	5	574	29
975	5	678	29
976	5	782	29
977	5	574	29
977	5	2243	28
978	5	678	29
979	5	1252	28
980	5	782	29
981	5	678	29
981	5	2035	28
982	5	887	29
983	5	626	29
984	5	782	29
984	5	2295	28
985	5	782	29
986	5	730	29
987	5	991	28
988	5	678	29
989	5	834	29
989	5	2191	28
990	5	678	29
991	5	730	29
991	5	2191	28
992	5	730	29
993	5	1252	28
994	5	1148	28
995	5	626	29
996	5	1148	28
997	5	1774	28
998	5	730	29
998	5	2191	28
999	5	1043	28
