Realization	utility	week	infra.
0	0	678	29
1	0	730	29
2	0	887	29
3	0	1356	29
4	0	834	29
5	0	834	29
6	0	1095	29
7	0	1200	29
8	0	1043	29
10	0	678	29
12	0	1982	29
13	0	1878	29
14	0	678	29
15	0	834	29
16	0	834	29
17	0	730	29
18	0	782	29
19	0	2035	29
20	0	991	29
21	0	678	29
22	0	1200	29
23	0	730	29
24	0	730	29
25	0	1982	29
26	0	1043	29
27	0	782	29
28	0	1148	29
29	0	1200	29
30	0	1461	29
31	0	887	29
32	0	1304	29
33	0	1095	29
34	0	1095	29
35	0	782	29
36	0	834	29
37	0	1304	29
38	0	939	29
39	0	887	29
40	0	626	29
41	0	1095	29
42	0	1095	29
43	0	730	29
45	0	1043	29
46	0	887	29
47	0	1356	29
49	0	887	29
51	0	1930	29
52	0	2295	29
53	0	782	29
55	0	887	29
56	0	1565	29
57	0	730	29
58	0	834	29
59	0	834	29
60	0	2035	29
61	0	887	29
62	0	887	29
63	0	1043	29
64	0	2087	29
65	0	1095	29
66	0	1513	29
67	0	1095	29
68	0	1722	29
69	0	1200	29
70	0	991	29
71	0	1304	29
73	0	1982	29
74	0	1878	29
75	0	730	29
76	0	1617	29
77	0	1982	29
79	0	1200	29
80	0	782	29
81	0	939	29
82	0	1304	29
83	0	1356	29
84	0	887	29
86	0	1513	29
87	0	782	29
88	0	1043	29
89	0	1095	29
90	0	1513	29
91	0	991	29
92	0	782	29
93	0	1722	29
94	0	2191	29
95	0	1826	29
96	0	1200	29
97	0	1930	29
98	0	1930	29
99	0	1669	29
100	0	1930	29
101	0	939	29
102	0	991	29
103	0	1252	29
104	0	991	29
106	0	1095	29
107	0	730	29
108	0	887	29
109	0	1617	29
110	0	782	29
111	0	939	29
112	0	1095	29
113	0	730	29
114	0	1200	29
115	0	1617	29
116	0	1669	29
117	0	1722	29
118	0	1408	29
119	0	1408	29
120	0	1408	29
121	0	1930	29
122	0	730	29
123	0	2191	29
124	0	730	29
125	0	834	29
126	0	678	29
127	0	834	29
128	0	626	29
129	0	1356	29
130	0	834	29
131	0	939	29
132	0	782	29
133	0	991	29
134	0	1304	29
135	0	730	29
136	0	730	29
137	0	1095	29
138	0	730	29
139	0	834	29
139	0	2295	30
140	0	2243	29
141	0	834	29
142	0	1356	29
143	0	1513	29
145	0	1408	29
146	0	887	29
147	0	939	29
148	0	1617	29
149	0	782	29
150	0	782	29
151	0	1513	29
152	0	834	29
153	0	1408	29
154	0	834	29
155	0	730	29
156	0	782	29
158	0	887	29
159	0	678	29
160	0	1148	29
161	0	1982	29
162	0	1252	29
163	0	1722	29
164	0	834	29
165	0	887	29
166	0	2087	29
167	0	1669	29
169	0	834	29
170	0	782	29
171	0	1878	29
172	0	1304	29
173	0	1669	29
174	0	1200	29
175	0	1043	29
176	0	730	29
179	0	991	29
181	0	730	29
182	0	1669	29
183	0	782	29
184	0	2243	29
185	0	887	29
187	0	1200	29
188	0	1982	29
189	0	1095	29
190	0	1304	29
191	0	730	29
192	0	1095	29
193	0	991	29
194	0	1617	29
196	0	678	29
196	0	2139	30
198	0	939	29
199	0	730	29
200	0	1356	29
201	0	1982	29
202	0	1252	29
203	0	1200	29
204	0	887	29
205	0	1513	29
206	0	678	29
206	0	2087	30
207	0	782	29
208	0	834	29
210	0	939	29
211	0	2035	29
212	0	1252	29
213	0	1982	29
215	0	1408	29
217	0	1356	29
218	0	1200	29
220	0	1878	29
221	0	1095	29
222	0	2035	29
223	0	1982	29
224	0	1304	29
225	0	782	29
226	0	782	29
227	0	991	29
228	0	730	29
229	0	1095	29
230	0	678	29
231	0	730	29
232	0	834	29
233	0	1461	29
235	0	1826	29
236	0	1930	29
239	0	1565	29
240	0	782	29
241	0	1095	29
242	0	991	29
243	0	678	29
244	0	782	29
245	0	1513	29
248	0	782	29
249	0	678	29
250	0	730	29
251	0	939	29
252	0	2139	29
253	0	1408	29
255	0	1408	29
256	0	1148	29
257	0	1356	29
258	0	678	29
259	0	730	29
260	0	782	29
262	0	1200	29
264	0	991	29
265	0	887	29
266	0	991	29
267	0	730	29
268	0	1200	29
269	0	730	29
270	0	1565	29
271	0	991	29
272	0	678	29
272	0	2295	30
274	0	1513	29
275	0	2243	29
277	0	2035	29
278	0	1774	29
279	0	1408	29
280	0	1513	29
282	0	2035	29
283	0	1356	29
284	0	730	29
285	0	1304	29
286	0	782	29
287	0	1461	29
288	0	887	29
289	0	2295	29
291	0	1043	29
292	0	1930	29
293	0	678	29
294	0	887	29
295	0	1408	29
296	0	730	29
297	0	2191	29
298	0	1200	29
299	0	782	29
300	0	1826	29
301	0	782	29
302	0	939	29
303	0	730	29
304	0	730	29
306	0	730	29
307	0	1982	29
308	0	1200	29
309	0	678	29
310	0	834	29
311	0	2087	29
312	0	1513	29
313	0	1513	29
314	0	1669	29
315	0	1095	29
317	0	1408	29
318	0	1930	29
319	0	2087	29
320	0	1461	29
321	0	782	29
322	0	834	29
323	0	2087	29
324	0	1565	29
325	0	1461	29
326	0	678	29
327	0	1304	29
328	0	1826	29
329	0	1722	29
330	0	1095	29
331	0	782	29
332	0	887	29
333	0	782	29
334	0	1461	29
335	0	678	29
336	0	991	29
337	0	1617	29
338	0	2035	29
339	0	834	29
340	0	1356	29
341	0	1408	29
342	0	782	29
343	0	678	29
344	0	2295	29
345	0	991	29
346	0	887	29
347	0	834	29
348	0	834	29
349	0	887	29
351	0	939	29
352	0	991	29
353	0	782	29
354	0	730	29
355	0	834	29
356	0	1200	29
357	0	939	29
358	0	1200	29
360	0	1826	29
361	0	991	29
364	0	730	29
365	0	2139	29
366	0	1148	29
367	0	887	29
368	0	678	29
369	0	887	29
371	0	887	29
372	0	1252	29
374	0	1774	29
375	0	1461	29
376	0	991	29
377	0	1565	29
378	0	1461	29
379	0	1043	29
380	0	1826	29
381	0	1304	29
382	0	782	29
383	0	1982	29
384	0	887	29
385	0	1095	29
386	0	939	29
387	0	834	29
388	0	2295	29
389	0	782	29
390	0	730	29
391	0	782	29
392	0	1878	29
393	0	678	29
394	0	991	29
395	0	1043	29
396	0	730	29
397	0	1408	29
398	0	1043	29
399	0	782	29
400	0	991	29
402	0	991	29
403	0	2243	29
404	0	1304	29
405	0	1513	29
406	0	834	29
407	0	1304	29
409	0	1669	29
410	0	1722	29
411	0	730	29
412	0	782	29
412	0	2243	30
413	0	730	29
414	0	1043	29
415	0	887	29
416	0	1930	29
417	0	939	29
418	0	887	29
419	0	834	29
420	0	1252	29
421	0	2139	29
422	0	1878	29
423	0	1200	29
424	0	730	29
425	0	1043	29
426	0	1200	29
427	0	2295	29
428	0	730	29
429	0	991	29
430	0	834	29
431	0	678	29
432	0	887	29
433	0	1200	29
434	0	834	29
435	0	730	29
436	0	782	29
437	0	782	29
438	0	1095	29
439	0	1617	29
440	0	991	29
442	0	1148	29
445	0	782	29
446	0	1826	29
447	0	1826	29
451	0	1095	29
452	0	887	29
453	0	782	29
454	0	1722	29
455	0	1356	29
456	0	1513	29
457	0	1200	29
459	0	2087	29
460	0	834	29
461	0	782	29
462	0	1095	29
463	0	939	29
464	0	1200	29
465	0	782	29
466	0	782	29
467	0	678	29
468	0	730	29
469	0	730	29
470	0	2243	29
471	0	1774	29
472	0	887	29
473	0	1095	29
474	0	782	29
475	0	1774	29
476	0	1982	29
478	0	1304	29
480	0	1461	29
481	0	991	29
482	0	939	29
484	0	2191	29
485	0	1617	29
486	0	1513	29
487	0	782	29
488	0	1513	29
489	0	730	29
490	0	1148	29
491	0	939	29
492	0	1200	29
494	0	939	29
495	0	1200	29
496	0	1095	29
497	0	678	29
498	0	1043	29
499	0	991	29
500	0	782	29
501	0	1565	29
502	0	1148	29
503	0	730	29
503	0	2243	30
505	0	1617	29
506	0	1356	29
507	0	2139	29
508	0	834	29
510	0	2139	29
512	0	1148	29
513	0	1200	29
514	0	887	29
515	0	730	29
516	0	1513	29
517	0	1461	29
518	0	1304	29
519	0	834	29
520	0	991	29
521	0	782	29
522	0	1095	29
523	0	782	29
525	0	1043	29
526	0	2139	29
527	0	730	29
528	0	730	29
529	0	730	29
530	0	1461	29
531	0	1252	29
532	0	1356	29
533	0	2243	29
534	0	678	29
536	0	1565	29
537	0	1095	29
538	0	782	29
539	0	678	29
540	0	2139	29
541	0	782	29
542	0	1252	29
543	0	1304	29
544	0	939	29
545	0	2243	29
546	0	1461	29
547	0	991	29
548	0	1774	29
549	0	1513	29
550	0	730	29
551	0	678	29
552	0	1617	29
553	0	1200	29
554	0	626	29
555	0	730	29
555	0	2243	30
556	0	1200	29
557	0	2139	29
558	0	730	29
559	0	1304	29
560	0	1878	29
561	0	1461	29
562	0	1252	29
563	0	1148	29
564	0	1669	29
565	0	834	29
566	0	939	29
567	0	1200	29
568	0	730	29
569	0	1200	29
570	0	1513	29
571	0	730	29
572	0	1826	29
575	0	678	29
576	0	1461	29
577	0	834	29
578	0	1513	29
581	0	1304	29
582	0	1148	29
583	0	730	29
584	0	834	29
585	0	678	29
586	0	1095	29
587	0	730	29
588	0	939	29
589	0	887	29
590	0	782	29
591	0	1826	29
593	0	1252	29
594	0	1356	29
595	0	834	29
596	0	1043	29
597	0	1304	29
598	0	730	29
599	0	730	29
600	0	1930	29
601	0	887	29
602	0	1722	29
604	0	1200	29
605	0	1513	29
606	0	1043	29
607	0	730	29
608	0	939	29
611	0	1200	29
612	0	1304	29
613	0	1722	29
614	0	1356	29
615	0	1252	29
616	0	1252	29
617	0	2191	29
619	0	1565	29
620	0	834	29
621	0	1200	29
622	0	678	29
623	0	1617	29
624	0	834	29
625	0	1356	29
626	0	939	29
627	0	939	29
628	0	1095	29
629	0	1617	29
630	0	1200	29
631	0	1095	29
632	0	730	29
633	0	1930	29
634	0	1356	29
635	0	1565	29
638	0	2087	29
639	0	782	29
640	0	2087	29
641	0	1043	29
642	0	1513	29
644	0	887	29
645	0	1200	29
646	0	782	29
648	0	1148	29
649	0	887	29
650	0	1826	29
651	0	887	29
652	0	1043	29
653	0	991	29
654	0	1461	29
655	0	1095	29
656	0	1095	29
657	0	939	29
658	0	887	29
659	0	1356	29
660	0	1930	29
661	0	887	29
662	0	1095	29
663	0	1304	29
664	0	887	29
665	0	834	29
666	0	782	29
667	0	782	29
668	0	1304	29
669	0	1200	29
670	0	1304	29
672	0	1304	29
673	0	1304	29
674	0	1200	29
675	0	1200	29
676	0	834	29
677	0	1200	29
678	0	730	29
679	0	1617	29
680	0	1252	29
681	0	1565	29
682	0	887	29
683	0	1565	29
684	0	1252	29
685	0	1252	29
686	0	887	29
687	0	1722	29
688	0	1461	29
689	0	1408	29
690	0	1304	29
691	0	887	29
692	0	1043	29
693	0	1043	29
694	0	939	29
695	0	730	29
696	0	1617	29
697	0	782	29
698	0	1826	29
699	0	1252	29
700	0	1043	29
701	0	1200	29
702	0	1200	29
703	0	834	29
705	0	1356	29
706	0	678	29
707	0	834	29
708	0	1304	29
709	0	887	29
710	0	939	29
711	0	1304	29
712	0	1200	29
714	0	730	29
715	0	1148	29
716	0	626	29
717	0	1252	29
718	0	834	29
719	0	1461	29
721	0	1148	29
722	0	730	29
723	0	1095	29
724	0	2035	29
725	0	834	29
726	0	1148	29
727	0	1669	29
728	0	2035	29
729	0	834	29
730	0	1148	29
731	0	730	29
732	0	887	29
733	0	834	29
734	0	730	29
735	0	2243	29
736	0	1461	29
737	0	782	29
738	0	887	29
739	0	1304	29
741	0	939	29
742	0	730	29
743	0	678	29
744	0	1356	29
745	0	1930	29
746	0	1513	29
747	0	1148	29
748	0	2295	29
749	0	2087	29
750	0	991	29
752	0	1200	29
753	0	782	29
754	0	782	29
755	0	782	29
756	0	834	29
757	0	1982	29
758	0	678	29
759	0	1669	29
760	0	1095	29
761	0	1095	29
762	0	1095	29
763	0	1461	29
765	0	782	29
766	0	887	29
767	0	1356	29
768	0	1878	29
769	0	1930	29
770	0	2295	29
771	0	1461	29
772	0	1826	29
773	0	1669	29
774	0	782	29
775	0	1878	29
776	0	678	29
777	0	2295	29
778	0	939	29
779	0	2191	29
780	0	1148	29
781	0	939	29
782	0	991	29
783	0	1774	29
784	0	834	29
785	0	991	29
786	0	1722	29
787	0	1722	29
788	0	834	29
789	0	1252	29
790	0	1200	29
791	0	1722	29
792	0	887	29
793	0	782	29
794	0	782	29
795	0	1930	29
796	0	1669	29
797	0	834	29
798	0	1356	29
800	0	1617	29
801	0	1617	29
802	0	939	29
803	0	939	29
804	0	1095	29
806	0	1669	29
807	0	678	29
808	0	2295	29
809	0	2035	29
810	0	782	29
811	0	730	29
812	0	887	29
813	0	1356	29
815	0	730	29
816	0	1356	29
817	0	2295	29
818	0	1043	29
819	0	1826	29
820	0	1722	29
821	0	1356	29
822	0	730	29
823	0	782	29
824	0	1252	29
825	0	1200	29
826	0	1252	29
827	0	1826	29
828	0	1461	29
829	0	2191	29
830	0	1461	29
831	0	939	29
832	0	887	29
833	0	1408	29
834	0	782	29
835	0	1043	29
836	0	2295	29
837	0	1565	29
838	0	730	29
839	0	1565	29
840	0	730	29
841	0	834	29
842	0	1148	29
843	0	730	29
844	0	1669	29
845	0	1461	29
846	0	1669	29
847	0	1408	29
848	0	678	29
850	0	887	29
853	0	1878	29
854	0	1252	29
855	0	834	29
856	0	1043	29
857	0	1774	29
858	0	1043	29
860	0	1930	29
861	0	834	29
862	0	1878	29
863	0	887	29
864	0	782	29
865	0	730	29
866	0	730	29
867	0	1200	29
868	0	991	29
869	0	1200	29
870	0	1356	29
871	0	1304	29
873	0	730	29
875	0	991	29
876	0	782	29
877	0	678	29
878	0	1461	29
879	0	1095	29
880	0	678	29
882	0	1408	29
883	0	2087	29
884	0	834	29
885	0	730	29
886	0	1565	29
887	0	991	29
888	0	2191	29
889	0	1722	29
890	0	1461	29
891	0	887	29
892	0	1826	29
893	0	887	29
894	0	991	29
895	0	1252	29
896	0	678	29
897	0	782	29
898	0	834	29
899	0	782	29
900	0	1408	29
901	0	730	29
902	0	1200	29
903	0	834	29
905	0	1513	29
906	0	782	29
907	0	2295	29
908	0	782	29
909	0	2139	29
910	0	1304	29
911	0	2139	29
912	0	887	29
913	0	1461	29
914	0	1200	29
915	0	1513	29
916	0	782	29
917	0	1461	29
918	0	1461	29
919	0	1774	29
920	0	1669	29
922	0	1200	29
923	0	1513	29
924	0	887	29
925	0	834	29
926	0	991	29
927	0	1148	29
929	0	834	29
931	0	834	29
932	0	1356	29
933	0	1408	29
934	0	1304	29
935	0	834	29
936	0	1200	29
937	0	1878	29
938	0	1408	29
939	0	1722	29
940	0	1095	29
941	0	730	29
942	0	730	29
944	0	1148	29
946	0	1304	29
947	0	782	29
948	0	782	29
949	0	730	29
950	0	730	29
953	0	887	29
954	0	782	29
956	0	1982	29
958	0	1774	29
960	0	991	29
961	0	991	29
962	0	2191	29
963	0	887	29
964	0	887	29
965	0	1252	29
966	0	730	29
968	0	887	29
969	0	991	29
971	0	939	29
972	0	678	29
973	0	1408	29
974	0	991	29
975	0	1617	29
976	0	1043	29
977	0	2295	29
978	0	834	29
979	0	1513	29
980	0	2035	29
981	0	1252	29
982	0	939	29
983	0	730	29
984	0	1304	29
985	0	1356	29
987	0	1774	29
988	0	991	29
989	0	730	29
990	0	1878	29
995	0	730	29
996	0	1565	29
998	0	1043	29
999	0	1774	29
0	1	678	29
1	1	730	29
2	1	887	29
3	1	1356	29
4	1	834	29
5	1	834	29
6	1	1095	29
7	1	1200	29
8	1	1043	29
10	1	678	29
12	1	1982	29
13	1	1878	29
14	1	678	29
15	1	834	29
16	1	834	29
17	1	730	29
18	1	782	29
19	1	2035	29
20	1	991	29
21	1	678	29
22	1	1200	29
23	1	730	29
24	1	730	29
25	1	1982	29
26	1	1043	29
27	1	782	29
28	1	1148	29
29	1	1200	29
30	1	1461	29
31	1	887	29
32	1	1304	29
33	1	1095	29
34	1	1095	29
35	1	782	29
36	1	834	29
37	1	1304	29
38	1	939	29
39	1	887	29
40	1	626	29
41	1	1095	29
42	1	1095	29
43	1	730	29
45	1	1043	29
46	1	887	29
47	1	1356	29
49	1	887	29
51	1	1930	29
52	1	2295	29
53	1	782	29
55	1	887	29
56	1	1565	29
57	1	730	29
58	1	834	29
59	1	834	29
60	1	2035	29
61	1	887	29
62	1	887	29
63	1	1043	29
64	1	2087	29
65	1	1095	29
66	1	1513	29
67	1	1095	29
68	1	1722	29
69	1	1200	29
70	1	991	29
71	1	1304	29
73	1	1982	29
74	1	1878	29
75	1	730	29
76	1	1617	29
77	1	1982	29
79	1	1200	29
80	1	782	29
81	1	939	29
82	1	1304	29
83	1	1356	29
84	1	887	29
86	1	1513	29
87	1	782	29
88	1	1043	29
89	1	1095	29
90	1	1513	29
91	1	991	29
92	1	782	29
93	1	1722	29
94	1	2191	29
95	1	1826	29
96	1	1200	29
97	1	1930	29
98	1	1930	29
99	1	1669	29
100	1	1930	29
101	1	939	29
102	1	991	29
103	1	1252	29
104	1	991	29
106	1	1095	29
107	1	730	29
108	1	887	29
109	1	1617	29
110	1	782	29
111	1	939	29
112	1	1095	29
113	1	730	29
114	1	1200	29
115	1	1617	29
116	1	1669	29
117	1	1722	29
118	1	1408	29
119	1	1408	29
120	1	1408	29
121	1	1930	29
122	1	730	29
123	1	2191	29
124	1	730	29
125	1	834	29
126	1	678	29
127	1	834	29
128	1	626	29
129	1	1356	29
130	1	834	29
131	1	939	29
132	1	782	29
133	1	991	29
134	1	1304	29
135	1	730	29
136	1	730	29
137	1	1095	29
138	1	730	29
139	1	834	29
139	1	2295	30
140	1	2243	29
141	1	834	29
142	1	1356	29
143	1	1513	29
145	1	1408	29
146	1	887	29
147	1	939	29
148	1	1617	29
149	1	782	29
150	1	782	29
151	1	1513	29
152	1	834	29
153	1	1408	29
154	1	834	29
155	1	730	29
156	1	782	29
158	1	887	29
159	1	678	29
160	1	1148	29
161	1	1982	29
162	1	1252	29
163	1	1722	29
164	1	834	29
165	1	887	29
166	1	2087	29
167	1	1669	29
169	1	834	29
170	1	782	29
171	1	1878	29
172	1	1304	29
173	1	1669	29
174	1	1200	29
175	1	1043	29
176	1	730	29
179	1	991	29
181	1	730	29
182	1	1669	29
183	1	782	29
184	1	2243	29
185	1	887	29
187	1	1200	29
188	1	1982	29
189	1	1095	29
190	1	1304	29
191	1	730	29
192	1	1095	29
193	1	991	29
194	1	1617	29
196	1	678	29
196	1	2139	30
198	1	939	29
199	1	730	29
200	1	1356	29
201	1	1982	29
202	1	1252	29
203	1	1200	29
204	1	887	29
205	1	1513	29
206	1	678	29
206	1	2087	30
207	1	782	29
208	1	834	29
210	1	939	29
211	1	2035	29
212	1	1252	29
213	1	1982	29
215	1	1408	29
217	1	1356	29
218	1	1200	29
220	1	1878	29
221	1	1095	29
222	1	2035	29
223	1	1982	29
224	1	1304	29
225	1	782	29
226	1	782	29
227	1	991	29
228	1	730	29
229	1	1095	29
230	1	678	29
231	1	730	29
232	1	834	29
233	1	1461	29
235	1	1826	29
236	1	1930	29
239	1	1565	29
240	1	782	29
241	1	1095	29
242	1	991	29
243	1	678	29
244	1	782	29
245	1	1513	29
248	1	782	29
249	1	678	29
250	1	730	29
251	1	939	29
252	1	2139	29
253	1	1408	29
255	1	1408	29
256	1	1148	29
257	1	1356	29
258	1	678	29
259	1	730	29
260	1	782	29
262	1	1200	29
264	1	991	29
265	1	887	29
266	1	991	29
267	1	730	29
268	1	1200	29
269	1	730	29
270	1	1565	29
271	1	991	29
272	1	678	29
272	1	2295	30
274	1	1513	29
275	1	2243	29
277	1	2035	29
278	1	1774	29
279	1	1408	29
280	1	1513	29
282	1	2035	29
283	1	1356	29
284	1	730	29
285	1	1304	29
286	1	782	29
287	1	1461	29
288	1	887	29
289	1	2295	29
291	1	1043	29
292	1	1930	29
293	1	678	29
294	1	887	29
295	1	1408	29
296	1	730	29
297	1	2191	29
298	1	1200	29
299	1	782	29
300	1	1826	29
301	1	782	29
302	1	939	29
303	1	730	29
304	1	730	29
306	1	730	29
307	1	1982	29
308	1	1200	29
309	1	678	29
310	1	834	29
311	1	2087	29
312	1	1513	29
313	1	1513	29
314	1	1669	29
315	1	1095	29
317	1	1408	29
318	1	1930	29
319	1	2087	29
320	1	1461	29
321	1	782	29
322	1	834	29
323	1	2087	29
324	1	1565	29
325	1	1461	29
326	1	678	29
327	1	1304	29
328	1	1826	29
329	1	1722	29
330	1	1095	29
331	1	782	29
332	1	887	29
333	1	782	29
334	1	1461	29
335	1	678	29
336	1	991	29
337	1	1617	29
338	1	2035	29
339	1	834	29
340	1	1356	29
341	1	1408	29
342	1	782	29
343	1	678	29
344	1	2295	29
345	1	991	29
346	1	887	29
347	1	834	29
348	1	834	29
349	1	887	29
351	1	939	29
352	1	991	29
353	1	782	29
354	1	730	29
355	1	834	29
356	1	1200	29
357	1	939	29
358	1	1200	29
360	1	1826	29
361	1	991	29
364	1	730	29
365	1	2139	29
366	1	1148	29
367	1	887	29
368	1	678	29
369	1	887	29
371	1	887	29
372	1	1252	29
374	1	1774	29
375	1	1461	29
376	1	991	29
377	1	1565	29
378	1	1461	29
379	1	1043	29
380	1	1826	29
381	1	1304	29
382	1	782	29
383	1	1982	29
384	1	887	29
385	1	1095	29
386	1	939	29
387	1	834	29
388	1	2295	29
389	1	782	29
390	1	730	29
391	1	782	29
392	1	1878	29
393	1	678	29
394	1	991	29
395	1	1043	29
396	1	730	29
397	1	1408	29
398	1	1043	29
399	1	782	29
400	1	991	29
402	1	991	29
403	1	2243	29
404	1	1304	29
405	1	1513	29
406	1	834	29
407	1	1304	29
409	1	1669	29
410	1	1722	29
411	1	730	29
412	1	782	29
412	1	2243	30
413	1	730	29
414	1	1043	29
415	1	887	29
416	1	1930	29
417	1	939	29
418	1	887	29
419	1	834	29
420	1	1252	29
421	1	2139	29
422	1	1878	29
423	1	1200	29
424	1	730	29
425	1	1043	29
426	1	1200	29
427	1	2295	29
428	1	730	29
429	1	991	29
430	1	834	29
431	1	678	29
432	1	887	29
433	1	1200	29
434	1	834	29
435	1	730	29
436	1	782	29
437	1	782	29
438	1	1095	29
439	1	1617	29
440	1	991	29
442	1	1148	29
445	1	782	29
446	1	1826	29
447	1	1826	29
451	1	1095	29
452	1	887	29
453	1	782	29
454	1	1722	29
455	1	1356	29
456	1	1513	29
457	1	1200	29
459	1	2087	29
460	1	834	29
461	1	782	29
462	1	1095	29
463	1	939	29
464	1	1200	29
465	1	782	29
466	1	782	29
467	1	678	29
468	1	730	29
469	1	730	29
470	1	2243	29
471	1	1774	29
472	1	887	29
473	1	1095	29
474	1	782	29
475	1	1774	29
476	1	1982	29
478	1	1304	29
480	1	1461	29
481	1	991	29
482	1	939	29
484	1	2191	29
485	1	1617	29
486	1	1513	29
487	1	782	29
488	1	1513	29
489	1	730	29
490	1	1148	29
491	1	939	29
492	1	1200	29
494	1	939	29
495	1	1200	29
496	1	1095	29
497	1	678	29
498	1	1043	29
499	1	991	29
500	1	782	29
501	1	1565	29
502	1	1148	29
503	1	730	29
503	1	2243	30
505	1	1617	29
506	1	1356	29
507	1	2139	29
508	1	834	29
510	1	2139	29
512	1	1148	29
513	1	1200	29
514	1	887	29
515	1	730	29
516	1	1513	29
517	1	1461	29
518	1	1304	29
519	1	834	29
520	1	991	29
521	1	782	29
522	1	1095	29
523	1	782	29
525	1	1043	29
526	1	2139	29
527	1	730	29
528	1	730	29
529	1	730	29
530	1	1461	29
531	1	1252	29
532	1	1356	29
533	1	2243	29
534	1	678	29
536	1	1565	29
537	1	1095	29
538	1	782	29
539	1	678	29
540	1	2139	29
541	1	782	29
542	1	1252	29
543	1	1304	29
544	1	939	29
545	1	2243	29
546	1	1461	29
547	1	991	29
548	1	1774	29
549	1	1513	29
550	1	730	29
551	1	678	29
552	1	1617	29
553	1	1200	29
554	1	626	29
555	1	730	29
555	1	2243	30
556	1	1200	29
557	1	2139	29
558	1	730	29
559	1	1304	29
560	1	1878	29
561	1	1461	29
562	1	1252	29
563	1	1148	29
564	1	1669	29
565	1	834	29
566	1	939	29
567	1	1200	29
568	1	730	29
569	1	1200	29
570	1	1513	29
571	1	730	29
572	1	1826	29
575	1	678	29
576	1	1461	29
577	1	834	29
578	1	1513	29
581	1	1304	29
582	1	1148	29
583	1	730	29
584	1	834	29
585	1	678	29
586	1	1095	29
587	1	730	29
588	1	939	29
589	1	887	29
590	1	782	29
591	1	1826	29
593	1	1252	29
594	1	1356	29
595	1	834	29
596	1	1043	29
597	1	1304	29
598	1	730	29
599	1	730	29
600	1	1930	29
601	1	887	29
602	1	1722	29
604	1	1200	29
605	1	1513	29
606	1	1043	29
607	1	730	29
608	1	939	29
611	1	1200	29
612	1	1304	29
613	1	1722	29
614	1	1356	29
615	1	1252	29
616	1	1252	29
617	1	2191	29
619	1	1565	29
620	1	834	29
621	1	1200	29
622	1	678	29
623	1	1617	29
624	1	834	29
625	1	1356	29
626	1	939	29
627	1	939	29
628	1	1095	29
629	1	1617	29
630	1	1200	29
631	1	1095	29
632	1	730	29
633	1	1930	29
634	1	1356	29
635	1	1565	29
638	1	2087	29
639	1	782	29
640	1	2087	29
641	1	1043	29
642	1	1513	29
644	1	887	29
645	1	1200	29
646	1	782	29
648	1	1148	29
649	1	887	29
650	1	1826	29
651	1	887	29
652	1	1043	29
653	1	991	29
654	1	1461	29
655	1	1095	29
656	1	1095	29
657	1	939	29
658	1	887	29
659	1	1356	29
660	1	1930	29
661	1	887	29
662	1	1095	29
663	1	1304	29
664	1	887	29
665	1	834	29
666	1	782	29
667	1	782	29
668	1	1304	29
669	1	1200	29
670	1	1304	29
672	1	1304	29
673	1	1304	29
674	1	1200	29
675	1	1200	29
676	1	834	29
677	1	1200	29
678	1	730	29
679	1	1617	29
680	1	1252	29
681	1	1565	29
682	1	887	29
683	1	1565	29
684	1	1252	29
685	1	1252	29
686	1	887	29
687	1	1722	29
688	1	1461	29
689	1	1408	29
690	1	1304	29
691	1	887	29
692	1	1043	29
693	1	1043	29
694	1	939	29
695	1	730	29
696	1	1617	29
697	1	782	29
698	1	1826	29
699	1	1252	29
700	1	1043	29
701	1	1200	29
702	1	1200	29
703	1	834	29
705	1	1356	29
706	1	678	29
707	1	834	29
708	1	1304	29
709	1	887	29
710	1	939	29
711	1	1304	29
712	1	1200	29
714	1	730	29
715	1	1148	29
716	1	626	29
717	1	1252	29
718	1	834	29
719	1	1461	29
721	1	1148	29
722	1	730	29
723	1	1095	29
724	1	2035	29
725	1	834	29
726	1	1148	29
727	1	1669	29
728	1	2035	29
729	1	834	29
730	1	1148	29
731	1	730	29
732	1	887	29
733	1	834	29
734	1	730	29
735	1	2243	29
736	1	1461	29
737	1	782	29
738	1	887	29
739	1	1304	29
741	1	939	29
742	1	730	29
743	1	678	29
744	1	1356	29
745	1	1930	29
746	1	1513	29
747	1	1148	29
748	1	2295	29
749	1	2087	29
750	1	991	29
752	1	1200	29
753	1	782	29
754	1	782	29
755	1	782	29
756	1	834	29
757	1	1982	29
758	1	678	29
759	1	1669	29
760	1	1095	29
761	1	1095	29
762	1	1095	29
763	1	1461	29
765	1	782	29
766	1	887	29
767	1	1356	29
768	1	1878	29
769	1	1930	29
770	1	2295	29
771	1	1461	29
772	1	1826	29
773	1	1669	29
774	1	782	29
775	1	1878	29
776	1	678	29
777	1	2295	29
778	1	939	29
779	1	2191	29
780	1	1148	29
781	1	939	29
782	1	991	29
783	1	1774	29
784	1	834	29
785	1	991	29
786	1	1722	29
787	1	1722	29
788	1	834	29
789	1	1252	29
790	1	1200	29
791	1	1722	29
792	1	887	29
793	1	782	29
794	1	782	29
795	1	1930	29
796	1	1669	29
797	1	834	29
798	1	1356	29
800	1	1617	29
801	1	1617	29
802	1	939	29
803	1	939	29
804	1	1095	29
806	1	1669	29
807	1	678	29
808	1	2295	29
809	1	2035	29
810	1	782	29
811	1	730	29
812	1	887	29
813	1	1356	29
815	1	730	29
816	1	1356	29
817	1	2295	29
818	1	1043	29
819	1	1826	29
820	1	1722	29
821	1	1356	29
822	1	730	29
823	1	782	29
824	1	1252	29
825	1	1200	29
826	1	1252	29
827	1	1826	29
828	1	1461	29
829	1	2191	29
830	1	1461	29
831	1	939	29
832	1	887	29
833	1	1408	29
834	1	782	29
835	1	1043	29
836	1	2295	29
837	1	1565	29
838	1	730	29
839	1	1565	29
840	1	730	29
841	1	834	29
842	1	1148	29
843	1	730	29
844	1	1669	29
845	1	1461	29
846	1	1669	29
847	1	1408	29
848	1	678	29
850	1	887	29
853	1	1878	29
854	1	1252	29
855	1	834	29
856	1	1043	29
857	1	1774	29
858	1	1043	29
860	1	1930	29
861	1	834	29
862	1	1878	29
863	1	887	29
864	1	782	29
865	1	730	29
866	1	730	29
867	1	1200	29
868	1	991	29
869	1	1200	29
870	1	1356	29
871	1	1304	29
873	1	730	29
875	1	991	29
876	1	782	29
877	1	678	29
878	1	1461	29
879	1	1095	29
880	1	678	29
882	1	1408	29
883	1	2087	29
884	1	834	29
885	1	730	29
886	1	1565	29
887	1	991	29
888	1	2191	29
889	1	1722	29
890	1	1461	29
891	1	887	29
892	1	1826	29
893	1	887	29
894	1	991	29
895	1	1252	29
896	1	678	29
897	1	782	29
898	1	834	29
899	1	782	29
900	1	1408	29
901	1	730	29
902	1	1200	29
903	1	834	29
905	1	1513	29
906	1	782	29
907	1	2295	29
908	1	782	29
909	1	2139	29
910	1	1304	29
911	1	2139	29
912	1	887	29
913	1	1461	29
914	1	1200	29
915	1	1513	29
916	1	782	29
917	1	1461	29
918	1	1461	29
919	1	1774	29
920	1	1669	29
922	1	1200	29
923	1	1513	29
924	1	887	29
925	1	834	29
926	1	991	29
927	1	1148	29
929	1	834	29
931	1	834	29
932	1	1356	29
933	1	1408	29
934	1	1304	29
935	1	834	29
936	1	1200	29
937	1	1878	29
938	1	1408	29
939	1	1722	29
940	1	1095	29
941	1	730	29
942	1	730	29
944	1	1148	29
946	1	1304	29
947	1	782	29
948	1	782	29
949	1	730	29
950	1	730	29
953	1	887	29
954	1	782	29
956	1	1982	29
958	1	1774	29
960	1	991	29
961	1	991	29
962	1	2191	29
963	1	887	29
964	1	887	29
965	1	1252	29
966	1	730	29
968	1	887	29
969	1	991	29
971	1	939	29
972	1	678	29
973	1	1408	29
974	1	991	29
975	1	1617	29
976	1	1043	29
977	1	2295	29
978	1	834	29
979	1	1513	29
980	1	2035	29
981	1	1252	29
982	1	939	29
983	1	730	29
984	1	1304	29
985	1	1356	29
987	1	1774	29
988	1	991	29
989	1	730	29
990	1	1878	29
995	1	730	29
996	1	1565	29
998	1	1043	29
999	1	1774	29
0	2	261	26
1	2	261	26
2	2	261	26
3	2	261	26
4	2	261	26
5	2	261	26
6	2	261	26
7	2	261	26
8	2	261	26
9	2	261	26
10	2	261	26
11	2	261	26
12	2	261	26
13	2	261	26
14	2	261	26
15	2	261	26
16	2	261	26
17	2	261	26
18	2	261	26
19	2	261	26
20	2	261	26
21	2	261	26
22	2	261	26
23	2	261	26
24	2	261	26
25	2	261	26
26	2	261	26
27	2	261	26
28	2	261	26
29	2	261	26
30	2	261	26
31	2	261	26
32	2	261	26
33	2	261	26
34	2	261	26
35	2	261	26
36	2	261	26
37	2	261	26
38	2	261	26
39	2	261	26
40	2	261	26
41	2	261	26
42	2	261	26
43	2	261	26
44	2	261	26
45	2	261	26
46	2	261	26
47	2	261	26
48	2	261	26
49	2	261	26
50	2	261	26
51	2	261	26
52	2	261	26
53	2	261	26
54	2	261	26
55	2	261	26
56	2	261	26
57	2	261	26
58	2	261	26
59	2	261	26
60	2	261	26
61	2	261	26
62	2	261	26
63	2	261	26
64	2	261	26
65	2	261	26
66	2	261	26
67	2	261	26
68	2	261	26
69	2	261	26
70	2	261	26
71	2	261	26
72	2	261	26
73	2	261	26
74	2	261	26
75	2	261	26
76	2	261	26
77	2	261	26
78	2	261	26
79	2	261	26
80	2	261	26
81	2	261	26
82	2	261	26
83	2	261	26
84	2	261	26
85	2	261	26
86	2	261	26
87	2	261	26
88	2	261	26
89	2	261	26
90	2	261	26
91	2	261	26
92	2	261	26
93	2	261	26
94	2	261	26
95	2	261	26
96	2	261	26
97	2	261	26
98	2	261	26
99	2	261	26
100	2	261	26
101	2	261	26
102	2	261	26
103	2	261	26
104	2	261	26
105	2	261	26
106	2	261	26
107	2	261	26
108	2	261	26
109	2	261	26
110	2	261	26
111	2	261	26
112	2	261	26
113	2	261	26
114	2	261	26
115	2	261	26
116	2	261	26
117	2	261	26
118	2	261	26
119	2	261	26
120	2	261	26
121	2	261	26
122	2	261	26
123	2	261	26
124	2	261	26
125	2	261	26
126	2	261	26
127	2	261	26
128	2	261	26
129	2	261	26
130	2	261	26
131	2	261	26
132	2	261	26
133	2	261	26
134	2	261	26
135	2	261	26
136	2	261	26
137	2	261	26
138	2	261	26
139	2	261	26
140	2	261	26
141	2	261	26
142	2	261	26
143	2	261	26
144	2	261	26
145	2	261	26
146	2	261	26
147	2	261	26
148	2	261	26
149	2	261	26
150	2	261	26
151	2	261	26
152	2	261	26
153	2	261	26
154	2	261	26
155	2	261	26
156	2	261	26
157	2	261	26
158	2	261	26
159	2	261	26
160	2	261	26
161	2	261	26
162	2	261	26
163	2	261	26
164	2	261	26
165	2	261	26
166	2	261	26
167	2	261	26
168	2	261	26
169	2	261	26
170	2	261	26
171	2	261	26
172	2	261	26
173	2	261	26
174	2	261	26
175	2	261	26
176	2	261	26
177	2	261	26
178	2	261	26
179	2	261	26
180	2	261	26
181	2	261	26
182	2	261	26
183	2	261	26
184	2	261	26
185	2	261	26
186	2	261	26
187	2	261	26
188	2	261	26
189	2	261	26
190	2	261	26
191	2	261	26
192	2	261	26
193	2	261	26
194	2	261	26
195	2	261	26
196	2	261	26
197	2	261	26
198	2	261	26
199	2	261	26
200	2	261	26
201	2	261	26
202	2	261	26
203	2	261	26
204	2	261	26
205	2	261	26
206	2	261	26
207	2	261	26
208	2	261	26
209	2	261	26
210	2	261	26
211	2	261	26
212	2	261	26
213	2	261	26
214	2	261	26
215	2	261	26
216	2	261	26
217	2	261	26
218	2	261	26
219	2	261	26
220	2	261	26
221	2	261	26
222	2	261	26
223	2	261	26
224	2	261	26
225	2	261	26
226	2	261	26
227	2	261	26
228	2	261	26
229	2	261	26
230	2	261	26
231	2	261	26
232	2	261	26
233	2	261	26
234	2	261	26
235	2	261	26
236	2	261	26
237	2	261	26
238	2	261	26
239	2	261	26
240	2	261	26
241	2	261	26
242	2	261	26
243	2	261	26
244	2	261	26
245	2	261	26
246	2	261	26
247	2	261	26
248	2	261	26
249	2	261	26
250	2	261	26
251	2	261	26
252	2	261	26
253	2	261	26
254	2	261	26
255	2	261	26
256	2	261	26
257	2	261	26
258	2	261	26
259	2	261	26
260	2	261	26
261	2	261	26
262	2	261	26
263	2	261	26
264	2	261	26
265	2	261	26
266	2	261	26
267	2	261	26
268	2	261	26
269	2	261	26
270	2	261	26
271	2	261	26
272	2	261	26
273	2	261	26
274	2	261	26
275	2	261	26
276	2	261	26
277	2	261	26
278	2	261	26
279	2	261	26
280	2	261	26
281	2	261	26
282	2	261	26
283	2	261	26
284	2	261	26
285	2	261	26
286	2	261	26
287	2	261	26
288	2	261	26
289	2	261	26
290	2	261	26
291	2	261	26
292	2	261	26
293	2	261	26
294	2	261	26
295	2	261	26
296	2	261	26
297	2	261	26
298	2	261	26
299	2	261	26
300	2	261	26
301	2	261	26
302	2	261	26
303	2	261	26
304	2	261	26
305	2	261	26
306	2	261	26
307	2	261	26
308	2	261	26
309	2	261	26
310	2	261	26
311	2	261	26
312	2	261	26
313	2	261	26
314	2	261	26
315	2	261	26
316	2	261	26
317	2	261	26
318	2	261	26
319	2	261	26
320	2	261	26
321	2	261	26
322	2	261	26
323	2	261	26
324	2	261	26
325	2	261	26
326	2	261	26
327	2	261	26
328	2	261	26
329	2	261	26
330	2	261	26
331	2	261	26
332	2	261	26
333	2	261	26
334	2	261	26
335	2	261	26
336	2	261	26
337	2	261	26
338	2	261	26
339	2	261	26
340	2	261	26
341	2	261	26
342	2	261	26
343	2	261	26
344	2	261	26
345	2	261	26
346	2	261	26
347	2	261	26
348	2	261	26
349	2	261	26
350	2	261	26
351	2	261	26
352	2	261	26
353	2	261	26
354	2	261	26
355	2	261	26
356	2	261	26
357	2	261	26
358	2	261	26
359	2	261	26
360	2	261	26
361	2	261	26
362	2	261	26
363	2	261	26
364	2	261	26
365	2	261	26
366	2	261	26
367	2	261	26
368	2	261	26
369	2	261	26
370	2	261	26
371	2	261	26
372	2	261	26
373	2	261	26
374	2	261	26
375	2	261	26
376	2	261	26
377	2	261	26
378	2	261	26
379	2	261	26
380	2	261	26
381	2	261	26
382	2	261	26
383	2	261	26
384	2	261	26
385	2	261	26
386	2	261	26
387	2	261	26
388	2	261	26
389	2	261	26
390	2	261	26
391	2	261	26
392	2	261	26
393	2	261	26
394	2	261	26
395	2	261	26
396	2	261	26
397	2	261	26
398	2	261	26
399	2	261	26
400	2	261	26
401	2	261	26
402	2	261	26
403	2	261	26
404	2	261	26
405	2	261	26
406	2	261	26
407	2	261	26
408	2	261	26
409	2	261	26
410	2	261	26
411	2	261	26
412	2	261	26
413	2	261	26
414	2	261	26
415	2	261	26
416	2	261	26
417	2	261	26
418	2	261	26
419	2	261	26
420	2	261	26
421	2	261	26
422	2	261	26
423	2	261	26
424	2	261	26
425	2	261	26
426	2	261	26
427	2	261	26
428	2	261	26
429	2	261	26
430	2	261	26
431	2	261	26
432	2	261	26
433	2	261	26
434	2	261	26
435	2	261	26
436	2	261	26
437	2	261	26
438	2	261	26
439	2	261	26
440	2	261	26
441	2	261	26
442	2	261	26
443	2	261	26
444	2	261	26
445	2	261	26
446	2	261	26
447	2	261	26
448	2	261	26
449	2	261	26
450	2	261	26
451	2	261	26
452	2	261	26
453	2	261	26
454	2	261	26
455	2	261	26
456	2	261	26
457	2	261	26
458	2	261	26
459	2	261	26
460	2	261	26
461	2	261	26
462	2	261	26
463	2	261	26
464	2	261	26
465	2	261	26
466	2	261	26
467	2	261	26
468	2	261	26
469	2	261	26
470	2	261	26
471	2	261	26
472	2	261	26
473	2	261	26
474	2	261	26
475	2	261	26
476	2	261	26
477	2	261	26
478	2	261	26
479	2	261	26
480	2	261	26
481	2	261	26
482	2	261	26
483	2	261	26
484	2	261	26
485	2	261	26
486	2	261	26
487	2	261	26
488	2	261	26
489	2	261	26
490	2	261	26
491	2	261	26
492	2	261	26
493	2	261	26
494	2	261	26
495	2	261	26
496	2	261	26
497	2	261	26
498	2	261	26
499	2	261	26
500	2	261	26
501	2	261	26
502	2	261	26
503	2	261	26
504	2	261	26
505	2	261	26
506	2	261	26
507	2	261	26
508	2	261	26
509	2	261	26
510	2	261	26
511	2	261	26
512	2	261	26
513	2	261	26
514	2	261	26
515	2	261	26
516	2	261	26
517	2	261	26
518	2	261	26
519	2	261	26
520	2	261	26
521	2	261	26
522	2	261	26
523	2	261	26
524	2	261	26
525	2	261	26
526	2	261	26
527	2	261	26
528	2	261	26
529	2	261	26
530	2	261	26
531	2	261	26
532	2	261	26
533	2	261	26
534	2	261	26
535	2	261	26
536	2	261	26
537	2	261	26
538	2	261	26
539	2	261	26
540	2	261	26
541	2	261	26
542	2	261	26
543	2	261	26
544	2	261	26
545	2	261	26
546	2	261	26
547	2	261	26
548	2	261	26
549	2	261	26
550	2	261	26
551	2	261	26
552	2	261	26
553	2	261	26
554	2	261	26
555	2	261	26
556	2	261	26
557	2	261	26
558	2	261	26
559	2	261	26
560	2	261	26
561	2	261	26
562	2	261	26
563	2	261	26
564	2	261	26
565	2	261	26
566	2	261	26
567	2	261	26
568	2	261	26
569	2	261	26
570	2	261	26
571	2	261	26
572	2	261	26
573	2	261	26
574	2	261	26
575	2	261	26
576	2	261	26
577	2	261	26
578	2	261	26
579	2	261	26
580	2	261	26
581	2	261	26
582	2	261	26
583	2	261	26
584	2	261	26
585	2	261	26
586	2	261	26
587	2	261	26
588	2	261	26
589	2	261	26
590	2	261	26
591	2	261	26
592	2	261	26
593	2	261	26
594	2	261	26
595	2	261	26
596	2	261	26
597	2	261	26
598	2	261	26
599	2	261	26
600	2	261	26
601	2	261	26
602	2	261	26
603	2	261	26
604	2	261	26
605	2	261	26
606	2	261	26
607	2	261	26
608	2	261	26
609	2	261	26
610	2	261	26
611	2	261	26
612	2	261	26
613	2	261	26
614	2	261	26
615	2	261	26
616	2	261	26
617	2	261	26
618	2	261	26
619	2	261	26
620	2	261	26
621	2	261	26
622	2	261	26
623	2	261	26
624	2	261	26
625	2	261	26
626	2	261	26
627	2	261	26
628	2	261	26
629	2	261	26
630	2	261	26
631	2	261	26
632	2	261	26
633	2	261	26
634	2	261	26
635	2	261	26
636	2	261	26
637	2	261	26
638	2	261	26
639	2	261	26
640	2	261	26
641	2	261	26
642	2	261	26
643	2	261	26
644	2	261	26
645	2	261	26
646	2	261	26
647	2	261	26
648	2	261	26
649	2	261	26
650	2	261	26
651	2	261	26
652	2	261	26
653	2	261	26
654	2	261	26
655	2	261	26
656	2	261	26
657	2	261	26
658	2	261	26
659	2	261	26
660	2	261	26
661	2	261	26
662	2	261	26
663	2	261	26
664	2	261	26
665	2	261	26
666	2	261	26
667	2	261	26
668	2	261	26
669	2	261	26
670	2	261	26
671	2	261	26
672	2	261	26
673	2	261	26
674	2	261	26
675	2	261	26
676	2	261	26
677	2	261	26
678	2	261	26
679	2	261	26
680	2	261	26
681	2	261	26
682	2	261	26
683	2	261	26
684	2	261	26
685	2	261	26
686	2	261	26
687	2	261	26
688	2	261	26
689	2	261	26
690	2	261	26
691	2	261	26
692	2	261	26
693	2	261	26
694	2	261	26
695	2	261	26
696	2	261	26
697	2	261	26
698	2	261	26
699	2	261	26
700	2	261	26
701	2	261	26
702	2	261	26
703	2	261	26
704	2	261	26
705	2	261	26
706	2	261	26
707	2	261	26
708	2	261	26
709	2	261	26
710	2	261	26
711	2	261	26
712	2	261	26
713	2	261	26
714	2	261	26
715	2	261	26
716	2	261	26
717	2	261	26
718	2	261	26
719	2	261	26
720	2	261	26
721	2	261	26
722	2	261	26
723	2	261	26
724	2	261	26
725	2	261	26
726	2	261	26
727	2	261	26
728	2	261	26
729	2	261	26
730	2	261	26
731	2	261	26
732	2	261	26
733	2	261	26
734	2	261	26
735	2	261	26
736	2	261	26
737	2	261	26
738	2	261	26
739	2	261	26
740	2	261	26
741	2	261	26
742	2	261	26
743	2	261	26
744	2	261	26
745	2	261	26
746	2	261	26
747	2	261	26
748	2	261	26
749	2	261	26
750	2	261	26
751	2	261	26
752	2	261	26
753	2	261	26
754	2	261	26
755	2	261	26
756	2	261	26
757	2	261	26
758	2	261	26
759	2	261	26
760	2	261	26
761	2	261	26
762	2	261	26
763	2	261	26
764	2	261	26
765	2	261	26
766	2	261	26
767	2	261	26
768	2	261	26
769	2	261	26
770	2	261	26
771	2	261	26
772	2	261	26
773	2	261	26
774	2	261	26
775	2	261	26
776	2	261	26
777	2	261	26
778	2	261	26
779	2	261	26
780	2	261	26
781	2	261	26
782	2	261	26
783	2	261	26
784	2	261	26
785	2	261	26
786	2	261	26
787	2	261	26
788	2	261	26
789	2	261	26
790	2	261	26
791	2	261	26
792	2	261	26
793	2	261	26
794	2	261	26
795	2	261	26
796	2	261	26
797	2	261	26
798	2	261	26
799	2	261	26
800	2	261	26
801	2	261	26
802	2	261	26
803	2	261	26
804	2	261	26
805	2	261	26
806	2	261	26
807	2	261	26
808	2	261	26
809	2	261	26
810	2	261	26
811	2	261	26
812	2	261	26
813	2	261	26
814	2	261	26
815	2	261	26
816	2	261	26
817	2	261	26
818	2	261	26
819	2	261	26
820	2	261	26
821	2	261	26
822	2	261	26
823	2	261	26
824	2	261	26
825	2	261	26
826	2	261	26
827	2	261	26
828	2	261	26
829	2	261	26
830	2	261	26
831	2	261	26
832	2	261	26
833	2	261	26
834	2	261	26
835	2	261	26
836	2	261	26
837	2	261	26
838	2	261	26
839	2	261	26
840	2	261	26
841	2	261	26
842	2	261	26
843	2	261	26
844	2	261	26
845	2	261	26
846	2	261	26
847	2	261	26
848	2	261	26
849	2	261	26
850	2	261	26
851	2	261	26
852	2	261	26
853	2	261	26
854	2	261	26
855	2	261	26
856	2	261	26
857	2	261	26
858	2	261	26
859	2	261	26
860	2	261	26
861	2	261	26
862	2	261	26
863	2	261	26
864	2	261	26
865	2	261	26
866	2	261	26
867	2	261	26
868	2	261	26
869	2	261	26
870	2	261	26
871	2	261	26
872	2	261	26
873	2	261	26
874	2	261	26
875	2	261	26
876	2	261	26
877	2	261	26
878	2	261	26
879	2	261	26
880	2	261	26
881	2	261	26
882	2	261	26
883	2	261	26
884	2	261	26
885	2	261	26
886	2	261	26
887	2	261	26
888	2	261	26
889	2	261	26
890	2	261	26
891	2	261	26
892	2	261	26
893	2	261	26
894	2	261	26
895	2	261	26
896	2	261	26
897	2	261	26
898	2	261	26
899	2	261	26
900	2	261	26
901	2	261	26
902	2	261	26
903	2	261	26
904	2	261	26
905	2	261	26
906	2	261	26
907	2	261	26
908	2	261	26
909	2	261	26
910	2	261	26
911	2	261	26
912	2	261	26
913	2	261	26
914	2	261	26
915	2	261	26
916	2	261	26
917	2	261	26
918	2	261	26
919	2	261	26
920	2	261	26
921	2	261	26
922	2	261	26
923	2	261	26
924	2	261	26
925	2	261	26
926	2	261	26
927	2	261	26
928	2	261	26
929	2	261	26
930	2	261	26
931	2	261	26
932	2	261	26
933	2	261	26
934	2	261	26
935	2	261	26
936	2	261	26
937	2	261	26
938	2	261	26
939	2	261	26
940	2	261	26
941	2	261	26
942	2	261	26
943	2	261	26
944	2	261	26
945	2	261	26
946	2	261	26
947	2	261	26
948	2	261	26
949	2	261	26
950	2	261	26
951	2	261	26
952	2	261	26
953	2	261	26
954	2	261	26
955	2	261	26
956	2	261	26
957	2	261	26
958	2	261	26
959	2	261	26
960	2	261	26
961	2	261	26
962	2	261	26
963	2	261	26
964	2	261	26
965	2	261	26
966	2	261	26
967	2	261	26
968	2	261	26
969	2	261	26
970	2	261	26
971	2	261	26
972	2	261	26
973	2	261	26
974	2	261	26
975	2	261	26
976	2	261	26
977	2	261	26
978	2	261	26
979	2	261	26
980	2	261	26
981	2	261	26
982	2	261	26
983	2	261	26
984	2	261	26
985	2	261	26
986	2	261	26
987	2	261	26
988	2	261	26
989	2	261	26
990	2	261	26
991	2	261	26
992	2	261	26
993	2	261	26
994	2	261	26
995	2	261	26
996	2	261	26
997	2	261	26
998	2	261	26
999	2	261	26
0	3	678	29
1	3	730	29
2	3	887	29
3	3	1356	29
4	3	834	29
4	3	1513	20
4	3	2087	9
5	3	834	29
6	3	1095	29
7	3	1200	29
8	3	1043	29
8	3	1669	20
10	3	678	29
10	3	2295	20
12	3	1982	29
13	3	1878	29
14	3	678	29
15	3	834	29
16	3	834	29
17	3	730	29
18	3	782	29
19	3	2035	29
20	3	991	29
21	3	678	29
22	3	1200	29
23	3	730	29
24	3	730	29
24	3	2087	20
25	3	1982	29
26	3	1043	29
27	3	782	29
28	3	1148	29
29	3	1200	29
30	3	1461	29
31	3	887	29
32	3	1304	29
33	3	1095	29
34	3	1095	29
34	3	2295	20
35	3	782	29
36	3	834	29
37	3	1304	29
38	3	939	29
39	3	887	29
40	3	626	29
40	3	1408	20
40	3	2191	9
41	3	1095	29
42	3	1095	29
43	3	730	29
43	3	2139	20
45	3	1043	29
46	3	887	29
47	3	1356	29
49	3	887	29
49	3	2035	20
51	3	1930	29
52	3	2295	29
53	3	782	29
53	3	1722	20
55	3	887	29
56	3	1565	29
57	3	730	29
57	3	1408	20
58	3	834	29
58	3	1617	20
59	3	834	29
59	3	1878	20
60	3	2035	29
61	3	887	29
62	3	887	29
62	3	1878	20
63	3	1043	29
64	3	2087	29
65	3	1095	29
66	3	1513	29
67	3	1095	29
68	3	1722	29
69	3	1200	29
70	3	991	29
71	3	1304	29
73	3	1982	29
74	3	1878	29
75	3	730	29
76	3	1617	29
77	3	1982	29
79	3	1200	29
80	3	782	29
81	3	939	29
82	3	1304	29
83	3	1356	29
84	3	887	29
86	3	1513	29
87	3	782	29
87	3	1408	20
87	3	2295	9
88	3	1043	29
88	3	2243	20
89	3	1095	29
90	3	1513	29
91	3	991	29
92	3	782	29
93	3	1722	29
94	3	2191	29
95	3	1826	29
96	3	1200	29
97	3	1930	29
98	3	1930	29
99	3	1669	29
100	3	1930	29
101	3	939	29
102	3	991	29
103	3	1252	29
104	3	991	29
106	3	1095	29
106	3	1722	20
107	3	730	29
107	3	2087	20
108	3	887	29
109	3	1617	29
110	3	782	29
111	3	939	29
112	3	1095	29
113	3	730	29
114	3	1200	29
115	3	1617	29
116	3	1669	29
117	3	1722	29
118	3	1408	29
119	3	1408	29
120	3	1408	29
121	3	1930	29
122	3	730	29
122	3	1513	20
123	3	2191	29
124	3	730	29
125	3	834	29
125	3	1722	20
126	3	678	29
126	3	1722	20
127	3	834	29
128	3	626	29
128	3	1461	20
129	3	1356	29
130	3	834	29
131	3	939	29
131	3	2035	20
132	3	782	29
133	3	991	29
134	3	1304	29
135	3	730	29
135	3	1722	20
136	3	730	29
136	3	1148	20
136	3	1722	9
137	3	1095	29
138	3	730	29
138	3	1356	20
139	3	834	29
139	3	1356	20
139	3	1826	9
139	3	2139	12
139	3	2295	30
140	3	2243	29
141	3	834	29
141	3	1356	20
142	3	1356	29
143	3	1513	29
145	3	1408	29
146	3	887	29
147	3	939	29
147	3	2295	20
148	3	1617	29
149	3	782	29
149	3	1669	20
150	3	782	29
151	3	1513	29
152	3	834	29
152	3	1930	20
153	3	1408	29
154	3	834	29
154	3	1669	20
155	3	730	29
155	3	1930	20
156	3	782	29
156	3	1565	20
158	3	887	29
158	3	1722	20
159	3	678	29
159	3	1408	20
160	3	1148	29
161	3	1982	29
162	3	1252	29
163	3	1722	29
164	3	834	29
165	3	887	29
165	3	1722	20
166	3	2087	29
167	3	1669	29
169	3	834	29
170	3	782	29
170	3	1513	20
171	3	1878	29
172	3	1304	29
173	3	1669	29
174	3	1200	29
175	3	1043	29
175	3	2035	20
176	3	730	29
179	3	991	29
179	3	2035	20
181	3	730	29
182	3	1669	29
183	3	782	29
183	3	2295	20
184	3	2243	29
185	3	887	29
185	3	1565	20
187	3	1200	29
188	3	1982	29
189	3	1095	29
189	3	1982	20
190	3	1304	29
191	3	730	29
192	3	1095	29
193	3	991	29
194	3	1617	29
196	3	678	29
196	3	1200	20
196	3	2087	9
196	3	2139	30
198	3	939	29
199	3	730	29
199	3	1878	20
200	3	1356	29
201	3	1982	29
202	3	1252	29
203	3	1200	29
204	3	887	29
205	3	1513	29
206	3	678	29
206	3	1148	20
206	3	1513	9
206	3	1826	12
206	3	2087	30
207	3	782	29
207	3	2191	20
208	3	834	29
210	3	939	29
211	3	2035	29
212	3	1252	29
213	3	1982	29
215	3	1408	29
217	3	1356	29
218	3	1200	29
220	3	1878	29
221	3	1095	29
222	3	2035	29
223	3	1982	29
224	3	1304	29
225	3	782	29
225	3	1356	20
226	3	782	29
226	3	1617	20
227	3	991	29
228	3	730	29
228	3	1461	20
229	3	1095	29
230	3	678	29
231	3	730	29
232	3	834	29
232	3	1669	20
233	3	1461	29
235	3	1826	29
236	3	1930	29
239	3	1565	29
240	3	782	29
240	3	1722	20
241	3	1095	29
242	3	991	29
243	3	678	29
243	3	1356	20
243	3	2243	9
244	3	782	29
245	3	1513	29
248	3	782	29
249	3	678	29
250	3	730	29
250	3	1408	20
250	3	2295	9
251	3	939	29
252	3	2139	29
253	3	1408	29
255	3	1408	29
256	3	1148	29
257	3	1356	29
258	3	678	29
259	3	730	29
260	3	782	29
262	3	1200	29
264	3	991	29
265	3	887	29
266	3	991	29
267	3	730	29
268	3	1200	29
269	3	730	29
270	3	1565	29
271	3	991	29
271	3	1774	20
272	3	678	29
272	3	1356	20
272	3	1722	9
272	3	2035	12
272	3	2295	30
274	3	1513	29
275	3	2243	29
277	3	2035	29
278	3	1774	29
279	3	1408	29
280	3	1513	29
282	3	2035	29
283	3	1356	29
284	3	730	29
284	3	1356	20
285	3	1304	29
286	3	782	29
286	3	1513	20
286	3	2087	9
287	3	1461	29
288	3	887	29
289	3	2295	29
291	3	1043	29
292	3	1930	29
293	3	678	29
293	3	1304	20
294	3	887	29
295	3	1408	29
296	3	730	29
297	3	2191	29
298	3	1200	29
299	3	782	29
300	3	1826	29
301	3	782	29
302	3	939	29
303	3	730	29
303	3	1304	20
303	3	2035	9
304	3	730	29
306	3	730	29
306	3	1565	20
307	3	1982	29
308	3	1200	29
309	3	678	29
309	3	1356	20
309	3	2139	9
310	3	834	29
310	3	1617	20
311	3	2087	29
312	3	1513	29
313	3	1513	29
314	3	1669	29
315	3	1095	29
315	3	2087	20
317	3	1408	29
318	3	1930	29
319	3	2087	29
320	3	1461	29
321	3	782	29
322	3	834	29
323	3	2087	29
324	3	1565	29
325	3	1461	29
326	3	678	29
327	3	1304	29
328	3	1826	29
329	3	1722	29
330	3	1095	29
331	3	782	29
332	3	887	29
333	3	782	29
333	3	1878	20
334	3	1461	29
335	3	678	29
335	3	2295	20
336	3	991	29
337	3	1617	29
338	3	2035	29
339	3	834	29
340	3	1356	29
341	3	1408	29
342	3	782	29
342	3	1461	20
343	3	678	29
343	3	1565	20
344	3	2295	29
345	3	991	29
345	3	2295	20
346	3	887	29
346	3	1774	20
347	3	834	29
348	3	834	29
349	3	887	29
349	3	1408	20
351	3	939	29
352	3	991	29
353	3	782	29
354	3	730	29
354	3	1304	20
355	3	834	29
356	3	1200	29
357	3	939	29
358	3	1200	29
360	3	1826	29
361	3	991	29
364	3	730	29
365	3	2139	29
366	3	1148	29
367	3	887	29
368	3	678	29
368	3	1304	20
368	3	2191	9
369	3	887	29
369	3	1617	20
371	3	887	29
372	3	1252	29
374	3	1774	29
375	3	1461	29
376	3	991	29
377	3	1565	29
378	3	1461	29
379	3	1043	29
380	3	1826	29
381	3	1304	29
382	3	782	29
383	3	1982	29
384	3	887	29
385	3	1095	29
386	3	939	29
387	3	834	29
387	3	1513	20
388	3	2295	29
389	3	782	29
390	3	730	29
391	3	782	29
391	3	2191	20
392	3	1878	29
393	3	678	29
394	3	991	29
395	3	1043	29
396	3	730	29
396	3	1252	20
396	3	1722	9
397	3	1408	29
398	3	1043	29
399	3	782	29
400	3	991	29
402	3	991	29
403	3	2243	29
404	3	1304	29
405	3	1513	29
406	3	834	29
407	3	1304	29
409	3	1669	29
410	3	1722	29
411	3	730	29
411	3	1304	20
411	3	1930	9
412	3	782	29
412	3	1304	20
412	3	1722	9
412	3	2087	12
412	3	2243	30
413	3	730	29
413	3	1200	20
413	3	1513	9
414	3	1043	29
414	3	2035	20
415	3	887	29
415	3	1930	20
416	3	1930	29
417	3	939	29
418	3	887	29
418	3	1513	20
419	3	834	29
419	3	1722	20
420	3	1252	29
421	3	2139	29
422	3	1878	29
423	3	1200	29
423	3	2295	20
424	3	730	29
424	3	1356	20
424	3	1878	9
425	3	1043	29
426	3	1200	29
427	3	2295	29
428	3	730	29
429	3	991	29
430	3	834	29
431	3	678	29
432	3	887	29
432	3	1722	20
433	3	1200	29
434	3	834	29
434	3	1461	20
434	3	2087	9
435	3	730	29
435	3	1722	20
436	3	782	29
436	3	1408	20
437	3	782	29
438	3	1095	29
439	3	1617	29
440	3	991	29
442	3	1148	29
445	3	782	29
445	3	2087	20
446	3	1826	29
447	3	1826	29
451	3	1095	29
451	3	2087	20
452	3	887	29
453	3	782	29
453	3	1356	20
454	3	1722	29
455	3	1356	29
456	3	1513	29
457	3	1200	29
459	3	2087	29
460	3	834	29
461	3	782	29
461	3	2087	20
462	3	1095	29
463	3	939	29
463	3	1669	20
464	3	1200	29
465	3	782	29
466	3	782	29
467	3	678	29
468	3	730	29
469	3	730	29
469	3	1461	20
470	3	2243	29
471	3	1774	29
472	3	887	29
473	3	1095	29
474	3	782	29
474	3	1565	20
475	3	1774	29
476	3	1982	29
478	3	1304	29
480	3	1461	29
481	3	991	29
481	3	1513	20
481	3	2295	9
482	3	939	29
484	3	2191	29
485	3	1617	29
486	3	1513	29
487	3	782	29
488	3	1513	29
489	3	730	29
489	3	1356	20
490	3	1148	29
490	3	1826	20
491	3	939	29
492	3	1200	29
492	3	2243	20
494	3	939	29
495	3	1200	29
496	3	1095	29
496	3	1826	20
497	3	678	29
498	3	1043	29
499	3	991	29
500	3	782	29
500	3	1304	20
501	3	1565	29
502	3	1148	29
503	3	730	29
503	3	1252	20
503	3	1669	9
503	3	2191	12
503	3	2243	30
505	3	1617	29
506	3	1356	29
507	3	2139	29
508	3	834	29
508	3	1722	20
510	3	2139	29
512	3	1148	29
513	3	1200	29
514	3	887	29
515	3	730	29
515	3	1722	20
516	3	1513	29
517	3	1461	29
518	3	1304	29
519	3	834	29
519	3	1722	20
520	3	991	29
521	3	782	29
521	3	1513	20
522	3	1095	29
523	3	782	29
525	3	1043	29
525	3	1513	20
526	3	2139	29
527	3	730	29
528	3	730	29
529	3	730	29
529	3	1356	20
530	3	1461	29
531	3	1252	29
532	3	1356	29
533	3	2243	29
534	3	678	29
534	3	1356	20
536	3	1565	29
537	3	1095	29
538	3	782	29
539	3	678	29
540	3	2139	29
541	3	782	29
542	3	1252	29
543	3	1304	29
544	3	939	29
544	3	1617	20
544	3	2243	9
545	3	2243	29
546	3	1461	29
547	3	991	29
547	3	1774	20
548	3	1774	29
549	3	1513	29
550	3	730	29
550	3	1356	20
551	3	678	29
551	3	1408	20
552	3	1617	29
553	3	1200	29
554	3	626	29
554	3	2295	20
555	3	730	29
555	3	1200	20
555	3	1774	9
555	3	2139	12
555	3	2243	30
556	3	1200	29
557	3	2139	29
558	3	730	29
559	3	1304	29
560	3	1878	29
561	3	1461	29
562	3	1252	29
563	3	1148	29
564	3	1669	29
565	3	834	29
565	3	1461	20
565	3	2087	9
566	3	939	29
567	3	1200	29
568	3	730	29
568	3	1461	20
569	3	1200	29
570	3	1513	29
571	3	730	29
572	3	1826	29
575	3	678	29
575	3	1304	20
576	3	1461	29
577	3	834	29
578	3	1513	29
581	3	1304	29
582	3	1148	29
583	3	730	29
583	3	1356	20
584	3	834	29
585	3	678	29
585	3	1252	20
585	3	1565	9
586	3	1095	29
587	3	730	29
587	3	1304	20
588	3	939	29
589	3	887	29
590	3	782	29
591	3	1826	29
593	3	1252	29
594	3	1356	29
595	3	834	29
595	3	1461	20
596	3	1043	29
597	3	1304	29
598	3	730	29
599	3	730	29
600	3	1930	29
601	3	887	29
602	3	1722	29
604	3	1200	29
605	3	1513	29
606	3	1043	29
606	3	1930	20
607	3	730	29
607	3	2035	20
608	3	939	29
611	3	1200	29
612	3	1304	29
613	3	1722	29
614	3	1356	29
615	3	1252	29
616	3	1252	29
617	3	2191	29
619	3	1565	29
620	3	834	29
621	3	1200	29
622	3	678	29
623	3	1617	29
624	3	834	29
625	3	1356	29
626	3	939	29
627	3	939	29
628	3	1095	29
629	3	1617	29
630	3	1200	29
631	3	1095	29
631	3	2191	20
632	3	730	29
633	3	1930	29
634	3	1356	29
635	3	1565	29
638	3	2087	29
639	3	782	29
639	3	1565	20
640	3	2087	29
641	3	1043	29
642	3	1513	29
644	3	887	29
645	3	1200	29
646	3	782	29
646	3	1513	20
648	3	1148	29
649	3	887	29
650	3	1826	29
651	3	887	29
652	3	1043	29
653	3	991	29
654	3	1461	29
655	3	1095	29
656	3	1095	29
657	3	939	29
658	3	887	29
658	3	1722	20
659	3	1356	29
660	3	1930	29
661	3	887	29
662	3	1095	29
663	3	1304	29
664	3	887	29
664	3	1513	20
664	3	2295	9
665	3	834	29
666	3	782	29
666	3	2295	20
667	3	782	29
668	3	1304	29
669	3	1200	29
670	3	1304	29
672	3	1304	29
673	3	1304	29
674	3	1200	29
675	3	1200	29
676	3	834	29
676	3	1513	20
677	3	1200	29
678	3	730	29
679	3	1617	29
680	3	1252	29
681	3	1565	29
682	3	887	29
683	3	1565	29
684	3	1252	29
685	3	1252	29
686	3	887	29
687	3	1722	29
688	3	1461	29
689	3	1408	29
690	3	1304	29
691	3	887	29
691	3	1722	20
692	3	1043	29
692	3	1617	20
693	3	1043	29
693	3	2087	20
694	3	939	29
695	3	730	29
696	3	1617	29
697	3	782	29
698	3	1826	29
699	3	1252	29
700	3	1043	29
701	3	1200	29
702	3	1200	29
703	3	834	29
703	3	1878	20
705	3	1356	29
706	3	678	29
707	3	834	29
708	3	1304	29
709	3	887	29
710	3	939	29
710	3	1565	20
711	3	1304	29
712	3	1200	29
714	3	730	29
715	3	1148	29
716	3	626	29
716	3	1408	20
717	3	1252	29
717	3	1982	20
718	3	834	29
718	3	1565	20
719	3	1461	29
721	3	1148	29
722	3	730	29
722	3	1356	20
723	3	1095	29
724	3	2035	29
725	3	834	29
726	3	1148	29
727	3	1669	29
728	3	2035	29
729	3	834	29
730	3	1148	29
731	3	730	29
732	3	887	29
733	3	834	29
733	3	1722	20
734	3	730	29
734	3	1930	20
735	3	2243	29
736	3	1461	29
737	3	782	29
737	3	2035	20
738	3	887	29
738	3	1669	20
738	3	2243	9
739	3	1304	29
741	3	939	29
742	3	730	29
742	3	1408	20
742	3	2087	9
743	3	678	29
743	3	2295	20
744	3	1356	29
745	3	1930	29
746	3	1513	29
747	3	1148	29
748	3	2295	29
749	3	2087	29
750	3	991	29
752	3	1200	29
752	3	2295	20
753	3	782	29
753	3	1565	20
753	3	2139	9
754	3	782	29
755	3	782	29
756	3	834	29
756	3	1461	20
757	3	1982	29
758	3	678	29
759	3	1669	29
760	3	1095	29
761	3	1095	29
762	3	1095	29
763	3	1461	29
765	3	782	29
766	3	887	29
767	3	1356	29
768	3	1878	29
769	3	1930	29
770	3	2295	29
771	3	1461	29
772	3	1826	29
773	3	1669	29
774	3	782	29
774	3	1617	20
775	3	1878	29
776	3	678	29
776	3	1461	20
776	3	2139	9
777	3	2295	29
778	3	939	29
779	3	2191	29
780	3	1148	29
781	3	939	29
781	3	2087	20
782	3	991	29
783	3	1774	29
784	3	834	29
785	3	991	29
786	3	1722	29
787	3	1722	29
788	3	834	29
789	3	1252	29
790	3	1200	29
791	3	1722	29
792	3	887	29
793	3	782	29
793	3	2087	20
794	3	782	29
795	3	1930	29
796	3	1669	29
797	3	834	29
798	3	1356	29
800	3	1617	29
801	3	1617	29
802	3	939	29
803	3	939	29
803	3	2191	20
804	3	1095	29
806	3	1669	29
807	3	678	29
807	3	1252	20
807	3	1774	9
808	3	2295	29
809	3	2035	29
810	3	782	29
811	3	730	29
811	3	2295	20
812	3	887	29
812	3	1722	20
813	3	1356	29
815	3	730	29
816	3	1356	29
817	3	2295	29
818	3	1043	29
818	3	2139	20
819	3	1826	29
820	3	1722	29
821	3	1356	29
822	3	730	29
823	3	782	29
823	3	1408	20
823	3	2243	9
824	3	1252	29
825	3	1200	29
826	3	1252	29
827	3	1826	29
828	3	1461	29
829	3	2191	29
830	3	1461	29
831	3	939	29
831	3	1565	20
831	3	2035	9
832	3	887	29
832	3	1461	20
832	3	2087	9
833	3	1408	29
834	3	782	29
834	3	1617	20
835	3	1043	29
836	3	2295	29
837	3	1565	29
838	3	730	29
838	3	1774	20
839	3	1565	29
840	3	730	29
840	3	1200	20
841	3	834	29
842	3	1148	29
843	3	730	29
843	3	1356	20
843	3	1930	9
844	3	1669	29
845	3	1461	29
846	3	1669	29
847	3	1408	29
848	3	678	29
848	3	1461	20
850	3	887	29
850	3	1408	20
853	3	1878	29
854	3	1252	29
855	3	834	29
856	3	1043	29
857	3	1774	29
858	3	1043	29
860	3	1930	29
861	3	834	29
862	3	1878	29
863	3	887	29
863	3	1617	20
864	3	782	29
864	3	1513	20
864	3	2243	9
865	3	730	29
866	3	730	29
867	3	1200	29
868	3	991	29
869	3	1200	29
870	3	1356	29
871	3	1304	29
873	3	730	29
873	3	1461	20
875	3	991	29
876	3	782	29
877	3	678	29
877	3	1304	20
878	3	1461	29
879	3	1095	29
880	3	678	29
880	3	2035	20
882	3	1408	29
883	3	2087	29
884	3	834	29
885	3	730	29
885	3	1356	20
886	3	1565	29
887	3	991	29
888	3	2191	29
889	3	1722	29
890	3	1461	29
891	3	887	29
892	3	1826	29
893	3	887	29
894	3	991	29
895	3	1252	29
896	3	678	29
897	3	782	29
898	3	834	29
898	3	1722	20
899	3	782	29
899	3	1722	20
900	3	1408	29
901	3	730	29
902	3	1200	29
903	3	834	29
903	3	2035	20
905	3	1513	29
906	3	782	29
907	3	2295	29
908	3	782	29
909	3	2139	29
910	3	1304	29
911	3	2139	29
912	3	887	29
913	3	1461	29
914	3	1200	29
915	3	1513	29
916	3	782	29
916	3	1722	20
917	3	1461	29
918	3	1461	29
919	3	1774	29
920	3	1669	29
922	3	1200	29
923	3	1513	29
924	3	887	29
924	3	1461	20
925	3	834	29
926	3	991	29
926	3	2035	20
927	3	1148	29
929	3	834	29
931	3	834	29
931	3	1356	20
931	3	1722	9
932	3	1356	29
933	3	1408	29
934	3	1304	29
935	3	834	29
936	3	1200	29
937	3	1878	29
938	3	1408	29
939	3	1722	29
940	3	1095	29
940	3	2035	20
941	3	730	29
941	3	1513	20
942	3	730	29
942	3	1461	20
944	3	1148	29
946	3	1304	29
947	3	782	29
947	3	1461	20
948	3	782	29
949	3	730	29
949	3	1252	20
950	3	730	29
950	3	1878	20
953	3	887	29
953	3	1722	20
954	3	782	29
954	3	2035	20
956	3	1982	29
958	3	1774	29
960	3	991	29
961	3	991	29
962	3	2191	29
963	3	887	29
964	3	887	29
964	3	1565	20
965	3	1252	29
966	3	730	29
968	3	887	29
969	3	991	29
969	3	2191	20
971	3	939	29
972	3	678	29
972	3	1252	20
972	3	2139	9
973	3	1408	29
974	3	991	29
975	3	1617	29
976	3	1043	29
976	3	1878	20
977	3	2295	29
978	3	834	29
978	3	1774	20
979	3	1513	29
980	3	2035	29
981	3	1252	29
982	3	939	29
983	3	730	29
984	3	1304	29
985	3	1356	29
987	3	1774	29
988	3	991	29
989	3	730	29
990	3	1878	29
995	3	730	29
996	3	1565	29
998	3	1043	29
998	3	1513	20
998	3	2295	9
999	3	1774	29
0	4	678	29
1	4	730	29
2	4	887	29
3	4	1356	29
4	4	834	29
4	4	1878	27
4	4	2139	28
5	4	834	29
6	4	1095	29
7	4	1200	29
8	4	1043	29
10	4	678	29
12	4	1982	29
13	4	1878	29
14	4	678	29
15	4	834	29
16	4	834	29
17	4	730	29
18	4	782	29
19	4	2035	29
20	4	991	29
20	4	2295	27
21	4	678	29
22	4	1200	29
23	4	730	29
24	4	730	29
25	4	1982	29
26	4	1043	29
27	4	782	29
28	4	1148	29
29	4	1200	29
30	4	1461	29
31	4	887	29
32	4	1304	29
33	4	1095	29
34	4	1095	29
35	4	782	29
36	4	834	29
37	4	1304	29
38	4	939	29
39	4	887	29
40	4	626	29
40	4	1930	27
40	4	2191	28
41	4	1095	29
41	4	2295	27
42	4	1095	29
43	4	730	29
45	4	1043	29
46	4	887	29
47	4	1356	29
49	4	887	29
51	4	1930	29
52	4	2295	29
53	4	782	29
53	4	1982	27
53	4	2243	28
55	4	887	29
56	4	1565	29
57	4	730	29
57	4	1826	27
57	4	2295	28
58	4	834	29
59	4	834	29
59	4	2295	27
60	4	2035	29
61	4	887	29
62	4	887	29
62	4	2191	27
63	4	1043	29
64	4	2087	29
65	4	1095	29
66	4	1513	29
67	4	1095	29
68	4	1722	29
69	4	1200	29
70	4	991	29
71	4	1304	29
73	4	1982	29
74	4	1878	29
75	4	730	29
76	4	1617	29
77	4	1982	29
79	4	1200	29
80	4	782	29
81	4	939	29
82	4	1304	29
83	4	1356	29
84	4	887	29
86	4	1513	29
87	4	782	29
87	4	1982	27
87	4	2243	28
88	4	1043	29
89	4	1095	29
90	4	1513	29
91	4	991	29
92	4	782	29
93	4	1722	29
94	4	2191	29
95	4	1826	29
96	4	1200	29
97	4	1930	29
98	4	1930	29
99	4	1669	29
100	4	1930	29
101	4	939	29
102	4	991	29
103	4	1252	29
104	4	991	29
106	4	1095	29
106	4	2035	27
106	4	2295	28
107	4	730	29
107	4	2191	27
108	4	887	29
109	4	1617	29
110	4	782	29
111	4	939	29
112	4	1095	29
113	4	730	29
114	4	1200	29
115	4	1617	29
116	4	1669	29
117	4	1722	29
118	4	1408	29
119	4	1408	29
120	4	1408	29
121	4	1930	29
122	4	730	29
122	4	2191	27
123	4	2191	29
124	4	730	29
125	4	834	29
126	4	678	29
127	4	834	29
128	4	626	29
129	4	1356	29
130	4	834	29
131	4	939	29
131	4	2087	27
132	4	782	29
133	4	991	29
134	4	1304	29
135	4	730	29
136	4	730	29
136	4	1669	27
136	4	1930	28
137	4	1095	29
138	4	730	29
138	4	1982	27
138	4	2243	28
139	4	834	29
139	4	1774	27
139	4	2035	28
139	4	2295	30
140	4	2243	29
141	4	834	29
141	4	1774	27
142	4	1356	29
143	4	1513	29
145	4	1408	29
146	4	887	29
147	4	939	29
148	4	1617	29
149	4	782	29
149	4	2139	27
150	4	782	29
151	4	1513	29
152	4	834	29
152	4	2191	27
153	4	1408	29
154	4	834	29
155	4	730	29
155	4	2191	27
156	4	782	29
158	4	887	29
159	4	678	29
159	4	2087	27
160	4	1148	29
161	4	1982	29
162	4	1252	29
163	4	1722	29
164	4	834	29
165	4	887	29
166	4	2087	29
167	4	1669	29
169	4	834	29
170	4	782	29
171	4	1878	29
172	4	1304	29
173	4	1669	29
174	4	1200	29
175	4	1043	29
175	4	2243	27
176	4	730	29
179	4	991	29
181	4	730	29
182	4	1669	29
183	4	782	29
183	4	2295	27
184	4	2243	29
185	4	887	29
187	4	1200	29
188	4	1982	29
189	4	1095	29
189	4	2243	27
190	4	1304	29
191	4	730	29
192	4	1095	29
193	4	991	29
194	4	1617	29
196	4	678	29
196	4	1617	27
196	4	1878	28
196	4	2139	30
198	4	939	29
199	4	730	29
199	4	2243	27
200	4	1356	29
201	4	1982	29
202	4	1252	29
203	4	1200	29
204	4	887	29
205	4	1513	29
206	4	678	29
206	4	1617	27
206	4	1878	28
206	4	2087	30
207	4	782	29
207	4	2243	27
208	4	834	29
210	4	939	29
211	4	2035	29
212	4	1252	29
213	4	1982	29
215	4	1408	29
217	4	1356	29
218	4	1200	29
220	4	1878	29
221	4	1095	29
222	4	2035	29
223	4	1982	29
224	4	1304	29
225	4	782	29
225	4	1930	27
225	4	2191	28
226	4	782	29
227	4	991	29
228	4	730	29
229	4	1095	29
230	4	678	29
231	4	730	29
232	4	834	29
233	4	1461	29
235	4	1826	29
236	4	1930	29
239	4	1565	29
240	4	782	29
240	4	2087	27
241	4	1095	29
242	4	991	29
243	4	678	29
243	4	1982	27
243	4	2243	28
244	4	782	29
245	4	1513	29
248	4	782	29
249	4	678	29
250	4	730	29
250	4	1982	27
250	4	2243	28
251	4	939	29
252	4	2139	29
253	4	1408	29
255	4	1408	29
256	4	1148	29
257	4	1356	29
258	4	678	29
259	4	730	29
260	4	782	29
262	4	1200	29
264	4	991	29
265	4	887	29
266	4	991	29
267	4	730	29
268	4	1200	29
269	4	730	29
270	4	1565	29
271	4	991	29
271	4	2191	27
272	4	678	29
272	4	1774	27
272	4	2035	28
272	4	2295	30
274	4	1513	29
275	4	2243	29
277	4	2035	29
278	4	1774	29
279	4	1408	29
280	4	1513	29
282	4	2035	29
283	4	1356	29
284	4	730	29
284	4	1774	27
284	4	2035	28
285	4	1304	29
286	4	782	29
286	4	2035	27
286	4	2295	28
287	4	1461	29
288	4	887	29
289	4	2295	29
291	4	1043	29
292	4	1930	29
293	4	678	29
293	4	1878	27
293	4	2139	28
294	4	887	29
295	4	1408	29
296	4	730	29
297	4	2191	29
298	4	1200	29
299	4	782	29
300	4	1826	29
301	4	782	29
302	4	939	29
303	4	730	29
303	4	1774	27
303	4	2087	28
304	4	730	29
306	4	730	29
307	4	1982	29
308	4	1200	29
309	4	678	29
309	4	1826	27
309	4	2087	28
310	4	834	29
310	4	1982	27
310	4	2243	28
311	4	2087	29
312	4	1513	29
313	4	1513	29
314	4	1669	29
315	4	1095	29
317	4	1408	29
318	4	1930	29
319	4	2087	29
320	4	1461	29
321	4	782	29
322	4	834	29
323	4	2087	29
324	4	1565	29
325	4	1461	29
326	4	678	29
327	4	1304	29
328	4	1826	29
329	4	1722	29
330	4	1095	29
331	4	782	29
332	4	887	29
333	4	782	29
334	4	1461	29
335	4	678	29
336	4	991	29
337	4	1617	29
338	4	2035	29
339	4	834	29
340	4	1356	29
341	4	1408	29
342	4	782	29
342	4	2087	27
343	4	678	29
344	4	2295	29
345	4	991	29
346	4	887	29
346	4	2035	27
346	4	2295	28
347	4	834	29
348	4	834	29
349	4	887	29
351	4	939	29
352	4	991	29
353	4	782	29
354	4	730	29
354	4	1722	27
355	4	834	29
356	4	1200	29
357	4	939	29
358	4	1200	29
360	4	1826	29
361	4	991	29
364	4	730	29
365	4	2139	29
366	4	1148	29
367	4	887	29
368	4	678	29
368	4	1878	27
368	4	2139	28
369	4	887	29
371	4	887	29
372	4	1252	29
374	4	1774	29
375	4	1461	29
376	4	991	29
377	4	1565	29
378	4	1461	29
379	4	1043	29
380	4	1826	29
381	4	1304	29
382	4	782	29
383	4	1982	29
384	4	887	29
385	4	1095	29
386	4	939	29
387	4	834	29
388	4	2295	29
389	4	782	29
390	4	730	29
391	4	782	29
391	4	2243	27
392	4	1878	29
393	4	678	29
394	4	991	29
395	4	1043	29
396	4	730	29
396	4	1669	27
397	4	1408	29
398	4	1043	29
399	4	782	29
400	4	991	29
402	4	991	29
403	4	2243	29
404	4	1304	29
405	4	1513	29
406	4	834	29
407	4	1304	29
409	4	1669	29
410	4	1722	29
411	4	730	29
411	4	1982	27
412	4	782	29
412	4	1722	27
412	4	1982	28
412	4	2243	30
413	4	730	29
413	4	1722	27
413	4	2087	28
414	4	1043	29
414	4	2191	27
415	4	887	29
416	4	1930	29
417	4	939	29
418	4	887	29
419	4	834	29
420	4	1252	29
421	4	2139	29
422	4	1878	29
423	4	1200	29
424	4	730	29
424	4	1878	27
424	4	2139	28
425	4	1043	29
426	4	1200	29
427	4	2295	29
428	4	730	29
429	4	991	29
430	4	834	29
431	4	678	29
432	4	887	29
432	4	2139	27
433	4	1200	29
434	4	834	29
434	4	1930	27
434	4	2191	28
435	4	730	29
436	4	782	29
436	4	2087	27
437	4	782	29
438	4	1095	29
439	4	1617	29
440	4	991	29
442	4	1148	29
445	4	782	29
446	4	1826	29
447	4	1826	29
451	4	1095	29
451	4	2139	27
452	4	887	29
453	4	782	29
453	4	1774	27
454	4	1722	29
455	4	1356	29
456	4	1513	29
457	4	1200	29
459	4	2087	29
460	4	834	29
461	4	782	29
462	4	1095	29
463	4	939	29
463	4	2087	27
464	4	1200	29
465	4	782	29
466	4	782	29
467	4	678	29
468	4	730	29
469	4	730	29
469	4	2191	27
470	4	2243	29
471	4	1774	29
472	4	887	29
473	4	1095	29
474	4	782	29
475	4	1774	29
476	4	1982	29
478	4	1304	29
480	4	1461	29
481	4	991	29
481	4	1982	27
481	4	2243	28
482	4	939	29
484	4	2191	29
485	4	1617	29
486	4	1513	29
487	4	782	29
488	4	1513	29
489	4	730	29
489	4	2139	27
490	4	1148	29
490	4	2191	27
491	4	939	29
492	4	1200	29
494	4	939	29
495	4	1200	29
496	4	1095	29
496	4	2295	27
497	4	678	29
498	4	1043	29
499	4	991	29
500	4	782	29
500	4	1774	27
501	4	1565	29
502	4	1148	29
503	4	730	29
503	4	1722	27
503	4	1982	28
503	4	2243	30
505	4	1617	29
506	4	1356	29
507	4	2139	29
508	4	834	29
508	4	1930	27
508	4	2191	28
510	4	2139	29
512	4	1148	29
512	4	2295	27
513	4	1200	29
514	4	887	29
515	4	730	29
515	4	2295	27
516	4	1513	29
517	4	1461	29
518	4	1304	29
519	4	834	29
520	4	991	29
521	4	782	29
522	4	1095	29
523	4	782	29
525	4	1043	29
525	4	2087	27
526	4	2139	29
527	4	730	29
528	4	730	29
529	4	730	29
529	4	1722	27
529	4	1982	28
530	4	1461	29
531	4	1252	29
532	4	1356	29
533	4	2243	29
534	4	678	29
534	4	2139	27
536	4	1565	29
537	4	1095	29
538	4	782	29
539	4	678	29
540	4	2139	29
541	4	782	29
542	4	1252	29
543	4	1304	29
544	4	939	29
544	4	2035	27
544	4	2295	28
545	4	2243	29
546	4	1461	29
547	4	991	29
547	4	2087	27
548	4	1774	29
549	4	1513	29
550	4	730	29
550	4	1774	27
550	4	2035	28
551	4	678	29
551	4	1982	27
552	4	1617	29
553	4	1200	29
554	4	626	29
555	4	730	29
555	4	1722	27
555	4	1982	28
555	4	2243	30
556	4	1200	29
557	4	2139	29
558	4	730	29
559	4	1304	29
560	4	1878	29
561	4	1461	29
562	4	1252	29
563	4	1148	29
564	4	1669	29
565	4	834	29
565	4	1930	27
565	4	2191	28
566	4	939	29
567	4	1200	29
568	4	730	29
569	4	1200	29
570	4	1513	29
571	4	730	29
572	4	1826	29
575	4	678	29
575	4	1722	27
575	4	2191	28
576	4	1461	29
577	4	834	29
578	4	1513	29
581	4	1304	29
582	4	1148	29
583	4	730	29
583	4	1722	27
584	4	834	29
585	4	678	29
585	4	1669	27
585	4	2087	28
586	4	1095	29
587	4	730	29
587	4	1982	27
588	4	939	29
589	4	887	29
590	4	782	29
591	4	1826	29
593	4	1252	29
594	4	1356	29
595	4	834	29
595	4	1878	27
595	4	2139	28
596	4	1043	29
597	4	1304	29
598	4	730	29
599	4	730	29
600	4	1930	29
601	4	887	29
602	4	1722	29
604	4	1200	29
605	4	1513	29
606	4	1043	29
607	4	730	29
608	4	939	29
611	4	1200	29
612	4	1304	29
613	4	1722	29
614	4	1356	29
615	4	1252	29
616	4	1252	29
617	4	2191	29
619	4	1565	29
620	4	834	29
621	4	1200	29
622	4	678	29
623	4	1617	29
624	4	834	29
625	4	1356	29
626	4	939	29
627	4	939	29
628	4	1095	29
629	4	1617	29
630	4	1200	29
631	4	1095	29
631	4	2191	27
632	4	730	29
632	4	2295	27
633	4	1930	29
634	4	1356	29
635	4	1565	29
638	4	2087	29
639	4	782	29
639	4	2191	27
640	4	2087	29
641	4	1043	29
642	4	1513	29
644	4	887	29
645	4	1200	29
646	4	782	29
648	4	1148	29
649	4	887	29
650	4	1826	29
651	4	887	29
652	4	1043	29
653	4	991	29
654	4	1461	29
655	4	1095	29
656	4	1095	29
657	4	939	29
658	4	887	29
658	4	2139	27
659	4	1356	29
660	4	1930	29
661	4	887	29
662	4	1095	29
663	4	1304	29
664	4	887	29
664	4	2087	27
665	4	834	29
666	4	782	29
667	4	782	29
668	4	1304	29
669	4	1200	29
670	4	1304	29
672	4	1304	29
673	4	1304	29
674	4	1200	29
675	4	1200	29
676	4	834	29
676	4	2139	27
677	4	1200	29
678	4	730	29
679	4	1617	29
680	4	1252	29
681	4	1565	29
682	4	887	29
683	4	1565	29
684	4	1252	29
685	4	1252	29
686	4	887	29
687	4	1722	29
688	4	1461	29
689	4	1408	29
690	4	1304	29
691	4	887	29
691	4	2035	27
691	4	2295	28
692	4	1043	29
693	4	1043	29
694	4	939	29
695	4	730	29
696	4	1617	29
697	4	782	29
698	4	1826	29
699	4	1252	29
700	4	1043	29
701	4	1200	29
702	4	1200	29
703	4	834	29
705	4	1356	29
706	4	678	29
707	4	834	29
708	4	1304	29
709	4	887	29
709	4	2243	27
710	4	939	29
711	4	1304	29
712	4	1200	29
714	4	730	29
715	4	1148	29
716	4	626	29
717	4	1252	29
717	4	2295	27
718	4	834	29
719	4	1461	29
721	4	1148	29
722	4	730	29
722	4	1722	27
723	4	1095	29
724	4	2035	29
725	4	834	29
726	4	1148	29
727	4	1669	29
728	4	2035	29
729	4	834	29
730	4	1148	29
731	4	730	29
732	4	887	29
733	4	834	29
734	4	730	29
735	4	2243	29
736	4	1461	29
737	4	782	29
737	4	2139	27
738	4	887	29
738	4	1982	27
738	4	2243	28
739	4	1304	29
741	4	939	29
742	4	730	29
742	4	1982	27
742	4	2243	28
743	4	678	29
744	4	1356	29
745	4	1930	29
746	4	1513	29
747	4	1148	29
748	4	2295	29
749	4	2087	29
750	4	991	29
752	4	1200	29
753	4	782	29
753	4	2035	27
753	4	2295	28
754	4	782	29
755	4	782	29
756	4	834	29
756	4	1982	27
756	4	2243	28
757	4	1982	29
758	4	678	29
759	4	1669	29
760	4	1095	29
761	4	1095	29
762	4	1095	29
763	4	1461	29
765	4	782	29
766	4	887	29
767	4	1356	29
768	4	1878	29
769	4	1930	29
770	4	2295	29
771	4	1461	29
772	4	1826	29
773	4	1669	29
774	4	782	29
775	4	1878	29
776	4	678	29
776	4	2035	27
776	4	2295	28
777	4	2295	29
778	4	939	29
779	4	2191	29
780	4	1148	29
781	4	939	29
782	4	991	29
783	4	1774	29
784	4	834	29
785	4	991	29
786	4	1722	29
787	4	1722	29
788	4	834	29
789	4	1252	29
790	4	1200	29
791	4	1722	29
792	4	887	29
793	4	782	29
794	4	782	29
795	4	1930	29
796	4	1669	29
797	4	834	29
798	4	1356	29
800	4	1617	29
801	4	1617	29
802	4	939	29
803	4	939	29
804	4	1095	29
806	4	1669	29
807	4	678	29
807	4	1669	27
807	4	2295	28
808	4	2295	29
809	4	2035	29
810	4	782	29
811	4	730	29
812	4	887	29
812	4	2139	27
813	4	1356	29
815	4	730	29
816	4	1356	29
817	4	2295	29
818	4	1043	29
819	4	1826	29
820	4	1722	29
821	4	1356	29
822	4	730	29
823	4	782	29
823	4	1930	27
823	4	2191	28
824	4	1252	29
825	4	1200	29
826	4	1252	29
827	4	1826	29
828	4	1461	29
829	4	2191	29
830	4	1461	29
831	4	939	29
831	4	1982	27
831	4	2243	28
832	4	887	29
832	4	1878	27
832	4	2139	28
833	4	1408	29
834	4	782	29
834	4	2035	27
834	4	2295	28
835	4	1043	29
836	4	2295	29
837	4	1565	29
838	4	730	29
838	4	2139	27
839	4	1565	29
840	4	730	29
840	4	1669	27
841	4	834	29
842	4	1148	29
843	4	730	29
843	4	1826	27
843	4	2087	28
844	4	1669	29
845	4	1461	29
846	4	1669	29
847	4	1408	29
848	4	678	29
850	4	887	29
850	4	1774	27
853	4	1878	29
854	4	1252	29
855	4	834	29
856	4	1043	29
857	4	1774	29
858	4	1043	29
860	4	1930	29
861	4	834	29
862	4	1878	29
863	4	887	29
864	4	782	29
864	4	1930	27
864	4	2191	28
865	4	730	29
866	4	730	29
867	4	1200	29
868	4	991	29
869	4	1200	29
870	4	1356	29
871	4	1304	29
873	4	730	29
875	4	991	29
876	4	782	29
877	4	678	29
877	4	1722	27
878	4	1461	29
879	4	1095	29
880	4	678	29
882	4	1408	29
883	4	2087	29
884	4	834	29
885	4	730	29
886	4	1565	29
887	4	991	29
888	4	2191	29
889	4	1722	29
890	4	1461	29
891	4	887	29
892	4	1826	29
893	4	887	29
894	4	991	29
895	4	1252	29
896	4	678	29
897	4	782	29
898	4	834	29
899	4	782	29
899	4	2243	27
900	4	1408	29
901	4	730	29
902	4	1200	29
903	4	834	29
903	4	2087	27
905	4	1513	29
906	4	782	29
907	4	2295	29
908	4	782	29
909	4	2139	29
910	4	1304	29
911	4	2139	29
912	4	887	29
913	4	1461	29
914	4	1200	29
915	4	1513	29
916	4	782	29
917	4	1461	29
918	4	1461	29
919	4	1774	29
920	4	1669	29
922	4	1200	29
923	4	1513	29
924	4	887	29
925	4	834	29
926	4	991	29
926	4	2191	27
927	4	1148	29
929	4	834	29
931	4	834	29
931	4	1774	27
931	4	2295	28
932	4	1356	29
933	4	1408	29
934	4	1304	29
935	4	834	29
936	4	1200	29
937	4	1878	29
938	4	1408	29
939	4	1722	29
940	4	1095	29
940	4	2191	27
941	4	730	29
941	4	2139	27
942	4	730	29
942	4	2191	27
944	4	1148	29
946	4	1304	29
947	4	782	29
947	4	1774	27
947	4	2035	28
948	4	782	29
949	4	730	29
949	4	1774	27
950	4	730	29
953	4	887	29
954	4	782	29
956	4	1982	29
958	4	1774	29
960	4	991	29
961	4	991	29
962	4	2191	29
963	4	887	29
964	4	887	29
964	4	1982	27
964	4	2243	28
965	4	1252	29
966	4	730	29
968	4	887	29
969	4	991	29
971	4	939	29
972	4	678	29
972	4	1774	27
972	4	2087	28
973	4	1408	29
974	4	991	29
975	4	1617	29
976	4	1043	29
976	4	2243	27
977	4	2295	29
978	4	834	29
979	4	1513	29
980	4	2035	29
981	4	1252	29
982	4	939	29
983	4	730	29
984	4	1304	29
985	4	1356	29
987	4	1774	29
988	4	991	29
989	4	730	29
990	4	1878	29
995	4	730	29
996	4	1565	29
998	4	1043	29
998	4	1982	27
998	4	2243	28
999	4	1774	29
0	5	469	25
0	5	678	29
1	5	469	25
1	5	730	29
2	5	626	25
2	5	887	29
3	5	1148	25
3	5	1356	29
4	5	574	25
4	5	834	29
4	5	1878	27
4	5	2139	28
5	5	521	25
5	5	834	29
6	5	626	25
6	5	1095	29
7	5	991	25
7	5	1200	29
8	5	678	25
8	5	1043	29
9	5	2035	25
10	5	469	25
10	5	678	29
12	5	1408	25
12	5	1982	29
13	5	1252	25
13	5	1878	29
14	5	469	25
14	5	678	29
15	5	521	25
15	5	834	29
16	5	521	25
16	5	834	29
17	5	469	25
17	5	730	29
18	5	521	25
18	5	782	29
19	5	1826	25
19	5	2035	29
20	5	626	25
20	5	991	29
20	5	2295	27
21	5	469	25
21	5	678	29
22	5	939	25
22	5	1200	29
23	5	521	25
23	5	730	29
24	5	521	25
24	5	730	29
25	5	1669	25
25	5	1982	29
26	5	678	25
26	5	1043	29
27	5	521	25
27	5	782	29
28	5	730	25
28	5	1148	29
29	5	834	25
29	5	1200	29
30	5	1252	25
30	5	1461	29
31	5	574	25
31	5	887	29
32	5	1095	25
32	5	1304	29
33	5	678	25
33	5	1095	29
34	5	730	25
34	5	1095	29
35	5	521	25
35	5	782	29
36	5	521	25
36	5	834	29
37	5	678	25
37	5	1304	29
38	5	626	25
38	5	939	29
39	5	574	25
39	5	887	29
40	5	469	25
40	5	626	29
40	5	1930	27
40	5	2191	28
41	5	730	25
41	5	1095	29
41	5	2295	27
42	5	782	25
42	5	1095	29
43	5	521	25
43	5	730	29
44	5	1669	25
45	5	678	25
45	5	1043	29
46	5	521	25
46	5	887	29
47	5	1095	25
47	5	1356	29
48	5	2087	25
49	5	574	25
49	5	887	29
50	5	1617	25
51	5	1774	25
51	5	1930	29
52	5	1930	25
52	5	2295	29
53	5	521	25
53	5	782	29
53	5	1982	27
53	5	2243	28
55	5	626	25
55	5	887	29
56	5	1200	25
56	5	1565	29
57	5	469	25
57	5	730	29
57	5	1826	27
57	5	2295	28
58	5	626	25
58	5	834	29
59	5	469	25
59	5	834	29
59	5	2295	27
60	5	1252	25
60	5	2035	29
61	5	574	25
61	5	887	29
62	5	574	25
62	5	887	29
62	5	2191	27
63	5	730	25
63	5	1043	29
64	5	1930	25
64	5	2087	29
65	5	730	25
65	5	1095	29
66	5	1304	25
66	5	1513	29
67	5	782	25
67	5	1095	29
68	5	1461	25
68	5	1722	29
69	5	939	25
69	5	1200	29
70	5	678	25
70	5	991	29
71	5	1095	25
71	5	1304	29
73	5	1722	25
73	5	1982	29
74	5	887	25
74	5	1878	29
75	5	521	25
75	5	730	29
76	5	1408	25
76	5	1617	29
77	5	1565	25
77	5	1982	29
78	5	1356	25
79	5	782	25
79	5	1200	29
80	5	521	25
80	5	782	29
81	5	626	25
81	5	939	29
82	5	678	25
82	5	1304	29
83	5	1043	25
83	5	1356	29
84	5	574	25
84	5	887	29
86	5	1095	25
86	5	1513	29
87	5	521	25
87	5	782	29
87	5	1982	27
87	5	2243	28
88	5	678	25
88	5	1043	29
89	5	834	25
89	5	1095	29
90	5	1356	25
90	5	1513	29
91	5	678	25
91	5	991	29
92	5	469	25
92	5	782	29
93	5	1304	25
93	5	1722	29
94	5	1826	25
94	5	2191	29
95	5	939	25
95	5	1826	29
96	5	991	25
96	5	1200	29
97	5	1252	25
97	5	1930	29
98	5	1669	25
98	5	1930	29
99	5	1095	25
99	5	1669	29
100	5	1356	25
100	5	1930	29
101	5	678	25
101	5	939	29
102	5	678	25
102	5	991	29
103	5	939	25
103	5	1252	29
104	5	574	25
104	5	991	29
105	5	2295	25
106	5	730	25
106	5	1095	29
106	5	2035	27
106	5	2295	28
107	5	521	25
107	5	730	29
107	5	2191	27
108	5	521	25
108	5	887	29
109	5	1252	25
109	5	1617	29
110	5	521	25
110	5	782	29
111	5	626	25
111	5	939	29
112	5	782	25
112	5	1095	29
113	5	469	25
113	5	730	29
114	5	626	25
114	5	1200	29
115	5	1461	25
115	5	1617	29
116	5	1461	25
116	5	1669	29
117	5	1408	25
117	5	1722	29
118	5	1200	25
118	5	1408	29
119	5	1200	25
119	5	1408	29
120	5	834	25
120	5	1408	29
121	5	1356	25
121	5	1930	29
122	5	521	25
122	5	730	29
122	5	2191	27
123	5	1878	25
123	5	2191	29
124	5	521	25
124	5	730	29
125	5	574	25
125	5	834	29
126	5	469	25
126	5	678	29
127	5	521	25
127	5	834	29
128	5	469	25
128	5	626	29
129	5	1095	25
129	5	1356	29
130	5	574	25
130	5	834	29
131	5	678	25
131	5	939	29
131	5	2087	27
132	5	469	25
132	5	782	29
133	5	626	25
133	5	991	29
134	5	887	25
134	5	1304	29
135	5	521	25
135	5	730	29
136	5	469	25
136	5	730	29
136	5	1669	27
136	5	1930	28
137	5	730	25
137	5	1095	29
138	5	469	25
138	5	730	29
138	5	1982	27
138	5	2243	28
139	5	521	25
139	5	834	29
139	5	1774	27
139	5	2035	28
139	5	2295	30
140	5	1826	25
140	5	2243	29
141	5	521	25
141	5	834	29
141	5	1774	27
142	5	887	25
142	5	1356	29
143	5	1252	25
143	5	1513	29
145	5	1148	25
145	5	1408	29
146	5	626	25
146	5	887	29
147	5	626	25
147	5	939	29
148	5	1356	25
148	5	1617	29
149	5	469	25
149	5	782	29
149	5	2139	27
150	5	574	25
150	5	782	29
151	5	939	25
151	5	1513	29
152	5	626	25
152	5	834	29
152	5	2191	27
153	5	730	25
153	5	1408	29
154	5	521	25
154	5	834	29
155	5	469	25
155	5	730	29
155	5	2191	27
156	5	469	25
156	5	782	29
158	5	574	25
158	5	887	29
159	5	469	25
159	5	678	29
159	5	2087	27
160	5	730	25
160	5	1148	29
161	5	1617	25
161	5	1982	29
162	5	1043	25
162	5	1252	29
163	5	1200	25
163	5	1722	29
164	5	521	25
164	5	834	29
165	5	574	25
165	5	887	29
166	5	1826	25
166	5	2087	29
167	5	1252	25
167	5	1669	29
169	5	469	25
169	5	834	29
170	5	469	25
170	5	782	29
171	5	939	25
171	5	1878	29
172	5	1043	25
172	5	1304	29
173	5	1356	25
173	5	1669	29
174	5	834	25
174	5	1200	29
175	5	626	25
175	5	1043	29
175	5	2243	27
176	5	521	25
176	5	730	29
177	5	1722	25
178	5	2035	25
179	5	574	25
179	5	991	29
180	5	1930	25
181	5	469	25
181	5	730	29
182	5	730	25
182	5	1669	29
183	5	521	25
183	5	782	29
183	5	2295	27
184	5	1200	25
184	5	2243	29
185	5	574	25
185	5	887	29
186	5	2191	25
187	5	782	25
187	5	1200	29
188	5	1408	25
188	5	1982	29
189	5	730	25
189	5	1095	29
189	5	2243	27
190	5	1095	25
190	5	1304	29
191	5	521	25
191	5	730	29
192	5	626	25
192	5	1095	29
193	5	626	25
193	5	991	29
194	5	730	25
194	5	1617	29
196	5	469	25
196	5	678	29
196	5	1617	27
196	5	1878	28
196	5	2139	30
198	5	730	25
198	5	939	29
199	5	521	25
199	5	730	29
199	5	2243	27
200	5	1148	25
200	5	1356	29
201	5	1826	25
201	5	1982	29
202	5	991	25
202	5	1252	29
203	5	834	25
203	5	1200	29
204	5	574	25
204	5	887	29
205	5	1252	25
205	5	1513	29
206	5	469	25
206	5	678	29
206	5	1617	27
206	5	1878	28
206	5	2087	30
207	5	521	25
207	5	782	29
207	5	2243	27
208	5	574	25
208	5	834	29
209	5	2243	25
210	5	574	25
210	5	939	29
211	5	1565	25
211	5	2035	29
212	5	834	25
212	5	1252	29
213	5	1617	25
213	5	1982	29
214	5	834	25
215	5	1200	25
215	5	1408	29
216	5	1930	25
217	5	1148	25
217	5	1356	29
218	5	730	25
218	5	1200	29
219	5	2191	25
220	5	1408	25
220	5	1878	29
221	5	730	25
221	5	1095	29
222	5	1826	25
222	5	2035	29
223	5	887	25
223	5	1982	29
224	5	887	25
224	5	1304	29
225	5	469	25
225	5	782	29
225	5	1930	27
225	5	2191	28
226	5	574	25
226	5	782	29
227	5	678	25
227	5	991	29
228	5	521	25
228	5	730	29
229	5	782	25
229	5	1095	29
230	5	469	25
230	5	678	29
231	5	469	25
231	5	730	29
232	5	521	25
232	5	834	29
233	5	1304	25
233	5	1461	29
235	5	1513	25
235	5	1826	29
236	5	1148	25
236	5	1930	29
237	5	887	25
239	5	1200	25
239	5	1565	29
240	5	521	25
240	5	782	29
240	5	2087	27
241	5	730	25
241	5	1095	29
242	5	626	25
242	5	991	29
243	5	469	25
243	5	678	29
243	5	1982	27
243	5	2243	28
244	5	469	25
244	5	782	29
245	5	1148	25
245	5	1513	29
246	5	2087	25
248	5	469	25
248	5	782	29
249	5	469	25
249	5	678	29
250	5	469	25
250	5	730	29
250	5	1982	27
250	5	2243	28
251	5	626	25
251	5	939	29
252	5	1461	25
252	5	2139	29
253	5	887	25
253	5	1408	29
255	5	991	25
255	5	1408	29
256	5	782	25
256	5	1148	29
257	5	1095	25
257	5	1356	29
258	5	469	25
258	5	678	29
259	5	521	25
259	5	730	29
260	5	521	25
260	5	782	29
262	5	939	25
262	5	1200	29
263	5	834	25
264	5	574	25
264	5	991	29
265	5	574	25
265	5	887	29
266	5	626	25
266	5	991	29
267	5	469	25
267	5	730	29
268	5	991	25
268	5	1200	29
269	5	521	25
269	5	730	29
270	5	782	25
270	5	1565	29
271	5	678	25
271	5	991	29
271	5	2191	27
272	5	521	25
272	5	678	29
272	5	1774	27
272	5	2035	28
272	5	2295	30
273	5	2295	25
274	5	1148	25
274	5	1513	29
275	5	1669	25
275	5	2243	29
276	5	2243	25
277	5	782	25
277	5	2035	29
278	5	1565	25
278	5	1774	29
279	5	1200	25
279	5	1408	29
280	5	782	25
280	5	1513	29
282	5	1617	25
282	5	2035	29
283	5	1148	25
283	5	1356	29
284	5	469	25
284	5	730	29
284	5	1774	27
284	5	2035	28
285	5	1095	25
285	5	1304	29
286	5	521	25
286	5	782	29
286	5	2035	27
286	5	2295	28
287	5	1200	25
287	5	1461	29
288	5	574	25
288	5	887	29
289	5	1982	25
289	5	2295	29
291	5	678	25
291	5	1043	29
292	5	1513	25
292	5	1930	29
293	5	469	25
293	5	678	29
293	5	1878	27
293	5	2139	28
294	5	521	25
294	5	887	29
295	5	1095	25
295	5	1408	29
296	5	521	25
296	5	730	29
297	5	1461	25
297	5	2191	29
298	5	887	25
298	5	1200	29
299	5	521	25
299	5	782	29
300	5	1304	25
300	5	1826	29
301	5	469	25
301	5	782	29
302	5	574	25
302	5	939	29
303	5	469	25
303	5	730	29
303	5	1774	27
303	5	2087	28
304	5	469	25
304	5	730	29
306	5	469	25
306	5	730	29
307	5	730	25
307	5	1982	29
308	5	678	25
308	5	1200	29
309	5	469	25
309	5	678	29
309	5	1826	27
309	5	2087	28
310	5	574	25
310	5	834	29
310	5	1982	27
310	5	2243	28
311	5	939	25
311	5	2087	29
312	5	1043	25
312	5	1513	29
313	5	782	25
313	5	1513	29
314	5	1304	25
314	5	1669	29
315	5	678	25
315	5	1095	29
316	5	2087	25
317	5	1252	25
317	5	1408	29
318	5	1513	25
318	5	1930	29
319	5	1774	25
319	5	2087	29
320	5	1252	25
320	5	1461	29
321	5	469	25
321	5	782	29
322	5	521	25
322	5	834	29
323	5	1826	25
323	5	2087	29
324	5	1356	25
324	5	1565	29
325	5	1252	25
325	5	1461	29
326	5	469	25
326	5	678	29
327	5	1095	25
327	5	1304	29
328	5	887	25
328	5	1826	29
329	5	1461	25
329	5	1722	29
330	5	782	25
330	5	1095	29
331	5	521	25
331	5	782	29
332	5	626	25
332	5	887	29
333	5	469	25
333	5	782	29
334	5	1252	25
334	5	1461	29
335	5	469	25
335	5	678	29
336	5	574	25
336	5	991	29
337	5	939	25
337	5	1617	29
338	5	1513	25
338	5	2035	29
339	5	521	25
339	5	834	29
340	5	1148	25
340	5	1356	29
341	5	1148	25
341	5	1408	29
342	5	521	25
342	5	782	29
342	5	2087	27
343	5	469	25
343	5	678	29
344	5	1982	25
344	5	2295	29
345	5	626	25
345	5	991	29
346	5	626	25
346	5	887	29
346	5	2035	27
346	5	2295	28
347	5	678	25
347	5	834	29
348	5	574	25
348	5	834	29
349	5	521	25
349	5	887	29
350	5	2035	25
351	5	626	25
351	5	939	29
352	5	678	25
352	5	991	29
353	5	521	25
353	5	782	29
354	5	469	25
354	5	730	29
354	5	1722	27
355	5	574	25
355	5	834	29
356	5	887	25
356	5	1200	29
357	5	626	25
357	5	939	29
358	5	991	25
358	5	1200	29
360	5	730	25
360	5	1826	29
361	5	626	25
361	5	991	29
362	5	1982	25
364	5	521	25
364	5	730	29
365	5	1722	25
365	5	2139	29
366	5	782	25
366	5	1148	29
367	5	574	25
367	5	887	29
368	5	469	25
368	5	678	29
368	5	1878	27
368	5	2139	28
369	5	574	25
369	5	887	29
370	5	939	25
371	5	521	25
371	5	887	29
372	5	887	25
372	5	1252	29
373	5	1356	25
374	5	1461	25
374	5	1774	29
375	5	1304	25
375	5	1461	29
376	5	626	25
376	5	991	29
377	5	1252	25
377	5	1565	29
378	5	1043	25
378	5	1461	29
379	5	730	25
379	5	1043	29
380	5	678	25
380	5	1826	29
381	5	678	25
381	5	1304	29
382	5	521	25
382	5	782	29
383	5	1408	25
383	5	1982	29
384	5	574	25
384	5	887	29
385	5	730	25
385	5	1095	29
386	5	626	25
386	5	939	29
387	5	574	25
387	5	834	29
388	5	2087	25
388	5	2295	29
389	5	521	25
389	5	782	29
390	5	469	25
390	5	730	29
391	5	574	25
391	5	782	29
391	5	2243	27
392	5	1095	25
392	5	1878	29
393	5	469	25
393	5	678	29
394	5	678	25
394	5	991	29
395	5	678	25
395	5	1043	29
396	5	469	25
396	5	730	29
396	5	1669	27
397	5	1200	25
397	5	1408	29
398	5	626	25
398	5	1043	29
399	5	469	25
399	5	782	29
400	5	626	25
400	5	991	29
401	5	2191	25
402	5	678	25
402	5	991	29
403	5	1930	25
403	5	2243	29
404	5	834	25
404	5	1304	29
405	5	1095	25
405	5	1513	29
406	5	574	25
406	5	834	29
407	5	1095	25
407	5	1304	29
409	5	1148	25
409	5	1669	29
410	5	1043	25
410	5	1722	29
411	5	521	25
411	5	730	29
411	5	1982	27
412	5	469	25
412	5	782	29
412	5	1722	27
412	5	1982	28
412	5	2243	30
413	5	469	25
413	5	730	29
413	5	1722	27
413	5	2087	28
414	5	626	25
414	5	1043	29
414	5	2191	27
415	5	574	25
415	5	887	29
416	5	1513	25
416	5	1930	29
417	5	574	25
417	5	939	29
418	5	626	25
418	5	887	29
419	5	574	25
419	5	834	29
420	5	887	25
420	5	1252	29
421	5	1930	25
421	5	2139	29
422	5	939	25
422	5	1878	29
423	5	991	25
423	5	1200	29
424	5	521	25
424	5	730	29
424	5	1878	27
424	5	2139	28
425	5	626	25
425	5	1043	29
426	5	1043	25
426	5	1200	29
427	5	2035	25
427	5	2295	29
428	5	521	25
428	5	730	29
429	5	678	25
429	5	991	29
430	5	574	25
430	5	834	29
431	5	469	25
431	5	678	29
432	5	574	25
432	5	887	29
432	5	2139	27
433	5	678	25
433	5	1200	29
434	5	521	25
434	5	834	29
434	5	1930	27
434	5	2191	28
435	5	469	25
435	5	730	29
436	5	469	25
436	5	782	29
436	5	2087	27
437	5	521	25
437	5	782	29
438	5	730	25
438	5	1095	29
439	5	991	25
439	5	1617	29
440	5	730	25
440	5	991	29
441	5	2191	25
442	5	678	25
442	5	1148	29
443	5	782	25
444	5	1669	25
445	5	521	25
445	5	782	29
446	5	834	25
446	5	1826	29
447	5	1617	25
447	5	1826	29
448	5	1148	25
449	5	2087	25
450	5	2295	25
451	5	782	25
451	5	1095	29
451	5	2139	27
452	5	574	25
452	5	887	29
453	5	469	25
453	5	782	29
453	5	1774	27
454	5	1356	25
454	5	1722	29
455	5	1095	25
455	5	1356	29
456	5	1304	25
456	5	1513	29
457	5	730	25
457	5	1200	29
458	5	1930	25
459	5	1878	25
459	5	2087	29
460	5	521	25
460	5	834	29
461	5	521	25
461	5	782	29
462	5	626	25
462	5	1095	29
463	5	574	25
463	5	939	29
463	5	2087	27
464	5	991	25
464	5	1200	29
465	5	521	25
465	5	782	29
466	5	469	25
466	5	782	29
467	5	521	25
467	5	678	29
468	5	469	25
468	5	730	29
469	5	469	25
469	5	730	29
469	5	2191	27
470	5	1617	25
470	5	2243	29
471	5	1148	25
471	5	1774	29
472	5	521	25
472	5	887	29
473	5	730	25
473	5	1095	29
474	5	521	25
474	5	782	29
475	5	991	25
475	5	1774	29
476	5	1356	25
476	5	1982	29
478	5	730	25
478	5	1304	29
480	5	782	25
480	5	1461	29
481	5	574	25
481	5	991	29
481	5	1982	27
481	5	2243	28
482	5	626	25
482	5	939	29
483	5	1774	25
484	5	2035	25
484	5	2191	29
485	5	1200	25
485	5	1617	29
486	5	1252	25
486	5	1513	29
487	5	469	25
487	5	782	29
488	5	1252	25
488	5	1513	29
489	5	469	25
489	5	730	29
489	5	2139	27
490	5	834	25
490	5	1148	29
490	5	2191	27
491	5	678	25
491	5	939	29
492	5	991	25
492	5	1200	29
493	5	782	25
494	5	521	25
494	5	939	29
495	5	887	25
495	5	1200	29
496	5	678	25
496	5	1095	29
496	5	2295	27
497	5	521	25
497	5	678	29
498	5	626	25
498	5	1043	29
499	5	626	25
499	5	991	29
500	5	469	25
500	5	782	29
500	5	1774	27
501	5	1304	25
501	5	1565	29
502	5	834	25
502	5	1148	29
503	5	469	25
503	5	730	29
503	5	1722	27
503	5	1982	28
503	5	2243	30
505	5	1304	25
505	5	1617	29
506	5	1095	25
506	5	1356	29
507	5	1669	25
507	5	2139	29
508	5	521	25
508	5	834	29
508	5	1930	27
508	5	2191	28
510	5	1982	25
510	5	2139	29
512	5	991	25
512	5	1148	29
512	5	2295	27
513	5	991	25
513	5	1200	29
514	5	574	25
514	5	887	29
515	5	469	25
515	5	730	29
515	5	2295	27
516	5	1356	25
516	5	1513	29
517	5	1304	25
517	5	1461	29
518	5	991	25
518	5	1304	29
519	5	574	25
519	5	834	29
520	5	626	25
520	5	991	29
521	5	521	25
521	5	782	29
522	5	782	25
522	5	1095	29
523	5	521	25
523	5	782	29
524	5	2139	25
525	5	626	25
525	5	1043	29
525	5	2087	27
526	5	1930	25
526	5	2139	29
527	5	469	25
527	5	730	29
528	5	469	25
528	5	730	29
529	5	469	25
529	5	730	29
529	5	1722	27
529	5	1982	28
530	5	1252	25
530	5	1461	29
531	5	1043	25
531	5	1252	29
532	5	991	25
532	5	1356	29
533	5	2035	25
533	5	2243	29
534	5	469	25
534	5	678	29
534	5	2139	27
535	5	1669	25
536	5	1304	25
536	5	1565	29
537	5	626	25
537	5	1095	29
538	5	469	25
538	5	782	29
539	5	469	25
539	5	678	29
540	5	1930	25
540	5	2139	29
541	5	574	25
541	5	782	29
542	5	991	25
542	5	1252	29
543	5	1095	25
543	5	1304	29
544	5	626	25
544	5	939	29
544	5	2035	27
544	5	2295	28
545	5	834	25
545	5	2243	29
546	5	1200	25
546	5	1461	29
547	5	626	25
547	5	991	29
547	5	2087	27
548	5	1408	25
548	5	1774	29
549	5	1304	25
549	5	1513	29
550	5	469	25
550	5	730	29
550	5	1774	27
550	5	2035	28
551	5	521	25
551	5	678	29
551	5	1982	27
552	5	1356	25
552	5	1617	29
553	5	782	25
553	5	1200	29
554	5	469	25
554	5	626	29
555	5	469	25
555	5	730	29
555	5	1722	27
555	5	1982	28
555	5	2243	30
556	5	834	25
556	5	1200	29
557	5	1774	25
557	5	2139	29
558	5	521	25
558	5	730	29
559	5	991	25
559	5	1304	29
560	5	1408	25
560	5	1878	29
561	5	887	25
561	5	1461	29
562	5	991	25
562	5	1252	29
563	5	730	25
563	5	1148	29
564	5	1356	25
564	5	1669	29
565	5	521	25
565	5	834	29
565	5	1930	27
565	5	2191	28
566	5	521	25
566	5	939	29
567	5	782	25
567	5	1200	29
568	5	469	25
568	5	730	29
569	5	991	25
569	5	1200	29
570	5	1304	25
570	5	1513	29
571	5	521	25
571	5	730	29
572	5	1461	25
572	5	1826	29
574	5	678	25
575	5	469	25
575	5	678	29
575	5	1722	27
575	5	2191	28
576	5	1148	25
576	5	1461	29
577	5	469	25
577	5	834	29
578	5	1043	25
578	5	1513	29
579	5	834	25
580	5	2139	25
581	5	1043	25
581	5	1304	29
582	5	782	25
582	5	1148	29
583	5	469	25
583	5	730	29
583	5	1722	27
584	5	521	25
584	5	834	29
585	5	469	25
585	5	678	29
585	5	1669	27
585	5	2087	28
586	5	730	25
586	5	1095	29
587	5	469	25
587	5	730	29
587	5	1982	27
588	5	574	25
588	5	939	29
589	5	574	25
589	5	887	29
590	5	521	25
590	5	782	29
591	5	1565	25
591	5	1826	29
593	5	678	25
593	5	1252	29
594	5	834	25
594	5	1356	29
595	5	521	25
595	5	834	29
595	5	1878	27
595	5	2139	28
596	5	782	25
596	5	1043	29
597	5	730	25
597	5	1304	29
598	5	469	25
598	5	730	29
599	5	469	25
599	5	730	29
600	5	1722	25
600	5	1930	29
601	5	574	25
601	5	887	29
602	5	1304	25
602	5	1722	29
603	5	834	25
604	5	887	25
604	5	1200	29
605	5	1095	25
605	5	1513	29
606	5	730	25
606	5	1043	29
607	5	521	25
607	5	730	29
608	5	574	25
608	5	939	29
610	5	2243	25
611	5	782	25
611	5	1200	29
612	5	1095	25
612	5	1304	29
613	5	1356	25
613	5	1722	29
614	5	1148	25
614	5	1356	29
615	5	939	25
615	5	1252	29
616	5	1043	25
616	5	1252	29
617	5	1930	25
617	5	2191	29
618	5	2035	25
619	5	1043	25
619	5	1565	29
620	5	521	25
620	5	834	29
621	5	991	25
621	5	1200	29
622	5	469	25
622	5	678	29
623	5	1148	25
623	5	1617	29
624	5	574	25
624	5	834	29
625	5	1095	25
625	5	1356	29
626	5	574	25
626	5	939	29
627	5	626	25
627	5	939	29
628	5	678	25
628	5	1095	29
629	5	939	25
629	5	1617	29
630	5	834	25
630	5	1200	29
631	5	730	25
631	5	1095	29
631	5	2191	27
632	5	469	25
632	5	730	29
632	5	2295	27
633	5	1565	25
633	5	1930	29
634	5	1200	25
634	5	1356	29
635	5	1408	25
635	5	1565	29
636	5	2191	25
637	5	1356	25
638	5	1826	25
638	5	2087	29
639	5	521	25
639	5	782	29
639	5	2191	27
640	5	834	25
640	5	2087	29
641	5	626	25
641	5	1043	29
642	5	1148	25
642	5	1513	29
644	5	574	25
644	5	887	29
645	5	782	25
645	5	1200	29
646	5	521	25
646	5	782	29
647	5	1513	25
648	5	834	25
648	5	1148	29
649	5	574	25
649	5	887	29
650	5	1513	25
650	5	1826	29
651	5	626	25
651	5	887	29
652	5	626	25
652	5	1043	29
653	5	626	25
653	5	991	29
654	5	939	25
654	5	1461	29
655	5	782	25
655	5	1095	29
656	5	678	25
656	5	1095	29
657	5	574	25
657	5	939	29
658	5	574	25
658	5	887	29
658	5	2139	27
659	5	1148	25
659	5	1356	29
660	5	887	25
660	5	1930	29
661	5	521	25
661	5	887	29
662	5	730	25
662	5	1095	29
663	5	1043	25
663	5	1304	29
664	5	574	25
664	5	887	29
664	5	2087	27
665	5	521	25
665	5	834	29
666	5	469	25
666	5	782	29
667	5	521	25
667	5	782	29
668	5	991	25
668	5	1304	29
669	5	887	25
669	5	1200	29
670	5	939	25
670	5	1304	29
671	5	1408	25
672	5	939	25
672	5	1304	29
673	5	834	25
673	5	1304	29
674	5	782	25
674	5	1200	29
675	5	1043	25
675	5	1200	29
676	5	521	25
676	5	834	29
676	5	2139	27
677	5	939	25
677	5	1200	29
678	5	574	25
678	5	730	29
679	5	1200	25
679	5	1617	29
680	5	991	25
680	5	1252	29
681	5	991	25
681	5	1565	29
682	5	626	25
682	5	887	29
683	5	1252	25
683	5	1565	29
684	5	1043	25
684	5	1252	29
685	5	626	25
685	5	1252	29
686	5	574	25
686	5	887	29
687	5	1408	25
687	5	1722	29
688	5	1200	25
688	5	1461	29
689	5	1148	25
689	5	1408	29
690	5	678	25
690	5	1304	29
691	5	574	25
691	5	887	29
691	5	2035	27
691	5	2295	28
692	5	626	25
692	5	1043	29
693	5	678	25
693	5	1043	29
694	5	626	25
694	5	939	29
695	5	469	25
695	5	730	29
696	5	991	25
696	5	1617	29
697	5	521	25
697	5	782	29
698	5	1513	25
698	5	1826	29
699	5	730	25
699	5	1252	29
700	5	626	25
700	5	1043	29
701	5	991	25
701	5	1200	29
702	5	730	25
702	5	1200	29
703	5	521	25
703	5	834	29
704	5	2035	25
705	5	991	25
705	5	1356	29
706	5	521	25
706	5	678	29
707	5	574	25
707	5	834	29
708	5	1095	25
708	5	1304	29
709	5	574	25
709	5	887	29
709	5	2243	27
710	5	574	25
710	5	939	29
711	5	1043	25
711	5	1304	29
712	5	887	25
712	5	1200	29
714	5	469	25
714	5	730	29
715	5	834	25
715	5	1148	29
716	5	469	25
716	5	626	29
717	5	1043	25
717	5	1252	29
717	5	2295	27
718	5	521	25
718	5	834	29
719	5	939	25
719	5	1461	29
720	5	1982	25
721	5	782	25
721	5	1148	29
722	5	469	25
722	5	730	29
722	5	1722	27
723	5	782	25
723	5	1095	29
724	5	782	25
724	5	2035	29
725	5	626	25
725	5	834	29
726	5	730	25
726	5	1148	29
727	5	1252	25
727	5	1669	29
728	5	1826	25
728	5	2035	29
729	5	574	25
729	5	834	29
730	5	730	25
730	5	1148	29
731	5	469	25
731	5	730	29
732	5	626	25
732	5	887	29
733	5	574	25
733	5	834	29
734	5	469	25
734	5	730	29
735	5	1982	25
735	5	2243	29
736	5	1043	25
736	5	1461	29
737	5	574	25
737	5	782	29
737	5	2139	27
738	5	626	25
738	5	887	29
738	5	1982	27
738	5	2243	28
739	5	1095	25
739	5	1304	29
741	5	626	25
741	5	939	29
742	5	469	25
742	5	730	29
742	5	1982	27
742	5	2243	28
743	5	521	25
743	5	678	29
744	5	1148	25
744	5	1356	29
745	5	1148	25
745	5	1930	29
746	5	1304	25
746	5	1513	29
747	5	730	25
747	5	1148	29
748	5	2035	25
748	5	2295	29
749	5	1408	25
749	5	2087	29
750	5	626	25
750	5	991	29
751	5	1356	25
752	5	939	25
752	5	1200	29
753	5	521	25
753	5	782	29
753	5	2035	27
753	5	2295	28
754	5	521	25
754	5	782	29
755	5	521	25
755	5	782	29
756	5	521	25
756	5	834	29
756	5	1982	27
756	5	2243	28
757	5	1617	25
757	5	1982	29
758	5	469	25
758	5	678	29
759	5	1356	25
759	5	1669	29
760	5	730	25
760	5	1095	29
761	5	782	25
761	5	1095	29
762	5	626	25
762	5	1095	29
763	5	1200	25
763	5	1461	29
764	5	678	25
765	5	521	25
765	5	782	29
766	5	574	25
766	5	887	29
767	5	1148	25
767	5	1356	29
768	5	1461	25
768	5	1878	29
769	5	834	25
769	5	1930	29
770	5	1982	25
770	5	2295	29
771	5	1148	25
771	5	1461	29
772	5	887	25
772	5	1826	29
773	5	1408	25
773	5	1669	29
774	5	521	25
774	5	782	29
775	5	1252	25
775	5	1878	29
776	5	469	25
776	5	678	29
776	5	2035	27
776	5	2295	28
777	5	2035	25
777	5	2295	29
778	5	574	25
778	5	939	29
779	5	1930	25
779	5	2191	29
780	5	626	25
780	5	1148	29
781	5	626	25
781	5	939	29
782	5	678	25
782	5	991	29
783	5	1461	25
783	5	1774	29
784	5	521	25
784	5	834	29
785	5	626	25
785	5	991	29
786	5	782	25
786	5	1722	29
787	5	1356	25
787	5	1722	29
788	5	574	25
788	5	834	29
789	5	1095	25
789	5	1252	29
790	5	887	25
790	5	1200	29
791	5	1356	25
791	5	1722	29
792	5	574	25
792	5	887	29
793	5	469	25
793	5	782	29
794	5	521	25
794	5	782	29
795	5	1722	25
795	5	1930	29
796	5	1356	25
796	5	1669	29
797	5	521	25
797	5	834	29
798	5	1043	25
798	5	1356	29
800	5	1304	25
800	5	1617	29
801	5	1356	25
801	5	1617	29
802	5	626	25
802	5	939	29
803	5	626	25
803	5	939	29
804	5	678	25
804	5	1095	29
806	5	1408	25
806	5	1669	29
807	5	469	25
807	5	678	29
807	5	1669	27
807	5	2295	28
808	5	1982	25
808	5	2295	29
809	5	1774	25
809	5	2035	29
810	5	469	25
810	5	782	29
811	5	469	25
811	5	730	29
812	5	521	25
812	5	887	29
812	5	2139	27
813	5	678	25
813	5	1356	29
814	5	678	25
815	5	521	25
815	5	730	29
816	5	1095	25
816	5	1356	29
817	5	2139	25
817	5	2295	29
818	5	678	25
818	5	1043	29
819	5	1461	25
819	5	1826	29
820	5	730	25
820	5	1722	29
821	5	1148	25
821	5	1356	29
822	5	469	25
822	5	730	29
823	5	469	25
823	5	782	29
823	5	1930	27
823	5	2191	28
824	5	1043	25
824	5	1252	29
825	5	991	25
825	5	1200	29
826	5	991	25
826	5	1252	29
827	5	887	25
827	5	1826	29
828	5	1252	25
828	5	1461	29
829	5	1982	25
829	5	2191	29
830	5	1095	25
830	5	1461	29
831	5	574	25
831	5	939	29
831	5	1982	27
831	5	2243	28
832	5	521	25
832	5	887	29
832	5	1878	27
832	5	2139	28
833	5	1200	25
833	5	1408	29
834	5	574	25
834	5	782	29
834	5	2035	27
834	5	2295	28
835	5	678	25
835	5	1043	29
836	5	2087	25
836	5	2295	29
837	5	1200	25
837	5	1565	29
838	5	521	25
838	5	730	29
838	5	2139	27
839	5	1356	25
839	5	1565	29
840	5	469	25
840	5	730	29
840	5	1669	27
841	5	574	25
841	5	834	29
842	5	834	25
842	5	1148	29
843	5	469	25
843	5	730	29
843	5	1826	27
843	5	2087	28
844	5	1200	25
844	5	1669	29
845	5	1252	25
845	5	1461	29
846	5	1408	25
846	5	1669	29
847	5	1200	25
847	5	1408	29
848	5	469	25
848	5	678	29
849	5	1930	25
850	5	521	25
850	5	887	29
850	5	1774	27
851	5	2295	25
852	5	939	25
853	5	1408	25
853	5	1878	29
854	5	1043	25
854	5	1252	29
855	5	626	25
855	5	834	29
856	5	678	25
856	5	1043	29
857	5	1304	25
857	5	1774	29
858	5	730	25
858	5	1043	29
859	5	834	25
860	5	1617	25
860	5	1930	29
861	5	521	25
861	5	834	29
862	5	1565	25
862	5	1878	29
863	5	574	25
863	5	887	29
864	5	521	25
864	5	782	29
864	5	1930	27
864	5	2191	28
865	5	521	25
865	5	730	29
866	5	469	25
866	5	730	29
867	5	782	25
867	5	1200	29
868	5	574	25
868	5	991	29
869	5	991	25
869	5	1200	29
870	5	1095	25
870	5	1356	29
871	5	1095	25
871	5	1304	29
873	5	469	25
873	5	730	29
875	5	574	25
875	5	991	29
876	5	521	25
876	5	782	29
877	5	469	25
877	5	678	29
877	5	1722	27
878	5	1200	25
878	5	1461	29
879	5	678	25
879	5	1095	29
880	5	469	25
880	5	678	29
881	5	991	25
882	5	1252	25
882	5	1408	29
883	5	1774	25
883	5	2087	29
884	5	521	25
884	5	834	29
885	5	521	25
885	5	730	29
886	5	991	25
886	5	1565	29
887	5	678	25
887	5	991	29
888	5	1826	25
888	5	2191	29
889	5	1356	25
889	5	1722	29
890	5	1252	25
890	5	1461	29
891	5	574	25
891	5	887	29
892	5	1513	25
892	5	1826	29
893	5	574	25
893	5	887	29
894	5	626	25
894	5	991	29
895	5	678	25
895	5	1252	29
896	5	574	25
896	5	678	29
897	5	574	25
897	5	782	29
898	5	521	25
898	5	834	29
899	5	521	25
899	5	782	29
899	5	2243	27
900	5	991	25
900	5	1408	29
901	5	469	25
901	5	730	29
902	5	887	25
902	5	1200	29
903	5	574	25
903	5	834	29
903	5	2087	27
905	5	1148	25
905	5	1513	29
906	5	521	25
906	5	782	29
907	5	2035	25
907	5	2295	29
908	5	521	25
908	5	782	29
909	5	1930	25
909	5	2139	29
910	5	1095	25
910	5	1304	29
911	5	939	25
911	5	2139	29
912	5	574	25
912	5	887	29
913	5	1304	25
913	5	1461	29
914	5	834	25
914	5	1200	29
915	5	1252	25
915	5	1513	29
916	5	574	25
916	5	782	29
917	5	730	25
917	5	1461	29
918	5	1200	25
918	5	1461	29
919	5	1304	25
919	5	1774	29
920	5	834	25
920	5	1669	29
921	5	782	25
922	5	678	25
922	5	1200	29
923	5	1252	25
923	5	1513	29
924	5	574	25
924	5	887	29
925	5	521	25
925	5	834	29
926	5	626	25
926	5	991	29
926	5	2191	27
927	5	887	25
927	5	1148	29
929	5	574	25
929	5	834	29
931	5	521	25
931	5	834	29
931	5	1774	27
931	5	2295	28
932	5	1095	25
932	5	1356	29
933	5	1252	25
933	5	1408	29
934	5	1043	25
934	5	1304	29
935	5	574	25
935	5	834	29
936	5	834	25
936	5	1200	29
937	5	887	25
937	5	1878	29
938	5	991	25
938	5	1408	29
939	5	1252	25
939	5	1722	29
940	5	678	25
940	5	1095	29
940	5	2191	27
941	5	469	25
941	5	730	29
941	5	2139	27
942	5	521	25
942	5	730	29
942	5	2191	27
943	5	782	25
944	5	730	25
944	5	1148	29
945	5	1461	25
946	5	782	25
946	5	1304	29
947	5	521	25
947	5	782	29
947	5	1774	27
947	5	2035	28
948	5	521	25
948	5	782	29
949	5	469	25
949	5	730	29
949	5	1774	27
950	5	469	25
950	5	730	29
952	5	2191	25
953	5	521	25
953	5	887	29
954	5	469	25
954	5	782	29
956	5	782	25
956	5	1982	29
957	5	1513	25
958	5	1148	25
958	5	1774	29
960	5	678	25
960	5	991	29
961	5	626	25
961	5	991	29
962	5	1982	25
962	5	2191	29
963	5	574	25
963	5	887	29
964	5	521	25
964	5	887	29
964	5	1982	27
964	5	2243	28
965	5	939	25
965	5	1252	29
966	5	521	25
966	5	730	29
967	5	1408	25
968	5	678	25
968	5	887	29
969	5	730	25
969	5	991	29
971	5	574	25
971	5	939	29
972	5	469	25
972	5	678	29
972	5	1774	27
972	5	2087	28
973	5	678	25
973	5	1408	29
974	5	626	25
974	5	991	29
975	5	1304	25
975	5	1617	29
976	5	678	25
976	5	1043	29
976	5	2243	27
977	5	1826	25
977	5	2295	29
978	5	521	25
978	5	834	29
979	5	1304	25
979	5	1513	29
980	5	1774	25
980	5	2035	29
981	5	939	25
981	5	1252	29
982	5	574	25
982	5	939	29
983	5	521	25
983	5	730	29
984	5	991	25
984	5	1304	29
985	5	1148	25
985	5	1356	29
986	5	2295	25
987	5	1200	25
987	5	1774	29
988	5	626	25
988	5	991	29
989	5	469	25
989	5	730	29
990	5	1774	25
990	5	1878	29
992	5	1930	25
993	5	887	25
994	5	1982	25
995	5	469	25
995	5	730	29
996	5	1200	25
996	5	1565	29
998	5	626	25
998	5	1043	29
998	5	1982	27
998	5	2243	28
999	5	1408	25
999	5	1774	29
