Realization	utility	week	infra.
0	0	1565	29
3	0	2295	15
4	0	1669	15
4	0	1826	29
4	0	2243	30
6	0	2295	15
7	0	2295	29
8	0	1774	15
8	0	1982	29
14	0	1826	29
16	0	1982	29
18	0	469	29
20	0	2087	15
20	0	2139	29
21	0	469	29
23	0	2035	29
24	0	1826	15
24	0	2035	29
26	0	2295	29
27	0	2087	29
28	0	2035	29
32	0	2295	29
34	0	2243	29
35	0	2087	29
36	0	2087	29
39	0	2295	29
40	0	1565	15
40	0	1669	29
41	0	2087	15
41	0	2191	29
42	0	2087	29
43	0	2035	29
45	0	2087	29
49	0	1982	29
53	0	1774	15
53	0	1878	29
57	0	1513	15
57	0	1669	29
58	0	1669	15
58	0	1930	29
59	0	1930	29
62	0	1669	15
62	0	1982	29
63	0	2139	29
67	0	2087	29
69	0	2243	29
75	0	2243	29
87	0	469	29
88	0	2087	29
89	0	2295	29
92	0	2243	29
102	0	2243	15
104	0	1982	29
106	0	1774	15
106	0	1982	29
107	0	1878	29
110	0	1878	29
113	0	1878	29
122	0	1826	29
124	0	2139	29
125	0	1617	15
125	0	1930	29
126	0	1774	29
127	0	1461	15
127	0	1878	29
128	0	1722	15
128	0	1774	29
131	0	1774	15
131	0	1982	29
133	0	2295	29
134	0	2139	15
135	0	2087	29
136	0	1356	17
136	0	1565	29
137	0	1669	15
137	0	2243	29
138	0	1617	29
139	0	1461	15
139	0	1774	29
139	0	2139	30
141	0	1513	15
141	0	1722	29
146	0	2139	29
147	0	2191	29
149	0	1774	29
150	0	2139	29
152	0	1617	15
152	0	1982	29
154	0	1774	15
154	0	1826	29
155	0	1878	29
156	0	1878	29
158	0	2035	29
159	0	1617	29
160	0	2191	29
162	0	2243	29
165	0	1774	15
165	0	1878	29
170	0	1669	29
172	0	2243	29
174	0	2295	29
175	0	2087	29
179	0	2035	29
183	0	2035	29
185	0	1774	15
185	0	1930	29
187	0	2243	29
189	0	2035	15
189	0	2087	29
192	0	2035	29
193	0	2191	15
196	0	1461	15
196	0	1617	29
196	0	2087	30
198	0	2035	29
199	0	1878	29
202	0	2295	29
203	0	2243	29
204	0	2087	29
206	0	1408	15
206	0	1565	29
206	0	1930	30
207	0	2035	29
208	0	2139	29
218	0	2139	29
221	0	2295	29
225	0	1617	15
225	0	1722	29
226	0	1722	15
226	0	1878	29
228	0	1826	29
229	0	2191	29
232	0	1826	29
240	0	1878	29
241	0	2087	29
242	0	2035	29
243	0	1565	29
244	0	469	29
248	0	2243	29
250	0	1722	29
256	0	1774	29
258	0	2295	29
262	0	2139	29
266	0	2295	29
268	0	2191	29
269	0	1930	29
271	0	1930	15
271	0	2035	29
272	0	1617	15
272	0	1774	29
272	0	2139	30
284	0	1408	15
284	0	1669	29
285	0	2243	29
286	0	1878	29
293	0	1565	29
296	0	2087	29
301	0	1982	29
302	0	2139	29
303	0	1304	17
303	0	1617	29
306	0	1774	29
309	0	1565	15
309	0	1617	29
309	0	2295	30
310	0	1722	15
310	0	1878	29
310	0	2295	30
315	0	2139	29
327	0	2295	29
330	0	2087	29
332	0	1356	17
332	0	1982	29
333	0	2087	29
335	0	2035	29
336	0	2295	29
342	0	1565	15
342	0	1722	29
343	0	1565	29
345	0	1982	29
346	0	1774	15
346	0	1878	29
348	0	2087	29
349	0	1669	15
349	0	1722	29
352	0	2139	29
353	0	2295	29
354	0	1565	15
354	0	1669	29
361	0	2295	29
366	0	2243	29
368	0	1565	29
369	0	1930	29
379	0	2191	29
384	0	2295	29
387	0	1774	15
387	0	1930	29
390	0	1565	29
391	0	2035	29
393	0	1878	29
396	0	1461	15
396	0	1669	29
399	0	1982	29
402	0	2139	29
406	0	2035	29
407	0	2295	29
411	0	469	29
412	0	1617	15
412	0	1669	29
412	0	2087	30
413	0	1513	15
413	0	1617	29
414	0	1930	15
414	0	2087	29
415	0	2087	29
418	0	1774	15
418	0	1878	29
419	0	1513	15
419	0	1930	29
423	0	2243	29
424	0	1669	15
424	0	1774	29
424	0	2191	30
426	0	2087	15
426	0	2243	29
429	0	2087	29
430	0	2295	29
431	0	1774	29
432	0	1722	15
432	0	1878	29
433	0	2295	29
434	0	1669	15
434	0	1826	29
434	0	2243	30
435	0	1826	29
436	0	1722	29
438	0	2087	29
445	0	2191	15
445	0	2295	29
451	0	1982	15
451	0	2087	29
453	0	1617	15
453	0	1669	29
461	0	1930	29
463	0	1669	15
463	0	1878	29
464	0	2295	29
466	0	1930	29
469	0	1565	29
473	0	1878	15
474	0	1774	29
481	0	1722	15
481	0	1878	29
489	0	1565	15
489	0	1617	29
490	0	1930	15
490	0	2087	29
492	0	2139	15
492	0	2295	29
495	0	2087	29
496	0	2035	15
496	0	2087	29
500	0	1565	15
500	0	1669	29
503	0	1461	15
503	0	1617	29
503	0	2191	30
508	0	1669	15
508	0	1774	29
508	0	2295	30
512	0	2087	15
512	0	2191	29
514	0	2295	29
515	0	1878	29
519	0	1982	29
521	0	1774	29
522	0	2035	15
522	0	2087	29
523	0	2139	29
525	0	1722	15
525	0	1878	29
528	0	1930	29
529	0	1513	15
529	0	1669	29
531	0	2243	29
534	0	1722	29
537	0	2139	29
538	0	1878	29
543	0	2295	29
544	0	1722	15
544	0	1930	29
547	0	1930	15
547	0	1982	29
550	0	1513	15
550	0	1669	29
551	0	1669	15
551	0	1774	29
554	0	1617	29
555	0	1461	15
555	0	1669	29
555	0	2191	30
556	0	2087	29
558	0	469	29
559	0	2295	29
562	0	2295	29
563	0	2035	29
565	0	1722	15
565	0	1826	29
565	0	2243	30
568	0	1774	29
571	0	2243	29
575	0	1513	15
575	0	1617	29
577	0	1878	29
581	0	2243	15
581	0	2295	29
583	0	1513	15
583	0	1669	29
585	0	1356	17
585	0	1617	29
586	0	2035	29
587	0	1565	15
587	0	1617	29
588	0	2243	29
589	0	2035	29
590	0	2035	29
595	0	1669	15
595	0	1774	29
596	0	2139	29
598	0	2243	29
599	0	2243	15
604	0	2243	15
606	0	2139	29
607	0	1982	29
608	0	2087	29
621	0	2191	29
625	0	2295	29
626	0	1982	29
627	0	2139	29
628	0	2295	29
631	0	1930	15
631	0	2087	29
632	0	1565	29
639	0	1774	15
639	0	1826	29
645	0	2139	29
646	0	1826	29
649	0	2139	29
652	0	2243	29
653	0	2243	29
656	0	2243	29
658	0	1774	15
658	0	1930	29
661	0	2087	29
662	0	2191	29
664	0	1565	15
664	0	1930	29
665	0	2139	29
674	0	2191	29
675	0	2243	29
676	0	1774	29
677	0	2087	29
680	0	2191	29
682	0	2295	15
684	0	2191	29
691	0	1826	15
691	0	1878	29
692	0	1774	15
692	0	1930	29
693	0	2087	29
694	0	2191	29
695	0	2243	15
697	0	2035	29
699	0	2295	29
701	0	2191	29
703	0	1930	29
708	0	2295	29
709	0	1982	29
710	0	1774	15
710	0	1878	29
711	0	2243	15
714	0	2295	29
716	0	1617	29
717	0	2087	15
717	0	2191	29
718	0	1878	29
721	0	2243	29
722	0	1513	15
722	0	1617	29
725	0	2035	29
726	0	2035	29
733	0	1982	29
734	0	2087	29
737	0	1930	15
737	0	1982	29
738	0	1826	15
738	0	1930	29
742	0	1408	15
742	0	1722	29
742	0	2295	30
752	0	2087	15
752	0	2243	29
753	0	1878	29
754	0	1930	29
756	0	1669	15
756	0	1826	29
758	0	1565	29
762	0	2295	29
774	0	1774	29
776	0	1722	29
781	0	2087	29
789	0	2087	15
789	0	2295	29
793	0	2139	29
798	0	2295	15
802	0	2243	29
803	0	2087	29
807	0	1461	15
807	0	1617	29
810	0	1878	29
812	0	1878	29
815	0	469	29
822	0	2087	15
822	0	2243	29
823	0	1669	29
824	0	2243	29
825	0	2243	29
826	0	2295	29
831	0	1722	15
831	0	1878	29
832	0	1669	15
832	0	1826	29
834	0	1826	15
834	0	1878	29
838	0	469	29
840	0	469	29
842	0	2295	29
843	0	1669	15
843	0	1722	29
843	0	2191	30
848	0	1617	29
850	0	1617	15
850	0	1774	29
854	0	2243	29
858	0	2191	29
863	0	1878	29
864	0	1722	15
864	0	1774	29
866	0	2139	29
869	0	2191	29
873	0	1669	15
873	0	1722	29
875	0	2243	29
877	0	1565	15
877	0	1617	29
880	0	1878	29
885	0	1669	15
885	0	1722	29
897	0	1982	29
898	0	1722	15
898	0	1826	29
899	0	1774	15
899	0	1826	29
902	0	2087	29
903	0	1930	15
903	0	1982	29
908	0	2087	29
914	0	2139	29
916	0	1774	15
916	0	1878	29
924	0	1617	15
924	0	1826	29
926	0	2035	29
927	0	2295	29
929	0	2087	29
931	0	1617	15
931	0	1722	29
940	0	1826	15
940	0	2035	29
941	0	1774	29
942	0	1722	15
942	0	1774	29
946	0	2243	15
947	0	1408	15
947	0	1774	29
948	0	2139	29
949	0	469	29
950	0	1930	29
953	0	1878	29
954	0	1826	29
960	0	2243	29
961	0	2243	29
964	0	1722	15
964	0	1826	29
966	0	2243	15
969	0	2087	15
969	0	2191	29
971	0	2087	29
972	0	1565	15
972	0	1669	29
976	0	2035	29
978	0	1930	29
981	0	2139	29
985	0	2295	29
995	0	1982	29
998	0	1722	15
998	0	1930	29
0	1	1565	29
4	1	1826	29
4	1	2243	30
7	1	2295	29
8	1	1982	29
14	1	1826	29
16	1	1982	29
18	1	469	29
20	1	2139	29
21	1	469	29
23	1	2035	29
24	1	2035	29
26	1	2295	29
27	1	2087	29
28	1	2035	29
32	1	2295	29
34	1	2243	29
35	1	2087	29
36	1	2087	29
39	1	2295	29
40	1	1669	29
41	1	2191	29
42	1	2087	29
43	1	2035	29
45	1	2087	29
49	1	1982	29
53	1	1878	29
57	1	1669	29
58	1	1930	29
59	1	1930	29
62	1	1982	29
63	1	2139	29
67	1	2087	29
69	1	2243	29
75	1	2243	29
87	1	469	29
88	1	2087	29
89	1	2295	29
92	1	2243	29
104	1	1982	29
106	1	1982	29
107	1	1878	29
110	1	1878	29
113	1	1878	29
122	1	1826	29
124	1	2139	29
125	1	1930	29
126	1	1774	29
127	1	1878	29
128	1	1774	29
131	1	1982	29
133	1	2295	29
135	1	2087	29
136	1	1565	29
137	1	2243	29
138	1	1617	29
139	1	1774	29
139	1	2139	30
141	1	1722	29
146	1	2139	29
147	1	2191	29
149	1	1774	29
150	1	2139	29
152	1	1982	29
154	1	1826	29
155	1	1878	29
156	1	1878	29
158	1	2035	29
159	1	1617	29
160	1	2191	29
162	1	2243	29
165	1	1878	29
170	1	1669	29
172	1	2243	29
174	1	2295	29
175	1	2087	29
179	1	2035	29
183	1	2035	29
185	1	1930	29
187	1	2243	29
189	1	2087	29
192	1	2035	29
196	1	1617	29
196	1	2087	30
198	1	2035	29
199	1	1878	29
202	1	2295	29
203	1	2243	29
204	1	2087	29
206	1	1565	29
206	1	1930	30
207	1	2035	29
208	1	2139	29
218	1	2139	29
221	1	2295	29
225	1	1722	29
226	1	1878	29
228	1	1826	29
229	1	2191	29
232	1	1826	29
240	1	1878	29
241	1	2087	29
242	1	2035	29
243	1	1565	29
244	1	469	29
248	1	2243	29
250	1	1722	29
256	1	1774	29
258	1	2295	29
262	1	2139	29
266	1	2295	29
268	1	2191	29
269	1	1930	29
271	1	2035	29
272	1	1774	29
272	1	2139	30
284	1	1669	29
285	1	2243	29
286	1	1878	29
293	1	1565	29
296	1	2087	29
301	1	1982	29
302	1	2139	29
303	1	1617	29
306	1	1774	29
309	1	1617	29
309	1	2295	30
310	1	1878	29
310	1	2295	30
315	1	2139	29
327	1	2295	29
330	1	2087	29
332	1	1982	29
333	1	2087	29
335	1	2035	29
336	1	2295	29
342	1	1722	29
343	1	1565	29
345	1	1982	29
346	1	1878	29
348	1	2087	29
349	1	1722	29
352	1	2139	29
353	1	2295	29
354	1	1669	29
361	1	2295	29
366	1	2243	29
368	1	1565	29
369	1	1930	29
379	1	2191	29
384	1	2295	29
387	1	1930	29
390	1	1565	29
391	1	2035	29
393	1	1878	29
396	1	1669	29
399	1	1982	29
402	1	2139	29
406	1	2035	29
407	1	2295	29
411	1	469	29
412	1	1669	29
412	1	2087	30
413	1	1617	29
414	1	2087	29
415	1	2087	29
418	1	1878	29
419	1	1930	29
423	1	2243	29
424	1	1774	29
424	1	2191	30
426	1	2243	29
429	1	2087	29
430	1	2295	29
431	1	1774	29
432	1	1878	29
433	1	2295	29
434	1	1826	29
434	1	2243	30
435	1	1826	29
436	1	1722	29
438	1	2087	29
445	1	2295	29
451	1	2087	29
453	1	1669	29
461	1	1930	29
463	1	1878	29
464	1	2295	29
466	1	1930	29
469	1	1565	29
474	1	1774	29
481	1	1878	29
489	1	1617	29
490	1	2087	29
492	1	2295	29
495	1	2087	29
496	1	2087	29
500	1	1669	29
503	1	1617	29
503	1	2191	30
508	1	1774	29
508	1	2295	30
512	1	2191	29
514	1	2295	29
515	1	1878	29
519	1	1982	29
521	1	1774	29
522	1	2087	29
523	1	2139	29
525	1	1878	29
528	1	1930	29
529	1	1669	29
531	1	2243	29
534	1	1722	29
537	1	2139	29
538	1	1878	29
543	1	2295	29
544	1	1930	29
547	1	1982	29
550	1	1669	29
551	1	1774	29
554	1	1617	29
555	1	1669	29
555	1	2191	30
556	1	2087	29
558	1	469	29
559	1	2295	29
562	1	2295	29
563	1	2035	29
565	1	1826	29
565	1	2243	30
568	1	1774	29
571	1	2243	29
575	1	1617	29
577	1	1878	29
581	1	2295	29
583	1	1669	29
585	1	1617	29
586	1	2035	29
587	1	1617	29
588	1	2243	29
589	1	2035	29
590	1	2035	29
595	1	1774	29
596	1	2139	29
598	1	2243	29
606	1	2139	29
607	1	1982	29
608	1	2087	29
621	1	2191	29
625	1	2295	29
626	1	1982	29
627	1	2139	29
628	1	2295	29
631	1	2087	29
632	1	1565	29
639	1	1826	29
645	1	2139	29
646	1	1826	29
649	1	2139	29
652	1	2243	29
653	1	2243	29
656	1	2243	29
658	1	1930	29
661	1	2087	29
662	1	2191	29
664	1	1930	29
665	1	2139	29
674	1	2191	29
675	1	2243	29
676	1	1774	29
677	1	2087	29
680	1	2191	29
684	1	2191	29
691	1	1878	29
692	1	1930	29
693	1	2087	29
694	1	2191	29
697	1	2035	29
699	1	2295	29
701	1	2191	29
703	1	1930	29
708	1	2295	29
709	1	1982	29
710	1	1878	29
714	1	2295	29
716	1	1617	29
717	1	2191	29
718	1	1878	29
721	1	2243	29
722	1	1617	29
725	1	2035	29
726	1	2035	29
733	1	1982	29
734	1	2087	29
737	1	1982	29
738	1	1930	29
742	1	1722	29
742	1	2295	30
752	1	2243	29
753	1	1878	29
754	1	1930	29
756	1	1826	29
758	1	1565	29
762	1	2295	29
774	1	1774	29
776	1	1722	29
781	1	2087	29
789	1	2295	29
793	1	2139	29
802	1	2243	29
803	1	2087	29
807	1	1617	29
810	1	1878	29
812	1	1878	29
815	1	469	29
822	1	2243	29
823	1	1669	29
824	1	2243	29
825	1	2243	29
826	1	2295	29
831	1	1878	29
832	1	1826	29
834	1	1878	29
838	1	469	29
840	1	469	29
842	1	2295	29
843	1	1722	29
843	1	2191	30
848	1	1617	29
850	1	1774	29
854	1	2243	29
858	1	2191	29
863	1	1878	29
864	1	1774	29
866	1	2139	29
869	1	2191	29
873	1	1722	29
875	1	2243	29
877	1	1617	29
880	1	1878	29
885	1	1722	29
897	1	1982	29
898	1	1826	29
899	1	1826	29
902	1	2087	29
903	1	1982	29
908	1	2087	29
914	1	2139	29
916	1	1878	29
924	1	1826	29
926	1	2035	29
927	1	2295	29
929	1	2087	29
931	1	1722	29
940	1	2035	29
941	1	1774	29
942	1	1774	29
947	1	1774	29
948	1	2139	29
949	1	469	29
950	1	1930	29
953	1	1878	29
954	1	1826	29
960	1	2243	29
961	1	2243	29
964	1	1826	29
969	1	2191	29
971	1	2087	29
972	1	1669	29
976	1	2035	29
978	1	1930	29
981	1	2139	29
985	1	2295	29
995	1	1982	29
998	1	1930	29
0	2	261	26
1	2	261	26
2	2	261	26
3	2	261	26
4	2	261	26
5	2	261	26
6	2	261	26
7	2	261	26
8	2	261	26
9	2	261	26
10	2	261	26
11	2	261	26
12	2	261	26
13	2	261	26
14	2	261	26
15	2	261	26
16	2	261	26
17	2	261	26
18	2	261	26
19	2	261	26
20	2	261	26
21	2	261	26
22	2	261	26
23	2	261	26
24	2	261	26
25	2	261	26
26	2	261	26
27	2	261	26
28	2	261	26
29	2	261	26
30	2	261	26
31	2	261	26
32	2	261	26
33	2	261	26
34	2	261	26
35	2	261	26
36	2	261	26
37	2	261	26
38	2	261	26
39	2	261	26
40	2	261	26
41	2	261	26
42	2	261	26
43	2	261	26
44	2	261	26
45	2	261	26
46	2	261	26
47	2	261	26
48	2	261	26
49	2	261	26
50	2	261	26
51	2	261	26
52	2	261	26
53	2	261	26
54	2	261	26
55	2	261	26
56	2	261	26
57	2	261	26
58	2	261	26
59	2	261	26
60	2	261	26
61	2	261	26
62	2	261	26
63	2	261	26
64	2	261	26
65	2	261	26
66	2	261	26
67	2	261	26
68	2	261	26
69	2	261	26
70	2	261	26
71	2	261	26
72	2	261	26
73	2	261	26
74	2	261	26
75	2	261	26
76	2	261	26
77	2	261	26
78	2	261	26
79	2	261	26
80	2	261	26
81	2	261	26
82	2	261	26
83	2	261	26
84	2	261	26
85	2	261	26
86	2	261	26
87	2	261	26
88	2	261	26
89	2	261	26
90	2	261	26
91	2	261	26
92	2	261	26
93	2	261	26
94	2	261	26
95	2	261	26
96	2	261	26
97	2	261	26
98	2	261	26
99	2	261	26
100	2	261	26
101	2	261	26
102	2	261	26
103	2	261	26
104	2	261	26
105	2	261	26
106	2	261	26
107	2	261	26
108	2	261	26
109	2	261	26
110	2	261	26
111	2	261	26
112	2	261	26
113	2	261	26
114	2	261	26
115	2	261	26
116	2	261	26
117	2	261	26
118	2	261	26
119	2	261	26
120	2	261	26
121	2	261	26
122	2	261	26
123	2	261	26
124	2	261	26
125	2	261	26
126	2	261	26
127	2	261	26
128	2	261	26
129	2	261	26
130	2	261	26
131	2	261	26
132	2	261	26
133	2	261	26
134	2	261	26
135	2	261	26
136	2	261	26
137	2	261	26
138	2	261	26
139	2	261	26
140	2	261	26
141	2	261	26
142	2	261	26
143	2	261	26
144	2	261	26
145	2	261	26
146	2	261	26
147	2	261	26
148	2	261	26
149	2	261	26
150	2	261	26
151	2	261	26
152	2	261	26
153	2	261	26
154	2	261	26
155	2	261	26
156	2	261	26
157	2	261	26
158	2	261	26
159	2	261	26
160	2	261	26
161	2	261	26
162	2	261	26
163	2	261	26
164	2	261	26
165	2	261	26
166	2	261	26
167	2	261	26
168	2	261	26
169	2	261	26
170	2	261	26
171	2	261	26
172	2	261	26
173	2	261	26
174	2	261	26
175	2	261	26
176	2	261	26
177	2	261	26
178	2	261	26
179	2	261	26
180	2	261	26
181	2	261	26
182	2	261	26
183	2	261	26
184	2	261	26
185	2	261	26
186	2	261	26
187	2	261	26
188	2	261	26
189	2	261	26
190	2	261	26
191	2	261	26
192	2	261	26
193	2	261	26
194	2	261	26
195	2	261	26
196	2	261	26
197	2	261	26
198	2	261	26
199	2	261	26
200	2	261	26
201	2	261	26
202	2	261	26
203	2	261	26
204	2	261	26
205	2	261	26
206	2	261	26
207	2	261	26
208	2	261	26
209	2	261	26
210	2	261	26
211	2	261	26
212	2	261	26
213	2	261	26
214	2	261	26
215	2	261	26
216	2	261	26
217	2	261	26
218	2	261	26
219	2	261	26
220	2	261	26
221	2	261	26
222	2	261	26
223	2	261	26
224	2	261	26
225	2	261	26
226	2	261	26
227	2	261	26
228	2	261	26
229	2	261	26
230	2	261	26
231	2	261	26
232	2	261	26
233	2	261	26
234	2	261	26
235	2	261	26
236	2	261	26
237	2	261	26
238	2	261	26
239	2	261	26
240	2	261	26
241	2	261	26
242	2	261	26
243	2	261	26
244	2	261	26
245	2	261	26
246	2	261	26
247	2	261	26
248	2	261	26
249	2	261	26
250	2	261	26
251	2	261	26
252	2	261	26
253	2	261	26
254	2	261	26
255	2	261	26
256	2	261	26
257	2	261	26
258	2	261	26
259	2	261	26
260	2	261	26
261	2	261	26
262	2	261	26
263	2	261	26
264	2	261	26
265	2	261	26
266	2	261	26
267	2	261	26
268	2	261	26
269	2	261	26
270	2	261	26
271	2	261	26
272	2	261	26
273	2	261	26
274	2	261	26
275	2	261	26
276	2	261	26
277	2	261	26
278	2	261	26
279	2	261	26
280	2	261	26
281	2	261	26
282	2	261	26
283	2	261	26
284	2	261	26
285	2	261	26
286	2	261	26
287	2	261	26
288	2	261	26
289	2	261	26
290	2	261	26
291	2	261	26
292	2	261	26
293	2	261	26
294	2	261	26
295	2	261	26
296	2	261	26
297	2	261	26
298	2	261	26
299	2	261	26
300	2	261	26
301	2	261	26
302	2	261	26
303	2	261	26
304	2	261	26
305	2	261	26
306	2	261	26
307	2	261	26
308	2	261	26
309	2	261	26
310	2	261	26
311	2	261	26
312	2	261	26
313	2	261	26
314	2	261	26
315	2	261	26
316	2	261	26
317	2	261	26
318	2	261	26
319	2	261	26
320	2	261	26
321	2	261	26
322	2	261	26
323	2	261	26
324	2	261	26
325	2	261	26
326	2	261	26
327	2	261	26
328	2	261	26
329	2	261	26
330	2	261	26
331	2	261	26
332	2	261	26
333	2	261	26
334	2	261	26
335	2	261	26
336	2	261	26
337	2	261	26
338	2	261	26
339	2	261	26
340	2	261	26
341	2	261	26
342	2	261	26
343	2	261	26
344	2	261	26
345	2	261	26
346	2	261	26
347	2	261	26
348	2	261	26
349	2	261	26
350	2	261	26
351	2	261	26
352	2	261	26
353	2	261	26
354	2	261	26
355	2	261	26
356	2	261	26
357	2	261	26
358	2	261	26
359	2	261	26
360	2	261	26
361	2	261	26
362	2	261	26
363	2	261	26
364	2	261	26
365	2	261	26
366	2	261	26
367	2	261	26
368	2	261	26
369	2	261	26
370	2	261	26
371	2	261	26
372	2	261	26
373	2	261	26
374	2	261	26
375	2	261	26
376	2	261	26
377	2	261	26
378	2	261	26
379	2	261	26
380	2	261	26
381	2	261	26
382	2	261	26
383	2	261	26
384	2	261	26
385	2	261	26
386	2	261	26
387	2	261	26
388	2	261	26
389	2	261	26
390	2	261	26
391	2	261	26
392	2	261	26
393	2	261	26
394	2	261	26
395	2	261	26
396	2	261	26
397	2	261	26
398	2	261	26
399	2	261	26
400	2	261	26
401	2	261	26
402	2	261	26
403	2	261	26
404	2	261	26
405	2	261	26
406	2	261	26
407	2	261	26
408	2	261	26
409	2	261	26
410	2	261	26
411	2	261	26
412	2	261	26
413	2	261	26
414	2	261	26
415	2	261	26
416	2	261	26
417	2	261	26
418	2	261	26
419	2	261	26
420	2	261	26
421	2	261	26
422	2	261	26
423	2	261	26
424	2	261	26
425	2	261	26
426	2	261	26
427	2	261	26
428	2	261	26
429	2	261	26
430	2	261	26
431	2	261	26
432	2	261	26
433	2	261	26
434	2	261	26
435	2	261	26
436	2	261	26
437	2	261	26
438	2	261	26
439	2	261	26
440	2	261	26
441	2	261	26
442	2	261	26
443	2	261	26
444	2	261	26
445	2	261	26
446	2	261	26
447	2	261	26
448	2	261	26
449	2	261	26
450	2	261	26
451	2	261	26
452	2	261	26
453	2	261	26
454	2	261	26
455	2	261	26
456	2	261	26
457	2	261	26
458	2	261	26
459	2	261	26
460	2	261	26
461	2	261	26
462	2	261	26
463	2	261	26
464	2	261	26
465	2	261	26
466	2	261	26
467	2	261	26
468	2	261	26
469	2	261	26
470	2	261	26
471	2	261	26
472	2	261	26
473	2	261	26
474	2	261	26
475	2	261	26
476	2	261	26
477	2	261	26
478	2	261	26
479	2	261	26
480	2	261	26
481	2	261	26
482	2	261	26
483	2	261	26
484	2	261	26
485	2	261	26
486	2	261	26
487	2	261	26
488	2	261	26
489	2	261	26
490	2	261	26
491	2	261	26
492	2	261	26
493	2	261	26
494	2	261	26
495	2	261	26
496	2	261	26
497	2	261	26
498	2	261	26
499	2	261	26
500	2	261	26
501	2	261	26
502	2	261	26
503	2	261	26
504	2	261	26
505	2	261	26
506	2	261	26
507	2	261	26
508	2	261	26
509	2	261	26
510	2	261	26
511	2	261	26
512	2	261	26
513	2	261	26
514	2	261	26
515	2	261	26
516	2	261	26
517	2	261	26
518	2	261	26
519	2	261	26
520	2	261	26
521	2	261	26
522	2	261	26
523	2	261	26
524	2	261	26
525	2	261	26
526	2	261	26
527	2	261	26
528	2	261	26
529	2	261	26
530	2	261	26
531	2	261	26
532	2	261	26
533	2	261	26
534	2	261	26
535	2	261	26
536	2	261	26
537	2	261	26
538	2	261	26
539	2	261	26
540	2	261	26
541	2	261	26
542	2	261	26
543	2	261	26
544	2	261	26
545	2	261	26
546	2	261	26
547	2	261	26
548	2	261	26
549	2	261	26
550	2	261	26
551	2	261	26
552	2	261	26
553	2	261	26
554	2	261	26
555	2	261	26
556	2	261	26
557	2	261	26
558	2	261	26
559	2	261	26
560	2	261	26
561	2	261	26
562	2	261	26
563	2	261	26
564	2	261	26
565	2	261	26
566	2	261	26
567	2	261	26
568	2	261	26
569	2	261	26
570	2	261	26
571	2	261	26
572	2	261	26
573	2	261	26
574	2	261	26
575	2	261	26
576	2	261	26
577	2	261	26
578	2	261	26
579	2	261	26
580	2	261	26
581	2	261	26
582	2	261	26
583	2	261	26
584	2	261	26
585	2	261	26
586	2	261	26
587	2	261	26
588	2	261	26
589	2	261	26
590	2	261	26
591	2	261	26
592	2	261	26
593	2	261	26
594	2	261	26
595	2	261	26
596	2	261	26
597	2	261	26
598	2	261	26
599	2	261	26
600	2	261	26
601	2	261	26
602	2	261	26
603	2	261	26
604	2	261	26
605	2	261	26
606	2	261	26
607	2	261	26
608	2	261	26
609	2	261	26
610	2	261	26
611	2	261	26
612	2	261	26
613	2	261	26
614	2	261	26
615	2	261	26
616	2	261	26
617	2	261	26
618	2	261	26
619	2	261	26
620	2	261	26
621	2	261	26
622	2	261	26
623	2	261	26
624	2	261	26
625	2	261	26
626	2	261	26
627	2	261	26
628	2	261	26
629	2	261	26
630	2	261	26
631	2	261	26
632	2	261	26
633	2	261	26
634	2	261	26
635	2	261	26
636	2	261	26
637	2	261	26
638	2	261	26
639	2	261	26
640	2	261	26
641	2	261	26
642	2	261	26
643	2	261	26
644	2	261	26
645	2	261	26
646	2	261	26
647	2	261	26
648	2	261	26
649	2	261	26
650	2	261	26
651	2	261	26
652	2	261	26
653	2	261	26
654	2	261	26
655	2	261	26
656	2	261	26
657	2	261	26
658	2	261	26
659	2	261	26
660	2	261	26
661	2	261	26
662	2	261	26
663	2	261	26
664	2	261	26
665	2	261	26
666	2	261	26
667	2	261	26
668	2	261	26
669	2	261	26
670	2	261	26
671	2	261	26
672	2	261	26
673	2	261	26
674	2	261	26
675	2	261	26
676	2	261	26
677	2	261	26
678	2	261	26
679	2	261	26
680	2	261	26
681	2	261	26
682	2	261	26
683	2	261	26
684	2	261	26
685	2	261	26
686	2	261	26
687	2	261	26
688	2	261	26
689	2	261	26
690	2	261	26
691	2	261	26
692	2	261	26
693	2	261	26
694	2	261	26
695	2	261	26
696	2	261	26
697	2	261	26
698	2	261	26
699	2	261	26
700	2	261	26
701	2	261	26
702	2	261	26
703	2	261	26
704	2	261	26
705	2	261	26
706	2	261	26
707	2	261	26
708	2	261	26
709	2	261	26
710	2	261	26
711	2	261	26
712	2	261	26
713	2	261	26
714	2	261	26
715	2	261	26
716	2	261	26
717	2	261	26
718	2	261	26
719	2	261	26
720	2	261	26
721	2	261	26
722	2	261	26
723	2	261	26
724	2	261	26
725	2	261	26
726	2	261	26
727	2	261	26
728	2	261	26
729	2	261	26
730	2	261	26
731	2	261	26
732	2	261	26
733	2	261	26
734	2	261	26
735	2	261	26
736	2	261	26
737	2	261	26
738	2	261	26
739	2	261	26
740	2	261	26
741	2	261	26
742	2	261	26
743	2	261	26
744	2	261	26
745	2	261	26
746	2	261	26
747	2	261	26
748	2	261	26
749	2	261	26
750	2	261	26
751	2	261	26
752	2	261	26
753	2	261	26
754	2	261	26
755	2	261	26
756	2	261	26
757	2	261	26
758	2	261	26
759	2	261	26
760	2	261	26
761	2	261	26
762	2	261	26
763	2	261	26
764	2	261	26
765	2	261	26
766	2	261	26
767	2	261	26
768	2	261	26
769	2	261	26
770	2	261	26
771	2	261	26
772	2	261	26
773	2	261	26
774	2	261	26
775	2	261	26
776	2	261	26
777	2	261	26
778	2	261	26
779	2	261	26
780	2	261	26
781	2	261	26
782	2	261	26
783	2	261	26
784	2	261	26
785	2	261	26
786	2	261	26
787	2	261	26
788	2	261	26
789	2	261	26
790	2	261	26
791	2	261	26
792	2	261	26
793	2	261	26
794	2	261	26
795	2	261	26
796	2	261	26
797	2	261	26
798	2	261	26
799	2	261	26
800	2	261	26
801	2	261	26
802	2	261	26
803	2	261	26
804	2	261	26
805	2	261	26
806	2	261	26
807	2	261	26
808	2	261	26
809	2	261	26
810	2	261	26
811	2	261	26
812	2	261	26
813	2	261	26
814	2	261	26
815	2	261	26
816	2	261	26
817	2	261	26
818	2	261	26
819	2	261	26
820	2	261	26
821	2	261	26
822	2	261	26
823	2	261	26
824	2	261	26
825	2	261	26
826	2	261	26
827	2	261	26
828	2	261	26
829	2	261	26
830	2	261	26
831	2	261	26
832	2	261	26
833	2	261	26
834	2	261	26
835	2	261	26
836	2	261	26
837	2	261	26
838	2	261	26
839	2	261	26
840	2	261	26
841	2	261	26
842	2	261	26
843	2	261	26
844	2	261	26
845	2	261	26
846	2	261	26
847	2	261	26
848	2	261	26
849	2	261	26
850	2	261	26
851	2	261	26
852	2	261	26
853	2	261	26
854	2	261	26
855	2	261	26
856	2	261	26
857	2	261	26
858	2	261	26
859	2	261	26
860	2	261	26
861	2	261	26
862	2	261	26
863	2	261	26
864	2	261	26
865	2	261	26
866	2	261	26
867	2	261	26
868	2	261	26
869	2	261	26
870	2	261	26
871	2	261	26
872	2	261	26
873	2	261	26
874	2	261	26
875	2	261	26
876	2	261	26
877	2	261	26
878	2	261	26
879	2	261	26
880	2	261	26
881	2	261	26
882	2	261	26
883	2	261	26
884	2	261	26
885	2	261	26
886	2	261	26
887	2	261	26
888	2	261	26
889	2	261	26
890	2	261	26
891	2	261	26
892	2	261	26
893	2	261	26
894	2	261	26
895	2	261	26
896	2	261	26
897	2	261	26
898	2	261	26
899	2	261	26
900	2	261	26
901	2	261	26
902	2	261	26
903	2	261	26
904	2	261	26
905	2	261	26
906	2	261	26
907	2	261	26
908	2	261	26
909	2	261	26
910	2	261	26
911	2	261	26
912	2	261	26
913	2	261	26
914	2	261	26
915	2	261	26
916	2	261	26
917	2	261	26
918	2	261	26
919	2	261	26
920	2	261	26
921	2	261	26
922	2	261	26
923	2	261	26
924	2	261	26
925	2	261	26
926	2	261	26
927	2	261	26
928	2	261	26
929	2	261	26
930	2	261	26
931	2	261	26
932	2	261	26
933	2	261	26
934	2	261	26
935	2	261	26
936	2	261	26
937	2	261	26
938	2	261	26
939	2	261	26
940	2	261	26
941	2	261	26
942	2	261	26
943	2	261	26
944	2	261	26
945	2	261	26
946	2	261	26
947	2	261	26
948	2	261	26
949	2	261	26
950	2	261	26
951	2	261	26
952	2	261	26
953	2	261	26
954	2	261	26
955	2	261	26
956	2	261	26
957	2	261	26
958	2	261	26
959	2	261	26
960	2	261	26
961	2	261	26
962	2	261	26
963	2	261	26
964	2	261	26
965	2	261	26
966	2	261	26
967	2	261	26
968	2	261	26
969	2	261	26
970	2	261	26
971	2	261	26
972	2	261	26
973	2	261	26
974	2	261	26
975	2	261	26
976	2	261	26
977	2	261	26
978	2	261	26
979	2	261	26
980	2	261	26
981	2	261	26
982	2	261	26
983	2	261	26
984	2	261	26
985	2	261	26
986	2	261	26
987	2	261	26
988	2	261	26
989	2	261	26
990	2	261	26
991	2	261	26
992	2	261	26
993	2	261	26
994	2	261	26
995	2	261	26
996	2	261	26
997	2	261	26
998	2	261	26
999	2	261	26
0	3	1565	29
4	3	1826	29
4	3	2243	30
7	3	2295	29
8	3	1982	29
14	3	1826	29
16	3	1982	29
18	3	469	29
20	3	2139	29
21	3	469	29
23	3	2035	29
24	3	2035	29
26	3	2295	29
27	3	2087	29
28	3	2035	29
32	3	2295	29
34	3	2243	29
35	3	2087	29
36	3	2087	29
39	3	2295	29
40	3	1669	29
41	3	2191	29
42	3	2087	29
43	3	2035	29
45	3	2087	29
49	3	1982	29
53	3	1878	29
57	3	1669	29
58	3	1930	29
59	3	1930	29
62	3	1982	29
63	3	2139	29
67	3	2087	29
69	3	2243	29
75	3	2243	29
87	3	469	29
88	3	2087	29
89	3	2295	29
92	3	2243	29
104	3	1982	29
106	3	1982	29
107	3	1878	29
110	3	1878	29
113	3	1878	29
122	3	1826	29
124	3	2139	29
125	3	1930	29
126	3	1774	29
127	3	1878	29
128	3	1774	29
131	3	1982	29
133	3	2295	29
135	3	2087	29
136	3	1565	29
137	3	2243	29
138	3	1617	29
139	3	1774	29
139	3	2139	30
141	3	1722	29
146	3	2139	29
147	3	2191	29
149	3	1774	29
150	3	2139	29
152	3	1982	29
154	3	1826	29
155	3	1878	29
156	3	1878	29
158	3	2035	29
159	3	1617	29
160	3	2191	29
162	3	2243	29
165	3	1878	29
170	3	1669	29
172	3	2243	29
174	3	2295	29
175	3	2087	29
179	3	2035	29
183	3	2035	29
185	3	1930	29
187	3	2243	29
189	3	2087	29
192	3	2035	29
196	3	1617	29
196	3	2087	30
198	3	2035	29
199	3	1878	29
202	3	2295	29
203	3	2243	29
204	3	2087	29
206	3	1565	29
206	3	1930	30
207	3	2035	29
208	3	2139	29
218	3	2139	29
221	3	2295	29
225	3	1722	29
226	3	1878	29
228	3	1826	29
229	3	2191	29
232	3	1826	29
240	3	1878	29
241	3	2087	29
242	3	2035	29
243	3	1565	29
244	3	469	29
248	3	2243	29
250	3	1722	29
256	3	1774	29
258	3	2295	29
262	3	2139	29
266	3	2295	29
268	3	2191	29
269	3	1930	29
271	3	2035	29
272	3	1774	29
272	3	2139	30
284	3	1669	29
285	3	2243	29
286	3	1878	29
293	3	1565	29
296	3	2087	29
301	3	1982	29
302	3	2139	29
303	3	1617	29
306	3	1774	29
309	3	1617	29
309	3	2295	30
310	3	1878	29
310	3	2295	30
315	3	2139	29
327	3	2295	29
330	3	2087	29
332	3	1982	29
333	3	2087	29
335	3	2035	29
336	3	2295	29
342	3	1722	29
343	3	1565	29
345	3	1982	29
346	3	1878	29
348	3	2087	29
349	3	1722	29
352	3	2139	29
353	3	2295	29
354	3	1669	29
361	3	2295	29
366	3	2243	29
368	3	1565	29
369	3	1930	29
379	3	2191	29
384	3	2295	29
387	3	1930	29
390	3	1565	29
391	3	2035	29
393	3	1878	29
396	3	1669	29
399	3	1982	29
402	3	2139	29
406	3	2035	29
407	3	2295	29
411	3	469	29
412	3	1669	29
412	3	2087	30
413	3	1617	29
414	3	2087	29
415	3	2087	29
418	3	1878	29
419	3	1930	29
423	3	2243	29
424	3	1774	29
424	3	2191	30
426	3	2243	29
429	3	2087	29
430	3	2295	29
431	3	1774	29
432	3	1878	29
433	3	2295	29
434	3	1826	29
434	3	2243	30
435	3	1826	29
436	3	1722	29
438	3	2087	29
445	3	2295	29
451	3	2087	29
453	3	1669	29
461	3	1930	29
463	3	1878	29
464	3	2295	29
466	3	1930	29
469	3	1565	29
474	3	1774	29
481	3	1878	29
489	3	1617	29
490	3	2087	29
492	3	2295	29
495	3	2087	29
496	3	2087	29
500	3	1669	29
503	3	1617	29
503	3	2191	30
508	3	1774	29
508	3	2295	30
512	3	2191	29
514	3	2295	29
515	3	1878	29
519	3	1982	29
521	3	1774	29
522	3	2087	29
523	3	2139	29
525	3	1878	29
528	3	1930	29
529	3	1669	29
531	3	2243	29
534	3	1722	29
537	3	2139	29
538	3	1878	29
543	3	2295	29
544	3	1930	29
547	3	1982	29
550	3	1669	29
551	3	1774	29
554	3	1617	29
555	3	1669	29
555	3	2191	30
556	3	2087	29
558	3	469	29
559	3	2295	29
562	3	2295	29
563	3	2035	29
565	3	1826	29
565	3	2243	30
568	3	1774	29
571	3	2243	29
575	3	1617	29
577	3	1878	29
581	3	2295	29
583	3	1669	29
585	3	1617	29
586	3	2035	29
587	3	1617	29
588	3	2243	29
589	3	2035	29
590	3	2035	29
595	3	1774	29
596	3	2139	29
598	3	2243	29
606	3	2139	29
607	3	1982	29
608	3	2087	29
621	3	2191	29
625	3	2295	29
626	3	1982	29
627	3	2139	29
628	3	2295	29
631	3	2087	29
632	3	1565	29
639	3	1826	29
645	3	2139	29
646	3	1826	29
649	3	2139	29
652	3	2243	29
653	3	2243	29
656	3	2243	29
658	3	1930	29
661	3	2087	29
662	3	2191	29
664	3	1930	29
665	3	2139	29
674	3	2191	29
675	3	2243	29
676	3	1774	29
677	3	2087	29
680	3	2191	29
684	3	2191	29
691	3	1878	29
692	3	1930	29
693	3	2087	29
694	3	2191	29
697	3	2035	29
699	3	2295	29
701	3	2191	29
703	3	1930	29
708	3	2295	29
709	3	1982	29
710	3	1878	29
714	3	2295	29
716	3	1617	29
717	3	2191	29
718	3	1878	29
721	3	2243	29
722	3	1617	29
725	3	2035	29
726	3	2035	29
733	3	1982	29
734	3	2087	29
737	3	1982	29
738	3	1930	29
742	3	1722	29
742	3	2295	30
752	3	2243	29
753	3	1878	29
754	3	1930	29
756	3	1826	29
758	3	1565	29
762	3	2295	29
774	3	1774	29
776	3	1722	29
781	3	2087	29
789	3	2295	29
793	3	2139	29
802	3	2243	29
803	3	2087	29
807	3	1617	29
810	3	1878	29
812	3	1878	29
815	3	469	29
822	3	2243	29
823	3	1669	29
824	3	2243	29
825	3	2243	29
826	3	2295	29
831	3	1878	29
832	3	1826	29
834	3	1878	29
838	3	469	29
840	3	469	29
842	3	2295	29
843	3	1722	29
843	3	2191	30
848	3	1617	29
850	3	1774	29
854	3	2243	29
858	3	2191	29
863	3	1878	29
864	3	1774	29
866	3	2139	29
869	3	2191	29
873	3	1722	29
875	3	2243	29
877	3	1617	29
880	3	1878	29
885	3	1722	29
897	3	1982	29
898	3	1826	29
899	3	1826	29
902	3	2087	29
903	3	1982	29
908	3	2087	29
914	3	2139	29
916	3	1878	29
924	3	1826	29
926	3	2035	29
927	3	2295	29
929	3	2087	29
931	3	1722	29
940	3	2035	29
941	3	1774	29
942	3	1774	29
947	3	1774	29
948	3	2139	29
949	3	469	29
950	3	1930	29
953	3	1878	29
954	3	1826	29
960	3	2243	29
961	3	2243	29
964	3	1826	29
969	3	2191	29
971	3	2087	29
972	3	1669	29
976	3	2035	29
978	3	1930	29
981	3	2139	29
985	3	2295	29
995	3	1982	29
998	3	1930	29
0	4	1252	28
0	4	1565	29
3	4	2035	28
4	4	1513	28
4	4	1826	29
4	4	2243	30
6	4	2139	28
7	4	1982	28
7	4	2295	29
8	4	1669	28
8	4	1982	29
10	4	2087	28
14	4	1513	28
14	4	1826	29
15	4	2035	28
16	4	1669	28
16	4	1982	29
17	4	2087	28
18	4	469	29
20	4	1826	28
20	4	2139	29
21	4	469	29
23	4	1722	28
23	4	2035	29
24	4	1722	28
24	4	2035	29
26	4	1982	28
26	4	2295	29
27	4	1774	28
27	4	2087	29
28	4	1722	28
28	4	2035	29
32	4	1982	28
32	4	2295	29
34	4	1930	28
34	4	2243	29
35	4	1774	28
35	4	2087	29
36	4	1774	28
36	4	2087	29
39	4	1982	28
39	4	2295	29
40	4	1356	28
40	4	1669	29
41	4	1878	28
41	4	2191	29
42	4	1774	28
42	4	2087	29
43	4	1722	28
43	4	2035	29
45	4	1774	28
45	4	2087	29
46	4	2243	28
49	4	1669	28
49	4	1982	29
53	4	1565	28
53	4	1878	29
57	4	1356	28
57	4	1669	29
58	4	1617	28
58	4	1930	29
59	4	1617	28
59	4	1930	29
62	4	1669	28
62	4	1982	29
63	4	1826	28
63	4	2139	29
65	4	2139	28
67	4	1774	28
67	4	2087	29
69	4	1930	28
69	4	2243	29
71	4	2035	28
75	4	1930	28
75	4	2243	29
79	4	2139	28
80	4	2087	28
87	4	469	29
87	4	2243	28
88	4	1774	28
88	4	2087	29
89	4	1982	28
89	4	2295	29
92	4	1930	28
92	4	2243	29
96	4	2139	28
102	4	2087	28
104	4	1669	28
104	4	1982	29
106	4	1669	28
106	4	1982	29
107	4	1565	28
107	4	1878	29
110	4	1565	28
110	4	1878	29
113	4	1565	28
113	4	1878	29
119	4	2243	28
122	4	1513	28
122	4	1826	29
124	4	1826	28
124	4	2139	29
125	4	1617	28
125	4	1930	29
126	4	1461	28
126	4	1774	29
127	4	1565	28
127	4	1878	29
128	4	1461	28
128	4	1774	29
131	4	1669	28
131	4	1982	29
133	4	1982	28
133	4	2295	29
134	4	2295	28
135	4	1774	28
135	4	2087	29
136	4	1252	28
136	4	1565	29
137	4	1930	28
137	4	2243	29
138	4	1304	28
138	4	1617	29
139	4	1461	28
139	4	1774	29
139	4	2139	30
141	4	1408	28
141	4	1722	29
145	4	2087	28
146	4	1826	28
146	4	2139	29
147	4	1878	28
147	4	2191	29
149	4	1461	28
149	4	1774	29
150	4	1826	28
150	4	2139	29
152	4	1669	28
152	4	1982	29
154	4	1513	28
154	4	1826	29
155	4	1565	28
155	4	1878	29
156	4	1565	28
156	4	1878	29
158	4	1722	28
158	4	2035	29
159	4	1304	28
159	4	1617	29
160	4	1878	28
160	4	2191	29
162	4	1930	28
162	4	2243	29
164	4	2295	28
165	4	1565	28
165	4	1878	29
170	4	1356	28
170	4	1669	29
172	4	1930	28
172	4	2243	29
174	4	1982	28
174	4	2295	29
175	4	1774	28
175	4	2087	29
179	4	1722	28
179	4	2035	29
183	4	1722	28
183	4	2035	29
185	4	1617	28
185	4	1930	29
187	4	1930	28
187	4	2243	29
189	4	1774	28
189	4	2087	29
192	4	1722	28
192	4	2035	29
193	4	2035	28
196	4	1304	28
196	4	1617	29
196	4	2087	30
198	4	1722	28
198	4	2035	29
199	4	1565	28
199	4	1878	29
200	4	2035	28
202	4	1982	28
202	4	2295	29
203	4	1930	28
203	4	2243	29
204	4	1774	28
204	4	2087	29
206	4	1252	28
206	4	1565	29
206	4	1930	30
207	4	1722	28
207	4	2035	29
208	4	1826	28
208	4	2139	29
210	4	2035	28
217	4	2035	28
218	4	1826	28
218	4	2139	29
221	4	1982	28
221	4	2295	29
224	4	2139	28
225	4	1408	28
225	4	1722	29
226	4	1565	28
226	4	1878	29
228	4	1513	28
228	4	1826	29
229	4	1878	28
229	4	2191	29
230	4	2295	28
231	4	2191	28
232	4	1513	28
232	4	1826	29
233	4	2243	28
240	4	1565	28
240	4	1878	29
241	4	1774	28
241	4	2087	29
242	4	1722	28
242	4	2035	29
243	4	1252	28
243	4	1565	29
244	4	469	29
245	4	2295	28
248	4	1930	28
248	4	2243	29
249	4	2243	28
250	4	1408	28
250	4	1722	29
251	4	2035	28
256	4	1461	28
256	4	1774	29
257	4	2191	28
258	4	1982	28
258	4	2295	29
259	4	2139	28
260	4	2139	28
262	4	1826	28
262	4	2139	29
264	4	2191	28
266	4	1982	28
266	4	2295	29
268	4	1878	28
268	4	2191	29
269	4	1617	28
269	4	1930	29
271	4	1722	28
271	4	2035	29
272	4	1461	28
272	4	1774	29
272	4	2139	30
283	4	2087	28
284	4	1356	28
284	4	1669	29
285	4	1930	28
285	4	2243	29
286	4	1565	28
286	4	1878	29
293	4	1252	28
293	4	1565	29
296	4	1774	28
296	4	2087	29
298	4	2035	28
301	4	1669	28
301	4	1982	29
302	4	1826	28
302	4	2139	29
303	4	1304	28
303	4	1617	29
304	4	2087	28
306	4	1461	28
306	4	1774	29
309	4	1304	28
309	4	1617	29
309	4	2295	30
310	4	1565	28
310	4	1878	29
310	4	2295	30
315	4	1826	28
315	4	2139	29
322	4	2191	28
326	4	2139	28
327	4	1982	28
327	4	2295	29
330	4	1774	28
330	4	2087	29
331	4	2191	28
332	4	1669	28
332	4	1982	29
333	4	1774	28
333	4	2087	29
335	4	1722	28
335	4	2035	29
336	4	1982	28
336	4	2295	29
339	4	2243	28
340	4	2087	28
341	4	2035	28
342	4	1408	28
342	4	1722	29
343	4	1252	28
343	4	1565	29
345	4	1669	28
345	4	1982	29
346	4	1565	28
346	4	1878	29
348	4	1774	28
348	4	2087	29
349	4	1408	28
349	4	1722	29
352	4	1826	28
352	4	2139	29
353	4	1982	28
353	4	2295	29
354	4	1356	28
354	4	1669	29
356	4	2139	28
358	4	2035	28
361	4	1982	28
361	4	2295	29
366	4	1930	28
366	4	2243	29
367	4	2295	28
368	4	1252	28
368	4	1565	29
369	4	1617	28
369	4	1930	29
371	4	2139	28
379	4	1878	28
379	4	2191	29
382	4	2243	28
384	4	1982	28
384	4	2295	29
387	4	1617	28
387	4	1930	29
390	4	1252	28
390	4	1565	29
391	4	1722	28
391	4	2035	29
393	4	1565	28
393	4	1878	29
396	4	1356	28
396	4	1669	29
397	4	2035	28
399	4	1669	28
399	4	1982	29
402	4	1826	28
402	4	2139	29
405	4	2191	28
406	4	1722	28
406	4	2035	29
407	4	1982	28
407	4	2295	29
411	4	469	29
412	4	1356	28
412	4	1669	29
412	4	2087	30
413	4	1304	28
413	4	1617	29
414	4	1774	28
414	4	2087	29
415	4	1774	28
415	4	2087	29
417	4	2139	28
418	4	1565	28
418	4	1878	29
419	4	1617	28
419	4	1930	29
420	4	2139	28
423	4	1930	28
423	4	2243	29
424	4	1461	28
424	4	1774	29
424	4	2191	30
426	4	1930	28
426	4	2243	29
429	4	1774	28
429	4	2087	29
430	4	1982	28
430	4	2295	29
431	4	1461	28
431	4	1774	29
432	4	1565	28
432	4	1878	29
433	4	1982	28
433	4	2295	29
434	4	1513	28
434	4	1826	29
434	4	2243	30
435	4	1513	28
435	4	1826	29
436	4	1408	28
436	4	1722	29
437	4	2191	28
438	4	1774	28
438	4	2087	29
442	4	2139	28
445	4	1982	28
445	4	2295	29
451	4	1774	28
451	4	2087	29
453	4	1356	28
453	4	1669	29
455	4	2035	28
460	4	2295	28
461	4	1617	28
461	4	1930	29
462	4	2139	28
463	4	1565	28
463	4	1878	29
464	4	1982	28
464	4	2295	29
465	4	2191	28
466	4	1617	28
466	4	1930	29
467	4	2139	28
468	4	2191	28
469	4	1252	28
469	4	1565	29
472	4	2087	28
473	4	2035	28
474	4	1461	28
474	4	1774	29
481	4	1565	28
481	4	1878	29
486	4	2295	28
487	4	2139	28
489	4	1304	28
489	4	1617	29
490	4	1774	28
490	4	2087	29
491	4	2191	28
492	4	1982	28
492	4	2295	29
495	4	1774	28
495	4	2087	29
496	4	1774	28
496	4	2087	29
500	4	1356	28
500	4	1669	29
502	4	2243	28
503	4	1304	28
503	4	1617	29
503	4	2191	30
508	4	1461	28
508	4	1774	29
508	4	2295	30
512	4	1878	28
512	4	2191	29
513	4	2035	28
514	4	1982	28
514	4	2295	29
515	4	1565	28
515	4	1878	29
518	4	2035	28
519	4	1669	28
519	4	1982	29
521	4	1461	28
521	4	1774	29
522	4	1774	28
522	4	2087	29
523	4	1826	28
523	4	2139	29
525	4	1565	28
525	4	1878	29
528	4	1617	28
528	4	1930	29
529	4	1356	28
529	4	1669	29
530	4	2191	28
531	4	1930	28
531	4	2243	29
534	4	1408	28
534	4	1722	29
537	4	1826	28
537	4	2139	29
538	4	1565	28
538	4	1878	29
541	4	2191	28
543	4	1982	28
543	4	2295	29
544	4	1617	28
544	4	1930	29
547	4	1669	28
547	4	1982	29
550	4	1356	28
550	4	1669	29
551	4	1461	28
551	4	1774	29
553	4	2191	28
554	4	1304	28
554	4	1617	29
555	4	1356	28
555	4	1669	29
555	4	2191	30
556	4	1774	28
556	4	2087	29
558	4	469	29
559	4	1982	28
559	4	2295	29
562	4	1982	28
562	4	2295	29
563	4	1722	28
563	4	2035	29
565	4	1513	28
565	4	1826	29
565	4	2243	30
568	4	1461	28
568	4	1774	29
569	4	2035	28
571	4	1930	28
571	4	2243	29
575	4	1304	28
575	4	1617	29
577	4	1565	28
577	4	1878	29
581	4	1982	28
581	4	2295	29
582	4	2243	28
583	4	1356	28
583	4	1669	29
584	4	2243	28
585	4	1304	28
585	4	1617	29
586	4	1722	28
586	4	2035	29
587	4	1304	28
587	4	1617	29
588	4	1930	28
588	4	2243	29
589	4	1722	28
589	4	2035	29
590	4	1722	28
590	4	2035	29
594	4	2295	28
595	4	1461	28
595	4	1774	29
596	4	1826	28
596	4	2139	29
598	4	1930	28
598	4	2243	29
599	4	2035	28
604	4	2035	28
606	4	1826	28
606	4	2139	29
607	4	1669	28
607	4	1982	29
608	4	1774	28
608	4	2087	29
611	4	2243	28
612	4	2035	28
621	4	1878	28
621	4	2191	29
625	4	1982	28
625	4	2295	29
626	4	1669	28
626	4	1982	29
627	4	1826	28
627	4	2139	29
628	4	1982	28
628	4	2295	29
630	4	2243	28
631	4	1774	28
631	4	2087	29
632	4	1252	28
632	4	1565	29
639	4	1513	28
639	4	1826	29
645	4	1826	28
645	4	2139	29
646	4	1513	28
646	4	1826	29
648	4	2035	28
649	4	1826	28
649	4	2139	29
652	4	1930	28
652	4	2243	29
653	4	1930	28
653	4	2243	29
655	4	2035	28
656	4	1930	28
656	4	2243	29
658	4	1617	28
658	4	1930	29
659	4	2035	28
661	4	1774	28
661	4	2087	29
662	4	1878	28
662	4	2191	29
664	4	1617	28
664	4	1930	29
665	4	1826	28
665	4	2139	29
666	4	2139	28
668	4	2191	28
669	4	2087	28
670	4	2191	28
674	4	1878	28
674	4	2191	29
675	4	1930	28
675	4	2243	29
676	4	1461	28
676	4	1774	29
677	4	1774	28
677	4	2087	29
678	4	2087	28
680	4	1878	28
680	4	2191	29
682	4	2243	28
684	4	1878	28
684	4	2191	29
691	4	1565	28
691	4	1878	29
692	4	1617	28
692	4	1930	29
693	4	1774	28
693	4	2087	29
694	4	1878	28
694	4	2191	29
695	4	2087	28
697	4	1722	28
697	4	2035	29
699	4	1982	28
699	4	2295	29
701	4	1878	28
701	4	2191	29
703	4	1617	28
703	4	1930	29
705	4	2191	28
706	4	2139	28
708	4	1982	28
708	4	2295	29
709	4	1669	28
709	4	1982	29
710	4	1565	28
710	4	1878	29
711	4	2087	28
714	4	1982	28
714	4	2295	29
716	4	1304	28
716	4	1617	29
717	4	1878	28
717	4	2191	29
718	4	1565	28
718	4	1878	29
721	4	1930	28
721	4	2243	29
722	4	1304	28
722	4	1617	29
725	4	1722	28
725	4	2035	29
726	4	1722	28
726	4	2035	29
731	4	2191	28
733	4	1669	28
733	4	1982	29
734	4	1774	28
734	4	2087	29
737	4	1669	28
737	4	1982	29
738	4	1617	28
738	4	1930	29
739	4	2035	28
742	4	1408	28
742	4	1722	29
742	4	2295	30
743	4	2087	28
744	4	2035	28
752	4	1930	28
752	4	2243	29
753	4	1565	28
753	4	1878	29
754	4	1617	28
754	4	1930	29
755	4	2139	28
756	4	1513	28
756	4	1826	29
758	4	1252	28
758	4	1565	29
761	4	2243	28
762	4	1982	28
762	4	2295	29
763	4	2191	28
765	4	2139	28
767	4	2243	28
774	4	1461	28
774	4	1774	29
776	4	1408	28
776	4	1722	29
778	4	2295	28
781	4	1774	28
781	4	2087	29
784	4	2139	28
788	4	2035	28
789	4	1982	28
789	4	2295	29
793	4	1826	28
793	4	2139	29
794	4	2295	28
798	4	2295	28
802	4	1930	28
802	4	2243	29
803	4	1774	28
803	4	2087	29
804	4	2191	28
807	4	1304	28
807	4	1617	29
810	4	1565	28
810	4	1878	29
811	4	2191	28
812	4	1565	28
812	4	1878	29
815	4	469	29
818	4	2035	28
822	4	1930	28
822	4	2243	29
823	4	1356	28
823	4	1669	29
824	4	1930	28
824	4	2243	29
825	4	1930	28
825	4	2243	29
826	4	1982	28
826	4	2295	29
831	4	1565	28
831	4	1878	29
832	4	1513	28
832	4	1826	29
834	4	1565	28
834	4	1878	29
838	4	469	29
840	4	469	29
842	4	1982	28
842	4	2295	29
843	4	1408	28
843	4	1722	29
843	4	2191	30
847	4	2139	28
848	4	1304	28
848	4	1617	29
850	4	1461	28
850	4	1774	29
854	4	1930	28
854	4	2243	29
858	4	1878	28
858	4	2191	29
863	4	1565	28
863	4	1878	29
864	4	1461	28
864	4	1774	29
865	4	2035	28
866	4	1826	28
866	4	2139	29
868	4	2087	28
869	4	1878	28
869	4	2191	29
871	4	2191	28
873	4	1408	28
873	4	1722	29
875	4	1930	28
875	4	2243	29
877	4	1304	28
877	4	1617	29
880	4	1565	28
880	4	1878	29
885	4	1408	28
885	4	1722	29
890	4	2191	28
895	4	2243	28
897	4	1669	28
897	4	1982	29
898	4	1513	28
898	4	1826	29
899	4	1513	28
899	4	1826	29
902	4	1774	28
902	4	2087	29
903	4	1669	28
903	4	1982	29
908	4	1774	28
908	4	2087	29
914	4	1826	28
914	4	2139	29
916	4	1565	28
916	4	1878	29
922	4	2243	28
924	4	1513	28
924	4	1826	29
926	4	1722	28
926	4	2035	29
927	4	1982	28
927	4	2295	29
929	4	1774	28
929	4	2087	29
931	4	1408	28
931	4	1722	29
932	4	2191	28
933	4	2191	28
935	4	2035	28
938	4	2243	28
940	4	1722	28
940	4	2035	29
941	4	1461	28
941	4	1774	29
942	4	1461	28
942	4	1774	29
944	4	2191	28
946	4	2139	28
947	4	1461	28
947	4	1774	29
948	4	1826	28
948	4	2139	29
949	4	469	29
950	4	1617	28
950	4	1930	29
953	4	1565	28
953	4	1878	29
954	4	1513	28
954	4	1826	29
960	4	1930	28
960	4	2243	29
961	4	1930	28
961	4	2243	29
964	4	1513	28
964	4	1826	29
966	4	2087	28
968	4	2243	28
969	4	1878	28
969	4	2191	29
971	4	1774	28
971	4	2087	29
972	4	1356	28
972	4	1669	29
976	4	1722	28
976	4	2035	29
978	4	1617	28
978	4	1930	29
979	4	2243	28
981	4	1826	28
981	4	2139	29
984	4	2035	28
985	4	1982	28
985	4	2295	29
988	4	2295	28
995	4	1669	28
995	4	1982	29
998	4	1617	28
998	4	1930	29
0	5	521	25
0	5	939	27
0	5	1252	28
0	5	1565	29
1	5	521	25
1	5	2087	27
2	5	574	25
3	5	1148	25
3	5	1722	27
3	5	2035	28
4	5	521	25
4	5	1200	27
4	5	1513	28
4	5	1826	29
4	5	2243	30
5	5	521	25
5	5	2191	27
6	5	574	25
6	5	1826	27
6	5	2139	28
7	5	991	25
7	5	1669	27
7	5	1982	28
7	5	2295	29
8	5	678	25
8	5	1356	27
8	5	1669	28
8	5	1982	29
9	5	1982	25
10	5	521	25
10	5	1774	27
10	5	2087	28
12	5	1461	25
13	5	1200	25
14	5	521	25
14	5	1200	27
14	5	1513	28
14	5	1826	29
15	5	521	25
15	5	1722	27
15	5	2035	28
16	5	521	25
16	5	1356	27
16	5	1669	28
16	5	1982	29
17	5	521	25
17	5	1774	27
17	5	2087	28
18	5	469	29
18	5	2295	25
19	5	1826	25
20	5	626	25
20	5	1513	27
20	5	1826	28
20	5	2139	29
21	5	469	29
22	5	887	25
22	5	2191	27
23	5	521	25
23	5	1408	27
23	5	1722	28
23	5	2035	29
24	5	521	25
24	5	1408	27
24	5	1722	28
24	5	2035	29
25	5	1617	25
26	5	678	25
26	5	1669	27
26	5	1982	28
26	5	2295	29
27	5	521	25
27	5	1461	27
27	5	1774	28
27	5	2087	29
28	5	730	25
28	5	1408	27
28	5	1722	28
28	5	2035	29
29	5	834	25
29	5	2191	27
30	5	1252	25
30	5	2035	27
31	5	574	25
31	5	2087	27
32	5	1095	25
32	5	1669	27
32	5	1982	28
32	5	2295	29
33	5	626	25
33	5	2087	27
34	5	730	25
34	5	1617	27
34	5	1930	28
34	5	2243	29
35	5	521	25
35	5	1461	27
35	5	1774	28
35	5	2087	29
36	5	521	25
36	5	1461	27
36	5	1774	28
36	5	2087	29
37	5	626	25
37	5	2295	27
38	5	626	25
39	5	574	25
39	5	1669	27
39	5	1982	28
39	5	2295	29
40	5	521	25
40	5	1043	27
40	5	1356	28
40	5	1669	29
41	5	678	25
41	5	1565	27
41	5	1878	28
41	5	2191	29
42	5	730	25
42	5	1461	27
42	5	1774	28
42	5	2087	29
43	5	521	25
43	5	1408	27
43	5	1722	28
43	5	2035	29
44	5	1617	25
45	5	626	25
45	5	1461	27
45	5	1774	28
45	5	2087	29
46	5	521	25
46	5	1930	27
46	5	2243	28
47	5	1095	25
48	5	2035	25
49	5	521	25
49	5	1356	27
49	5	1669	28
49	5	1982	29
50	5	1565	25
51	5	1826	25
52	5	991	25
53	5	521	25
53	5	1252	27
53	5	1565	28
53	5	1878	29
55	5	574	25
56	5	1148	25
57	5	521	25
57	5	1043	27
57	5	1356	28
57	5	1669	29
58	5	574	25
58	5	1304	27
58	5	1617	28
58	5	1930	29
59	5	521	25
59	5	1304	27
59	5	1617	28
59	5	1930	29
60	5	1200	25
61	5	574	25
62	5	521	25
62	5	1356	27
62	5	1669	28
62	5	1982	29
63	5	678	25
63	5	1513	27
63	5	1826	28
63	5	2139	29
64	5	1878	25
65	5	678	25
65	5	1826	27
65	5	2139	28
66	5	1304	25
66	5	2035	27
67	5	730	25
67	5	1461	27
67	5	1774	28
67	5	2087	29
68	5	1408	25
69	5	939	25
69	5	1617	27
69	5	1930	28
69	5	2243	29
70	5	626	25
71	5	1095	25
71	5	1722	27
71	5	2035	28
73	5	1669	25
74	5	834	25
75	5	521	25
75	5	1617	27
75	5	1930	28
75	5	2243	29
76	5	1356	25
77	5	1461	25
78	5	1356	25
79	5	782	25
79	5	1826	27
79	5	2139	28
80	5	521	25
80	5	1774	27
80	5	2087	28
81	5	574	25
81	5	2191	27
82	5	626	25
82	5	2139	27
83	5	1095	25
84	5	521	25
84	5	2087	27
85	5	1774	25
86	5	1095	25
87	5	469	29
87	5	1669	25
87	5	1930	27
87	5	2243	28
88	5	678	25
88	5	1461	27
88	5	1774	28
88	5	2087	29
89	5	782	25
89	5	1669	27
89	5	1982	28
89	5	2295	29
90	5	1304	25
91	5	626	25
92	5	521	25
92	5	1617	27
92	5	1930	28
92	5	2243	29
93	5	1304	25
94	5	1878	25
95	5	887	25
95	5	2191	27
96	5	991	25
96	5	1826	27
96	5	2139	28
97	5	1200	25
98	5	1669	25
99	5	1043	25
99	5	2087	27
100	5	1304	25
101	5	678	25
102	5	626	25
102	5	1774	27
102	5	2087	28
103	5	887	25
104	5	574	25
104	5	1356	27
104	5	1669	28
104	5	1982	29
105	5	2295	25
106	5	730	25
106	5	1356	27
106	5	1669	28
106	5	1982	29
107	5	521	25
107	5	1252	27
107	5	1565	28
107	5	1878	29
108	5	521	25
109	5	1200	25
110	5	521	25
110	5	1252	27
110	5	1565	28
110	5	1878	29
111	5	574	25
111	5	2139	27
112	5	730	25
113	5	521	25
113	5	1252	27
113	5	1565	28
113	5	1878	29
114	5	626	25
115	5	1408	25
116	5	1408	25
116	5	2139	27
117	5	1356	25
117	5	2243	27
118	5	1148	25
118	5	2295	27
119	5	1200	25
119	5	1930	27
119	5	2243	28
120	5	782	25
121	5	1356	25
122	5	521	25
122	5	1200	27
122	5	1513	28
122	5	1826	29
123	5	1878	25
124	5	521	25
124	5	1513	27
124	5	1826	28
124	5	2139	29
125	5	521	25
125	5	1304	27
125	5	1617	28
125	5	1930	29
126	5	521	25
126	5	1148	27
126	5	1461	28
126	5	1774	29
127	5	521	25
127	5	1252	27
127	5	1565	28
127	5	1878	29
128	5	521	25
128	5	1148	27
128	5	1461	28
128	5	1774	29
129	5	1095	25
130	5	574	25
131	5	626	25
131	5	1356	27
131	5	1669	28
131	5	1982	29
132	5	521	25
132	5	2035	27
133	5	574	25
133	5	1669	27
133	5	1982	28
133	5	2295	29
134	5	834	25
134	5	1982	27
134	5	2295	28
135	5	521	25
135	5	1461	27
135	5	1774	28
135	5	2087	29
136	5	521	25
136	5	939	27
136	5	1252	28
136	5	1565	29
137	5	678	25
137	5	1617	27
137	5	1930	28
137	5	2243	29
138	5	521	25
138	5	991	27
138	5	1304	28
138	5	1617	29
139	5	521	25
139	5	1148	27
139	5	1461	28
139	5	1774	29
139	5	2139	30
140	5	1826	25
141	5	521	25
141	5	1095	27
141	5	1408	28
141	5	1722	29
142	5	887	25
142	5	2243	27
143	5	1252	25
143	5	2035	27
145	5	1148	25
145	5	1774	27
145	5	2087	28
146	5	574	25
146	5	1513	27
146	5	1826	28
146	5	2139	29
147	5	626	25
147	5	1565	27
147	5	1878	28
147	5	2191	29
148	5	1304	25
149	5	521	25
149	5	1148	27
149	5	1461	28
149	5	1774	29
150	5	521	25
150	5	1513	27
150	5	1826	28
150	5	2139	29
151	5	887	25
151	5	2035	27
152	5	626	25
152	5	1356	27
152	5	1669	28
152	5	1982	29
153	5	678	25
154	5	521	25
154	5	1200	27
154	5	1513	28
154	5	1826	29
155	5	521	25
155	5	1252	27
155	5	1565	28
155	5	1878	29
156	5	521	25
156	5	1252	27
156	5	1565	28
156	5	1878	29
158	5	521	25
158	5	1408	27
158	5	1722	28
158	5	2035	29
159	5	521	25
159	5	991	27
159	5	1304	28
159	5	1617	29
160	5	678	25
160	5	1565	27
160	5	1878	28
160	5	2191	29
161	5	1617	25
162	5	1043	25
162	5	1617	27
162	5	1930	28
162	5	2243	29
163	5	1148	25
164	5	521	25
164	5	1982	27
164	5	2295	28
165	5	521	25
165	5	1252	27
165	5	1565	28
165	5	1878	29
166	5	1826	25
167	5	1200	25
167	5	2243	27
169	5	521	25
169	5	2243	27
170	5	521	25
170	5	1043	27
170	5	1356	28
170	5	1669	29
171	5	939	25
172	5	1043	25
172	5	1617	27
172	5	1930	28
172	5	2243	29
173	5	1304	25
174	5	834	25
174	5	1669	27
174	5	1982	28
174	5	2295	29
175	5	626	25
175	5	1461	27
175	5	1774	28
175	5	2087	29
176	5	521	25
176	5	2087	27
177	5	1669	25
178	5	2035	25
179	5	574	25
179	5	1408	27
179	5	1722	28
179	5	2035	29
180	5	1930	25
181	5	521	25
181	5	2139	27
182	5	678	25
183	5	521	25
183	5	1408	27
183	5	1722	28
183	5	2035	29
184	5	1148	25
185	5	574	25
185	5	1304	27
185	5	1617	28
185	5	1930	29
186	5	2139	25
187	5	730	25
187	5	1617	27
187	5	1930	28
187	5	2243	29
188	5	1356	25
189	5	730	25
189	5	1461	27
189	5	1774	28
189	5	2087	29
190	5	1095	25
191	5	521	25
192	5	626	25
192	5	1408	27
192	5	1722	28
192	5	2035	29
193	5	626	25
193	5	1722	27
193	5	2035	28
194	5	678	25
196	5	521	25
196	5	991	27
196	5	1304	28
196	5	1617	29
196	5	2087	30
198	5	626	25
198	5	1408	27
198	5	1722	28
198	5	2035	29
199	5	521	25
199	5	1252	27
199	5	1565	28
199	5	1878	29
200	5	1148	25
200	5	1722	27
200	5	2035	28
201	5	1826	25
202	5	991	25
202	5	1669	27
202	5	1982	28
202	5	2295	29
203	5	782	25
203	5	1617	27
203	5	1930	28
203	5	2243	29
204	5	521	25
204	5	1461	27
204	5	1774	28
204	5	2087	29
205	5	1252	25
205	5	2035	27
206	5	521	25
206	5	939	27
206	5	1252	28
206	5	1565	29
206	5	1930	30
207	5	521	25
207	5	1408	27
207	5	1722	28
207	5	2035	29
208	5	521	25
208	5	1513	27
208	5	1826	28
208	5	2139	29
209	5	2243	25
210	5	574	25
210	5	1722	27
210	5	2035	28
211	5	1513	25
212	5	782	25
213	5	1565	25
214	5	834	25
215	5	1148	25
216	5	991	25
217	5	1148	25
217	5	1722	27
217	5	2035	28
218	5	678	25
218	5	1513	27
218	5	1826	28
218	5	2139	29
219	5	2191	25
220	5	1408	25
221	5	678	25
221	5	1669	27
221	5	1982	28
221	5	2295	29
222	5	1826	25
223	5	834	25
224	5	887	25
224	5	1826	27
224	5	2139	28
225	5	521	25
225	5	1095	27
225	5	1408	28
225	5	1722	29
226	5	521	25
226	5	1252	27
226	5	1565	28
226	5	1878	29
227	5	678	25
227	5	2191	27
228	5	521	25
228	5	1200	27
228	5	1513	28
228	5	1826	29
229	5	730	25
229	5	1565	27
229	5	1878	28
229	5	2191	29
230	5	521	25
230	5	1982	27
230	5	2295	28
231	5	521	25
231	5	1878	27
231	5	2191	28
232	5	521	25
232	5	1200	27
232	5	1513	28
232	5	1826	29
233	5	1252	25
233	5	1930	27
233	5	2243	28
235	5	1513	25
236	5	939	25
236	5	2295	27
237	5	834	25
239	5	1200	25
240	5	521	25
240	5	1252	27
240	5	1565	28
240	5	1878	29
241	5	730	25
241	5	1461	27
241	5	1774	28
241	5	2087	29
242	5	626	25
242	5	1408	27
242	5	1722	28
242	5	2035	29
243	5	521	25
243	5	939	27
243	5	1252	28
243	5	1565	29
244	5	469	29
244	5	2295	25
245	5	1095	25
245	5	1982	27
245	5	2295	28
246	5	2087	25
248	5	521	25
248	5	1617	27
248	5	1930	28
248	5	2243	29
249	5	521	25
249	5	1930	27
249	5	2243	28
250	5	521	25
250	5	1095	27
250	5	1408	28
250	5	1722	29
251	5	574	25
251	5	1722	27
251	5	2035	28
252	5	1461	25
253	5	834	25
253	5	2139	27
255	5	939	25
256	5	782	25
256	5	1148	27
256	5	1461	28
256	5	1774	29
257	5	1095	25
257	5	1878	27
257	5	2191	28
258	5	521	25
258	5	1669	27
258	5	1982	28
258	5	2295	29
259	5	521	25
259	5	1826	27
259	5	2139	28
260	5	521	25
260	5	1826	27
260	5	2139	28
262	5	887	25
262	5	1513	27
262	5	1826	28
262	5	2139	29
263	5	782	25
264	5	521	25
264	5	1878	27
264	5	2191	28
265	5	521	25
266	5	574	25
266	5	1669	27
266	5	1982	28
266	5	2295	29
267	5	521	25
267	5	2035	27
268	5	1043	25
268	5	1565	27
268	5	1878	28
268	5	2191	29
269	5	521	25
269	5	1304	27
269	5	1617	28
269	5	1930	29
270	5	782	25
271	5	626	25
271	5	1408	27
271	5	1722	28
271	5	2035	29
272	5	521	25
272	5	1148	27
272	5	1461	28
272	5	1774	29
272	5	2139	30
273	5	2295	25
274	5	1148	25
275	5	1617	25
276	5	2191	25
277	5	730	25
278	5	1513	25
279	5	1200	25
280	5	782	25
280	5	2087	27
282	5	1565	25
283	5	1148	25
283	5	1774	27
283	5	2087	28
284	5	521	25
284	5	1043	27
284	5	1356	28
284	5	1669	29
285	5	1095	25
285	5	1617	27
285	5	1930	28
285	5	2243	29
286	5	521	25
286	5	1252	27
286	5	1565	28
286	5	1878	29
287	5	1148	25
288	5	521	25
289	5	1930	25
291	5	626	25
292	5	1513	25
292	5	2243	27
293	5	521	25
293	5	939	27
293	5	1252	28
293	5	1565	29
294	5	521	25
295	5	1043	25
295	5	2035	27
296	5	521	25
296	5	1461	27
296	5	1774	28
296	5	2087	29
297	5	1408	25
298	5	834	25
298	5	1722	27
298	5	2035	28
299	5	521	25
300	5	1304	25
300	5	2295	27
301	5	521	25
301	5	1356	27
301	5	1669	28
301	5	1982	29
302	5	574	25
302	5	1513	27
302	5	1826	28
302	5	2139	29
303	5	521	25
303	5	991	27
303	5	1304	28
303	5	1617	29
304	5	521	25
304	5	1774	27
304	5	2087	28
306	5	521	25
306	5	1148	27
306	5	1461	28
306	5	1774	29
307	5	678	25
308	5	678	25
309	5	521	25
309	5	991	27
309	5	1304	28
309	5	1617	29
309	5	2295	30
310	5	574	25
310	5	1252	27
310	5	1565	28
310	5	1878	29
310	5	2295	30
311	5	887	25
312	5	1043	25
312	5	2035	27
313	5	730	25
314	5	1252	25
315	5	626	25
315	5	1513	27
315	5	1826	28
315	5	2139	29
316	5	2035	25
317	5	1200	25
318	5	1461	25
319	5	1826	25
320	5	1252	25
321	5	521	25
322	5	521	25
322	5	1878	27
322	5	2191	28
323	5	1826	25
324	5	1304	25
325	5	1200	25
326	5	521	25
326	5	1826	27
326	5	2139	28
327	5	1095	25
327	5	1669	27
327	5	1982	28
327	5	2295	29
328	5	834	25
329	5	1461	25
330	5	730	25
330	5	1461	27
330	5	1774	28
330	5	2087	29
331	5	521	25
331	5	1878	27
331	5	2191	28
332	5	574	25
332	5	1356	27
332	5	1669	28
332	5	1982	29
333	5	521	25
333	5	1461	27
333	5	1774	28
333	5	2087	29
334	5	1200	25
335	5	521	25
335	5	1408	27
335	5	1722	28
335	5	2035	29
336	5	521	25
336	5	1669	27
336	5	1982	28
336	5	2295	29
337	5	887	25
338	5	1513	25
339	5	521	25
339	5	1930	27
339	5	2243	28
340	5	1095	25
340	5	1722	27
340	5	2087	28
341	5	1148	25
341	5	1722	27
341	5	2035	28
342	5	521	25
342	5	1095	27
342	5	1408	28
342	5	1722	29
343	5	521	25
343	5	939	27
343	5	1252	28
343	5	1565	29
344	5	1930	25
345	5	574	25
345	5	1356	27
345	5	1669	28
345	5	1982	29
346	5	574	25
346	5	1252	27
346	5	1565	28
346	5	1878	29
347	5	626	25
348	5	521	25
348	5	1461	27
348	5	1774	28
348	5	2087	29
349	5	521	25
349	5	1095	27
349	5	1408	28
349	5	1722	29
350	5	1982	25
351	5	574	25
352	5	626	25
352	5	1513	27
352	5	1826	28
352	5	2139	29
353	5	521	25
353	5	1669	27
353	5	1982	28
353	5	2295	29
354	5	521	25
354	5	1043	27
354	5	1356	28
354	5	1669	29
355	5	521	25
356	5	887	25
356	5	1826	27
356	5	2139	28
357	5	574	25
358	5	1043	25
358	5	1722	27
358	5	2035	28
360	5	678	25
360	5	2295	27
361	5	574	25
361	5	1669	27
361	5	1982	28
361	5	2295	29
362	5	1982	25
364	5	521	25
364	5	2191	27
365	5	1669	25
366	5	782	25
366	5	1617	27
366	5	1930	28
366	5	2243	29
367	5	574	25
367	5	1982	27
367	5	2295	28
368	5	521	25
368	5	939	27
368	5	1252	28
368	5	1565	29
369	5	574	25
369	5	1304	27
369	5	1617	28
369	5	1930	29
370	5	834	25
371	5	521	25
371	5	1826	27
371	5	2139	28
372	5	782	25
372	5	2191	27
373	5	939	25
374	5	1513	25
374	5	2191	27
375	5	1252	25
376	5	574	25
376	5	2243	27
377	5	1252	25
377	5	2087	27
378	5	1043	25
379	5	678	25
379	5	1565	27
379	5	1878	28
379	5	2191	29
380	5	626	25
381	5	678	25
381	5	2087	27
382	5	521	25
382	5	1930	27
382	5	2243	28
383	5	1356	25
384	5	574	25
384	5	1669	27
384	5	1982	28
384	5	2295	29
385	5	678	25
386	5	574	25
387	5	521	25
387	5	1304	27
387	5	1617	28
387	5	1930	29
388	5	2035	25
389	5	521	25
390	5	521	25
390	5	939	27
390	5	1252	28
390	5	1565	29
391	5	521	25
391	5	1408	27
391	5	1722	28
391	5	2035	29
392	5	991	25
392	5	2191	27
393	5	521	25
393	5	1252	27
393	5	1565	28
393	5	1878	29
394	5	626	25
394	5	2243	27
395	5	626	25
396	5	521	25
396	5	1043	27
396	5	1356	28
396	5	1669	29
397	5	1148	25
397	5	1722	27
397	5	2035	28
398	5	626	25
399	5	521	25
399	5	1356	27
399	5	1669	28
399	5	1982	29
400	5	574	25
400	5	2087	27
401	5	2139	25
402	5	626	25
402	5	1513	27
402	5	1826	28
402	5	2139	29
403	5	1930	25
404	5	782	25
404	5	2087	27
405	5	1095	25
405	5	1878	27
405	5	2191	28
406	5	521	25
406	5	1408	27
406	5	1722	28
406	5	2035	29
407	5	1095	25
407	5	1669	27
407	5	1982	28
407	5	2295	29
409	5	1095	25
410	5	991	25
410	5	2139	27
411	5	469	29
411	5	1565	25
411	5	1982	27
412	5	521	25
412	5	1043	27
412	5	1356	28
412	5	1669	29
412	5	2087	30
413	5	521	25
413	5	991	27
413	5	1304	28
413	5	1617	29
414	5	626	25
414	5	1461	27
414	5	1774	28
414	5	2087	29
415	5	521	25
415	5	1461	27
415	5	1774	28
415	5	2087	29
416	5	1461	25
417	5	521	25
417	5	1826	27
417	5	2139	28
418	5	574	25
418	5	1252	27
418	5	1565	28
418	5	1878	29
419	5	521	25
419	5	1304	27
419	5	1617	28
419	5	1930	29
420	5	887	25
420	5	1826	27
420	5	2139	28
421	5	1930	25
422	5	939	25
423	5	1043	25
423	5	1617	27
423	5	1930	28
423	5	2243	29
424	5	521	25
424	5	1148	27
424	5	1461	28
424	5	1774	29
424	5	2191	30
425	5	574	25
425	5	2035	27
426	5	1043	25
426	5	1617	27
426	5	1930	28
426	5	2243	29
427	5	2035	25
428	5	521	25
429	5	626	25
429	5	1461	27
429	5	1774	28
429	5	2087	29
430	5	521	25
430	5	1669	27
430	5	1982	28
430	5	2295	29
431	5	521	25
431	5	1148	27
431	5	1461	28
431	5	1774	29
432	5	521	25
432	5	1252	27
432	5	1565	28
432	5	1878	29
433	5	678	25
433	5	1669	27
433	5	1982	28
433	5	2295	29
434	5	521	25
434	5	1200	27
434	5	1513	28
434	5	1826	29
434	5	2243	30
435	5	521	25
435	5	1200	27
435	5	1513	28
435	5	1826	29
436	5	521	25
436	5	1095	27
436	5	1408	28
436	5	1722	29
437	5	521	25
437	5	1878	27
437	5	2191	28
438	5	678	25
438	5	1461	27
438	5	1774	28
438	5	2087	29
439	5	939	25
440	5	678	25
440	5	2191	27
441	5	2087	25
442	5	678	25
442	5	1826	27
442	5	2139	28
443	5	730	25
444	5	1617	25
445	5	521	25
445	5	1669	27
445	5	1982	28
445	5	2295	29
446	5	782	25
446	5	2191	27
447	5	1565	25
448	5	1043	25
449	5	2035	25
450	5	2243	25
451	5	782	25
451	5	1461	27
451	5	1774	28
451	5	2087	29
452	5	574	25
452	5	2139	27
453	5	521	25
453	5	1043	27
453	5	1356	28
453	5	1669	29
454	5	1304	25
455	5	1095	25
455	5	1722	27
455	5	2035	28
456	5	1252	25
456	5	2191	27
457	5	730	25
458	5	1826	25
459	5	939	25
460	5	521	25
460	5	1982	27
460	5	2295	28
461	5	521	25
461	5	1304	27
461	5	1617	28
461	5	1930	29
462	5	574	25
462	5	1826	27
462	5	2139	28
463	5	574	25
463	5	1252	27
463	5	1565	28
463	5	1878	29
464	5	887	25
464	5	1669	27
464	5	1982	28
464	5	2295	29
465	5	521	25
465	5	1878	27
465	5	2191	28
466	5	521	25
466	5	1304	27
466	5	1617	28
466	5	1930	29
467	5	521	25
467	5	1826	27
467	5	2139	28
468	5	521	25
468	5	1878	27
468	5	2191	28
469	5	521	25
469	5	939	27
469	5	1252	28
469	5	1565	29
470	5	1565	25
471	5	1095	25
471	5	2139	27
472	5	521	25
472	5	1774	27
472	5	2087	28
473	5	678	25
473	5	1722	27
473	5	2035	28
474	5	521	25
474	5	1148	27
474	5	1461	28
474	5	1774	29
475	5	939	25
475	5	2191	27
476	5	1356	25
477	5	991	25
478	5	678	25
480	5	730	25
481	5	574	25
481	5	1252	27
481	5	1565	28
481	5	1878	29
482	5	574	25
482	5	2243	27
483	5	1722	25
484	5	2035	25
485	5	1148	25
485	5	2295	27
486	5	1252	25
486	5	1982	27
486	5	2295	28
487	5	521	25
487	5	1826	27
487	5	2139	28
488	5	1252	25
489	5	521	25
489	5	991	27
489	5	1304	28
489	5	1617	29
490	5	782	25
490	5	1461	27
490	5	1774	28
490	5	2087	29
491	5	626	25
491	5	1878	27
491	5	2191	28
492	5	991	25
492	5	1669	27
492	5	1982	28
492	5	2295	29
493	5	678	25
494	5	521	25
495	5	834	25
495	5	1461	27
495	5	1774	28
495	5	2087	29
496	5	678	25
496	5	1461	27
496	5	1774	28
496	5	2087	29
497	5	521	25
498	5	574	25
498	5	2295	27
499	5	574	25
500	5	521	25
500	5	1043	27
500	5	1356	28
500	5	1669	29
501	5	1252	25
501	5	2191	27
502	5	782	25
502	5	1930	27
502	5	2243	28
503	5	521	25
503	5	991	27
503	5	1304	28
503	5	1617	29
503	5	2191	30
505	5	1252	25
505	5	2295	27
506	5	1043	25
507	5	1617	25
508	5	521	25
508	5	1148	27
508	5	1461	28
508	5	1774	29
508	5	2295	30
510	5	1930	25
512	5	939	25
512	5	1565	27
512	5	1878	28
512	5	2191	29
513	5	991	25
513	5	1722	27
513	5	2035	28
514	5	521	25
514	5	1669	27
514	5	1982	28
514	5	2295	29
515	5	521	25
515	5	1252	27
515	5	1565	28
515	5	1878	29
516	5	1304	25
516	5	2087	27
517	5	1252	25
517	5	2035	27
518	5	1043	25
518	5	1722	27
518	5	2035	28
519	5	521	25
519	5	1356	27
519	5	1669	28
519	5	1982	29
520	5	626	25
520	5	2087	27
521	5	521	25
521	5	1148	27
521	5	1461	28
521	5	1774	29
522	5	730	25
522	5	1461	27
522	5	1774	28
522	5	2087	29
523	5	521	25
523	5	1513	27
523	5	1826	28
523	5	2139	29
524	5	2087	25
525	5	574	25
525	5	1252	27
525	5	1565	28
525	5	1878	29
526	5	1930	25
527	5	521	25
527	5	2035	27
528	5	521	25
528	5	1304	27
528	5	1617	28
528	5	1930	29
529	5	521	25
529	5	1043	27
529	5	1356	28
529	5	1669	29
530	5	1252	25
530	5	1878	27
530	5	2191	28
531	5	1043	25
531	5	1617	27
531	5	1930	28
531	5	2243	29
532	5	939	25
533	5	1982	25
534	5	521	25
534	5	1095	27
534	5	1408	28
534	5	1722	29
535	5	1669	25
536	5	1304	25
536	5	2243	27
537	5	626	25
537	5	1513	27
537	5	1826	28
537	5	2139	29
538	5	521	25
538	5	1252	27
538	5	1565	28
538	5	1878	29
539	5	521	25
539	5	2139	27
540	5	1930	25
541	5	521	25
541	5	1878	27
541	5	2191	28
542	5	991	25
543	5	1095	25
543	5	1669	27
543	5	1982	28
543	5	2295	29
544	5	574	25
544	5	1304	27
544	5	1617	28
544	5	1930	29
545	5	782	25
546	5	1148	25
547	5	626	25
547	5	1356	27
547	5	1669	28
547	5	1982	29
548	5	1356	25
549	5	1252	25
550	5	521	25
550	5	1043	27
550	5	1356	28
550	5	1669	29
551	5	521	25
551	5	1148	27
551	5	1461	28
551	5	1774	29
552	5	1356	25
553	5	730	25
553	5	1878	27
553	5	2191	28
554	5	521	25
554	5	991	27
554	5	1304	28
554	5	1617	29
555	5	521	25
555	5	1043	27
555	5	1356	28
555	5	1669	29
555	5	2191	30
556	5	834	25
556	5	1461	27
556	5	1774	28
556	5	2087	29
557	5	1774	25
558	5	469	29
559	5	1043	25
559	5	1669	27
559	5	1982	28
559	5	2295	29
560	5	1356	25
561	5	834	25
562	5	1043	25
562	5	1669	27
562	5	1982	28
562	5	2295	29
563	5	678	25
563	5	1408	27
563	5	1722	28
563	5	2035	29
564	5	1356	25
564	5	2243	27
565	5	521	25
565	5	1200	27
565	5	1513	28
565	5	1826	29
565	5	2243	30
566	5	521	25
567	5	730	25
568	5	521	25
568	5	1148	27
568	5	1461	28
568	5	1774	29
569	5	939	25
569	5	1722	27
569	5	2035	28
570	5	1304	25
571	5	521	25
571	5	1617	27
571	5	1930	28
571	5	2243	29
572	5	1408	25
574	5	626	25
575	5	521	25
575	5	991	27
575	5	1304	28
575	5	1617	29
576	5	1148	25
576	5	2295	27
577	5	521	25
577	5	1252	27
577	5	1565	28
577	5	1878	29
578	5	1043	25
578	5	2191	27
579	5	782	25
580	5	2035	25
581	5	1043	25
581	5	1669	27
581	5	1982	28
581	5	2295	29
582	5	730	25
582	5	1930	27
582	5	2243	28
583	5	521	25
583	5	1043	27
583	5	1356	28
583	5	1669	29
584	5	521	25
584	5	1930	27
584	5	2243	28
585	5	521	25
585	5	991	27
585	5	1304	28
585	5	1617	29
586	5	730	25
586	5	1408	27
586	5	1722	28
586	5	2035	29
587	5	521	25
587	5	991	27
587	5	1304	28
587	5	1617	29
588	5	574	25
588	5	1617	27
588	5	1930	28
588	5	2243	29
589	5	574	25
589	5	1408	27
589	5	1722	28
589	5	2035	29
590	5	521	25
590	5	1408	27
590	5	1722	28
590	5	2035	29
591	5	1461	25
593	5	678	25
594	5	782	25
594	5	1982	27
594	5	2295	28
595	5	521	25
595	5	1148	27
595	5	1461	28
595	5	1774	29
596	5	730	25
596	5	1513	27
596	5	1826	28
596	5	2139	29
597	5	730	25
598	5	521	25
598	5	1617	27
598	5	1930	28
598	5	2243	29
599	5	521	25
599	5	1722	27
599	5	2035	28
600	5	1669	25
601	5	574	25
602	5	1200	25
603	5	782	25
604	5	834	25
604	5	1722	27
604	5	2035	28
605	5	1095	25
606	5	678	25
606	5	1513	27
606	5	1826	28
606	5	2139	29
607	5	521	25
607	5	1356	27
607	5	1669	28
607	5	1982	29
608	5	521	25
608	5	1461	27
608	5	1774	28
608	5	2087	29
610	5	2243	25
611	5	730	25
611	5	1930	27
611	5	2243	28
612	5	1095	25
612	5	1722	27
612	5	2035	28
613	5	1252	25
614	5	1148	25
615	5	939	25
616	5	1043	25
617	5	1930	25
618	5	2087	25
619	5	991	25
620	5	521	25
620	5	2243	27
621	5	1043	25
621	5	1565	27
621	5	1878	28
621	5	2191	29
622	5	521	25
623	5	1148	25
624	5	521	25
625	5	1095	25
625	5	1669	27
625	5	1982	28
625	5	2295	29
626	5	574	25
626	5	1356	27
626	5	1669	28
626	5	1982	29
627	5	574	25
627	5	1513	27
627	5	1826	28
627	5	2139	29
628	5	678	25
628	5	1669	27
628	5	1982	28
628	5	2295	29
629	5	887	25
629	5	2243	27
630	5	782	25
630	5	1930	27
630	5	2243	28
631	5	678	25
631	5	1461	27
631	5	1774	28
631	5	2087	29
632	5	521	25
632	5	939	27
632	5	1252	28
632	5	1565	29
633	5	1513	25
634	5	1148	25
635	5	1356	25
636	5	2191	25
637	5	1304	25
638	5	1826	25
639	5	521	25
639	5	1200	27
639	5	1513	28
639	5	1826	29
640	5	782	25
641	5	626	25
642	5	1148	25
643	5	2295	25
644	5	574	25
645	5	782	25
645	5	1513	27
645	5	1826	28
645	5	2139	29
646	5	521	25
646	5	1200	27
646	5	1513	28
646	5	1826	29
647	5	1513	25
648	5	782	25
648	5	1722	27
648	5	2035	28
649	5	521	25
649	5	1513	27
649	5	1826	28
649	5	2139	29
650	5	1461	25
650	5	2243	27
651	5	574	25
652	5	626	25
652	5	1617	27
652	5	1930	28
652	5	2243	29
653	5	626	25
653	5	1617	27
653	5	1930	28
653	5	2243	29
654	5	834	25
655	5	782	25
655	5	1722	27
655	5	2035	28
656	5	678	25
656	5	1617	27
656	5	1930	28
656	5	2243	29
657	5	521	25
658	5	521	25
658	5	1304	27
658	5	1617	28
658	5	1930	29
659	5	1095	25
659	5	1722	27
659	5	2035	28
660	5	887	25
661	5	521	25
661	5	1461	27
661	5	1774	28
661	5	2087	29
662	5	678	25
662	5	1565	27
662	5	1878	28
662	5	2191	29
663	5	1043	25
664	5	521	25
664	5	1304	27
664	5	1617	28
664	5	1930	29
665	5	521	25
665	5	1513	27
665	5	1826	28
665	5	2139	29
666	5	521	25
666	5	1826	27
666	5	2139	28
667	5	521	25
668	5	1043	25
668	5	1878	27
668	5	2191	28
669	5	834	25
669	5	1774	27
669	5	2087	28
670	5	887	25
670	5	1878	27
670	5	2191	28
671	5	1408	25
672	5	887	25
672	5	2191	27
673	5	782	25
673	5	2295	27
674	5	730	25
674	5	1565	27
674	5	1878	28
674	5	2191	29
675	5	1043	25
675	5	1617	27
675	5	1930	28
675	5	2243	29
676	5	521	25
676	5	1148	27
676	5	1461	28
676	5	1774	29
677	5	887	25
677	5	1461	27
677	5	1774	28
677	5	2087	29
678	5	521	25
678	5	1774	27
678	5	2087	28
679	5	1200	25
680	5	1043	25
680	5	1565	27
680	5	1878	28
680	5	2191	29
681	5	939	25
682	5	574	25
682	5	1930	27
682	5	2243	28
683	5	1200	25
684	5	1043	25
684	5	1565	27
684	5	1878	28
684	5	2191	29
685	5	626	25
685	5	2243	27
686	5	521	25
687	5	1356	25
688	5	1148	25
688	5	2191	27
689	5	1148	25
690	5	626	25
691	5	521	25
691	5	1252	27
691	5	1565	28
691	5	1878	29
692	5	626	25
692	5	1304	27
692	5	1617	28
692	5	1930	29
693	5	626	25
693	5	1461	27
693	5	1774	28
693	5	2087	29
694	5	574	25
694	5	1565	27
694	5	1878	28
694	5	2191	29
695	5	521	25
695	5	1774	27
695	5	2087	28
696	5	939	25
697	5	521	25
697	5	1408	27
697	5	1722	28
697	5	2035	29
698	5	1461	25
698	5	2243	27
699	5	678	25
699	5	1669	27
699	5	1982	28
699	5	2295	29
700	5	626	25
701	5	939	25
701	5	1565	27
701	5	1878	28
701	5	2191	29
702	5	678	25
703	5	521	25
703	5	1304	27
703	5	1617	28
703	5	1930	29
704	5	1982	25
705	5	991	25
705	5	1878	27
705	5	2191	28
706	5	521	25
706	5	1826	27
706	5	2139	28
707	5	574	25
707	5	2087	27
708	5	1095	25
708	5	1669	27
708	5	1982	28
708	5	2295	29
709	5	574	25
709	5	1356	27
709	5	1669	28
709	5	1982	29
710	5	574	25
710	5	1252	27
710	5	1565	28
710	5	1878	29
711	5	1043	25
711	5	1774	27
711	5	2087	28
712	5	834	25
714	5	521	25
714	5	1669	27
714	5	1982	28
714	5	2295	29
715	5	782	25
715	5	2139	27
716	5	521	25
716	5	991	27
716	5	1304	28
716	5	1617	29
717	5	1043	25
717	5	1565	27
717	5	1878	28
717	5	2191	29
718	5	521	25
718	5	1252	27
718	5	1565	28
718	5	1878	29
719	5	887	25
720	5	1930	25
721	5	730	25
721	5	1617	27
721	5	1930	28
721	5	2243	29
722	5	521	25
722	5	991	27
722	5	1304	28
722	5	1617	29
723	5	730	25
724	5	730	25
725	5	574	25
725	5	1408	27
725	5	1722	28
725	5	2035	29
726	5	730	25
726	5	1408	27
726	5	1722	28
726	5	2035	29
727	5	1252	25
728	5	1878	25
729	5	574	25
729	5	2191	27
730	5	678	25
731	5	521	25
731	5	1878	27
731	5	2191	28
732	5	574	25
732	5	2243	27
733	5	521	25
733	5	1356	27
733	5	1669	28
733	5	1982	29
734	5	521	25
734	5	1461	27
734	5	1774	28
734	5	2087	29
735	5	1930	25
736	5	1043	25
737	5	521	25
737	5	1356	27
737	5	1669	28
737	5	1982	29
738	5	574	25
738	5	1304	27
738	5	1617	28
738	5	1930	29
739	5	1095	25
739	5	1722	27
739	5	2035	28
741	5	626	25
742	5	521	25
742	5	1095	27
742	5	1408	28
742	5	1722	29
742	5	2295	30
743	5	521	25
743	5	1774	27
743	5	2087	28
744	5	1148	25
744	5	1722	27
744	5	2035	28
745	5	1095	25
746	5	1252	25
747	5	678	25
748	5	2035	25
749	5	1356	25
750	5	626	25
750	5	2243	27
751	5	1200	25
752	5	939	25
752	5	1617	27
752	5	1930	28
752	5	2243	29
753	5	521	25
753	5	1252	27
753	5	1565	28
753	5	1878	29
754	5	521	25
754	5	1304	27
754	5	1617	28
754	5	1930	29
755	5	521	25
755	5	1826	27
755	5	2139	28
756	5	521	25
756	5	1200	27
756	5	1513	28
756	5	1826	29
757	5	1617	25
758	5	521	25
758	5	939	27
758	5	1252	28
758	5	1565	29
759	5	1304	25
760	5	678	25
761	5	730	25
761	5	1930	27
761	5	2243	28
762	5	574	25
762	5	1669	27
762	5	1982	28
762	5	2295	29
763	5	1148	25
763	5	1878	27
763	5	2191	28
764	5	678	25
765	5	521	25
765	5	1826	27
765	5	2139	28
766	5	521	25
767	5	1095	25
767	5	1930	27
767	5	2243	28
768	5	1408	25
769	5	782	25
770	5	1930	25
771	5	1095	25
772	5	834	25
773	5	1408	25
774	5	521	25
774	5	1148	27
774	5	1461	28
774	5	1774	29
775	5	1252	25
776	5	521	25
776	5	1095	27
776	5	1408	28
776	5	1722	29
777	5	1982	25
778	5	574	25
778	5	1982	27
778	5	2295	28
779	5	1930	25
780	5	626	25
781	5	574	25
781	5	1461	27
781	5	1774	28
781	5	2087	29
782	5	626	25
782	5	2139	27
783	5	1461	25
784	5	521	25
784	5	1826	27
784	5	2139	28
785	5	626	25
785	5	2243	27
786	5	782	25
787	5	1304	25
787	5	2139	27
788	5	521	25
788	5	1722	27
788	5	2035	28
789	5	1095	25
789	5	1669	27
789	5	1982	28
789	5	2295	29
790	5	834	25
790	5	2035	27
791	5	1356	25
792	5	574	25
793	5	521	25
793	5	1513	27
793	5	1826	28
793	5	2139	29
794	5	521	25
794	5	1982	27
794	5	2295	28
795	5	1722	25
796	5	1304	25
797	5	521	25
797	5	2087	27
798	5	1043	25
798	5	1982	27
798	5	2295	28
800	5	1252	25
801	5	1356	25
801	5	2087	27
802	5	574	25
802	5	1617	27
802	5	1930	28
802	5	2243	29
803	5	574	25
803	5	1461	27
803	5	1774	28
803	5	2087	29
804	5	574	25
804	5	1878	27
804	5	2191	28
806	5	1356	25
807	5	521	25
807	5	991	27
807	5	1304	28
807	5	1617	29
808	5	1982	25
809	5	1722	25
810	5	521	25
810	5	1252	27
810	5	1565	28
810	5	1878	29
811	5	521	25
811	5	1878	27
811	5	2191	28
812	5	521	25
812	5	1252	27
812	5	1565	28
812	5	1878	29
813	5	678	25
814	5	626	25
815	5	469	29
816	5	1095	25
816	5	2087	27
817	5	2139	25
818	5	626	25
818	5	1722	27
818	5	2035	28
819	5	1461	25
820	5	678	25
821	5	1148	25
821	5	2087	27
822	5	521	25
822	5	1617	27
822	5	1930	28
822	5	2243	29
823	5	521	25
823	5	1043	27
823	5	1356	28
823	5	1669	29
824	5	1043	25
824	5	1617	27
824	5	1930	28
824	5	2243	29
825	5	1043	25
825	5	1617	27
825	5	1930	28
825	5	2243	29
826	5	939	25
826	5	1669	27
826	5	1982	28
826	5	2295	29
827	5	834	25
828	5	1252	25
828	5	2035	27
829	5	1982	25
830	5	1095	25
831	5	521	25
831	5	1252	27
831	5	1565	28
831	5	1878	29
832	5	521	25
832	5	1200	27
832	5	1513	28
832	5	1826	29
833	5	1148	25
834	5	521	25
834	5	1252	27
834	5	1565	28
834	5	1878	29
835	5	626	25
835	5	2191	27
836	5	2087	25
837	5	1200	25
837	5	2139	27
838	5	469	29
838	5	1878	25
838	5	2139	27
839	5	1356	25
839	5	2087	27
840	5	469	29
840	5	1408	25
840	5	1669	27
841	5	574	25
842	5	782	25
842	5	1669	27
842	5	1982	28
842	5	2295	29
843	5	521	25
843	5	1095	27
843	5	1408	28
843	5	1722	29
843	5	2191	30
844	5	1200	25
845	5	1200	25
846	5	1408	25
847	5	1148	25
847	5	1826	27
847	5	2139	28
848	5	521	25
848	5	991	27
848	5	1304	28
848	5	1617	29
849	5	1930	25
850	5	521	25
850	5	1148	27
850	5	1461	28
850	5	1774	29
851	5	2243	25
852	5	887	25
853	5	1356	25
853	5	2243	27
854	5	1095	25
854	5	1617	27
854	5	1930	28
854	5	2243	29
855	5	574	25
856	5	626	25
857	5	1304	25
858	5	730	25
858	5	1565	27
858	5	1878	28
858	5	2191	29
859	5	782	25
860	5	1565	25
861	5	521	25
862	5	1513	25
863	5	521	25
863	5	1252	27
863	5	1565	28
863	5	1878	29
864	5	521	25
864	5	1148	27
864	5	1461	28
864	5	1774	29
865	5	521	25
865	5	1722	27
865	5	2035	28
866	5	521	25
866	5	1513	27
866	5	1826	28
866	5	2139	29
867	5	730	25
868	5	521	25
868	5	1774	27
868	5	2087	28
869	5	991	25
869	5	1565	27
869	5	1878	28
869	5	2191	29
870	5	1095	25
870	5	2295	27
871	5	1095	25
871	5	1878	27
871	5	2191	28
873	5	521	25
873	5	1095	27
873	5	1408	28
873	5	1722	29
875	5	574	25
875	5	1617	27
875	5	1930	28
875	5	2243	29
876	5	521	25
877	5	521	25
877	5	991	27
877	5	1304	28
877	5	1617	29
878	5	1200	25
878	5	2087	27
879	5	678	25
879	5	2191	27
880	5	521	25
880	5	1252	27
880	5	1565	28
880	5	1878	29
881	5	939	25
882	5	1252	25
883	5	1722	25
884	5	521	25
884	5	2035	27
885	5	521	25
885	5	1095	27
885	5	1408	28
885	5	1722	29
886	5	939	25
886	5	2191	27
887	5	626	25
888	5	1878	25
889	5	1356	25
890	5	1252	25
890	5	1878	27
890	5	2191	28
891	5	521	25
891	5	2191	27
892	5	1461	25
892	5	2243	27
893	5	574	25
894	5	574	25
894	5	2295	27
895	5	626	25
895	5	1930	27
895	5	2243	28
896	5	521	25
897	5	521	25
897	5	1356	27
897	5	1669	28
897	5	1982	29
898	5	521	25
898	5	1200	27
898	5	1513	28
898	5	1826	29
899	5	521	25
899	5	1200	27
899	5	1513	28
899	5	1826	29
900	5	939	25
900	5	2035	27
901	5	521	25
901	5	2035	27
902	5	834	25
902	5	1461	27
902	5	1774	28
902	5	2087	29
903	5	521	25
903	5	1356	27
903	5	1669	28
903	5	1982	29
905	5	1095	25
905	5	2295	27
906	5	521	25
907	5	2035	25
908	5	521	25
908	5	1461	27
908	5	1774	28
908	5	2087	29
909	5	1930	25
910	5	1095	25
910	5	2035	27
911	5	887	25
912	5	521	25
913	5	1304	25
913	5	2035	27
914	5	782	25
914	5	1513	27
914	5	1826	28
914	5	2139	29
915	5	1200	25
916	5	521	25
916	5	1252	27
916	5	1565	28
916	5	1878	29
917	5	730	25
917	5	2087	27
918	5	1200	25
919	5	1252	25
920	5	782	25
921	5	730	25
922	5	626	25
922	5	1930	27
922	5	2243	28
923	5	1148	25
924	5	574	25
924	5	1200	27
924	5	1513	28
924	5	1826	29
925	5	521	25
926	5	574	25
926	5	1408	27
926	5	1722	28
926	5	2035	29
927	5	834	25
927	5	1669	27
927	5	1982	28
927	5	2295	29
929	5	574	25
929	5	1461	27
929	5	1774	28
929	5	2087	29
931	5	521	25
931	5	1095	27
931	5	1408	28
931	5	1722	29
932	5	1095	25
932	5	1878	27
932	5	2191	28
933	5	1252	25
933	5	1878	27
933	5	2191	28
934	5	1043	25
935	5	521	25
935	5	1722	27
935	5	2035	28
936	5	782	25
936	5	2191	27
937	5	887	25
937	5	2243	27
938	5	1043	25
938	5	1930	27
938	5	2243	28
939	5	1200	25
940	5	626	25
940	5	1408	27
940	5	1722	28
940	5	2035	29
941	5	521	25
941	5	1148	27
941	5	1461	28
941	5	1774	29
942	5	521	25
942	5	1148	27
942	5	1461	28
942	5	1774	29
943	5	730	25
944	5	678	25
944	5	1878	27
944	5	2191	28
945	5	1461	25
946	5	730	25
946	5	1826	27
946	5	2139	28
947	5	521	25
947	5	1148	27
947	5	1461	28
947	5	1774	29
948	5	521	25
948	5	1513	27
948	5	1826	28
948	5	2139	29
949	5	469	29
949	5	1461	25
949	5	1722	27
950	5	521	25
950	5	1304	27
950	5	1617	28
950	5	1930	29
952	5	2139	25
953	5	521	25
953	5	1252	27
953	5	1565	28
953	5	1878	29
954	5	521	25
954	5	1200	27
954	5	1513	28
954	5	1826	29
956	5	782	25
957	5	1513	25
958	5	1148	25
960	5	626	25
960	5	1617	27
960	5	1930	28
960	5	2243	29
961	5	574	25
961	5	1617	27
961	5	1930	28
961	5	2243	29
962	5	1982	25
963	5	521	25
963	5	2035	27
964	5	521	25
964	5	1200	27
964	5	1513	28
964	5	1826	29
965	5	887	25
965	5	2243	27
966	5	521	25
966	5	1774	27
966	5	2087	28
967	5	1356	25
968	5	626	25
968	5	1930	27
968	5	2243	28
969	5	678	25
969	5	1565	27
969	5	1878	28
969	5	2191	29
971	5	521	25
971	5	1461	27
971	5	1774	28
971	5	2087	29
972	5	521	25
972	5	1043	27
972	5	1356	28
972	5	1669	29
973	5	626	25
974	5	574	25
975	5	1252	25
976	5	626	25
976	5	1408	27
976	5	1722	28
976	5	2035	29
977	5	1826	25
978	5	521	25
978	5	1304	27
978	5	1617	28
978	5	1930	29
979	5	1304	25
979	5	1930	27
979	5	2243	28
980	5	1826	25
981	5	939	25
981	5	1513	27
981	5	1826	28
981	5	2139	29
982	5	574	25
983	5	521	25
984	5	1043	25
984	5	1722	27
984	5	2035	28
985	5	1095	25
985	5	1669	27
985	5	1982	28
985	5	2295	29
986	5	2243	25
987	5	1148	25
988	5	574	25
988	5	1982	27
988	5	2295	28
989	5	521	25
989	5	2035	27
990	5	1774	25
992	5	1774	25
993	5	834	25
994	5	1930	25
995	5	521	25
995	5	1356	27
995	5	1669	28
995	5	1982	29
996	5	1200	25
997	5	2295	25
998	5	574	25
998	5	1304	27
998	5	1617	28
998	5	1930	29
999	5	1356	25
