Realization	utility	week	infra.
0	0	626	29
1	0	626	29
2	0	469	29
3	0	1200	30
4	0	782	30
5	0	730	30
6	0	417	29
7	0	1095	29
8	0	991	30
9	0	2191	29
10	0	521	29
12	0	1200	29
13	0	1148	29
14	0	469	29
15	0	469	29
16	0	626	29
17	0	574	29
18	0	417	29
19	0	1878	30
20	0	782	30
21	0	417	29
22	0	991	29
23	0	678	30
24	0	469	29
25	0	1774	29
26	0	991	30
27	0	469	29
28	0	521	29
29	0	574	29
30	0	1304	30
31	0	782	30
32	0	1148	30
33	0	834	30
34	0	469	29
35	0	730	30
36	0	730	30
37	0	991	30
38	0	887	30
39	0	834	30
40	0	574	29
41	0	1043	30
42	0	1043	30
43	0	417	29
44	0	1722	29
45	0	730	29
46	0	469	29
47	0	1252	30
48	0	2191	29
49	0	469	29
50	0	1669	29
51	0	1722	29
52	0	1043	29
53	0	469	29
53	0	2243	30
55	0	834	30
56	0	1356	29
57	0	469	29
58	0	469	29
59	0	782	30
60	0	1200	29
61	0	730	29
62	0	782	30
63	0	469	29
64	0	1930	30
65	0	521	29
66	0	1304	30
67	0	1095	30
68	0	1565	29
69	0	991	29
70	0	469	29
71	0	1148	30
73	0	1774	29
74	0	939	29
75	0	678	29
76	0	1461	30
77	0	1565	29
78	0	1461	29
79	0	1095	30
80	0	678	29
81	0	626	30
82	0	1252	30
83	0	1200	29
84	0	782	30
85	0	1774	29
86	0	1200	29
87	0	417	29
87	0	2295	30
88	0	939	30
89	0	939	29
90	0	1461	29
91	0	782	30
92	0	678	30
93	0	1408	29
94	0	1878	29
95	0	991	29
96	0	1095	29
97	0	1356	29
98	0	1774	29
99	0	1148	29
100	0	1408	29
101	0	887	30
102	0	939	30
103	0	991	29
104	0	417	29
106	0	521	29
106	0	2295	30
107	0	574	29
108	0	626	29
109	0	1408	29
110	0	678	30
111	0	887	30
112	0	521	29
113	0	469	29
114	0	887	30
115	0	1513	30
116	0	1565	29
117	0	1513	29
118	0	1252	30
119	0	1200	30
120	0	939	29
121	0	1356	29
122	0	626	29
123	0	2087	29
124	0	678	29
125	0	469	29
126	0	469	29
127	0	626	29
128	0	574	29
129	0	1252	29
130	0	417	29
131	0	887	30
132	0	574	29
133	0	782	30
134	0	939	29
135	0	678	30
136	0	469	29
136	0	2295	30
137	0	521	29
138	0	626	29
139	0	626	29
139	0	2243	30
140	0	1826	29
141	0	626	30
142	0	939	29
143	0	1304	30
145	0	1200	30
146	0	730	30
147	0	887	30
148	0	1461	29
149	0	626	29
150	0	469	29
151	0	939	29
152	0	469	29
153	0	521	29
154	0	626	29
155	0	521	29
156	0	574	29
158	0	469	29
159	0	574	29
160	0	1043	30
161	0	1722	29
162	0	1148	29
163	0	1200	29
164	0	469	29
165	0	469	29
166	0	1930	29
167	0	1304	29
169	0	626	29
170	0	626	29
171	0	991	29
172	0	1148	30
173	0	1461	29
174	0	939	29
175	0	887	30
176	0	626	29
177	0	1826	29
178	0	2139	30
179	0	730	30
180	0	2087	29
181	0	626	29
182	0	521	29
183	0	469	29
184	0	1148	29
185	0	834	30
186	0	2295	29
187	0	521	29
188	0	1148	29
189	0	1043	30
190	0	1200	30
191	0	678	29
192	0	887	30
193	0	834	30
194	0	521	29
196	0	469	29
196	0	1930	30
198	0	887	30
199	0	521	29
200	0	1148	30
201	0	1826	29
202	0	1043	29
203	0	574	29
204	0	626	30
205	0	1408	30
206	0	574	29
206	0	2035	30
207	0	626	29
208	0	469	29
210	0	417	29
211	0	1669	29
212	0	939	29
213	0	1722	29
214	0	574	29
215	0	1304	30
216	0	1043	29
217	0	1200	30
218	0	834	30
219	0	2295	29
220	0	1513	29
221	0	469	29
222	0	1930	30
223	0	939	29
224	0	939	29
225	0	574	29
226	0	469	29
227	0	887	30
228	0	469	29
229	0	574	29
230	0	469	29
231	0	469	29
232	0	678	29
233	0	1252	30
235	0	1617	29
236	0	1043	29
237	0	991	29
238	0	1148	29
239	0	1356	29
240	0	574	29
241	0	521	29
242	0	939	30
243	0	469	29
243	0	2243	30
244	0	417	29
245	0	1304	29
246	0	2191	29
248	0	521	29
249	0	626	30
250	0	626	29
251	0	469	29
252	0	1408	29
253	0	939	29
255	0	1043	29
256	0	521	29
257	0	1304	29
258	0	626	29
259	0	574	29
260	0	469	29
262	0	991	29
263	0	574	29
264	0	939	30
265	0	730	30
266	0	939	30
267	0	626	30
268	0	1095	29
269	0	678	29
270	0	521	29
271	0	782	30
272	0	469	29
272	0	2035	30
274	0	1356	29
275	0	1617	29
276	0	2295	29
277	0	1930	30
278	0	1617	29
279	0	1304	30
280	0	574	29
282	0	1617	29
283	0	1252	30
284	0	626	29
285	0	1148	30
286	0	469	29
287	0	1304	30
288	0	834	30
289	0	1148	29
291	0	834	30
292	0	1565	29
293	0	521	29
294	0	574	29
295	0	1200	29
296	0	678	30
297	0	1408	29
298	0	939	29
299	0	574	29
300	0	1095	29
301	0	521	29
302	0	626	29
303	0	469	29
303	0	2243	30
304	0	521	29
306	0	469	29
307	0	521	29
308	0	521	29
309	0	521	29
309	0	2295	30
310	0	782	30
311	0	939	29
312	0	1095	29
313	0	574	29
314	0	1408	29
315	0	1043	30
316	0	2243	29
317	0	1252	30
318	0	1565	29
319	0	1669	29
320	0	1200	30
321	0	626	29
322	0	469	29
323	0	1878	30
324	0	1356	30
325	0	1304	30
326	0	626	29
327	0	1095	30
328	0	730	30
329	0	1513	29
330	0	521	29
331	0	678	29
332	0	834	30
333	0	678	29
334	0	1304	30
335	0	574	29
336	0	678	29
337	0	939	29
338	0	1148	29
339	0	730	30
340	0	1252	30
341	0	1148	30
342	0	469	29
343	0	574	29
344	0	2139	29
345	0	469	29
346	0	417	29
346	0	2295	30
347	0	730	29
348	0	678	29
349	0	678	30
350	0	2191	29
351	0	834	30
352	0	469	29
353	0	678	30
354	0	469	29
355	0	730	30
356	0	939	29
357	0	678	30
358	0	1148	29
360	0	521	29
361	0	782	30
362	0	1252	29
364	0	626	29
365	0	1722	29
366	0	521	29
367	0	574	29
368	0	574	29
369	0	678	30
370	0	991	29
371	0	469	29
372	0	939	29
373	0	1043	29
374	0	1565	29
375	0	1408	29
376	0	834	30
377	0	1304	30
378	0	1148	30
379	0	991	30
380	0	834	30
381	0	834	30
382	0	730	29
383	0	1461	29
384	0	782	30
385	0	1043	30
386	0	417	29
387	0	782	30
388	0	2087	30
389	0	626	29
390	0	574	29
391	0	626	30
392	0	1043	29
393	0	521	29
394	0	939	30
395	0	991	30
396	0	574	29
397	0	1252	30
398	0	469	29
399	0	469	29
400	0	834	30
401	0	2243	30
402	0	887	30
403	0	2035	30
404	0	939	29
405	0	1252	29
406	0	574	29
407	0	1200	30
409	0	1148	29
410	0	1043	29
411	0	417	29
412	0	730	29
412	0	2139	30
413	0	574	29
414	0	469	29
415	0	678	29
416	0	1461	29
417	0	678	30
418	0	678	30
419	0	417	29
420	0	991	29
421	0	2087	30
422	0	991	29
423	0	1095	29
424	0	626	30
425	0	887	30
426	0	1148	30
427	0	2087	30
428	0	626	30
429	0	469	29
430	0	574	29
431	0	626	30
432	0	834	30
433	0	991	30
434	0	782	30
435	0	469	29
436	0	626	29
437	0	626	29
438	0	521	29
439	0	991	29
440	0	521	29
441	0	1826	29
442	0	1043	30
443	0	574	29
444	0	1722	29
445	0	574	29
446	0	1304	30
447	0	1669	29
448	0	1095	29
449	0	2191	29
451	0	574	29
452	0	469	29
453	0	574	29
454	0	1461	29
455	0	1200	30
456	0	1408	30
457	0	521	29
458	0	1617	29
459	0	991	29
460	0	626	29
461	0	469	29
462	0	469	29
463	0	834	30
464	0	991	29
465	0	626	29
466	0	678	30
467	0	469	29
468	0	574	29
469	0	574	29
470	0	1565	29
471	0	1252	29
472	0	469	29
473	0	521	29
474	0	678	30
475	0	1043	29
476	0	1461	29
477	0	1095	29
478	0	939	30
480	0	521	29
481	0	730	30
482	0	782	30
483	0	1774	29
484	0	2035	30
485	0	1304	29
486	0	1304	30
487	0	574	29
488	0	1356	30
489	0	574	29
490	0	574	29
491	0	887	30
492	0	1043	29
493	0	521	29
494	0	730	30
495	0	939	29
496	0	469	29
497	0	469	29
498	0	730	30
499	0	730	30
500	0	574	29
501	0	1408	29
502	0	574	29
503	0	574	29
503	0	2191	30
504	0	2035	29
505	0	1461	29
506	0	1200	29
507	0	1774	29
508	0	678	29
510	0	1930	30
512	0	1043	29
513	0	1043	29
514	0	834	30
515	0	574	29
516	0	1461	29
517	0	1408	30
518	0	1095	29
519	0	469	29
520	0	834	30
521	0	626	29
522	0	1043	30
523	0	678	30
524	0	2243	29
525	0	678	30
526	0	1982	30
527	0	469	29
528	0	574	29
529	0	626	29
530	0	1356	30
531	0	1148	30
532	0	1043	29
533	0	2087	30
534	0	626	29
535	0	1722	29
536	0	1461	29
537	0	939	30
538	0	469	29
539	0	626	29
540	0	2035	30
541	0	469	29
542	0	991	30
543	0	1148	30
544	0	469	29
544	0	2243	30
545	0	574	29
546	0	1148	30
547	0	887	30
548	0	1461	29
549	0	1356	30
550	0	469	29
550	0	2139	30
551	0	469	29
552	0	1513	29
553	0	574	29
554	0	469	29
555	0	469	29
555	0	1982	30
556	0	939	29
557	0	1356	29
558	0	417	29
559	0	1043	30
560	0	1461	29
561	0	939	29
562	0	1095	29
563	0	521	29
564	0	1461	29
565	0	574	29
566	0	469	29
567	0	574	29
568	0	678	30
569	0	991	29
570	0	1356	30
571	0	521	29
572	0	1565	29
574	0	991	30
575	0	521	29
576	0	1148	30
577	0	626	29
578	0	1095	29
579	0	574	29
580	0	2087	29
581	0	1200	29
582	0	521	29
583	0	626	29
584	0	782	30
585	0	574	29
586	0	521	29
587	0	469	29
588	0	678	30
589	0	469	29
590	0	678	29
591	0	1617	29
593	0	1200	30
594	0	574	29
595	0	678	29
596	0	521	29
597	0	1252	30
598	0	521	29
599	0	574	29
600	0	1669	29
601	0	730	30
602	0	1356	29
603	0	574	29
604	0	939	29
605	0	1252	29
606	0	991	30
607	0	469	29
608	0	469	29
611	0	521	29
612	0	1148	30
613	0	1408	29
614	0	1200	30
615	0	991	29
616	0	1148	29
617	0	2087	30
618	0	2191	29
619	0	1043	29
620	0	678	29
621	0	1043	29
622	0	469	29
623	0	1252	29
624	0	469	29
625	0	1200	30
626	0	417	29
627	0	887	30
628	0	939	30
629	0	991	29
630	0	939	29
631	0	469	29
632	0	574	29
633	0	1617	29
634	0	1304	30
635	0	1513	29
636	0	2295	29
637	0	1148	29
638	0	1930	30
639	0	469	29
640	0	939	29
641	0	469	29
642	0	1356	29
644	0	834	30
645	0	1148	30
646	0	626	29
647	0	1513	29
648	0	939	29
649	0	834	30
650	0	1513	29
651	0	834	30
652	0	939	30
653	0	887	30
654	0	939	29
655	0	521	29
656	0	469	29
657	0	469	29
658	0	834	30
659	0	1148	30
660	0	939	29
661	0	626	29
662	0	521	29
663	0	1148	29
664	0	678	30
665	0	626	29
666	0	626	29
667	0	469	29
668	0	1043	29
669	0	939	29
670	0	939	29
671	0	1200	29
672	0	939	29
673	0	574	29
674	0	574	29
675	0	1148	30
676	0	574	29
677	0	939	29
678	0	678	30
679	0	1304	29
680	0	1095	30
681	0	991	29
682	0	469	29
683	0	1356	29
684	0	1095	30
685	0	469	29
686	0	678	29
687	0	1513	29
688	0	1408	29
689	0	1252	30
690	0	469	29
691	0	678	29
692	0	469	29
693	0	469	29
694	0	834	30
695	0	574	29
696	0	1043	29
697	0	730	30
698	0	1565	29
699	0	469	29
700	0	469	29
701	0	1043	29
702	0	469	29
703	0	469	29
704	0	2139	29
705	0	1095	29
706	0	469	29
707	0	730	30
708	0	1200	30
709	0	469	29
710	0	469	29
711	0	1148	30
712	0	939	29
713	0	1722	29
714	0	626	29
715	0	574	29
716	0	574	29
717	0	1148	30
718	0	469	29
719	0	991	29
720	0	2139	29
721	0	1043	30
722	0	469	29
723	0	521	29
724	0	521	29
725	0	782	30
726	0	521	29
727	0	1356	29
728	0	1930	30
729	0	782	30
730	0	1095	30
731	0	678	30
732	0	834	30
733	0	626	29
734	0	469	29
735	0	2035	30
736	0	1095	29
737	0	678	29
738	0	834	30
739	0	1148	30
741	0	469	29
742	0	626	29
743	0	574	29
744	0	1252	30
745	0	1095	29
746	0	1304	30
747	0	991	30
748	0	2139	30
749	0	1356	29
750	0	626	29
751	0	1200	29
752	0	991	29
753	0	678	30
754	0	574	29
755	0	678	30
756	0	574	29
757	0	1617	29
758	0	574	29
759	0	1461	29
760	0	469	29
761	0	521	29
762	0	887	30
763	0	1252	30
764	0	887	30
765	0	469	29
766	0	782	30
767	0	1304	29
768	0	1565	29
769	0	939	29
770	0	2035	30
771	0	1148	30
772	0	991	29
773	0	1565	29
774	0	469	29
775	0	1304	29
776	0	469	29
776	0	2295	30
777	0	2139	30
778	0	730	30
779	0	1982	30
780	0	1826	30
781	0	782	30
782	0	469	29
783	0	1565	29
784	0	469	29
785	0	730	30
786	0	574	29
787	0	1461	29
788	0	469	29
789	0	1148	30
790	0	939	29
791	0	1461	29
792	0	834	30
793	0	469	29
794	0	521	29
795	0	1513	29
796	0	1461	29
797	0	730	30
798	0	1043	29
800	0	1408	29
801	0	1461	29
802	0	469	29
803	0	887	30
804	0	469	29
806	0	1408	30
807	0	626	29
808	0	2139	30
809	0	1878	29
810	0	469	29
811	0	626	29
812	0	417	29
813	0	991	30
814	0	2087	30
815	0	417	29
816	0	1148	30
817	0	2243	30
818	0	939	30
819	0	1565	29
820	0	521	29
821	0	1148	30
822	0	574	29
823	0	626	29
824	0	1148	30
825	0	1043	30
826	0	1043	29
827	0	939	29
828	0	1252	30
829	0	1982	30
830	0	1200	29
831	0	469	29
831	0	2243	30
832	0	730	29
833	0	1252	30
834	0	678	29
835	0	991	30
836	0	2243	29
837	0	1304	29
838	0	417	29
839	0	1408	30
840	0	417	29
841	0	469	29
842	0	574	29
843	0	626	29
843	0	2295	30
844	0	1304	29
845	0	1252	30
846	0	1513	29
847	0	1356	30
848	0	469	29
849	0	2139	29
850	0	521	29
851	0	2295	29
852	0	991	29
853	0	1461	29
854	0	1148	30
855	0	469	29
856	0	678	29
857	0	1408	29
858	0	887	30
859	0	939	29
860	0	1669	29
861	0	730	29
862	0	1617	29
863	0	469	29
864	0	469	29
864	0	2191	30
865	0	469	29
866	0	574	29
867	0	521	29
868	0	469	29
869	0	1043	29
870	0	1148	30
871	0	1200	30
873	0	678	30
875	0	417	29
876	0	626	30
877	0	574	29
878	0	1356	29
879	0	1043	30
880	0	626	29
881	0	1043	29
882	0	1356	30
883	0	1722	29
884	0	782	30
885	0	678	29
886	0	991	29
887	0	887	30
888	0	1095	29
889	0	1461	29
890	0	1200	30
891	0	626	29
892	0	1617	29
893	0	782	30
894	0	887	30
895	0	469	29
896	0	626	29
897	0	469	29
898	0	469	29
899	0	678	30
900	0	1043	29
901	0	626	29
902	0	939	29
903	0	417	29
905	0	1304	29
906	0	469	29
907	0	2139	29
908	0	678	30
909	0	2035	30
910	0	1200	30
911	0	991	29
912	0	469	29
913	0	1304	30
914	0	574	29
915	0	1356	30
916	0	626	29
917	0	782	30
918	0	1200	30
919	0	1408	29
920	0	939	29
921	0	521	29
922	0	1043	30
923	0	1356	29
924	0	469	29
925	0	678	30
926	0	782	30
927	0	939	29
929	0	782	30
930	0	1200	29
931	0	574	29
932	0	1252	30
933	0	1304	30
934	0	1148	29
935	0	417	29
936	0	574	29
937	0	991	29
938	0	1095	29
939	0	1304	29
940	0	469	29
941	0	469	29
942	0	469	29
943	0	574	29
944	0	521	29
945	0	1565	29
946	0	521	29
947	0	678	29
948	0	678	30
949	0	417	29
950	0	678	29
951	0	2139	29
952	0	2035	29
953	0	626	29
954	0	469	29
955	0	2191	29
956	0	521	29
957	0	1513	29
958	0	1095	29
959	0	2295	29
960	0	939	30
961	0	834	30
962	0	2035	30
963	0	678	30
964	0	469	29
964	0	2295	30
965	0	939	29
966	0	574	29
967	0	1304	29
968	0	469	29
969	0	521	29
971	0	834	30
972	0	521	29
973	0	469	29
974	0	469	29
975	0	1356	30
976	0	469	29
977	0	1878	29
978	0	469	29
979	0	1408	30
980	0	1774	29
981	0	991	29
982	0	469	29
983	0	574	29
984	0	1148	29
985	0	1148	30
987	0	1252	29
988	0	887	30
989	0	574	29
990	0	1826	29
992	0	1826	29
993	0	991	29
994	0	2035	30
995	0	574	29
996	0	1356	29
997	0	2243	30
998	0	469	29
998	0	2191	30
999	0	1513	29
0	1	626	29
1	1	626	29
2	1	469	29
3	1	1200	30
4	1	782	30
5	1	730	30
6	1	417	29
7	1	1095	29
8	1	991	30
9	1	2191	29
10	1	521	29
12	1	1200	29
13	1	1148	29
14	1	469	29
15	1	469	29
16	1	626	29
17	1	574	29
18	1	417	29
19	1	1878	30
20	1	782	30
21	1	417	29
22	1	991	29
23	1	678	30
24	1	469	29
25	1	1774	29
26	1	991	30
27	1	469	29
28	1	521	29
29	1	574	29
30	1	1304	30
31	1	782	30
32	1	1148	30
33	1	834	30
34	1	469	29
35	1	730	30
36	1	730	30
37	1	991	30
38	1	887	30
39	1	834	30
40	1	574	29
41	1	1043	30
42	1	1043	30
43	1	417	29
44	1	1722	29
45	1	730	29
46	1	469	29
47	1	1252	30
48	1	2191	29
49	1	469	29
50	1	1669	29
51	1	1722	29
52	1	1043	29
53	1	469	29
53	1	2243	30
55	1	834	30
56	1	1356	29
57	1	469	29
58	1	469	29
59	1	782	30
60	1	1200	29
61	1	730	29
62	1	782	30
63	1	469	29
64	1	1930	30
65	1	521	29
66	1	1304	30
67	1	1095	30
68	1	1565	29
69	1	991	29
70	1	469	29
71	1	1148	30
73	1	1774	29
74	1	939	29
75	1	678	29
76	1	1461	30
77	1	1565	29
78	1	1461	29
79	1	1095	30
80	1	678	29
81	1	626	30
82	1	1252	30
83	1	1200	29
84	1	782	30
85	1	1774	29
86	1	1200	29
87	1	417	29
87	1	2295	30
88	1	939	30
89	1	939	29
90	1	1461	29
91	1	782	30
92	1	678	30
93	1	1408	29
94	1	1878	29
95	1	991	29
96	1	1095	29
97	1	1356	29
98	1	1774	29
99	1	1148	29
100	1	1408	29
101	1	887	30
102	1	939	30
103	1	991	29
104	1	417	29
106	1	521	29
106	1	2295	30
107	1	574	29
108	1	626	29
109	1	1408	29
110	1	678	30
111	1	887	30
112	1	521	29
113	1	469	29
114	1	887	30
115	1	1513	30
116	1	1565	29
117	1	1513	29
118	1	1252	30
119	1	1200	30
120	1	939	29
121	1	1356	29
122	1	626	29
123	1	2087	29
124	1	678	29
125	1	469	29
126	1	469	29
127	1	626	29
128	1	574	29
129	1	1252	29
130	1	417	29
131	1	887	30
132	1	574	29
133	1	782	30
134	1	939	29
135	1	678	30
136	1	469	29
136	1	2295	30
137	1	521	29
138	1	626	29
139	1	626	29
139	1	2243	30
140	1	1826	29
141	1	626	30
142	1	939	29
143	1	1304	30
145	1	1200	30
146	1	730	30
147	1	887	30
148	1	1461	29
149	1	626	29
150	1	469	29
151	1	939	29
152	1	469	29
153	1	521	29
154	1	626	29
155	1	521	29
156	1	574	29
158	1	469	29
159	1	574	29
160	1	1043	30
161	1	1722	29
162	1	1148	29
163	1	1200	29
164	1	469	29
165	1	469	29
166	1	1930	29
167	1	1304	29
169	1	626	29
170	1	626	29
171	1	991	29
172	1	1148	30
173	1	1461	29
174	1	939	29
175	1	887	30
176	1	626	29
177	1	1826	29
178	1	2139	30
179	1	730	30
180	1	2087	29
181	1	626	29
182	1	521	29
183	1	469	29
184	1	1148	29
185	1	834	30
186	1	2295	29
187	1	521	29
188	1	1148	29
189	1	1043	30
190	1	1200	30
191	1	678	29
192	1	887	30
193	1	834	30
194	1	521	29
196	1	469	29
196	1	1930	30
198	1	887	30
199	1	521	29
200	1	1148	30
201	1	1826	29
202	1	1043	29
203	1	574	29
204	1	626	30
205	1	1408	30
206	1	574	29
206	1	2035	30
207	1	626	29
208	1	469	29
210	1	417	29
211	1	1669	29
212	1	939	29
213	1	1722	29
214	1	574	29
215	1	1304	30
216	1	1043	29
217	1	1200	30
218	1	834	30
219	1	2295	29
220	1	1513	29
221	1	469	29
222	1	1930	30
223	1	939	29
224	1	939	29
225	1	574	29
226	1	469	29
227	1	887	30
228	1	469	29
229	1	574	29
230	1	469	29
231	1	469	29
232	1	678	29
233	1	1252	30
235	1	1617	29
236	1	1043	29
237	1	991	29
238	1	1148	29
239	1	1356	29
240	1	574	29
241	1	521	29
242	1	939	30
243	1	469	29
243	1	2243	30
244	1	417	29
245	1	1304	29
246	1	2191	29
248	1	521	29
249	1	626	30
250	1	626	29
251	1	469	29
252	1	1408	29
253	1	939	29
255	1	1043	29
256	1	521	29
257	1	1304	29
258	1	626	29
259	1	574	29
260	1	469	29
262	1	991	29
263	1	574	29
264	1	939	30
265	1	730	30
266	1	939	30
267	1	626	30
268	1	1095	29
269	1	678	29
270	1	521	29
271	1	782	30
272	1	469	29
272	1	2035	30
274	1	1356	29
275	1	1617	29
276	1	2295	29
277	1	1930	30
278	1	1617	29
279	1	1304	30
280	1	574	29
282	1	1617	29
283	1	1252	30
284	1	626	29
285	1	1148	30
286	1	469	29
287	1	1304	30
288	1	834	30
289	1	1148	29
291	1	834	30
292	1	1565	29
293	1	521	29
294	1	574	29
295	1	1200	29
296	1	678	30
297	1	1408	29
298	1	939	29
299	1	574	29
300	1	1095	29
301	1	521	29
302	1	626	29
303	1	469	29
303	1	2243	30
304	1	521	29
306	1	469	29
307	1	521	29
308	1	521	29
309	1	521	29
309	1	2295	30
310	1	782	30
311	1	939	29
312	1	1095	29
313	1	574	29
314	1	1408	29
315	1	1043	30
316	1	2243	29
317	1	1252	30
318	1	1565	29
319	1	1669	29
320	1	1200	30
321	1	626	29
322	1	469	29
323	1	1878	30
324	1	1356	30
325	1	1304	30
326	1	626	29
327	1	1095	30
328	1	730	30
329	1	1513	29
330	1	521	29
331	1	678	29
332	1	834	30
333	1	678	29
334	1	1304	30
335	1	574	29
336	1	678	29
337	1	939	29
338	1	1148	29
339	1	730	30
340	1	1252	30
341	1	1148	30
342	1	469	29
343	1	574	29
344	1	2139	29
345	1	469	29
346	1	417	29
346	1	2295	30
347	1	730	29
348	1	678	29
349	1	678	30
350	1	2191	29
351	1	834	30
352	1	469	29
353	1	678	30
354	1	469	29
355	1	730	30
356	1	939	29
357	1	678	30
358	1	1148	29
360	1	521	29
361	1	782	30
362	1	1252	29
364	1	626	29
365	1	1722	29
366	1	521	29
367	1	574	29
368	1	574	29
369	1	678	30
370	1	991	29
371	1	469	29
372	1	939	29
373	1	1043	29
374	1	1565	29
375	1	1408	29
376	1	834	30
377	1	1304	30
378	1	1148	30
379	1	991	30
380	1	834	30
381	1	834	30
382	1	730	29
383	1	1461	29
384	1	782	30
385	1	1043	30
386	1	417	29
387	1	782	30
388	1	2087	30
389	1	626	29
390	1	574	29
391	1	626	30
392	1	1043	29
393	1	521	29
394	1	939	30
395	1	991	30
396	1	574	29
397	1	1252	30
398	1	469	29
399	1	469	29
400	1	834	30
401	1	2243	30
402	1	887	30
403	1	2035	30
404	1	939	29
405	1	1252	29
406	1	574	29
407	1	1200	30
409	1	1148	29
410	1	1043	29
411	1	417	29
412	1	730	29
412	1	2139	30
413	1	574	29
414	1	469	29
415	1	678	29
416	1	1461	29
417	1	678	30
418	1	678	30
419	1	417	29
420	1	991	29
421	1	2087	30
422	1	991	29
423	1	1095	29
424	1	626	30
425	1	887	30
426	1	1148	30
427	1	2087	30
428	1	626	30
429	1	469	29
430	1	574	29
431	1	626	30
432	1	834	30
433	1	991	30
434	1	782	30
435	1	469	29
436	1	626	29
437	1	626	29
438	1	521	29
439	1	991	29
440	1	521	29
441	1	1826	29
442	1	1043	30
443	1	574	29
444	1	1722	29
445	1	574	29
446	1	1304	30
447	1	1669	29
448	1	1095	29
449	1	2191	29
451	1	574	29
452	1	469	29
453	1	574	29
454	1	1461	29
455	1	1200	30
456	1	1408	30
457	1	521	29
458	1	1617	29
459	1	991	29
460	1	626	29
461	1	469	29
462	1	469	29
463	1	834	30
464	1	991	29
465	1	626	29
466	1	678	30
467	1	469	29
468	1	574	29
469	1	574	29
470	1	1565	29
471	1	1252	29
472	1	469	29
473	1	521	29
474	1	678	30
475	1	1043	29
476	1	1461	29
477	1	1095	29
478	1	939	30
480	1	521	29
481	1	730	30
482	1	782	30
483	1	1774	29
484	1	2035	30
485	1	1304	29
486	1	1304	30
487	1	574	29
488	1	1356	30
489	1	574	29
490	1	574	29
491	1	887	30
492	1	1043	29
493	1	521	29
494	1	730	30
495	1	939	29
496	1	469	29
497	1	469	29
498	1	730	30
499	1	730	30
500	1	574	29
501	1	1408	29
502	1	574	29
503	1	574	29
503	1	2191	30
504	1	2035	29
505	1	1461	29
506	1	1200	29
507	1	1774	29
508	1	678	29
510	1	1930	30
512	1	1043	29
513	1	1043	29
514	1	834	30
515	1	574	29
516	1	1461	29
517	1	1408	30
518	1	1095	29
519	1	469	29
520	1	834	30
521	1	626	29
522	1	1043	30
523	1	678	30
524	1	2243	29
525	1	678	30
526	1	1982	30
527	1	469	29
528	1	574	29
529	1	626	29
530	1	1356	30
531	1	1148	30
532	1	1043	29
533	1	2087	30
534	1	626	29
535	1	1722	29
536	1	1461	29
537	1	939	30
538	1	469	29
539	1	626	29
540	1	2035	30
541	1	469	29
542	1	991	30
543	1	1148	30
544	1	469	29
544	1	2243	30
545	1	574	29
546	1	1148	30
547	1	887	30
548	1	1461	29
549	1	1356	30
550	1	469	29
550	1	2139	30
551	1	469	29
552	1	1513	29
553	1	574	29
554	1	469	29
555	1	469	29
555	1	1982	30
556	1	939	29
557	1	1356	29
558	1	417	29
559	1	1043	30
560	1	1461	29
561	1	939	29
562	1	1095	29
563	1	521	29
564	1	1461	29
565	1	574	29
566	1	469	29
567	1	574	29
568	1	678	30
569	1	991	29
570	1	1356	30
571	1	521	29
572	1	1565	29
574	1	991	30
575	1	521	29
576	1	1148	30
577	1	626	29
578	1	1095	29
579	1	574	29
580	1	2087	29
581	1	1200	29
582	1	521	29
583	1	626	29
584	1	782	30
585	1	574	29
586	1	521	29
587	1	469	29
588	1	678	30
589	1	469	29
590	1	678	29
591	1	1617	29
593	1	1200	30
594	1	574	29
595	1	678	29
596	1	521	29
597	1	1252	30
598	1	521	29
599	1	574	29
600	1	1669	29
601	1	730	30
602	1	1356	29
603	1	574	29
604	1	939	29
605	1	1252	29
606	1	991	30
607	1	469	29
608	1	469	29
611	1	521	29
612	1	1148	30
613	1	1408	29
614	1	1200	30
615	1	991	29
616	1	1148	29
617	1	2087	30
618	1	2191	29
619	1	1043	29
620	1	678	29
621	1	1043	29
622	1	469	29
623	1	1252	29
624	1	469	29
625	1	1200	30
626	1	417	29
627	1	887	30
628	1	939	30
629	1	991	29
630	1	939	29
631	1	469	29
632	1	574	29
633	1	1617	29
634	1	1304	30
635	1	1513	29
636	1	2295	29
637	1	1148	29
638	1	1930	30
639	1	469	29
640	1	939	29
641	1	469	29
642	1	1356	29
644	1	834	30
645	1	1148	30
646	1	626	29
647	1	1513	29
648	1	939	29
649	1	834	30
650	1	1513	29
651	1	834	30
652	1	939	30
653	1	887	30
654	1	939	29
655	1	521	29
656	1	469	29
657	1	469	29
658	1	834	30
659	1	1148	30
660	1	939	29
661	1	626	29
662	1	521	29
663	1	1148	29
664	1	678	30
665	1	626	29
666	1	626	29
667	1	469	29
668	1	1043	29
669	1	939	29
670	1	939	29
671	1	1200	29
672	1	939	29
673	1	574	29
674	1	574	29
675	1	1148	30
676	1	574	29
677	1	939	29
678	1	678	30
679	1	1304	29
680	1	1095	30
681	1	991	29
682	1	469	29
683	1	1356	29
684	1	1095	30
685	1	469	29
686	1	678	29
687	1	1513	29
688	1	1408	29
689	1	1252	30
690	1	469	29
691	1	678	29
692	1	469	29
693	1	469	29
694	1	834	30
695	1	574	29
696	1	1043	29
697	1	730	30
698	1	1565	29
699	1	469	29
700	1	469	29
701	1	1043	29
702	1	469	29
703	1	469	29
704	1	2139	29
705	1	1095	29
706	1	469	29
707	1	730	30
708	1	1200	30
709	1	469	29
710	1	469	29
711	1	1148	30
712	1	939	29
713	1	1722	29
714	1	626	29
715	1	574	29
716	1	574	29
717	1	1148	30
718	1	469	29
719	1	991	29
720	1	2139	29
721	1	1043	30
722	1	469	29
723	1	521	29
724	1	521	29
725	1	782	30
726	1	521	29
727	1	1356	29
728	1	1930	30
729	1	782	30
730	1	1095	30
731	1	678	30
732	1	834	30
733	1	626	29
734	1	469	29
735	1	2035	30
736	1	1095	29
737	1	678	29
738	1	834	30
739	1	1148	30
741	1	469	29
742	1	626	29
743	1	574	29
744	1	1252	30
745	1	1095	29
746	1	1304	30
747	1	991	30
748	1	2139	30
749	1	1356	29
750	1	626	29
751	1	1200	29
752	1	991	29
753	1	678	30
754	1	574	29
755	1	678	30
756	1	574	29
757	1	1617	29
758	1	574	29
759	1	1461	29
760	1	469	29
761	1	521	29
762	1	887	30
763	1	1252	30
764	1	887	30
765	1	469	29
766	1	782	30
767	1	1304	29
768	1	1565	29
769	1	939	29
770	1	2035	30
771	1	1148	30
772	1	991	29
773	1	1565	29
774	1	469	29
775	1	1304	29
776	1	469	29
776	1	2295	30
777	1	2139	30
778	1	730	30
779	1	1982	30
780	1	1826	30
781	1	782	30
782	1	469	29
783	1	1565	29
784	1	469	29
785	1	730	30
786	1	574	29
787	1	1461	29
788	1	469	29
789	1	1148	30
790	1	939	29
791	1	1461	29
792	1	834	30
793	1	469	29
794	1	521	29
795	1	1513	29
796	1	1461	29
797	1	730	30
798	1	1043	29
800	1	1408	29
801	1	1461	29
802	1	469	29
803	1	887	30
804	1	469	29
806	1	1408	30
807	1	626	29
808	1	2139	30
809	1	1878	29
810	1	469	29
811	1	626	29
812	1	417	29
813	1	991	30
814	1	2087	30
815	1	417	29
816	1	1148	30
817	1	2243	30
818	1	939	30
819	1	1565	29
820	1	521	29
821	1	1148	30
822	1	574	29
823	1	626	29
824	1	1148	30
825	1	1043	30
826	1	1043	29
827	1	939	29
828	1	1252	30
829	1	1982	30
830	1	1200	29
831	1	469	29
831	1	2243	30
832	1	730	29
833	1	1252	30
834	1	678	29
835	1	991	30
836	1	2243	29
837	1	1304	29
838	1	417	29
839	1	1408	30
840	1	417	29
841	1	469	29
842	1	574	29
843	1	626	29
843	1	2295	30
844	1	1304	29
845	1	1252	30
846	1	1513	29
847	1	1356	30
848	1	469	29
849	1	2139	29
850	1	521	29
851	1	2295	29
852	1	991	29
853	1	1461	29
854	1	1148	30
855	1	469	29
856	1	678	29
857	1	1408	29
858	1	887	30
859	1	939	29
860	1	1669	29
861	1	730	29
862	1	1617	29
863	1	469	29
864	1	469	29
864	1	2191	30
865	1	469	29
866	1	574	29
867	1	521	29
868	1	469	29
869	1	1043	29
870	1	1148	30
871	1	1200	30
873	1	678	30
875	1	417	29
876	1	626	30
877	1	574	29
878	1	1356	29
879	1	1043	30
880	1	626	29
881	1	1043	29
882	1	1356	30
883	1	1722	29
884	1	782	30
885	1	678	29
886	1	991	29
887	1	887	30
888	1	1095	29
889	1	1461	29
890	1	1200	30
891	1	626	29
892	1	1617	29
893	1	782	30
894	1	887	30
895	1	469	29
896	1	626	29
897	1	469	29
898	1	469	29
899	1	678	30
900	1	1043	29
901	1	626	29
902	1	939	29
903	1	417	29
905	1	1304	29
906	1	469	29
907	1	2139	29
908	1	678	30
909	1	2035	30
910	1	1200	30
911	1	991	29
912	1	469	29
913	1	1304	30
914	1	574	29
915	1	1356	30
916	1	626	29
917	1	782	30
918	1	1200	30
919	1	1408	29
920	1	939	29
921	1	521	29
922	1	1043	30
923	1	1356	29
924	1	469	29
925	1	678	30
926	1	782	30
927	1	939	29
929	1	782	30
930	1	1200	29
931	1	574	29
932	1	1252	30
933	1	1304	30
934	1	1148	29
935	1	417	29
936	1	574	29
937	1	991	29
938	1	1095	29
939	1	1304	29
940	1	469	29
941	1	469	29
942	1	469	29
943	1	574	29
944	1	521	29
945	1	1565	29
946	1	521	29
947	1	678	29
948	1	678	30
949	1	417	29
950	1	678	29
951	1	2139	29
952	1	2035	29
953	1	626	29
954	1	469	29
955	1	2191	29
956	1	521	29
957	1	1513	29
958	1	1095	29
959	1	2295	29
960	1	939	30
961	1	834	30
962	1	2035	30
963	1	678	30
964	1	469	29
964	1	2295	30
965	1	939	29
966	1	574	29
967	1	1304	29
968	1	469	29
969	1	521	29
971	1	834	30
972	1	521	29
973	1	469	29
974	1	469	29
975	1	1356	30
976	1	469	29
977	1	1878	29
978	1	469	29
979	1	1408	30
980	1	1774	29
981	1	991	29
982	1	469	29
983	1	574	29
984	1	1148	29
985	1	1148	30
987	1	1252	29
988	1	887	30
989	1	574	29
990	1	1826	29
992	1	1826	29
993	1	991	29
994	1	2035	30
995	1	574	29
996	1	1356	29
997	1	2243	30
998	1	469	29
998	1	2191	30
999	1	1513	29
0	2	313	26
1	2	313	26
2	2	313	26
3	2	313	26
4	2	313	26
5	2	313	26
6	2	313	26
7	2	313	26
8	2	313	26
9	2	313	26
10	2	313	26
11	2	313	26
12	2	313	26
13	2	313	26
14	2	313	26
15	2	313	26
16	2	313	26
17	2	313	26
18	2	313	26
19	2	313	26
20	2	313	26
21	2	313	26
22	2	313	26
23	2	313	26
24	2	313	26
25	2	313	26
26	2	313	26
27	2	313	26
28	2	313	26
29	2	313	26
30	2	313	26
31	2	313	26
32	2	313	26
33	2	313	26
34	2	313	26
35	2	313	26
36	2	313	26
37	2	313	26
38	2	313	26
39	2	313	26
40	2	313	26
41	2	313	26
42	2	313	26
43	2	313	26
44	2	313	26
45	2	313	26
46	2	313	26
47	2	313	26
48	2	313	26
49	2	313	26
50	2	313	26
51	2	313	26
52	2	313	26
53	2	313	26
54	2	313	26
55	2	313	26
56	2	313	26
57	2	313	26
58	2	313	26
59	2	313	26
60	2	313	26
61	2	313	26
62	2	313	26
63	2	313	26
64	2	313	26
65	2	313	26
66	2	313	26
67	2	313	26
68	2	313	26
69	2	313	26
70	2	313	26
71	2	313	26
72	2	313	26
73	2	313	26
74	2	313	26
75	2	313	26
76	2	313	26
77	2	313	26
78	2	313	26
79	2	313	26
80	2	313	26
81	2	313	26
82	2	313	26
83	2	313	26
84	2	313	26
85	2	313	26
86	2	313	26
87	2	313	26
88	2	313	26
89	2	313	26
90	2	313	26
91	2	313	26
92	2	313	26
93	2	313	26
94	2	313	26
95	2	313	26
96	2	313	26
97	2	313	26
98	2	313	26
99	2	313	26
100	2	313	26
101	2	313	26
102	2	313	26
103	2	313	26
104	2	313	26
105	2	313	26
106	2	313	26
107	2	313	26
108	2	313	26
109	2	313	26
110	2	313	26
111	2	313	26
112	2	313	26
113	2	313	26
114	2	313	26
115	2	313	26
116	2	313	26
117	2	313	26
118	2	313	26
119	2	313	26
120	2	313	26
121	2	313	26
122	2	313	26
123	2	313	26
124	2	313	26
125	2	313	26
126	2	313	26
127	2	313	26
128	2	313	26
129	2	313	26
130	2	313	26
131	2	313	26
132	2	313	26
133	2	313	26
134	2	313	26
135	2	313	26
136	2	313	26
137	2	313	26
138	2	313	26
139	2	313	26
140	2	313	26
141	2	313	26
142	2	313	26
143	2	313	26
144	2	313	26
145	2	313	26
146	2	313	26
147	2	313	26
148	2	313	26
149	2	313	26
150	2	313	26
151	2	313	26
152	2	313	26
153	2	313	26
154	2	313	26
155	2	313	26
156	2	313	26
157	2	313	26
158	2	313	26
159	2	313	26
160	2	313	26
161	2	313	26
162	2	313	26
163	2	313	26
164	2	313	26
165	2	313	26
166	2	313	26
167	2	313	26
168	2	313	26
169	2	313	26
170	2	313	26
171	2	313	26
172	2	313	26
173	2	313	26
174	2	313	26
175	2	313	26
176	2	313	26
177	2	313	26
178	2	313	26
179	2	313	26
180	2	313	26
181	2	313	26
182	2	313	26
183	2	313	26
184	2	313	26
185	2	313	26
186	2	313	26
187	2	313	26
188	2	313	26
189	2	313	26
190	2	313	26
191	2	313	26
192	2	313	26
193	2	313	26
194	2	313	26
195	2	313	26
196	2	313	26
197	2	313	26
198	2	313	26
199	2	313	26
200	2	313	26
201	2	313	26
202	2	313	26
203	2	313	26
204	2	313	26
205	2	313	26
206	2	313	26
207	2	313	26
208	2	313	26
209	2	313	26
210	2	313	26
211	2	313	26
212	2	313	26
213	2	313	26
214	2	313	26
215	2	313	26
216	2	313	26
217	2	313	26
218	2	313	26
219	2	313	26
220	2	313	26
221	2	313	26
222	2	313	26
223	2	313	26
224	2	313	26
225	2	313	26
226	2	313	26
227	2	313	26
228	2	313	26
229	2	313	26
230	2	313	26
231	2	313	26
232	2	313	26
233	2	313	26
234	2	313	26
235	2	313	26
236	2	313	26
237	2	313	26
238	2	313	26
239	2	313	26
240	2	313	26
241	2	313	26
242	2	313	26
243	2	313	26
244	2	313	26
245	2	313	26
246	2	313	26
247	2	313	26
248	2	313	26
249	2	313	26
250	2	313	26
251	2	313	26
252	2	313	26
253	2	313	26
254	2	313	26
255	2	313	26
256	2	313	26
257	2	313	26
258	2	313	26
259	2	313	26
260	2	313	26
261	2	313	26
262	2	313	26
263	2	313	26
264	2	313	26
265	2	313	26
266	2	313	26
267	2	313	26
268	2	313	26
269	2	313	26
270	2	313	26
271	2	313	26
272	2	313	26
273	2	313	26
274	2	313	26
275	2	313	26
276	2	313	26
277	2	313	26
278	2	313	26
279	2	313	26
280	2	313	26
281	2	313	26
282	2	313	26
283	2	313	26
284	2	313	26
285	2	313	26
286	2	313	26
287	2	313	26
288	2	313	26
289	2	313	26
290	2	313	26
291	2	313	26
292	2	313	26
293	2	313	26
294	2	313	26
295	2	313	26
296	2	313	26
297	2	313	26
298	2	313	26
299	2	313	26
300	2	313	26
301	2	313	26
302	2	313	26
303	2	313	26
304	2	313	26
305	2	313	26
306	2	313	26
307	2	313	26
308	2	313	26
309	2	313	26
310	2	313	26
311	2	313	26
312	2	313	26
313	2	313	26
314	2	313	26
315	2	313	26
316	2	313	26
317	2	313	26
318	2	313	26
319	2	313	26
320	2	313	26
321	2	313	26
322	2	313	26
323	2	313	26
324	2	313	26
325	2	313	26
326	2	313	26
327	2	313	26
328	2	313	26
329	2	313	26
330	2	313	26
331	2	313	26
332	2	313	26
333	2	313	26
334	2	313	26
335	2	313	26
336	2	313	26
337	2	313	26
338	2	313	26
339	2	313	26
340	2	313	26
341	2	313	26
342	2	313	26
343	2	313	26
344	2	313	26
345	2	313	26
346	2	313	26
347	2	313	26
348	2	313	26
349	2	313	26
350	2	313	26
351	2	313	26
352	2	313	26
353	2	313	26
354	2	313	26
355	2	313	26
356	2	313	26
357	2	313	26
358	2	313	26
359	2	313	26
360	2	313	26
361	2	313	26
362	2	313	26
363	2	313	26
364	2	313	26
365	2	313	26
366	2	313	26
367	2	313	26
368	2	313	26
369	2	313	26
370	2	313	26
371	2	313	26
372	2	313	26
373	2	313	26
374	2	313	26
375	2	313	26
376	2	313	26
377	2	313	26
378	2	313	26
379	2	313	26
380	2	313	26
381	2	313	26
382	2	313	26
383	2	313	26
384	2	313	26
385	2	313	26
386	2	313	26
387	2	313	26
388	2	313	26
389	2	313	26
390	2	313	26
391	2	313	26
392	2	313	26
393	2	313	26
394	2	313	26
395	2	313	26
396	2	313	26
397	2	313	26
398	2	313	26
399	2	313	26
400	2	313	26
401	2	313	26
402	2	313	26
403	2	313	26
404	2	313	26
405	2	313	26
406	2	313	26
407	2	313	26
408	2	313	26
409	2	313	26
410	2	313	26
411	2	313	26
412	2	313	26
413	2	313	26
414	2	313	26
415	2	313	26
416	2	313	26
417	2	313	26
418	2	313	26
419	2	313	26
420	2	313	26
421	2	313	26
422	2	313	26
423	2	313	26
424	2	313	26
425	2	313	26
426	2	313	26
427	2	313	26
428	2	313	26
429	2	313	26
430	2	313	26
431	2	313	26
432	2	313	26
433	2	313	26
434	2	313	26
435	2	313	26
436	2	313	26
437	2	313	26
438	2	313	26
439	2	313	26
440	2	313	26
441	2	313	26
442	2	313	26
443	2	313	26
444	2	313	26
445	2	313	26
446	2	313	26
447	2	313	26
448	2	313	26
449	2	313	26
450	2	313	26
451	2	313	26
452	2	313	26
453	2	313	26
454	2	313	26
455	2	313	26
456	2	313	26
457	2	313	26
458	2	313	26
459	2	313	26
460	2	313	26
461	2	313	26
462	2	313	26
463	2	313	26
464	2	313	26
465	2	313	26
466	2	313	26
467	2	313	26
468	2	313	26
469	2	313	26
470	2	313	26
471	2	313	26
472	2	313	26
473	2	313	26
474	2	313	26
475	2	313	26
476	2	313	26
477	2	313	26
478	2	313	26
479	2	313	26
480	2	313	26
481	2	313	26
482	2	313	26
483	2	313	26
484	2	313	26
485	2	313	26
486	2	313	26
487	2	313	26
488	2	313	26
489	2	313	26
490	2	313	26
491	2	313	26
492	2	313	26
493	2	313	26
494	2	313	26
495	2	313	26
496	2	313	26
497	2	313	26
498	2	313	26
499	2	313	26
500	2	313	26
501	2	313	26
502	2	313	26
503	2	313	26
504	2	313	26
505	2	313	26
506	2	313	26
507	2	313	26
508	2	313	26
509	2	313	26
510	2	313	26
511	2	313	26
512	2	313	26
513	2	313	26
514	2	313	26
515	2	313	26
516	2	313	26
517	2	313	26
518	2	313	26
519	2	313	26
520	2	313	26
521	2	313	26
522	2	313	26
523	2	313	26
524	2	313	26
525	2	313	26
526	2	313	26
527	2	313	26
528	2	313	26
529	2	313	26
530	2	313	26
531	2	313	26
532	2	313	26
533	2	313	26
534	2	313	26
535	2	313	26
536	2	313	26
537	2	313	26
538	2	313	26
539	2	313	26
540	2	313	26
541	2	313	26
542	2	313	26
543	2	313	26
544	2	313	26
545	2	313	26
546	2	313	26
547	2	313	26
548	2	313	26
549	2	313	26
550	2	313	26
551	2	313	26
552	2	313	26
553	2	313	26
554	2	313	26
555	2	313	26
556	2	313	26
557	2	313	26
558	2	313	26
559	2	313	26
560	2	313	26
561	2	313	26
562	2	313	26
563	2	313	26
564	2	313	26
565	2	313	26
566	2	313	26
567	2	313	26
568	2	313	26
569	2	313	26
570	2	313	26
571	2	313	26
572	2	313	26
573	2	313	26
574	2	313	26
575	2	313	26
576	2	313	26
577	2	313	26
578	2	313	26
579	2	313	26
580	2	313	26
581	2	313	26
582	2	313	26
583	2	313	26
584	2	313	26
585	2	313	26
586	2	313	26
587	2	313	26
588	2	313	26
589	2	313	26
590	2	313	26
591	2	313	26
592	2	313	26
593	2	313	26
594	2	313	26
595	2	313	26
596	2	313	26
597	2	313	26
598	2	313	26
599	2	313	26
600	2	313	26
601	2	313	26
602	2	313	26
603	2	313	26
604	2	313	26
605	2	313	26
606	2	313	26
607	2	313	26
608	2	313	26
609	2	313	26
610	2	313	26
611	2	313	26
612	2	313	26
613	2	313	26
614	2	313	26
615	2	313	26
616	2	313	26
617	2	313	26
618	2	313	26
619	2	313	26
620	2	313	26
621	2	313	26
622	2	313	26
623	2	313	26
624	2	313	26
625	2	313	26
626	2	313	26
627	2	313	26
628	2	313	26
629	2	313	26
630	2	313	26
631	2	313	26
632	2	313	26
633	2	313	26
634	2	313	26
635	2	313	26
636	2	313	26
637	2	313	26
638	2	313	26
639	2	313	26
640	2	313	26
641	2	313	26
642	2	313	26
643	2	313	26
644	2	313	26
645	2	313	26
646	2	313	26
647	2	313	26
648	2	313	26
649	2	313	26
650	2	313	26
651	2	313	26
652	2	313	26
653	2	313	26
654	2	313	26
655	2	313	26
656	2	313	26
657	2	313	26
658	2	313	26
659	2	313	26
660	2	313	26
661	2	313	26
662	2	313	26
663	2	313	26
664	2	313	26
665	2	313	26
666	2	313	26
667	2	313	26
668	2	313	26
669	2	313	26
670	2	313	26
671	2	313	26
672	2	313	26
673	2	313	26
674	2	313	26
675	2	313	26
676	2	313	26
677	2	313	26
678	2	313	26
679	2	313	26
680	2	313	26
681	2	313	26
682	2	313	26
683	2	313	26
684	2	313	26
685	2	313	26
686	2	313	26
687	2	313	26
688	2	313	26
689	2	313	26
690	2	313	26
691	2	313	26
692	2	313	26
693	2	313	26
694	2	313	26
695	2	313	26
696	2	313	26
697	2	313	26
698	2	313	26
699	2	313	26
700	2	313	26
701	2	313	26
702	2	313	26
703	2	313	26
704	2	313	26
705	2	313	26
706	2	313	26
707	2	313	26
708	2	313	26
709	2	313	26
710	2	313	26
711	2	313	26
712	2	313	26
713	2	313	26
714	2	313	26
715	2	313	26
716	2	313	26
717	2	313	26
718	2	313	26
719	2	313	26
720	2	313	26
721	2	313	26
722	2	313	26
723	2	313	26
724	2	313	26
725	2	313	26
726	2	313	26
727	2	313	26
728	2	313	26
729	2	313	26
730	2	313	26
731	2	313	26
732	2	313	26
733	2	313	26
734	2	313	26
735	2	313	26
736	2	313	26
737	2	313	26
738	2	313	26
739	2	313	26
740	2	313	26
741	2	313	26
742	2	313	26
743	2	313	26
744	2	313	26
745	2	313	26
746	2	313	26
747	2	313	26
748	2	313	26
749	2	313	26
750	2	313	26
751	2	313	26
752	2	313	26
753	2	313	26
754	2	313	26
755	2	313	26
756	2	313	26
757	2	313	26
758	2	313	26
759	2	313	26
760	2	313	26
761	2	313	26
762	2	313	26
763	2	313	26
764	2	313	26
765	2	313	26
766	2	313	26
767	2	313	26
768	2	313	26
769	2	313	26
770	2	313	26
771	2	313	26
772	2	313	26
773	2	313	26
774	2	313	26
775	2	313	26
776	2	313	26
777	2	313	26
778	2	313	26
779	2	313	26
780	2	313	26
781	2	313	26
782	2	313	26
783	2	313	26
784	2	313	26
785	2	313	26
786	2	313	26
787	2	313	26
788	2	313	26
789	2	313	26
790	2	313	26
791	2	313	26
792	2	313	26
793	2	313	26
794	2	313	26
795	2	313	26
796	2	313	26
797	2	313	26
798	2	313	26
799	2	313	26
800	2	313	26
801	2	313	26
802	2	313	26
803	2	313	26
804	2	313	26
805	2	313	26
806	2	313	26
807	2	313	26
808	2	313	26
809	2	313	26
810	2	313	26
811	2	313	26
812	2	313	26
813	2	313	26
814	2	313	26
815	2	313	26
816	2	313	26
817	2	313	26
818	2	313	26
819	2	313	26
820	2	313	26
821	2	313	26
822	2	313	26
823	2	313	26
824	2	313	26
825	2	313	26
826	2	313	26
827	2	313	26
828	2	313	26
829	2	313	26
830	2	313	26
831	2	313	26
832	2	313	26
833	2	313	26
834	2	313	26
835	2	313	26
836	2	313	26
837	2	313	26
838	2	313	26
839	2	313	26
840	2	313	26
841	2	313	26
842	2	313	26
843	2	313	26
844	2	313	26
845	2	313	26
846	2	313	26
847	2	313	26
848	2	313	26
849	2	313	26
850	2	313	26
851	2	313	26
852	2	313	26
853	2	313	26
854	2	313	26
855	2	313	26
856	2	313	26
857	2	313	26
858	2	313	26
859	2	313	26
860	2	313	26
861	2	313	26
862	2	313	26
863	2	313	26
864	2	313	26
865	2	313	26
866	2	313	26
867	2	313	26
868	2	313	26
869	2	313	26
870	2	313	26
871	2	313	26
872	2	313	26
873	2	313	26
874	2	313	26
875	2	313	26
876	2	313	26
877	2	313	26
878	2	313	26
879	2	313	26
880	2	313	26
881	2	313	26
882	2	313	26
883	2	313	26
884	2	313	26
885	2	313	26
886	2	313	26
887	2	313	26
888	2	313	26
889	2	313	26
890	2	313	26
891	2	313	26
892	2	313	26
893	2	313	26
894	2	313	26
895	2	313	26
896	2	313	26
897	2	313	26
898	2	313	26
899	2	313	26
900	2	313	26
901	2	313	26
902	2	313	26
903	2	313	26
904	2	313	26
905	2	313	26
906	2	313	26
907	2	313	26
908	2	313	26
909	2	313	26
910	2	313	26
911	2	313	26
912	2	313	26
913	2	313	26
914	2	313	26
915	2	313	26
916	2	313	26
917	2	313	26
918	2	313	26
919	2	313	26
920	2	313	26
921	2	313	26
922	2	313	26
923	2	313	26
924	2	313	26
925	2	313	26
926	2	313	26
927	2	313	26
928	2	313	26
929	2	313	26
930	2	313	26
931	2	313	26
932	2	313	26
933	2	313	26
934	2	313	26
935	2	313	26
936	2	313	26
937	2	313	26
938	2	313	26
939	2	313	26
940	2	313	26
941	2	313	26
942	2	313	26
943	2	313	26
944	2	313	26
945	2	313	26
946	2	313	26
947	2	313	26
948	2	313	26
949	2	313	26
950	2	313	26
951	2	313	26
952	2	313	26
953	2	313	26
954	2	313	26
955	2	313	26
956	2	313	26
957	2	313	26
958	2	313	26
959	2	313	26
960	2	313	26
961	2	313	26
962	2	313	26
963	2	313	26
964	2	313	26
965	2	313	26
966	2	313	26
967	2	313	26
968	2	313	26
969	2	313	26
970	2	313	26
971	2	313	26
972	2	313	26
973	2	313	26
974	2	313	26
975	2	313	26
976	2	313	26
977	2	313	26
978	2	313	26
979	2	313	26
980	2	313	26
981	2	313	26
982	2	313	26
983	2	313	26
984	2	313	26
985	2	313	26
986	2	313	26
987	2	313	26
988	2	313	26
989	2	313	26
990	2	313	26
991	2	313	26
992	2	313	26
993	2	313	26
994	2	313	26
995	2	313	26
996	2	313	26
997	2	313	26
998	2	313	26
999	2	313	26
0	3	626	29
1	3	626	29
2	3	469	29
3	3	1200	30
4	3	782	30
4	3	1513	20
4	3	2035	12
5	3	730	30
6	3	417	29
7	3	1095	29
8	3	991	30
8	3	1565	20
9	3	2191	29
10	3	521	29
12	3	1200	29
13	3	1148	29
14	3	469	29
15	3	469	29
16	3	626	29
17	3	574	29
18	3	417	29
19	3	1878	30
20	3	782	30
21	3	417	29
22	3	991	29
23	3	678	30
24	3	469	29
25	3	1774	29
26	3	991	30
27	3	469	29
28	3	521	29
29	3	574	29
30	3	1304	30
31	3	782	30
32	3	1148	30
33	3	834	30
34	3	469	29
35	3	730	30
36	3	730	30
37	3	991	30
38	3	887	30
39	3	834	30
40	3	574	29
40	3	1461	20
40	3	2243	12
41	3	1043	30
42	3	1043	30
43	3	417	29
44	3	1722	29
45	3	730	29
46	3	469	29
47	3	1252	30
48	3	2191	29
49	3	469	29
49	3	1774	20
50	3	1669	29
51	3	1722	29
52	3	1043	29
53	3	469	29
53	3	1878	20
53	3	2243	30
55	3	834	30
56	3	1356	29
57	3	469	29
57	3	1408	20
58	3	469	29
58	3	1513	20
59	3	782	30
59	3	2087	20
60	3	1200	29
61	3	730	29
62	3	782	30
62	3	2243	20
63	3	469	29
64	3	1930	30
65	3	521	29
66	3	1304	30
67	3	1095	30
67	3	1774	20
68	3	1565	29
69	3	991	29
70	3	469	29
71	3	1148	30
73	3	1774	29
74	3	939	29
75	3	678	29
76	3	1461	30
77	3	1565	29
78	3	1461	29
79	3	1095	30
80	3	678	29
81	3	626	30
82	3	1252	30
83	3	1200	29
84	3	782	30
85	3	1774	29
86	3	1200	29
87	3	417	29
87	3	1408	20
87	3	2295	30
88	3	939	30
88	3	2139	20
89	3	939	29
90	3	1461	29
91	3	782	30
92	3	678	30
93	3	1408	29
94	3	1878	29
95	3	991	29
96	3	1095	29
97	3	1356	29
98	3	1774	29
99	3	1148	29
100	3	1408	29
101	3	887	30
102	3	939	30
103	3	991	29
104	3	417	29
106	3	521	29
106	3	1722	20
106	3	2295	30
107	3	574	29
107	3	2139	20
108	3	626	29
109	3	1408	29
110	3	678	30
111	3	887	30
112	3	521	29
113	3	469	29
114	3	887	30
115	3	1513	30
116	3	1565	29
117	3	1513	29
118	3	1252	30
119	3	1200	30
120	3	939	29
121	3	1356	29
122	3	626	29
122	3	1408	20
123	3	2087	29
124	3	678	29
125	3	469	29
125	3	1722	20
126	3	469	29
127	3	626	29
128	3	574	29
128	3	1356	20
129	3	1252	29
130	3	417	29
131	3	887	30
131	3	2035	20
132	3	574	29
133	3	782	30
134	3	939	29
135	3	678	30
135	3	1669	20
136	3	469	29
136	3	1095	20
136	3	1722	12
136	3	2295	30
137	3	521	29
138	3	626	29
138	3	1461	20
139	3	626	29
139	3	1356	20
139	3	1774	12
139	3	2087	9
139	3	2243	30
140	3	1826	29
141	3	626	30
141	3	1408	20
142	3	939	29
143	3	1304	30
145	3	1200	30
146	3	730	30
147	3	887	30
148	3	1461	29
149	3	626	29
149	3	1774	20
150	3	469	29
151	3	939	29
152	3	469	29
152	3	1774	20
153	3	521	29
154	3	626	29
154	3	1565	20
155	3	521	29
155	3	2087	20
156	3	574	29
156	3	1617	20
158	3	469	29
158	3	1774	20
159	3	574	29
159	3	1565	20
160	3	1043	30
161	3	1722	29
162	3	1148	29
163	3	1200	29
164	3	469	29
165	3	469	29
165	3	1669	20
166	3	1930	29
167	3	1304	29
169	3	626	29
170	3	626	29
171	3	991	29
172	3	1148	30
173	3	1461	29
174	3	939	29
175	3	887	30
175	3	2139	20
176	3	626	29
177	3	1826	29
178	3	2139	30
179	3	730	30
180	3	2087	29
181	3	626	29
182	3	521	29
183	3	469	29
184	3	1148	29
185	3	834	30
185	3	1617	20
186	3	2295	29
187	3	521	29
188	3	1148	29
189	3	1043	30
189	3	1930	20
190	3	1200	30
191	3	678	29
192	3	887	30
193	3	834	30
194	3	521	29
196	3	469	29
196	3	1200	20
196	3	1930	30
196	3	2295	12
198	3	887	30
199	3	521	29
199	3	2087	20
200	3	1148	30
201	3	1826	29
202	3	1043	29
203	3	574	29
204	3	626	30
205	3	1408	30
206	3	574	29
206	3	1148	20
206	3	1461	12
206	3	1774	9
206	3	2035	30
207	3	626	29
207	3	2139	20
208	3	469	29
210	3	417	29
211	3	1669	29
212	3	939	29
213	3	1722	29
214	3	574	29
215	3	1304	30
216	3	1043	29
217	3	1200	30
218	3	834	30
219	3	2295	29
220	3	1513	29
221	3	469	29
222	3	1930	30
223	3	939	29
224	3	939	29
225	3	574	29
225	3	1408	20
226	3	469	29
226	3	1565	20
227	3	887	30
228	3	469	29
228	3	1513	20
229	3	574	29
230	3	469	29
231	3	469	29
232	3	678	29
232	3	1617	20
233	3	1252	30
235	3	1617	29
236	3	1043	29
237	3	991	29
238	3	1148	29
239	3	1356	29
240	3	574	29
240	3	1722	20
240	3	2295	12
241	3	521	29
242	3	939	30
243	3	469	29
243	3	1408	20
243	3	2243	30
244	3	417	29
245	3	1304	29
246	3	2191	29
248	3	521	29
249	3	626	30
250	3	626	29
250	3	1461	20
250	3	2295	12
251	3	469	29
252	3	1408	29
253	3	939	29
255	3	1043	29
256	3	521	29
257	3	1304	29
258	3	626	29
259	3	574	29
260	3	469	29
262	3	991	29
263	3	574	29
264	3	939	30
265	3	730	30
266	3	939	30
267	3	626	30
268	3	1095	29
269	3	678	29
270	3	521	29
271	3	782	30
271	3	1930	20
272	3	469	29
272	3	1408	20
272	3	1722	12
272	3	2035	30
274	3	1356	29
275	3	1617	29
276	3	2295	29
277	3	1930	30
278	3	1617	29
279	3	1304	30
280	3	574	29
282	3	1617	29
283	3	1252	30
284	3	626	29
284	3	1304	20
284	3	1722	12
285	3	1148	30
286	3	469	29
286	3	1513	20
286	3	2087	12
287	3	1304	30
288	3	834	30
289	3	1148	29
291	3	834	30
292	3	1565	29
293	3	521	29
293	3	1408	20
294	3	574	29
295	3	1200	29
296	3	678	30
297	3	1408	29
298	3	939	29
299	3	574	29
300	3	1095	29
301	3	521	29
302	3	626	29
303	3	469	29
303	3	1356	20
303	3	2087	12
303	3	2243	30
304	3	521	29
306	3	469	29
306	3	1617	20
307	3	521	29
308	3	521	29
309	3	521	29
309	3	1356	20
309	3	2191	12
309	3	2295	30
310	3	782	30
310	3	1878	20
311	3	939	29
312	3	1095	29
313	3	574	29
314	3	1408	29
315	3	1043	30
315	3	2191	20
316	3	2243	29
317	3	1252	30
318	3	1565	29
319	3	1669	29
320	3	1200	30
321	3	626	29
322	3	469	29
323	3	1878	30
324	3	1356	30
325	3	1304	30
326	3	626	29
327	3	1095	30
328	3	730	30
329	3	1513	29
330	3	521	29
330	3	1774	20
331	3	678	29
332	3	834	30
333	3	678	29
333	3	1930	20
334	3	1304	30
335	3	574	29
336	3	678	29
337	3	939	29
338	3	1148	29
339	3	730	30
340	3	1252	30
341	3	1148	30
342	3	469	29
342	3	1722	20
343	3	574	29
343	3	1617	20
344	3	2139	29
345	3	469	29
346	3	417	29
346	3	1826	20
346	3	2295	30
347	3	730	29
348	3	678	29
349	3	678	30
349	3	1408	20
350	3	2191	29
351	3	834	30
352	3	469	29
353	3	678	30
354	3	469	29
354	3	1252	20
354	3	1722	12
355	3	730	30
356	3	939	29
357	3	678	30
358	3	1148	29
360	3	521	29
361	3	782	30
362	3	1252	29
364	3	626	29
365	3	1722	29
366	3	521	29
367	3	574	29
368	3	574	29
368	3	1304	20
369	3	678	30
369	3	1722	20
370	3	991	29
371	3	469	29
372	3	939	29
373	3	1043	29
374	3	1565	29
375	3	1408	29
376	3	834	30
377	3	1304	30
378	3	1148	30
379	3	991	30
380	3	834	30
381	3	834	30
382	3	730	29
383	3	1461	29
384	3	782	30
385	3	1043	30
386	3	417	29
387	3	782	30
387	3	1513	20
388	3	2087	30
389	3	626	29
390	3	574	29
391	3	626	30
391	3	2243	20
392	3	1043	29
393	3	521	29
394	3	939	30
395	3	991	30
396	3	574	29
396	3	1252	20
396	3	1722	12
397	3	1252	30
398	3	469	29
399	3	469	29
400	3	834	30
401	3	2243	30
402	3	887	30
403	3	2035	30
404	3	939	29
405	3	1252	29
406	3	574	29
407	3	1200	30
409	3	1148	29
410	3	1043	29
411	3	417	29
411	3	1356	20
411	3	1669	12
412	3	730	29
412	3	1252	20
412	3	1722	12
412	3	2035	9
412	3	2139	30
413	3	574	29
413	3	1200	20
413	3	1617	12
413	3	1930	9
414	3	469	29
415	3	678	29
415	3	2139	20
416	3	1461	29
417	3	678	30
418	3	678	30
418	3	1408	20
419	3	417	29
419	3	1565	20
420	3	991	29
421	3	2087	30
422	3	991	29
423	3	1095	29
424	3	626	30
424	3	1356	20
424	3	1878	12
424	3	2191	9
425	3	887	30
426	3	1148	30
427	3	2087	30
428	3	626	30
429	3	469	29
430	3	574	29
431	3	626	30
432	3	834	30
432	3	1774	20
433	3	991	30
434	3	782	30
434	3	1513	20
434	3	2087	12
435	3	469	29
436	3	626	29
436	3	1461	20
437	3	626	29
438	3	521	29
439	3	991	29
440	3	521	29
441	3	1826	29
442	3	1043	30
443	3	574	29
444	3	1722	29
445	3	574	29
445	3	2139	20
446	3	1304	30
447	3	1669	29
448	3	1095	29
449	3	2191	29
451	3	574	29
451	3	2191	20
452	3	469	29
453	3	574	29
453	3	1408	20
454	3	1461	29
455	3	1200	30
456	3	1408	30
457	3	521	29
458	3	1617	29
459	3	991	29
460	3	626	29
461	3	469	29
461	3	2087	20
462	3	469	29
463	3	834	30
463	3	1617	20
464	3	991	29
465	3	626	29
466	3	678	30
467	3	469	29
468	3	574	29
469	3	574	29
469	3	1513	20
470	3	1565	29
471	3	1252	29
472	3	469	29
473	3	521	29
474	3	678	30
475	3	1043	29
476	3	1461	29
477	3	1095	29
478	3	939	30
480	3	521	29
481	3	730	30
481	3	1513	20
481	3	2295	12
482	3	782	30
483	3	1774	29
484	3	2035	30
485	3	1304	29
486	3	1304	30
487	3	574	29
488	3	1356	30
489	3	574	29
489	3	1408	20
490	3	574	29
490	3	1774	20
490	3	2295	12
491	3	887	30
492	3	1043	29
493	3	521	29
494	3	730	30
495	3	939	29
496	3	469	29
496	3	1722	20
497	3	469	29
498	3	730	30
499	3	730	30
500	3	574	29
500	3	1304	20
501	3	1408	29
502	3	574	29
503	3	574	29
503	3	1252	20
503	3	1669	12
503	3	1982	9
503	3	2191	30
504	3	2035	29
505	3	1461	29
506	3	1200	29
507	3	1774	29
508	3	678	29
508	3	1982	20
510	3	1930	30
512	3	1043	29
513	3	1043	29
514	3	834	30
515	3	574	29
515	3	1774	20
516	3	1461	29
517	3	1408	30
518	3	1095	29
519	3	469	29
520	3	834	30
521	3	626	29
521	3	1513	20
522	3	1043	30
523	3	678	30
524	3	2243	29
525	3	678	30
525	3	1461	20
525	3	2295	12
526	3	1982	30
527	3	469	29
528	3	574	29
529	3	626	29
529	3	1356	20
530	3	1356	30
531	3	1148	30
532	3	1043	29
533	3	2087	30
534	3	626	29
534	3	1408	20
535	3	1722	29
536	3	1461	29
537	3	939	30
538	3	469	29
539	3	626	29
540	3	2035	30
541	3	469	29
542	3	991	30
543	3	1148	30
544	3	469	29
544	3	1617	20
544	3	2139	12
544	3	2243	30
545	3	574	29
546	3	1148	30
547	3	887	30
547	3	1669	20
548	3	1461	29
549	3	1356	30
550	3	469	29
550	3	1408	20
550	3	2139	30
551	3	469	29
551	3	1356	20
552	3	1513	29
553	3	574	29
554	3	469	29
555	3	469	29
555	3	1200	20
555	3	1722	12
555	3	1982	30
555	3	2295	9
556	3	939	29
556	3	1774	20
557	3	1356	29
558	3	417	29
559	3	1043	30
560	3	1461	29
561	3	939	29
562	3	1095	29
563	3	521	29
564	3	1461	29
565	3	574	29
565	3	1461	20
565	3	2191	12
566	3	469	29
567	3	574	29
568	3	678	30
568	3	1617	20
569	3	991	29
570	3	1356	30
571	3	521	29
572	3	1565	29
574	3	991	30
575	3	521	29
575	3	1252	20
576	3	1148	30
577	3	626	29
578	3	1095	29
579	3	574	29
580	3	2087	29
581	3	1200	29
582	3	521	29
583	3	626	29
583	3	1304	20
584	3	782	30
585	3	574	29
585	3	1252	20
585	3	1565	12
585	3	1878	9
586	3	521	29
587	3	469	29
587	3	1304	20
588	3	678	30
589	3	469	29
590	3	678	29
591	3	1617	29
593	3	1200	30
594	3	574	29
595	3	678	29
595	3	1408	20
596	3	521	29
597	3	1252	30
598	3	521	29
599	3	574	29
600	3	1669	29
601	3	730	30
602	3	1356	29
603	3	574	29
604	3	939	29
605	3	1252	29
606	3	991	30
606	3	2087	20
607	3	469	29
607	3	2295	20
608	3	469	29
611	3	521	29
612	3	1148	30
613	3	1408	29
614	3	1200	30
615	3	991	29
616	3	1148	29
617	3	2087	30
618	3	2191	29
619	3	1043	29
620	3	678	29
621	3	1043	29
622	3	469	29
623	3	1252	29
624	3	469	29
625	3	1200	30
626	3	417	29
626	3	1774	20
627	3	887	30
628	3	939	30
629	3	991	29
630	3	939	29
631	3	469	29
631	3	2139	20
632	3	574	29
633	3	1617	29
634	3	1304	30
635	3	1513	29
636	3	2295	29
637	3	1148	29
638	3	1930	30
639	3	469	29
639	3	1565	20
640	3	939	29
641	3	469	29
642	3	1356	29
644	3	834	30
645	3	1148	30
646	3	626	29
646	3	1722	20
647	3	1513	29
648	3	939	29
649	3	834	30
650	3	1513	29
651	3	834	30
652	3	939	30
653	3	887	30
654	3	939	29
655	3	521	29
656	3	469	29
657	3	469	29
658	3	834	30
659	3	1148	30
660	3	939	29
661	3	626	29
662	3	521	29
663	3	1148	29
664	3	678	30
664	3	1513	20
665	3	626	29
666	3	626	29
667	3	469	29
668	3	1043	29
669	3	939	29
670	3	939	29
671	3	1200	29
672	3	939	29
673	3	574	29
674	3	574	29
675	3	1148	30
676	3	574	29
676	3	2087	20
677	3	939	29
677	3	1774	20
678	3	678	30
679	3	1304	29
680	3	1095	30
681	3	991	29
682	3	469	29
683	3	1356	29
684	3	1095	30
685	3	469	29
686	3	678	29
687	3	1513	29
688	3	1408	29
689	3	1252	30
690	3	469	29
691	3	678	29
691	3	2035	20
692	3	469	29
692	3	1565	20
693	3	469	29
693	3	2191	20
694	3	834	30
695	3	574	29
696	3	1043	29
697	3	730	30
698	3	1565	29
699	3	469	29
700	3	469	29
701	3	1043	29
702	3	469	29
703	3	469	29
704	3	2139	29
705	3	1095	29
706	3	469	29
707	3	730	30
708	3	1200	30
709	3	469	29
710	3	469	29
710	3	1513	20
711	3	1148	30
712	3	939	29
713	3	1722	29
714	3	626	29
715	3	574	29
716	3	574	29
716	3	1461	20
717	3	1148	30
717	3	2295	20
718	3	469	29
718	3	1565	20
719	3	991	29
720	3	2139	29
721	3	1043	30
722	3	469	29
722	3	1304	20
723	3	521	29
724	3	521	29
725	3	782	30
726	3	521	29
727	3	1356	29
728	3	1930	30
729	3	782	30
730	3	1095	30
731	3	678	30
732	3	834	30
733	3	626	29
733	3	1774	20
734	3	469	29
735	3	2035	30
736	3	1095	29
737	3	678	29
737	3	2139	20
738	3	834	30
738	3	1565	20
738	3	2243	12
739	3	1148	30
741	3	469	29
742	3	626	29
742	3	1461	20
742	3	2139	12
743	3	574	29
744	3	1252	30
745	3	1095	29
746	3	1304	30
747	3	991	30
748	3	2139	30
749	3	1356	29
750	3	626	29
751	3	1200	29
752	3	991	29
753	3	678	30
753	3	1617	20
753	3	2035	12
754	3	574	29
755	3	678	30
756	3	574	29
756	3	1513	20
757	3	1617	29
758	3	574	29
759	3	1461	29
760	3	469	29
761	3	521	29
762	3	887	30
763	3	1252	30
764	3	887	30
765	3	469	29
766	3	782	30
767	3	1304	29
768	3	1565	29
769	3	939	29
770	3	2035	30
771	3	1148	30
772	3	991	29
773	3	1565	29
774	3	469	29
774	3	1617	20
775	3	1304	29
776	3	469	29
776	3	1461	20
776	3	2035	12
776	3	2295	30
777	3	2139	30
778	3	730	30
779	3	1982	30
780	3	1826	30
781	3	782	30
781	3	2139	20
782	3	469	29
783	3	1565	29
784	3	469	29
785	3	730	30
786	3	574	29
787	3	1461	29
788	3	469	29
789	3	1148	30
790	3	939	29
791	3	1461	29
792	3	834	30
793	3	469	29
793	3	1982	20
794	3	521	29
795	3	1513	29
796	3	1461	29
797	3	730	30
798	3	1043	29
800	3	1408	29
801	3	1461	29
802	3	469	29
803	3	887	30
804	3	469	29
806	3	1408	30
807	3	626	29
807	3	1252	20
808	3	2139	30
809	3	1878	29
810	3	469	29
811	3	626	29
811	3	2139	20
812	3	417	29
812	3	1774	20
813	3	991	30
814	3	2087	30
815	3	417	29
816	3	1148	30
817	3	2243	30
818	3	939	30
818	3	2139	20
819	3	1565	29
820	3	521	29
821	3	1148	30
822	3	574	29
823	3	626	29
823	3	1461	20
823	3	2139	12
824	3	1148	30
825	3	1043	30
826	3	1043	29
827	3	939	29
828	3	1252	30
829	3	1982	30
830	3	1200	29
831	3	469	29
831	3	1513	20
831	3	2243	30
832	3	730	29
832	3	1513	20
832	3	2191	12
833	3	1252	30
834	3	678	29
834	3	1617	20
835	3	991	30
836	3	2243	29
837	3	1304	29
838	3	417	29
838	3	2139	20
839	3	1408	30
840	3	417	29
840	3	1252	20
841	3	469	29
842	3	574	29
843	3	626	29
843	3	1252	20
843	3	2191	12
843	3	2295	30
844	3	1304	29
845	3	1252	30
846	3	1513	29
847	3	1356	30
848	3	469	29
848	3	1617	20
849	3	2139	29
850	3	521	29
850	3	1461	20
851	3	2295	29
852	3	991	29
853	3	1461	29
854	3	1148	30
855	3	469	29
856	3	678	29
857	3	1408	29
858	3	887	30
859	3	939	29
860	3	1669	29
861	3	730	29
862	3	1617	29
863	3	469	29
864	3	469	29
864	3	1461	20
864	3	2087	12
864	3	2191	30
865	3	469	29
866	3	574	29
867	3	521	29
868	3	469	29
869	3	1043	29
870	3	1148	30
871	3	1200	30
873	3	678	30
873	3	1408	20
875	3	417	29
876	3	626	30
877	3	574	29
877	3	1252	20
877	3	1722	12
878	3	1356	29
879	3	1043	30
880	3	626	29
881	3	1043	29
882	3	1356	30
883	3	1722	29
884	3	782	30
885	3	678	29
885	3	1408	20
886	3	991	29
887	3	887	30
888	3	1095	29
889	3	1461	29
890	3	1200	30
891	3	626	29
892	3	1617	29
893	3	782	30
894	3	887	30
895	3	469	29
896	3	626	29
897	3	469	29
898	3	469	29
898	3	1774	20
899	3	678	30
900	3	1043	29
901	3	626	29
902	3	939	29
903	3	417	29
905	3	1304	29
906	3	469	29
907	3	2139	29
908	3	678	30
909	3	2035	30
910	3	1200	30
911	3	991	29
912	3	469	29
913	3	1304	30
914	3	574	29
915	3	1356	30
916	3	626	29
916	3	1617	20
917	3	782	30
918	3	1200	30
919	3	1408	29
920	3	939	29
921	3	521	29
922	3	1043	30
923	3	1356	29
924	3	469	29
924	3	1408	20
925	3	678	30
926	3	782	30
926	3	2087	20
927	3	939	29
929	3	782	30
930	3	1200	29
931	3	574	29
931	3	1356	20
932	3	1252	30
933	3	1304	30
934	3	1148	29
935	3	417	29
936	3	574	29
937	3	991	29
938	3	1095	29
939	3	1304	29
940	3	469	29
941	3	469	29
941	3	1513	20
941	3	2243	12
942	3	469	29
942	3	1513	20
943	3	574	29
944	3	521	29
945	3	1565	29
946	3	521	29
947	3	678	29
947	3	1408	20
948	3	678	30
949	3	417	29
949	3	1252	20
949	3	1722	12
950	3	678	29
951	3	2139	29
952	3	2035	29
953	3	626	29
953	3	1774	20
954	3	469	29
954	3	2191	20
955	3	2191	29
956	3	521	29
957	3	1513	29
958	3	1095	29
959	3	2295	29
960	3	939	30
961	3	834	30
962	3	2035	30
963	3	678	30
964	3	469	29
964	3	1513	20
964	3	2295	30
965	3	939	29
966	3	574	29
967	3	1304	29
968	3	469	29
969	3	521	29
969	3	2191	20
971	3	834	30
972	3	521	29
972	3	1304	20
973	3	469	29
974	3	469	29
975	3	1356	30
976	3	469	29
976	3	1774	20
977	3	1878	29
978	3	469	29
978	3	1722	20
979	3	1408	30
980	3	1774	29
981	3	991	29
981	3	1774	20
982	3	469	29
983	3	574	29
984	3	1148	29
985	3	1148	30
987	3	1252	29
988	3	887	30
989	3	574	29
990	3	1826	29
992	3	1826	29
993	3	991	29
994	3	2035	30
995	3	574	29
996	3	1356	29
997	3	2243	30
998	3	469	29
998	3	1565	20
998	3	2191	30
999	3	1513	29
0	4	626	29
1	4	626	29
2	4	469	29
3	4	1200	30
4	4	782	30
5	4	730	30
6	4	417	29
7	4	1095	29
8	4	991	30
9	4	2191	29
10	4	521	29
12	4	1200	29
13	4	1148	29
14	4	469	29
15	4	469	29
16	4	626	29
17	4	574	29
18	4	417	29
19	4	1878	30
20	4	782	30
21	4	417	29
22	4	991	29
23	4	678	30
24	4	469	29
25	4	1774	29
26	4	991	30
27	4	469	29
28	4	521	29
29	4	574	29
30	4	1304	30
31	4	782	30
32	4	1148	30
33	4	834	30
34	4	469	29
35	4	730	30
36	4	730	30
37	4	991	30
38	4	887	30
39	4	834	30
40	4	574	29
40	4	2191	28
41	4	1043	30
42	4	1043	30
43	4	417	29
44	4	1722	29
45	4	730	29
46	4	469	29
47	4	1252	30
48	4	2191	29
49	4	469	29
49	4	2243	28
50	4	1669	29
51	4	1722	29
52	4	1043	29
53	4	469	29
53	4	1982	28
53	4	2243	30
55	4	834	30
56	4	1356	29
57	4	469	29
57	4	1774	28
58	4	469	29
59	4	782	30
60	4	1200	29
61	4	730	29
62	4	782	30
63	4	469	29
64	4	1930	30
65	4	521	29
66	4	1304	30
67	4	1095	30
68	4	1565	29
69	4	991	29
70	4	469	29
71	4	1148	30
73	4	1774	29
74	4	939	29
75	4	678	29
76	4	1461	30
77	4	1565	29
78	4	1461	29
79	4	1095	30
80	4	678	29
81	4	626	30
82	4	1252	30
83	4	1200	29
84	4	782	30
85	4	1774	29
86	4	1200	29
87	4	417	29
87	4	1930	28
87	4	2295	30
88	4	939	30
89	4	939	29
90	4	1461	29
91	4	782	30
92	4	678	30
93	4	1408	29
94	4	1878	29
95	4	991	29
96	4	1095	29
97	4	1356	29
98	4	1774	29
99	4	1148	29
100	4	1408	29
101	4	887	30
102	4	939	30
103	4	991	29
104	4	417	29
106	4	521	29
106	4	2035	28
106	4	2295	30
107	4	574	29
108	4	626	29
109	4	1408	29
110	4	678	30
111	4	887	30
112	4	521	29
113	4	469	29
114	4	887	30
115	4	1513	30
116	4	1565	29
117	4	1513	29
118	4	1252	30
119	4	1200	30
120	4	939	29
121	4	1356	29
122	4	626	29
123	4	2087	29
124	4	678	29
125	4	469	29
126	4	469	29
127	4	626	29
128	4	574	29
129	4	1252	29
130	4	417	29
131	4	887	30
132	4	574	29
133	4	782	30
134	4	939	29
135	4	678	30
136	4	469	29
136	4	1669	28
136	4	2295	30
137	4	521	29
138	4	626	29
138	4	2243	28
139	4	626	29
139	4	1982	28
139	4	2243	30
140	4	1826	29
141	4	626	30
142	4	939	29
143	4	1304	30
145	4	1200	30
146	4	730	30
147	4	887	30
148	4	1461	29
149	4	626	29
150	4	469	29
150	4	2295	28
151	4	939	29
152	4	469	29
152	4	2139	28
153	4	521	29
154	4	626	29
155	4	521	29
156	4	574	29
158	4	469	29
159	4	574	29
159	4	2295	28
160	4	1043	30
161	4	1722	29
162	4	1148	29
163	4	1200	29
164	4	469	29
165	4	469	29
166	4	1930	29
167	4	1304	29
169	4	626	29
170	4	626	29
171	4	991	29
172	4	1148	30
173	4	1461	29
174	4	939	29
175	4	887	30
176	4	626	29
177	4	1826	29
178	4	2139	30
179	4	730	30
180	4	2087	29
181	4	626	29
182	4	521	29
183	4	469	29
183	4	2295	28
184	4	1148	29
185	4	834	30
186	4	2295	29
187	4	521	29
188	4	1148	29
189	4	1043	30
190	4	1200	30
191	4	678	29
192	4	887	30
193	4	834	30
194	4	521	29
196	4	469	29
196	4	1669	28
196	4	1930	30
198	4	887	30
199	4	521	29
200	4	1148	30
201	4	1826	29
202	4	1043	29
203	4	574	29
204	4	626	30
205	4	1408	30
206	4	574	29
206	4	1826	28
206	4	2035	30
207	4	626	29
208	4	469	29
210	4	417	29
211	4	1669	29
212	4	939	29
213	4	1722	29
214	4	574	29
215	4	1304	30
216	4	1043	29
217	4	1200	30
218	4	834	30
219	4	2295	29
220	4	1513	29
221	4	469	29
222	4	1930	30
223	4	939	29
224	4	939	29
225	4	574	29
225	4	2139	28
226	4	469	29
227	4	887	30
228	4	469	29
229	4	574	29
230	4	469	29
231	4	469	29
232	4	678	29
233	4	1252	30
235	4	1617	29
236	4	1043	29
237	4	991	29
238	4	1148	29
239	4	1356	29
240	4	574	29
241	4	521	29
242	4	939	30
243	4	469	29
243	4	1930	28
243	4	2243	30
244	4	417	29
245	4	1304	29
246	4	2191	29
248	4	521	29
249	4	626	30
250	4	626	29
250	4	2191	28
251	4	469	29
252	4	1408	29
253	4	939	29
255	4	1043	29
256	4	521	29
257	4	1304	29
258	4	626	29
259	4	574	29
260	4	469	29
262	4	991	29
263	4	574	29
264	4	939	30
265	4	730	30
266	4	939	30
267	4	626	30
268	4	1095	29
269	4	678	29
270	4	521	29
271	4	782	30
272	4	469	29
272	4	1774	28
272	4	2035	30
274	4	1356	29
275	4	1617	29
276	4	2295	29
277	4	1930	30
278	4	1617	29
279	4	1304	30
280	4	574	29
282	4	1617	29
283	4	1252	30
284	4	626	29
284	4	2035	28
285	4	1148	30
286	4	469	29
286	4	2087	28
287	4	1304	30
288	4	834	30
289	4	1148	29
291	4	834	30
292	4	1565	29
293	4	521	29
293	4	2087	28
294	4	574	29
295	4	1200	29
296	4	678	30
297	4	1408	29
298	4	939	29
299	4	574	29
300	4	1095	29
301	4	521	29
302	4	626	29
303	4	469	29
303	4	1722	28
303	4	2243	30
304	4	521	29
306	4	469	29
307	4	521	29
308	4	521	29
309	4	521	29
309	4	2035	28
309	4	2295	30
310	4	782	30
311	4	939	29
312	4	1095	29
313	4	574	29
314	4	1408	29
315	4	1043	30
316	4	2243	29
317	4	1252	30
318	4	1565	29
319	4	1669	29
320	4	1200	30
321	4	626	29
322	4	469	29
323	4	1878	30
324	4	1356	30
325	4	1304	30
326	4	626	29
327	4	1095	30
328	4	730	30
329	4	1513	29
330	4	521	29
331	4	678	29
332	4	834	30
333	4	678	29
334	4	1304	30
335	4	574	29
336	4	678	29
337	4	939	29
338	4	1148	29
339	4	730	30
340	4	1252	30
341	4	1148	30
342	4	469	29
342	4	1878	28
343	4	574	29
344	4	2139	29
345	4	469	29
345	4	2191	28
346	4	417	29
346	4	1982	28
346	4	2295	30
347	4	730	29
348	4	678	29
349	4	678	30
350	4	2191	29
351	4	834	30
352	4	469	29
353	4	678	30
354	4	469	29
354	4	1722	28
355	4	730	30
356	4	939	29
357	4	678	30
358	4	1148	29
360	4	521	29
361	4	782	30
362	4	1252	29
364	4	626	29
365	4	1722	29
366	4	521	29
367	4	574	29
368	4	574	29
368	4	2087	28
369	4	678	30
370	4	991	29
371	4	469	29
372	4	939	29
373	4	1043	29
374	4	1565	29
375	4	1408	29
376	4	834	30
377	4	1304	30
378	4	1148	30
379	4	991	30
380	4	834	30
381	4	834	30
382	4	730	29
383	4	1461	29
384	4	782	30
385	4	1043	30
386	4	417	29
387	4	782	30
388	4	2087	30
389	4	626	29
390	4	574	29
391	4	626	30
392	4	1043	29
393	4	521	29
394	4	939	30
395	4	991	30
396	4	574	29
397	4	1252	30
398	4	469	29
399	4	469	29
400	4	834	30
401	4	2243	30
402	4	887	30
403	4	2035	30
404	4	939	29
405	4	1252	29
406	4	574	29
407	4	1200	30
409	4	1148	29
410	4	1043	29
411	4	417	29
411	4	1878	28
412	4	730	29
412	4	1930	28
412	4	2139	30
413	4	574	29
413	4	1982	28
414	4	469	29
414	4	2191	28
415	4	678	29
416	4	1461	29
417	4	678	30
418	4	678	30
419	4	417	29
420	4	991	29
421	4	2087	30
422	4	991	29
423	4	1095	29
424	4	626	30
424	4	2295	28
425	4	887	30
426	4	1148	30
427	4	2087	30
428	4	626	30
429	4	469	29
430	4	574	29
431	4	626	30
432	4	834	30
433	4	991	30
434	4	782	30
435	4	469	29
436	4	626	29
437	4	626	29
438	4	521	29
439	4	991	29
440	4	521	29
441	4	1826	29
442	4	1043	30
443	4	574	29
444	4	1722	29
445	4	574	29
446	4	1304	30
447	4	1669	29
448	4	1095	29
449	4	2191	29
451	4	574	29
451	4	2139	28
452	4	469	29
453	4	574	29
454	4	1461	29
455	4	1200	30
456	4	1408	30
457	4	521	29
458	4	1617	29
459	4	991	29
460	4	626	29
461	4	469	29
462	4	469	29
463	4	834	30
464	4	991	29
465	4	626	29
466	4	678	30
467	4	469	29
468	4	574	29
469	4	574	29
470	4	1565	29
471	4	1252	29
472	4	469	29
473	4	521	29
474	4	678	30
475	4	1043	29
476	4	1461	29
477	4	1095	29
478	4	939	30
480	4	521	29
481	4	730	30
482	4	782	30
483	4	1774	29
484	4	2035	30
485	4	1304	29
486	4	1304	30
487	4	574	29
488	4	1356	30
489	4	574	29
490	4	574	29
490	4	2191	28
491	4	887	30
492	4	1043	29
492	4	2243	28
493	4	521	29
494	4	730	30
495	4	939	29
496	4	469	29
496	4	2243	28
497	4	469	29
498	4	730	30
499	4	730	30
500	4	574	29
501	4	1408	29
502	4	574	29
503	4	574	29
503	4	1930	28
503	4	2191	30
504	4	2035	29
505	4	1461	29
506	4	1200	29
507	4	1774	29
508	4	678	29
508	4	2139	28
510	4	1930	30
512	4	1043	29
512	4	2139	28
513	4	1043	29
514	4	834	30
515	4	574	29
516	4	1461	29
517	4	1408	30
518	4	1095	29
519	4	469	29
520	4	834	30
521	4	626	29
522	4	1043	30
523	4	678	30
524	4	2243	29
525	4	678	30
526	4	1982	30
527	4	469	29
528	4	574	29
529	4	626	29
529	4	1930	28
530	4	1356	30
531	4	1148	30
532	4	1043	29
533	4	2087	30
534	4	626	29
535	4	1722	29
536	4	1461	29
537	4	939	30
538	4	469	29
539	4	626	29
540	4	2035	30
541	4	469	29
542	4	991	30
543	4	1148	30
544	4	469	29
544	4	1982	28
544	4	2243	30
545	4	574	29
546	4	1148	30
547	4	887	30
548	4	1461	29
549	4	1356	30
550	4	469	29
550	4	1774	28
550	4	2139	30
551	4	469	29
551	4	1878	28
552	4	1513	29
553	4	574	29
554	4	469	29
555	4	469	29
555	4	1722	28
555	4	1982	30
556	4	939	29
557	4	1356	29
558	4	417	29
559	4	1043	30
560	4	1461	29
561	4	939	29
562	4	1095	29
563	4	521	29
564	4	1461	29
565	4	574	29
565	4	2139	28
566	4	469	29
567	4	574	29
568	4	678	30
569	4	991	29
570	4	1356	30
571	4	521	29
572	4	1565	29
574	4	991	30
575	4	521	29
575	4	2035	28
576	4	1148	30
577	4	626	29
578	4	1095	29
579	4	574	29
580	4	2087	29
581	4	1200	29
581	4	2243	28
582	4	521	29
583	4	626	29
584	4	782	30
585	4	574	29
585	4	1982	28
586	4	521	29
587	4	469	29
587	4	1826	28
588	4	678	30
589	4	469	29
590	4	678	29
591	4	1617	29
593	4	1200	30
594	4	574	29
595	4	678	29
595	4	2087	28
596	4	521	29
597	4	1252	30
598	4	521	29
599	4	574	29
600	4	1669	29
601	4	730	30
602	4	1356	29
603	4	574	29
604	4	939	29
604	4	2243	28
605	4	1252	29
606	4	991	30
607	4	469	29
607	4	2295	28
608	4	469	29
611	4	521	29
612	4	1148	30
613	4	1408	29
614	4	1200	30
615	4	991	29
616	4	1148	29
617	4	2087	30
618	4	2191	29
619	4	1043	29
620	4	678	29
621	4	1043	29
622	4	469	29
623	4	1252	29
624	4	469	29
625	4	1200	30
626	4	417	29
627	4	887	30
628	4	939	30
629	4	991	29
630	4	939	29
631	4	469	29
631	4	2191	28
632	4	574	29
633	4	1617	29
634	4	1304	30
635	4	1513	29
636	4	2295	29
637	4	1148	29
638	4	1930	30
639	4	469	29
639	4	2087	28
640	4	939	29
641	4	469	29
642	4	1356	29
644	4	834	30
645	4	1148	30
646	4	626	29
647	4	1513	29
648	4	939	29
649	4	834	30
650	4	1513	29
651	4	834	30
652	4	939	30
653	4	887	30
654	4	939	29
655	4	521	29
656	4	469	29
657	4	469	29
658	4	834	30
659	4	1148	30
660	4	939	29
661	4	626	29
662	4	521	29
663	4	1148	29
664	4	678	30
665	4	626	29
666	4	626	29
667	4	469	29
668	4	1043	29
669	4	939	29
670	4	939	29
671	4	1200	29
672	4	939	29
673	4	574	29
674	4	574	29
675	4	1148	30
676	4	574	29
677	4	939	29
678	4	678	30
679	4	1304	29
680	4	1095	30
681	4	991	29
682	4	469	29
683	4	1356	29
684	4	1095	30
685	4	469	29
686	4	678	29
687	4	1513	29
688	4	1408	29
689	4	1252	30
690	4	469	29
691	4	678	29
691	4	2295	28
692	4	469	29
693	4	469	29
693	4	2295	28
694	4	834	30
695	4	574	29
696	4	1043	29
697	4	730	30
698	4	1565	29
699	4	469	29
700	4	469	29
701	4	1043	29
701	4	2243	28
702	4	469	29
703	4	469	29
704	4	2139	29
705	4	1095	29
706	4	469	29
707	4	730	30
708	4	1200	30
709	4	469	29
709	4	2191	28
710	4	469	29
711	4	1148	30
712	4	939	29
713	4	1722	29
714	4	626	29
715	4	574	29
716	4	574	29
717	4	1148	30
718	4	469	29
718	4	2243	28
719	4	991	29
720	4	2139	29
721	4	1043	30
722	4	469	29
722	4	1722	28
723	4	521	29
724	4	521	29
725	4	782	30
726	4	521	29
727	4	1356	29
728	4	1930	30
729	4	782	30
730	4	1095	30
731	4	678	30
732	4	834	30
733	4	626	29
734	4	469	29
735	4	2035	30
736	4	1095	29
737	4	678	29
738	4	834	30
739	4	1148	30
741	4	469	29
742	4	626	29
742	4	2191	28
743	4	574	29
744	4	1252	30
745	4	1095	29
746	4	1304	30
747	4	991	30
748	4	2139	30
749	4	1356	29
750	4	626	29
751	4	1200	29
752	4	991	29
752	4	2191	28
753	4	678	30
754	4	574	29
755	4	678	30
756	4	574	29
756	4	2191	28
757	4	1617	29
758	4	574	29
759	4	1461	29
760	4	469	29
761	4	521	29
762	4	887	30
763	4	1252	30
764	4	887	30
765	4	469	29
766	4	782	30
767	4	1304	29
768	4	1565	29
769	4	939	29
770	4	2035	30
771	4	1148	30
772	4	991	29
773	4	1565	29
774	4	469	29
775	4	1304	29
776	4	469	29
776	4	1982	28
776	4	2295	30
777	4	2139	30
778	4	730	30
779	4	1982	30
780	4	1826	30
781	4	782	30
782	4	469	29
783	4	1565	29
784	4	469	29
785	4	730	30
786	4	574	29
787	4	1461	29
788	4	469	29
789	4	1148	30
790	4	939	29
791	4	1461	29
792	4	834	30
793	4	469	29
793	4	2295	28
794	4	521	29
795	4	1513	29
796	4	1461	29
797	4	730	30
798	4	1043	29
800	4	1408	29
801	4	1461	29
802	4	469	29
803	4	887	30
804	4	469	29
806	4	1408	30
807	4	626	29
807	4	2295	28
808	4	2139	30
809	4	1878	29
810	4	469	29
811	4	626	29
812	4	417	29
812	4	2087	28
813	4	991	30
814	4	2087	30
815	4	417	29
816	4	1148	30
817	4	2243	30
818	4	939	30
819	4	1565	29
820	4	521	29
821	4	1148	30
822	4	574	29
823	4	626	29
823	4	2191	28
824	4	1148	30
825	4	1043	30
826	4	1043	29
827	4	939	29
828	4	1252	30
829	4	1982	30
830	4	1200	29
831	4	469	29
831	4	1982	28
831	4	2243	30
832	4	730	29
832	4	2139	28
833	4	1252	30
834	4	678	29
834	4	2243	28
835	4	991	30
836	4	2243	29
837	4	1304	29
838	4	417	29
838	4	2139	28
839	4	1408	30
840	4	417	29
840	4	1669	28
841	4	469	29
842	4	574	29
843	4	626	29
843	4	2035	28
843	4	2295	30
844	4	1304	29
845	4	1252	30
846	4	1513	29
847	4	1356	30
848	4	469	29
849	4	2139	29
850	4	521	29
851	4	2295	29
852	4	991	29
853	4	1461	29
854	4	1148	30
855	4	469	29
856	4	678	29
857	4	1408	29
858	4	887	30
859	4	939	29
860	4	1669	29
861	4	730	29
862	4	1617	29
863	4	469	29
864	4	469	29
864	4	1878	28
864	4	2191	30
865	4	469	29
866	4	574	29
867	4	521	29
868	4	469	29
869	4	1043	29
870	4	1148	30
871	4	1200	30
873	4	678	30
875	4	417	29
876	4	626	30
877	4	574	29
878	4	1356	29
879	4	1043	30
880	4	626	29
881	4	1043	29
882	4	1356	30
883	4	1722	29
884	4	782	30
885	4	678	29
886	4	991	29
887	4	887	30
888	4	1095	29
889	4	1461	29
890	4	1200	30
891	4	626	29
892	4	1617	29
893	4	782	30
894	4	887	30
895	4	469	29
896	4	626	29
897	4	469	29
898	4	469	29
899	4	678	30
900	4	1043	29
901	4	626	29
902	4	939	29
902	4	2295	28
903	4	417	29
903	4	2139	28
905	4	1304	29
906	4	469	29
907	4	2139	29
908	4	678	30
909	4	2035	30
910	4	1200	30
911	4	991	29
912	4	469	29
913	4	1304	30
914	4	574	29
915	4	1356	30
916	4	626	29
917	4	782	30
918	4	1200	30
919	4	1408	29
920	4	939	29
921	4	521	29
922	4	1043	30
923	4	1356	29
924	4	469	29
925	4	678	30
926	4	782	30
927	4	939	29
929	4	782	30
930	4	1200	29
931	4	574	29
931	4	2191	28
932	4	1252	30
933	4	1304	30
934	4	1148	29
935	4	417	29
936	4	574	29
937	4	991	29
938	4	1095	29
939	4	1304	29
940	4	469	29
940	4	2139	28
941	4	469	29
941	4	2087	28
942	4	469	29
942	4	2035	28
943	4	574	29
944	4	521	29
945	4	1565	29
946	4	521	29
947	4	678	29
947	4	2035	28
948	4	678	30
949	4	417	29
949	4	1722	28
950	4	678	29
951	4	2139	29
952	4	2035	29
953	4	626	29
954	4	469	29
955	4	2191	29
956	4	521	29
957	4	1513	29
958	4	1095	29
959	4	2295	29
960	4	939	30
961	4	834	30
962	4	2035	30
963	4	678	30
964	4	469	29
964	4	1930	28
964	4	2295	30
965	4	939	29
966	4	574	29
967	4	1304	29
968	4	469	29
969	4	521	29
971	4	834	30
972	4	521	29
972	4	2035	28
973	4	469	29
974	4	469	29
975	4	1356	30
976	4	469	29
976	4	2191	28
977	4	1878	29
978	4	469	29
979	4	1408	30
980	4	1774	29
981	4	991	29
982	4	469	29
983	4	574	29
984	4	1148	29
985	4	1148	30
987	4	1252	29
988	4	887	30
989	4	574	29
990	4	1826	29
992	4	1826	29
993	4	991	29
994	4	2035	30
995	4	574	29
996	4	1356	29
997	4	2243	30
998	4	469	29
998	4	1930	28
998	4	2191	30
999	4	1513	29
0	5	521	25
0	5	626	29
1	5	521	25
1	5	626	29
2	5	469	29
3	5	1095	27
3	5	1200	30
4	5	521	25
4	5	782	30
4	5	2087	27
5	5	521	25
5	5	730	30
6	5	417	29
6	5	2243	27
7	5	834	27
7	5	1095	29
8	5	521	25
8	5	991	30
9	5	1930	27
9	5	2191	29
10	5	521	29
11	5	2295	27
12	5	939	27
12	5	1200	29
13	5	887	27
13	5	1148	29
14	5	469	29
15	5	469	29
16	5	521	25
16	5	626	29
17	5	521	25
17	5	574	29
18	5	417	29
18	5	2295	27
19	5	1774	27
19	5	1878	30
20	5	521	25
20	5	782	30
21	5	417	29
22	5	730	27
22	5	991	29
23	5	521	25
23	5	678	30
24	5	469	29
24	5	2087	27
25	5	1513	27
25	5	1774	29
26	5	521	25
26	5	991	30
27	5	469	29
28	5	521	29
28	5	1774	27
29	5	574	29
30	5	1200	27
30	5	1304	30
31	5	521	25
31	5	782	30
32	5	1043	27
32	5	1148	30
33	5	521	25
33	5	834	30
34	5	469	29
34	5	2139	27
35	5	521	25
35	5	730	30
36	5	521	25
36	5	730	30
37	5	521	25
37	5	991	30
38	5	521	25
38	5	887	30
39	5	521	25
39	5	834	30
40	5	521	25
40	5	574	29
40	5	1930	27
40	5	2191	28
41	5	574	25
41	5	1043	30
42	5	626	25
42	5	1043	30
43	5	417	29
43	5	2139	27
44	5	1461	27
44	5	1722	29
45	5	521	25
45	5	730	29
46	5	469	29
47	5	1043	27
47	5	1252	30
48	5	1930	27
48	5	2191	29
49	5	469	29
49	5	1930	27
49	5	2243	28
50	5	1408	27
50	5	1669	29
51	5	1461	27
51	5	1722	29
52	5	782	27
52	5	1043	29
53	5	469	29
53	5	1722	27
53	5	1982	28
53	5	2243	30
55	5	521	25
55	5	834	30
56	5	1095	27
56	5	1356	29
57	5	469	29
57	5	1513	27
57	5	1774	28
58	5	469	29
58	5	1774	27
59	5	521	25
59	5	782	30
60	5	939	27
60	5	1200	29
61	5	521	25
61	5	730	29
62	5	521	25
62	5	782	30
63	5	469	29
64	5	1826	27
64	5	1930	30
65	5	521	29
66	5	1200	27
66	5	1304	30
67	5	574	25
67	5	1095	30
68	5	1304	27
68	5	1565	29
69	5	730	27
69	5	991	29
70	5	469	29
71	5	1043	27
71	5	1148	30
73	5	1513	27
73	5	1774	29
74	5	678	27
74	5	939	29
75	5	521	25
75	5	678	29
76	5	1252	27
76	5	1461	30
77	5	1304	27
77	5	1565	29
78	5	1200	27
78	5	1461	29
79	5	626	25
79	5	1095	30
80	5	521	25
80	5	678	29
81	5	521	25
81	5	626	30
82	5	521	25
82	5	1252	30
83	5	939	27
83	5	1200	29
84	5	521	25
84	5	782	30
85	5	1513	27
85	5	1774	29
86	5	939	27
86	5	1200	29
87	5	417	29
87	5	1669	27
87	5	1930	28
87	5	2295	30
88	5	521	25
88	5	939	30
89	5	678	27
89	5	939	29
90	5	1200	27
90	5	1461	29
91	5	521	25
91	5	782	30
92	5	521	25
92	5	678	30
93	5	1148	27
93	5	1408	29
94	5	1617	27
94	5	1878	29
95	5	730	27
95	5	991	29
96	5	834	27
96	5	1095	29
97	5	1095	27
97	5	1356	29
98	5	1513	27
98	5	1774	29
99	5	887	27
99	5	1148	29
100	5	1148	27
100	5	1408	29
101	5	521	25
101	5	887	30
102	5	521	25
102	5	939	30
103	5	730	27
103	5	991	29
104	5	417	29
104	5	2087	27
105	5	2087	27
106	5	521	29
106	5	1774	27
106	5	2035	28
106	5	2295	30
107	5	521	25
107	5	574	29
107	5	2139	27
108	5	521	25
108	5	626	29
109	5	1148	27
109	5	1408	29
110	5	521	25
110	5	678	30
111	5	521	25
111	5	887	30
112	5	521	29
113	5	469	29
114	5	521	25
114	5	887	30
115	5	1304	27
115	5	1513	30
116	5	1304	27
116	5	1565	29
117	5	1252	27
117	5	1513	29
118	5	1095	27
118	5	1252	30
119	5	1148	27
119	5	1200	30
120	5	678	27
120	5	939	29
121	5	1095	27
121	5	1356	29
122	5	521	25
122	5	626	29
122	5	2191	27
123	5	1826	27
123	5	2087	29
124	5	521	25
124	5	678	29
125	5	469	29
125	5	1774	27
126	5	469	29
126	5	1722	27
127	5	521	25
127	5	626	29
128	5	521	25
128	5	574	29
129	5	991	27
129	5	1252	29
130	5	417	29
131	5	521	25
131	5	887	30
131	5	2243	27
132	5	521	25
132	5	574	29
133	5	521	25
133	5	782	30
134	5	678	27
134	5	939	29
135	5	521	25
135	5	678	30
136	5	469	29
136	5	1408	27
136	5	1669	28
136	5	2295	30
137	5	521	29
138	5	521	25
138	5	626	29
138	5	1982	27
138	5	2243	28
139	5	521	25
139	5	626	29
139	5	1722	27
139	5	1982	28
139	5	2243	30
140	5	1565	27
140	5	1826	29
141	5	521	25
141	5	626	30
142	5	678	27
142	5	939	29
143	5	1148	27
143	5	1304	30
145	5	1095	27
145	5	1200	30
146	5	521	25
146	5	730	30
147	5	521	25
147	5	887	30
148	5	1200	27
148	5	1461	29
149	5	521	25
149	5	626	29
149	5	2191	27
150	5	469	29
150	5	2035	27
150	5	2295	28
151	5	678	27
151	5	939	29
152	5	469	29
152	5	1878	27
152	5	2139	28
153	5	521	29
154	5	521	25
154	5	626	29
155	5	521	29
155	5	2139	27
156	5	521	25
156	5	574	29
158	5	469	29
159	5	521	25
159	5	574	29
159	5	2035	27
159	5	2295	28
160	5	521	25
160	5	1043	30
161	5	1461	27
161	5	1722	29
162	5	887	27
162	5	1148	29
163	5	939	27
163	5	1200	29
164	5	469	29
165	5	469	29
165	5	1722	27
166	5	1669	27
166	5	1930	29
167	5	1043	27
167	5	1304	29
169	5	521	25
169	5	626	29
170	5	521	25
170	5	626	29
171	5	730	27
171	5	991	29
172	5	991	27
172	5	1148	30
173	5	1200	27
173	5	1461	29
174	5	678	27
174	5	939	29
175	5	521	25
175	5	887	30
176	5	521	25
176	5	626	29
177	5	1565	27
177	5	1826	29
178	5	1930	27
178	5	2139	30
179	5	521	25
179	5	730	30
180	5	1826	27
180	5	2087	29
181	5	521	25
181	5	626	29
182	5	521	29
183	5	469	29
183	5	2035	27
183	5	2295	28
184	5	887	27
184	5	1148	29
185	5	521	25
185	5	834	30
186	5	2035	27
186	5	2295	29
187	5	521	29
188	5	887	27
188	5	1148	29
189	5	574	25
189	5	1043	30
190	5	991	27
190	5	1200	30
191	5	521	25
191	5	678	29
192	5	521	25
192	5	887	30
193	5	521	25
193	5	834	30
194	5	521	29
196	5	469	29
196	5	1408	27
196	5	1669	28
196	5	1930	30
196	5	2243	25
198	5	574	25
198	5	887	30
199	5	521	29
199	5	2191	27
200	5	1095	27
200	5	1148	30
201	5	1565	27
201	5	1826	29
202	5	782	27
202	5	1043	29
203	5	574	29
204	5	521	25
204	5	626	30
205	5	1200	27
205	5	1408	30
206	5	521	25
206	5	574	29
206	5	1565	27
206	5	1826	28
206	5	2035	30
207	5	521	25
207	5	626	29
207	5	2191	27
208	5	469	29
209	5	2087	27
210	5	417	29
211	5	1408	27
211	5	1669	29
212	5	678	27
212	5	939	29
213	5	1461	27
213	5	1722	29
214	5	574	29
215	5	1148	27
215	5	1304	30
216	5	782	27
216	5	1043	29
217	5	1095	27
217	5	1200	30
218	5	574	25
218	5	834	30
219	5	2035	27
219	5	2295	29
220	5	1252	27
220	5	1513	29
221	5	469	29
222	5	1826	27
222	5	1930	30
223	5	678	27
223	5	939	29
224	5	678	27
224	5	939	29
225	5	521	25
225	5	574	29
225	5	1878	27
225	5	2139	28
226	5	469	29
226	5	1774	27
227	5	521	25
227	5	887	30
228	5	469	29
228	5	1722	27
229	5	574	29
230	5	469	29
231	5	469	29
232	5	521	25
232	5	678	29
233	5	1200	27
233	5	1252	30
235	5	1356	27
235	5	1617	29
236	5	782	27
236	5	1043	29
237	5	730	27
237	5	991	29
238	5	887	27
238	5	1148	29
239	5	1095	27
239	5	1356	29
240	5	521	25
240	5	574	29
240	5	2087	27
241	5	521	29
242	5	521	25
242	5	939	30
243	5	469	29
243	5	1669	27
243	5	1930	28
243	5	2243	30
244	5	417	29
244	5	2295	27
245	5	1043	27
245	5	1304	29
246	5	1930	27
246	5	2191	29
248	5	521	29
249	5	521	25
249	5	626	30
250	5	521	25
250	5	626	29
250	5	1930	27
250	5	2191	28
251	5	469	29
251	5	2295	27
252	5	1148	27
252	5	1408	29
253	5	678	27
253	5	939	29
255	5	782	27
255	5	1043	29
256	5	521	29
256	5	2191	27
257	5	1043	27
257	5	1304	29
258	5	521	25
258	5	626	29
259	5	521	25
259	5	574	29
260	5	469	29
260	5	2191	27
262	5	730	27
262	5	991	29
263	5	574	29
264	5	521	25
264	5	939	30
265	5	521	25
265	5	730	30
266	5	521	25
266	5	939	30
267	5	521	25
267	5	626	30
268	5	834	27
268	5	1095	29
269	5	521	25
269	5	678	29
270	5	521	29
271	5	521	25
271	5	782	30
272	5	469	29
272	5	1513	27
272	5	1774	28
272	5	2035	30
273	5	2139	27
274	5	1095	27
274	5	1356	29
275	5	1356	27
275	5	1617	29
276	5	2035	27
276	5	2295	29
277	5	574	25
277	5	1930	30
278	5	1356	27
278	5	1617	29
279	5	1095	27
279	5	1304	30
280	5	574	29
282	5	1356	27
282	5	1617	29
283	5	1095	27
283	5	1252	30
284	5	521	25
284	5	626	29
284	5	1722	27
284	5	2035	28
285	5	1095	27
285	5	1148	30
286	5	469	29
286	5	1826	27
286	5	2087	28
287	5	1095	27
287	5	1304	30
288	5	521	25
288	5	834	30
289	5	887	27
289	5	1148	29
291	5	521	25
291	5	834	30
292	5	1304	27
292	5	1565	29
293	5	521	29
293	5	1826	27
293	5	2087	28
294	5	521	25
294	5	574	29
295	5	939	27
295	5	1200	29
296	5	521	25
296	5	678	30
297	5	1148	27
297	5	1408	29
298	5	678	27
298	5	939	29
299	5	521	25
299	5	574	29
300	5	834	27
300	5	1095	29
301	5	521	29
302	5	521	25
302	5	626	29
302	5	2295	27
303	5	469	29
303	5	1461	27
303	5	1722	28
303	5	2243	30
304	5	521	29
306	5	469	29
307	5	521	29
308	5	521	29
309	5	521	29
309	5	1774	27
309	5	2035	28
309	5	2295	30
310	5	521	25
310	5	782	30
310	5	2139	27
311	5	678	27
311	5	939	29
312	5	834	27
312	5	1095	29
313	5	574	29
314	5	1148	27
314	5	1408	29
315	5	521	25
315	5	1043	30
316	5	1982	27
316	5	2243	29
317	5	1148	27
317	5	1252	30
318	5	1304	27
318	5	1565	29
319	5	1408	27
319	5	1669	29
320	5	1200	30
321	5	521	25
321	5	626	29
322	5	469	29
323	5	1722	27
323	5	1878	30
324	5	1252	27
324	5	1356	30
325	5	1148	27
325	5	1304	30
326	5	521	25
326	5	626	29
327	5	1043	27
327	5	1095	30
328	5	678	27
328	5	730	30
329	5	1252	27
329	5	1513	29
330	5	521	29
331	5	521	25
331	5	678	29
332	5	521	25
332	5	834	30
333	5	521	25
333	5	678	29
333	5	2295	27
334	5	1148	27
334	5	1304	30
335	5	521	25
335	5	574	29
336	5	521	25
336	5	678	29
337	5	678	27
337	5	939	29
338	5	887	27
338	5	1148	29
339	5	521	25
339	5	730	30
340	5	1095	27
340	5	1252	30
341	5	1095	27
341	5	1148	30
342	5	469	29
342	5	1565	27
342	5	1878	28
343	5	521	25
343	5	574	29
344	5	1878	27
344	5	2139	29
345	5	469	29
345	5	1878	27
345	5	2191	28
346	5	417	29
346	5	1722	27
346	5	1982	28
346	5	2295	30
347	5	521	25
347	5	730	29
348	5	521	25
348	5	678	29
349	5	521	25
349	5	678	30
350	5	1930	27
350	5	2191	29
351	5	521	25
351	5	834	30
352	5	469	29
353	5	521	25
353	5	678	30
354	5	469	29
354	5	1461	27
354	5	1722	28
355	5	521	25
355	5	730	30
356	5	678	27
356	5	939	29
357	5	521	25
357	5	678	30
358	5	887	27
358	5	1148	29
360	5	521	29
361	5	521	25
361	5	782	30
362	5	991	27
362	5	1252	29
364	5	521	25
364	5	626	29
365	5	1461	27
365	5	1722	29
366	5	521	29
367	5	521	25
367	5	574	29
368	5	521	25
368	5	574	29
368	5	1826	27
368	5	2087	28
369	5	521	25
369	5	678	30
370	5	730	27
370	5	991	29
371	5	469	29
372	5	678	27
372	5	939	29
373	5	782	27
373	5	1043	29
374	5	1304	27
374	5	1565	29
375	5	1148	27
375	5	1408	29
376	5	521	25
376	5	834	30
377	5	1148	27
377	5	1304	30
378	5	939	27
378	5	1148	30
379	5	521	25
379	5	991	30
380	5	521	25
380	5	834	30
381	5	521	25
381	5	834	30
382	5	521	25
382	5	730	29
383	5	1200	27
383	5	1461	29
384	5	521	25
384	5	782	30
385	5	521	25
385	5	1043	30
386	5	417	29
387	5	521	25
387	5	782	30
388	5	1982	27
388	5	2087	30
389	5	521	25
389	5	626	29
390	5	521	25
390	5	574	29
391	5	521	25
391	5	626	30
392	5	782	27
392	5	1043	29
393	5	521	29
394	5	521	25
394	5	939	30
395	5	521	25
395	5	991	30
396	5	521	25
396	5	574	29
396	5	1617	27
397	5	1148	27
397	5	1252	30
398	5	469	29
399	5	469	29
400	5	521	25
400	5	834	30
401	5	2035	27
401	5	2243	30
402	5	521	25
402	5	887	30
403	5	1878	27
403	5	2035	30
404	5	678	27
404	5	939	29
405	5	991	27
405	5	1252	29
406	5	521	25
406	5	574	29
407	5	1043	27
407	5	1200	30
409	5	887	27
409	5	1148	29
410	5	782	27
410	5	1043	29
411	5	417	29
411	5	1565	27
411	5	1878	28
412	5	521	25
412	5	730	29
412	5	1669	27
412	5	1930	28
412	5	2139	30
413	5	521	25
413	5	574	29
413	5	1669	27
413	5	1982	28
414	5	469	29
414	5	1930	27
414	5	2191	28
415	5	521	25
415	5	678	29
416	5	1200	27
416	5	1461	29
417	5	521	25
417	5	678	30
418	5	521	25
418	5	678	30
419	5	417	29
420	5	730	27
420	5	991	29
421	5	1878	27
421	5	2087	30
422	5	730	27
422	5	991	29
423	5	834	27
423	5	1095	29
424	5	521	25
424	5	626	30
424	5	2035	27
424	5	2295	28
425	5	521	25
425	5	887	30
426	5	991	27
426	5	1148	30
427	5	1930	27
427	5	2087	30
428	5	521	25
428	5	626	30
429	5	469	29
430	5	521	25
430	5	574	29
431	5	521	25
431	5	626	30
432	5	521	25
432	5	834	30
433	5	521	25
433	5	991	30
434	5	521	25
434	5	782	30
434	5	2087	27
435	5	469	29
435	5	2035	27
436	5	521	25
436	5	626	29
436	5	2243	27
437	5	521	25
437	5	626	29
438	5	521	29
439	5	730	27
439	5	991	29
440	5	521	29
441	5	1565	27
441	5	1826	29
442	5	521	25
442	5	1043	30
443	5	574	29
444	5	1461	27
444	5	1722	29
445	5	521	25
445	5	574	29
445	5	2295	27
446	5	626	25
446	5	1304	30
447	5	1408	27
447	5	1669	29
448	5	834	27
448	5	1095	29
449	5	1930	27
449	5	2191	29
450	5	2139	27
451	5	574	29
451	5	1878	27
451	5	2139	28
452	5	469	29
453	5	521	25
453	5	574	29
453	5	1722	27
454	5	1200	27
454	5	1461	29
455	5	1043	27
455	5	1200	30
456	5	1200	27
456	5	1408	30
457	5	521	29
458	5	1356	27
458	5	1617	29
459	5	730	27
459	5	991	29
460	5	521	25
460	5	626	29
461	5	469	29
461	5	2191	27
462	5	469	29
463	5	521	25
463	5	834	30
464	5	730	27
464	5	991	29
465	5	521	25
465	5	626	29
466	5	521	25
466	5	678	30
467	5	469	29
468	5	521	25
468	5	574	29
469	5	521	25
469	5	574	29
469	5	2191	27
470	5	1304	27
470	5	1565	29
471	5	991	27
471	5	1252	29
472	5	469	29
473	5	521	29
473	5	2295	27
474	5	521	25
474	5	678	30
475	5	782	27
475	5	1043	29
476	5	1200	27
476	5	1461	29
477	5	834	27
477	5	1095	29
478	5	521	25
478	5	939	30
480	5	521	29
481	5	521	25
481	5	730	30
482	5	521	25
482	5	782	30
483	5	1513	27
483	5	1774	29
484	5	1982	27
484	5	2035	30
485	5	1043	27
485	5	1304	29
486	5	1200	27
486	5	1304	30
487	5	521	25
487	5	574	29
488	5	1200	27
488	5	1356	30
489	5	521	25
489	5	574	29
489	5	2243	27
490	5	574	29
490	5	1930	27
490	5	2191	28
491	5	521	25
491	5	887	30
492	5	782	27
492	5	1043	29
492	5	2243	28
493	5	521	29
494	5	521	25
494	5	730	30
495	5	678	27
495	5	939	29
496	5	469	29
496	5	1982	27
496	5	2243	28
497	5	469	29
498	5	521	25
498	5	730	30
499	5	521	25
499	5	730	30
500	5	521	25
500	5	574	29
500	5	1722	27
501	5	1148	27
501	5	1408	29
502	5	574	29
503	5	521	25
503	5	574	29
503	5	1669	27
503	5	1930	28
503	5	2191	30
504	5	1774	27
504	5	2035	29
505	5	1200	27
505	5	1461	29
506	5	939	27
506	5	1200	29
507	5	1513	27
507	5	1774	29
508	5	521	25
508	5	678	29
508	5	1878	27
508	5	2139	28
510	5	1930	30
512	5	782	27
512	5	1043	29
512	5	2139	28
513	5	782	27
513	5	1043	29
514	5	521	25
514	5	834	30
515	5	521	25
515	5	574	29
515	5	2243	27
516	5	1200	27
516	5	1461	29
517	5	1200	27
517	5	1408	30
518	5	834	27
518	5	1095	29
519	5	469	29
520	5	521	25
520	5	834	30
521	5	521	25
521	5	626	29
522	5	574	25
522	5	1043	30
523	5	521	25
523	5	678	30
524	5	1982	27
524	5	2243	29
525	5	521	25
525	5	678	30
526	5	1878	27
526	5	1982	30
527	5	469	29
528	5	521	25
528	5	574	29
529	5	521	25
529	5	626	29
529	5	1669	27
529	5	1930	28
530	5	1200	27
530	5	1356	30
531	5	1043	27
531	5	1148	30
532	5	782	27
532	5	1043	29
533	5	1930	27
533	5	2087	30
534	5	521	25
534	5	626	29
534	5	2139	27
535	5	1461	27
535	5	1722	29
536	5	1200	27
536	5	1461	29
537	5	521	25
537	5	939	30
538	5	469	29
539	5	521	25
539	5	626	29
540	5	1878	27
540	5	2035	30
541	5	469	29
542	5	782	27
542	5	991	30
543	5	1043	27
543	5	1148	30
544	5	469	29
544	5	1722	27
544	5	1982	28
544	5	2243	30
545	5	574	29
546	5	1148	30
547	5	521	25
547	5	887	30
547	5	2243	27
548	5	1200	27
548	5	1461	29
549	5	1200	27
549	5	1356	30
550	5	469	29
550	5	1513	27
550	5	1774	28
550	5	2139	30
551	5	469	29
551	5	1565	27
551	5	1878	28
552	5	1252	27
552	5	1513	29
553	5	574	29
554	5	469	29
554	5	2035	27
555	5	469	29
555	5	1461	27
555	5	1722	28
555	5	1982	30
555	5	2295	25
556	5	678	27
556	5	939	29
557	5	1095	27
557	5	1356	29
558	5	417	29
559	5	834	27
559	5	1043	30
560	5	1200	27
560	5	1461	29
561	5	678	27
561	5	939	29
562	5	834	27
562	5	1095	29
563	5	521	29
564	5	1200	27
564	5	1461	29
565	5	521	25
565	5	574	29
565	5	1878	27
565	5	2139	28
566	5	469	29
567	5	574	29
568	5	521	25
568	5	678	30
569	5	730	27
569	5	991	29
570	5	1200	27
570	5	1356	30
571	5	521	29
572	5	1304	27
572	5	1565	29
573	5	2243	27
574	5	521	25
574	5	991	30
575	5	521	29
575	5	1669	27
575	5	2035	28
576	5	1043	27
576	5	1148	30
577	5	521	25
577	5	626	29
578	5	834	27
578	5	1095	29
579	5	574	29
580	5	1826	27
580	5	2087	29
581	5	939	27
581	5	1200	29
581	5	2243	28
582	5	521	29
583	5	521	25
583	5	626	29
583	5	1617	27
584	5	521	25
584	5	782	30
585	5	521	25
585	5	574	29
585	5	1617	27
585	5	1982	28
586	5	521	29
587	5	469	29
587	5	1513	27
587	5	1826	28
588	5	521	25
588	5	678	30
589	5	469	29
589	5	2139	27
590	5	521	25
590	5	678	29
591	5	1356	27
591	5	1617	29
593	5	521	25
593	5	1200	30
594	5	574	29
595	5	521	25
595	5	678	29
595	5	1826	27
595	5	2087	28
596	5	521	29
597	5	574	25
597	5	1252	30
598	5	521	29
599	5	521	25
599	5	574	29
600	5	1408	27
600	5	1669	29
601	5	521	25
601	5	730	30
602	5	1095	27
602	5	1356	29
603	5	574	29
604	5	678	27
604	5	939	29
604	5	2243	28
605	5	991	27
605	5	1252	29
606	5	574	25
606	5	991	30
607	5	469	29
607	5	2035	27
607	5	2295	28
608	5	469	29
610	5	2139	27
611	5	521	29
612	5	1043	27
612	5	1148	30
613	5	1148	27
613	5	1408	29
614	5	1095	27
614	5	1200	30
615	5	730	27
615	5	991	29
616	5	887	27
616	5	1148	29
617	5	1878	27
617	5	2087	30
618	5	1930	27
618	5	2191	29
619	5	782	27
619	5	1043	29
620	5	521	25
620	5	678	29
621	5	782	27
621	5	1043	29
622	5	469	29
623	5	991	27
623	5	1252	29
624	5	469	29
625	5	1043	27
625	5	1200	30
626	5	417	29
627	5	521	25
627	5	887	30
628	5	521	25
628	5	939	30
629	5	730	27
629	5	991	29
630	5	678	27
630	5	939	29
631	5	469	29
631	5	1930	27
631	5	2191	28
632	5	521	25
632	5	574	29
632	5	2295	27
633	5	1356	27
633	5	1617	29
634	5	1095	27
634	5	1304	30
635	5	1252	27
635	5	1513	29
636	5	2035	27
636	5	2295	29
637	5	887	27
637	5	1148	29
638	5	1826	27
638	5	1930	30
639	5	469	29
639	5	1669	27
639	5	2087	28
640	5	678	27
640	5	939	29
641	5	469	29
642	5	1095	27
642	5	1356	29
643	5	2191	27
644	5	521	25
644	5	834	30
645	5	626	25
645	5	1148	30
646	5	521	25
646	5	626	29
647	5	1252	27
647	5	1513	29
648	5	678	27
648	5	939	29
649	5	521	25
649	5	834	30
650	5	1252	27
650	5	1513	29
651	5	521	25
651	5	834	30
652	5	521	25
652	5	939	30
653	5	521	25
653	5	887	30
654	5	678	27
654	5	939	29
655	5	521	29
655	5	2295	27
656	5	469	29
657	5	469	29
658	5	521	25
658	5	834	30
659	5	1095	27
659	5	1148	30
660	5	678	27
660	5	939	29
661	5	521	25
661	5	626	29
662	5	521	29
663	5	887	27
663	5	1148	29
664	5	521	25
664	5	678	30
664	5	2295	27
665	5	521	25
665	5	626	29
666	5	521	25
666	5	626	29
667	5	469	29
668	5	782	27
668	5	1043	29
669	5	678	27
669	5	939	29
670	5	678	27
670	5	939	29
671	5	939	27
671	5	1200	29
672	5	678	27
672	5	939	29
673	5	574	29
674	5	574	29
675	5	991	27
675	5	1148	30
676	5	521	25
676	5	574	29
676	5	2087	27
677	5	678	27
677	5	939	29
678	5	521	25
678	5	678	30
679	5	1043	27
679	5	1304	29
680	5	887	27
680	5	1095	30
681	5	730	27
681	5	991	29
682	5	469	29
683	5	1095	27
683	5	1356	29
684	5	939	27
684	5	1095	30
685	5	469	29
686	5	521	25
686	5	678	29
687	5	1252	27
687	5	1513	29
688	5	1148	27
688	5	1408	29
689	5	1095	27
689	5	1252	30
690	5	469	29
691	5	521	25
691	5	678	29
691	5	2035	27
691	5	2295	28
692	5	469	29
692	5	1669	27
693	5	469	29
693	5	2035	27
693	5	2295	28
694	5	521	25
694	5	834	30
695	5	521	25
695	5	574	29
696	5	782	27
696	5	1043	29
697	5	521	25
697	5	730	30
698	5	1304	27
698	5	1565	29
699	5	469	29
700	5	469	29
701	5	782	27
701	5	1043	29
701	5	2243	28
702	5	469	29
703	5	469	29
703	5	2035	27
704	5	1878	27
704	5	2139	29
705	5	834	27
705	5	1095	29
706	5	469	29
707	5	521	25
707	5	730	30
708	5	1043	27
708	5	1200	30
709	5	469	29
709	5	1930	27
709	5	2191	28
710	5	469	29
710	5	1722	27
711	5	991	27
711	5	1148	30
712	5	678	27
712	5	939	29
713	5	1461	27
713	5	1722	29
714	5	521	25
714	5	626	29
715	5	574	29
716	5	521	25
716	5	574	29
717	5	939	27
717	5	1148	30
718	5	469	29
718	5	1930	27
718	5	2243	28
719	5	730	27
719	5	991	29
720	5	1878	27
720	5	2139	29
721	5	574	25
721	5	1043	30
722	5	469	29
722	5	1461	27
722	5	1722	28
723	5	521	29
724	5	521	29
725	5	521	25
725	5	782	30
726	5	521	29
727	5	1095	27
727	5	1356	29
728	5	1774	27
728	5	1930	30
729	5	521	25
729	5	782	30
730	5	574	25
730	5	1095	30
731	5	521	25
731	5	678	30
732	5	521	25
732	5	834	30
733	5	521	25
733	5	626	29
734	5	469	29
734	5	2087	27
735	5	1930	27
735	5	2035	30
736	5	834	27
736	5	1095	29
737	5	521	25
737	5	678	29
737	5	2087	27
738	5	521	25
738	5	834	30
738	5	2139	27
739	5	1043	27
739	5	1148	30
741	5	469	29
742	5	521	25
742	5	626	29
742	5	1930	27
742	5	2191	28
743	5	521	25
743	5	574	29
744	5	1095	27
744	5	1252	30
745	5	834	27
745	5	1095	29
746	5	1200	27
746	5	1304	30
747	5	521	25
747	5	991	30
748	5	1930	27
748	5	2139	30
749	5	1095	27
749	5	1356	29
750	5	521	25
750	5	626	29
751	5	939	27
751	5	1200	29
752	5	730	27
752	5	991	29
752	5	2191	28
753	5	521	25
753	5	678	30
753	5	2191	27
754	5	521	25
754	5	574	29
755	5	521	25
755	5	678	30
756	5	521	25
756	5	574	29
756	5	1930	27
756	5	2191	28
757	5	1356	27
757	5	1617	29
758	5	521	25
758	5	574	29
759	5	1200	27
759	5	1461	29
760	5	469	29
761	5	521	29
762	5	521	25
762	5	887	30
763	5	1095	27
763	5	1252	30
764	5	521	25
764	5	887	30
765	5	469	29
766	5	521	25
766	5	782	30
767	5	1043	27
767	5	1304	29
768	5	1304	27
768	5	1565	29
769	5	678	27
769	5	939	29
770	5	1878	27
770	5	2035	30
771	5	1043	27
771	5	1148	30
772	5	730	27
772	5	991	29
773	5	1304	27
773	5	1565	29
774	5	469	29
774	5	1722	27
775	5	1043	27
775	5	1304	29
776	5	469	29
776	5	1722	27
776	5	1982	28
776	5	2295	30
777	5	1930	27
777	5	2139	30
778	5	521	25
778	5	730	30
779	5	1878	27
779	5	1982	30
780	5	521	25
780	5	1826	30
781	5	521	25
781	5	782	30
782	5	469	29
783	5	1304	27
783	5	1565	29
784	5	469	29
784	5	2295	27
785	5	521	25
785	5	730	30
786	5	574	29
787	5	1200	27
787	5	1461	29
788	5	469	29
789	5	1043	27
789	5	1148	30
790	5	678	27
790	5	939	29
791	5	1200	27
791	5	1461	29
792	5	521	25
792	5	834	30
793	5	469	29
793	5	2035	27
793	5	2295	28
794	5	521	29
795	5	1252	27
795	5	1513	29
796	5	1200	27
796	5	1461	29
797	5	521	25
797	5	730	30
798	5	782	27
798	5	1043	29
799	5	2295	27
800	5	1148	27
800	5	1408	29
801	5	1200	27
801	5	1461	29
802	5	469	29
803	5	521	25
803	5	887	30
804	5	469	29
804	5	2295	27
805	5	2243	27
806	5	1200	27
806	5	1408	30
807	5	521	25
807	5	626	29
807	5	1617	27
807	5	2295	28
808	5	1930	27
808	5	2139	30
809	5	1617	27
809	5	1878	29
810	5	469	29
810	5	2087	27
811	5	521	25
811	5	626	29
812	5	417	29
812	5	1826	27
812	5	2087	28
813	5	521	25
813	5	991	30
814	5	521	25
814	5	2087	30
815	5	417	29
816	5	1043	27
816	5	1148	30
817	5	2035	27
817	5	2243	30
818	5	521	25
818	5	939	30
819	5	1304	27
819	5	1565	29
820	5	521	29
821	5	1095	27
821	5	1148	30
822	5	521	25
822	5	574	29
823	5	521	25
823	5	626	29
823	5	1930	27
823	5	2191	28
824	5	991	27
824	5	1148	30
825	5	834	27
825	5	1043	30
826	5	782	27
826	5	1043	29
827	5	678	27
827	5	939	29
828	5	1200	27
828	5	1252	30
829	5	1930	27
829	5	1982	30
830	5	939	27
830	5	1200	29
831	5	469	29
831	5	1722	27
831	5	1982	28
831	5	2243	30
832	5	521	25
832	5	730	29
832	5	1878	27
832	5	2139	28
833	5	1095	27
833	5	1252	30
834	5	521	25
834	5	678	29
834	5	1982	27
834	5	2243	28
835	5	521	25
835	5	991	30
836	5	1982	27
836	5	2243	29
837	5	1043	27
837	5	1304	29
838	5	417	29
838	5	1878	27
838	5	2139	28
839	5	1252	27
839	5	1408	30
840	5	417	29
840	5	1408	27
840	5	1669	28
841	5	469	29
842	5	574	29
842	5	2139	27
843	5	521	25
843	5	626	29
843	5	1774	27
843	5	2035	28
843	5	2295	30
844	5	1043	27
844	5	1304	29
845	5	1148	27
845	5	1252	30
846	5	1252	27
846	5	1513	29
847	5	1148	27
847	5	1356	30
848	5	469	29
848	5	1669	27
849	5	1878	27
849	5	2139	29
850	5	521	29
850	5	1722	27
851	5	2035	27
851	5	2295	29
852	5	730	27
852	5	991	29
853	5	1200	27
853	5	1461	29
854	5	1043	27
854	5	1148	30
855	5	469	29
856	5	521	25
856	5	678	29
857	5	1148	27
857	5	1408	29
858	5	574	25
858	5	887	30
859	5	678	27
859	5	939	29
860	5	1408	27
860	5	1669	29
861	5	521	25
861	5	730	29
862	5	1356	27
862	5	1617	29
863	5	469	29
863	5	1774	27
864	5	469	29
864	5	1617	27
864	5	1878	28
864	5	2191	30
865	5	469	29
866	5	521	25
866	5	574	29
867	5	521	29
868	5	469	29
869	5	782	27
869	5	1043	29
870	5	1043	27
870	5	1148	30
871	5	1095	27
871	5	1200	30
873	5	521	25
873	5	678	30
875	5	417	29
876	5	521	25
876	5	626	30
877	5	521	25
877	5	574	29
877	5	1722	27
878	5	1095	27
878	5	1356	29
879	5	521	25
879	5	1043	30
880	5	521	25
880	5	626	29
881	5	782	27
881	5	1043	29
882	5	1200	27
882	5	1356	30
883	5	1461	27
883	5	1722	29
884	5	521	25
884	5	782	30
885	5	521	25
885	5	678	29
885	5	1774	27
886	5	730	27
886	5	991	29
887	5	521	25
887	5	887	30
888	5	834	27
888	5	1095	29
889	5	1200	27
889	5	1461	29
890	5	1200	30
891	5	521	25
891	5	626	29
892	5	1356	27
892	5	1617	29
893	5	521	25
893	5	782	30
894	5	521	25
894	5	887	30
895	5	469	29
896	5	521	25
896	5	626	29
897	5	469	29
898	5	469	29
898	5	1669	27
899	5	521	25
899	5	678	30
900	5	782	27
900	5	1043	29
901	5	521	25
901	5	626	29
902	5	678	27
902	5	939	29
902	5	2295	28
903	5	417	29
903	5	1878	27
903	5	2139	28
905	5	1043	27
905	5	1304	29
906	5	469	29
907	5	1878	27
907	5	2139	29
908	5	521	25
908	5	678	30
909	5	1878	27
909	5	2035	30
910	5	1043	27
910	5	1200	30
911	5	730	27
911	5	991	29
912	5	469	29
913	5	1200	27
913	5	1304	30
914	5	574	29
915	5	1148	27
915	5	1356	30
916	5	521	25
916	5	626	29
917	5	521	25
917	5	782	30
918	5	1148	27
918	5	1200	30
919	5	1148	27
919	5	1408	29
920	5	678	27
920	5	939	29
921	5	521	29
922	5	521	25
922	5	1043	30
923	5	1095	27
923	5	1356	29
924	5	469	29
924	5	1617	27
925	5	521	25
925	5	678	30
926	5	521	25
926	5	782	30
927	5	678	27
927	5	939	29
929	5	521	25
929	5	782	30
930	5	939	27
930	5	1200	29
931	5	521	25
931	5	574	29
931	5	1722	27
931	5	2191	28
932	5	1043	27
932	5	1252	30
933	5	1148	27
933	5	1304	30
934	5	887	27
934	5	1148	29
935	5	417	29
936	5	574	29
937	5	730	27
937	5	991	29
938	5	834	27
938	5	1095	29
939	5	1043	27
939	5	1304	29
940	5	469	29
940	5	1878	27
940	5	2139	28
941	5	469	29
941	5	1774	27
941	5	2087	28
942	5	469	29
942	5	1617	27
942	5	2035	28
943	5	574	29
944	5	521	29
945	5	1304	27
945	5	1565	29
946	5	521	29
947	5	521	25
947	5	678	29
947	5	1722	27
947	5	2035	28
948	5	521	25
948	5	678	30
949	5	417	29
949	5	1461	27
949	5	1722	28
950	5	521	25
950	5	678	29
951	5	1878	27
951	5	2139	29
952	5	1774	27
952	5	2035	29
953	5	521	25
953	5	626	29
954	5	469	29
954	5	2035	27
955	5	1930	27
955	5	2191	29
956	5	521	29
957	5	1252	27
957	5	1513	29
958	5	834	27
958	5	1095	29
959	5	2035	27
959	5	2295	29
960	5	521	25
960	5	939	30
961	5	521	25
961	5	834	30
962	5	1930	27
962	5	2035	30
963	5	521	25
963	5	678	30
964	5	469	29
964	5	1669	27
964	5	1930	28
964	5	2295	30
965	5	678	27
965	5	939	29
966	5	521	25
966	5	574	29
967	5	1043	27
967	5	1304	29
968	5	469	29
969	5	521	29
969	5	2139	27
971	5	521	25
971	5	834	30
972	5	521	29
972	5	1774	27
972	5	2035	28
973	5	469	29
974	5	469	29
975	5	1148	27
975	5	1356	30
976	5	469	29
976	5	1930	27
976	5	2191	28
977	5	1617	27
977	5	1878	29
978	5	469	29
978	5	2243	27
979	5	1200	27
979	5	1408	30
980	5	1513	27
980	5	1774	29
981	5	730	27
981	5	991	29
982	5	469	29
983	5	521	25
983	5	574	29
984	5	887	27
984	5	1148	29
985	5	1095	27
985	5	1148	30
986	5	2139	27
987	5	991	27
987	5	1252	29
988	5	521	25
988	5	887	30
989	5	521	25
989	5	574	29
990	5	1565	27
990	5	1826	29
992	5	1565	27
992	5	1826	29
993	5	730	27
993	5	991	29
994	5	1878	27
994	5	2035	30
995	5	521	25
995	5	574	29
996	5	1095	27
996	5	1356	29
997	5	2139	27
997	5	2243	30
998	5	469	29
998	5	1669	27
998	5	1930	28
998	5	2191	30
999	5	1252	27
999	5	1513	29
