Realization	utility	week	infra.
0	0	1095	29
1	0	1148	29
3	0	1878	29
4	0	1408	29
4	0	1982	30
5	0	2295	29
6	0	469	29
7	0	1774	29
8	0	1513	29
10	0	1148	29
14	0	1148	29
15	0	1826	29
16	0	1408	29
17	0	1148	29
18	0	469	29
20	0	1617	29
21	0	1095	29
23	0	1252	29
24	0	1252	29
26	0	1774	29
27	0	1304	29
28	0	1565	29
29	0	2295	29
30	0	1982	29
31	0	2243	29
32	0	1826	29
33	0	2191	29
34	0	1722	29
35	0	1252	29
36	0	1565	29
39	0	1722	29
40	0	1148	29
40	0	2087	30
41	0	1722	29
42	0	1617	29
43	0	469	29
45	0	1617	29
46	0	2139	29
49	0	1461	29
53	0	1356	29
53	0	2087	30
57	0	1148	29
58	0	1461	29
59	0	1200	29
62	0	1461	29
63	0	1617	29
65	0	1930	29
66	0	2035	29
67	0	1617	29
69	0	1722	29
71	0	1878	29
75	0	1669	29
79	0	2035	29
80	0	1982	29
81	0	2295	29
82	0	2243	29
84	0	2243	29
87	0	469	29
87	0	2191	30
88	0	1617	29
89	0	1774	29
92	0	1200	29
96	0	1930	29
99	0	2243	29
102	0	1930	29
104	0	1513	29
106	0	1513	29
106	0	2139	30
107	0	1200	29
107	0	2295	30
108	0	1774	29
110	0	1304	29
111	0	2295	29
113	0	1148	29
116	0	2295	29
118	0	1982	29
119	0	2087	29
122	0	1252	29
124	0	1200	29
125	0	1408	29
126	0	1200	29
127	0	1252	29
128	0	1148	29
130	0	469	29
131	0	1513	29
131	0	2139	30
132	0	1930	29
133	0	1774	29
134	0	2087	29
135	0	1461	29
136	0	1095	29
136	0	1722	30
137	0	1722	29
138	0	1095	29
138	0	2139	30
139	0	1304	29
139	0	1826	30
141	0	1252	29
143	0	2139	29
145	0	1878	29
146	0	1617	29
147	0	1669	29
149	0	1200	29
150	0	1617	29
151	0	469	29
152	0	1513	29
154	0	1356	29
155	0	1200	29
155	0	2295	30
156	0	1200	29
158	0	1513	29
159	0	1095	29
159	0	2243	30
160	0	1669	29
162	0	1722	29
164	0	2191	29
165	0	1408	29
169	0	1982	29
170	0	1200	29
172	0	1774	29
174	0	1826	29
175	0	1565	29
176	0	2191	29
179	0	1513	29
181	0	1148	29
183	0	1408	29
185	0	1461	29
187	0	1722	29
189	0	1617	29
189	0	2295	30
192	0	1565	29
193	0	1774	29
196	0	1148	29
196	0	1722	30
198	0	1565	29
199	0	1252	29
200	0	1878	29
202	0	1826	29
203	0	469	29
204	0	1565	29
205	0	2139	29
206	0	1095	29
206	0	1669	30
207	0	1252	29
208	0	1513	29
210	0	469	29
212	0	2035	29
215	0	1930	29
217	0	1878	29
218	0	1669	29
219	0	469	29
221	0	1774	29
224	0	1982	29
225	0	1200	29
225	0	2087	30
226	0	1408	29
228	0	1252	29
229	0	1669	29
230	0	1148	29
231	0	1095	29
232	0	1252	29
233	0	2035	29
240	0	1252	29
240	0	2191	30
241	0	1565	29
242	0	1565	29
243	0	1095	29
243	0	2139	30
244	0	469	29
245	0	2139	29
248	0	1148	29
249	0	1148	29
250	0	1200	29
250	0	2139	30
251	0	1826	29
253	0	2295	29
256	0	1774	29
257	0	1982	29
258	0	1148	29
259	0	1200	29
260	0	2087	29
262	0	1669	29
264	0	2087	29
266	0	1774	29
267	0	1878	29
268	0	1722	29
269	0	1408	29
271	0	1565	29
271	0	2295	30
272	0	1252	29
272	0	1878	30
280	0	2243	29
283	0	1930	29
284	0	1148	29
284	0	2139	30
285	0	1826	29
286	0	1252	29
286	0	2139	30
288	0	2035	29
289	0	469	29
293	0	1095	29
293	0	2139	30
295	0	2191	29
296	0	1304	29
298	0	1826	29
300	0	469	29
301	0	1148	29
302	0	1617	29
303	0	1148	29
303	0	2139	30
304	0	1200	29
306	0	1148	29
309	0	1148	29
309	0	1930	30
310	0	1408	29
310	0	2087	30
312	0	2243	29
315	0	1617	29
317	0	1982	29
322	0	2139	29
326	0	1200	29
327	0	1774	29
330	0	1617	29
331	0	1826	29
332	0	1513	29
333	0	1148	29
335	0	1095	29
336	0	1722	29
339	0	2139	29
340	0	1826	29
341	0	1878	29
342	0	1252	29
343	0	1095	29
345	0	1513	29
346	0	469	29
346	0	2139	30
347	0	1878	29
348	0	1565	29
349	0	1304	29
352	0	1617	29
353	0	1826	29
354	0	1148	29
356	0	1982	29
357	0	1982	29
358	0	1878	29
361	0	1774	29
364	0	1930	29
366	0	1722	29
367	0	2191	29
368	0	1095	29
368	0	2035	30
369	0	1408	29
371	0	1878	29
372	0	1878	29
376	0	2295	29
377	0	2087	29
378	0	1982	29
379	0	1669	29
381	0	2243	29
382	0	2191	29
384	0	1722	29
386	0	469	29
387	0	1461	29
389	0	1461	29
390	0	1095	29
391	0	1461	29
393	0	1095	29
396	0	1148	29
396	0	1722	30
397	0	1878	29
399	0	1148	29
400	0	2035	29
402	0	1617	29
404	0	2191	29
406	0	1513	29
407	0	1826	29
410	0	2295	29
411	0	1200	29
412	0	1200	29
412	0	1826	30
413	0	1148	29
413	0	2295	30
414	0	1565	29
414	0	2295	30
415	0	1565	29
417	0	1982	29
418	0	1461	29
419	0	469	29
420	0	1878	29
423	0	1722	29
424	0	1304	29
424	0	1930	30
425	0	2191	29
426	0	1774	29
429	0	469	29
430	0	1722	29
431	0	1148	29
432	0	1408	29
433	0	1774	29
434	0	1304	29
434	0	1982	30
435	0	1200	29
436	0	1200	29
437	0	1826	29
438	0	1565	29
440	0	2243	29
442	0	2035	29
445	0	1200	29
446	0	2295	29
451	0	1565	29
451	0	2243	30
452	0	2295	29
453	0	1200	29
455	0	1878	29
456	0	2035	29
459	0	469	29
460	0	2191	29
461	0	1252	29
462	0	2087	29
463	0	1408	29
464	0	1826	29
465	0	2087	29
466	0	1200	29
467	0	1461	29
468	0	1826	29
469	0	1095	29
471	0	2243	29
472	0	1878	29
473	0	1826	29
474	0	1356	29
481	0	1408	29
486	0	2035	29
487	0	1200	29
489	0	1148	29
490	0	1617	29
490	0	2243	30
491	0	2087	29
492	0	1774	29
495	0	1617	29
496	0	1565	29
498	0	2139	29
500	0	1200	29
501	0	2295	29
502	0	1878	29
503	0	1148	29
503	0	1826	30
508	0	1252	29
508	0	2035	30
512	0	1669	29
513	0	1826	29
514	0	1774	29
515	0	1148	29
516	0	2295	29
517	0	2139	29
518	0	1878	29
519	0	1461	29
520	0	2295	29
521	0	1200	29
522	0	1565	29
523	0	1252	29
524	0	469	29
525	0	1408	29
527	0	1148	29
528	0	1148	29
529	0	1200	29
529	0	1826	30
530	0	1982	29
531	0	1774	29
532	0	1930	29
534	0	1148	29
537	0	1669	29
538	0	1200	29
539	0	1148	29
541	0	2139	29
542	0	2087	29
543	0	1826	29
544	0	1461	29
544	0	2087	30
546	0	1878	29
547	0	1513	29
547	0	2191	30
550	0	1200	29
550	0	2035	30
551	0	1252	29
553	0	1930	29
554	0	1095	29
555	0	1200	29
555	0	1774	30
556	0	1617	29
558	0	469	29
559	0	1826	29
562	0	1774	29
563	0	1513	29
564	0	469	29
565	0	1304	29
565	0	1982	30
566	0	2191	29
568	0	1200	29
569	0	1826	29
571	0	1200	29
575	0	1148	29
576	0	1982	29
577	0	1200	29
578	0	2295	29
581	0	1826	29
582	0	2087	29
583	0	1148	29
584	0	2191	29
585	0	1095	29
585	0	1722	30
586	0	1565	29
587	0	1148	29
588	0	1669	29
589	0	1513	29
590	0	1461	29
594	0	2191	29
595	0	1252	29
595	0	2087	30
596	0	1669	29
598	0	1148	29
599	0	1148	29
602	0	469	29
604	0	1826	29
605	0	1982	29
606	0	1617	29
607	0	1252	29
608	0	1513	29
611	0	2035	29
612	0	1878	29
614	0	1930	29
615	0	469	29
616	0	1878	29
621	0	1722	29
622	0	1148	29
625	0	1826	29
626	0	469	29
627	0	1617	29
628	0	1774	29
630	0	1982	29
631	0	1617	29
631	0	2243	30
632	0	1095	29
634	0	1930	29
639	0	1356	29
645	0	1669	29
646	0	1304	29
648	0	1826	29
649	0	1565	29
652	0	1722	29
653	0	1669	29
655	0	1826	29
656	0	1774	29
658	0	1408	29
659	0	1878	29
661	0	1461	29
662	0	1669	29
664	0	1408	29
664	0	2191	30
665	0	1252	29
666	0	1200	29
668	0	2087	29
669	0	1930	29
670	0	1930	29
672	0	2295	29
674	0	1669	29
675	0	1722	29
676	0	1252	29
677	0	1617	29
678	0	1878	29
680	0	1722	29
682	0	2139	29
684	0	1722	29
688	0	2243	29
689	0	2035	29
691	0	1408	29
691	0	2139	30
692	0	1461	29
693	0	469	29
694	0	1669	29
695	0	1148	29
697	0	1513	29
699	0	1774	29
701	0	1669	29
703	0	1356	29
705	0	2087	29
706	0	1200	29
707	0	2139	29
708	0	1826	29
709	0	1461	29
710	0	1408	29
711	0	1878	29
712	0	1930	29
714	0	1200	29
715	0	2035	29
716	0	1148	29
717	0	1722	29
718	0	1356	29
721	0	1722	29
722	0	1148	29
723	0	469	29
725	0	1513	29
726	0	1565	29
730	0	1878	29
731	0	1148	29
733	0	1461	29
734	0	1200	29
737	0	1461	29
737	0	2243	30
738	0	1461	29
738	0	2087	30
739	0	1878	29
742	0	1148	29
742	0	2087	30
743	0	1200	29
744	0	1878	29
746	0	469	29
752	0	1722	29
753	0	1252	29
753	0	2139	30
754	0	1252	29
755	0	1200	29
756	0	1304	29
756	0	2243	30
757	0	469	29
758	0	1148	29
759	0	469	29
761	0	2139	29
762	0	1722	29
763	0	2035	29
765	0	1513	29
767	0	2035	29
774	0	1252	29
776	0	1148	29
776	0	2191	30
778	0	2139	29
779	0	469	29
781	0	1565	29
782	0	2295	29
784	0	1617	29
787	0	2295	29
788	0	1722	29
789	0	1826	29
790	0	2139	29
793	0	1148	29
794	0	1878	29
797	0	1878	29
798	0	2191	29
801	0	2243	29
802	0	1774	29
803	0	1565	29
804	0	2139	29
807	0	1148	29
810	0	1148	29
811	0	1148	29
812	0	1356	29
812	0	2191	30
816	0	1982	29
818	0	1826	29
821	0	2035	29
822	0	1148	29
823	0	1148	29
823	0	2035	30
824	0	1774	29
825	0	1774	29
826	0	1826	29
828	0	2035	29
831	0	1408	29
831	0	2035	30
832	0	1304	29
832	0	1982	30
834	0	1356	29
834	0	2139	30
835	0	2295	29
837	0	2295	29
838	0	1252	29
838	0	2295	30
839	0	2191	29
840	0	469	29
842	0	1826	29
843	0	1200	29
843	0	1930	30
847	0	1930	29
848	0	1095	29
850	0	1356	29
854	0	1722	29
858	0	1669	29
863	0	1408	29
864	0	1200	29
864	0	2087	30
865	0	1826	29
866	0	1200	29
868	0	1878	29
869	0	469	29
870	0	469	29
871	0	1930	29
873	0	1200	29
875	0	469	29
877	0	1148	29
878	0	2139	29
879	0	2295	29
880	0	1148	29
884	0	2243	29
885	0	1252	29
887	0	1982	29
890	0	2035	29
891	0	2035	29
895	0	2139	29
897	0	1461	29
898	0	1356	29
899	0	1252	29
900	0	2139	29
901	0	1148	29
902	0	1617	29
903	0	469	29
903	0	2295	30
908	0	1408	29
910	0	1982	29
913	0	2087	29
914	0	1669	29
916	0	1356	29
917	0	2243	29
918	0	1930	29
922	0	2191	29
924	0	1408	29
926	0	1513	29
926	0	2295	30
927	0	1774	29
929	0	1565	29
931	0	1252	29
932	0	2087	29
933	0	1930	29
935	0	469	29
936	0	2295	29
938	0	469	29
940	0	1513	29
940	0	2295	30
941	0	1200	29
942	0	1252	29
944	0	2087	29
946	0	469	29
947	0	1304	29
947	0	2087	30
948	0	1252	29
949	0	1095	29
950	0	1148	29
953	0	1252	29
954	0	1148	29
960	0	1722	29
961	0	1722	29
963	0	2243	29
964	0	1356	29
964	0	2191	30
965	0	1826	29
966	0	1930	29
968	0	2139	29
969	0	1722	29
971	0	1565	29
972	0	1148	29
972	0	2139	30
976	0	1513	29
978	0	1461	29
979	0	469	29
981	0	1669	29
983	0	1200	29
984	0	1826	29
985	0	1826	29
988	0	2243	29
989	0	1878	29
995	0	1148	29
998	0	1408	29
998	0	2035	30
0	1	1095	29
1	1	1148	29
3	1	1878	29
4	1	1408	29
4	1	1982	30
5	1	2295	29
6	1	469	29
7	1	1774	29
8	1	1513	29
10	1	1148	29
14	1	1148	29
15	1	1826	29
16	1	1408	29
17	1	1148	29
18	1	469	29
20	1	1617	29
21	1	1095	29
23	1	1252	29
24	1	1252	29
26	1	1774	29
27	1	1304	29
28	1	1565	29
29	1	2295	29
30	1	1982	29
31	1	2243	29
32	1	1826	29
33	1	2191	29
34	1	1722	29
35	1	1252	29
36	1	1565	29
39	1	1722	29
40	1	1148	29
40	1	2087	30
41	1	1722	29
42	1	1617	29
43	1	469	29
45	1	1617	29
46	1	2139	29
49	1	1461	29
53	1	1356	29
53	1	2087	30
57	1	1148	29
58	1	1461	29
59	1	1200	29
62	1	1461	29
63	1	1617	29
65	1	1930	29
66	1	2035	29
67	1	1617	29
69	1	1722	29
71	1	1878	29
75	1	1669	29
79	1	2035	29
80	1	1982	29
81	1	2295	29
82	1	2243	29
84	1	2243	29
87	1	469	29
87	1	2191	30
88	1	1617	29
89	1	1774	29
92	1	1200	29
96	1	1930	29
99	1	2243	29
102	1	1930	29
104	1	1513	29
106	1	1513	29
106	1	2139	30
107	1	1200	29
107	1	2295	30
108	1	1774	29
110	1	1304	29
111	1	2295	29
113	1	1148	29
116	1	2295	29
118	1	1982	29
119	1	2087	29
122	1	1252	29
124	1	1200	29
125	1	1408	29
126	1	1200	29
127	1	1252	29
128	1	1148	29
130	1	469	29
131	1	1513	29
131	1	2139	30
132	1	1930	29
133	1	1774	29
134	1	2087	29
135	1	1461	29
136	1	1095	29
136	1	1722	30
137	1	1722	29
138	1	1095	29
138	1	2139	30
139	1	1304	29
139	1	1826	30
141	1	1252	29
143	1	2139	29
145	1	1878	29
146	1	1617	29
147	1	1669	29
149	1	1200	29
150	1	1617	29
151	1	469	29
152	1	1513	29
154	1	1356	29
155	1	1200	29
155	1	2295	30
156	1	1200	29
158	1	1513	29
159	1	1095	29
159	1	2243	30
160	1	1669	29
162	1	1722	29
164	1	2191	29
165	1	1408	29
169	1	1982	29
170	1	1200	29
172	1	1774	29
174	1	1826	29
175	1	1565	29
176	1	2191	29
179	1	1513	29
181	1	1148	29
183	1	1408	29
185	1	1461	29
187	1	1722	29
189	1	1617	29
189	1	2295	30
192	1	1565	29
193	1	1774	29
196	1	1148	29
196	1	1722	30
198	1	1565	29
199	1	1252	29
200	1	1878	29
202	1	1826	29
203	1	469	29
204	1	1565	29
205	1	2139	29
206	1	1095	29
206	1	1669	30
207	1	1252	29
208	1	1513	29
210	1	469	29
212	1	2035	29
215	1	1930	29
217	1	1878	29
218	1	1669	29
219	1	469	29
221	1	1774	29
224	1	1982	29
225	1	1200	29
225	1	2087	30
226	1	1408	29
228	1	1252	29
229	1	1669	29
230	1	1148	29
231	1	1095	29
232	1	1252	29
233	1	2035	29
240	1	1252	29
240	1	2191	30
241	1	1565	29
242	1	1565	29
243	1	1095	29
243	1	2139	30
244	1	469	29
245	1	2139	29
248	1	1148	29
249	1	1148	29
250	1	1200	29
250	1	2139	30
251	1	1826	29
253	1	2295	29
256	1	1774	29
257	1	1982	29
258	1	1148	29
259	1	1200	29
260	1	2087	29
262	1	1669	29
264	1	2087	29
266	1	1774	29
267	1	1878	29
268	1	1722	29
269	1	1408	29
271	1	1565	29
271	1	2295	30
272	1	1252	29
272	1	1878	30
280	1	2243	29
283	1	1930	29
284	1	1148	29
284	1	2139	30
285	1	1826	29
286	1	1252	29
286	1	2139	30
288	1	2035	29
289	1	469	29
293	1	1095	29
293	1	2139	30
295	1	2191	29
296	1	1304	29
298	1	1826	29
300	1	469	29
301	1	1148	29
302	1	1617	29
303	1	1148	29
303	1	2139	30
304	1	1200	29
306	1	1148	29
309	1	1148	29
309	1	1930	30
310	1	1408	29
310	1	2087	30
312	1	2243	29
315	1	1617	29
317	1	1982	29
322	1	2139	29
326	1	1200	29
327	1	1774	29
330	1	1617	29
331	1	1826	29
332	1	1513	29
333	1	1148	29
335	1	1095	29
336	1	1722	29
339	1	2139	29
340	1	1826	29
341	1	1878	29
342	1	1252	29
343	1	1095	29
345	1	1513	29
346	1	469	29
346	1	2139	30
347	1	1878	29
348	1	1565	29
349	1	1304	29
352	1	1617	29
353	1	1826	29
354	1	1148	29
356	1	1982	29
357	1	1982	29
358	1	1878	29
361	1	1774	29
364	1	1930	29
366	1	1722	29
367	1	2191	29
368	1	1095	29
368	1	2035	30
369	1	1408	29
371	1	1878	29
372	1	1878	29
376	1	2295	29
377	1	2087	29
378	1	1982	29
379	1	1669	29
381	1	2243	29
382	1	2191	29
384	1	1722	29
386	1	469	29
387	1	1461	29
389	1	1461	29
390	1	1095	29
391	1	1461	29
393	1	1095	29
396	1	1148	29
396	1	1722	30
397	1	1878	29
399	1	1148	29
400	1	2035	29
402	1	1617	29
404	1	2191	29
406	1	1513	29
407	1	1826	29
410	1	2295	29
411	1	1200	29
412	1	1200	29
412	1	1826	30
413	1	1148	29
413	1	2295	30
414	1	1565	29
414	1	2295	30
415	1	1565	29
417	1	1982	29
418	1	1461	29
419	1	469	29
420	1	1878	29
423	1	1722	29
424	1	1304	29
424	1	1930	30
425	1	2191	29
426	1	1774	29
429	1	469	29
430	1	1722	29
431	1	1148	29
432	1	1408	29
433	1	1774	29
434	1	1304	29
434	1	1982	30
435	1	1200	29
436	1	1200	29
437	1	1826	29
438	1	1565	29
440	1	2243	29
442	1	2035	29
445	1	1200	29
446	1	2295	29
451	1	1565	29
451	1	2243	30
452	1	2295	29
453	1	1200	29
455	1	1878	29
456	1	2035	29
459	1	469	29
460	1	2191	29
461	1	1252	29
462	1	2087	29
463	1	1408	29
464	1	1826	29
465	1	2087	29
466	1	1200	29
467	1	1461	29
468	1	1826	29
469	1	1095	29
471	1	2243	29
472	1	1878	29
473	1	1826	29
474	1	1356	29
481	1	1408	29
486	1	2035	29
487	1	1200	29
489	1	1148	29
490	1	1617	29
490	1	2243	30
491	1	2087	29
492	1	1774	29
495	1	1617	29
496	1	1565	29
498	1	2139	29
500	1	1200	29
501	1	2295	29
502	1	1878	29
503	1	1148	29
503	1	1826	30
508	1	1252	29
508	1	2035	30
512	1	1669	29
513	1	1826	29
514	1	1774	29
515	1	1148	29
516	1	2295	29
517	1	2139	29
518	1	1878	29
519	1	1461	29
520	1	2295	29
521	1	1200	29
522	1	1565	29
523	1	1252	29
524	1	469	29
525	1	1408	29
527	1	1148	29
528	1	1148	29
529	1	1200	29
529	1	1826	30
530	1	1982	29
531	1	1774	29
532	1	1930	29
534	1	1148	29
537	1	1669	29
538	1	1200	29
539	1	1148	29
541	1	2139	29
542	1	2087	29
543	1	1826	29
544	1	1461	29
544	1	2087	30
546	1	1878	29
547	1	1513	29
547	1	2191	30
550	1	1200	29
550	1	2035	30
551	1	1252	29
553	1	1930	29
554	1	1095	29
555	1	1200	29
555	1	1774	30
556	1	1617	29
558	1	469	29
559	1	1826	29
562	1	1774	29
563	1	1513	29
564	1	469	29
565	1	1304	29
565	1	1982	30
566	1	2191	29
568	1	1200	29
569	1	1826	29
571	1	1200	29
575	1	1148	29
576	1	1982	29
577	1	1200	29
578	1	2295	29
581	1	1826	29
582	1	2087	29
583	1	1148	29
584	1	2191	29
585	1	1095	29
585	1	1722	30
586	1	1565	29
587	1	1148	29
588	1	1669	29
589	1	1513	29
590	1	1461	29
594	1	2191	29
595	1	1252	29
595	1	2087	30
596	1	1669	29
598	1	1148	29
599	1	1148	29
602	1	469	29
604	1	1826	29
605	1	1982	29
606	1	1617	29
607	1	1252	29
608	1	1513	29
611	1	2035	29
612	1	1878	29
614	1	1930	29
615	1	469	29
616	1	1878	29
621	1	1722	29
622	1	1148	29
625	1	1826	29
626	1	469	29
627	1	1617	29
628	1	1774	29
630	1	1982	29
631	1	1617	29
631	1	2243	30
632	1	1095	29
634	1	1930	29
639	1	1356	29
645	1	1669	29
646	1	1304	29
648	1	1826	29
649	1	1565	29
652	1	1722	29
653	1	1669	29
655	1	1826	29
656	1	1774	29
658	1	1408	29
659	1	1878	29
661	1	1461	29
662	1	1669	29
664	1	1408	29
664	1	2191	30
665	1	1252	29
666	1	1200	29
668	1	2087	29
669	1	1930	29
670	1	1930	29
672	1	2295	29
674	1	1669	29
675	1	1722	29
676	1	1252	29
677	1	1617	29
678	1	1878	29
680	1	1722	29
682	1	2139	29
684	1	1722	29
688	1	2243	29
689	1	2035	29
691	1	1408	29
691	1	2139	30
692	1	1461	29
693	1	469	29
694	1	1669	29
695	1	1148	29
697	1	1513	29
699	1	1774	29
701	1	1669	29
703	1	1356	29
705	1	2087	29
706	1	1200	29
707	1	2139	29
708	1	1826	29
709	1	1461	29
710	1	1408	29
711	1	1878	29
712	1	1930	29
714	1	1200	29
715	1	2035	29
716	1	1148	29
717	1	1722	29
718	1	1356	29
721	1	1722	29
722	1	1148	29
723	1	469	29
725	1	1513	29
726	1	1565	29
730	1	1878	29
731	1	1148	29
733	1	1461	29
734	1	1200	29
737	1	1461	29
737	1	2243	30
738	1	1461	29
738	1	2087	30
739	1	1878	29
742	1	1148	29
742	1	2087	30
743	1	1200	29
744	1	1878	29
746	1	469	29
752	1	1722	29
753	1	1252	29
753	1	2139	30
754	1	1252	29
755	1	1200	29
756	1	1304	29
756	1	2243	30
757	1	469	29
758	1	1148	29
759	1	469	29
761	1	2139	29
762	1	1722	29
763	1	2035	29
765	1	1513	29
767	1	2035	29
774	1	1252	29
776	1	1148	29
776	1	2191	30
778	1	2139	29
779	1	469	29
781	1	1565	29
782	1	2295	29
784	1	1617	29
787	1	2295	29
788	1	1722	29
789	1	1826	29
790	1	2139	29
793	1	1148	29
794	1	1878	29
797	1	1878	29
798	1	2191	29
801	1	2243	29
802	1	1774	29
803	1	1565	29
804	1	2139	29
807	1	1148	29
810	1	1148	29
811	1	1148	29
812	1	1356	29
812	1	2191	30
816	1	1982	29
818	1	1826	29
821	1	2035	29
822	1	1148	29
823	1	1148	29
823	1	2035	30
824	1	1774	29
825	1	1774	29
826	1	1826	29
828	1	2035	29
831	1	1408	29
831	1	2035	30
832	1	1304	29
832	1	1982	30
834	1	1356	29
834	1	2139	30
835	1	2295	29
837	1	2295	29
838	1	1252	29
838	1	2295	30
839	1	2191	29
840	1	469	29
842	1	1826	29
843	1	1200	29
843	1	1930	30
847	1	1930	29
848	1	1095	29
850	1	1356	29
854	1	1722	29
858	1	1669	29
863	1	1408	29
864	1	1200	29
864	1	2087	30
865	1	1826	29
866	1	1200	29
868	1	1878	29
869	1	469	29
870	1	469	29
871	1	1930	29
873	1	1200	29
875	1	469	29
877	1	1148	29
878	1	2139	29
879	1	2295	29
880	1	1148	29
884	1	2243	29
885	1	1252	29
887	1	1982	29
890	1	2035	29
891	1	2035	29
895	1	2139	29
897	1	1461	29
898	1	1356	29
899	1	1252	29
900	1	2139	29
901	1	1148	29
902	1	1617	29
903	1	469	29
903	1	2295	30
908	1	1408	29
910	1	1982	29
913	1	2087	29
914	1	1669	29
916	1	1356	29
917	1	2243	29
918	1	1930	29
922	1	2191	29
924	1	1408	29
926	1	1513	29
926	1	2295	30
927	1	1774	29
929	1	1565	29
931	1	1252	29
932	1	2087	29
933	1	1930	29
935	1	469	29
936	1	2295	29
938	1	469	29
940	1	1513	29
940	1	2295	30
941	1	1200	29
942	1	1252	29
944	1	2087	29
946	1	469	29
947	1	1304	29
947	1	2087	30
948	1	1252	29
949	1	1095	29
950	1	1148	29
953	1	1252	29
954	1	1148	29
960	1	1722	29
961	1	1722	29
963	1	2243	29
964	1	1356	29
964	1	2191	30
965	1	1826	29
966	1	1930	29
968	1	2139	29
969	1	1722	29
971	1	1565	29
972	1	1148	29
972	1	2139	30
976	1	1513	29
978	1	1461	29
979	1	469	29
981	1	1669	29
983	1	1200	29
984	1	1826	29
985	1	1826	29
988	1	2243	29
989	1	1878	29
995	1	1148	29
998	1	1408	29
998	1	2035	30
0	2	261	26
1	2	261	26
2	2	261	26
3	2	261	26
4	2	261	26
5	2	261	26
6	2	261	26
7	2	261	26
8	2	261	26
9	2	261	26
10	2	261	26
11	2	261	26
12	2	261	26
13	2	261	26
14	2	261	26
15	2	261	26
16	2	261	26
17	2	261	26
18	2	261	26
19	2	261	26
20	2	261	26
21	2	261	26
22	2	261	26
23	2	261	26
24	2	261	26
25	2	261	26
26	2	261	26
27	2	261	26
28	2	261	26
29	2	261	26
30	2	261	26
31	2	261	26
32	2	261	26
33	2	261	26
34	2	261	26
35	2	261	26
36	2	261	26
37	2	261	26
38	2	261	26
39	2	261	26
40	2	261	26
41	2	261	26
42	2	261	26
43	2	261	26
44	2	261	26
45	2	261	26
46	2	261	26
47	2	261	26
48	2	261	26
49	2	261	26
50	2	261	26
51	2	261	26
52	2	261	26
53	2	261	26
54	2	261	26
55	2	261	26
56	2	261	26
57	2	261	26
58	2	261	26
59	2	261	26
60	2	261	26
61	2	261	26
62	2	261	26
63	2	261	26
64	2	261	26
65	2	261	26
66	2	261	26
67	2	261	26
68	2	261	26
69	2	261	26
70	2	261	26
71	2	261	26
72	2	261	26
73	2	261	26
74	2	261	26
75	2	261	26
76	2	261	26
77	2	261	26
78	2	261	26
79	2	261	26
80	2	261	26
81	2	261	26
82	2	261	26
83	2	261	26
84	2	261	26
85	2	261	26
86	2	261	26
87	2	261	26
88	2	261	26
89	2	261	26
90	2	261	26
91	2	261	26
92	2	261	26
93	2	261	26
94	2	261	26
95	2	261	26
96	2	261	26
97	2	261	26
98	2	261	26
99	2	261	26
100	2	261	26
101	2	261	26
102	2	261	26
103	2	261	26
104	2	261	26
105	2	261	26
106	2	261	26
107	2	261	26
108	2	261	26
109	2	261	26
110	2	261	26
111	2	261	26
112	2	261	26
113	2	261	26
114	2	261	26
115	2	261	26
116	2	261	26
117	2	261	26
118	2	261	26
119	2	261	26
120	2	261	26
121	2	261	26
122	2	261	26
123	2	261	26
124	2	261	26
125	2	261	26
126	2	261	26
127	2	261	26
128	2	261	26
129	2	261	26
130	2	261	26
131	2	261	26
132	2	261	26
133	2	261	26
134	2	261	26
135	2	261	26
136	2	261	26
137	2	261	26
138	2	261	26
139	2	261	26
140	2	261	26
141	2	261	26
142	2	261	26
143	2	261	26
144	2	261	26
145	2	261	26
146	2	261	26
147	2	261	26
148	2	261	26
149	2	261	26
150	2	261	26
151	2	261	26
152	2	261	26
153	2	261	26
154	2	261	26
155	2	261	26
156	2	261	26
157	2	261	26
158	2	261	26
159	2	261	26
160	2	261	26
161	2	261	26
162	2	261	26
163	2	261	26
164	2	261	26
165	2	261	26
166	2	261	26
167	2	261	26
168	2	261	26
169	2	261	26
170	2	261	26
171	2	261	26
172	2	261	26
173	2	261	26
174	2	261	26
175	2	261	26
176	2	261	26
177	2	261	26
178	2	261	26
179	2	261	26
180	2	261	26
181	2	261	26
182	2	261	26
183	2	261	26
184	2	261	26
185	2	261	26
186	2	261	26
187	2	261	26
188	2	261	26
189	2	261	26
190	2	261	26
191	2	261	26
192	2	261	26
193	2	261	26
194	2	261	26
195	2	261	26
196	2	261	26
197	2	261	26
198	2	261	26
199	2	261	26
200	2	261	26
201	2	261	26
202	2	261	26
203	2	261	26
204	2	261	26
205	2	261	26
206	2	261	26
207	2	261	26
208	2	261	26
209	2	261	26
210	2	261	26
211	2	261	26
212	2	261	26
213	2	261	26
214	2	261	26
215	2	261	26
216	2	261	26
217	2	261	26
218	2	261	26
219	2	261	26
220	2	261	26
221	2	261	26
222	2	261	26
223	2	261	26
224	2	261	26
225	2	261	26
226	2	261	26
227	2	261	26
228	2	261	26
229	2	261	26
230	2	261	26
231	2	261	26
232	2	261	26
233	2	261	26
234	2	261	26
235	2	261	26
236	2	261	26
237	2	261	26
238	2	261	26
239	2	261	26
240	2	261	26
241	2	261	26
242	2	261	26
243	2	261	26
244	2	261	26
245	2	261	26
246	2	261	26
247	2	261	26
248	2	261	26
249	2	261	26
250	2	261	26
251	2	261	26
252	2	261	26
253	2	261	26
254	2	261	26
255	2	261	26
256	2	261	26
257	2	261	26
258	2	261	26
259	2	261	26
260	2	261	26
261	2	261	26
262	2	261	26
263	2	261	26
264	2	261	26
265	2	261	26
266	2	261	26
267	2	261	26
268	2	261	26
269	2	261	26
270	2	261	26
271	2	261	26
272	2	261	26
273	2	261	26
274	2	261	26
275	2	261	26
276	2	261	26
277	2	261	26
278	2	261	26
279	2	261	26
280	2	261	26
281	2	261	26
282	2	261	26
283	2	261	26
284	2	261	26
285	2	261	26
286	2	261	26
287	2	261	26
288	2	261	26
289	2	261	26
290	2	261	26
291	2	261	26
292	2	261	26
293	2	261	26
294	2	261	26
295	2	261	26
296	2	261	26
297	2	261	26
298	2	261	26
299	2	261	26
300	2	261	26
301	2	261	26
302	2	261	26
303	2	261	26
304	2	261	26
305	2	261	26
306	2	261	26
307	2	261	26
308	2	261	26
309	2	261	26
310	2	261	26
311	2	261	26
312	2	261	26
313	2	261	26
314	2	261	26
315	2	261	26
316	2	261	26
317	2	261	26
318	2	261	26
319	2	261	26
320	2	261	26
321	2	261	26
322	2	261	26
323	2	261	26
324	2	261	26
325	2	261	26
326	2	261	26
327	2	261	26
328	2	261	26
329	2	261	26
330	2	261	26
331	2	261	26
332	2	261	26
333	2	261	26
334	2	261	26
335	2	261	26
336	2	261	26
337	2	261	26
338	2	261	26
339	2	261	26
340	2	261	26
341	2	261	26
342	2	261	26
343	2	261	26
344	2	261	26
345	2	261	26
346	2	261	26
347	2	261	26
348	2	261	26
349	2	261	26
350	2	261	26
351	2	261	26
352	2	261	26
353	2	261	26
354	2	261	26
355	2	261	26
356	2	261	26
357	2	261	26
358	2	261	26
359	2	261	26
360	2	261	26
361	2	261	26
362	2	261	26
363	2	261	26
364	2	261	26
365	2	261	26
366	2	261	26
367	2	261	26
368	2	261	26
369	2	261	26
370	2	261	26
371	2	261	26
372	2	261	26
373	2	261	26
374	2	261	26
375	2	261	26
376	2	261	26
377	2	261	26
378	2	261	26
379	2	261	26
380	2	261	26
381	2	261	26
382	2	261	26
383	2	261	26
384	2	261	26
385	2	261	26
386	2	261	26
387	2	261	26
388	2	261	26
389	2	261	26
390	2	261	26
391	2	261	26
392	2	261	26
393	2	261	26
394	2	261	26
395	2	261	26
396	2	261	26
397	2	261	26
398	2	261	26
399	2	261	26
400	2	261	26
401	2	261	26
402	2	261	26
403	2	261	26
404	2	261	26
405	2	261	26
406	2	261	26
407	2	261	26
408	2	261	26
409	2	261	26
410	2	261	26
411	2	261	26
412	2	261	26
413	2	261	26
414	2	261	26
415	2	261	26
416	2	261	26
417	2	261	26
418	2	261	26
419	2	261	26
420	2	261	26
421	2	261	26
422	2	261	26
423	2	261	26
424	2	261	26
425	2	261	26
426	2	261	26
427	2	261	26
428	2	261	26
429	2	261	26
430	2	261	26
431	2	261	26
432	2	261	26
433	2	261	26
434	2	261	26
435	2	261	26
436	2	261	26
437	2	261	26
438	2	261	26
439	2	261	26
440	2	261	26
441	2	261	26
442	2	261	26
443	2	261	26
444	2	261	26
445	2	261	26
446	2	261	26
447	2	261	26
448	2	261	26
449	2	261	26
450	2	261	26
451	2	261	26
452	2	261	26
453	2	261	26
454	2	261	26
455	2	261	26
456	2	261	26
457	2	261	26
458	2	261	26
459	2	261	26
460	2	261	26
461	2	261	26
462	2	261	26
463	2	261	26
464	2	261	26
465	2	261	26
466	2	261	26
467	2	261	26
468	2	261	26
469	2	261	26
470	2	261	26
471	2	261	26
472	2	261	26
473	2	261	26
474	2	261	26
475	2	261	26
476	2	261	26
477	2	261	26
478	2	261	26
479	2	261	26
480	2	261	26
481	2	261	26
482	2	261	26
483	2	261	26
484	2	261	26
485	2	261	26
486	2	261	26
487	2	261	26
488	2	261	26
489	2	261	26
490	2	261	26
491	2	261	26
492	2	261	26
493	2	261	26
494	2	261	26
495	2	261	26
496	2	261	26
497	2	261	26
498	2	261	26
499	2	261	26
500	2	261	26
501	2	261	26
502	2	261	26
503	2	261	26
504	2	261	26
505	2	261	26
506	2	261	26
507	2	261	26
508	2	261	26
509	2	261	26
510	2	261	26
511	2	261	26
512	2	261	26
513	2	261	26
514	2	261	26
515	2	261	26
516	2	261	26
517	2	261	26
518	2	261	26
519	2	261	26
520	2	261	26
521	2	261	26
522	2	261	26
523	2	261	26
524	2	261	26
525	2	261	26
526	2	261	26
527	2	261	26
528	2	261	26
529	2	261	26
530	2	261	26
531	2	261	26
532	2	261	26
533	2	261	26
534	2	261	26
535	2	261	26
536	2	261	26
537	2	261	26
538	2	261	26
539	2	261	26
540	2	261	26
541	2	261	26
542	2	261	26
543	2	261	26
544	2	261	26
545	2	261	26
546	2	261	26
547	2	261	26
548	2	261	26
549	2	261	26
550	2	261	26
551	2	261	26
552	2	261	26
553	2	261	26
554	2	261	26
555	2	261	26
556	2	261	26
557	2	261	26
558	2	261	26
559	2	261	26
560	2	261	26
561	2	261	26
562	2	261	26
563	2	261	26
564	2	261	26
565	2	261	26
566	2	261	26
567	2	261	26
568	2	261	26
569	2	261	26
570	2	261	26
571	2	261	26
572	2	261	26
573	2	261	26
574	2	261	26
575	2	261	26
576	2	261	26
577	2	261	26
578	2	261	26
579	2	261	26
580	2	261	26
581	2	261	26
582	2	261	26
583	2	261	26
584	2	261	26
585	2	261	26
586	2	261	26
587	2	261	26
588	2	261	26
589	2	261	26
590	2	261	26
591	2	261	26
592	2	261	26
593	2	261	26
594	2	261	26
595	2	261	26
596	2	261	26
597	2	261	26
598	2	261	26
599	2	261	26
600	2	261	26
601	2	261	26
602	2	261	26
603	2	261	26
604	2	261	26
605	2	261	26
606	2	261	26
607	2	261	26
608	2	261	26
609	2	261	26
610	2	261	26
611	2	261	26
612	2	261	26
613	2	261	26
614	2	261	26
615	2	261	26
616	2	261	26
617	2	261	26
618	2	261	26
619	2	261	26
620	2	261	26
621	2	261	26
622	2	261	26
623	2	261	26
624	2	261	26
625	2	261	26
626	2	261	26
627	2	261	26
628	2	261	26
629	2	261	26
630	2	261	26
631	2	261	26
632	2	261	26
633	2	261	26
634	2	261	26
635	2	261	26
636	2	261	26
637	2	261	26
638	2	261	26
639	2	261	26
640	2	261	26
641	2	261	26
642	2	261	26
643	2	261	26
644	2	261	26
645	2	261	26
646	2	261	26
647	2	261	26
648	2	261	26
649	2	261	26
650	2	261	26
651	2	261	26
652	2	261	26
653	2	261	26
654	2	261	26
655	2	261	26
656	2	261	26
657	2	261	26
658	2	261	26
659	2	261	26
660	2	261	26
661	2	261	26
662	2	261	26
663	2	261	26
664	2	261	26
665	2	261	26
666	2	261	26
667	2	261	26
668	2	261	26
669	2	261	26
670	2	261	26
671	2	261	26
672	2	261	26
673	2	261	26
674	2	261	26
675	2	261	26
676	2	261	26
677	2	261	26
678	2	261	26
679	2	261	26
680	2	261	26
681	2	261	26
682	2	261	26
683	2	261	26
684	2	261	26
685	2	261	26
686	2	261	26
687	2	261	26
688	2	261	26
689	2	261	26
690	2	261	26
691	2	261	26
692	2	261	26
693	2	261	26
694	2	261	26
695	2	261	26
696	2	261	26
697	2	261	26
698	2	261	26
699	2	261	26
700	2	261	26
701	2	261	26
702	2	261	26
703	2	261	26
704	2	261	26
705	2	261	26
706	2	261	26
707	2	261	26
708	2	261	26
709	2	261	26
710	2	261	26
711	2	261	26
712	2	261	26
713	2	261	26
714	2	261	26
715	2	261	26
716	2	261	26
717	2	261	26
718	2	261	26
719	2	261	26
720	2	261	26
721	2	261	26
722	2	261	26
723	2	261	26
724	2	261	26
725	2	261	26
726	2	261	26
727	2	261	26
728	2	261	26
729	2	261	26
730	2	261	26
731	2	261	26
732	2	261	26
733	2	261	26
734	2	261	26
735	2	261	26
736	2	261	26
737	2	261	26
738	2	261	26
739	2	261	26
740	2	261	26
741	2	261	26
742	2	261	26
743	2	261	26
744	2	261	26
745	2	261	26
746	2	261	26
747	2	261	26
748	2	261	26
749	2	261	26
750	2	261	26
751	2	261	26
752	2	261	26
753	2	261	26
754	2	261	26
755	2	261	26
756	2	261	26
757	2	261	26
758	2	261	26
759	2	261	26
760	2	261	26
761	2	261	26
762	2	261	26
763	2	261	26
764	2	261	26
765	2	261	26
766	2	261	26
767	2	261	26
768	2	261	26
769	2	261	26
770	2	261	26
771	2	261	26
772	2	261	26
773	2	261	26
774	2	261	26
775	2	261	26
776	2	261	26
777	2	261	26
778	2	261	26
779	2	261	26
780	2	261	26
781	2	261	26
782	2	261	26
783	2	261	26
784	2	261	26
785	2	261	26
786	2	261	26
787	2	261	26
788	2	261	26
789	2	261	26
790	2	261	26
791	2	261	26
792	2	261	26
793	2	261	26
794	2	261	26
795	2	261	26
796	2	261	26
797	2	261	26
798	2	261	26
799	2	261	26
800	2	261	26
801	2	261	26
802	2	261	26
803	2	261	26
804	2	261	26
805	2	261	26
806	2	261	26
807	2	261	26
808	2	261	26
809	2	261	26
810	2	261	26
811	2	261	26
812	2	261	26
813	2	261	26
814	2	261	26
815	2	261	26
816	2	261	26
817	2	261	26
818	2	261	26
819	2	261	26
820	2	261	26
821	2	261	26
822	2	261	26
823	2	261	26
824	2	261	26
825	2	261	26
826	2	261	26
827	2	261	26
828	2	261	26
829	2	261	26
830	2	261	26
831	2	261	26
832	2	261	26
833	2	261	26
834	2	261	26
835	2	261	26
836	2	261	26
837	2	261	26
838	2	261	26
839	2	261	26
840	2	261	26
841	2	261	26
842	2	261	26
843	2	261	26
844	2	261	26
845	2	261	26
846	2	261	26
847	2	261	26
848	2	261	26
849	2	261	26
850	2	261	26
851	2	261	26
852	2	261	26
853	2	261	26
854	2	261	26
855	2	261	26
856	2	261	26
857	2	261	26
858	2	261	26
859	2	261	26
860	2	261	26
861	2	261	26
862	2	261	26
863	2	261	26
864	2	261	26
865	2	261	26
866	2	261	26
867	2	261	26
868	2	261	26
869	2	261	26
870	2	261	26
871	2	261	26
872	2	261	26
873	2	261	26
874	2	261	26
875	2	261	26
876	2	261	26
877	2	261	26
878	2	261	26
879	2	261	26
880	2	261	26
881	2	261	26
882	2	261	26
883	2	261	26
884	2	261	26
885	2	261	26
886	2	261	26
887	2	261	26
888	2	261	26
889	2	261	26
890	2	261	26
891	2	261	26
892	2	261	26
893	2	261	26
894	2	261	26
895	2	261	26
896	2	261	26
897	2	261	26
898	2	261	26
899	2	261	26
900	2	261	26
901	2	261	26
902	2	261	26
903	2	261	26
904	2	261	26
905	2	261	26
906	2	261	26
907	2	261	26
908	2	261	26
909	2	261	26
910	2	261	26
911	2	261	26
912	2	261	26
913	2	261	26
914	2	261	26
915	2	261	26
916	2	261	26
917	2	261	26
918	2	261	26
919	2	261	26
920	2	261	26
921	2	261	26
922	2	261	26
923	2	261	26
924	2	261	26
925	2	261	26
926	2	261	26
927	2	261	26
928	2	261	26
929	2	261	26
930	2	261	26
931	2	261	26
932	2	261	26
933	2	261	26
934	2	261	26
935	2	261	26
936	2	261	26
937	2	261	26
938	2	261	26
939	2	261	26
940	2	261	26
941	2	261	26
942	2	261	26
943	2	261	26
944	2	261	26
945	2	261	26
946	2	261	26
947	2	261	26
948	2	261	26
949	2	261	26
950	2	261	26
951	2	261	26
952	2	261	26
953	2	261	26
954	2	261	26
955	2	261	26
956	2	261	26
957	2	261	26
958	2	261	26
959	2	261	26
960	2	261	26
961	2	261	26
962	2	261	26
963	2	261	26
964	2	261	26
965	2	261	26
966	2	261	26
967	2	261	26
968	2	261	26
969	2	261	26
970	2	261	26
971	2	261	26
972	2	261	26
973	2	261	26
974	2	261	26
975	2	261	26
976	2	261	26
977	2	261	26
978	2	261	26
979	2	261	26
980	2	261	26
981	2	261	26
982	2	261	26
983	2	261	26
984	2	261	26
985	2	261	26
986	2	261	26
987	2	261	26
988	2	261	26
989	2	261	26
990	2	261	26
991	2	261	26
992	2	261	26
993	2	261	26
994	2	261	26
995	2	261	26
996	2	261	26
997	2	261	26
998	2	261	26
999	2	261	26
0	3	1095	29
1	3	1148	29
3	3	1878	29
4	3	1408	29
4	3	1722	9
4	3	1982	30
4	3	2295	12
5	3	2295	29
6	3	469	29
7	3	1774	29
8	3	1513	29
10	3	1148	29
14	3	1148	29
15	3	1826	29
16	3	1408	29
17	3	1148	29
18	3	469	29
20	3	1617	29
21	3	939	20
21	3	1095	29
23	3	1252	29
24	3	1252	29
26	3	1774	29
27	3	1304	29
28	3	1565	29
29	3	2295	29
30	3	1982	29
31	3	2243	29
32	3	1826	29
33	3	2191	29
34	3	1722	29
35	3	1252	29
36	3	1565	29
39	3	1722	29
40	3	1148	29
40	3	1774	9
40	3	2087	30
40	3	2139	12
41	3	1722	29
42	3	1617	29
43	3	469	29
45	3	1617	29
46	3	2139	29
49	3	1461	29
53	3	1356	29
53	3	2087	30
57	3	1148	29
57	3	1722	9
58	3	1461	29
59	3	1200	29
62	3	1461	29
63	3	1617	29
65	3	1930	29
66	3	2035	29
67	3	1565	9
67	3	1617	29
69	3	1722	29
71	3	1878	29
75	3	1669	29
79	3	2035	29
80	3	1982	29
81	3	2295	29
82	3	2243	29
84	3	2243	29
87	3	469	29
87	3	1774	9
87	3	2191	30
88	3	1617	29
89	3	1774	29
92	3	1200	29
96	3	1930	29
99	3	2243	29
102	3	1930	29
104	3	1513	29
106	3	1513	29
106	3	2139	30
107	3	1200	29
107	3	2295	30
108	3	1774	29
110	3	1304	29
111	3	2295	29
113	3	1148	29
116	3	2295	29
118	3	1982	29
119	3	2087	29
122	3	1252	29
122	3	1774	9
124	3	1200	29
125	3	1408	29
126	3	1200	29
127	3	1252	29
128	3	1148	29
130	3	469	29
131	3	1513	29
131	3	2139	30
132	3	1930	29
133	3	1774	29
134	3	2087	29
135	3	1461	29
136	3	1095	29
136	3	1408	9
136	3	1722	30
136	3	1774	12
137	3	1722	29
138	3	1095	29
138	3	1878	9
138	3	2139	30
139	3	1304	29
139	3	1617	9
139	3	1826	30
139	3	2139	12
141	3	1252	29
141	3	1774	9
143	3	2139	29
145	3	1878	29
146	3	1617	29
147	3	1669	29
149	3	1200	29
150	3	1617	29
151	3	469	29
152	3	1513	29
154	3	1356	29
155	3	1200	29
155	3	2295	30
156	3	1200	29
158	3	1513	29
159	3	1095	29
159	3	1930	9
159	3	2243	30
159	3	2295	12
160	3	1669	29
162	3	1722	29
164	3	2191	29
165	3	1408	29
169	3	1982	29
170	3	1200	29
172	3	1774	29
174	3	1826	29
175	3	1565	29
176	3	2191	29
179	3	1513	29
181	3	1148	29
183	3	1408	29
185	3	1461	29
187	3	1722	29
189	3	1617	29
189	3	1930	9
189	3	2295	30
192	3	1565	29
193	3	1774	29
196	3	1148	29
196	3	1722	30
196	3	2243	9
198	3	1565	29
199	3	1252	29
200	3	1878	29
202	3	1826	29
203	3	469	29
204	3	1565	29
205	3	2139	29
206	3	1095	29
206	3	1408	9
206	3	1669	30
206	3	1982	12
206	3	2243	20
207	3	1252	29
208	3	1513	29
210	3	469	29
212	3	2035	29
215	3	1930	29
217	3	1878	29
218	3	1669	29
219	3	469	29
221	3	1774	29
224	3	1982	29
225	3	1200	29
225	3	1617	9
225	3	2087	30
226	3	1408	29
226	3	1722	9
228	3	1252	29
228	3	1565	9
229	3	1669	29
230	3	1148	29
231	3	1095	29
232	3	1252	29
233	3	2035	29
240	3	1252	29
240	3	1878	9
240	3	2191	30
241	3	1565	29
242	3	1565	29
243	3	1095	29
243	3	1774	9
243	3	2139	30
244	3	469	29
245	3	2139	29
248	3	1148	29
249	3	1148	29
250	3	1200	29
250	3	1513	9
250	3	2139	30
251	3	1826	29
253	3	2295	29
256	3	1774	29
257	3	1982	29
258	3	1148	29
259	3	1200	29
260	3	2087	29
262	3	1669	29
264	3	2087	29
266	3	1774	29
267	3	1878	29
268	3	1722	29
269	3	1408	29
271	3	1565	29
271	3	2295	30
272	3	1252	29
272	3	1565	9
272	3	1878	30
272	3	2139	20
280	3	2243	29
283	3	1930	29
284	3	1148	29
284	3	1461	9
284	3	2139	30
285	3	1826	29
286	3	1252	29
286	3	1617	9
286	3	2139	30
288	3	2035	29
289	3	469	29
293	3	1095	29
293	3	1826	9
293	3	2139	30
295	3	2191	29
296	3	1304	29
298	3	1826	29
300	3	469	29
301	3	1148	29
302	3	1617	29
303	3	1148	29
303	3	1669	9
303	3	2139	30
304	3	1200	29
306	3	1148	29
309	3	1148	29
309	3	1461	9
309	3	1930	30
309	3	2295	12
310	3	1408	29
310	3	2087	30
312	3	2243	29
315	3	1617	29
317	3	1982	29
322	3	2139	29
326	3	1200	29
327	3	1774	29
330	3	1617	29
331	3	1826	29
332	3	1513	29
333	3	1148	29
333	3	2035	9
335	3	1095	29
336	3	1722	29
339	3	2139	29
340	3	1826	29
341	3	1878	29
342	3	1252	29
343	3	1095	29
343	3	2191	9
345	3	1513	29
346	3	469	29
346	3	2139	30
347	3	1878	29
348	3	1565	29
349	3	1304	29
349	3	1617	9
352	3	1617	29
353	3	1826	29
354	3	1148	29
354	3	1461	9
356	3	1982	29
357	3	1982	29
358	3	1878	29
361	3	1774	29
364	3	1930	29
366	3	1722	29
367	3	2191	29
368	3	1095	29
368	3	1408	9
368	3	2035	30
369	3	1408	29
371	3	1878	29
372	3	1878	29
376	3	2295	29
377	3	2087	29
378	3	1982	29
379	3	1669	29
381	3	2243	29
382	3	2191	29
384	3	1722	29
386	3	469	29
387	3	1461	29
387	3	1774	9
389	3	1461	29
390	3	1095	29
391	3	1461	29
393	3	1095	29
396	3	1148	29
396	3	1461	9
396	3	1722	30
397	3	1878	29
399	3	1148	29
400	3	2035	29
402	3	1617	29
404	3	2191	29
406	3	1513	29
407	3	1826	29
410	3	2295	29
411	3	1200	29
411	3	1513	9
412	3	1200	29
412	3	1513	9
412	3	1826	30
412	3	2087	20
413	3	1148	29
413	3	1461	9
413	3	1774	12
413	3	2295	30
414	3	1565	29
414	3	2295	30
415	3	1565	29
417	3	1982	29
418	3	1408	9
418	3	1461	29
419	3	469	29
420	3	1878	29
423	3	1722	29
424	3	1304	29
424	3	1617	9
424	3	1930	30
424	3	2191	20
425	3	2191	29
426	3	1774	29
429	3	469	29
430	3	1722	29
431	3	1148	29
432	3	1408	29
433	3	1774	29
434	3	1304	29
434	3	1774	9
434	3	1982	30
434	3	2295	12
435	3	1200	29
436	3	1200	29
436	3	1513	9
437	3	1826	29
438	3	1565	29
440	3	2243	29
442	3	2035	29
445	3	1200	29
446	3	2295	29
451	3	1565	29
451	3	2243	30
452	3	2295	29
453	3	1200	29
453	3	1513	9
455	3	1878	29
456	3	2035	29
459	3	469	29
460	3	2191	29
461	3	1252	29
462	3	2087	29
463	3	1408	29
463	3	1722	9
464	3	1826	29
465	3	2087	29
466	3	1200	29
467	3	1461	29
468	3	1826	29
469	3	1095	29
471	3	2243	29
472	3	1878	29
473	3	1826	29
474	3	1356	29
481	3	1408	29
481	3	1722	9
486	3	2035	29
487	3	1200	29
489	3	1148	29
489	3	1774	9
490	3	1617	29
490	3	2087	9
490	3	2243	30
491	3	2087	29
492	3	1774	29
495	3	1617	29
496	3	1565	29
498	3	2139	29
500	3	1200	29
500	3	1513	9
501	3	2295	29
502	3	1878	29
503	3	939	20
503	3	1148	29
503	3	1826	30
508	3	1252	29
508	3	2035	30
512	3	1669	29
513	3	1826	29
514	3	1774	29
515	3	939	20
515	3	1148	29
516	3	2295	29
517	3	2139	29
518	3	1878	29
519	3	1461	29
520	3	2295	29
521	3	1200	29
521	3	1513	9
522	3	1565	29
523	3	1252	29
524	3	469	29
525	3	1408	29
525	3	1774	12
527	3	1148	29
528	3	1148	29
529	3	1200	29
529	3	1722	9
529	3	1826	30
530	3	1982	29
531	3	1774	29
532	3	1930	29
534	3	1148	29
537	3	1669	29
538	3	1200	29
539	3	1148	29
541	3	2139	29
542	3	2087	29
543	3	1826	29
544	3	1461	29
544	3	1774	9
544	3	2087	30
546	3	1878	29
547	3	1513	29
547	3	1930	9
547	3	2191	30
550	3	1200	29
550	3	1565	9
550	3	2035	30
551	3	1252	29
551	3	1565	9
553	3	1930	29
554	3	1095	29
555	3	1200	29
555	3	1513	9
555	3	1774	30
556	3	1617	29
558	3	469	29
559	3	1826	29
562	3	1774	29
563	3	1513	29
564	3	469	29
565	3	1304	29
565	3	1982	30
565	3	2295	9
566	3	2191	29
568	3	1200	29
568	3	1774	9
569	3	1826	29
571	3	1200	29
575	3	1148	29
575	3	1461	9
575	3	1774	12
576	3	1982	29
577	3	1200	29
578	3	2295	29
581	3	1826	29
582	3	2087	29
583	3	1148	29
583	3	1461	9
584	3	2191	29
585	3	1095	29
585	3	1408	9
585	3	1722	30
585	3	1774	12
586	3	1565	29
587	3	1148	29
587	3	1461	9
587	3	1774	12
588	3	1669	29
589	3	1513	29
590	3	1461	29
594	3	2191	29
595	3	1252	29
595	3	1617	9
595	3	2087	30
596	3	1669	29
598	3	1148	29
599	3	1148	29
602	3	469	29
604	3	1826	29
605	3	1982	29
606	3	1617	29
607	3	1252	29
607	3	2295	9
608	3	1513	29
611	3	2035	29
612	3	1878	29
614	3	1930	29
615	3	469	29
616	3	1878	29
621	3	1722	29
622	3	1148	29
625	3	1826	29
626	3	469	29
627	3	1617	29
628	3	1774	29
630	3	1982	29
631	3	1617	29
631	3	2243	30
632	3	1095	29
634	3	1930	29
639	3	1356	29
645	3	1669	29
646	3	1304	29
648	3	1826	29
649	3	1565	29
652	3	1722	29
653	3	1669	29
655	3	1826	29
656	3	1774	29
658	3	1408	29
659	3	1878	29
661	3	1461	29
662	3	1669	29
664	3	1408	29
664	3	1774	9
664	3	2191	30
665	3	1252	29
666	3	1200	29
668	3	2087	29
669	3	1930	29
670	3	1930	29
672	3	2295	29
674	3	1669	29
675	3	1722	29
676	3	1252	29
677	3	1617	29
678	3	1878	29
680	3	1722	29
682	3	2139	29
684	3	1722	29
688	3	2243	29
689	3	2035	29
691	3	1408	29
691	3	2087	9
691	3	2139	30
692	3	1461	29
692	3	1774	9
693	3	469	29
694	3	1669	29
695	3	1148	29
697	3	1513	29
699	3	1774	29
701	3	1669	29
703	3	1356	29
705	3	2087	29
706	3	1200	29
707	3	2139	29
708	3	1826	29
709	3	1461	29
710	3	1408	29
711	3	1878	29
712	3	1930	29
714	3	1200	29
715	3	2035	29
716	3	1148	29
716	3	1513	9
717	3	1722	29
718	3	1356	29
718	3	1774	9
721	3	1722	29
722	3	1148	29
722	3	1774	9
723	3	469	29
725	3	1513	29
726	3	1565	29
730	3	1878	29
731	3	1148	29
733	3	1461	29
734	3	1200	29
737	3	1461	29
737	3	2139	9
737	3	2243	30
738	3	1461	29
738	3	1826	9
738	3	2087	30
739	3	1878	29
742	3	1148	29
742	3	1617	9
742	3	2087	30
743	3	1200	29
744	3	1878	29
746	3	469	29
752	3	1722	29
753	3	1252	29
753	3	1774	9
753	3	2139	30
754	3	1252	29
755	3	1200	29
756	3	1304	29
756	3	2243	30
757	3	469	29
758	3	1148	29
759	3	469	29
761	3	2139	29
762	3	1722	29
763	3	2035	29
765	3	1513	29
767	3	2035	29
774	3	1252	29
776	3	1148	29
776	3	1669	9
776	3	2191	30
778	3	2139	29
779	3	469	29
781	3	1565	29
782	3	2295	29
784	3	1617	29
787	3	2295	29
788	3	1722	29
789	3	1826	29
790	3	2139	29
793	3	1148	29
794	3	1878	29
797	3	1878	29
798	3	2191	29
801	3	2243	29
802	3	1774	29
803	3	1565	29
804	3	2139	29
807	3	1148	29
807	3	1461	9
810	3	1148	29
811	3	1148	29
811	3	2191	9
812	3	1356	29
812	3	2191	30
816	3	1982	29
818	3	1826	29
821	3	2035	29
822	3	1148	29
823	3	1148	29
823	3	1565	9
823	3	2035	30
824	3	1774	29
825	3	1774	29
826	3	1826	29
828	3	2035	29
831	3	1408	29
831	3	2035	30
831	3	2087	9
832	3	1304	29
832	3	1617	9
832	3	1982	30
834	3	1356	29
834	3	2139	30
835	3	2295	29
837	3	2295	29
838	3	1252	29
838	3	2295	30
839	3	2191	29
840	3	469	29
840	3	1356	9
842	3	1826	29
843	3	1200	29
843	3	1513	9
843	3	1930	30
847	3	1930	29
848	3	1095	29
848	3	1669	9
850	3	1356	29
850	3	1669	9
854	3	1722	29
858	3	1669	29
863	3	1408	29
864	3	1200	29
864	3	1774	9
864	3	2087	30
865	3	1826	29
866	3	1200	29
868	3	1878	29
869	3	469	29
870	3	469	29
871	3	1930	29
873	3	1200	29
875	3	469	29
877	3	1148	29
877	3	1461	9
877	3	1774	12
878	3	2139	29
879	3	2295	29
880	3	1148	29
884	3	2243	29
885	3	1252	29
885	3	1565	9
887	3	1982	29
890	3	2035	29
891	3	2035	29
895	3	2139	29
897	3	1461	29
898	3	1356	29
898	3	1774	9
899	3	1252	29
900	3	2139	29
901	3	1148	29
902	3	1617	29
903	3	469	29
903	3	2295	30
908	3	1408	29
910	3	1982	29
913	3	2087	29
914	3	1669	29
916	3	1356	29
917	3	2243	29
918	3	1930	29
922	3	2191	29
924	3	1408	29
924	3	1722	9
926	3	1513	29
926	3	2295	30
927	3	1774	29
929	3	1565	29
931	3	1252	29
931	3	1565	9
932	3	2087	29
933	3	1930	29
935	3	469	29
936	3	2295	29
938	3	469	29
940	3	1513	29
940	3	2295	30
941	3	1200	29
941	3	1617	9
942	3	1252	29
942	3	1565	9
944	3	2087	29
946	3	469	29
947	3	1304	29
947	3	2087	30
948	3	1252	29
949	3	1095	29
949	3	1408	9
949	3	1774	12
950	3	1148	29
953	3	1252	29
954	3	1148	29
960	3	1722	29
961	3	1722	29
963	3	2243	29
964	3	1356	29
964	3	2191	30
965	3	1826	29
966	3	1930	29
968	3	2139	29
969	3	1722	29
971	3	1565	29
972	3	1148	29
972	3	1461	9
972	3	2139	30
976	3	1513	29
976	3	1826	9
978	3	1461	29
979	3	469	29
981	3	1669	29
983	3	1200	29
984	3	1826	29
985	3	1826	29
988	3	2243	29
989	3	1878	29
995	3	1148	29
998	3	1408	29
998	3	2035	30
0	4	1095	29
0	4	2191	28
1	4	1148	29
3	4	1878	29
4	4	1408	29
4	4	1669	28
4	4	1982	30
5	4	2295	29
6	4	469	29
7	4	1774	29
8	4	1513	29
10	4	1148	29
10	4	2243	28
14	4	1148	29
15	4	1826	29
16	4	1408	29
17	4	1148	29
17	4	2191	28
18	4	469	29
20	4	1617	29
20	4	2087	28
21	4	1095	29
23	4	1252	29
24	4	1252	29
24	4	2191	28
26	4	1774	29
27	4	1304	29
28	4	1565	29
29	4	2295	29
30	4	1982	29
31	4	2243	29
32	4	1826	29
33	4	2191	29
34	4	1722	29
34	4	2243	28
35	4	1252	29
35	4	2139	28
36	4	1565	29
39	4	1722	29
40	4	1148	29
40	4	1774	28
40	4	2087	30
41	4	1722	29
41	4	2087	28
42	4	1617	29
43	4	469	29
45	4	1617	29
46	4	2139	29
49	4	1461	29
49	4	2139	28
53	4	1356	29
53	4	1774	28
53	4	2087	30
57	4	1148	29
57	4	1565	28
58	4	1461	29
59	4	1200	29
59	4	2087	28
62	4	1461	29
62	4	1982	28
63	4	1617	29
65	4	1930	29
66	4	2035	29
67	4	1617	29
69	4	1722	29
71	4	1878	29
75	4	1669	29
79	4	2035	29
80	4	1982	29
81	4	2295	29
82	4	2243	29
84	4	2243	29
87	4	469	29
87	4	1826	28
87	4	2191	30
88	4	1617	29
89	4	1774	29
92	4	1200	29
92	4	2295	28
96	4	1930	29
99	4	2243	29
102	4	1930	29
104	4	1513	29
106	4	1513	29
106	4	1826	28
106	4	2139	30
107	4	1200	29
107	4	1982	28
107	4	2295	30
108	4	1774	29
110	4	1304	29
111	4	2295	29
113	4	1148	29
116	4	2295	29
118	4	1982	29
119	4	2087	29
122	4	1252	29
122	4	1982	28
124	4	1200	29
125	4	1408	29
126	4	1200	29
127	4	1252	29
128	4	1148	29
130	4	469	29
131	4	1513	29
131	4	1826	28
131	4	2139	30
132	4	1930	29
133	4	1774	29
134	4	2087	29
135	4	1461	29
136	4	1095	29
136	4	1461	28
136	4	1722	30
137	4	1722	29
138	4	1095	29
138	4	1826	28
138	4	2139	30
139	4	1304	29
139	4	1565	28
139	4	1826	30
141	4	1252	29
141	4	1565	28
143	4	2139	29
145	4	1878	29
146	4	1617	29
146	4	2243	28
147	4	1669	29
149	4	1200	29
149	4	1878	28
150	4	1617	29
150	4	2139	28
151	4	469	29
152	4	1513	29
152	4	1982	28
154	4	1356	29
154	4	1722	28
155	4	1200	29
155	4	1982	28
155	4	2295	30
156	4	1200	29
156	4	2191	28
158	4	1513	29
159	4	1095	29
159	4	1878	28
159	4	2243	30
160	4	1669	29
162	4	1722	29
164	4	2191	29
165	4	1408	29
165	4	1722	28
169	4	1982	29
170	4	1200	29
170	4	1722	28
172	4	1774	29
174	4	1826	29
175	4	1565	29
175	4	2035	28
176	4	2191	29
179	4	1513	29
181	4	1148	29
183	4	1408	29
183	4	2087	28
185	4	1461	29
187	4	1722	29
189	4	1617	29
189	4	1982	28
189	4	2295	30
192	4	1565	29
193	4	1774	29
193	4	2139	28
196	4	1148	29
196	4	1461	28
196	4	1722	30
198	4	1565	29
198	4	2295	28
199	4	1252	29
199	4	1982	28
200	4	1878	29
202	4	1826	29
203	4	469	29
204	4	1565	29
205	4	2139	29
206	4	1095	29
206	4	1408	28
206	4	1669	30
207	4	1252	29
207	4	2035	28
208	4	1513	29
210	4	469	29
212	4	2035	29
215	4	1930	29
217	4	1878	29
218	4	1669	29
219	4	469	29
221	4	1774	29
224	4	1982	29
225	4	1200	29
225	4	1669	28
225	4	2087	30
226	4	1408	29
228	4	1252	29
229	4	1669	29
230	4	1148	29
231	4	1095	29
232	4	1252	29
232	4	2295	28
233	4	2035	29
240	4	1252	29
240	4	1878	28
240	4	2191	30
241	4	1565	29
242	4	1565	29
242	4	2139	28
243	4	1095	29
243	4	1774	28
243	4	2139	30
244	4	469	29
245	4	2139	29
248	4	1148	29
249	4	1148	29
250	4	1200	29
250	4	1774	28
250	4	2139	30
251	4	1826	29
253	4	2295	29
256	4	1774	29
257	4	1982	29
258	4	1148	29
258	4	2243	28
259	4	1200	29
260	4	2087	29
262	4	1669	29
264	4	2087	29
266	4	1774	29
267	4	1878	29
268	4	1722	29
269	4	1408	29
271	4	1565	29
271	4	1982	28
271	4	2295	30
272	4	1252	29
272	4	1565	28
272	4	1878	30
280	4	2243	29
283	4	1930	29
284	4	1148	29
284	4	1513	28
284	4	2139	30
285	4	1826	29
286	4	1252	29
286	4	1878	28
286	4	2139	30
288	4	2035	29
289	4	469	29
293	4	1095	29
293	4	1669	28
293	4	2139	30
295	4	2191	29
296	4	1304	29
298	4	1826	29
300	4	469	29
301	4	1148	29
302	4	1617	29
302	4	2087	28
303	4	1148	29
303	4	1565	28
303	4	2139	30
304	4	1200	29
306	4	1148	29
309	4	1148	29
309	4	1565	28
309	4	1930	30
310	4	1408	29
310	4	1774	28
310	4	2087	30
312	4	2243	29
315	4	1617	29
315	4	2139	28
317	4	1982	29
322	4	2139	29
326	4	1200	29
326	4	2243	28
327	4	1774	29
330	4	1617	29
331	4	1826	29
332	4	1513	29
333	4	1148	29
333	4	2139	28
335	4	1095	29
336	4	1722	29
339	4	2139	29
340	4	1826	29
341	4	1878	29
342	4	1252	29
342	4	1617	28
343	4	1095	29
343	4	2191	28
345	4	1513	29
345	4	2139	28
346	4	469	29
346	4	1878	28
346	4	2139	30
347	4	1878	29
348	4	1565	29
349	4	1304	29
349	4	1617	28
352	4	1617	29
353	4	1826	29
354	4	1148	29
354	4	1513	28
356	4	1982	29
357	4	1982	29
358	4	1878	29
361	4	1774	29
364	4	1930	29
366	4	1722	29
367	4	2191	29
368	4	1095	29
368	4	1617	28
368	4	2035	30
369	4	1408	29
371	4	1878	29
372	4	1878	29
376	4	2295	29
377	4	2087	29
378	4	1982	29
379	4	1669	29
381	4	2243	29
382	4	2191	29
384	4	1722	29
386	4	469	29
387	4	1461	29
387	4	2243	28
389	4	1461	29
390	4	1095	29
390	4	2243	28
391	4	1461	29
391	4	2035	28
393	4	1095	29
396	4	1148	29
396	4	1461	28
396	4	1722	30
397	4	1878	29
399	4	1148	29
400	4	2035	29
402	4	1617	29
404	4	2191	29
406	4	1513	29
407	4	1826	29
410	4	2295	29
411	4	1200	29
411	4	1617	28
412	4	1200	29
412	4	1513	28
412	4	1826	30
413	4	1148	29
413	4	1461	28
413	4	2295	30
414	4	1565	29
414	4	1982	28
414	4	2295	30
415	4	1565	29
417	4	1982	29
417	4	2295	28
418	4	1461	29
418	4	1722	28
419	4	469	29
420	4	1878	29
423	4	1722	29
424	4	1304	29
424	4	1669	28
424	4	1930	30
425	4	2191	29
426	4	1774	29
426	4	2139	28
429	4	469	29
430	4	1722	29
431	4	1148	29
432	4	1408	29
432	4	1722	28
433	4	1774	29
434	4	1304	29
434	4	1722	28
434	4	1982	30
435	4	1200	29
436	4	1200	29
436	4	1669	28
437	4	1826	29
438	4	1565	29
440	4	2243	29
442	4	2035	29
445	4	1200	29
445	4	2139	28
446	4	2295	29
451	4	1565	29
451	4	1930	28
451	4	2243	30
452	4	2295	29
453	4	1200	29
453	4	1565	28
455	4	1878	29
455	4	2243	28
456	4	2035	29
459	4	469	29
460	4	2191	29
461	4	1252	29
462	4	2087	29
463	4	1408	29
463	4	1722	28
464	4	1826	29
465	4	2087	29
466	4	1200	29
467	4	1461	29
468	4	1826	29
469	4	1095	29
469	4	1982	28
471	4	2243	29
472	4	1878	29
473	4	1826	29
474	4	1356	29
481	4	1408	29
481	4	1669	28
486	4	2035	29
487	4	1200	29
489	4	1148	29
489	4	1669	28
490	4	1617	29
490	4	1930	28
490	4	2243	30
491	4	2087	29
492	4	1774	29
492	4	2139	28
495	4	1617	29
496	4	1565	29
496	4	2087	28
498	4	2139	29
500	4	1200	29
500	4	1565	28
501	4	2295	29
502	4	1878	29
503	4	1148	29
503	4	1513	28
503	4	1826	30
508	4	1252	29
508	4	1722	28
508	4	2035	30
512	4	1669	29
512	4	2087	28
513	4	1826	29
514	4	1774	29
515	4	1148	29
515	4	2087	28
516	4	2295	29
517	4	2139	29
518	4	1878	29
519	4	1461	29
520	4	2295	29
521	4	1200	29
522	4	1565	29
522	4	2139	28
523	4	1252	29
523	4	2191	28
524	4	469	29
525	4	1408	29
525	4	1722	28
527	4	1148	29
528	4	1148	29
529	4	1200	29
529	4	1513	28
529	4	1826	30
530	4	1982	29
531	4	1774	29
532	4	1930	29
534	4	1148	29
534	4	1930	28
537	4	1669	29
537	4	2243	28
538	4	1200	29
539	4	1148	29
541	4	2139	29
542	4	2087	29
543	4	1826	29
543	4	2295	28
544	4	1461	29
544	4	1774	28
544	4	2087	30
546	4	1878	29
547	4	1513	29
547	4	1878	28
547	4	2191	30
550	4	1200	29
550	4	1565	28
550	4	2035	30
551	4	1252	29
551	4	1617	28
553	4	1930	29
554	4	1095	29
554	4	2295	28
555	4	1200	29
555	4	1513	28
555	4	1774	30
556	4	1617	29
558	4	469	29
559	4	1826	29
562	4	1774	29
563	4	1513	29
564	4	469	29
565	4	1304	29
565	4	1669	28
565	4	1982	30
566	4	2191	29
568	4	1200	29
569	4	1826	29
571	4	1200	29
575	4	1148	29
575	4	1513	28
576	4	1982	29
577	4	1200	29
578	4	2295	29
581	4	1826	29
581	4	2191	28
582	4	2087	29
583	4	1148	29
583	4	1461	28
584	4	2191	29
585	4	1095	29
585	4	1461	28
585	4	1722	30
586	4	1565	29
587	4	1148	29
587	4	1617	28
588	4	1669	29
589	4	1513	29
590	4	1461	29
594	4	2191	29
595	4	1252	29
595	4	1669	28
595	4	2087	30
596	4	1669	29
598	4	1148	29
599	4	1148	29
599	4	2243	28
602	4	469	29
604	4	1826	29
604	4	2139	28
605	4	1982	29
606	4	1617	29
607	4	1252	29
607	4	2139	28
608	4	1513	29
611	4	2035	29
612	4	1878	29
614	4	1930	29
615	4	469	29
616	4	1878	29
621	4	1722	29
622	4	1148	29
625	4	1826	29
626	4	469	29
627	4	1617	29
628	4	1774	29
630	4	1982	29
631	4	1617	29
631	4	1982	28
631	4	2243	30
632	4	1095	29
632	4	2087	28
634	4	1930	29
639	4	1356	29
639	4	1722	28
645	4	1669	29
646	4	1304	29
648	4	1826	29
649	4	1565	29
652	4	1722	29
652	4	2243	28
653	4	1669	29
655	4	1826	29
656	4	1774	29
658	4	1408	29
658	4	1878	28
659	4	1878	29
661	4	1461	29
662	4	1669	29
664	4	1408	29
664	4	1878	28
664	4	2191	30
665	4	1252	29
666	4	1200	29
666	4	2243	28
668	4	2087	29
669	4	1930	29
669	4	2295	28
670	4	1930	29
672	4	2295	29
674	4	1669	29
675	4	1722	29
676	4	1252	29
676	4	1878	28
677	4	1617	29
678	4	1878	29
680	4	1722	29
682	4	2139	29
684	4	1722	29
688	4	2243	29
689	4	2035	29
691	4	1408	29
691	4	1826	28
691	4	2139	30
692	4	1461	29
692	4	1722	28
693	4	469	29
693	4	2191	28
694	4	1669	29
695	4	1148	29
695	4	2243	28
697	4	1513	29
697	4	2139	28
699	4	1774	29
701	4	1669	29
701	4	2139	28
703	4	1356	29
703	4	2243	28
705	4	2087	29
706	4	1200	29
707	4	2139	29
708	4	1826	29
709	4	1461	29
709	4	1982	28
710	4	1408	29
711	4	1878	29
711	4	2191	28
712	4	1930	29
714	4	1200	29
715	4	2035	29
716	4	1148	29
716	4	1722	28
717	4	1722	29
717	4	2035	28
718	4	1356	29
718	4	2139	28
721	4	1722	29
722	4	1148	29
722	4	1461	28
723	4	469	29
725	4	1513	29
726	4	1565	29
730	4	1878	29
731	4	1148	29
733	4	1461	29
734	4	1200	29
734	4	2191	28
737	4	1461	29
737	4	1930	28
737	4	2243	30
738	4	1461	29
738	4	1774	28
738	4	2087	30
739	4	1878	29
742	4	1148	29
742	4	1774	28
742	4	2087	30
743	4	1200	29
743	4	2295	28
744	4	1878	29
744	4	2295	28
746	4	469	29
752	4	1722	29
752	4	2139	28
753	4	1252	29
753	4	1826	28
753	4	2139	30
754	4	1252	29
755	4	1200	29
756	4	1304	29
756	4	1669	28
756	4	2243	30
757	4	469	29
758	4	1148	29
759	4	469	29
761	4	2139	29
762	4	1722	29
763	4	2035	29
765	4	1513	29
767	4	2035	29
774	4	1252	29
776	4	1148	29
776	4	1826	28
776	4	2191	30
778	4	2139	29
779	4	469	29
781	4	1565	29
781	4	2139	28
782	4	2295	29
784	4	1617	29
787	4	2295	29
788	4	1722	29
789	4	1826	29
789	4	2295	28
790	4	2139	29
793	4	1148	29
793	4	2139	28
794	4	1878	29
797	4	1878	29
798	4	2191	29
801	4	2243	29
802	4	1774	29
803	4	1565	29
803	4	2243	28
804	4	2139	29
807	4	1148	29
807	4	1461	28
810	4	1148	29
811	4	1148	29
812	4	1356	29
812	4	1878	28
812	4	2191	30
816	4	1982	29
818	4	1826	29
818	4	2295	28
821	4	2035	29
822	4	1148	29
822	4	2243	28
823	4	1148	29
823	4	1722	28
823	4	2035	30
824	4	1774	29
824	4	2295	28
825	4	1774	29
826	4	1826	29
828	4	2035	29
831	4	1408	29
831	4	1722	28
831	4	2035	30
832	4	1304	29
832	4	1669	28
832	4	1982	30
834	4	1356	29
834	4	1826	28
834	4	2139	30
835	4	2295	29
837	4	2295	29
838	4	1252	29
838	4	1982	28
838	4	2295	30
839	4	2191	29
840	4	469	29
840	4	1565	28
842	4	1826	29
842	4	2243	28
843	4	1200	29
843	4	1617	28
843	4	1930	30
847	4	1930	29
848	4	1095	29
850	4	1356	29
850	4	1617	28
854	4	1722	29
858	4	1669	29
863	4	1408	29
864	4	1200	29
864	4	1722	28
864	4	2087	30
865	4	1826	29
866	4	1200	29
868	4	1878	29
869	4	469	29
870	4	469	29
871	4	1930	29
873	4	1200	29
873	4	1669	28
875	4	469	29
877	4	1148	29
877	4	1513	28
878	4	2139	29
879	4	2295	29
880	4	1148	29
880	4	2191	28
884	4	2243	29
885	4	1252	29
885	4	1565	28
887	4	1982	29
890	4	2035	29
891	4	2035	29
895	4	2139	29
897	4	1461	29
898	4	1356	29
898	4	1669	28
899	4	1252	29
899	4	2035	28
900	4	2139	29
901	4	1148	29
902	4	1617	29
902	4	2243	28
903	4	469	29
903	4	2035	28
903	4	2295	30
908	4	1408	29
910	4	1982	29
913	4	2087	29
914	4	1669	29
916	4	1356	29
917	4	2243	29
918	4	1930	29
922	4	2191	29
924	4	1408	29
924	4	1669	28
926	4	1513	29
926	4	1982	28
926	4	2295	30
927	4	1774	29
929	4	1565	29
931	4	1252	29
931	4	1565	28
932	4	2087	29
933	4	1930	29
935	4	469	29
936	4	2295	29
938	4	469	29
940	4	1513	29
940	4	1982	28
940	4	2295	30
941	4	1200	29
941	4	1930	28
942	4	1252	29
942	4	1722	28
944	4	2087	29
946	4	469	29
947	4	1304	29
947	4	1617	28
947	4	2087	30
948	4	1252	29
949	4	1095	29
949	4	1513	28
950	4	1148	29
953	4	1252	29
954	4	1148	29
954	4	2191	28
960	4	1722	29
961	4	1722	29
963	4	2243	29
964	4	1356	29
964	4	1722	28
964	4	2191	30
965	4	1826	29
966	4	1930	29
966	4	2191	28
968	4	2139	29
969	4	1722	29
969	4	2243	28
971	4	1565	29
971	4	2191	28
972	4	1148	29
972	4	1565	28
972	4	2139	30
976	4	1513	29
976	4	1982	28
978	4	1461	29
979	4	469	29
981	4	1669	29
983	4	1200	29
984	4	1826	29
985	4	1826	29
985	4	2295	28
988	4	2243	29
989	4	1878	29
995	4	1148	29
998	4	1408	29
998	4	1722	28
998	4	2035	30
0	5	521	25
0	5	782	27
0	5	1095	29
0	5	2191	28
1	5	521	25
1	5	834	27
1	5	1148	29
2	5	521	25
3	5	1095	25
3	5	1565	27
3	5	1878	29
4	5	521	25
4	5	1095	27
4	5	1408	29
4	5	1669	28
4	5	1982	30
5	5	521	25
5	5	1982	27
5	5	2295	29
6	5	469	29
6	5	1930	25
6	5	2191	27
7	5	678	25
7	5	1461	27
7	5	1774	29
8	5	521	25
8	5	1200	27
8	5	1513	29
9	5	1930	25
10	5	521	25
10	5	834	27
10	5	1148	29
10	5	2243	28
11	5	2191	25
12	5	939	25
13	5	834	25
14	5	521	25
14	5	834	27
14	5	1148	29
15	5	521	25
15	5	1513	27
15	5	1826	29
16	5	521	25
16	5	1095	27
16	5	1408	29
17	5	521	25
17	5	834	27
17	5	1148	29
17	5	2191	28
18	5	469	29
18	5	1982	25
18	5	2243	27
19	5	1669	25
20	5	521	25
20	5	1304	27
20	5	1617	29
20	5	2087	28
21	5	521	25
21	5	782	27
21	5	1095	29
22	5	678	25
22	5	2035	27
23	5	521	25
23	5	939	27
23	5	1252	29
24	5	521	25
24	5	939	27
24	5	1252	29
24	5	2191	28
25	5	1408	25
26	5	521	25
26	5	1461	27
26	5	1774	29
27	5	521	25
27	5	991	27
27	5	1304	29
28	5	521	25
28	5	1252	27
28	5	1565	29
29	5	574	25
29	5	1982	27
29	5	2295	29
30	5	1200	25
30	5	1669	27
30	5	1982	29
31	5	521	25
31	5	1930	27
31	5	2243	29
32	5	1043	25
32	5	1513	27
32	5	1826	29
33	5	521	25
33	5	1878	27
33	5	2191	29
34	5	521	25
34	5	1408	27
34	5	1722	29
34	5	2243	28
35	5	521	25
35	5	939	27
35	5	1252	29
35	5	2139	28
36	5	521	25
36	5	1252	27
36	5	1565	29
37	5	521	25
37	5	2087	27
38	5	521	25
39	5	521	25
39	5	1408	27
39	5	1722	29
40	5	521	25
40	5	834	27
40	5	1148	29
40	5	1774	28
40	5	2087	30
41	5	521	25
41	5	1408	27
41	5	1722	29
41	5	2087	28
42	5	521	25
42	5	1304	27
42	5	1617	29
43	5	469	29
43	5	1617	25
43	5	2035	27
44	5	1356	25
45	5	521	25
45	5	1304	27
45	5	1617	29
46	5	521	25
46	5	1826	27
46	5	2139	29
47	5	1043	25
47	5	1669	27
48	5	1982	25
49	5	521	25
49	5	1148	27
49	5	1461	29
49	5	2139	28
50	5	1356	25
51	5	1513	25
51	5	2191	27
52	5	730	25
53	5	521	25
53	5	1043	27
53	5	1356	29
53	5	1774	28
53	5	2087	30
55	5	521	25
56	5	1043	25
57	5	521	25
57	5	834	27
57	5	1148	29
57	5	1565	28
58	5	521	25
58	5	1148	27
58	5	1461	29
59	5	521	25
59	5	887	27
59	5	1200	29
59	5	2087	28
60	5	939	25
61	5	521	25
61	5	2295	27
62	5	521	25
62	5	1148	27
62	5	1461	29
62	5	1982	28
63	5	521	25
63	5	1304	27
63	5	1617	29
64	5	1826	25
65	5	521	25
65	5	1617	27
65	5	1930	29
66	5	1200	25
66	5	1722	27
66	5	2035	29
67	5	521	25
67	5	1304	27
67	5	1617	29
68	5	1252	25
69	5	678	25
69	5	1408	27
69	5	1722	29
70	5	521	25
71	5	1043	25
71	5	1565	27
71	5	1878	29
73	5	1461	25
74	5	626	25
74	5	2139	27
75	5	521	25
75	5	1356	27
75	5	1669	29
76	5	1252	25
77	5	1252	25
78	5	1200	25
79	5	574	25
79	5	1722	27
79	5	2035	29
80	5	521	25
80	5	1669	27
80	5	1982	29
81	5	521	25
81	5	1982	27
81	5	2295	29
82	5	521	25
82	5	1930	27
82	5	2243	29
83	5	887	25
83	5	2243	27
84	5	521	25
84	5	1930	27
84	5	2243	29
85	5	1461	25
86	5	834	25
86	5	2139	27
87	5	469	29
87	5	1252	25
87	5	1565	27
87	5	1826	28
87	5	2191	30
88	5	521	25
88	5	1304	27
88	5	1617	29
89	5	626	25
89	5	1461	27
89	5	1774	29
90	5	1200	25
91	5	521	25
92	5	521	25
92	5	887	27
92	5	1200	29
92	5	2295	28
93	5	1148	25
94	5	1669	25
95	5	678	25
95	5	2035	27
96	5	730	25
96	5	1617	27
96	5	1930	29
97	5	1095	25
98	5	1408	25
98	5	2191	27
99	5	834	25
99	5	1930	27
99	5	2243	29
100	5	1148	25
101	5	521	25
102	5	521	25
102	5	1617	27
102	5	1930	29
103	5	678	25
104	5	521	25
104	5	1200	27
104	5	1513	29
105	5	2035	25
106	5	521	25
106	5	1200	27
106	5	1513	29
106	5	1826	28
106	5	2139	30
107	5	521	25
107	5	887	27
107	5	1200	29
107	5	1982	28
107	5	2295	30
108	5	521	25
108	5	1461	27
108	5	1774	29
109	5	1148	25
109	5	2191	27
110	5	521	25
110	5	991	27
110	5	1304	29
111	5	521	25
111	5	1982	27
111	5	2295	29
112	5	521	25
112	5	2243	27
113	5	521	25
113	5	834	27
113	5	1148	29
114	5	521	25
114	5	2087	27
115	5	1252	25
116	5	1252	25
116	5	1982	27
116	5	2295	29
117	5	1252	25
117	5	2035	27
118	5	1095	25
118	5	1669	27
118	5	1982	29
119	5	1148	25
119	5	1774	27
119	5	2087	29
120	5	574	25
120	5	2139	27
121	5	1095	25
122	5	521	25
122	5	939	27
122	5	1252	29
122	5	1982	28
123	5	1826	25
124	5	521	25
124	5	887	27
124	5	1200	29
125	5	521	25
125	5	1095	27
125	5	1408	29
126	5	521	25
126	5	887	27
126	5	1200	29
127	5	521	25
127	5	939	27
127	5	1252	29
128	5	521	25
128	5	834	27
128	5	1148	29
129	5	991	25
130	5	469	29
131	5	521	25
131	5	1200	27
131	5	1513	29
131	5	1826	28
131	5	2139	30
132	5	521	25
132	5	887	27
132	5	1930	29
133	5	521	25
133	5	1461	27
133	5	1774	29
134	5	626	25
134	5	1774	27
134	5	2087	29
135	5	521	25
135	5	1148	27
135	5	1461	29
136	5	521	25
136	5	782	27
136	5	1095	29
136	5	1461	28
136	5	1722	30
137	5	521	25
137	5	1408	27
137	5	1722	29
138	5	521	25
138	5	782	27
138	5	1095	29
138	5	1826	28
138	5	2139	30
139	5	521	25
139	5	991	27
139	5	1304	29
139	5	1565	28
139	5	1826	30
140	5	1669	25
141	5	521	25
141	5	939	27
141	5	1252	29
141	5	1565	28
142	5	626	25
142	5	2035	27
143	5	1148	25
143	5	1826	27
143	5	2139	29
145	5	1095	25
145	5	1565	27
145	5	1878	29
146	5	521	25
146	5	1304	27
146	5	1617	29
146	5	2243	28
147	5	521	25
147	5	1356	27
147	5	1669	29
148	5	1200	25
149	5	521	25
149	5	887	27
149	5	1200	29
149	5	1878	28
150	5	521	25
150	5	1304	27
150	5	1617	29
150	5	2139	28
151	5	469	29
151	5	2191	25
152	5	521	25
152	5	1200	27
152	5	1513	29
152	5	1982	28
153	5	521	25
153	5	2191	27
154	5	521	25
154	5	1043	27
154	5	1356	29
154	5	1722	28
155	5	521	25
155	5	887	27
155	5	1200	29
155	5	1982	28
155	5	2295	30
156	5	521	25
156	5	887	27
156	5	1200	29
156	5	2191	28
158	5	521	25
158	5	1200	27
158	5	1513	29
159	5	521	25
159	5	782	27
159	5	1095	29
159	5	1878	28
159	5	2243	30
160	5	521	25
160	5	1356	27
160	5	1669	29
161	5	1408	25
162	5	887	25
162	5	1408	27
162	5	1722	29
163	5	887	25
164	5	521	25
164	5	1878	27
164	5	2191	29
165	5	521	25
165	5	1095	27
165	5	1408	29
165	5	1722	28
166	5	1617	25
167	5	1043	25
167	5	2035	27
169	5	521	25
169	5	887	27
169	5	1982	29
170	5	521	25
170	5	887	27
170	5	1200	29
170	5	1722	28
171	5	678	25
171	5	2295	27
172	5	991	25
172	5	1461	27
172	5	1774	29
173	5	1148	25
173	5	2139	27
174	5	626	25
174	5	1513	27
174	5	1826	29
175	5	521	25
175	5	1252	27
175	5	1565	29
175	5	2035	28
176	5	521	25
176	5	1878	27
176	5	2191	29
177	5	1461	25
178	5	1930	25
179	5	521	25
179	5	1200	27
179	5	1513	29
180	5	991	25
181	5	521	25
181	5	834	27
181	5	1148	29
182	5	521	25
183	5	521	25
183	5	1095	27
183	5	1408	29
183	5	2087	28
184	5	834	25
185	5	521	25
185	5	1148	27
185	5	1461	29
186	5	2035	25
187	5	521	25
187	5	1408	27
187	5	1722	29
188	5	887	25
188	5	2139	27
189	5	521	25
189	5	1304	27
189	5	1617	29
189	5	1982	28
189	5	2295	30
190	5	991	25
190	5	2191	27
191	5	521	25
191	5	939	27
192	5	521	25
192	5	1252	27
192	5	1565	29
193	5	521	25
193	5	1461	27
193	5	1774	29
193	5	2139	28
194	5	521	25
196	5	521	25
196	5	834	27
196	5	1148	29
196	5	1461	28
196	5	1722	30
198	5	521	25
198	5	1252	27
198	5	1565	29
198	5	2295	28
199	5	521	25
199	5	939	27
199	5	1252	29
199	5	1982	28
200	5	1095	25
200	5	1565	27
200	5	1878	29
201	5	1617	25
202	5	782	25
202	5	1513	27
202	5	1826	29
203	5	469	29
203	5	1774	25
204	5	521	25
204	5	1252	27
204	5	1565	29
205	5	1148	25
205	5	1826	27
205	5	2139	29
206	5	521	25
206	5	782	27
206	5	1095	29
206	5	1408	28
206	5	1669	30
207	5	521	25
207	5	939	27
207	5	1252	29
207	5	2035	28
208	5	521	25
208	5	1200	27
208	5	1513	29
209	5	2035	25
210	5	469	29
211	5	1304	25
212	5	574	25
212	5	1722	27
212	5	2035	29
213	5	1356	25
214	5	574	25
215	5	1148	25
215	5	1617	27
215	5	1930	29
216	5	782	25
217	5	1095	25
217	5	1565	27
217	5	1878	29
218	5	521	25
218	5	1356	27
218	5	1669	29
219	5	469	29
220	5	1252	25
221	5	521	25
221	5	1461	27
221	5	1774	29
222	5	1826	25
223	5	574	25
224	5	574	25
224	5	1669	27
224	5	1982	29
225	5	521	25
225	5	887	27
225	5	1200	29
225	5	1669	28
225	5	2087	30
226	5	521	25
226	5	1095	27
226	5	1408	29
227	5	521	25
227	5	2035	27
228	5	521	25
228	5	939	27
228	5	1252	29
229	5	521	25
229	5	1356	27
229	5	1669	29
230	5	521	25
230	5	834	27
230	5	1148	29
231	5	521	25
231	5	782	27
231	5	1095	29
232	5	521	25
232	5	939	27
232	5	1252	29
232	5	2295	28
233	5	1200	25
233	5	1722	27
233	5	2035	29
235	5	1304	25
235	5	2191	27
236	5	730	25
236	5	2087	27
237	5	626	25
238	5	887	25
239	5	1095	25
240	5	521	25
240	5	939	27
240	5	1252	29
240	5	1878	28
240	5	2191	30
241	5	521	25
241	5	1252	27
241	5	1565	29
242	5	521	25
242	5	1252	27
242	5	1565	29
242	5	2139	28
243	5	521	25
243	5	782	27
243	5	1095	29
243	5	1774	28
243	5	2139	30
244	5	469	29
244	5	1826	25
244	5	2243	27
245	5	1043	25
245	5	1826	27
245	5	2139	29
246	5	1930	25
248	5	521	25
248	5	834	27
248	5	1148	29
249	5	521	25
249	5	834	27
249	5	1148	29
250	5	521	25
250	5	887	27
250	5	1200	29
250	5	1774	28
250	5	2139	30
251	5	521	25
251	5	1513	27
251	5	1826	29
252	5	1200	25
253	5	574	25
253	5	1982	27
253	5	2295	29
255	5	730	25
256	5	521	25
256	5	1461	27
256	5	1774	29
257	5	1043	25
257	5	1669	27
257	5	1982	29
258	5	521	25
258	5	834	27
258	5	1148	29
258	5	2243	28
259	5	521	25
259	5	887	27
259	5	1200	29
260	5	521	25
260	5	1774	27
260	5	2087	29
262	5	678	25
262	5	1356	27
262	5	1669	29
263	5	574	25
264	5	521	25
264	5	1774	27
264	5	2087	29
265	5	521	25
265	5	2087	27
266	5	521	25
266	5	1461	27
266	5	1774	29
267	5	521	25
267	5	887	27
267	5	1878	29
268	5	782	25
268	5	1408	27
268	5	1722	29
269	5	521	25
269	5	1095	27
269	5	1408	29
270	5	521	25
270	5	2191	27
271	5	521	25
271	5	1252	27
271	5	1565	29
271	5	1982	28
271	5	2295	30
272	5	521	25
272	5	939	27
272	5	1252	29
272	5	1565	28
272	5	1878	30
273	5	2087	25
274	5	1043	25
275	5	1356	25
276	5	2035	25
277	5	521	25
277	5	2139	27
278	5	1252	25
279	5	1095	25
280	5	521	25
280	5	1930	27
280	5	2243	29
282	5	1304	25
283	5	1095	25
283	5	1617	27
283	5	1930	29
284	5	521	25
284	5	834	27
284	5	1148	29
284	5	1513	28
284	5	2139	30
285	5	1043	25
285	5	1513	27
285	5	1826	29
286	5	521	25
286	5	939	27
286	5	1252	29
286	5	1878	28
286	5	2139	30
287	5	1095	25
288	5	521	25
288	5	1722	27
288	5	2035	29
289	5	469	29
291	5	521	25
292	5	1252	25
292	5	2087	27
293	5	521	25
293	5	782	27
293	5	1095	29
293	5	1669	28
293	5	2139	30
294	5	521	25
294	5	2139	27
295	5	939	25
295	5	1878	27
295	5	2191	29
296	5	521	25
296	5	991	27
296	5	1304	29
297	5	1148	25
298	5	574	25
298	5	1513	27
298	5	1826	29
299	5	521	25
299	5	887	27
300	5	469	29
301	5	521	25
301	5	834	27
301	5	1148	29
302	5	521	25
302	5	1304	27
302	5	1617	29
302	5	2087	28
303	5	521	25
303	5	834	27
303	5	1148	29
303	5	1565	28
303	5	2139	30
304	5	521	25
304	5	887	27
304	5	1200	29
306	5	521	25
306	5	834	27
306	5	1148	29
307	5	521	25
307	5	2295	27
308	5	521	25
309	5	521	25
309	5	834	27
309	5	1148	29
309	5	1565	28
309	5	1930	30
310	5	521	25
310	5	1095	27
310	5	1408	29
310	5	1774	28
310	5	2087	30
311	5	626	25
312	5	834	25
312	5	1930	27
312	5	2243	29
313	5	521	25
314	5	1148	25
315	5	521	25
315	5	1304	27
315	5	1617	29
315	5	2139	28
316	5	1930	25
317	5	1148	25
317	5	1669	27
317	5	1982	29
318	5	1252	25
319	5	1617	25
320	5	1148	25
320	5	1722	27
321	5	521	25
321	5	887	27
322	5	521	25
322	5	1826	27
322	5	2139	29
323	5	1669	25
324	5	1200	25
324	5	2243	27
325	5	1148	25
325	5	2087	27
326	5	521	25
326	5	887	27
326	5	1200	29
326	5	2243	28
327	5	1043	25
327	5	1461	27
327	5	1774	29
328	5	626	25
328	5	2139	27
329	5	1252	25
330	5	521	25
330	5	1304	27
330	5	1617	29
331	5	521	25
331	5	939	27
331	5	1826	29
332	5	521	25
332	5	1200	27
332	5	1513	29
333	5	521	25
333	5	834	27
333	5	1148	29
333	5	2139	28
334	5	1148	25
335	5	521	25
335	5	782	27
335	5	1095	29
336	5	521	25
336	5	1408	27
336	5	1722	29
337	5	626	25
337	5	2139	27
338	5	782	25
339	5	521	25
339	5	1826	27
339	5	2139	29
340	5	1095	25
340	5	1513	27
340	5	1826	29
341	5	1095	25
341	5	1565	27
341	5	1878	29
342	5	521	25
342	5	939	27
342	5	1252	29
342	5	1617	28
343	5	521	25
343	5	782	27
343	5	1095	29
343	5	2191	28
344	5	1878	25
345	5	521	25
345	5	1200	27
345	5	1513	29
345	5	2139	28
346	5	469	29
346	5	1356	25
346	5	1617	27
346	5	1878	28
346	5	2139	30
347	5	521	25
347	5	1565	27
347	5	1878	29
348	5	521	25
348	5	1252	27
348	5	1565	29
349	5	521	25
349	5	991	27
349	5	1304	29
349	5	1617	28
350	5	1930	25
351	5	521	25
352	5	521	25
352	5	1304	27
352	5	1617	29
353	5	521	25
353	5	1513	27
353	5	1826	29
354	5	521	25
354	5	834	27
354	5	1148	29
354	5	1513	28
355	5	521	25
356	5	626	25
356	5	1669	27
356	5	1982	29
357	5	521	25
357	5	1669	27
357	5	1982	29
358	5	834	25
358	5	1565	27
358	5	1878	29
360	5	521	25
360	5	2087	27
361	5	521	25
361	5	1461	27
361	5	1774	29
362	5	991	25
364	5	521	25
364	5	939	27
364	5	1930	29
365	5	1408	25
366	5	521	25
366	5	1408	27
366	5	1722	29
367	5	521	25
367	5	1878	27
367	5	2191	29
368	5	521	25
368	5	782	27
368	5	1095	29
368	5	1617	28
368	5	2035	30
369	5	521	25
369	5	1095	27
369	5	1408	29
370	5	626	25
371	5	521	25
371	5	1565	27
371	5	1878	29
372	5	626	25
372	5	1565	27
372	5	1878	29
373	5	730	25
374	5	1252	25
374	5	2035	27
375	5	1148	25
376	5	521	25
376	5	1982	27
376	5	2295	29
377	5	1148	25
377	5	1774	27
377	5	2087	29
378	5	939	25
378	5	1669	27
378	5	1982	29
379	5	521	25
379	5	1356	27
379	5	1669	29
380	5	521	25
381	5	521	25
381	5	1930	27
381	5	2243	29
382	5	521	25
382	5	1878	27
382	5	2191	29
383	5	1200	25
384	5	521	25
384	5	1408	27
384	5	1722	29
385	5	521	25
386	5	469	29
387	5	521	25
387	5	1148	27
387	5	1461	29
387	5	2243	28
388	5	1930	25
389	5	521	25
389	5	939	27
389	5	1461	29
390	5	521	25
390	5	782	27
390	5	1095	29
390	5	2243	28
391	5	521	25
391	5	1148	27
391	5	1461	29
391	5	2035	28
392	5	730	25
392	5	2035	27
393	5	521	25
393	5	782	27
393	5	1095	29
394	5	521	25
394	5	2035	27
395	5	521	25
396	5	521	25
396	5	834	27
396	5	1148	29
396	5	1461	28
396	5	1722	30
397	5	1148	25
397	5	1565	27
397	5	1878	29
398	5	521	25
399	5	521	25
399	5	834	27
399	5	1148	29
400	5	521	25
400	5	1722	27
400	5	2035	29
401	5	1982	25
402	5	521	25
402	5	1304	27
402	5	1617	29
403	5	1930	25
404	5	574	25
404	5	1878	27
404	5	2191	29
405	5	991	25
405	5	2035	27
406	5	521	25
406	5	1200	27
406	5	1513	29
407	5	1043	25
407	5	1513	27
407	5	1826	29
409	5	887	25
410	5	730	25
410	5	1982	27
410	5	2295	29
411	5	521	25
411	5	887	27
411	5	1200	29
411	5	1617	28
412	5	521	25
412	5	887	27
412	5	1200	29
412	5	1513	28
412	5	1826	30
413	5	521	25
413	5	834	27
413	5	1148	29
413	5	1461	28
413	5	2295	30
414	5	521	25
414	5	1252	27
414	5	1565	29
414	5	1982	28
414	5	2295	30
415	5	521	25
415	5	1252	27
415	5	1565	29
416	5	1200	25
416	5	2191	27
417	5	521	25
417	5	1669	27
417	5	1982	29
417	5	2295	28
418	5	521	25
418	5	1148	27
418	5	1461	29
418	5	1722	28
419	5	469	29
419	5	1408	25
419	5	1722	27
420	5	626	25
420	5	1565	27
420	5	1878	29
421	5	1878	25
422	5	678	25
423	5	782	25
423	5	1408	27
423	5	1722	29
424	5	521	25
424	5	991	27
424	5	1304	29
424	5	1669	28
424	5	1930	30
425	5	521	25
425	5	1878	27
425	5	2191	29
426	5	939	25
426	5	1461	27
426	5	1774	29
426	5	2139	28
427	5	1930	25
428	5	521	25
428	5	939	27
429	5	469	29
429	5	1617	25
430	5	521	25
430	5	1408	27
430	5	1722	29
431	5	521	25
431	5	834	27
431	5	1148	29
432	5	521	25
432	5	1095	27
432	5	1408	29
432	5	1722	28
433	5	521	25
433	5	1461	27
433	5	1774	29
434	5	521	25
434	5	991	27
434	5	1304	29
434	5	1722	28
434	5	1982	30
435	5	521	25
435	5	887	27
435	5	1200	29
436	5	521	25
436	5	887	27
436	5	1200	29
436	5	1669	28
437	5	521	25
437	5	939	27
437	5	1826	29
438	5	521	25
438	5	1252	27
438	5	1565	29
439	5	730	25
439	5	2295	27
440	5	521	25
440	5	1930	27
440	5	2243	29
441	5	1513	25
442	5	521	25
442	5	1722	27
442	5	2035	29
443	5	521	25
444	5	1356	25
445	5	521	25
445	5	887	27
445	5	1200	29
445	5	2139	28
446	5	521	25
446	5	1982	27
446	5	2295	29
447	5	1356	25
447	5	2295	27
448	5	782	25
449	5	1930	25
450	5	2035	25
451	5	574	25
451	5	1252	27
451	5	1565	29
451	5	1930	28
451	5	2243	30
452	5	521	25
452	5	1982	27
452	5	2295	29
453	5	521	25
453	5	887	27
453	5	1200	29
453	5	1565	28
454	5	1200	25
455	5	1043	25
455	5	1565	27
455	5	1878	29
455	5	2243	28
456	5	1200	25
456	5	1722	27
456	5	2035	29
457	5	521	25
457	5	1669	27
458	5	1565	25
459	5	469	29
460	5	521	25
460	5	1878	27
460	5	2191	29
461	5	521	25
461	5	939	27
461	5	1252	29
462	5	521	25
462	5	1774	27
462	5	2087	29
463	5	521	25
463	5	1095	27
463	5	1408	29
463	5	1722	28
464	5	730	25
464	5	1513	27
464	5	1826	29
465	5	521	25
465	5	1774	27
465	5	2087	29
466	5	521	25
466	5	887	27
466	5	1200	29
467	5	521	25
467	5	939	27
467	5	1461	29
468	5	521	25
468	5	887	27
468	5	1826	29
469	5	521	25
469	5	782	27
469	5	1095	29
469	5	1982	28
470	5	1304	25
471	5	991	25
471	5	1930	27
471	5	2243	29
472	5	521	25
472	5	1565	27
472	5	1878	29
473	5	521	25
473	5	1513	27
473	5	1826	29
474	5	521	25
474	5	1043	27
474	5	1356	29
475	5	678	25
475	5	2035	27
476	5	1200	25
477	5	782	25
478	5	521	25
480	5	521	25
481	5	521	25
481	5	1095	27
481	5	1408	29
481	5	1669	28
482	5	521	25
482	5	2035	27
483	5	1408	25
484	5	1930	25
485	5	1043	25
485	5	2087	27
486	5	1148	25
486	5	1722	27
486	5	2035	29
487	5	521	25
487	5	887	27
487	5	1200	29
488	5	1148	25
489	5	521	25
489	5	834	27
489	5	1148	29
489	5	1669	28
490	5	574	25
490	5	1304	27
490	5	1617	29
490	5	1930	28
490	5	2243	30
491	5	521	25
491	5	1774	27
491	5	2087	29
492	5	730	25
492	5	1461	27
492	5	1774	29
492	5	2139	28
493	5	574	25
494	5	521	25
495	5	626	25
495	5	1304	27
495	5	1617	29
496	5	521	25
496	5	1252	27
496	5	1565	29
496	5	2087	28
497	5	521	25
497	5	939	27
498	5	521	25
498	5	1826	27
498	5	2139	29
499	5	521	25
500	5	521	25
500	5	887	27
500	5	1200	29
500	5	1565	28
501	5	1148	25
501	5	1982	27
501	5	2295	29
502	5	521	25
502	5	1565	27
502	5	1878	29
503	5	521	25
503	5	834	27
503	5	1148	29
503	5	1513	28
503	5	1826	30
505	5	1148	25
505	5	2035	27
506	5	887	25
507	5	1461	25
508	5	521	25
508	5	939	27
508	5	1252	29
508	5	1722	28
508	5	2035	30
510	5	1878	25
512	5	730	25
512	5	1356	27
512	5	1669	29
512	5	2087	28
513	5	782	25
513	5	1513	27
513	5	1826	29
514	5	521	25
514	5	1461	27
514	5	1774	29
515	5	521	25
515	5	834	27
515	5	1148	29
515	5	2087	28
516	5	1200	25
516	5	1982	27
516	5	2295	29
517	5	1148	25
517	5	1826	27
517	5	2139	29
518	5	730	25
518	5	1565	27
518	5	1878	29
519	5	521	25
519	5	1148	27
519	5	1461	29
520	5	521	25
520	5	1982	27
520	5	2295	29
521	5	521	25
521	5	887	27
521	5	1200	29
522	5	521	25
522	5	1252	27
522	5	1565	29
522	5	2139	28
523	5	521	25
523	5	939	27
523	5	1252	29
523	5	2191	28
524	5	469	29
525	5	521	25
525	5	1095	27
525	5	1408	29
525	5	1722	28
526	5	1878	25
527	5	521	25
527	5	834	27
527	5	1148	29
528	5	521	25
528	5	834	27
528	5	1148	29
529	5	521	25
529	5	887	27
529	5	1200	29
529	5	1513	28
529	5	1826	30
530	5	1148	25
530	5	1669	27
530	5	1982	29
531	5	1043	25
531	5	1461	27
531	5	1774	29
532	5	678	25
532	5	1617	27
532	5	1930	29
533	5	1878	25
534	5	521	25
534	5	834	27
534	5	1148	29
534	5	1930	28
535	5	1408	25
536	5	1200	25
536	5	2087	27
537	5	521	25
537	5	1356	27
537	5	1669	29
537	5	2243	28
538	5	521	25
538	5	887	27
538	5	1200	29
539	5	521	25
539	5	834	27
539	5	1148	29
540	5	991	25
541	5	521	25
541	5	1826	27
541	5	2139	29
542	5	782	25
542	5	1722	27
542	5	2087	29
543	5	1043	25
543	5	1513	27
543	5	1826	29
543	5	2295	28
544	5	521	25
544	5	1148	27
544	5	1461	29
544	5	1774	28
544	5	2087	30
545	5	574	25
546	5	1148	25
546	5	1565	27
546	5	1878	29
547	5	521	25
547	5	1200	27
547	5	1513	29
547	5	1878	28
547	5	2191	30
548	5	1148	25
549	5	1148	25
549	5	1669	27
550	5	521	25
550	5	887	27
550	5	1200	29
550	5	1565	28
550	5	2035	30
551	5	521	25
551	5	939	27
551	5	1252	29
551	5	1617	28
552	5	1200	25
553	5	574	25
553	5	1617	27
553	5	1930	29
554	5	521	25
554	5	782	27
554	5	1095	29
554	5	2295	28
555	5	521	25
555	5	887	27
555	5	1200	29
555	5	1513	28
555	5	1774	30
556	5	574	25
556	5	1304	27
556	5	1617	29
557	5	1356	25
558	5	469	29
558	5	2243	25
559	5	834	25
559	5	1513	27
559	5	1826	29
560	5	1200	25
561	5	626	25
562	5	782	25
562	5	1461	27
562	5	1774	29
563	5	521	25
563	5	1200	27
563	5	1513	29
564	5	469	29
565	5	521	25
565	5	991	27
565	5	1304	29
565	5	1669	28
565	5	1982	30
566	5	521	25
566	5	1878	27
566	5	2191	29
567	5	521	25
568	5	521	25
568	5	887	27
568	5	1200	29
569	5	678	25
569	5	1513	27
569	5	1826	29
570	5	1200	25
570	5	1722	27
571	5	521	25
571	5	887	27
571	5	1200	29
572	5	1252	25
573	5	2243	25
574	5	521	25
575	5	521	25
575	5	834	27
575	5	1148	29
575	5	1513	28
576	5	1043	25
576	5	1669	27
576	5	1982	29
577	5	521	25
577	5	887	27
577	5	1200	29
578	5	834	25
578	5	1982	27
578	5	2295	29
579	5	574	25
580	5	1878	25
581	5	834	25
581	5	1513	27
581	5	1826	29
581	5	2191	28
582	5	521	25
582	5	1774	27
582	5	2087	29
583	5	521	25
583	5	834	27
583	5	1148	29
583	5	1461	28
584	5	521	25
584	5	1878	27
584	5	2191	29
585	5	521	25
585	5	782	27
585	5	1095	29
585	5	1461	28
585	5	1722	30
586	5	521	25
586	5	1252	27
586	5	1565	29
587	5	521	25
587	5	834	27
587	5	1148	29
587	5	1617	28
588	5	521	25
588	5	1356	27
588	5	1669	29
589	5	521	25
589	5	1200	27
589	5	1513	29
590	5	521	25
590	5	1148	27
590	5	1461	29
591	5	1252	25
591	5	2295	27
593	5	521	25
593	5	2295	27
594	5	521	25
594	5	1878	27
594	5	2191	29
595	5	521	25
595	5	939	27
595	5	1252	29
595	5	1669	28
595	5	2087	30
596	5	521	25
596	5	1356	27
596	5	1669	29
597	5	521	25
598	5	521	25
598	5	834	27
598	5	1148	29
599	5	521	25
599	5	834	27
599	5	1148	29
599	5	2243	28
600	5	1356	25
601	5	521	25
601	5	1669	27
602	5	469	29
603	5	574	25
604	5	574	25
604	5	1513	27
604	5	1826	29
604	5	2139	28
605	5	991	25
605	5	1669	27
605	5	1982	29
606	5	521	25
606	5	1304	27
606	5	1617	29
607	5	521	25
607	5	939	27
607	5	1252	29
607	5	2139	28
608	5	521	25
608	5	1200	27
608	5	1513	29
610	5	2035	25
611	5	521	25
611	5	1722	27
611	5	2035	29
612	5	1043	25
612	5	1565	27
612	5	1878	29
613	5	1148	25
614	5	1095	25
614	5	1617	27
614	5	1930	29
615	5	469	29
616	5	834	25
616	5	1565	27
616	5	1878	29
617	5	1878	25
618	5	1930	25
619	5	730	25
620	5	521	25
620	5	2035	27
621	5	730	25
621	5	1408	27
621	5	1722	29
622	5	521	25
622	5	834	27
622	5	1148	29
623	5	991	25
623	5	2191	27
624	5	521	25
625	5	1043	25
625	5	1513	27
625	5	1826	29
626	5	469	29
626	5	1565	25
627	5	521	25
627	5	1304	27
627	5	1617	29
628	5	521	25
628	5	1461	27
628	5	1774	29
629	5	678	25
629	5	2035	27
630	5	626	25
630	5	1669	27
630	5	1982	29
631	5	521	25
631	5	1304	27
631	5	1617	29
631	5	1982	28
631	5	2243	30
632	5	521	25
632	5	782	27
632	5	1095	29
632	5	2087	28
633	5	1304	25
634	5	1095	25
634	5	1617	27
634	5	1930	29
635	5	1252	25
636	5	2035	25
637	5	834	25
638	5	1826	25
639	5	521	25
639	5	1043	27
639	5	1356	29
639	5	1722	28
640	5	626	25
641	5	521	25
642	5	1095	25
642	5	1669	27
643	5	2087	25
644	5	521	25
644	5	2295	27
645	5	521	25
645	5	1356	27
645	5	1669	29
646	5	521	25
646	5	991	27
646	5	1304	29
647	5	1200	25
648	5	521	25
648	5	1513	27
648	5	1826	29
649	5	521	25
649	5	1252	27
649	5	1565	29
650	5	1252	25
650	5	2035	27
651	5	521	25
652	5	521	25
652	5	1408	27
652	5	1722	29
652	5	2243	28
653	5	521	25
653	5	1356	27
653	5	1669	29
654	5	678	25
654	5	2243	27
655	5	521	25
655	5	1513	27
655	5	1826	29
656	5	521	25
656	5	1461	27
656	5	1774	29
657	5	521	25
658	5	521	25
658	5	1095	27
658	5	1408	29
658	5	1878	28
659	5	1095	25
659	5	1565	27
659	5	1878	29
660	5	626	25
661	5	521	25
661	5	1148	27
661	5	1461	29
662	5	521	25
662	5	1356	27
662	5	1669	29
663	5	834	25
664	5	521	25
664	5	1095	27
664	5	1408	29
664	5	1878	28
664	5	2191	30
665	5	521	25
665	5	939	27
665	5	1252	29
666	5	521	25
666	5	887	27
666	5	1200	29
666	5	2243	28
667	5	521	25
668	5	782	25
668	5	1774	27
668	5	2087	29
669	5	574	25
669	5	1617	27
669	5	1930	29
669	5	2295	28
670	5	626	25
670	5	1617	27
670	5	1930	29
671	5	887	25
672	5	626	25
672	5	1982	27
672	5	2295	29
673	5	574	25
673	5	2035	27
674	5	521	25
674	5	1356	27
674	5	1669	29
675	5	887	25
675	5	1408	27
675	5	1722	29
676	5	521	25
676	5	939	27
676	5	1252	29
676	5	1878	28
677	5	626	25
677	5	1304	27
677	5	1617	29
678	5	521	25
678	5	1565	27
678	5	1878	29
679	5	1043	25
680	5	782	25
680	5	1408	27
680	5	1722	29
681	5	730	25
682	5	521	25
682	5	1826	27
682	5	2139	29
683	5	1095	25
684	5	887	25
684	5	1408	27
684	5	1722	29
685	5	521	25
685	5	2087	27
686	5	521	25
687	5	1252	25
688	5	1095	25
688	5	1930	27
688	5	2243	29
689	5	1095	25
689	5	1722	27
689	5	2035	29
690	5	521	25
691	5	521	25
691	5	1095	27
691	5	1408	29
691	5	1826	28
691	5	2139	30
692	5	521	25
692	5	1148	27
692	5	1461	29
692	5	1722	28
693	5	469	29
693	5	1565	25
693	5	1878	27
693	5	2191	28
694	5	521	25
694	5	1356	27
694	5	1669	29
695	5	521	25
695	5	834	27
695	5	1148	29
695	5	2243	28
696	5	678	25
697	5	521	25
697	5	1200	27
697	5	1513	29
697	5	2139	28
698	5	1304	25
698	5	2035	27
699	5	521	25
699	5	1461	27
699	5	1774	29
700	5	521	25
701	5	678	25
701	5	1356	27
701	5	1669	29
701	5	2139	28
702	5	521	25
703	5	521	25
703	5	1043	27
703	5	1356	29
703	5	2243	28
704	5	1878	25
705	5	730	25
705	5	1774	27
705	5	2087	29
706	5	521	25
706	5	887	27
706	5	1200	29
707	5	521	25
707	5	1826	27
707	5	2139	29
708	5	1043	25
708	5	1513	27
708	5	1826	29
709	5	521	25
709	5	1148	27
709	5	1461	29
709	5	1982	28
710	5	521	25
710	5	1095	27
710	5	1408	29
711	5	991	25
711	5	1565	27
711	5	1878	29
711	5	2191	28
712	5	626	25
712	5	1617	27
712	5	1930	29
713	5	1617	25
714	5	521	25
714	5	887	27
714	5	1200	29
715	5	574	25
715	5	1722	27
715	5	2035	29
716	5	521	25
716	5	834	27
716	5	1148	29
716	5	1722	28
717	5	939	25
717	5	1408	27
717	5	1722	29
717	5	2035	28
718	5	521	25
718	5	1043	27
718	5	1356	29
718	5	2139	28
719	5	678	25
720	5	1878	25
721	5	521	25
721	5	1408	27
721	5	1722	29
722	5	521	25
722	5	834	27
722	5	1148	29
722	5	1461	28
723	5	469	29
724	5	574	25
724	5	2295	27
725	5	521	25
725	5	1200	27
725	5	1513	29
726	5	521	25
726	5	1252	27
726	5	1565	29
727	5	1095	25
728	5	1722	25
728	5	2295	27
729	5	521	25
729	5	2035	27
730	5	521	25
730	5	1565	27
730	5	1878	29
731	5	521	25
731	5	834	27
731	5	1148	29
732	5	521	25
732	5	2035	27
733	5	521	25
733	5	1148	27
733	5	1461	29
734	5	521	25
734	5	887	27
734	5	1200	29
734	5	2191	28
735	5	1878	25
736	5	782	25
737	5	521	25
737	5	1148	27
737	5	1461	29
737	5	1930	28
737	5	2243	30
738	5	521	25
738	5	1148	27
738	5	1461	29
738	5	1774	28
738	5	2087	30
739	5	1043	25
739	5	1565	27
739	5	1878	29
741	5	521	25
742	5	521	25
742	5	834	27
742	5	1148	29
742	5	1774	28
742	5	2087	30
743	5	521	25
743	5	887	27
743	5	1200	29
743	5	2295	28
744	5	1095	25
744	5	1565	27
744	5	1878	29
744	5	2295	28
745	5	834	25
746	5	469	29
747	5	521	25
748	5	1930	25
749	5	1095	25
750	5	521	25
750	5	2035	27
751	5	939	25
752	5	678	25
752	5	1408	27
752	5	1722	29
752	5	2139	28
753	5	521	25
753	5	939	27
753	5	1252	29
753	5	1826	28
753	5	2139	30
754	5	521	25
754	5	939	27
754	5	1252	29
755	5	521	25
755	5	887	27
755	5	1200	29
756	5	521	25
756	5	991	27
756	5	1304	29
756	5	1669	28
756	5	2243	30
757	5	469	29
758	5	521	25
758	5	834	27
758	5	1148	29
759	5	469	29
760	5	521	25
761	5	521	25
761	5	1826	27
761	5	2139	29
762	5	521	25
762	5	1408	27
762	5	1722	29
763	5	1095	25
763	5	1722	27
763	5	2035	29
764	5	521	25
765	5	521	25
765	5	939	27
765	5	1513	29
766	5	521	25
767	5	1043	25
767	5	1722	27
767	5	2035	29
768	5	1252	25
769	5	626	25
770	5	1878	25
771	5	1043	25
771	5	1669	27
772	5	626	25
772	5	2243	27
773	5	1252	25
774	5	521	25
774	5	939	27
774	5	1252	29
775	5	991	25
776	5	521	25
776	5	834	27
776	5	1148	29
776	5	1826	28
776	5	2191	30
777	5	1930	25
778	5	521	25
778	5	1826	27
778	5	2139	29
779	5	469	29
780	5	521	25
780	5	2139	27
781	5	521	25
781	5	1252	27
781	5	1565	29
781	5	2139	28
782	5	521	25
782	5	1982	27
782	5	2295	29
783	5	1200	25
784	5	521	25
784	5	939	27
784	5	1617	29
785	5	521	25
785	5	2087	27
786	5	574	25
787	5	1200	25
787	5	1982	27
787	5	2295	29
788	5	521	25
788	5	1408	27
788	5	1722	29
789	5	1043	25
789	5	1513	27
789	5	1826	29
789	5	2295	28
790	5	574	25
790	5	1826	27
790	5	2139	29
791	5	1200	25
791	5	2295	27
792	5	521	25
793	5	521	25
793	5	834	27
793	5	1148	29
793	5	2139	28
794	5	521	25
794	5	887	27
794	5	1878	29
795	5	1408	25
795	5	2191	27
796	5	1200	25
797	5	521	25
797	5	939	27
797	5	1878	29
798	5	782	25
798	5	1878	27
798	5	2191	29
799	5	2191	25
800	5	1148	25
801	5	1200	25
801	5	1930	27
801	5	2243	29
802	5	521	25
802	5	1461	27
802	5	1774	29
803	5	521	25
803	5	1252	27
803	5	1565	29
803	5	2243	28
804	5	521	25
804	5	1826	27
804	5	2139	29
805	5	2139	25
806	5	1200	25
807	5	521	25
807	5	834	27
807	5	1148	29
807	5	1461	28
808	5	1930	25
809	5	1513	25
809	5	2295	27
810	5	521	25
810	5	834	27
810	5	1148	29
811	5	521	25
811	5	834	27
811	5	1148	29
812	5	521	25
812	5	1043	27
812	5	1356	29
812	5	1878	28
812	5	2191	30
813	5	521	25
814	5	521	25
815	5	521	25
815	5	939	27
816	5	1043	25
816	5	1669	27
816	5	1982	29
817	5	1982	25
818	5	521	25
818	5	1513	27
818	5	1826	29
818	5	2295	28
819	5	1252	25
819	5	2295	27
820	5	521	25
820	5	2243	27
821	5	1095	25
821	5	1722	27
821	5	2035	29
822	5	521	25
822	5	834	27
822	5	1148	29
822	5	2243	28
823	5	521	25
823	5	834	27
823	5	1148	29
823	5	1722	28
823	5	2035	30
824	5	991	25
824	5	1461	27
824	5	1774	29
824	5	2295	28
825	5	782	25
825	5	1461	27
825	5	1774	29
826	5	678	25
826	5	1513	27
826	5	1826	29
827	5	626	25
828	5	1148	25
828	5	1722	27
828	5	2035	29
829	5	1930	25
830	5	939	25
831	5	521	25
831	5	1095	27
831	5	1408	29
831	5	1722	28
831	5	2035	30
832	5	521	25
832	5	991	27
832	5	1304	29
832	5	1669	28
832	5	1982	30
833	5	1095	25
834	5	521	25
834	5	1043	27
834	5	1356	29
834	5	1826	28
834	5	2139	30
835	5	521	25
835	5	1982	27
835	5	2295	29
836	5	1982	25
837	5	1043	25
837	5	1982	27
837	5	2295	29
838	5	521	25
838	5	939	27
838	5	1252	29
838	5	1982	28
838	5	2295	30
839	5	1200	25
839	5	1878	27
839	5	2191	29
840	5	469	29
840	5	1043	25
840	5	1304	27
840	5	1565	28
841	5	521	25
842	5	574	25
842	5	1513	27
842	5	1826	29
842	5	2243	28
843	5	521	25
843	5	887	27
843	5	1200	29
843	5	1617	28
843	5	1930	30
844	5	1095	25
845	5	1148	25
846	5	1252	25
847	5	1095	25
847	5	1617	27
847	5	1930	29
848	5	521	25
848	5	782	27
848	5	1095	29
849	5	1878	25
850	5	521	25
850	5	1043	27
850	5	1356	29
850	5	1617	28
851	5	2035	25
852	5	678	25
853	5	1200	25
853	5	2087	27
854	5	1043	25
854	5	1408	27
854	5	1722	29
855	5	521	25
855	5	2295	27
856	5	521	25
857	5	1148	25
858	5	521	25
858	5	1356	27
858	5	1669	29
859	5	574	25
860	5	1356	25
861	5	521	25
862	5	1304	25
862	5	2191	27
863	5	521	25
863	5	1095	27
863	5	1408	29
864	5	521	25
864	5	887	27
864	5	1200	29
864	5	1722	28
864	5	2087	30
865	5	521	25
865	5	1513	27
865	5	1826	29
866	5	521	25
866	5	887	27
866	5	1200	29
867	5	521	25
867	5	2243	27
868	5	521	25
868	5	1565	27
868	5	1878	29
869	5	469	29
869	5	1617	25
870	5	469	29
871	5	1095	25
871	5	1617	27
871	5	1930	29
873	5	521	25
873	5	887	27
873	5	1200	29
873	5	1669	28
875	5	469	29
876	5	521	25
877	5	521	25
877	5	834	27
877	5	1148	29
877	5	1513	28
878	5	1095	25
878	5	1826	27
878	5	2139	29
879	5	521	25
879	5	1982	27
879	5	2295	29
880	5	521	25
880	5	834	27
880	5	1148	29
880	5	2191	28
881	5	730	25
882	5	1148	25
882	5	1669	27
883	5	1461	25
884	5	521	25
884	5	1930	27
884	5	2243	29
885	5	521	25
885	5	939	27
885	5	1252	29
885	5	1565	28
886	5	626	25
886	5	2035	27
887	5	521	25
887	5	1669	27
887	5	1982	29
888	5	782	25
889	5	1200	25
889	5	2191	27
890	5	1148	25
890	5	1722	27
890	5	2035	29
891	5	521	25
891	5	1722	27
891	5	2035	29
892	5	1304	25
892	5	2087	27
893	5	521	25
894	5	521	25
894	5	2087	27
895	5	521	25
895	5	1826	27
895	5	2139	29
896	5	521	25
897	5	521	25
897	5	1148	27
897	5	1461	29
898	5	521	25
898	5	1043	27
898	5	1356	29
898	5	1669	28
899	5	521	25
899	5	939	27
899	5	1252	29
899	5	2035	28
900	5	730	25
900	5	1826	27
900	5	2139	29
901	5	521	25
901	5	834	27
901	5	1148	29
902	5	626	25
902	5	1304	27
902	5	1617	29
902	5	2243	28
903	5	469	29
903	5	1461	25
903	5	1774	27
903	5	2035	28
903	5	2295	30
905	5	1043	25
905	5	2139	27
906	5	521	25
907	5	1878	25
908	5	521	25
908	5	1095	27
908	5	1408	29
909	5	1826	25
910	5	1043	25
910	5	1669	27
910	5	1982	29
911	5	730	25
912	5	521	25
913	5	1200	25
913	5	1774	27
913	5	2087	29
914	5	574	25
914	5	1356	27
914	5	1669	29
915	5	1148	25
916	5	521	25
916	5	1043	27
916	5	1356	29
917	5	521	25
917	5	1930	27
917	5	2243	29
918	5	1148	25
918	5	1617	27
918	5	1930	29
919	5	1148	25
919	5	2243	27
920	5	574	25
920	5	2139	27
921	5	521	25
922	5	521	25
922	5	1878	27
922	5	2191	29
923	5	1095	25
924	5	521	25
924	5	1095	27
924	5	1408	29
924	5	1669	28
925	5	521	25
926	5	521	25
926	5	1200	27
926	5	1513	29
926	5	1982	28
926	5	2295	30
927	5	678	25
927	5	1461	27
927	5	1774	29
929	5	521	25
929	5	1252	27
929	5	1565	29
930	5	939	25
931	5	521	25
931	5	939	27
931	5	1252	29
931	5	1565	28
932	5	991	25
932	5	1774	27
932	5	2087	29
933	5	1148	25
933	5	1617	27
933	5	1930	29
934	5	834	25
934	5	1669	27
935	5	469	29
936	5	521	25
936	5	1982	27
936	5	2295	29
937	5	626	25
937	5	2087	27
938	5	469	29
938	5	2191	25
939	5	1043	25
940	5	521	25
940	5	1200	27
940	5	1513	29
940	5	1982	28
940	5	2295	30
941	5	521	25
941	5	887	27
941	5	1200	29
941	5	1930	28
942	5	521	25
942	5	939	27
942	5	1252	29
942	5	1722	28
943	5	521	25
944	5	521	25
944	5	1774	27
944	5	2087	29
945	5	1252	25
946	5	469	29
946	5	2035	25
947	5	521	25
947	5	991	27
947	5	1304	29
947	5	1617	28
947	5	2087	30
948	5	521	25
948	5	939	27
948	5	1252	29
949	5	521	25
949	5	782	27
949	5	1095	29
949	5	1513	28
950	5	521	25
950	5	834	27
950	5	1148	29
951	5	1982	25
952	5	1669	25
953	5	521	25
953	5	939	27
953	5	1252	29
954	5	521	25
954	5	834	27
954	5	1148	29
954	5	2191	28
956	5	521	25
957	5	1252	25
958	5	834	25
959	5	2139	25
960	5	521	25
960	5	1408	27
960	5	1722	29
961	5	521	25
961	5	1408	27
961	5	1722	29
962	5	1930	25
963	5	521	25
963	5	1930	27
963	5	2243	29
964	5	521	25
964	5	1043	27
964	5	1356	29
964	5	1722	28
964	5	2191	30
965	5	626	25
965	5	1513	27
965	5	1826	29
966	5	521	25
966	5	1617	27
966	5	1930	29
966	5	2191	28
967	5	1148	25
968	5	521	25
968	5	1826	27
968	5	2139	29
969	5	521	25
969	5	1408	27
969	5	1722	29
969	5	2243	28
971	5	521	25
971	5	1252	27
971	5	1565	29
971	5	2191	28
972	5	521	25
972	5	834	27
972	5	1148	29
972	5	1565	28
972	5	2139	30
973	5	521	25
974	5	521	25
975	5	1148	25
976	5	521	25
976	5	1200	27
976	5	1513	29
976	5	1982	28
977	5	1565	25
978	5	521	25
978	5	1148	27
978	5	1461	29
979	5	469	29
979	5	2035	25
979	5	2295	27
980	5	1565	25
981	5	678	25
981	5	1356	27
981	5	1669	29
982	5	521	25
983	5	521	25
983	5	887	27
983	5	1200	29
984	5	834	25
984	5	1513	27
984	5	1826	29
985	5	1095	25
985	5	1513	27
985	5	1826	29
985	5	2295	28
986	5	2035	25
987	5	991	25
988	5	521	25
988	5	1930	27
988	5	2243	29
989	5	521	25
989	5	939	27
989	5	1878	29
990	5	1513	25
990	5	2295	27
992	5	1461	25
993	5	626	25
994	5	1878	25
995	5	521	25
995	5	834	27
995	5	1148	29
996	5	1095	25
997	5	2087	25
998	5	521	25
998	5	1095	27
998	5	1408	29
998	5	1722	28
998	5	2035	30
999	5	1200	25
