Realization	utility	week	infra.
4	0	1774	29
8	0	2191	29
32	0	1774	29
40	0	2087	29
44	0	1930	29
50	0	1930	29
52	0	1722	29
55	0	1722	29
56	0	2191	29
57	0	2295	29
58	0	2243	29
59	0	1722	29
60	0	2139	29
62	0	2295	29
65	0	2035	29
68	0	2191	29
73	0	2191	29
84	0	2243	29
87	0	2295	29
88	0	1930	29
91	0	1565	29
96	0	1982	29
97	0	2139	29
106	0	1930	29
107	0	2295	29
110	0	2243	29
112	0	2243	29
119	0	1826	29
120	0	2139	29
130	0	1982	29
135	0	2035	29
136	0	1826	29
138	0	2295	29
139	0	1669	29
141	0	1722	29
142	0	2139	29
143	0	1930	29
145	0	1826	29
148	0	2243	29
151	0	1513	29
152	0	2295	29
153	0	2191	29
155	0	2295	29
156	0	2139	29
158	0	2191	29
159	0	1878	29
162	0	2035	29
168	0	2139	29
169	0	1565	29
174	0	2139	29
181	0	1826	29
182	0	2243	29
184	0	1774	29
187	0	2139	29
189	0	2087	29
192	0	2139	29
194	0	1617	29
196	0	2139	29
202	0	2191	29
205	0	1617	29
206	0	1461	29
221	0	2191	29
225	0	2295	29
226	0	1565	29
232	0	1826	29
233	0	1774	29
236	0	1617	29
238	0	1930	29
240	0	2087	29
244	0	2243	29
246	0	1826	29
247	0	1722	29
249	0	1930	29
250	0	1878	29
254	0	1774	29
260	0	2139	29
262	0	2139	29
264	0	1982	29
268	0	2035	29
271	0	2295	29
272	0	1878	29
273	0	2139	29
277	0	2139	29
278	0	1930	29
279	0	1774	29
280	0	1826	29
286	0	2087	29
290	0	2035	29
291	0	1722	29
293	0	2087	29
295	0	2243	29
300	0	1617	29
303	0	1669	29
309	0	2087	29
313	0	2035	29
316	0	1722	29
317	0	1722	29
318	0	2139	29
323	0	1774	29
327	0	2139	29
329	0	1565	29
333	0	2295	29
336	0	2035	29
337	0	1565	29
343	0	2295	29
344	0	1826	29
345	0	1982	29
347	0	1826	29
351	0	1826	29
354	0	1669	29
355	0	1982	29
356	0	2139	29
357	0	1826	29
363	0	2035	29
367	0	2139	29
369	0	2139	29
381	0	1982	29
383	0	2035	29
384	0	2035	29
385	0	1722	29
386	0	1774	29
387	0	2087	29
391	0	1826	29
395	0	1826	29
404	0	1982	29
405	0	1774	29
407	0	1982	29
411	0	1669	29
412	0	1669	29
413	0	1669	29
414	0	1774	29
415	0	1617	29
424	0	1878	29
428	0	2035	29
431	0	2139	29
433	0	1722	29
434	0	1878	29
436	0	1669	29
440	0	2035	29
441	0	1826	29
444	0	1722	29
448	0	2035	29
451	0	2295	29
468	0	2191	29
469	0	1617	29
473	0	1982	29
475	0	2139	29
477	0	1826	29
481	0	1930	29
482	0	2035	29
487	0	1513	29
490	0	2243	29
492	0	1774	29
499	0	1722	29
500	0	1878	29
503	0	1669	29
505	0	2035	29
506	0	2035	29
518	0	2035	29
521	0	2087	29
524	0	2243	29
525	0	1722	29
529	0	1878	29
533	0	1930	29
534	0	1878	29
539	0	1722	29
544	0	2087	29
545	0	1826	29
549	0	1774	29
551	0	1669	29
553	0	1826	29
555	0	2087	29
556	0	1774	29
557	0	1774	29
559	0	2243	29
565	0	1878	29
569	0	1930	29
575	0	1669	29
578	0	1826	29
579	0	2243	29
580	0	1930	29
581	0	1774	29
582	0	1826	29
584	0	2243	29
585	0	1669	29
587	0	1669	29
591	0	2139	29
592	0	1617	29
593	0	2243	29
595	0	1982	29
597	0	1826	29
599	0	1617	29
603	0	1565	29
607	0	2035	29
612	0	1774	29
613	0	2243	29
620	0	2139	29
621	0	2139	29
625	0	1774	29
626	0	2139	29
628	0	1774	29
630	0	1982	29
635	0	1408	29
639	0	2295	29
641	0	1826	29
642	0	2139	29
643	0	1722	29
644	0	1722	29
647	0	2243	29
649	0	1722	29
653	0	2243	29
654	0	1774	29
657	0	1722	29
662	0	1774	29
663	0	1982	29
664	0	2087	29
666	0	2139	29
668	0	1826	29
671	0	1930	29
677	0	1722	29
682	0	2191	29
686	0	1774	29
690	0	1826	29
691	0	2087	29
692	0	1722	29
696	0	2035	29
697	0	1722	29
705	0	1826	29
709	0	2295	29
710	0	1826	29
712	0	2139	29
715	0	2139	29
716	0	2243	29
717	0	1930	29
723	0	1774	29
727	0	1565	29
731	0	1617	29
733	0	1774	29
735	0	1722	29
737	0	2087	29
738	0	2295	29
739	0	2035	29
740	0	2243	29
741	0	1826	29
742	0	1878	29
743	0	2139	29
744	0	2139	29
745	0	2191	29
747	0	1930	29
749	0	1617	29
750	0	2191	29
751	0	1774	29
753	0	1722	29
755	0	2243	29
756	0	1878	29
759	0	1826	29
760	0	2243	29
763	0	1826	29
765	0	1826	29
771	0	1826	29
772	0	2191	29
773	0	2139	29
774	0	2139	29
776	0	1878	29
777	0	1930	29
779	0	1513	29
782	0	2139	29
793	0	2295	29
794	0	1826	29
796	0	1826	29
803	0	1617	29
809	0	1513	29
811	0	1565	29
812	0	2087	29
817	0	2191	29
819	0	2139	29
823	0	1722	29
824	0	1774	29
826	0	2139	29
827	0	1930	29
828	0	1774	29
829	0	1774	29
831	0	2087	29
832	0	1878	29
833	0	1617	29
834	0	2295	29
835	0	2035	29
838	0	1826	29
841	0	2243	29
843	0	1669	29
846	0	1826	29
848	0	1774	29
850	0	1669	29
853	0	2243	29
854	0	1930	29
856	0	1722	29
858	0	2139	29
863	0	2191	29
864	0	2087	29
865	0	2243	29
866	0	1982	29
867	0	2243	29
870	0	1930	29
872	0	1826	29
873	0	2243	29
874	0	2139	29
877	0	1669	29
878	0	1982	29
882	0	1565	29
884	0	2035	29
885	0	1878	29
893	0	2243	29
896	0	1826	29
897	0	1982	29
900	0	1982	29
905	0	2139	29
907	0	2139	29
908	0	2243	29
909	0	2139	29
910	0	1774	29
917	0	1982	29
921	0	2139	29
923	0	2035	29
924	0	2035	29
925	0	1774	29
931	0	1722	29
932	0	2191	29
941	0	1930	29
942	0	1878	29
945	0	2191	29
947	0	1878	29
949	0	1669	29
950	0	1826	29
956	0	1826	29
959	0	2139	29
961	0	2035	29
964	0	2295	29
968	0	1982	29
969	0	2243	29
971	0	2035	29
972	0	1669	29
973	0	1826	29
974	0	1774	29
975	0	2035	29
976	0	1774	29
978	0	1565	29
979	0	2139	29
982	0	1722	29
983	0	2243	29
990	0	1774	29
992	0	1930	29
998	0	2087	29
999	0	1826	29
4	1	1774	29
8	1	2191	29
32	1	1774	29
40	1	2087	29
44	1	1930	29
50	1	1930	29
52	1	1722	29
55	1	1722	29
56	1	2191	29
57	1	2295	29
58	1	2243	29
59	1	1722	29
60	1	2139	29
62	1	2295	29
65	1	2035	29
68	1	2191	29
73	1	2191	29
84	1	2243	29
87	1	2295	29
88	1	1930	29
91	1	1565	29
96	1	1982	29
97	1	2139	29
106	1	1930	29
107	1	2295	29
110	1	2243	29
112	1	2243	29
119	1	1826	29
120	1	2139	29
130	1	1982	29
135	1	2035	29
136	1	1826	29
138	1	2295	29
139	1	1669	29
141	1	1722	29
142	1	2139	29
143	1	1930	29
145	1	1826	29
148	1	2243	29
151	1	1513	29
152	1	2295	29
153	1	2191	29
155	1	2295	29
156	1	2139	29
158	1	2191	29
159	1	1878	29
162	1	2035	29
168	1	2139	29
169	1	1565	29
174	1	2139	29
181	1	1826	29
182	1	2243	29
184	1	1774	29
187	1	2139	29
189	1	2087	29
192	1	2139	29
194	1	1617	29
196	1	2139	29
202	1	2191	29
205	1	1617	29
206	1	1461	29
221	1	2191	29
225	1	2295	29
226	1	1565	29
232	1	1826	29
233	1	1774	29
236	1	1617	29
238	1	1930	29
240	1	2087	29
244	1	2243	29
246	1	1826	29
247	1	1722	29
249	1	1930	29
250	1	1878	29
254	1	1774	29
260	1	2139	29
262	1	2139	29
264	1	1982	29
268	1	2035	29
271	1	2295	29
272	1	1878	29
273	1	2139	29
277	1	2139	29
278	1	1930	29
279	1	1774	29
280	1	1826	29
286	1	2087	29
290	1	2035	29
291	1	1722	29
293	1	2087	29
295	1	2243	29
300	1	1617	29
303	1	1669	29
309	1	2087	29
313	1	2035	29
316	1	1722	29
317	1	1722	29
318	1	2139	29
323	1	1774	29
327	1	2139	29
329	1	1565	29
333	1	2295	29
336	1	2035	29
337	1	1565	29
343	1	2295	29
344	1	1826	29
345	1	1982	29
347	1	1826	29
351	1	1826	29
354	1	1669	29
355	1	1982	29
356	1	2139	29
357	1	1826	29
363	1	2035	29
367	1	2139	29
369	1	2139	29
381	1	1982	29
383	1	2035	29
384	1	2035	29
385	1	1722	29
386	1	1774	29
387	1	2087	29
391	1	1826	29
395	1	1826	29
404	1	1982	29
405	1	1774	29
407	1	1982	29
411	1	1669	29
412	1	1669	29
413	1	1669	29
414	1	1774	29
415	1	1617	29
424	1	1878	29
428	1	2035	29
431	1	2139	29
433	1	1722	29
434	1	1878	29
436	1	1669	29
440	1	2035	29
441	1	1826	29
444	1	1722	29
448	1	2035	29
451	1	2295	29
468	1	2191	29
469	1	1617	29
473	1	1982	29
475	1	2139	29
477	1	1826	29
481	1	1930	29
482	1	2035	29
487	1	1513	29
490	1	2243	29
492	1	1774	29
499	1	1722	29
500	1	1878	29
503	1	1669	29
505	1	2035	29
506	1	2035	29
518	1	2035	29
521	1	2087	29
524	1	2243	29
525	1	1722	29
529	1	1878	29
533	1	1930	29
534	1	1878	29
539	1	1722	29
544	1	2087	29
545	1	1826	29
549	1	1774	29
551	1	1669	29
553	1	1826	29
555	1	2087	29
556	1	1774	29
557	1	1774	29
559	1	2243	29
565	1	1878	29
569	1	1930	29
575	1	1669	29
578	1	1826	29
579	1	2243	29
580	1	1930	29
581	1	1774	29
582	1	1826	29
584	1	2243	29
585	1	1669	29
587	1	1669	29
591	1	2139	29
592	1	1617	29
593	1	2243	29
595	1	1982	29
597	1	1826	29
599	1	1617	29
603	1	1565	29
607	1	2035	29
612	1	1774	29
613	1	2243	29
620	1	2139	29
621	1	2139	29
625	1	1774	29
626	1	2139	29
628	1	1774	29
630	1	1982	29
635	1	1408	29
639	1	2295	29
641	1	1826	29
642	1	2139	29
643	1	1722	29
644	1	1722	29
647	1	2243	29
649	1	1722	29
653	1	2243	29
654	1	1774	29
657	1	1722	29
662	1	1774	29
663	1	1982	29
664	1	2087	29
666	1	2139	29
668	1	1826	29
671	1	1930	29
677	1	1722	29
682	1	2191	29
686	1	1774	29
690	1	1826	29
691	1	2087	29
692	1	1722	29
696	1	2035	29
697	1	1722	29
705	1	1826	29
709	1	2295	29
710	1	1826	29
712	1	2139	29
715	1	2139	29
716	1	2243	29
717	1	1930	29
723	1	1774	29
727	1	1565	29
731	1	1617	29
733	1	1774	29
735	1	1722	29
737	1	2087	29
738	1	2295	29
739	1	2035	29
740	1	2243	29
741	1	1826	29
742	1	1878	29
743	1	2139	29
744	1	2139	29
745	1	2191	29
747	1	1930	29
749	1	1617	29
750	1	2191	29
751	1	1774	29
753	1	1722	29
755	1	2243	29
756	1	1878	29
759	1	1826	29
760	1	2243	29
763	1	1826	29
765	1	1826	29
771	1	1826	29
772	1	2191	29
773	1	2139	29
774	1	2139	29
776	1	1878	29
777	1	1930	29
779	1	1513	29
782	1	2139	29
793	1	2295	29
794	1	1826	29
796	1	1826	29
803	1	1617	29
809	1	1513	29
811	1	1565	29
812	1	2087	29
817	1	2191	29
819	1	2139	29
823	1	1722	29
824	1	1774	29
826	1	2139	29
827	1	1930	29
828	1	1774	29
829	1	1774	29
831	1	2087	29
832	1	1878	29
833	1	1617	29
834	1	2295	29
835	1	2035	29
838	1	1826	29
841	1	2243	29
843	1	1669	29
846	1	1826	29
848	1	1774	29
850	1	1669	29
853	1	2243	29
854	1	1930	29
856	1	1722	29
858	1	2139	29
863	1	2191	29
864	1	2087	29
865	1	2243	29
866	1	1982	29
867	1	2243	29
870	1	1930	29
872	1	1826	29
873	1	2243	29
874	1	2139	29
877	1	1669	29
878	1	1982	29
882	1	1565	29
884	1	2035	29
885	1	1878	29
893	1	2243	29
896	1	1826	29
897	1	1982	29
900	1	1982	29
905	1	2139	29
907	1	2139	29
908	1	2243	29
909	1	2139	29
910	1	1774	29
917	1	1982	29
921	1	2139	29
923	1	2035	29
924	1	2035	29
925	1	1774	29
931	1	1722	29
932	1	2191	29
941	1	1930	29
942	1	1878	29
945	1	2191	29
947	1	1878	29
949	1	1669	29
950	1	1826	29
956	1	1826	29
959	1	2139	29
961	1	2035	29
964	1	2295	29
968	1	1982	29
969	1	2243	29
971	1	2035	29
972	1	1669	29
973	1	1826	29
974	1	1774	29
975	1	2035	29
976	1	1774	29
978	1	1565	29
979	1	2139	29
982	1	1722	29
983	1	2243	29
990	1	1774	29
992	1	1930	29
998	1	2087	29
999	1	1826	29
0	2	261	26
1	2	261	26
2	2	261	26
3	2	261	26
4	2	261	26
5	2	261	26
6	2	261	26
7	2	261	26
8	2	261	26
9	2	261	26
10	2	261	26
11	2	261	26
12	2	261	26
13	2	261	26
14	2	261	26
15	2	261	26
16	2	261	26
17	2	261	26
18	2	261	26
19	2	261	26
20	2	261	26
21	2	261	26
22	2	261	26
23	2	261	26
24	2	261	26
25	2	261	26
26	2	261	26
27	2	261	26
28	2	261	26
29	2	261	26
30	2	261	26
31	2	261	26
32	2	261	26
33	2	261	26
34	2	261	26
35	2	261	26
36	2	261	26
37	2	261	26
38	2	261	26
39	2	261	26
40	2	261	26
41	2	261	26
42	2	261	26
43	2	261	26
44	2	261	26
45	2	261	26
46	2	261	26
47	2	261	26
48	2	261	26
49	2	261	26
50	2	261	26
51	2	261	26
52	2	261	26
53	2	261	26
54	2	261	26
55	2	261	26
56	2	261	26
57	2	261	26
58	2	261	26
59	2	261	26
60	2	261	26
61	2	261	26
62	2	261	26
63	2	261	26
64	2	261	26
65	2	261	26
66	2	261	26
67	2	261	26
68	2	261	26
69	2	261	26
70	2	261	26
71	2	261	26
72	2	261	26
73	2	261	26
74	2	261	26
75	2	261	26
76	2	261	26
77	2	261	26
78	2	261	26
79	2	261	26
80	2	261	26
81	2	261	26
82	2	261	26
83	2	261	26
84	2	261	26
85	2	261	26
86	2	261	26
87	2	261	26
88	2	261	26
89	2	261	26
90	2	261	26
91	2	261	26
92	2	261	26
93	2	261	26
94	2	261	26
95	2	261	26
96	2	261	26
97	2	261	26
98	2	261	26
99	2	261	26
100	2	261	26
101	2	261	26
102	2	261	26
103	2	261	26
104	2	261	26
105	2	261	26
106	2	261	26
107	2	261	26
108	2	261	26
109	2	261	26
110	2	261	26
111	2	261	26
112	2	261	26
113	2	261	26
114	2	261	26
115	2	261	26
116	2	261	26
117	2	261	26
118	2	261	26
119	2	261	26
120	2	261	26
121	2	261	26
122	2	261	26
123	2	261	26
124	2	261	26
125	2	261	26
126	2	261	26
127	2	261	26
128	2	261	26
129	2	261	26
130	2	261	26
131	2	261	26
132	2	261	26
133	2	261	26
134	2	261	26
135	2	261	26
136	2	261	26
137	2	261	26
138	2	261	26
139	2	261	26
140	2	261	26
141	2	261	26
142	2	261	26
143	2	261	26
144	2	261	26
145	2	261	26
146	2	261	26
147	2	261	26
148	2	261	26
149	2	261	26
150	2	261	26
151	2	261	26
152	2	261	26
153	2	261	26
154	2	261	26
155	2	261	26
156	2	261	26
157	2	261	26
158	2	261	26
159	2	261	26
160	2	261	26
161	2	261	26
162	2	261	26
163	2	261	26
164	2	261	26
165	2	261	26
166	2	261	26
167	2	261	26
168	2	261	26
169	2	261	26
170	2	261	26
171	2	261	26
172	2	261	26
173	2	261	26
174	2	261	26
175	2	261	26
176	2	261	26
177	2	261	26
178	2	261	26
179	2	261	26
180	2	261	26
181	2	261	26
182	2	261	26
183	2	261	26
184	2	261	26
185	2	261	26
186	2	261	26
187	2	261	26
188	2	261	26
189	2	261	26
190	2	261	26
191	2	261	26
192	2	261	26
193	2	261	26
194	2	261	26
195	2	261	26
196	2	261	26
197	2	261	26
198	2	261	26
199	2	261	26
200	2	261	26
201	2	261	26
202	2	261	26
203	2	261	26
204	2	261	26
205	2	261	26
206	2	261	26
207	2	261	26
208	2	261	26
209	2	261	26
210	2	261	26
211	2	261	26
212	2	261	26
213	2	261	26
214	2	261	26
215	2	261	26
216	2	261	26
217	2	261	26
218	2	261	26
219	2	261	26
220	2	261	26
221	2	261	26
222	2	261	26
223	2	261	26
224	2	261	26
225	2	261	26
226	2	261	26
227	2	261	26
228	2	261	26
229	2	261	26
230	2	261	26
231	2	261	26
232	2	261	26
233	2	261	26
234	2	261	26
235	2	261	26
236	2	261	26
237	2	261	26
238	2	261	26
239	2	261	26
240	2	261	26
241	2	261	26
242	2	261	26
243	2	261	26
244	2	261	26
245	2	261	26
246	2	261	26
247	2	261	26
248	2	261	26
249	2	261	26
250	2	261	26
251	2	261	26
252	2	261	26
253	2	261	26
254	2	261	26
255	2	261	26
256	2	261	26
257	2	261	26
258	2	261	26
259	2	261	26
260	2	261	26
261	2	261	26
262	2	261	26
263	2	261	26
264	2	261	26
265	2	261	26
266	2	261	26
267	2	261	26
268	2	261	26
269	2	261	26
270	2	261	26
271	2	261	26
272	2	261	26
273	2	261	26
274	2	261	26
275	2	261	26
276	2	261	26
277	2	261	26
278	2	261	26
279	2	261	26
280	2	261	26
281	2	261	26
282	2	261	26
283	2	261	26
284	2	261	26
285	2	261	26
286	2	261	26
287	2	261	26
288	2	261	26
289	2	261	26
290	2	261	26
291	2	261	26
292	2	261	26
293	2	261	26
294	2	261	26
295	2	261	26
296	2	261	26
297	2	261	26
298	2	261	26
299	2	261	26
300	2	261	26
301	2	261	26
302	2	261	26
303	2	261	26
304	2	261	26
305	2	261	26
306	2	261	26
307	2	261	26
308	2	261	26
309	2	261	26
310	2	261	26
311	2	261	26
312	2	261	26
313	2	261	26
314	2	261	26
315	2	261	26
316	2	261	26
317	2	261	26
318	2	261	26
319	2	261	26
320	2	261	26
321	2	261	26
322	2	261	26
323	2	261	26
324	2	261	26
325	2	261	26
326	2	261	26
327	2	261	26
328	2	261	26
329	2	261	26
330	2	261	26
331	2	261	26
332	2	261	26
333	2	261	26
334	2	261	26
335	2	261	26
336	2	261	26
337	2	261	26
338	2	261	26
339	2	261	26
340	2	261	26
341	2	261	26
342	2	261	26
343	2	261	26
344	2	261	26
345	2	261	26
346	2	261	26
347	2	261	26
348	2	261	26
349	2	261	26
350	2	261	26
351	2	261	26
352	2	261	26
353	2	261	26
354	2	261	26
355	2	261	26
356	2	261	26
357	2	261	26
358	2	261	26
359	2	261	26
360	2	261	26
361	2	261	26
362	2	261	26
363	2	261	26
364	2	261	26
365	2	261	26
366	2	261	26
367	2	261	26
368	2	261	26
369	2	261	26
370	2	261	26
371	2	261	26
372	2	261	26
373	2	261	26
374	2	261	26
375	2	261	26
376	2	261	26
377	2	261	26
378	2	261	26
379	2	261	26
380	2	261	26
381	2	261	26
382	2	261	26
383	2	261	26
384	2	261	26
385	2	261	26
386	2	261	26
387	2	261	26
388	2	261	26
389	2	261	26
390	2	261	26
391	2	261	26
392	2	261	26
393	2	261	26
394	2	261	26
395	2	261	26
396	2	261	26
397	2	261	26
398	2	261	26
399	2	261	26
400	2	261	26
401	2	261	26
402	2	261	26
403	2	261	26
404	2	261	26
405	2	261	26
406	2	261	26
407	2	261	26
408	2	261	26
409	2	261	26
410	2	261	26
411	2	261	26
412	2	261	26
413	2	261	26
414	2	261	26
415	2	261	26
416	2	261	26
417	2	261	26
418	2	261	26
419	2	261	26
420	2	261	26
421	2	261	26
422	2	261	26
423	2	261	26
424	2	261	26
425	2	261	26
426	2	261	26
427	2	261	26
428	2	261	26
429	2	261	26
430	2	261	26
431	2	261	26
432	2	261	26
433	2	261	26
434	2	261	26
435	2	261	26
436	2	261	26
437	2	261	26
438	2	261	26
439	2	261	26
440	2	261	26
441	2	261	26
442	2	261	26
443	2	261	26
444	2	261	26
445	2	261	26
446	2	261	26
447	2	261	26
448	2	261	26
449	2	261	26
450	2	261	26
451	2	261	26
452	2	261	26
453	2	261	26
454	2	261	26
455	2	261	26
456	2	261	26
457	2	261	26
458	2	261	26
459	2	261	26
460	2	261	26
461	2	261	26
462	2	261	26
463	2	261	26
464	2	261	26
465	2	261	26
466	2	261	26
467	2	261	26
468	2	261	26
469	2	261	26
470	2	261	26
471	2	261	26
472	2	261	26
473	2	261	26
474	2	261	26
475	2	261	26
476	2	261	26
477	2	261	26
478	2	261	26
479	2	261	26
480	2	261	26
481	2	261	26
482	2	261	26
483	2	261	26
484	2	261	26
485	2	261	26
486	2	261	26
487	2	261	26
488	2	261	26
489	2	261	26
490	2	261	26
491	2	261	26
492	2	261	26
493	2	261	26
494	2	261	26
495	2	261	26
496	2	261	26
497	2	261	26
498	2	261	26
499	2	261	26
500	2	261	26
501	2	261	26
502	2	261	26
503	2	261	26
504	2	261	26
505	2	261	26
506	2	261	26
507	2	261	26
508	2	261	26
509	2	261	26
510	2	261	26
511	2	261	26
512	2	261	26
513	2	261	26
514	2	261	26
515	2	261	26
516	2	261	26
517	2	261	26
518	2	261	26
519	2	261	26
520	2	261	26
521	2	261	26
522	2	261	26
523	2	261	26
524	2	261	26
525	2	261	26
526	2	261	26
527	2	261	26
528	2	261	26
529	2	261	26
530	2	261	26
531	2	261	26
532	2	261	26
533	2	261	26
534	2	261	26
535	2	261	26
536	2	261	26
537	2	261	26
538	2	261	26
539	2	261	26
540	2	261	26
541	2	261	26
542	2	261	26
543	2	261	26
544	2	261	26
545	2	261	26
546	2	261	26
547	2	261	26
548	2	261	26
549	2	261	26
550	2	261	26
551	2	261	26
552	2	261	26
553	2	261	26
554	2	261	26
555	2	261	26
556	2	261	26
557	2	261	26
558	2	261	26
559	2	261	26
560	2	261	26
561	2	261	26
562	2	261	26
563	2	261	26
564	2	261	26
565	2	261	26
566	2	261	26
567	2	261	26
568	2	261	26
569	2	261	26
570	2	261	26
571	2	261	26
572	2	261	26
573	2	261	26
574	2	261	26
575	2	261	26
576	2	261	26
577	2	261	26
578	2	261	26
579	2	261	26
580	2	261	26
581	2	261	26
582	2	261	26
583	2	261	26
584	2	261	26
585	2	261	26
586	2	261	26
587	2	261	26
588	2	261	26
589	2	261	26
590	2	261	26
591	2	261	26
592	2	261	26
593	2	261	26
594	2	261	26
595	2	261	26
596	2	261	26
597	2	261	26
598	2	261	26
599	2	261	26
600	2	261	26
601	2	261	26
602	2	261	26
603	2	261	26
604	2	261	26
605	2	261	26
606	2	261	26
607	2	261	26
608	2	261	26
609	2	261	26
610	2	261	26
611	2	261	26
612	2	261	26
613	2	261	26
614	2	261	26
615	2	261	26
616	2	261	26
617	2	261	26
618	2	261	26
619	2	261	26
620	2	261	26
621	2	261	26
622	2	261	26
623	2	261	26
624	2	261	26
625	2	261	26
626	2	261	26
627	2	261	26
628	2	261	26
629	2	261	26
630	2	261	26
631	2	261	26
632	2	261	26
633	2	261	26
634	2	261	26
635	2	261	26
636	2	261	26
637	2	261	26
638	2	261	26
639	2	261	26
640	2	261	26
641	2	261	26
642	2	261	26
643	2	261	26
644	2	261	26
645	2	261	26
646	2	261	26
647	2	261	26
648	2	261	26
649	2	261	26
650	2	261	26
651	2	261	26
652	2	261	26
653	2	261	26
654	2	261	26
655	2	261	26
656	2	261	26
657	2	261	26
658	2	261	26
659	2	261	26
660	2	261	26
661	2	261	26
662	2	261	26
663	2	261	26
664	2	261	26
665	2	261	26
666	2	261	26
667	2	261	26
668	2	261	26
669	2	261	26
670	2	261	26
671	2	261	26
672	2	261	26
673	2	261	26
674	2	261	26
675	2	261	26
676	2	261	26
677	2	261	26
678	2	261	26
679	2	261	26
680	2	261	26
681	2	261	26
682	2	261	26
683	2	261	26
684	2	261	26
685	2	261	26
686	2	261	26
687	2	261	26
688	2	261	26
689	2	261	26
690	2	261	26
691	2	261	26
692	2	261	26
693	2	261	26
694	2	261	26
695	2	261	26
696	2	261	26
697	2	261	26
698	2	261	26
699	2	261	26
700	2	261	26
701	2	261	26
702	2	261	26
703	2	261	26
704	2	261	26
705	2	261	26
706	2	261	26
707	2	261	26
708	2	261	26
709	2	261	26
710	2	261	26
711	2	261	26
712	2	261	26
713	2	261	26
714	2	261	26
715	2	261	26
716	2	261	26
717	2	261	26
718	2	261	26
719	2	261	26
720	2	261	26
721	2	261	26
722	2	261	26
723	2	261	26
724	2	261	26
725	2	261	26
726	2	261	26
727	2	261	26
728	2	261	26
729	2	261	26
730	2	261	26
731	2	261	26
732	2	261	26
733	2	261	26
734	2	261	26
735	2	261	26
736	2	261	26
737	2	261	26
738	2	261	26
739	2	261	26
740	2	261	26
741	2	261	26
742	2	261	26
743	2	261	26
744	2	261	26
745	2	261	26
746	2	261	26
747	2	261	26
748	2	261	26
749	2	261	26
750	2	261	26
751	2	261	26
752	2	261	26
753	2	261	26
754	2	261	26
755	2	261	26
756	2	261	26
757	2	261	26
758	2	261	26
759	2	261	26
760	2	261	26
761	2	261	26
762	2	261	26
763	2	261	26
764	2	261	26
765	2	261	26
766	2	261	26
767	2	261	26
768	2	261	26
769	2	261	26
770	2	261	26
771	2	261	26
772	2	261	26
773	2	261	26
774	2	261	26
775	2	261	26
776	2	261	26
777	2	261	26
778	2	261	26
779	2	261	26
780	2	261	26
781	2	261	26
782	2	261	26
783	2	261	26
784	2	261	26
785	2	261	26
786	2	261	26
787	2	261	26
788	2	261	26
789	2	261	26
790	2	261	26
791	2	261	26
792	2	261	26
793	2	261	26
794	2	261	26
795	2	261	26
796	2	261	26
797	2	261	26
798	2	261	26
799	2	261	26
800	2	261	26
801	2	261	26
802	2	261	26
803	2	261	26
804	2	261	26
805	2	261	26
806	2	261	26
807	2	261	26
808	2	261	26
809	2	261	26
810	2	261	26
811	2	261	26
812	2	261	26
813	2	261	26
814	2	261	26
815	2	261	26
816	2	261	26
817	2	261	26
818	2	261	26
819	2	261	26
820	2	261	26
821	2	261	26
822	2	261	26
823	2	261	26
824	2	261	26
825	2	261	26
826	2	261	26
827	2	261	26
828	2	261	26
829	2	261	26
830	2	261	26
831	2	261	26
832	2	261	26
833	2	261	26
834	2	261	26
835	2	261	26
836	2	261	26
837	2	261	26
838	2	261	26
839	2	261	26
840	2	261	26
841	2	261	26
842	2	261	26
843	2	261	26
844	2	261	26
845	2	261	26
846	2	261	26
847	2	261	26
848	2	261	26
849	2	261	26
850	2	261	26
851	2	261	26
852	2	261	26
853	2	261	26
854	2	261	26
855	2	261	26
856	2	261	26
857	2	261	26
858	2	261	26
859	2	261	26
860	2	261	26
861	2	261	26
862	2	261	26
863	2	261	26
864	2	261	26
865	2	261	26
866	2	261	26
867	2	261	26
868	2	261	26
869	2	261	26
870	2	261	26
871	2	261	26
872	2	261	26
873	2	261	26
874	2	261	26
875	2	261	26
876	2	261	26
877	2	261	26
878	2	261	26
879	2	261	26
880	2	261	26
881	2	261	26
882	2	261	26
883	2	261	26
884	2	261	26
885	2	261	26
886	2	261	26
887	2	261	26
888	2	261	26
889	2	261	26
890	2	261	26
891	2	261	26
892	2	261	26
893	2	261	26
894	2	261	26
895	2	261	26
896	2	261	26
897	2	261	26
898	2	261	26
899	2	261	26
900	2	261	26
901	2	261	26
902	2	261	26
903	2	261	26
904	2	261	26
905	2	261	26
906	2	261	26
907	2	261	26
908	2	261	26
909	2	261	26
910	2	261	26
911	2	261	26
912	2	261	26
913	2	261	26
914	2	261	26
915	2	261	26
916	2	261	26
917	2	261	26
918	2	261	26
919	2	261	26
920	2	261	26
921	2	261	26
922	2	261	26
923	2	261	26
924	2	261	26
925	2	261	26
926	2	261	26
927	2	261	26
928	2	261	26
929	2	261	26
930	2	261	26
931	2	261	26
932	2	261	26
933	2	261	26
934	2	261	26
935	2	261	26
936	2	261	26
937	2	261	26
938	2	261	26
939	2	261	26
940	2	261	26
941	2	261	26
942	2	261	26
943	2	261	26
944	2	261	26
945	2	261	26
946	2	261	26
947	2	261	26
948	2	261	26
949	2	261	26
950	2	261	26
951	2	261	26
952	2	261	26
953	2	261	26
954	2	261	26
955	2	261	26
956	2	261	26
957	2	261	26
958	2	261	26
959	2	261	26
960	2	261	26
961	2	261	26
962	2	261	26
963	2	261	26
964	2	261	26
965	2	261	26
966	2	261	26
967	2	261	26
968	2	261	26
969	2	261	26
970	2	261	26
971	2	261	26
972	2	261	26
973	2	261	26
974	2	261	26
975	2	261	26
976	2	261	26
977	2	261	26
978	2	261	26
979	2	261	26
980	2	261	26
981	2	261	26
982	2	261	26
983	2	261	26
984	2	261	26
985	2	261	26
986	2	261	26
987	2	261	26
988	2	261	26
989	2	261	26
990	2	261	26
991	2	261	26
992	2	261	26
993	2	261	26
994	2	261	26
995	2	261	26
996	2	261	26
997	2	261	26
998	2	261	26
999	2	261	26
4	3	1774	29
8	3	2191	29
23	3	2191	9
28	3	1878	9
32	3	1774	29
32	3	1826	9
40	3	2087	29
40	3	2139	9
44	3	1930	29
50	3	1930	29
52	3	1722	29
55	3	1722	29
55	3	1774	9
56	3	2191	29
56	3	2243	9
57	3	2139	9
57	3	2295	29
58	3	1669	9
58	3	2243	29
59	3	1722	29
59	3	1774	9
60	3	2139	29
62	3	2295	29
65	3	2035	29
67	3	2087	9
68	3	2191	29
72	3	1565	9
73	3	2191	29
73	3	2243	9
75	3	1617	9
76	3	1774	9
84	3	2243	29
87	3	2295	29
88	3	1565	9
88	3	1930	29
91	3	1565	29
91	3	2035	9
96	3	1982	29
97	3	2139	29
97	3	2191	9
106	3	1930	29
107	3	2295	29
110	3	2243	29
112	3	2243	29
112	3	2295	9
119	3	1826	29
119	3	1878	9
120	3	2139	29
122	3	2191	9
124	3	2295	9
130	3	1982	29
130	3	2035	9
135	3	1669	9
135	3	2035	29
136	3	1513	9
136	3	1826	29
138	3	2295	29
139	3	1669	29
139	3	1722	9
139	3	2087	12
141	3	1722	29
142	3	2139	29
143	3	1930	29
145	3	1826	29
145	3	1878	9
148	3	2243	29
148	3	2295	9
151	3	1513	29
151	3	1565	9
152	3	2295	29
153	3	2191	29
153	3	2243	9
155	3	2295	29
156	3	2139	29
158	3	2191	29
158	3	2243	9
159	3	1878	29
162	3	2035	29
162	3	2087	9
168	3	2139	29
169	3	1565	29
174	3	2139	29
179	3	1878	9
181	3	1826	29
181	3	1878	9
182	3	2243	29
184	3	1774	29
184	3	1826	9
187	3	2139	29
189	3	2087	29
192	3	2139	29
194	3	1617	29
196	3	2139	29
202	3	2191	29
202	3	2243	9
205	3	1617	29
205	3	1669	9
206	3	1461	29
206	3	1513	9
206	3	1878	12
212	3	1565	9
221	3	2191	29
221	3	2243	9
225	3	2295	29
226	3	1565	29
226	3	1617	9
227	3	1565	9
232	3	1826	29
232	3	1878	9
233	3	1774	29
233	3	1826	9
236	3	1617	29
238	3	1930	29
240	3	2087	29
240	3	2139	9
243	3	2139	9
244	3	2243	29
244	3	2295	9
246	3	1826	29
246	3	2243	9
247	3	1565	9
247	3	1722	29
249	3	1930	29
250	3	1878	29
254	3	1774	29
260	3	2139	29
262	3	2139	29
262	3	2191	9
264	3	1982	29
268	3	2035	29
268	3	2087	9
271	3	2295	29
272	3	1722	9
272	3	1878	29
272	3	2295	12
273	3	2139	29
273	3	2191	9
277	3	2139	29
277	3	2191	9
278	3	1930	29
278	3	1982	9
279	3	1617	9
279	3	1774	29
280	3	1826	29
281	3	1878	9
284	3	1722	9
286	3	1930	9
286	3	2087	29
288	3	2087	9
290	3	2035	29
290	3	2087	9
291	3	1565	9
291	3	1722	29
293	3	2087	29
295	3	2243	29
300	3	1617	29
303	3	1669	29
303	3	1722	9
304	3	2087	9
307	3	1826	9
309	3	1930	9
309	3	2087	29
313	3	2035	29
316	3	1722	29
316	3	1774	9
317	3	1722	29
317	3	1774	9
318	3	2139	29
323	3	1774	29
323	3	1826	9
327	3	2139	29
329	3	1565	29
333	3	2295	29
336	3	2035	29
336	3	2087	9
337	3	1565	29
337	3	1617	9
343	3	2295	29
344	3	1826	29
345	3	1982	29
347	3	1826	29
347	3	1878	9
351	3	1826	29
354	3	1513	9
354	3	1669	29
355	3	1982	29
355	3	2035	9
356	3	2139	29
357	3	1826	29
363	3	2035	29
363	3	2087	9
367	3	2139	29
367	3	2191	9
368	3	2139	9
369	3	2139	29
369	3	2191	9
372	3	1669	9
381	3	1982	29
383	3	2035	29
383	3	2087	9
384	3	1878	9
384	3	2035	29
385	3	1722	29
385	3	1774	9
386	3	1774	29
386	3	1826	9
387	3	2087	29
387	3	2139	9
391	3	1826	29
391	3	1878	9
394	3	2295	9
395	3	1826	29
395	3	1878	9
403	3	2087	9
404	3	1982	29
405	3	1774	29
405	3	1826	9
407	3	1982	29
411	3	1669	29
411	3	1722	9
412	3	1513	9
412	3	1669	29
412	3	2295	12
413	3	1513	9
413	3	1669	29
413	3	2087	12
414	3	1774	29
415	3	1617	29
415	3	1669	9
418	3	1774	9
424	3	1722	9
424	3	1878	29
427	3	1826	9
428	3	2035	29
431	3	2139	29
431	3	2191	9
433	3	1722	29
433	3	1774	9
434	3	1878	29
434	3	1930	9
436	3	1669	29
440	3	2035	29
440	3	2087	9
441	3	1826	29
442	3	2087	9
444	3	1722	29
444	3	1774	9
448	3	2035	29
448	3	2087	9
451	3	2295	29
458	3	2191	9
459	3	1565	9
463	3	2139	9
468	3	2191	29
469	3	1617	29
473	3	1982	29
473	3	2035	9
475	3	2139	29
477	3	1826	29
478	3	1461	9
481	3	1722	9
481	3	1930	29
482	3	2035	29
487	3	1513	29
487	3	1565	9
490	3	1774	9
490	3	2243	29
492	3	1774	29
492	3	1826	9
499	3	1722	29
499	3	1774	9
500	3	1878	29
503	3	1513	9
503	3	1669	29
505	3	2035	29
506	3	2035	29
506	3	2087	9
517	3	1982	9
518	3	2035	29
521	3	2087	29
524	3	2243	29
524	3	2295	9
525	3	1565	9
525	3	1722	29
526	3	2087	9
529	3	1878	29
533	3	1930	29
533	3	1982	9
534	3	1878	29
539	3	1722	29
539	3	1774	9
544	3	2087	29
544	3	2139	9
545	3	1826	29
545	3	1878	9
549	3	1774	29
549	3	1826	9
550	3	2139	9
551	3	1408	9
551	3	1669	29
551	3	2243	12
553	3	1826	29
553	3	1878	9
555	3	1513	9
555	3	2087	29
556	3	1774	29
556	3	1826	9
557	3	1774	29
557	3	1826	9
559	3	2243	29
559	3	2295	9
565	3	1878	29
565	3	1930	9
565	3	2295	12
569	3	1930	29
573	3	2035	9
575	3	1669	29
575	3	1722	9
578	3	1826	29
578	3	1878	9
579	3	2243	29
579	3	2295	9
580	3	1930	29
580	3	1982	9
581	3	1774	29
581	3	1826	9
582	3	1826	29
582	3	1878	9
583	3	1722	9
584	3	2243	29
585	3	1669	29
585	3	1722	9
587	3	1669	29
587	3	1722	9
591	3	2139	29
591	3	2191	9
592	3	1617	29
592	3	1669	9
593	3	2243	29
593	3	2295	9
595	3	1982	29
595	3	2035	9
597	3	1826	29
599	3	1617	29
599	3	1669	9
603	3	1408	9
603	3	1565	29
607	3	2035	29
607	3	2087	9
612	3	1774	29
612	3	1826	9
612	3	2191	12
613	3	2243	29
620	3	2139	29
620	3	2191	9
621	3	2139	29
625	3	1774	29
626	3	2139	29
628	3	1774	29
630	3	1617	9
630	3	1982	29
631	3	1669	9
635	3	1408	29
635	3	1461	9
639	3	2295	29
641	3	1826	29
641	3	1878	9
642	3	2139	29
642	3	2191	9
643	3	1722	29
643	3	1774	9
644	3	1722	29
644	3	1774	9
647	3	2243	29
647	3	2295	9
649	3	1722	29
649	3	1774	9
653	3	2243	29
654	3	1565	9
654	3	1774	29
657	3	1722	29
657	3	1774	9
662	3	1774	29
662	3	1826	9
663	3	1982	29
664	3	1930	9
664	3	2087	29
666	3	2139	29
668	3	1826	29
668	3	1878	9
671	3	1930	29
677	3	1722	29
677	3	1774	9
682	3	2191	29
686	3	1774	29
686	3	1826	9
687	3	1565	9
690	3	1826	29
691	3	2087	29
692	3	1722	29
692	3	1774	9
696	3	2035	29
697	3	1722	29
697	3	1774	9
705	3	1826	29
709	3	2295	29
710	3	1826	29
710	3	1878	9
712	3	2139	29
715	3	2139	29
715	3	2191	9
716	3	2243	29
716	3	2295	9
717	3	1930	29
717	3	1982	9
723	3	1774	29
723	3	1826	9
727	3	1408	9
727	3	1565	29
729	3	2243	9
731	3	1617	29
731	3	1669	9
733	3	1774	29
735	3	1565	9
735	3	1722	29
737	3	2087	29
738	3	2295	29
739	3	2035	29
740	3	2243	29
741	3	1826	29
741	3	1878	9
742	3	1878	29
743	3	2139	29
744	3	2139	29
744	3	2191	9
745	3	2191	29
747	3	1930	29
747	3	1982	9
749	3	1617	29
749	3	1669	9
750	3	2191	29
751	3	1774	29
753	3	1722	29
753	3	1774	9
755	3	2243	29
755	3	2295	9
756	3	1878	29
756	3	2295	9
759	3	1826	29
759	3	1878	9
760	3	2243	29
760	3	2295	9
763	3	1826	29
763	3	1878	9
765	3	1826	29
765	3	1878	9
771	3	1826	29
772	3	2191	29
772	3	2243	9
773	3	2139	29
774	3	2139	29
776	3	1722	9
776	3	1878	29
777	3	1930	29
777	3	1982	9
779	3	1513	29
779	3	1565	9
782	3	2139	29
782	3	2191	9
786	3	2087	9
793	3	2295	29
794	3	1826	29
796	3	1826	29
796	3	1878	9
803	3	1617	29
807	3	2139	9
809	3	1513	29
810	3	2191	9
811	3	1565	29
811	3	1617	9
812	3	2087	29
813	3	1774	9
817	3	2191	29
819	3	2139	29
823	3	1722	29
823	3	1774	9
824	3	1774	29
826	3	2139	29
826	3	2191	9
827	3	1930	29
827	3	1982	9
828	3	1774	29
829	3	1774	29
830	3	2191	9
831	3	2087	29
832	3	1878	29
832	3	1930	9
833	3	1617	29
833	3	1669	9
834	3	2295	29
835	3	2035	29
838	3	1826	29
841	3	2243	29
843	3	1669	29
843	3	2139	9
846	3	1826	29
848	3	1774	29
848	3	1826	9
850	3	1669	29
850	3	2295	9
853	3	2243	29
854	3	1930	29
854	3	1982	9
856	3	1722	29
856	3	1774	9
858	3	2139	29
863	3	2191	29
863	3	2243	9
864	3	1722	9
864	3	2087	29
865	3	2243	29
866	3	1982	29
866	3	2035	9
867	3	2243	29
867	3	2295	9
870	3	1930	29
870	3	1982	9
872	3	1826	29
872	3	1878	9
873	3	2243	29
873	3	2295	9
874	3	2139	29
874	3	2191	9
875	3	2035	9
877	3	1513	9
877	3	1669	29
878	3	1982	29
878	3	2035	9
882	3	1565	29
882	3	1617	9
884	3	2035	29
884	3	2087	9
885	3	1878	29
893	3	2243	29
893	3	2295	9
896	3	1826	29
896	3	1878	9
897	3	1982	29
899	3	1774	9
900	3	1982	29
900	3	2295	9
905	3	2139	29
905	3	2191	9
907	3	2139	29
908	3	2243	29
908	3	2295	9
909	3	2139	29
910	3	1774	29
910	3	1826	9
913	3	1669	9
917	3	1982	29
917	3	2035	9
921	3	2139	29
923	3	2035	29
923	3	2087	9
924	3	1930	9
924	3	2035	29
925	3	1774	29
925	3	1826	9
927	3	1617	9
931	3	1722	29
931	3	1774	9
932	3	2191	29
932	3	2243	9
935	3	1878	9
941	3	1930	29
942	3	1878	29
945	3	2191	29
947	3	1878	29
949	3	1669	29
949	3	1722	9
950	3	1826	29
956	3	1826	29
956	3	1878	9
959	3	2139	29
959	3	2191	9
961	3	2035	29
964	3	2295	29
968	3	1982	29
968	3	2035	9
969	3	1982	9
969	3	2243	29
971	3	2035	29
972	3	1669	29
972	3	2139	9
973	3	1826	29
973	3	1878	9
974	3	1774	29
975	3	2035	29
976	3	1774	29
976	3	1826	9
978	3	1565	29
978	3	1617	9
979	3	2139	29
982	3	1722	29
983	3	2243	29
990	3	1774	29
990	3	1826	9
992	3	1930	29
992	3	1982	9
998	3	2087	29
998	3	2139	9
999	3	1826	29
4	4	1774	29
8	4	2191	29
32	4	1774	29
40	4	2087	29
44	4	1930	29
50	4	1930	29
52	4	1722	29
55	4	1722	29
56	4	2191	29
57	4	2295	29
58	4	2243	29
59	4	1722	29
60	4	2139	29
62	4	2295	29
65	4	2035	29
68	4	2191	29
73	4	2191	29
84	4	2243	29
87	4	2295	29
88	4	1930	29
91	4	1565	29
96	4	1982	29
97	4	2139	29
106	4	1930	29
107	4	2295	29
110	4	2243	29
112	4	2243	29
119	4	1826	29
120	4	2139	29
130	4	1982	29
135	4	2035	29
136	4	1826	29
138	4	2295	29
139	4	1669	29
141	4	1722	29
142	4	2139	29
143	4	1930	29
145	4	1826	29
148	4	2243	29
151	4	1513	29
152	4	2295	29
153	4	2191	29
155	4	2295	29
156	4	2139	29
158	4	2191	29
159	4	1878	29
162	4	2035	29
168	4	2139	29
169	4	1565	29
174	4	2139	29
181	4	1826	29
182	4	2243	29
184	4	1774	29
187	4	2139	29
189	4	2087	29
192	4	2139	29
194	4	1617	29
196	4	2139	29
202	4	2191	29
205	4	1617	29
206	4	1461	29
221	4	2191	29
225	4	2295	29
226	4	1565	29
232	4	1826	29
233	4	1774	29
236	4	1617	29
238	4	1930	29
240	4	2087	29
244	4	2243	29
246	4	1826	29
247	4	1722	29
249	4	1930	29
250	4	1878	29
254	4	1774	29
260	4	2139	29
262	4	2139	29
264	4	1982	29
268	4	2035	29
271	4	2295	29
272	4	1878	29
273	4	2139	29
277	4	2139	29
278	4	1930	29
279	4	1774	29
280	4	1826	29
286	4	2087	29
290	4	2035	29
291	4	1722	29
293	4	2087	29
295	4	2243	29
300	4	1617	29
303	4	1669	29
309	4	2087	29
313	4	2035	29
316	4	1722	29
317	4	1722	29
318	4	2139	29
323	4	1774	29
327	4	2139	29
329	4	1565	29
333	4	2295	29
336	4	2035	29
337	4	1565	29
343	4	2295	29
344	4	1826	29
345	4	1982	29
347	4	1826	29
351	4	1826	29
354	4	1669	29
355	4	1982	29
356	4	2139	29
357	4	1826	29
363	4	2035	29
367	4	2139	29
369	4	2139	29
381	4	1982	29
383	4	2035	29
384	4	2035	29
385	4	1722	29
386	4	1774	29
387	4	2087	29
391	4	1826	29
395	4	1826	29
404	4	1982	29
405	4	1774	29
407	4	1982	29
411	4	1669	29
412	4	1669	29
413	4	1669	29
414	4	1774	29
415	4	1617	29
424	4	1878	29
428	4	2035	29
431	4	2139	29
433	4	1722	29
434	4	1878	29
436	4	1669	29
440	4	2035	29
441	4	1826	29
444	4	1722	29
448	4	2035	29
451	4	2295	29
468	4	2191	29
469	4	1617	29
473	4	1982	29
475	4	2139	29
477	4	1826	29
481	4	1930	29
482	4	2035	29
487	4	1513	29
490	4	2243	29
492	4	1774	29
499	4	1722	29
500	4	1878	29
503	4	1669	29
505	4	2035	29
506	4	2035	29
518	4	2035	29
521	4	2087	29
524	4	2243	29
525	4	1722	29
529	4	1878	29
533	4	1930	29
534	4	1878	29
539	4	1722	29
544	4	2087	29
545	4	1826	29
549	4	1774	29
551	4	1669	29
553	4	1826	29
555	4	2087	29
556	4	1774	29
557	4	1774	29
559	4	2243	29
565	4	1878	29
569	4	1930	29
575	4	1669	29
578	4	1826	29
579	4	2243	29
580	4	1930	29
581	4	1774	29
582	4	1826	29
584	4	2243	29
585	4	1669	29
587	4	1669	29
591	4	2139	29
592	4	1617	29
593	4	2243	29
595	4	1982	29
597	4	1826	29
599	4	1617	29
603	4	1565	29
607	4	2035	29
612	4	1774	29
613	4	2243	29
620	4	2139	29
621	4	2139	29
625	4	1774	29
626	4	2139	29
628	4	1774	29
630	4	1982	29
635	4	1408	29
639	4	2295	29
641	4	1826	29
642	4	2139	29
643	4	1722	29
644	4	1722	29
647	4	2243	29
649	4	1722	29
653	4	2243	29
654	4	1774	29
657	4	1722	29
662	4	1774	29
663	4	1982	29
664	4	2087	29
666	4	2139	29
668	4	1826	29
671	4	1930	29
677	4	1722	29
682	4	2191	29
686	4	1774	29
690	4	1826	29
691	4	2087	29
692	4	1722	29
696	4	2035	29
697	4	1722	29
705	4	1826	29
709	4	2295	29
710	4	1826	29
712	4	2139	29
715	4	2139	29
716	4	2243	29
717	4	1930	29
723	4	1774	29
727	4	1565	29
731	4	1617	29
733	4	1774	29
735	4	1722	29
737	4	2087	29
738	4	2295	29
739	4	2035	29
740	4	2243	29
741	4	1826	29
742	4	1878	29
743	4	2139	29
744	4	2139	29
745	4	2191	29
747	4	1930	29
749	4	1617	29
750	4	2191	29
751	4	1774	29
753	4	1722	29
755	4	2243	29
756	4	1878	29
759	4	1826	29
760	4	2243	29
763	4	1826	29
765	4	1826	29
771	4	1826	29
772	4	2191	29
773	4	2139	29
774	4	2139	29
776	4	1878	29
777	4	1930	29
779	4	1513	29
782	4	2139	29
793	4	2295	29
794	4	1826	29
796	4	1826	29
803	4	1617	29
809	4	1513	29
811	4	1565	29
812	4	2087	29
817	4	2191	29
819	4	2139	29
823	4	1722	29
824	4	1774	29
826	4	2139	29
827	4	1930	29
828	4	1774	29
829	4	1774	29
831	4	2087	29
832	4	1878	29
833	4	1617	29
834	4	2295	29
835	4	2035	29
838	4	1826	29
841	4	2243	29
843	4	1669	29
846	4	1826	29
848	4	1774	29
850	4	1669	29
853	4	2243	29
854	4	1930	29
856	4	1722	29
858	4	2139	29
863	4	2191	29
864	4	2087	29
865	4	2243	29
866	4	1982	29
867	4	2243	29
870	4	1930	29
872	4	1826	29
873	4	2243	29
874	4	2139	29
877	4	1669	29
878	4	1982	29
882	4	1565	29
884	4	2035	29
885	4	1878	29
893	4	2243	29
896	4	1826	29
897	4	1982	29
900	4	1982	29
905	4	2139	29
907	4	2139	29
908	4	2243	29
909	4	2139	29
910	4	1774	29
917	4	1982	29
921	4	2139	29
923	4	2035	29
924	4	2035	29
925	4	1774	29
931	4	1722	29
932	4	2191	29
941	4	1930	29
942	4	1878	29
945	4	2191	29
947	4	1878	29
949	4	1669	29
950	4	1826	29
956	4	1826	29
959	4	2139	29
961	4	2035	29
964	4	2295	29
968	4	1982	29
969	4	2243	29
971	4	2035	29
972	4	1669	29
973	4	1826	29
974	4	1774	29
975	4	2035	29
976	4	1774	29
978	4	1565	29
979	4	2139	29
982	4	1722	29
983	4	2243	29
990	4	1774	29
992	4	1930	29
998	4	2087	29
999	4	1826	29
4	5	1774	29
8	5	2191	29
32	5	1774	29
40	5	2087	29
44	5	1930	29
50	5	1930	29
52	5	1722	29
55	5	1722	29
56	5	2191	29
57	5	2295	29
58	5	2243	29
59	5	1722	29
60	5	2139	29
62	5	2295	29
65	5	2035	29
68	5	2191	29
73	5	2191	29
84	5	2243	29
87	5	2295	29
88	5	1930	29
91	5	1565	29
96	5	1982	29
97	5	2139	29
106	5	1930	29
107	5	2295	29
110	5	2243	29
112	5	2243	29
119	5	1826	29
120	5	2139	29
130	5	1982	29
135	5	2035	29
136	5	1826	29
138	5	2295	29
139	5	1669	29
141	5	1722	29
142	5	2139	29
143	5	1930	29
145	5	1826	29
148	5	2243	29
151	5	1513	29
152	5	2295	29
153	5	2191	29
155	5	2295	29
156	5	2139	29
158	5	2191	29
159	5	1878	29
162	5	2035	29
168	5	2139	29
169	5	1565	29
174	5	2139	29
181	5	1826	29
182	5	2243	29
184	5	1774	29
187	5	2139	29
189	5	2087	29
192	5	2139	29
194	5	1617	29
196	5	2139	29
202	5	2191	29
205	5	1617	29
206	5	1461	29
221	5	2191	29
225	5	2295	29
226	5	1565	29
232	5	1826	29
233	5	1774	29
236	5	1617	29
238	5	1930	29
240	5	2087	29
244	5	2243	29
246	5	1826	29
247	5	1722	29
249	5	1930	29
250	5	1878	29
254	5	1774	29
260	5	2139	29
262	5	2139	29
264	5	1982	29
268	5	2035	29
271	5	2295	29
272	5	1878	29
273	5	2139	29
277	5	2139	29
278	5	1930	29
279	5	1774	29
280	5	1826	29
286	5	2087	29
290	5	2035	29
291	5	1722	29
293	5	2087	29
295	5	2243	29
300	5	1617	29
303	5	1669	29
309	5	2087	29
313	5	2035	29
316	5	1722	29
317	5	1722	29
318	5	2139	29
323	5	1774	29
327	5	2139	29
329	5	1565	29
333	5	2295	29
336	5	2035	29
337	5	1565	29
343	5	2295	29
344	5	1826	29
345	5	1982	29
347	5	1826	29
351	5	1826	29
354	5	1669	29
355	5	1982	29
356	5	2139	29
357	5	1826	29
363	5	2035	29
367	5	2139	29
369	5	2139	29
381	5	1982	29
383	5	2035	29
384	5	2035	29
385	5	1722	29
386	5	1774	29
387	5	2087	29
391	5	1826	29
395	5	1826	29
404	5	1982	29
405	5	1774	29
407	5	1982	29
411	5	1669	29
412	5	1669	29
413	5	1669	29
414	5	1774	29
415	5	1617	29
424	5	1878	29
428	5	2035	29
431	5	2139	29
433	5	1722	29
434	5	1878	29
436	5	1669	29
440	5	2035	29
441	5	1826	29
444	5	1722	29
448	5	2035	29
451	5	2295	29
468	5	2191	29
469	5	1617	29
473	5	1982	29
475	5	2139	29
477	5	1826	29
481	5	1930	29
482	5	2035	29
487	5	1513	29
490	5	2243	29
492	5	1774	29
499	5	1722	29
500	5	1878	29
503	5	1669	29
505	5	2035	29
506	5	2035	29
518	5	2035	29
521	5	2087	29
524	5	2243	29
525	5	1722	29
529	5	1878	29
533	5	1930	29
534	5	1878	29
539	5	1722	29
544	5	2087	29
545	5	1826	29
549	5	1774	29
551	5	1669	29
553	5	1826	29
555	5	2087	29
556	5	1774	29
557	5	1774	29
559	5	2243	29
565	5	1878	29
569	5	1930	29
575	5	1669	29
578	5	1826	29
579	5	2243	29
580	5	1930	29
581	5	1774	29
582	5	1826	29
584	5	2243	29
585	5	1669	29
587	5	1669	29
591	5	2139	29
592	5	1617	29
593	5	2243	29
595	5	1982	29
597	5	1826	29
599	5	1617	29
603	5	1565	29
607	5	2035	29
612	5	1774	29
613	5	2243	29
620	5	2139	29
621	5	2139	29
625	5	1774	29
626	5	2139	29
628	5	1774	29
630	5	1982	29
635	5	1408	29
639	5	2295	29
641	5	1826	29
642	5	2139	29
643	5	1722	29
644	5	1722	29
647	5	2243	29
649	5	1722	29
653	5	2243	29
654	5	1774	29
657	5	1722	29
662	5	1774	29
663	5	1982	29
664	5	2087	29
666	5	2139	29
668	5	1826	29
671	5	1930	29
677	5	1722	29
682	5	2191	29
686	5	1774	29
690	5	1826	29
691	5	2087	29
692	5	1722	29
696	5	2035	29
697	5	1722	29
705	5	1826	29
709	5	2295	29
710	5	1826	29
712	5	2139	29
715	5	2139	29
716	5	2243	29
717	5	1930	29
723	5	1774	29
727	5	1565	29
731	5	1617	29
733	5	1774	29
735	5	1722	29
737	5	2087	29
738	5	2295	29
739	5	2035	29
740	5	2243	29
741	5	1826	29
742	5	1878	29
743	5	2139	29
744	5	2139	29
745	5	2191	29
747	5	1930	29
749	5	1617	29
750	5	2191	29
751	5	1774	29
753	5	1722	29
755	5	2243	29
756	5	1878	29
759	5	1826	29
760	5	2243	29
763	5	1826	29
765	5	1826	29
771	5	1826	29
772	5	2191	29
773	5	2139	29
774	5	2139	29
776	5	1878	29
777	5	1930	29
779	5	1513	29
782	5	2139	29
793	5	2295	29
794	5	1826	29
796	5	1826	29
803	5	1617	29
809	5	1513	29
811	5	1565	29
812	5	2087	29
817	5	2191	29
819	5	2139	29
823	5	1722	29
824	5	1774	29
826	5	2139	29
827	5	1930	29
828	5	1774	29
829	5	1774	29
831	5	2087	29
832	5	1878	29
833	5	1617	29
834	5	2295	29
835	5	2035	29
838	5	1826	29
841	5	2243	29
843	5	1669	29
846	5	1826	29
848	5	1774	29
850	5	1669	29
853	5	2243	29
854	5	1930	29
856	5	1722	29
858	5	2139	29
863	5	2191	29
864	5	2087	29
865	5	2243	29
866	5	1982	29
867	5	2243	29
870	5	1930	29
872	5	1826	29
873	5	2243	29
874	5	2139	29
877	5	1669	29
878	5	1982	29
882	5	1565	29
884	5	2035	29
885	5	1878	29
893	5	2243	29
896	5	1826	29
897	5	1982	29
900	5	1982	29
905	5	2139	29
907	5	2139	29
908	5	2243	29
909	5	2139	29
910	5	1774	29
917	5	1982	29
921	5	2139	29
923	5	2035	29
924	5	2035	29
925	5	1774	29
931	5	1722	29
932	5	2191	29
941	5	1930	29
942	5	1878	29
945	5	2191	29
947	5	1878	29
949	5	1669	29
950	5	1826	29
956	5	1826	29
959	5	2139	29
961	5	2035	29
964	5	2295	29
968	5	1982	29
969	5	2243	29
971	5	2035	29
972	5	1669	29
973	5	1826	29
974	5	1774	29
975	5	2035	29
976	5	1774	29
978	5	1565	29
979	5	2139	29
982	5	1722	29
983	5	2243	29
990	5	1774	29
992	5	1930	29
998	5	2087	29
999	5	1826	29
