Realization	utility	week	infra.
0	0	834	29
1	0	834	29
3	0	1461	23
4	0	1148	29
5	0	887	29
6	0	1356	23
7	0	1356	23
8	0	1148	29
10	0	887	29
14	0	730	29
15	0	887	29
16	0	991	29
17	0	834	29
18	0	1043	29
19	0	2295	23
20	0	1148	23
21	0	730	29
22	0	1722	23
23	0	887	29
24	0	782	29
25	0	2035	23
26	0	1356	23
27	0	991	29
28	0	1148	23
29	0	1982	23
30	0	1617	23
31	0	1878	23
32	0	1304	23
33	0	1513	23
34	0	1408	23
35	0	887	29
36	0	1200	23
37	0	1826	23
38	0	1513	23
39	0	1200	23
40	0	626	29
41	0	1408	23
42	0	1252	23
43	0	1148	23
45	0	1200	23
46	0	991	29
47	0	1461	23
49	0	1043	29
51	0	2243	23
53	0	1043	29
57	0	730	29
58	0	1095	29
59	0	991	29
61	0	1982	23
62	0	1148	29
63	0	1095	29
64	0	2295	23
65	0	1513	23
66	0	1669	23
67	0	1148	23
69	0	1356	23
71	0	1408	23
74	0	2139	23
75	0	991	29
79	0	1722	23
80	0	1513	23
81	0	1930	23
82	0	1878	23
83	0	1669	23
84	0	1878	23
86	0	1982	23
87	0	939	29
88	0	1200	23
89	0	1356	23
92	0	834	29
95	0	2035	23
96	0	1565	23
98	0	2139	23
99	0	1774	23
101	0	1774	23
102	0	1148	23
103	0	1722	23
104	0	1148	29
106	0	1148	23
107	0	782	29
108	0	991	29
109	0	1930	23
110	0	991	29
111	0	1826	23
112	0	1774	23
113	0	887	29
114	0	2191	23
116	0	1930	23
117	0	1774	23
118	0	1617	23
119	0	1669	23
120	0	1826	23
122	0	991	29
124	0	887	29
125	0	834	29
126	0	887	29
127	0	939	29
128	0	782	29
129	0	1878	23
131	0	1148	29
132	0	887	29
133	0	1408	23
134	0	1252	23
135	0	939	29
136	0	782	29
137	0	1252	23
138	0	730	29
139	0	834	29
139	0	2139	30
141	0	1043	29
142	0	1982	23
143	0	1669	23
145	0	1565	23
146	0	1200	23
147	0	1200	23
149	0	834	29
150	0	1148	23
151	0	1774	23
152	0	939	29
153	0	1252	23
154	0	1095	29
155	0	834	29
156	0	887	29
158	0	1043	29
159	0	782	29
160	0	1200	23
162	0	1356	23
163	0	2295	23
164	0	991	29
165	0	1095	29
166	0	2243	23
167	0	1930	23
169	0	887	29
170	0	834	29
171	0	2191	23
172	0	1356	23
173	0	1774	23
174	0	1461	23
175	0	1252	23
176	0	991	29
179	0	1148	23
181	0	626	29
183	0	887	29
185	0	1095	29
187	0	1356	23
188	0	2087	23
189	0	1304	23
189	0	1878	30
190	0	1669	23
191	0	887	29
192	0	1148	23
193	0	1408	23
196	0	782	29
198	0	1200	23
199	0	887	29
200	0	1408	23
201	0	2295	23
202	0	1252	23
203	0	1408	23
204	0	1356	23
205	0	1722	23
206	0	730	29
206	0	2035	30
207	0	939	29
208	0	1148	29
210	0	1461	23
212	0	1461	23
213	0	2295	23
215	0	1565	23
217	0	1148	23
218	0	1252	23
219	0	2243	23
221	0	1408	23
222	0	2139	23
224	0	1669	23
225	0	887	29
226	0	1148	29
227	0	1826	23
228	0	939	29
229	0	1200	23
230	0	939	29
231	0	834	29
232	0	991	29
233	0	1617	23
235	0	2139	23
236	0	1826	23
240	0	991	29
241	0	1252	23
242	0	1252	23
243	0	626	29
244	0	782	29
245	0	1774	23
248	0	834	29
249	0	834	29
250	0	782	29
251	0	1304	23
253	0	1982	23
256	0	1252	23
257	0	1617	23
258	0	834	29
259	0	939	29
260	0	939	29
262	0	1252	23
264	0	1565	23
265	0	939	29
266	0	1252	23
267	0	782	29
268	0	1408	23
269	0	887	29
270	0	2087	23
271	0	1200	23
272	0	939	29
274	0	1722	23
277	0	2035	23
280	0	1878	23
282	0	2243	23
283	0	1356	23
284	0	834	29
285	0	1408	23
286	0	887	29
288	0	1148	23
292	0	2035	23
293	0	730	29
294	0	887	29
295	0	1826	23
296	0	991	29
298	0	1408	23
299	0	991	29
300	0	2035	23
301	0	834	29
302	0	1200	23
303	0	887	29
304	0	834	29
306	0	834	29
307	0	887	29
309	0	782	29
310	0	1148	29
312	0	1774	23
314	0	2295	23
315	0	1252	23
317	0	1565	23
320	0	1617	23
321	0	887	29
322	0	991	29
324	0	1774	23
325	0	1774	23
326	0	730	29
327	0	1408	23
328	0	2087	23
330	0	1200	23
331	0	939	29
332	0	678	29
333	0	730	29
334	0	1826	23
335	0	782	29
336	0	1304	23
337	0	1930	23
339	0	991	29
340	0	1461	23
341	0	1513	23
342	0	834	29
343	0	730	29
345	0	1148	23
346	0	1148	29
347	0	1565	23
348	0	887	29
349	0	887	29
351	0	1617	23
352	0	1200	23
353	0	991	29
354	0	782	29
356	0	1565	23
357	0	1304	23
358	0	1513	23
360	0	1930	23
361	0	1356	23
364	0	939	29
366	0	1461	23
367	0	1878	23
368	0	730	29
369	0	1043	29
371	0	1461	23
372	0	1461	23
374	0	1930	23
376	0	1878	23
377	0	1408	23
378	0	1461	23
379	0	1252	23
380	0	2295	23
381	0	1930	23
382	0	939	29
384	0	1304	23
385	0	1513	23
387	0	1148	29
389	0	887	29
390	0	834	29
391	0	991	29
392	0	1930	23
393	0	834	29
394	0	1774	23
396	0	678	29
397	0	1513	23
399	0	887	29
400	0	1513	23
402	0	1304	23
404	0	1878	23
405	0	1722	23
406	0	1043	29
407	0	1461	23
410	0	1982	23
411	0	887	29
412	0	834	29
412	0	2139	30
413	0	834	29
414	0	1200	23
415	0	991	29
416	0	2243	23
417	0	1148	29
418	0	1043	29
419	0	626	29
420	0	1408	23
423	0	1356	23
424	0	1043	29
425	0	1878	23
426	0	1304	23
428	0	939	29
429	0	1200	23
430	0	991	29
431	0	834	29
432	0	1095	29
433	0	1356	23
434	0	1095	29
435	0	939	29
436	0	887	29
437	0	834	29
438	0	1095	29
439	0	2295	23
440	0	1722	23
442	0	1513	23
445	0	939	29
446	0	1930	23
447	0	2295	23
451	0	1200	23
452	0	1930	23
453	0	834	29
455	0	1304	23
456	0	1669	23
457	0	1565	23
460	0	991	29
461	0	834	29
462	0	1617	23
463	0	991	29
464	0	1356	23
465	0	834	29
466	0	678	29
467	0	887	29
468	0	834	29
469	0	782	29
471	0	1722	23
472	0	1200	23
473	0	939	29
474	0	1095	29
475	0	1878	23
478	0	2191	23
481	0	1148	29
482	0	1095	29
485	0	1774	23
486	0	1617	23
487	0	939	29
488	0	1669	23
489	0	782	29
490	0	1148	23
491	0	1513	23
492	0	1304	23
494	0	991	29
495	0	1252	23
496	0	1148	23
497	0	887	29
498	0	1774	23
499	0	2087	23
500	0	939	29
501	0	1878	23
502	0	1565	23
503	0	782	29
505	0	1982	23
506	0	1722	23
508	0	939	29
512	0	1200	23
513	0	1408	23
514	0	1304	23
515	0	887	29
516	0	1930	23
517	0	1461	23
518	0	1408	23
519	0	1148	23
520	0	1669	23
521	0	939	29
522	0	1252	23
523	0	1095	29
525	0	1095	29
527	0	678	29
528	0	782	29
529	0	939	29
530	0	1513	23
531	0	1408	23
532	0	1565	23
534	0	991	29
536	0	1617	23
537	0	1304	23
538	0	782	29
539	0	834	29
541	0	1826	23
542	0	1669	23
543	0	1408	23
544	0	1148	23
544	0	1722	30
546	0	1461	23
547	0	1148	23
549	0	1565	23
550	0	730	29
551	0	1043	29
553	0	1148	23
554	0	834	29
555	0	939	29
556	0	1252	23
558	0	939	29
559	0	1461	23
562	0	1356	23
563	0	1148	23
564	0	1982	23
565	0	991	29
566	0	1461	23
567	0	1669	23
568	0	887	29
569	0	1356	23
570	0	1617	23
571	0	887	29
575	0	782	29
576	0	1461	23
577	0	887	29
578	0	2035	23
581	0	1513	23
582	0	1565	23
583	0	782	29
584	0	1826	23
585	0	678	29
586	0	1148	29
587	0	887	29
588	0	1200	23
589	0	1200	23
590	0	1200	23
591	0	2295	23
593	0	1982	23
594	0	1826	23
595	0	939	29
596	0	1408	23
597	0	2295	23
598	0	834	29
599	0	887	29
600	0	2243	23
601	0	1461	23
604	0	1356	23
605	0	1356	23
606	0	1148	29
607	0	939	29
608	0	939	29
611	0	1513	23
612	0	1408	23
614	0	1356	23
615	0	1722	23
616	0	1252	23
619	0	2191	23
620	0	939	29
621	0	1252	23
622	0	834	29
623	0	2087	23
624	0	939	29
625	0	1356	23
626	0	1148	29
627	0	1304	23
628	0	1200	23
629	0	2087	23
630	0	1513	23
631	0	1148	29
632	0	834	29
634	0	1408	23
639	0	1043	29
642	0	1565	23
644	0	1930	23
645	0	1252	23
646	0	991	29
648	0	1461	23
649	0	1252	23
650	0	1930	23
652	0	1408	23
653	0	1200	23
654	0	1826	23
655	0	1304	23
656	0	1356	23
658	0	939	29
659	0	1461	23
661	0	1148	29
662	0	1252	23
663	0	1722	23
664	0	730	29
665	0	730	29
666	0	887	29
668	0	1669	23
669	0	1408	23
670	0	1565	23
672	0	1826	23
673	0	1565	23
674	0	1252	23
675	0	1252	23
676	0	834	29
677	0	1148	23
678	0	991	29
680	0	1252	23
682	0	1722	23
684	0	1252	23
685	0	1982	23
686	0	1982	23
688	0	1774	23
689	0	1408	23
691	0	1148	29
692	0	1148	29
693	0	1148	23
694	0	1252	23
695	0	730	29
696	0	2087	23
697	0	1095	29
698	0	1826	23
699	0	1461	23
700	0	2087	23
701	0	1304	23
703	0	834	29
705	0	1617	23
706	0	887	29
707	0	1513	23
708	0	1148	23
709	0	1043	29
710	0	1043	29
711	0	1356	23
712	0	1252	23
714	0	782	29
715	0	1722	23
716	0	887	29
717	0	1356	23
718	0	1043	29
721	0	1200	23
722	0	834	29
724	0	2243	23
725	0	1043	29
726	0	1200	23
728	0	2191	23
729	0	1878	23
730	0	1356	23
731	0	782	29
732	0	1930	23
733	0	1148	23
734	0	887	29
735	0	2243	23
736	0	2139	23
737	0	991	29
738	0	1148	29
739	0	1513	23
741	0	1722	23
742	0	887	29
743	0	887	29
744	0	1461	23
745	0	1930	23
746	0	1617	23
750	0	2035	23
752	0	1356	23
753	0	939	29
754	0	991	29
755	0	887	29
756	0	1095	29
757	0	2087	23
758	0	782	29
760	0	2087	23
761	0	1722	23
762	0	1252	23
763	0	1565	23
765	0	887	29
766	0	2035	23
767	0	1461	23
771	0	1461	23
772	0	1878	23
773	0	1722	23
774	0	887	29
775	0	2243	23
776	0	782	29
778	0	1774	23
779	0	2295	23
780	0	2243	23
781	0	1095	29
782	0	1982	23
784	0	939	29
785	0	2087	23
787	0	1826	23
788	0	1148	23
789	0	1148	29
790	0	1774	23
791	0	2243	23
793	0	782	29
794	0	887	29
795	0	2191	23
797	0	939	29
798	0	1200	23
801	0	1774	23
802	0	1408	23
803	0	1148	29
804	0	1774	23
806	0	2243	23
807	0	834	29
809	0	2139	23
810	0	887	29
811	0	834	29
812	0	939	29
813	0	1774	23
815	0	939	29
816	0	1356	23
818	0	1513	23
819	0	2035	23
820	0	2087	23
821	0	1565	23
822	0	887	29
823	0	887	29
824	0	1408	23
825	0	1304	23
826	0	1408	23
828	0	1669	23
830	0	1565	23
831	0	1148	23
831	0	2295	30
832	0	939	29
833	0	1565	23
834	0	991	29
835	0	1774	23
837	0	1930	23
838	0	939	29
839	0	1774	23
840	0	782	29
841	0	991	29
842	0	1408	23
843	0	991	29
845	0	1722	23
847	0	1617	23
848	0	730	29
850	0	991	29
853	0	1930	23
854	0	1304	23
855	0	2295	23
856	0	1930	23
858	0	1356	23
861	0	991	29
862	0	1982	23
863	0	1043	29
864	0	730	29
865	0	1408	23
866	0	782	29
867	0	1565	23
868	0	1513	23
869	0	1252	23
870	0	1617	23
871	0	1408	23
873	0	834	29
875	0	1252	23
876	0	991	29
877	0	887	29
878	0	1617	23
879	0	1930	23
880	0	782	29
882	0	1617	23
884	0	991	29
885	0	991	29
886	0	2087	23
887	0	1356	23
889	0	2035	23
890	0	1565	23
891	0	991	29
892	0	1878	23
894	0	1878	23
895	0	1826	23
897	0	1148	29
898	0	991	29
899	0	887	29
900	0	1722	23
901	0	834	29
902	0	1252	23
903	0	939	29
905	0	1982	23
908	0	887	29
909	0	2243	23
910	0	1513	23
912	0	887	29
913	0	1722	23
914	0	1095	29
915	0	1565	23
916	0	1043	29
917	0	1930	23
918	0	1617	23
919	0	2295	23
920	0	2243	23
922	0	1826	23
924	0	991	29
925	0	939	29
926	0	1148	29
927	0	1461	23
929	0	1200	23
931	0	887	29
932	0	1669	23
933	0	1513	23
934	0	1513	23
935	0	1043	29
936	0	1878	23
937	0	1982	23
938	0	1513	23
940	0	1095	29
941	0	782	29
942	0	887	29
944	0	1774	23
946	0	1148	23
947	0	887	29
948	0	939	29
949	0	782	29
950	0	782	29
953	0	834	29
954	0	834	29
960	0	1408	23
961	0	1252	23
963	0	1878	23
964	0	939	29
965	0	1408	23
966	0	939	29
968	0	1826	23
969	0	1304	23
971	0	1200	23
972	0	834	29
973	0	782	29
976	0	1148	23
978	0	991	29
979	0	1565	23
980	0	2139	23
981	0	1200	23
983	0	887	29
984	0	1304	23
985	0	1461	23
988	0	1930	23
989	0	782	29
990	0	2243	23
995	0	887	29
998	0	1095	29
0	1	834	29
1	1	834	29
4	1	1148	29
5	1	887	29
8	1	1148	29
10	1	887	29
14	1	730	29
15	1	887	29
16	1	991	29
17	1	834	29
18	1	1043	29
21	1	730	29
23	1	887	29
24	1	782	29
27	1	991	29
35	1	887	29
40	1	626	29
46	1	991	29
49	1	1043	29
53	1	1043	29
57	1	730	29
58	1	1095	29
59	1	991	29
62	1	1148	29
63	1	1095	29
75	1	991	29
87	1	939	29
92	1	834	29
104	1	1148	29
107	1	782	29
108	1	991	29
110	1	991	29
113	1	887	29
122	1	991	29
124	1	887	29
125	1	834	29
126	1	887	29
127	1	939	29
128	1	782	29
131	1	1148	29
132	1	887	29
135	1	939	29
136	1	782	29
138	1	730	29
139	1	834	29
139	1	2139	30
141	1	1043	29
149	1	834	29
152	1	939	29
154	1	1095	29
155	1	834	29
156	1	887	29
158	1	1043	29
159	1	782	29
164	1	991	29
165	1	1095	29
169	1	887	29
170	1	834	29
176	1	991	29
181	1	626	29
183	1	887	29
185	1	1095	29
189	1	1878	30
191	1	887	29
196	1	782	29
199	1	887	29
206	1	730	29
206	1	2035	30
207	1	939	29
208	1	1148	29
225	1	887	29
226	1	1148	29
228	1	939	29
230	1	939	29
231	1	834	29
232	1	991	29
240	1	991	29
243	1	626	29
244	1	782	29
248	1	834	29
249	1	834	29
250	1	782	29
258	1	834	29
259	1	939	29
260	1	939	29
265	1	939	29
267	1	782	29
269	1	887	29
272	1	939	29
284	1	834	29
286	1	887	29
293	1	730	29
294	1	887	29
296	1	991	29
299	1	991	29
301	1	834	29
303	1	887	29
304	1	834	29
306	1	834	29
307	1	887	29
309	1	782	29
310	1	1148	29
321	1	887	29
322	1	991	29
326	1	730	29
331	1	939	29
332	1	678	29
333	1	730	29
335	1	782	29
339	1	991	29
342	1	834	29
343	1	730	29
346	1	1148	29
348	1	887	29
349	1	887	29
353	1	991	29
354	1	782	29
364	1	939	29
368	1	730	29
369	1	1043	29
382	1	939	29
387	1	1148	29
389	1	887	29
390	1	834	29
391	1	991	29
393	1	834	29
396	1	678	29
399	1	887	29
406	1	1043	29
411	1	887	29
412	1	834	29
412	1	2139	30
413	1	834	29
415	1	991	29
417	1	1148	29
418	1	1043	29
419	1	626	29
424	1	1043	29
428	1	939	29
430	1	991	29
431	1	834	29
432	1	1095	29
434	1	1095	29
435	1	939	29
436	1	887	29
437	1	834	29
438	1	1095	29
445	1	939	29
453	1	834	29
460	1	991	29
461	1	834	29
463	1	991	29
465	1	834	29
466	1	678	29
467	1	887	29
468	1	834	29
469	1	782	29
473	1	939	29
474	1	1095	29
481	1	1148	29
482	1	1095	29
487	1	939	29
489	1	782	29
494	1	991	29
497	1	887	29
500	1	939	29
503	1	782	29
508	1	939	29
515	1	887	29
521	1	939	29
523	1	1095	29
525	1	1095	29
527	1	678	29
528	1	782	29
529	1	939	29
534	1	991	29
538	1	782	29
539	1	834	29
544	1	1722	30
550	1	730	29
551	1	1043	29
554	1	834	29
555	1	939	29
558	1	939	29
565	1	991	29
568	1	887	29
571	1	887	29
575	1	782	29
577	1	887	29
583	1	782	29
585	1	678	29
586	1	1148	29
587	1	887	29
595	1	939	29
598	1	834	29
599	1	887	29
606	1	1148	29
607	1	939	29
608	1	939	29
620	1	939	29
622	1	834	29
624	1	939	29
626	1	1148	29
631	1	1148	29
632	1	834	29
639	1	1043	29
646	1	991	29
658	1	939	29
661	1	1148	29
664	1	730	29
665	1	730	29
666	1	887	29
676	1	834	29
678	1	991	29
691	1	1148	29
692	1	1148	29
695	1	730	29
697	1	1095	29
703	1	834	29
706	1	887	29
709	1	1043	29
710	1	1043	29
714	1	782	29
716	1	887	29
718	1	1043	29
722	1	834	29
725	1	1043	29
731	1	782	29
734	1	887	29
737	1	991	29
738	1	1148	29
742	1	887	29
743	1	887	29
753	1	939	29
754	1	991	29
755	1	887	29
756	1	1095	29
758	1	782	29
765	1	887	29
774	1	887	29
776	1	782	29
781	1	1095	29
784	1	939	29
789	1	1148	29
793	1	782	29
794	1	887	29
797	1	939	29
803	1	1148	29
807	1	834	29
810	1	887	29
811	1	834	29
812	1	939	29
815	1	939	29
822	1	887	29
823	1	887	29
831	1	2295	30
832	1	939	29
834	1	991	29
838	1	939	29
840	1	782	29
841	1	991	29
843	1	991	29
848	1	730	29
850	1	991	29
861	1	991	29
863	1	1043	29
864	1	730	29
866	1	782	29
873	1	834	29
876	1	991	29
877	1	887	29
880	1	782	29
884	1	991	29
885	1	991	29
891	1	991	29
897	1	1148	29
898	1	991	29
899	1	887	29
901	1	834	29
903	1	939	29
908	1	887	29
912	1	887	29
914	1	1095	29
916	1	1043	29
924	1	991	29
925	1	939	29
926	1	1148	29
931	1	887	29
935	1	1043	29
940	1	1095	29
941	1	782	29
942	1	887	29
947	1	887	29
948	1	939	29
949	1	782	29
950	1	782	29
953	1	834	29
954	1	834	29
964	1	939	29
966	1	939	29
972	1	834	29
973	1	782	29
978	1	991	29
983	1	887	29
989	1	782	29
995	1	887	29
998	1	1095	29
0	2	313	26
1	2	313	26
2	2	313	26
3	2	313	26
4	2	313	26
5	2	313	26
6	2	313	26
7	2	313	26
8	2	313	26
9	2	313	26
10	2	313	26
11	2	313	26
12	2	313	26
13	2	313	26
14	2	313	26
15	2	313	26
16	2	313	26
17	2	313	26
18	2	313	26
19	2	313	26
20	2	313	26
21	2	313	26
22	2	313	26
23	2	313	26
24	2	313	26
25	2	313	26
26	2	313	26
27	2	313	26
28	2	313	26
29	2	313	26
30	2	313	26
31	2	313	26
32	2	313	26
33	2	313	26
34	2	313	26
35	2	313	26
36	2	313	26
37	2	313	26
38	2	313	26
39	2	313	26
40	2	313	26
41	2	313	26
42	2	313	26
43	2	313	26
44	2	313	26
45	2	313	26
46	2	313	26
47	2	313	26
48	2	313	26
49	2	313	26
50	2	313	26
51	2	313	26
52	2	313	26
53	2	313	26
54	2	313	26
55	2	313	26
56	2	313	26
57	2	313	26
58	2	313	26
59	2	313	26
60	2	313	26
61	2	313	26
62	2	313	26
63	2	313	26
64	2	313	26
65	2	313	26
66	2	313	26
67	2	313	26
68	2	313	26
69	2	313	26
70	2	313	26
71	2	313	26
72	2	313	26
73	2	313	26
74	2	313	26
75	2	313	26
76	2	313	26
77	2	313	26
78	2	313	26
79	2	313	26
80	2	313	26
81	2	313	26
82	2	313	26
83	2	313	26
84	2	313	26
85	2	313	26
86	2	313	26
87	2	313	26
88	2	313	26
89	2	313	26
90	2	313	26
91	2	313	26
92	2	313	26
93	2	313	26
94	2	313	26
95	2	313	26
96	2	313	26
97	2	313	26
98	2	313	26
99	2	313	26
100	2	313	26
101	2	313	26
102	2	313	26
103	2	313	26
104	2	313	26
105	2	313	26
106	2	313	26
107	2	313	26
108	2	313	26
109	2	313	26
110	2	313	26
111	2	313	26
112	2	313	26
113	2	313	26
114	2	313	26
115	2	313	26
116	2	313	26
117	2	313	26
118	2	313	26
119	2	313	26
120	2	313	26
121	2	313	26
122	2	313	26
123	2	313	26
124	2	313	26
125	2	313	26
126	2	313	26
127	2	313	26
128	2	313	26
129	2	313	26
130	2	313	26
131	2	313	26
132	2	313	26
133	2	313	26
134	2	313	26
135	2	313	26
136	2	313	26
137	2	313	26
138	2	313	26
139	2	313	26
140	2	313	26
141	2	313	26
142	2	313	26
143	2	313	26
144	2	313	26
145	2	313	26
146	2	313	26
147	2	313	26
148	2	313	26
149	2	313	26
150	2	313	26
151	2	313	26
152	2	313	26
153	2	313	26
154	2	313	26
155	2	313	26
156	2	313	26
157	2	313	26
158	2	313	26
159	2	313	26
160	2	313	26
161	2	313	26
162	2	313	26
163	2	313	26
164	2	313	26
165	2	313	26
166	2	313	26
167	2	313	26
168	2	313	26
169	2	313	26
170	2	313	26
171	2	313	26
172	2	313	26
173	2	313	26
174	2	313	26
175	2	313	26
176	2	313	26
177	2	313	26
178	2	313	26
179	2	313	26
180	2	313	26
181	2	313	26
182	2	313	26
183	2	313	26
184	2	313	26
185	2	313	26
186	2	313	26
187	2	313	26
188	2	313	26
189	2	313	26
190	2	313	26
191	2	313	26
192	2	313	26
193	2	313	26
194	2	313	26
195	2	313	26
196	2	313	26
197	2	313	26
198	2	313	26
199	2	313	26
200	2	313	26
201	2	313	26
202	2	313	26
203	2	313	26
204	2	313	26
205	2	313	26
206	2	313	26
207	2	313	26
208	2	313	26
209	2	313	26
210	2	313	26
211	2	313	26
212	2	313	26
213	2	313	26
214	2	313	26
215	2	313	26
216	2	313	26
217	2	313	26
218	2	313	26
219	2	313	26
220	2	313	26
221	2	313	26
222	2	313	26
223	2	313	26
224	2	313	26
225	2	313	26
226	2	313	26
227	2	313	26
228	2	313	26
229	2	313	26
230	2	313	26
231	2	313	26
232	2	313	26
233	2	313	26
234	2	313	26
235	2	313	26
236	2	313	26
237	2	313	26
238	2	313	26
239	2	313	26
240	2	313	26
241	2	313	26
242	2	313	26
243	2	313	26
244	2	313	26
245	2	313	26
246	2	313	26
247	2	313	26
248	2	313	26
249	2	313	26
250	2	313	26
251	2	313	26
252	2	313	26
253	2	313	26
254	2	313	26
255	2	313	26
256	2	313	26
257	2	313	26
258	2	313	26
259	2	313	26
260	2	313	26
261	2	313	26
262	2	313	26
263	2	313	26
264	2	313	26
265	2	313	26
266	2	313	26
267	2	313	26
268	2	313	26
269	2	313	26
270	2	313	26
271	2	313	26
272	2	313	26
273	2	313	26
274	2	313	26
275	2	313	26
276	2	313	26
277	2	313	26
278	2	313	26
279	2	313	26
280	2	313	26
281	2	313	26
282	2	313	26
283	2	313	26
284	2	313	26
285	2	313	26
286	2	313	26
287	2	313	26
288	2	313	26
289	2	313	26
290	2	313	26
291	2	313	26
292	2	313	26
293	2	313	26
294	2	313	26
295	2	313	26
296	2	313	26
297	2	313	26
298	2	313	26
299	2	313	26
300	2	313	26
301	2	313	26
302	2	313	26
303	2	313	26
304	2	313	26
305	2	313	26
306	2	313	26
307	2	313	26
308	2	313	26
309	2	313	26
310	2	313	26
311	2	313	26
312	2	313	26
313	2	313	26
314	2	313	26
315	2	313	26
316	2	313	26
317	2	313	26
318	2	313	26
319	2	313	26
320	2	313	26
321	2	313	26
322	2	313	26
323	2	313	26
324	2	313	26
325	2	313	26
326	2	313	26
327	2	313	26
328	2	313	26
329	2	313	26
330	2	313	26
331	2	313	26
332	2	313	26
333	2	313	26
334	2	313	26
335	2	313	26
336	2	313	26
337	2	313	26
338	2	313	26
339	2	313	26
340	2	313	26
341	2	313	26
342	2	313	26
343	2	313	26
344	2	313	26
345	2	313	26
346	2	313	26
347	2	313	26
348	2	313	26
349	2	313	26
350	2	313	26
351	2	313	26
352	2	313	26
353	2	313	26
354	2	313	26
355	2	313	26
356	2	313	26
357	2	313	26
358	2	313	26
359	2	313	26
360	2	313	26
361	2	313	26
362	2	313	26
363	2	313	26
364	2	313	26
365	2	313	26
366	2	313	26
367	2	313	26
368	2	313	26
369	2	313	26
370	2	313	26
371	2	313	26
372	2	313	26
373	2	313	26
374	2	313	26
375	2	313	26
376	2	313	26
377	2	313	26
378	2	313	26
379	2	313	26
380	2	313	26
381	2	313	26
382	2	313	26
383	2	313	26
384	2	313	26
385	2	313	26
386	2	313	26
387	2	313	26
388	2	313	26
389	2	313	26
390	2	313	26
391	2	313	26
392	2	313	26
393	2	313	26
394	2	313	26
395	2	313	26
396	2	313	26
397	2	313	26
398	2	313	26
399	2	313	26
400	2	313	26
401	2	313	26
402	2	313	26
403	2	313	26
404	2	313	26
405	2	313	26
406	2	313	26
407	2	313	26
408	2	313	26
409	2	313	26
410	2	313	26
411	2	313	26
412	2	313	26
413	2	313	26
414	2	313	26
415	2	313	26
416	2	313	26
417	2	313	26
418	2	313	26
419	2	313	26
420	2	313	26
421	2	313	26
422	2	313	26
423	2	313	26
424	2	313	26
425	2	313	26
426	2	313	26
427	2	313	26
428	2	313	26
429	2	313	26
430	2	313	26
431	2	313	26
432	2	313	26
433	2	313	26
434	2	313	26
435	2	313	26
436	2	313	26
437	2	313	26
438	2	313	26
439	2	313	26
440	2	313	26
441	2	313	26
442	2	313	26
443	2	313	26
444	2	313	26
445	2	313	26
446	2	313	26
447	2	313	26
448	2	313	26
449	2	313	26
450	2	313	26
451	2	313	26
452	2	313	26
453	2	313	26
454	2	313	26
455	2	313	26
456	2	313	26
457	2	313	26
458	2	313	26
459	2	313	26
460	2	313	26
461	2	313	26
462	2	313	26
463	2	313	26
464	2	313	26
465	2	313	26
466	2	313	26
467	2	313	26
468	2	313	26
469	2	313	26
470	2	313	26
471	2	313	26
472	2	313	26
473	2	313	26
474	2	313	26
475	2	313	26
476	2	313	26
477	2	313	26
478	2	313	26
479	2	313	26
480	2	313	26
481	2	313	26
482	2	313	26
483	2	313	26
484	2	313	26
485	2	313	26
486	2	313	26
487	2	313	26
488	2	313	26
489	2	313	26
490	2	313	26
491	2	313	26
492	2	313	26
493	2	313	26
494	2	313	26
495	2	313	26
496	2	313	26
497	2	313	26
498	2	313	26
499	2	313	26
500	2	313	26
501	2	313	26
502	2	313	26
503	2	313	26
504	2	313	26
505	2	313	26
506	2	313	26
507	2	313	26
508	2	313	26
509	2	313	26
510	2	313	26
511	2	313	26
512	2	313	26
513	2	313	26
514	2	313	26
515	2	313	26
516	2	313	26
517	2	313	26
518	2	313	26
519	2	313	26
520	2	313	26
521	2	313	26
522	2	313	26
523	2	313	26
524	2	313	26
525	2	313	26
526	2	313	26
527	2	313	26
528	2	313	26
529	2	313	26
530	2	313	26
531	2	313	26
532	2	313	26
533	2	313	26
534	2	313	26
535	2	313	26
536	2	313	26
537	2	313	26
538	2	313	26
539	2	313	26
540	2	313	26
541	2	313	26
542	2	313	26
543	2	313	26
544	2	313	26
545	2	313	26
546	2	313	26
547	2	313	26
548	2	313	26
549	2	313	26
550	2	313	26
551	2	313	26
552	2	313	26
553	2	313	26
554	2	313	26
555	2	313	26
556	2	313	26
557	2	313	26
558	2	313	26
559	2	313	26
560	2	313	26
561	2	313	26
562	2	313	26
563	2	313	26
564	2	313	26
565	2	313	26
566	2	313	26
567	2	313	26
568	2	313	26
569	2	313	26
570	2	313	26
571	2	313	26
572	2	313	26
573	2	313	26
574	2	313	26
575	2	313	26
576	2	313	26
577	2	313	26
578	2	313	26
579	2	313	26
580	2	313	26
581	2	313	26
582	2	313	26
583	2	313	26
584	2	313	26
585	2	313	26
586	2	313	26
587	2	313	26
588	2	313	26
589	2	313	26
590	2	313	26
591	2	313	26
592	2	313	26
593	2	313	26
594	2	313	26
595	2	313	26
596	2	313	26
597	2	313	26
598	2	313	26
599	2	313	26
600	2	313	26
601	2	313	26
602	2	313	26
603	2	313	26
604	2	313	26
605	2	313	26
606	2	313	26
607	2	313	26
608	2	313	26
609	2	313	26
610	2	313	26
611	2	313	26
612	2	313	26
613	2	313	26
614	2	313	26
615	2	313	26
616	2	313	26
617	2	313	26
618	2	313	26
619	2	313	26
620	2	313	26
621	2	313	26
622	2	313	26
623	2	313	26
624	2	313	26
625	2	313	26
626	2	313	26
627	2	313	26
628	2	313	26
629	2	313	26
630	2	313	26
631	2	313	26
632	2	313	26
633	2	313	26
634	2	313	26
635	2	313	26
636	2	313	26
637	2	313	26
638	2	313	26
639	2	313	26
640	2	313	26
641	2	313	26
642	2	313	26
643	2	313	26
644	2	313	26
645	2	313	26
646	2	313	26
647	2	313	26
648	2	313	26
649	2	313	26
650	2	313	26
651	2	313	26
652	2	313	26
653	2	313	26
654	2	313	26
655	2	313	26
656	2	313	26
657	2	313	26
658	2	313	26
659	2	313	26
660	2	313	26
661	2	313	26
662	2	313	26
663	2	313	26
664	2	313	26
665	2	313	26
666	2	313	26
667	2	313	26
668	2	313	26
669	2	313	26
670	2	313	26
671	2	313	26
672	2	313	26
673	2	313	26
674	2	313	26
675	2	313	26
676	2	313	26
677	2	313	26
678	2	313	26
679	2	313	26
680	2	313	26
681	2	313	26
682	2	313	26
683	2	313	26
684	2	313	26
685	2	313	26
686	2	313	26
687	2	313	26
688	2	313	26
689	2	313	26
690	2	313	26
691	2	313	26
692	2	313	26
693	2	313	26
694	2	313	26
695	2	313	26
696	2	313	26
697	2	313	26
698	2	313	26
699	2	313	26
700	2	313	26
701	2	313	26
702	2	313	26
703	2	313	26
704	2	313	26
705	2	313	26
706	2	313	26
707	2	313	26
708	2	313	26
709	2	313	26
710	2	313	26
711	2	313	26
712	2	313	26
713	2	313	26
714	2	313	26
715	2	313	26
716	2	313	26
717	2	313	26
718	2	313	26
719	2	313	26
720	2	313	26
721	2	313	26
722	2	313	26
723	2	313	26
724	2	313	26
725	2	313	26
726	2	313	26
727	2	313	26
728	2	313	26
729	2	313	26
730	2	313	26
731	2	313	26
732	2	313	26
733	2	313	26
734	2	313	26
735	2	313	26
736	2	313	26
737	2	313	26
738	2	313	26
739	2	313	26
740	2	313	26
741	2	313	26
742	2	313	26
743	2	313	26
744	2	313	26
745	2	313	26
746	2	313	26
747	2	313	26
748	2	313	26
749	2	313	26
750	2	313	26
751	2	313	26
752	2	313	26
753	2	313	26
754	2	313	26
755	2	313	26
756	2	313	26
757	2	313	26
758	2	313	26
759	2	313	26
760	2	313	26
761	2	313	26
762	2	313	26
763	2	313	26
764	2	313	26
765	2	313	26
766	2	313	26
767	2	313	26
768	2	313	26
769	2	313	26
770	2	313	26
771	2	313	26
772	2	313	26
773	2	313	26
774	2	313	26
775	2	313	26
776	2	313	26
777	2	313	26
778	2	313	26
779	2	313	26
780	2	313	26
781	2	313	26
782	2	313	26
783	2	313	26
784	2	313	26
785	2	313	26
786	2	313	26
787	2	313	26
788	2	313	26
789	2	313	26
790	2	313	26
791	2	313	26
792	2	313	26
793	2	313	26
794	2	313	26
795	2	313	26
796	2	313	26
797	2	313	26
798	2	313	26
799	2	313	26
800	2	313	26
801	2	313	26
802	2	313	26
803	2	313	26
804	2	313	26
805	2	313	26
806	2	313	26
807	2	313	26
808	2	313	26
809	2	313	26
810	2	313	26
811	2	313	26
812	2	313	26
813	2	313	26
814	2	313	26
815	2	313	26
816	2	313	26
817	2	313	26
818	2	313	26
819	2	313	26
820	2	313	26
821	2	313	26
822	2	313	26
823	2	313	26
824	2	313	26
825	2	313	26
826	2	313	26
827	2	313	26
828	2	313	26
829	2	313	26
830	2	313	26
831	2	313	26
832	2	313	26
833	2	313	26
834	2	313	26
835	2	313	26
836	2	313	26
837	2	313	26
838	2	313	26
839	2	313	26
840	2	313	26
841	2	313	26
842	2	313	26
843	2	313	26
844	2	313	26
845	2	313	26
846	2	313	26
847	2	313	26
848	2	313	26
849	2	313	26
850	2	313	26
851	2	313	26
852	2	313	26
853	2	313	26
854	2	313	26
855	2	313	26
856	2	313	26
857	2	313	26
858	2	313	26
859	2	313	26
860	2	313	26
861	2	313	26
862	2	313	26
863	2	313	26
864	2	313	26
865	2	313	26
866	2	313	26
867	2	313	26
868	2	313	26
869	2	313	26
870	2	313	26
871	2	313	26
872	2	313	26
873	2	313	26
874	2	313	26
875	2	313	26
876	2	313	26
877	2	313	26
878	2	313	26
879	2	313	26
880	2	313	26
881	2	313	26
882	2	313	26
883	2	313	26
884	2	313	26
885	2	313	26
886	2	313	26
887	2	313	26
888	2	313	26
889	2	313	26
890	2	313	26
891	2	313	26
892	2	313	26
893	2	313	26
894	2	313	26
895	2	313	26
896	2	313	26
897	2	313	26
898	2	313	26
899	2	313	26
900	2	313	26
901	2	313	26
902	2	313	26
903	2	313	26
904	2	313	26
905	2	313	26
906	2	313	26
907	2	313	26
908	2	313	26
909	2	313	26
910	2	313	26
911	2	313	26
912	2	313	26
913	2	313	26
914	2	313	26
915	2	313	26
916	2	313	26
917	2	313	26
918	2	313	26
919	2	313	26
920	2	313	26
921	2	313	26
922	2	313	26
923	2	313	26
924	2	313	26
925	2	313	26
926	2	313	26
927	2	313	26
928	2	313	26
929	2	313	26
930	2	313	26
931	2	313	26
932	2	313	26
933	2	313	26
934	2	313	26
935	2	313	26
936	2	313	26
937	2	313	26
938	2	313	26
939	2	313	26
940	2	313	26
941	2	313	26
942	2	313	26
943	2	313	26
944	2	313	26
945	2	313	26
946	2	313	26
947	2	313	26
948	2	313	26
949	2	313	26
950	2	313	26
951	2	313	26
952	2	313	26
953	2	313	26
954	2	313	26
955	2	313	26
956	2	313	26
957	2	313	26
958	2	313	26
959	2	313	26
960	2	313	26
961	2	313	26
962	2	313	26
963	2	313	26
964	2	313	26
965	2	313	26
966	2	313	26
967	2	313	26
968	2	313	26
969	2	313	26
970	2	313	26
971	2	313	26
972	2	313	26
973	2	313	26
974	2	313	26
975	2	313	26
976	2	313	26
977	2	313	26
978	2	313	26
979	2	313	26
980	2	313	26
981	2	313	26
982	2	313	26
983	2	313	26
984	2	313	26
985	2	313	26
986	2	313	26
987	2	313	26
988	2	313	26
989	2	313	26
990	2	313	26
991	2	313	26
992	2	313	26
993	2	313	26
994	2	313	26
995	2	313	26
996	2	313	26
997	2	313	26
998	2	313	26
999	2	313	26
0	3	834	29
1	3	834	29
4	3	1148	29
4	3	1461	9
4	3	1878	12
4	3	2139	20
5	3	887	29
8	3	1148	29
8	3	1722	9
10	3	887	29
14	3	730	29
15	3	887	29
16	3	991	29
17	3	834	29
17	3	2295	9
18	3	1043	29
21	3	730	29
23	3	887	29
24	3	782	29
27	3	991	29
28	3	1722	9
35	3	887	29
40	3	626	29
40	3	1565	9
40	3	2087	12
41	3	2295	9
42	3	1722	9
46	3	991	29
49	3	1043	29
49	3	1513	9
53	3	1043	29
53	3	1878	9
57	3	730	29
57	3	1461	9
57	3	1774	12
58	3	1095	29
58	3	1408	9
59	3	991	29
59	3	2035	9
62	3	1148	29
62	3	2087	9
63	3	1095	29
67	3	1513	9
75	3	991	29
87	3	939	29
87	3	1200	9
88	3	1617	9
92	3	834	29
104	3	1148	29
106	3	1617	9
107	3	782	29
107	3	2191	9
108	3	991	29
110	3	991	29
113	3	887	29
122	3	991	29
122	3	1356	9
124	3	887	29
125	3	834	29
125	3	1617	9
126	3	887	29
127	3	939	29
128	3	782	29
128	3	1408	9
131	3	1148	29
131	3	1982	9
132	3	887	29
135	3	939	29
135	3	1617	9
136	3	782	29
136	3	1043	20
136	3	1722	9
138	3	730	29
138	3	1356	9
138	3	2191	12
139	3	834	29
139	3	1148	9
139	3	1565	12
139	3	1826	20
139	3	2139	30
141	3	1043	29
141	3	1304	9
141	3	1774	12
149	3	834	29
149	3	1513	9
152	3	939	29
152	3	1982	9
154	3	1095	29
154	3	1669	9
155	3	834	29
155	3	2035	9
156	3	887	29
156	3	1565	9
158	3	1043	29
158	3	1617	9
159	3	782	29
159	3	1565	9
159	3	2295	12
164	3	991	29
165	3	1095	29
165	3	1617	9
169	3	887	29
170	3	834	29
170	3	1513	9
175	3	1774	9
176	3	991	29
181	3	626	29
183	3	887	29
185	3	1095	29
185	3	1461	9
189	3	1722	9
189	3	1878	30
189	3	2243	12
191	3	887	29
196	3	782	29
196	3	1200	9
196	3	2243	12
199	3	887	29
199	3	1878	9
206	3	730	29
206	3	1095	20
206	3	1408	9
206	3	1774	12
206	3	2035	30
207	3	939	29
207	3	2087	9
208	3	1148	29
225	3	887	29
225	3	1356	9
226	3	1148	29
226	3	1513	9
228	3	939	29
228	3	1356	9
230	3	939	29
231	3	834	29
232	3	991	29
232	3	1408	9
240	3	991	29
240	3	1513	9
240	3	2139	12
243	3	626	29
243	3	939	20
244	3	782	29
248	3	834	29
249	3	834	29
250	3	782	29
250	3	1408	9
250	3	2295	12
258	3	834	29
259	3	939	29
260	3	939	29
265	3	939	29
267	3	782	29
269	3	887	29
271	3	1878	9
272	3	939	29
272	3	1304	9
272	3	1669	12
272	3	1982	20
284	3	834	29
284	3	1304	9
286	3	887	29
286	3	1461	9
286	3	1930	12
286	3	2191	20
293	3	730	29
293	3	1200	9
294	3	887	29
296	3	991	29
299	3	991	29
301	3	834	29
303	3	887	29
303	3	1252	9
303	3	1669	12
303	3	2139	20
304	3	834	29
306	3	834	29
306	3	1565	9
307	3	887	29
309	3	782	29
309	3	1200	9
309	3	1565	12
309	3	2191	20
310	3	1148	29
310	3	1617	9
315	3	1722	9
321	3	887	29
322	3	991	29
326	3	730	29
330	3	1617	9
331	3	939	29
332	3	678	29
333	3	730	29
333	3	1826	9
335	3	782	29
339	3	991	29
342	3	834	29
342	3	1461	9
343	3	730	29
343	3	1513	9
345	3	1669	9
346	3	1148	29
346	3	2087	9
348	3	887	29
349	3	887	29
349	3	1304	9
349	3	1669	12
353	3	991	29
354	3	782	29
354	3	1200	9
354	3	1513	12
364	3	939	29
368	3	730	29
368	3	1200	9
369	3	1043	29
369	3	1461	9
382	3	939	29
387	3	1148	29
387	3	1461	9
387	3	1826	12
389	3	887	29
390	3	834	29
391	3	991	29
391	3	2191	9
393	3	834	29
396	3	678	29
396	3	1148	9
396	3	1722	12
399	3	887	29
406	3	1043	29
411	3	887	29
411	3	1200	9
411	3	1513	12
411	3	1774	20
412	3	834	29
412	3	1200	9
412	3	1565	12
412	3	1826	20
412	3	2139	30
413	3	834	29
413	3	1148	9
413	3	1461	12
413	3	1722	20
414	3	2191	9
415	3	991	29
415	3	1722	9
417	3	1148	29
418	3	1043	29
418	3	1408	9
419	3	626	29
419	3	1513	9
424	3	1043	29
424	3	1304	9
424	3	1617	12
424	3	1878	20
426	3	2295	9
428	3	939	29
430	3	991	29
431	3	834	29
432	3	1095	29
432	3	1617	9
434	3	1095	29
434	3	1461	9
434	3	2087	12
435	3	939	29
436	3	887	29
436	3	1304	9
437	3	834	29
438	3	1095	29
445	3	939	29
445	3	2087	9
451	3	2139	9
453	3	834	29
453	3	1200	9
453	3	1774	12
460	3	991	29
461	3	834	29
463	3	991	29
463	3	1461	9
465	3	834	29
466	3	678	29
467	3	887	29
468	3	834	29
469	3	782	29
469	3	1461	9
473	3	939	29
474	3	1095	29
481	3	1148	29
481	3	1408	9
481	3	1722	12
481	3	2087	20
482	3	1095	29
487	3	939	29
489	3	782	29
489	3	1200	9
490	3	1565	9
490	3	2087	12
492	3	2139	9
494	3	991	29
496	3	1565	9
497	3	887	29
500	3	939	29
500	3	1252	9
500	3	1617	12
503	3	782	29
503	3	1148	9
503	3	1461	12
503	3	1722	20
508	3	939	29
508	3	2087	9
515	3	887	29
515	3	1513	9
521	3	939	29
521	3	1408	9
523	3	1095	29
523	3	2243	9
525	3	1095	29
525	3	1356	9
525	3	1669	12
525	3	1982	20
527	3	678	29
528	3	782	29
529	3	939	29
529	3	1252	9
529	3	1774	12
534	3	991	29
534	3	1356	9
538	3	782	29
539	3	834	29
544	3	1461	9
544	3	1722	30
544	3	2139	12
547	3	1461	9
547	3	2243	12
550	3	730	29
550	3	1408	9
550	3	1930	12
551	3	1043	29
551	3	1304	9
551	3	1669	12
554	3	834	29
555	3	939	29
555	3	1200	9
555	3	1513	12
555	3	1774	20
556	3	1722	9
558	3	939	29
565	3	991	29
565	3	1304	9
565	3	1930	12
565	3	2191	20
568	3	887	29
568	3	1513	9
571	3	887	29
575	3	782	29
575	3	1095	20
575	3	1669	9
577	3	887	29
583	3	782	29
583	3	1200	9
583	3	1669	12
585	3	678	29
585	3	939	20
585	3	1565	9
586	3	1148	29
587	3	887	29
587	3	1200	9
587	3	1722	12
595	3	939	29
595	3	1304	9
595	3	2191	12
598	3	834	29
599	3	887	29
606	3	1148	29
606	3	1669	9
607	3	939	29
607	3	2139	9
608	3	939	29
620	3	939	29
622	3	834	29
624	3	939	29
626	3	1148	29
631	3	1148	29
631	3	2191	9
632	3	834	29
639	3	1043	29
639	3	1408	9
639	3	2295	12
646	3	991	29
646	3	1617	9
658	3	939	29
658	3	1722	9
661	3	1148	29
664	3	730	29
664	3	1513	9
664	3	1826	12
664	3	2295	20
665	3	730	29
666	3	887	29
676	3	834	29
676	3	1722	9
677	3	1565	9
678	3	991	29
691	3	1148	29
691	3	1617	9
691	3	2295	12
692	3	1148	29
692	3	1461	9
693	3	2191	9
695	3	730	29
697	3	1095	29
701	3	2191	9
703	3	834	29
706	3	887	29
709	3	1043	29
709	3	2035	9
710	3	1043	29
710	3	1356	9
714	3	782	29
716	3	887	29
716	3	1304	9
717	3	2087	9
718	3	1043	29
718	3	1513	9
722	3	834	29
722	3	1148	9
722	3	1774	12
725	3	1043	29
726	3	1513	9
731	3	782	29
733	3	1669	9
734	3	887	29
734	3	2295	9
737	3	991	29
737	3	2087	9
738	3	1148	29
738	3	1513	9
738	3	2295	12
742	3	887	29
742	3	1252	9
742	3	2035	12
742	3	2295	20
743	3	887	29
752	3	2035	9
753	3	939	29
753	3	1513	9
753	3	1982	12
753	3	2243	20
754	3	991	29
755	3	887	29
756	3	1095	29
756	3	1356	9
758	3	782	29
765	3	887	29
774	3	887	29
774	3	1617	9
776	3	782	29
776	3	1252	9
776	3	1930	12
776	3	2191	20
781	3	1095	29
781	3	2087	9
784	3	939	29
789	3	1148	29
793	3	782	29
793	3	2139	9
794	3	887	29
797	3	939	29
803	3	1148	29
807	3	834	29
807	3	1095	20
807	3	1722	9
810	3	887	29
811	3	834	29
811	3	2139	9
812	3	939	29
812	3	1513	9
815	3	939	29
818	3	2087	9
822	3	887	29
823	3	887	29
823	3	1356	9
823	3	2243	12
831	3	1461	9
831	3	2295	30
832	3	939	29
832	3	1356	9
832	3	1826	12
832	3	2087	20
834	3	991	29
834	3	1461	9
838	3	939	29
838	3	2139	9
840	3	782	29
840	3	1200	9
840	3	1565	12
841	3	991	29
843	3	991	29
843	3	1304	9
843	3	1826	12
843	3	2139	20
848	3	730	29
848	3	1513	9
850	3	991	29
850	3	1304	9
861	3	991	29
863	3	1043	29
863	3	1617	9
864	3	730	29
864	3	1356	9
864	3	1722	12
864	3	1982	20
866	3	782	29
873	3	834	29
873	3	1356	9
876	3	991	29
877	3	887	29
877	3	1148	9
877	3	1513	12
880	3	782	29
880	3	1513	9
884	3	991	29
885	3	991	29
885	3	1304	9
885	3	1774	12
891	3	991	29
897	3	1148	29
897	3	1565	9
898	3	991	29
898	3	1617	9
899	3	887	29
899	3	1722	9
901	3	834	29
903	3	939	29
908	3	887	29
912	3	887	29
914	3	1095	29
914	3	1669	9
916	3	1043	29
916	3	1461	9
924	3	991	29
924	3	1356	9
925	3	939	29
926	3	1148	29
926	3	1878	9
931	3	887	29
931	3	1252	9
931	3	1722	12
935	3	1043	29
940	3	1095	29
940	3	2243	9
941	3	782	29
941	3	1408	9
941	3	1826	12
941	3	2087	20
942	3	887	29
942	3	1356	9
942	3	1774	12
947	3	887	29
947	3	1461	9
948	3	939	29
949	3	782	29
949	3	1095	20
949	3	1565	9
950	3	782	29
953	3	834	29
953	3	1722	9
954	3	834	29
954	3	2087	9
964	3	939	29
964	3	1356	9
966	3	939	29
969	3	2035	9
971	3	2243	9
972	3	834	29
972	3	1252	9
972	3	1774	12
972	3	2191	20
973	3	782	29
976	3	1617	9
976	3	2191	12
978	3	991	29
978	3	1461	9
981	3	1617	9
983	3	887	29
985	3	2139	9
989	3	782	29
995	3	887	29
998	3	1095	29
998	3	1461	9
998	3	2191	12
0	4	834	29
1	4	834	29
4	4	1148	29
5	4	887	29
8	4	1148	29
10	4	887	29
14	4	730	29
15	4	887	29
16	4	991	29
17	4	834	29
18	4	1043	29
21	4	730	29
23	4	887	29
24	4	782	29
27	4	991	29
35	4	887	29
40	4	626	29
46	4	991	29
49	4	1043	29
53	4	1043	29
57	4	730	29
58	4	1095	29
59	4	991	29
62	4	1148	29
63	4	1095	29
75	4	991	29
87	4	939	29
92	4	834	29
104	4	1148	29
107	4	782	29
108	4	991	29
110	4	991	29
113	4	887	29
122	4	991	29
124	4	887	29
125	4	834	29
126	4	887	29
127	4	939	29
128	4	782	29
131	4	1148	29
132	4	887	29
135	4	939	29
136	4	782	29
138	4	730	29
139	4	834	29
139	4	2139	30
141	4	1043	29
149	4	834	29
152	4	939	29
154	4	1095	29
155	4	834	29
156	4	887	29
158	4	1043	29
159	4	782	29
164	4	991	29
165	4	1095	29
169	4	887	29
170	4	834	29
176	4	991	29
181	4	626	29
183	4	887	29
185	4	1095	29
189	4	1878	30
191	4	887	29
196	4	782	29
199	4	887	29
206	4	730	29
206	4	2035	30
207	4	939	29
208	4	1148	29
225	4	887	29
226	4	1148	29
228	4	939	29
230	4	939	29
231	4	834	29
232	4	991	29
240	4	991	29
243	4	626	29
244	4	782	29
248	4	834	29
249	4	834	29
250	4	782	29
258	4	834	29
259	4	939	29
260	4	939	29
265	4	939	29
267	4	782	29
269	4	887	29
272	4	939	29
284	4	834	29
286	4	887	29
293	4	730	29
294	4	887	29
296	4	991	29
299	4	991	29
301	4	834	29
303	4	887	29
304	4	834	29
306	4	834	29
307	4	887	29
309	4	782	29
310	4	1148	29
321	4	887	29
322	4	991	29
326	4	730	29
331	4	939	29
332	4	678	29
333	4	730	29
335	4	782	29
339	4	991	29
342	4	834	29
343	4	730	29
346	4	1148	29
348	4	887	29
349	4	887	29
353	4	991	29
354	4	782	29
364	4	939	29
368	4	730	29
369	4	1043	29
382	4	939	29
387	4	1148	29
389	4	887	29
390	4	834	29
391	4	991	29
393	4	834	29
396	4	678	29
399	4	887	29
406	4	1043	29
411	4	887	29
412	4	834	29
412	4	2139	30
413	4	834	29
415	4	991	29
417	4	1148	29
418	4	1043	29
419	4	626	29
424	4	1043	29
428	4	939	29
430	4	991	29
431	4	834	29
432	4	1095	29
434	4	1095	29
435	4	939	29
436	4	887	29
437	4	834	29
438	4	1095	29
445	4	939	29
453	4	834	29
460	4	991	29
461	4	834	29
463	4	991	29
465	4	834	29
466	4	678	29
467	4	887	29
468	4	834	29
469	4	782	29
473	4	939	29
474	4	1095	29
481	4	1148	29
482	4	1095	29
487	4	939	29
489	4	782	29
494	4	991	29
497	4	887	29
500	4	939	29
503	4	782	29
508	4	939	29
515	4	887	29
521	4	939	29
523	4	1095	29
525	4	1095	29
527	4	678	29
528	4	782	29
529	4	939	29
534	4	991	29
538	4	782	29
539	4	834	29
544	4	1722	30
550	4	730	29
551	4	1043	29
554	4	834	29
555	4	939	29
558	4	939	29
565	4	991	29
568	4	887	29
571	4	887	29
575	4	782	29
577	4	887	29
583	4	782	29
585	4	678	29
586	4	1148	29
587	4	887	29
595	4	939	29
598	4	834	29
599	4	887	29
606	4	1148	29
607	4	939	29
608	4	939	29
620	4	939	29
622	4	834	29
624	4	939	29
626	4	1148	29
631	4	1148	29
632	4	834	29
639	4	1043	29
646	4	991	29
658	4	939	29
661	4	1148	29
664	4	730	29
665	4	730	29
666	4	887	29
676	4	834	29
678	4	991	29
691	4	1148	29
692	4	1148	29
695	4	730	29
697	4	1095	29
703	4	834	29
706	4	887	29
709	4	1043	29
710	4	1043	29
714	4	782	29
716	4	887	29
718	4	1043	29
722	4	834	29
725	4	1043	29
731	4	782	29
734	4	887	29
737	4	991	29
738	4	1148	29
742	4	887	29
743	4	887	29
753	4	939	29
754	4	991	29
755	4	887	29
756	4	1095	29
758	4	782	29
765	4	887	29
774	4	887	29
776	4	782	29
781	4	1095	29
784	4	939	29
789	4	1148	29
793	4	782	29
794	4	887	29
797	4	939	29
803	4	1148	29
807	4	834	29
810	4	887	29
811	4	834	29
812	4	939	29
815	4	939	29
822	4	887	29
823	4	887	29
831	4	2295	30
832	4	939	29
834	4	991	29
838	4	939	29
840	4	782	29
841	4	991	29
843	4	991	29
848	4	730	29
850	4	991	29
861	4	991	29
863	4	1043	29
864	4	730	29
866	4	782	29
873	4	834	29
876	4	991	29
877	4	887	29
880	4	782	29
884	4	991	29
885	4	991	29
891	4	991	29
897	4	1148	29
898	4	991	29
899	4	887	29
901	4	834	29
903	4	939	29
908	4	887	29
912	4	887	29
914	4	1095	29
916	4	1043	29
924	4	991	29
925	4	939	29
926	4	1148	29
931	4	887	29
935	4	1043	29
940	4	1095	29
941	4	782	29
942	4	887	29
947	4	887	29
948	4	939	29
949	4	782	29
950	4	782	29
953	4	834	29
954	4	834	29
964	4	939	29
966	4	939	29
972	4	834	29
973	4	782	29
978	4	991	29
983	4	887	29
989	4	782	29
995	4	887	29
998	4	1095	29
0	5	834	29
1	5	834	29
4	5	1148	29
5	5	887	29
8	5	1148	29
10	5	887	29
14	5	730	29
15	5	887	29
16	5	991	29
17	5	834	29
18	5	1043	29
21	5	730	29
23	5	887	29
24	5	782	29
27	5	991	29
35	5	887	29
40	5	626	29
46	5	991	29
49	5	1043	29
53	5	1043	29
57	5	730	29
58	5	1095	29
59	5	991	29
62	5	1148	29
63	5	1095	29
75	5	991	29
87	5	939	29
92	5	834	29
104	5	1148	29
107	5	782	29
108	5	991	29
110	5	991	29
113	5	887	29
122	5	991	29
124	5	887	29
125	5	834	29
126	5	887	29
127	5	939	29
128	5	782	29
131	5	1148	29
132	5	887	29
135	5	939	29
136	5	782	29
138	5	730	29
139	5	834	29
139	5	2139	30
141	5	1043	29
149	5	834	29
152	5	939	29
154	5	1095	29
155	5	834	29
156	5	887	29
158	5	1043	29
159	5	782	29
164	5	991	29
165	5	1095	29
169	5	887	29
170	5	834	29
176	5	991	29
181	5	626	29
183	5	887	29
185	5	1095	29
189	5	1878	30
191	5	887	29
196	5	782	29
199	5	887	29
206	5	730	29
206	5	2035	30
207	5	939	29
208	5	1148	29
225	5	887	29
226	5	1148	29
228	5	939	29
230	5	939	29
231	5	834	29
232	5	991	29
240	5	991	29
243	5	626	29
244	5	782	29
248	5	834	29
249	5	834	29
250	5	782	29
258	5	834	29
259	5	939	29
260	5	939	29
265	5	939	29
267	5	782	29
269	5	887	29
272	5	939	29
284	5	834	29
286	5	887	29
293	5	730	29
294	5	887	29
296	5	991	29
299	5	991	29
301	5	834	29
303	5	887	29
304	5	834	29
306	5	834	29
307	5	887	29
309	5	782	29
310	5	1148	29
321	5	887	29
322	5	991	29
326	5	730	29
331	5	939	29
332	5	678	29
333	5	730	29
335	5	782	29
339	5	991	29
342	5	834	29
343	5	730	29
346	5	1148	29
348	5	887	29
349	5	887	29
353	5	991	29
354	5	782	29
364	5	939	29
368	5	730	29
369	5	1043	29
382	5	939	29
387	5	1148	29
389	5	887	29
390	5	834	29
391	5	991	29
393	5	834	29
396	5	678	29
399	5	887	29
406	5	1043	29
411	5	887	29
412	5	834	29
412	5	2139	30
413	5	834	29
415	5	991	29
417	5	1148	29
418	5	1043	29
419	5	626	29
424	5	1043	29
428	5	939	29
430	5	991	29
431	5	834	29
432	5	1095	29
434	5	1095	29
435	5	939	29
436	5	887	29
437	5	834	29
438	5	1095	29
445	5	939	29
453	5	834	29
460	5	991	29
461	5	834	29
463	5	991	29
465	5	834	29
466	5	678	29
467	5	887	29
468	5	834	29
469	5	782	29
473	5	939	29
474	5	1095	29
481	5	1148	29
482	5	1095	29
487	5	939	29
489	5	782	29
494	5	991	29
497	5	887	29
500	5	939	29
503	5	782	29
508	5	939	29
515	5	887	29
521	5	939	29
523	5	1095	29
525	5	1095	29
527	5	678	29
528	5	782	29
529	5	939	29
534	5	991	29
538	5	782	29
539	5	834	29
544	5	1722	30
550	5	730	29
551	5	1043	29
554	5	834	29
555	5	939	29
558	5	939	29
565	5	991	29
568	5	887	29
571	5	887	29
575	5	782	29
577	5	887	29
583	5	782	29
585	5	678	29
586	5	1148	29
587	5	887	29
595	5	939	29
598	5	834	29
599	5	887	29
606	5	1148	29
607	5	939	29
608	5	939	29
620	5	939	29
622	5	834	29
624	5	939	29
626	5	1148	29
631	5	1148	29
632	5	834	29
639	5	1043	29
646	5	991	29
658	5	939	29
661	5	1148	29
664	5	730	29
665	5	730	29
666	5	887	29
676	5	834	29
678	5	991	29
691	5	1148	29
692	5	1148	29
695	5	730	29
697	5	1095	29
703	5	834	29
706	5	887	29
709	5	1043	29
710	5	1043	29
714	5	782	29
716	5	887	29
718	5	1043	29
722	5	834	29
725	5	1043	29
731	5	782	29
734	5	887	29
737	5	991	29
738	5	1148	29
742	5	887	29
743	5	887	29
753	5	939	29
754	5	991	29
755	5	887	29
756	5	1095	29
758	5	782	29
765	5	887	29
774	5	887	29
776	5	782	29
781	5	1095	29
784	5	939	29
789	5	1148	29
793	5	782	29
794	5	887	29
797	5	939	29
803	5	1148	29
807	5	834	29
810	5	887	29
811	5	834	29
812	5	939	29
815	5	939	29
822	5	887	29
823	5	887	29
831	5	2295	30
832	5	939	29
834	5	991	29
838	5	939	29
840	5	782	29
841	5	991	29
843	5	991	29
848	5	730	29
850	5	991	29
861	5	991	29
863	5	1043	29
864	5	730	29
866	5	782	29
873	5	834	29
876	5	991	29
877	5	887	29
880	5	782	29
884	5	991	29
885	5	991	29
891	5	991	29
897	5	1148	29
898	5	991	29
899	5	887	29
901	5	834	29
903	5	939	29
908	5	887	29
912	5	887	29
914	5	1095	29
916	5	1043	29
924	5	991	29
925	5	939	29
926	5	1148	29
931	5	887	29
935	5	1043	29
940	5	1095	29
941	5	782	29
942	5	887	29
947	5	887	29
948	5	939	29
949	5	782	29
950	5	782	29
953	5	834	29
954	5	834	29
964	5	939	29
966	5	939	29
972	5	834	29
973	5	782	29
978	5	991	29
983	5	887	29
989	5	782	29
995	5	887	29
998	5	1095	29
