Realization	utility	week	infra.
0	0	678	29
1	0	678	29
2	0	834	29
3	0	1304	29
4	0	782	29
4	0	2243	30
5	0	678	29
6	0	782	29
7	0	1148	29
8	0	939	29
10	0	678	29
12	0	1982	29
13	0	1826	29
14	0	678	29
15	0	678	29
16	0	730	29
17	0	678	29
18	0	678	29
19	0	1982	29
20	0	887	29
21	0	678	29
22	0	1200	29
23	0	678	29
24	0	678	29
25	0	1878	29
26	0	939	29
27	0	678	29
28	0	1043	29
29	0	1304	29
30	0	1408	29
31	0	782	29
32	0	1252	29
33	0	939	29
34	0	991	29
35	0	678	29
36	0	678	29
37	0	834	29
38	0	887	29
39	0	782	29
40	0	678	29
40	0	2295	30
41	0	991	29
42	0	1043	29
43	0	678	29
45	0	887	29
46	0	678	29
47	0	1304	29
49	0	782	29
51	0	1930	29
52	0	2243	29
53	0	730	29
55	0	834	29
56	0	1513	29
57	0	678	29
58	0	834	29
59	0	678	29
60	0	1826	29
61	0	782	29
62	0	730	29
63	0	939	29
64	0	2087	29
65	0	991	29
66	0	1461	29
67	0	1043	29
68	0	1669	29
69	0	1095	29
70	0	887	29
71	0	1252	29
73	0	2035	29
74	0	1878	29
75	0	678	29
76	0	1617	29
77	0	1930	29
78	0	1774	29
79	0	1095	29
80	0	730	29
81	0	782	29
82	0	939	29
83	0	1252	29
84	0	782	29
86	0	1461	29
87	0	678	29
88	0	991	29
89	0	1095	29
90	0	1513	29
91	0	887	29
92	0	678	29
93	0	1565	29
94	0	2139	29
95	0	1513	29
96	0	1200	29
97	0	1669	29
98	0	1878	29
99	0	1356	29
100	0	1774	29
101	0	939	29
102	0	939	29
103	0	1252	29
104	0	782	29
106	0	991	29
107	0	678	29
108	0	678	29
109	0	1513	29
110	0	678	29
111	0	887	29
112	0	1095	29
113	0	678	29
114	0	887	29
115	0	1669	29
116	0	1669	29
117	0	1617	29
118	0	1304	29
119	0	1408	29
120	0	1148	29
121	0	1982	29
122	0	678	29
123	0	2139	29
124	0	678	29
125	0	730	29
126	0	678	29
127	0	678	29
128	0	678	29
129	0	1356	29
130	0	782	29
131	0	939	29
132	0	678	29
133	0	782	29
134	0	1148	29
135	0	678	29
136	0	678	29
137	0	991	29
138	0	678	29
139	0	678	29
139	0	2087	30
140	0	2139	29
141	0	678	29
142	0	1356	29
143	0	1461	29
145	0	1304	29
146	0	782	29
147	0	887	29
148	0	1565	29
149	0	678	29
150	0	730	29
151	0	1356	29
152	0	834	29
153	0	991	29
154	0	730	29
155	0	678	29
156	0	678	29
158	0	782	29
159	0	678	29
160	0	939	29
161	0	1982	29
162	0	1148	29
163	0	1669	29
164	0	678	29
165	0	782	29
166	0	1982	29
167	0	1617	29
169	0	678	29
170	0	678	29
171	0	1617	29
172	0	1200	29
173	0	1565	29
174	0	1095	29
175	0	887	29
176	0	678	29
179	0	782	29
181	0	678	29
182	0	1043	29
183	0	678	29
184	0	1722	29
185	0	782	29
187	0	1043	29
188	0	1878	29
189	0	1043	29
190	0	1304	29
191	0	678	29
192	0	834	29
193	0	887	29
194	0	1513	29
196	0	678	29
196	0	1982	30
198	0	939	29
199	0	678	29
200	0	1252	29
201	0	1982	29
202	0	1148	29
203	0	1095	29
204	0	730	29
205	0	1461	29
206	0	678	29
206	0	1982	30
207	0	678	29
208	0	730	29
210	0	782	29
211	0	1774	29
212	0	1148	29
213	0	1878	29
215	0	1356	29
216	0	2243	29
217	0	1304	29
218	0	991	29
220	0	1774	29
221	0	939	29
222	0	1982	29
223	0	1930	29
224	0	1148	29
225	0	678	29
225	0	2295	30
226	0	730	29
227	0	939	29
228	0	678	29
229	0	1043	29
230	0	678	29
231	0	678	29
232	0	678	29
233	0	1408	29
235	0	1826	29
236	0	1826	29
239	0	1513	29
240	0	678	29
241	0	1043	29
242	0	887	29
243	0	678	29
243	0	2295	30
244	0	678	29
245	0	1356	29
248	0	678	29
249	0	678	29
250	0	678	29
251	0	834	29
252	0	2035	29
253	0	1356	29
255	0	1252	29
256	0	1095	29
257	0	1252	29
258	0	678	29
259	0	678	29
260	0	730	29
262	0	1095	29
264	0	730	29
265	0	730	29
266	0	834	29
267	0	678	29
268	0	1148	29
269	0	730	29
270	0	1408	29
271	0	887	29
272	0	678	29
272	0	2139	30
274	0	1356	29
275	0	2035	29
277	0	1930	29
278	0	1826	29
279	0	1461	29
280	0	1304	29
282	0	1930	29
283	0	1304	29
284	0	678	29
284	0	2295	30
285	0	1252	29
286	0	678	29
287	0	1461	29
288	0	730	29
289	0	2243	29
291	0	887	29
292	0	1826	29
293	0	678	29
293	0	2243	30
294	0	678	29
295	0	1356	29
296	0	678	29
297	0	2139	29
298	0	1095	29
299	0	678	29
300	0	1878	29
301	0	678	29
302	0	782	29
303	0	678	29
304	0	678	29
306	0	678	29
307	0	991	29
308	0	939	29
309	0	678	29
309	0	2191	30
310	0	782	29
310	0	2295	30
311	0	1878	29
312	0	1408	29
313	0	1304	29
314	0	1513	29
315	0	887	29
317	0	1408	29
318	0	1930	29
319	0	2087	29
320	0	1408	29
321	0	678	29
322	0	678	29
323	0	2035	29
324	0	1513	29
325	0	1461	29
326	0	678	29
327	0	1200	29
328	0	1513	29
329	0	1774	29
330	0	1043	29
331	0	678	29
332	0	887	29
333	0	678	29
334	0	1461	29
335	0	678	29
336	0	730	29
337	0	1408	29
338	0	1930	29
339	0	678	29
340	0	1252	29
341	0	1304	29
342	0	678	29
343	0	678	29
344	0	2243	29
345	0	834	29
346	0	782	29
347	0	887	29
348	0	678	29
349	0	678	29
350	0	2295	29
351	0	834	29
352	0	887	29
353	0	678	29
354	0	678	29
355	0	730	29
356	0	1148	29
357	0	782	29
358	0	1200	29
360	0	991	29
361	0	782	29
364	0	678	29
365	0	2295	29
366	0	1043	29
367	0	782	29
368	0	678	29
368	0	2243	30
369	0	730	29
371	0	678	29
372	0	1095	29
374	0	1722	29
375	0	1461	29
376	0	834	29
377	0	1461	29
378	0	1252	29
379	0	991	29
380	0	887	29
381	0	939	29
382	0	678	29
383	0	1774	29
384	0	782	29
385	0	939	29
386	0	782	29
387	0	782	29
388	0	2295	29
389	0	678	29
390	0	678	29
391	0	730	29
392	0	1774	29
393	0	678	29
394	0	887	29
395	0	887	29
396	0	678	29
397	0	1304	29
398	0	887	29
399	0	678	29
400	0	782	29
402	0	834	29
403	0	2139	29
404	0	1200	29
405	0	1408	29
406	0	782	29
407	0	1252	29
409	0	1565	29
410	0	1513	29
411	0	678	29
412	0	678	29
412	0	2087	30
413	0	678	29
414	0	834	29
415	0	730	29
416	0	1878	29
417	0	782	29
418	0	834	29
419	0	730	29
420	0	1148	29
421	0	2087	29
422	0	1669	29
423	0	1148	29
424	0	678	29
424	0	2243	30
425	0	834	29
426	0	1200	29
427	0	2243	29
428	0	678	29
429	0	887	29
430	0	730	29
431	0	678	29
432	0	730	29
433	0	939	29
434	0	678	29
434	0	2243	30
435	0	678	29
436	0	678	29
437	0	678	29
438	0	991	29
439	0	1513	29
440	0	991	29
442	0	939	29
445	0	678	29
446	0	1669	29
447	0	1878	29
448	0	1722	29
451	0	1043	29
452	0	782	29
453	0	678	29
454	0	1669	29
455	0	1252	29
456	0	1461	29
457	0	991	29
459	0	2035	29
460	0	678	29
461	0	678	29
462	0	834	29
463	0	782	29
464	0	1148	29
465	0	678	29
466	0	678	29
467	0	678	29
468	0	678	29
469	0	678	29
470	0	1982	29
471	0	1513	29
472	0	730	29
473	0	1043	29
474	0	678	29
475	0	1513	29
476	0	1774	29
478	0	991	29
480	0	1095	29
481	0	782	29
482	0	834	29
484	0	2243	29
485	0	1513	29
486	0	1408	29
487	0	678	29
488	0	1408	29
489	0	678	29
490	0	1095	29
491	0	939	29
492	0	1148	29
494	0	730	29
495	0	1095	29
496	0	939	29
497	0	678	29
498	0	834	29
499	0	782	29
500	0	678	29
501	0	1513	29
502	0	1095	29
503	0	678	29
503	0	2035	30
505	0	1565	29
506	0	1304	29
507	0	2087	29
508	0	678	29
508	0	2295	30
510	0	2139	29
512	0	1148	29
513	0	1148	29
514	0	730	29
515	0	678	29
516	0	1565	29
517	0	1461	29
518	0	1200	29
519	0	730	29
520	0	834	29
521	0	678	29
522	0	1043	29
523	0	678	29
525	0	782	29
526	0	2087	29
527	0	678	29
528	0	678	29
529	0	678	29
529	0	2295	30
530	0	1408	29
531	0	1200	29
532	0	1200	29
533	0	2243	29
534	0	678	29
535	0	2243	29
536	0	1669	29
537	0	887	29
538	0	678	29
539	0	678	29
540	0	2191	29
541	0	730	29
542	0	1252	29
543	0	1252	29
544	0	834	29
544	0	2295	30
545	0	1669	29
546	0	1304	29
547	0	834	29
548	0	1774	29
549	0	1408	29
550	0	678	29
550	0	2191	30
551	0	678	29
552	0	1565	29
553	0	1095	29
554	0	678	29
555	0	678	29
555	0	2035	30
556	0	1043	29
557	0	2139	29
558	0	678	29
559	0	1148	29
560	0	1669	29
561	0	1356	29
562	0	1200	29
563	0	991	29
564	0	1669	29
565	0	678	29
565	0	2243	30
566	0	730	29
567	0	1095	29
568	0	678	29
569	0	1148	29
570	0	1461	29
571	0	678	29
572	0	1774	29
574	0	887	29
575	0	678	29
576	0	1304	29
577	0	678	29
578	0	1356	29
581	0	1200	29
582	0	1043	29
583	0	678	29
584	0	678	29
585	0	678	29
586	0	1043	29
587	0	678	29
588	0	782	29
589	0	782	29
590	0	730	29
591	0	1826	29
593	0	939	29
594	0	1252	29
595	0	678	29
595	0	2243	30
596	0	1043	29
597	0	1461	29
598	0	678	29
599	0	678	29
600	0	1930	29
601	0	782	29
602	0	1669	29
604	0	1095	29
605	0	1252	29
606	0	991	29
607	0	678	29
608	0	730	29
611	0	1095	29
612	0	1252	29
613	0	1722	29
614	0	1304	29
615	0	1200	29
616	0	1200	29
617	0	2087	29
619	0	1513	29
620	0	678	29
621	0	1148	29
622	0	678	29
623	0	1461	29
624	0	730	29
625	0	1200	29
626	0	782	29
627	0	834	29
628	0	939	29
629	0	1565	29
630	0	1095	29
631	0	991	29
632	0	678	29
633	0	1878	29
634	0	1304	29
635	0	1565	29
638	0	1982	29
639	0	730	29
640	0	1982	29
641	0	887	29
642	0	1356	29
644	0	782	29
645	0	1043	29
646	0	678	29
647	0	2243	29
648	0	1095	29
649	0	730	29
650	0	1774	29
651	0	782	29
652	0	887	29
653	0	834	29
654	0	1461	29
655	0	1043	29
656	0	939	29
657	0	730	29
658	0	782	29
659	0	1304	29
660	0	1774	29
661	0	678	29
662	0	991	29
663	0	1252	29
664	0	730	29
665	0	678	29
666	0	678	29
667	0	678	29
668	0	1200	29
669	0	1148	29
670	0	1148	29
672	0	1304	29
673	0	1148	29
674	0	1043	29
675	0	1200	29
676	0	678	29
677	0	1095	29
678	0	730	29
679	0	1565	29
680	0	1148	29
681	0	1513	29
682	0	834	29
683	0	1513	29
684	0	1148	29
685	0	887	29
686	0	782	29
687	0	1617	29
688	0	1408	29
689	0	1356	29
690	0	887	29
691	0	730	29
692	0	834	29
693	0	939	29
694	0	834	29
695	0	678	29
696	0	1356	29
697	0	730	29
698	0	1774	29
699	0	991	29
700	0	834	29
701	0	1148	29
702	0	939	29
703	0	678	29
705	0	1252	29
706	0	678	29
707	0	782	29
708	0	1252	29
709	0	782	29
710	0	730	29
711	0	1200	29
712	0	1148	29
714	0	678	29
715	0	1095	29
716	0	678	29
717	0	1148	29
718	0	730	29
719	0	1565	29
720	0	2243	29
721	0	1043	29
722	0	678	29
723	0	1252	29
724	0	1930	29
725	0	782	29
726	0	991	29
727	0	1565	29
728	0	1982	29
729	0	782	29
730	0	991	29
731	0	678	29
732	0	834	29
733	0	730	29
734	0	678	29
735	0	2139	29
736	0	1304	29
737	0	730	29
738	0	782	29
739	0	1252	29
741	0	887	29
742	0	678	29
742	0	2295	30
743	0	678	29
744	0	1304	29
745	0	1826	29
746	0	1461	29
747	0	991	29
748	0	2295	29
749	0	1930	29
750	0	834	29
752	0	1148	29
753	0	678	29
754	0	678	29
755	0	678	29
756	0	678	29
757	0	1878	29
758	0	678	29
759	0	1565	29
760	0	991	29
761	0	1095	29
762	0	834	29
763	0	1304	29
764	0	939	29
765	0	678	29
766	0	730	29
767	0	1304	29
768	0	1722	29
769	0	1774	29
770	0	2243	29
771	0	1304	29
772	0	1722	29
773	0	1617	29
774	0	678	29
775	0	1774	29
776	0	678	29
777	0	2243	29
778	0	782	29
779	0	2087	29
780	0	887	29
781	0	834	29
782	0	887	29
783	0	1774	29
784	0	678	29
785	0	834	29
786	0	1982	29
787	0	1617	29
788	0	730	29
789	0	1200	29
790	0	1148	29
791	0	1722	29
792	0	782	29
793	0	678	29
794	0	678	29
795	0	1930	29
796	0	1617	29
797	0	678	29
798	0	1356	29
800	0	1513	29
801	0	1565	29
802	0	834	29
803	0	834	29
804	0	887	29
806	0	1617	29
807	0	678	29
808	0	2243	29
809	0	1930	29
810	0	678	29
811	0	678	29
812	0	678	29
813	0	939	29
814	0	939	29
815	0	678	29
816	0	1252	29
818	0	939	29
819	0	1722	29
820	0	991	29
821	0	1356	29
822	0	678	29
823	0	678	29
823	0	2243	30
824	0	1200	29
825	0	1148	29
826	0	1148	29
827	0	1878	29
828	0	1408	29
829	0	2139	29
830	0	1356	29
831	0	782	29
831	0	2295	30
832	0	678	29
832	0	2191	30
833	0	1356	29
834	0	730	29
835	0	887	29
836	0	2295	29
837	0	1513	29
838	0	678	29
839	0	1565	29
840	0	678	29
841	0	782	29
842	0	1095	29
843	0	678	29
843	0	2139	30
844	0	1565	29
845	0	1461	29
846	0	1617	29
847	0	1356	29
848	0	678	29
850	0	730	29
853	0	1722	29
854	0	1200	29
855	0	834	29
856	0	939	29
857	0	1669	29
858	0	1043	29
861	0	730	29
862	0	1826	29
863	0	730	29
864	0	678	29
864	0	2243	30
865	0	678	29
866	0	678	29
867	0	1095	29
868	0	782	29
869	0	1148	29
870	0	1252	29
871	0	1252	29
873	0	678	29
875	0	782	29
876	0	678	29
877	0	678	29
878	0	1408	29
879	0	939	29
880	0	678	29
882	0	1408	29
883	0	1982	29
884	0	730	29
885	0	678	29
886	0	1408	29
887	0	887	29
888	0	2243	29
889	0	1565	29
890	0	1408	29
891	0	730	29
892	0	1774	29
893	0	782	29
894	0	834	29
895	0	939	29
896	0	730	29
897	0	730	29
898	0	730	29
899	0	678	29
900	0	1200	29
901	0	678	29
902	0	1095	29
903	0	730	29
905	0	1408	29
906	0	678	29
907	0	2295	29
908	0	678	29
909	0	2087	29
910	0	1304	29
911	0	2087	29
912	0	730	29
913	0	1461	29
914	0	1095	29
915	0	1408	29
916	0	730	29
917	0	991	29
918	0	1356	29
919	0	1669	29
920	0	1304	29
921	0	2191	29
922	0	887	29
923	0	1461	29
924	0	730	29
925	0	678	29
926	0	782	29
927	0	1148	29
929	0	782	29
931	0	678	29
932	0	1304	29
933	0	1408	29
934	0	1252	29
935	0	730	29
936	0	1252	29
937	0	1878	29
938	0	1200	29
939	0	1669	29
940	0	939	29
941	0	678	29
942	0	678	29
943	0	2035	29
944	0	991	29
945	0	1774	29
946	0	1043	29
947	0	678	29
947	0	2243	30
948	0	678	29
949	0	678	29
950	0	678	29
953	0	678	29
954	0	678	29
956	0	1982	29
958	0	1669	29
960	0	939	29
961	0	834	29
962	0	2191	29
963	0	730	29
964	0	730	29
965	0	1148	29
966	0	678	29
968	0	887	29
969	0	991	29
971	0	730	29
972	0	678	29
972	0	2295	30
973	0	887	29
974	0	834	29
975	0	1565	29
976	0	887	29
977	0	2243	29
978	0	730	29
979	0	1461	29
980	0	1982	29
981	0	1095	29
982	0	782	29
983	0	678	29
984	0	1200	29
985	0	1252	29
987	0	1513	29
988	0	834	29
989	0	678	29
990	0	1930	29
994	0	2191	29
995	0	678	29
996	0	1461	29
998	0	834	29
998	0	2243	30
999	0	1669	29
0	1	678	29
1	1	678	29
2	1	834	29
3	1	1304	29
4	1	782	29
4	1	2243	30
5	1	678	29
6	1	782	29
7	1	1148	29
8	1	939	29
10	1	678	29
12	1	1982	29
13	1	1826	29
14	1	678	29
15	1	678	29
16	1	730	29
17	1	678	29
18	1	678	29
19	1	1982	29
20	1	887	29
21	1	678	29
22	1	1200	29
23	1	678	29
24	1	678	29
25	1	1878	29
26	1	939	29
27	1	678	29
28	1	1043	29
29	1	1304	29
30	1	1408	29
31	1	782	29
32	1	1252	29
33	1	939	29
34	1	991	29
35	1	678	29
36	1	678	29
37	1	834	29
38	1	887	29
39	1	782	29
40	1	678	29
40	1	2295	30
41	1	991	29
42	1	1043	29
43	1	678	29
45	1	887	29
46	1	678	29
47	1	1304	29
49	1	782	29
51	1	1930	29
52	1	2243	29
53	1	730	29
55	1	834	29
56	1	1513	29
57	1	678	29
58	1	834	29
59	1	678	29
60	1	1826	29
61	1	782	29
62	1	730	29
63	1	939	29
64	1	2087	29
65	1	991	29
66	1	1461	29
67	1	1043	29
68	1	1669	29
69	1	1095	29
70	1	887	29
71	1	1252	29
73	1	2035	29
74	1	1878	29
75	1	678	29
76	1	1617	29
77	1	1930	29
78	1	1774	29
79	1	1095	29
80	1	730	29
81	1	782	29
82	1	939	29
83	1	1252	29
84	1	782	29
86	1	1461	29
87	1	678	29
88	1	991	29
89	1	1095	29
90	1	1513	29
91	1	887	29
92	1	678	29
93	1	1565	29
94	1	2139	29
95	1	1513	29
96	1	1200	29
97	1	1669	29
98	1	1878	29
99	1	1356	29
100	1	1774	29
101	1	939	29
102	1	939	29
103	1	1252	29
104	1	782	29
106	1	991	29
107	1	678	29
108	1	678	29
109	1	1513	29
110	1	678	29
111	1	887	29
112	1	1095	29
113	1	678	29
114	1	887	29
115	1	1669	29
116	1	1669	29
117	1	1617	29
118	1	1304	29
119	1	1408	29
120	1	1148	29
121	1	1982	29
122	1	678	29
123	1	2139	29
124	1	678	29
125	1	730	29
126	1	678	29
127	1	678	29
128	1	678	29
129	1	1356	29
130	1	782	29
131	1	939	29
132	1	678	29
133	1	782	29
134	1	1148	29
135	1	678	29
136	1	678	29
137	1	991	29
138	1	678	29
139	1	678	29
139	1	2087	30
140	1	2139	29
141	1	678	29
142	1	1356	29
143	1	1461	29
145	1	1304	29
146	1	782	29
147	1	887	29
148	1	1565	29
149	1	678	29
150	1	730	29
151	1	1356	29
152	1	834	29
153	1	991	29
154	1	730	29
155	1	678	29
156	1	678	29
158	1	782	29
159	1	678	29
160	1	939	29
161	1	1982	29
162	1	1148	29
163	1	1669	29
164	1	678	29
165	1	782	29
166	1	1982	29
167	1	1617	29
169	1	678	29
170	1	678	29
171	1	1617	29
172	1	1200	29
173	1	1565	29
174	1	1095	29
175	1	887	29
176	1	678	29
179	1	782	29
181	1	678	29
182	1	1043	29
183	1	678	29
184	1	1722	29
185	1	782	29
187	1	1043	29
188	1	1878	29
189	1	1043	29
190	1	1304	29
191	1	678	29
192	1	834	29
193	1	887	29
194	1	1513	29
196	1	678	29
196	1	1982	30
198	1	939	29
199	1	678	29
200	1	1252	29
201	1	1982	29
202	1	1148	29
203	1	1095	29
204	1	730	29
205	1	1461	29
206	1	678	29
206	1	1982	30
207	1	678	29
208	1	730	29
210	1	782	29
211	1	1774	29
212	1	1148	29
213	1	1878	29
215	1	1356	29
216	1	2243	29
217	1	1304	29
218	1	991	29
220	1	1774	29
221	1	939	29
222	1	1982	29
223	1	1930	29
224	1	1148	29
225	1	678	29
225	1	2295	30
226	1	730	29
227	1	939	29
228	1	678	29
229	1	1043	29
230	1	678	29
231	1	678	29
232	1	678	29
233	1	1408	29
235	1	1826	29
236	1	1826	29
239	1	1513	29
240	1	678	29
241	1	1043	29
242	1	887	29
243	1	678	29
243	1	2295	30
244	1	678	29
245	1	1356	29
248	1	678	29
249	1	678	29
250	1	678	29
251	1	834	29
252	1	2035	29
253	1	1356	29
255	1	1252	29
256	1	1095	29
257	1	1252	29
258	1	678	29
259	1	678	29
260	1	730	29
262	1	1095	29
264	1	730	29
265	1	730	29
266	1	834	29
267	1	678	29
268	1	1148	29
269	1	730	29
270	1	1408	29
271	1	887	29
272	1	678	29
272	1	2139	30
274	1	1356	29
275	1	2035	29
277	1	1930	29
278	1	1826	29
279	1	1461	29
280	1	1304	29
282	1	1930	29
283	1	1304	29
284	1	678	29
284	1	2295	30
285	1	1252	29
286	1	678	29
287	1	1461	29
288	1	730	29
289	1	2243	29
291	1	887	29
292	1	1826	29
293	1	678	29
293	1	2243	30
294	1	678	29
295	1	1356	29
296	1	678	29
297	1	2139	29
298	1	1095	29
299	1	678	29
300	1	1878	29
301	1	678	29
302	1	782	29
303	1	678	29
304	1	678	29
306	1	678	29
307	1	991	29
308	1	939	29
309	1	678	29
309	1	2191	30
310	1	782	29
310	1	2295	30
311	1	1878	29
312	1	1408	29
313	1	1304	29
314	1	1513	29
315	1	887	29
317	1	1408	29
318	1	1930	29
319	1	2087	29
320	1	1408	29
321	1	678	29
322	1	678	29
323	1	2035	29
324	1	1513	29
325	1	1461	29
326	1	678	29
327	1	1200	29
328	1	1513	29
329	1	1774	29
330	1	1043	29
331	1	678	29
332	1	887	29
333	1	678	29
334	1	1461	29
335	1	678	29
336	1	730	29
337	1	1408	29
338	1	1930	29
339	1	678	29
340	1	1252	29
341	1	1304	29
342	1	678	29
343	1	678	29
344	1	2243	29
345	1	834	29
346	1	782	29
347	1	887	29
348	1	678	29
349	1	678	29
350	1	2295	29
351	1	834	29
352	1	887	29
353	1	678	29
354	1	678	29
355	1	730	29
356	1	1148	29
357	1	782	29
358	1	1200	29
360	1	991	29
361	1	782	29
364	1	678	29
365	1	2295	29
366	1	1043	29
367	1	782	29
368	1	678	29
368	1	2243	30
369	1	730	29
371	1	678	29
372	1	1095	29
374	1	1722	29
375	1	1461	29
376	1	834	29
377	1	1461	29
378	1	1252	29
379	1	991	29
380	1	887	29
381	1	939	29
382	1	678	29
383	1	1774	29
384	1	782	29
385	1	939	29
386	1	782	29
387	1	782	29
388	1	2295	29
389	1	678	29
390	1	678	29
391	1	730	29
392	1	1774	29
393	1	678	29
394	1	887	29
395	1	887	29
396	1	678	29
397	1	1304	29
398	1	887	29
399	1	678	29
400	1	782	29
402	1	834	29
403	1	2139	29
404	1	1200	29
405	1	1408	29
406	1	782	29
407	1	1252	29
409	1	1565	29
410	1	1513	29
411	1	678	29
412	1	678	29
412	1	2087	30
413	1	678	29
414	1	834	29
415	1	730	29
416	1	1878	29
417	1	782	29
418	1	834	29
419	1	730	29
420	1	1148	29
421	1	2087	29
422	1	1669	29
423	1	1148	29
424	1	678	29
424	1	2243	30
425	1	834	29
426	1	1200	29
427	1	2243	29
428	1	678	29
429	1	887	29
430	1	730	29
431	1	678	29
432	1	730	29
433	1	939	29
434	1	678	29
434	1	2243	30
435	1	678	29
436	1	678	29
437	1	678	29
438	1	991	29
439	1	1513	29
440	1	991	29
442	1	939	29
445	1	678	29
446	1	1669	29
447	1	1878	29
448	1	1722	29
451	1	1043	29
452	1	782	29
453	1	678	29
454	1	1669	29
455	1	1252	29
456	1	1461	29
457	1	991	29
459	1	2035	29
460	1	678	29
461	1	678	29
462	1	834	29
463	1	782	29
464	1	1148	29
465	1	678	29
466	1	678	29
467	1	678	29
468	1	678	29
469	1	678	29
470	1	1982	29
471	1	1513	29
472	1	730	29
473	1	1043	29
474	1	678	29
475	1	1513	29
476	1	1774	29
478	1	991	29
480	1	1095	29
481	1	782	29
482	1	834	29
484	1	2243	29
485	1	1513	29
486	1	1408	29
487	1	678	29
488	1	1408	29
489	1	678	29
490	1	1095	29
491	1	939	29
492	1	1148	29
494	1	730	29
495	1	1095	29
496	1	939	29
497	1	678	29
498	1	834	29
499	1	782	29
500	1	678	29
501	1	1513	29
502	1	1095	29
503	1	678	29
503	1	2035	30
505	1	1565	29
506	1	1304	29
507	1	2087	29
508	1	678	29
508	1	2295	30
510	1	2139	29
512	1	1148	29
513	1	1148	29
514	1	730	29
515	1	678	29
516	1	1565	29
517	1	1461	29
518	1	1200	29
519	1	730	29
520	1	834	29
521	1	678	29
522	1	1043	29
523	1	678	29
525	1	782	29
526	1	2087	29
527	1	678	29
528	1	678	29
529	1	678	29
529	1	2295	30
530	1	1408	29
531	1	1200	29
532	1	1200	29
533	1	2243	29
534	1	678	29
535	1	2243	29
536	1	1669	29
537	1	887	29
538	1	678	29
539	1	678	29
540	1	2191	29
541	1	730	29
542	1	1252	29
543	1	1252	29
544	1	834	29
544	1	2295	30
545	1	1669	29
546	1	1304	29
547	1	834	29
548	1	1774	29
549	1	1408	29
550	1	678	29
550	1	2191	30
551	1	678	29
552	1	1565	29
553	1	1095	29
554	1	678	29
555	1	678	29
555	1	2035	30
556	1	1043	29
557	1	2139	29
558	1	678	29
559	1	1148	29
560	1	1669	29
561	1	1356	29
562	1	1200	29
563	1	991	29
564	1	1669	29
565	1	678	29
565	1	2243	30
566	1	730	29
567	1	1095	29
568	1	678	29
569	1	1148	29
570	1	1461	29
571	1	678	29
572	1	1774	29
574	1	887	29
575	1	678	29
576	1	1304	29
577	1	678	29
578	1	1356	29
581	1	1200	29
582	1	1043	29
583	1	678	29
584	1	678	29
585	1	678	29
586	1	1043	29
587	1	678	29
588	1	782	29
589	1	782	29
590	1	730	29
591	1	1826	29
593	1	939	29
594	1	1252	29
595	1	678	29
595	1	2243	30
596	1	1043	29
597	1	1461	29
598	1	678	29
599	1	678	29
600	1	1930	29
601	1	782	29
602	1	1669	29
604	1	1095	29
605	1	1252	29
606	1	991	29
607	1	678	29
608	1	730	29
611	1	1095	29
612	1	1252	29
613	1	1722	29
614	1	1304	29
615	1	1200	29
616	1	1200	29
617	1	2087	29
619	1	1513	29
620	1	678	29
621	1	1148	29
622	1	678	29
623	1	1461	29
624	1	730	29
625	1	1200	29
626	1	782	29
627	1	834	29
628	1	939	29
629	1	1565	29
630	1	1095	29
631	1	991	29
632	1	678	29
633	1	1878	29
634	1	1304	29
635	1	1565	29
638	1	1982	29
639	1	730	29
640	1	1982	29
641	1	887	29
642	1	1356	29
644	1	782	29
645	1	1043	29
646	1	678	29
647	1	2243	29
648	1	1095	29
649	1	730	29
650	1	1774	29
651	1	782	29
652	1	887	29
653	1	834	29
654	1	1461	29
655	1	1043	29
656	1	939	29
657	1	730	29
658	1	782	29
659	1	1304	29
660	1	1774	29
661	1	678	29
662	1	991	29
663	1	1252	29
664	1	730	29
665	1	678	29
666	1	678	29
667	1	678	29
668	1	1200	29
669	1	1148	29
670	1	1148	29
672	1	1304	29
673	1	1148	29
674	1	1043	29
675	1	1200	29
676	1	678	29
677	1	1095	29
678	1	730	29
679	1	1565	29
680	1	1148	29
681	1	1513	29
682	1	834	29
683	1	1513	29
684	1	1148	29
685	1	887	29
686	1	782	29
687	1	1617	29
688	1	1408	29
689	1	1356	29
690	1	887	29
691	1	730	29
692	1	834	29
693	1	939	29
694	1	834	29
695	1	678	29
696	1	1356	29
697	1	730	29
698	1	1774	29
699	1	991	29
700	1	834	29
701	1	1148	29
702	1	939	29
703	1	678	29
705	1	1252	29
706	1	678	29
707	1	782	29
708	1	1252	29
709	1	782	29
710	1	730	29
711	1	1200	29
712	1	1148	29
714	1	678	29
715	1	1095	29
716	1	678	29
717	1	1148	29
718	1	730	29
719	1	1565	29
720	1	2243	29
721	1	1043	29
722	1	678	29
723	1	1252	29
724	1	1930	29
725	1	782	29
726	1	991	29
727	1	1565	29
728	1	1982	29
729	1	782	29
730	1	991	29
731	1	678	29
732	1	834	29
733	1	730	29
734	1	678	29
735	1	2139	29
736	1	1304	29
737	1	730	29
738	1	782	29
739	1	1252	29
741	1	887	29
742	1	678	29
742	1	2295	30
743	1	678	29
744	1	1304	29
745	1	1826	29
746	1	1461	29
747	1	991	29
748	1	2295	29
749	1	1930	29
750	1	834	29
752	1	1148	29
753	1	678	29
754	1	678	29
755	1	678	29
756	1	678	29
757	1	1878	29
758	1	678	29
759	1	1565	29
760	1	991	29
761	1	1095	29
762	1	834	29
763	1	1304	29
764	1	939	29
765	1	678	29
766	1	730	29
767	1	1304	29
768	1	1722	29
769	1	1774	29
770	1	2243	29
771	1	1304	29
772	1	1722	29
773	1	1617	29
774	1	678	29
775	1	1774	29
776	1	678	29
777	1	2243	29
778	1	782	29
779	1	2087	29
780	1	887	29
781	1	834	29
782	1	887	29
783	1	1774	29
784	1	678	29
785	1	834	29
786	1	1982	29
787	1	1617	29
788	1	730	29
789	1	1200	29
790	1	1148	29
791	1	1722	29
792	1	782	29
793	1	678	29
794	1	678	29
795	1	1930	29
796	1	1617	29
797	1	678	29
798	1	1356	29
800	1	1513	29
801	1	1565	29
802	1	834	29
803	1	834	29
804	1	887	29
806	1	1617	29
807	1	678	29
808	1	2243	29
809	1	1930	29
810	1	678	29
811	1	678	29
812	1	678	29
813	1	939	29
814	1	939	29
815	1	678	29
816	1	1252	29
818	1	939	29
819	1	1722	29
820	1	991	29
821	1	1356	29
822	1	678	29
823	1	678	29
823	1	2243	30
824	1	1200	29
825	1	1148	29
826	1	1148	29
827	1	1878	29
828	1	1408	29
829	1	2139	29
830	1	1356	29
831	1	782	29
831	1	2295	30
832	1	678	29
832	1	2191	30
833	1	1356	29
834	1	730	29
835	1	887	29
836	1	2295	29
837	1	1513	29
838	1	678	29
839	1	1565	29
840	1	678	29
841	1	782	29
842	1	1095	29
843	1	678	29
843	1	2139	30
844	1	1565	29
845	1	1461	29
846	1	1617	29
847	1	1356	29
848	1	678	29
850	1	730	29
853	1	1722	29
854	1	1200	29
855	1	834	29
856	1	939	29
857	1	1669	29
858	1	1043	29
861	1	730	29
862	1	1826	29
863	1	730	29
864	1	678	29
864	1	2243	30
865	1	678	29
866	1	678	29
867	1	1095	29
868	1	782	29
869	1	1148	29
870	1	1252	29
871	1	1252	29
873	1	678	29
875	1	782	29
876	1	678	29
877	1	678	29
878	1	1408	29
879	1	939	29
880	1	678	29
882	1	1408	29
883	1	1982	29
884	1	730	29
885	1	678	29
886	1	1408	29
887	1	887	29
888	1	2243	29
889	1	1565	29
890	1	1408	29
891	1	730	29
892	1	1774	29
893	1	782	29
894	1	834	29
895	1	939	29
896	1	730	29
897	1	730	29
898	1	730	29
899	1	678	29
900	1	1200	29
901	1	678	29
902	1	1095	29
903	1	730	29
905	1	1408	29
906	1	678	29
907	1	2295	29
908	1	678	29
909	1	2087	29
910	1	1304	29
911	1	2087	29
912	1	730	29
913	1	1461	29
914	1	1095	29
915	1	1408	29
916	1	730	29
917	1	991	29
918	1	1356	29
919	1	1669	29
920	1	1304	29
921	1	2191	29
922	1	887	29
923	1	1461	29
924	1	730	29
925	1	678	29
926	1	782	29
927	1	1148	29
929	1	782	29
931	1	678	29
932	1	1304	29
933	1	1408	29
934	1	1252	29
935	1	730	29
936	1	1252	29
937	1	1878	29
938	1	1200	29
939	1	1669	29
940	1	939	29
941	1	678	29
942	1	678	29
943	1	2035	29
944	1	991	29
945	1	1774	29
946	1	1043	29
947	1	678	29
947	1	2243	30
948	1	678	29
949	1	678	29
950	1	678	29
953	1	678	29
954	1	678	29
956	1	1982	29
958	1	1669	29
960	1	939	29
961	1	834	29
962	1	2191	29
963	1	730	29
964	1	730	29
965	1	1148	29
966	1	678	29
968	1	887	29
969	1	991	29
971	1	730	29
972	1	678	29
972	1	2295	30
973	1	887	29
974	1	834	29
975	1	1565	29
976	1	887	29
977	1	2243	29
978	1	730	29
979	1	1461	29
980	1	1982	29
981	1	1095	29
982	1	782	29
983	1	678	29
984	1	1200	29
985	1	1252	29
987	1	1513	29
988	1	834	29
989	1	678	29
990	1	1930	29
994	1	2191	29
995	1	678	29
996	1	1461	29
998	1	834	29
998	1	2243	30
999	1	1669	29
0	2	313	26
1	2	313	26
2	2	313	26
3	2	313	26
4	2	313	26
5	2	313	26
6	2	313	26
7	2	313	26
8	2	313	26
9	2	313	26
10	2	313	26
11	2	313	26
12	2	313	26
13	2	313	26
14	2	313	26
15	2	313	26
16	2	313	26
17	2	313	26
18	2	313	26
19	2	313	26
20	2	313	26
21	2	313	26
22	2	313	26
23	2	313	26
24	2	313	26
25	2	313	26
26	2	313	26
27	2	313	26
28	2	313	26
29	2	313	26
30	2	313	26
31	2	313	26
32	2	313	26
33	2	313	26
34	2	313	26
35	2	313	26
36	2	313	26
37	2	313	26
38	2	313	26
39	2	313	26
40	2	313	26
41	2	313	26
42	2	313	26
43	2	313	26
44	2	313	26
45	2	313	26
46	2	313	26
47	2	313	26
48	2	313	26
49	2	313	26
50	2	313	26
51	2	313	26
52	2	313	26
53	2	313	26
54	2	313	26
55	2	313	26
56	2	313	26
57	2	313	26
58	2	313	26
59	2	313	26
60	2	313	26
61	2	313	26
62	2	313	26
63	2	313	26
64	2	313	26
65	2	313	26
66	2	313	26
67	2	313	26
68	2	313	26
69	2	313	26
70	2	313	26
71	2	313	26
72	2	313	26
73	2	313	26
74	2	313	26
75	2	313	26
76	2	313	26
77	2	313	26
78	2	313	26
79	2	313	26
80	2	313	26
81	2	313	26
82	2	313	26
83	2	313	26
84	2	313	26
85	2	313	26
86	2	313	26
87	2	313	26
88	2	313	26
89	2	313	26
90	2	313	26
91	2	313	26
92	2	313	26
93	2	313	26
94	2	313	26
95	2	313	26
96	2	313	26
97	2	313	26
98	2	313	26
99	2	313	26
100	2	313	26
101	2	313	26
102	2	313	26
103	2	313	26
104	2	313	26
105	2	313	26
106	2	313	26
107	2	313	26
108	2	313	26
109	2	313	26
110	2	313	26
111	2	313	26
112	2	313	26
113	2	313	26
114	2	313	26
115	2	313	26
116	2	313	26
117	2	313	26
118	2	313	26
119	2	313	26
120	2	313	26
121	2	313	26
122	2	313	26
123	2	313	26
124	2	313	26
125	2	313	26
126	2	313	26
127	2	313	26
128	2	313	26
129	2	313	26
130	2	313	26
131	2	313	26
132	2	313	26
133	2	313	26
134	2	313	26
135	2	313	26
136	2	313	26
137	2	313	26
138	2	313	26
139	2	313	26
140	2	313	26
141	2	313	26
142	2	313	26
143	2	313	26
144	2	313	26
145	2	313	26
146	2	313	26
147	2	313	26
148	2	313	26
149	2	313	26
150	2	313	26
151	2	313	26
152	2	313	26
153	2	313	26
154	2	313	26
155	2	313	26
156	2	313	26
157	2	313	26
158	2	313	26
159	2	313	26
160	2	313	26
161	2	313	26
162	2	313	26
163	2	313	26
164	2	313	26
165	2	313	26
166	2	313	26
167	2	313	26
168	2	313	26
169	2	313	26
170	2	313	26
171	2	313	26
172	2	313	26
173	2	313	26
174	2	313	26
175	2	313	26
176	2	313	26
177	2	313	26
178	2	313	26
179	2	313	26
180	2	313	26
181	2	313	26
182	2	313	26
183	2	313	26
184	2	313	26
185	2	313	26
186	2	313	26
187	2	313	26
188	2	313	26
189	2	313	26
190	2	313	26
191	2	313	26
192	2	313	26
193	2	313	26
194	2	313	26
195	2	313	26
196	2	313	26
197	2	313	26
198	2	313	26
199	2	313	26
200	2	313	26
201	2	313	26
202	2	313	26
203	2	313	26
204	2	313	26
205	2	313	26
206	2	313	26
207	2	313	26
208	2	313	26
209	2	313	26
210	2	313	26
211	2	313	26
212	2	313	26
213	2	313	26
214	2	313	26
215	2	313	26
216	2	313	26
217	2	313	26
218	2	313	26
219	2	313	26
220	2	313	26
221	2	313	26
222	2	313	26
223	2	313	26
224	2	313	26
225	2	313	26
226	2	313	26
227	2	313	26
228	2	313	26
229	2	313	26
230	2	313	26
231	2	313	26
232	2	313	26
233	2	313	26
234	2	313	26
235	2	313	26
236	2	313	26
237	2	313	26
238	2	313	26
239	2	313	26
240	2	313	26
241	2	313	26
242	2	313	26
243	2	313	26
244	2	313	26
245	2	313	26
246	2	313	26
247	2	313	26
248	2	313	26
249	2	313	26
250	2	313	26
251	2	313	26
252	2	313	26
253	2	313	26
254	2	313	26
255	2	313	26
256	2	313	26
257	2	313	26
258	2	313	26
259	2	313	26
260	2	313	26
261	2	313	26
262	2	313	26
263	2	313	26
264	2	313	26
265	2	313	26
266	2	313	26
267	2	313	26
268	2	313	26
269	2	313	26
270	2	313	26
271	2	313	26
272	2	313	26
273	2	313	26
274	2	313	26
275	2	313	26
276	2	313	26
277	2	313	26
278	2	313	26
279	2	313	26
280	2	313	26
281	2	313	26
282	2	313	26
283	2	313	26
284	2	313	26
285	2	313	26
286	2	313	26
287	2	313	26
288	2	313	26
289	2	313	26
290	2	313	26
291	2	313	26
292	2	313	26
293	2	313	26
294	2	313	26
295	2	313	26
296	2	313	26
297	2	313	26
298	2	313	26
299	2	313	26
300	2	313	26
301	2	313	26
302	2	313	26
303	2	313	26
304	2	313	26
305	2	313	26
306	2	313	26
307	2	313	26
308	2	313	26
309	2	313	26
310	2	313	26
311	2	313	26
312	2	313	26
313	2	313	26
314	2	313	26
315	2	313	26
316	2	313	26
317	2	313	26
318	2	313	26
319	2	313	26
320	2	313	26
321	2	313	26
322	2	313	26
323	2	313	26
324	2	313	26
325	2	313	26
326	2	313	26
327	2	313	26
328	2	313	26
329	2	313	26
330	2	313	26
331	2	313	26
332	2	313	26
333	2	313	26
334	2	313	26
335	2	313	26
336	2	313	26
337	2	313	26
338	2	313	26
339	2	313	26
340	2	313	26
341	2	313	26
342	2	313	26
343	2	313	26
344	2	313	26
345	2	313	26
346	2	313	26
347	2	313	26
348	2	313	26
349	2	313	26
350	2	313	26
351	2	313	26
352	2	313	26
353	2	313	26
354	2	313	26
355	2	313	26
356	2	313	26
357	2	313	26
358	2	313	26
359	2	313	26
360	2	313	26
361	2	313	26
362	2	313	26
363	2	313	26
364	2	313	26
365	2	313	26
366	2	313	26
367	2	313	26
368	2	313	26
369	2	313	26
370	2	313	26
371	2	313	26
372	2	313	26
373	2	313	26
374	2	313	26
375	2	313	26
376	2	313	26
377	2	313	26
378	2	313	26
379	2	313	26
380	2	313	26
381	2	313	26
382	2	313	26
383	2	313	26
384	2	313	26
385	2	313	26
386	2	313	26
387	2	313	26
388	2	313	26
389	2	313	26
390	2	313	26
391	2	313	26
392	2	313	26
393	2	313	26
394	2	313	26
395	2	313	26
396	2	313	26
397	2	313	26
398	2	313	26
399	2	313	26
400	2	313	26
401	2	313	26
402	2	313	26
403	2	313	26
404	2	313	26
405	2	313	26
406	2	313	26
407	2	313	26
408	2	313	26
409	2	313	26
410	2	313	26
411	2	313	26
412	2	313	26
413	2	313	26
414	2	313	26
415	2	313	26
416	2	313	26
417	2	313	26
418	2	313	26
419	2	313	26
420	2	313	26
421	2	313	26
422	2	313	26
423	2	313	26
424	2	313	26
425	2	313	26
426	2	313	26
427	2	313	26
428	2	313	26
429	2	313	26
430	2	313	26
431	2	313	26
432	2	313	26
433	2	313	26
434	2	313	26
435	2	313	26
436	2	313	26
437	2	313	26
438	2	313	26
439	2	313	26
440	2	313	26
441	2	313	26
442	2	313	26
443	2	313	26
444	2	313	26
445	2	313	26
446	2	313	26
447	2	313	26
448	2	313	26
449	2	313	26
450	2	313	26
451	2	313	26
452	2	313	26
453	2	313	26
454	2	313	26
455	2	313	26
456	2	313	26
457	2	313	26
458	2	313	26
459	2	313	26
460	2	313	26
461	2	313	26
462	2	313	26
463	2	313	26
464	2	313	26
465	2	313	26
466	2	313	26
467	2	313	26
468	2	313	26
469	2	313	26
470	2	313	26
471	2	313	26
472	2	313	26
473	2	313	26
474	2	313	26
475	2	313	26
476	2	313	26
477	2	313	26
478	2	313	26
479	2	313	26
480	2	313	26
481	2	313	26
482	2	313	26
483	2	313	26
484	2	313	26
485	2	313	26
486	2	313	26
487	2	313	26
488	2	313	26
489	2	313	26
490	2	313	26
491	2	313	26
492	2	313	26
493	2	313	26
494	2	313	26
495	2	313	26
496	2	313	26
497	2	313	26
498	2	313	26
499	2	313	26
500	2	313	26
501	2	313	26
502	2	313	26
503	2	313	26
504	2	313	26
505	2	313	26
506	2	313	26
507	2	313	26
508	2	313	26
509	2	313	26
510	2	313	26
511	2	313	26
512	2	313	26
513	2	313	26
514	2	313	26
515	2	313	26
516	2	313	26
517	2	313	26
518	2	313	26
519	2	313	26
520	2	313	26
521	2	313	26
522	2	313	26
523	2	313	26
524	2	313	26
525	2	313	26
526	2	313	26
527	2	313	26
528	2	313	26
529	2	313	26
530	2	313	26
531	2	313	26
532	2	313	26
533	2	313	26
534	2	313	26
535	2	313	26
536	2	313	26
537	2	313	26
538	2	313	26
539	2	313	26
540	2	313	26
541	2	313	26
542	2	313	26
543	2	313	26
544	2	313	26
545	2	313	26
546	2	313	26
547	2	313	26
548	2	313	26
549	2	313	26
550	2	313	26
551	2	313	26
552	2	313	26
553	2	313	26
554	2	313	26
555	2	313	26
556	2	313	26
557	2	313	26
558	2	313	26
559	2	313	26
560	2	313	26
561	2	313	26
562	2	313	26
563	2	313	26
564	2	313	26
565	2	313	26
566	2	313	26
567	2	313	26
568	2	313	26
569	2	313	26
570	2	313	26
571	2	313	26
572	2	313	26
573	2	313	26
574	2	313	26
575	2	313	26
576	2	313	26
577	2	313	26
578	2	313	26
579	2	313	26
580	2	313	26
581	2	313	26
582	2	313	26
583	2	313	26
584	2	313	26
585	2	313	26
586	2	313	26
587	2	313	26
588	2	313	26
589	2	313	26
590	2	313	26
591	2	313	26
592	2	313	26
593	2	313	26
594	2	313	26
595	2	313	26
596	2	313	26
597	2	313	26
598	2	313	26
599	2	313	26
600	2	313	26
601	2	313	26
602	2	313	26
603	2	313	26
604	2	313	26
605	2	313	26
606	2	313	26
607	2	313	26
608	2	313	26
609	2	313	26
610	2	313	26
611	2	313	26
612	2	313	26
613	2	313	26
614	2	313	26
615	2	313	26
616	2	313	26
617	2	313	26
618	2	313	26
619	2	313	26
620	2	313	26
621	2	313	26
622	2	313	26
623	2	313	26
624	2	313	26
625	2	313	26
626	2	313	26
627	2	313	26
628	2	313	26
629	2	313	26
630	2	313	26
631	2	313	26
632	2	313	26
633	2	313	26
634	2	313	26
635	2	313	26
636	2	313	26
637	2	313	26
638	2	313	26
639	2	313	26
640	2	313	26
641	2	313	26
642	2	313	26
643	2	313	26
644	2	313	26
645	2	313	26
646	2	313	26
647	2	313	26
648	2	313	26
649	2	313	26
650	2	313	26
651	2	313	26
652	2	313	26
653	2	313	26
654	2	313	26
655	2	313	26
656	2	313	26
657	2	313	26
658	2	313	26
659	2	313	26
660	2	313	26
661	2	313	26
662	2	313	26
663	2	313	26
664	2	313	26
665	2	313	26
666	2	313	26
667	2	313	26
668	2	313	26
669	2	313	26
670	2	313	26
671	2	313	26
672	2	313	26
673	2	313	26
674	2	313	26
675	2	313	26
676	2	313	26
677	2	313	26
678	2	313	26
679	2	313	26
680	2	313	26
681	2	313	26
682	2	313	26
683	2	313	26
684	2	313	26
685	2	313	26
686	2	313	26
687	2	313	26
688	2	313	26
689	2	313	26
690	2	313	26
691	2	313	26
692	2	313	26
693	2	313	26
694	2	313	26
695	2	313	26
696	2	313	26
697	2	313	26
698	2	313	26
699	2	313	26
700	2	313	26
701	2	313	26
702	2	313	26
703	2	313	26
704	2	313	26
705	2	313	26
706	2	313	26
707	2	313	26
708	2	313	26
709	2	313	26
710	2	313	26
711	2	313	26
712	2	313	26
713	2	313	26
714	2	313	26
715	2	313	26
716	2	313	26
717	2	313	26
718	2	313	26
719	2	313	26
720	2	313	26
721	2	313	26
722	2	313	26
723	2	313	26
724	2	313	26
725	2	313	26
726	2	313	26
727	2	313	26
728	2	313	26
729	2	313	26
730	2	313	26
731	2	313	26
732	2	313	26
733	2	313	26
734	2	313	26
735	2	313	26
736	2	313	26
737	2	313	26
738	2	313	26
739	2	313	26
740	2	313	26
741	2	313	26
742	2	313	26
743	2	313	26
744	2	313	26
745	2	313	26
746	2	313	26
747	2	313	26
748	2	313	26
749	2	313	26
750	2	313	26
751	2	313	26
752	2	313	26
753	2	313	26
754	2	313	26
755	2	313	26
756	2	313	26
757	2	313	26
758	2	313	26
759	2	313	26
760	2	313	26
761	2	313	26
762	2	313	26
763	2	313	26
764	2	313	26
765	2	313	26
766	2	313	26
767	2	313	26
768	2	313	26
769	2	313	26
770	2	313	26
771	2	313	26
772	2	313	26
773	2	313	26
774	2	313	26
775	2	313	26
776	2	313	26
777	2	313	26
778	2	313	26
779	2	313	26
780	2	313	26
781	2	313	26
782	2	313	26
783	2	313	26
784	2	313	26
785	2	313	26
786	2	313	26
787	2	313	26
788	2	313	26
789	2	313	26
790	2	313	26
791	2	313	26
792	2	313	26
793	2	313	26
794	2	313	26
795	2	313	26
796	2	313	26
797	2	313	26
798	2	313	26
799	2	313	26
800	2	313	26
801	2	313	26
802	2	313	26
803	2	313	26
804	2	313	26
805	2	313	26
806	2	313	26
807	2	313	26
808	2	313	26
809	2	313	26
810	2	313	26
811	2	313	26
812	2	313	26
813	2	313	26
814	2	313	26
815	2	313	26
816	2	313	26
817	2	313	26
818	2	313	26
819	2	313	26
820	2	313	26
821	2	313	26
822	2	313	26
823	2	313	26
824	2	313	26
825	2	313	26
826	2	313	26
827	2	313	26
828	2	313	26
829	2	313	26
830	2	313	26
831	2	313	26
832	2	313	26
833	2	313	26
834	2	313	26
835	2	313	26
836	2	313	26
837	2	313	26
838	2	313	26
839	2	313	26
840	2	313	26
841	2	313	26
842	2	313	26
843	2	313	26
844	2	313	26
845	2	313	26
846	2	313	26
847	2	313	26
848	2	313	26
849	2	313	26
850	2	313	26
851	2	313	26
852	2	313	26
853	2	313	26
854	2	313	26
855	2	313	26
856	2	313	26
857	2	313	26
858	2	313	26
859	2	313	26
860	2	313	26
861	2	313	26
862	2	313	26
863	2	313	26
864	2	313	26
865	2	313	26
866	2	313	26
867	2	313	26
868	2	313	26
869	2	313	26
870	2	313	26
871	2	313	26
872	2	313	26
873	2	313	26
874	2	313	26
875	2	313	26
876	2	313	26
877	2	313	26
878	2	313	26
879	2	313	26
880	2	313	26
881	2	313	26
882	2	313	26
883	2	313	26
884	2	313	26
885	2	313	26
886	2	313	26
887	2	313	26
888	2	313	26
889	2	313	26
890	2	313	26
891	2	313	26
892	2	313	26
893	2	313	26
894	2	313	26
895	2	313	26
896	2	313	26
897	2	313	26
898	2	313	26
899	2	313	26
900	2	313	26
901	2	313	26
902	2	313	26
903	2	313	26
904	2	313	26
905	2	313	26
906	2	313	26
907	2	313	26
908	2	313	26
909	2	313	26
910	2	313	26
911	2	313	26
912	2	313	26
913	2	313	26
914	2	313	26
915	2	313	26
916	2	313	26
917	2	313	26
918	2	313	26
919	2	313	26
920	2	313	26
921	2	313	26
922	2	313	26
923	2	313	26
924	2	313	26
925	2	313	26
926	2	313	26
927	2	313	26
928	2	313	26
929	2	313	26
930	2	313	26
931	2	313	26
932	2	313	26
933	2	313	26
934	2	313	26
935	2	313	26
936	2	313	26
937	2	313	26
938	2	313	26
939	2	313	26
940	2	313	26
941	2	313	26
942	2	313	26
943	2	313	26
944	2	313	26
945	2	313	26
946	2	313	26
947	2	313	26
948	2	313	26
949	2	313	26
950	2	313	26
951	2	313	26
952	2	313	26
953	2	313	26
954	2	313	26
955	2	313	26
956	2	313	26
957	2	313	26
958	2	313	26
959	2	313	26
960	2	313	26
961	2	313	26
962	2	313	26
963	2	313	26
964	2	313	26
965	2	313	26
966	2	313	26
967	2	313	26
968	2	313	26
969	2	313	26
970	2	313	26
971	2	313	26
972	2	313	26
973	2	313	26
974	2	313	26
975	2	313	26
976	2	313	26
977	2	313	26
978	2	313	26
979	2	313	26
980	2	313	26
981	2	313	26
982	2	313	26
983	2	313	26
984	2	313	26
985	2	313	26
986	2	313	26
987	2	313	26
988	2	313	26
989	2	313	26
990	2	313	26
991	2	313	26
992	2	313	26
993	2	313	26
994	2	313	26
995	2	313	26
996	2	313	26
997	2	313	26
998	2	313	26
999	2	313	26
0	3	678	29
1	3	678	29
2	3	834	29
3	3	1304	29
4	3	782	29
4	3	1461	20
4	3	1826	9
4	3	2243	30
5	3	678	29
6	3	782	29
7	3	1148	29
8	3	939	29
8	3	1513	20
10	3	678	29
10	3	2295	20
12	3	1982	29
13	3	1826	29
14	3	678	29
15	3	678	29
16	3	730	29
17	3	678	29
17	3	2139	20
18	3	678	29
19	3	1982	29
20	3	887	29
20	3	2087	20
21	3	678	29
22	3	1200	29
23	3	678	29
24	3	678	29
24	3	1878	20
25	3	1878	29
26	3	939	29
27	3	678	29
28	3	1043	29
28	3	1722	20
29	3	1304	29
30	3	1408	29
31	3	782	29
32	3	1252	29
33	3	939	29
34	3	991	29
34	3	2191	20
35	3	678	29
35	3	2087	20
36	3	678	29
37	3	834	29
38	3	887	29
39	3	782	29
40	3	678	29
40	3	1252	20
40	3	2087	9
40	3	2295	30
41	3	991	29
41	3	2295	20
42	3	1043	29
43	3	678	29
43	3	2035	20
45	3	887	29
46	3	678	29
47	3	1304	29
49	3	782	29
49	3	1565	20
51	3	1930	29
52	3	2243	29
53	3	730	29
53	3	1513	20
55	3	834	29
56	3	1513	29
57	3	678	29
57	3	1356	20
57	3	2087	9
58	3	834	29
58	3	1513	20
59	3	678	29
59	3	1878	20
60	3	1826	29
61	3	782	29
62	3	730	29
62	3	1565	20
63	3	939	29
64	3	2087	29
65	3	991	29
66	3	1461	29
67	3	1043	29
67	3	1669	20
68	3	1669	29
69	3	1095	29
70	3	887	29
71	3	1252	29
73	3	2035	29
74	3	1878	29
75	3	678	29
76	3	1617	29
77	3	1930	29
78	3	1774	29
79	3	1095	29
80	3	730	29
81	3	782	29
82	3	939	29
83	3	1252	29
84	3	782	29
86	3	1461	29
87	3	678	29
87	3	1304	20
87	3	2087	9
88	3	991	29
88	3	1774	20
89	3	1095	29
90	3	1513	29
91	3	887	29
92	3	678	29
93	3	1565	29
94	3	2139	29
95	3	1513	29
96	3	1200	29
97	3	1669	29
98	3	1878	29
99	3	1356	29
100	3	1774	29
101	3	939	29
102	3	939	29
103	3	1252	29
104	3	782	29
106	3	991	29
106	3	1669	20
107	3	678	29
107	3	2087	20
108	3	678	29
109	3	1513	29
110	3	678	29
111	3	887	29
112	3	1095	29
113	3	678	29
114	3	887	29
115	3	1669	29
116	3	1669	29
117	3	1617	29
118	3	1304	29
119	3	1408	29
120	3	1148	29
121	3	1982	29
122	3	678	29
122	3	1408	20
122	3	2295	9
123	3	2139	29
124	3	678	29
125	3	730	29
125	3	1617	20
126	3	678	29
126	3	1617	20
127	3	678	29
128	3	678	29
128	3	1304	20
129	3	1356	29
130	3	782	29
131	3	939	29
131	3	1722	20
132	3	678	29
133	3	782	29
134	3	1148	29
135	3	678	29
135	3	1461	20
136	3	678	29
136	3	1043	20
136	3	1461	9
137	3	991	29
138	3	678	29
138	3	1304	20
138	3	2139	9
139	3	678	29
139	3	1304	20
139	3	1722	9
139	3	2035	12
139	3	2087	30
140	3	2139	29
141	3	678	29
141	3	1252	20
141	3	1722	9
142	3	1356	29
143	3	1461	29
145	3	1304	29
146	3	782	29
147	3	887	29
147	3	2295	20
148	3	1565	29
149	3	678	29
149	3	1513	20
150	3	730	29
151	3	1356	29
152	3	834	29
152	3	1722	20
153	3	991	29
154	3	730	29
154	3	1513	20
155	3	678	29
155	3	1565	20
155	3	2295	9
156	3	678	29
156	3	1513	20
158	3	782	29
158	3	1669	20
159	3	678	29
159	3	1356	20
159	3	2295	9
160	3	939	29
161	3	1982	29
162	3	1148	29
163	3	1669	29
164	3	678	29
165	3	782	29
165	3	1565	20
166	3	1982	29
167	3	1617	29
169	3	678	29
170	3	678	29
170	3	1304	20
171	3	1617	29
172	3	1200	29
173	3	1565	29
174	3	1095	29
175	3	887	29
175	3	1826	20
176	3	678	29
179	3	782	29
179	3	1722	20
181	3	678	29
182	3	1043	29
183	3	678	29
183	3	2087	20
184	3	1722	29
185	3	782	29
185	3	1513	20
187	3	1043	29
188	3	1878	29
189	3	1043	29
189	3	1722	20
189	3	2295	9
190	3	1304	29
191	3	678	29
192	3	834	29
193	3	887	29
193	3	2139	20
194	3	1513	29
196	3	678	29
196	3	1148	20
196	3	1722	9
196	3	1982	30
198	3	939	29
198	3	2139	20
199	3	678	29
199	3	1513	20
200	3	1252	29
201	3	1982	29
202	3	1148	29
203	3	1095	29
204	3	730	29
205	3	1461	29
206	3	678	29
206	3	1095	20
206	3	1408	9
206	3	1774	12
206	3	1982	30
207	3	678	29
207	3	2087	20
208	3	730	29
210	3	782	29
211	3	1774	29
212	3	1148	29
213	3	1878	29
215	3	1356	29
216	3	2243	29
217	3	1304	29
218	3	991	29
220	3	1774	29
221	3	939	29
222	3	1982	29
223	3	1930	29
224	3	1148	29
225	3	678	29
225	3	1304	20
225	3	2139	9
225	3	2295	30
226	3	730	29
226	3	1513	20
227	3	939	29
228	3	678	29
228	3	1356	20
229	3	1043	29
230	3	678	29
231	3	678	29
232	3	678	29
232	3	1461	20
233	3	1408	29
235	3	1826	29
236	3	1826	29
239	3	1513	29
240	3	678	29
240	3	1617	20
240	3	2243	9
241	3	1043	29
242	3	887	29
243	3	678	29
243	3	1252	20
243	3	2139	9
243	3	2295	30
244	3	678	29
245	3	1356	29
248	3	678	29
249	3	678	29
250	3	678	29
250	3	1356	20
250	3	2191	9
251	3	834	29
252	3	2035	29
253	3	1356	29
255	3	1252	29
256	3	1095	29
256	3	2295	20
257	3	1252	29
258	3	678	29
259	3	678	29
260	3	730	29
262	3	1095	29
264	3	730	29
265	3	730	29
266	3	834	29
267	3	678	29
267	3	2295	20
268	3	1148	29
269	3	730	29
270	3	1408	29
271	3	887	29
271	3	1722	20
272	3	678	29
272	3	1304	20
272	3	1669	9
272	3	2035	12
272	3	2139	30
274	3	1356	29
275	3	2035	29
277	3	1930	29
278	3	1826	29
279	3	1461	29
280	3	1304	29
282	3	1930	29
283	3	1304	29
284	3	678	29
284	3	1200	20
284	3	2087	9
284	3	2295	30
285	3	1252	29
286	3	678	29
286	3	1461	20
286	3	1982	9
287	3	1461	29
288	3	730	29
289	3	2243	29
291	3	887	29
292	3	1826	29
293	3	678	29
293	3	1200	20
293	3	2243	30
294	3	678	29
295	3	1356	29
296	3	678	29
297	3	2139	29
298	3	1095	29
299	3	678	29
300	3	1878	29
301	3	678	29
302	3	782	29
302	3	2191	20
303	3	678	29
303	3	1200	20
303	3	1774	9
304	3	678	29
306	3	678	29
306	3	1461	20
307	3	991	29
308	3	939	29
309	3	678	29
309	3	1200	20
309	3	1982	9
309	3	2191	30
310	3	782	29
310	3	1513	20
310	3	2295	30
311	3	1878	29
312	3	1408	29
313	3	1304	29
314	3	1513	29
315	3	887	29
315	3	2035	20
317	3	1408	29
318	3	1930	29
319	3	2087	29
320	3	1408	29
321	3	678	29
322	3	678	29
323	3	2035	29
324	3	1513	29
325	3	1461	29
326	3	678	29
327	3	1200	29
328	3	1513	29
329	3	1774	29
330	3	1043	29
330	3	1669	20
331	3	678	29
332	3	887	29
332	3	1669	20
333	3	678	29
333	3	1826	20
334	3	1461	29
335	3	678	29
335	3	2087	20
336	3	730	29
337	3	1408	29
338	3	1930	29
339	3	678	29
340	3	1252	29
341	3	1304	29
342	3	678	29
342	3	1408	20
343	3	678	29
343	3	1513	20
344	3	2243	29
345	3	834	29
345	3	1722	20
346	3	782	29
346	3	1565	20
347	3	887	29
348	3	678	29
348	3	1722	20
349	3	678	29
349	3	1304	20
350	3	2295	29
351	3	834	29
352	3	887	29
353	3	678	29
354	3	678	29
354	3	1200	20
354	3	1669	9
355	3	730	29
356	3	1148	29
357	3	782	29
358	3	1200	29
360	3	991	29
361	3	782	29
364	3	678	29
365	3	2295	29
366	3	1043	29
367	3	782	29
368	3	678	29
368	3	1200	20
368	3	2087	9
368	3	2243	30
369	3	730	29
369	3	1513	20
371	3	678	29
372	3	1095	29
374	3	1722	29
375	3	1461	29
376	3	834	29
377	3	1461	29
378	3	1252	29
379	3	991	29
380	3	887	29
381	3	939	29
382	3	678	29
383	3	1774	29
384	3	782	29
385	3	939	29
386	3	782	29
387	3	782	29
387	3	1408	20
388	3	2295	29
389	3	678	29
390	3	678	29
391	3	730	29
391	3	2087	20
392	3	1774	29
393	3	678	29
394	3	887	29
395	3	887	29
396	3	678	29
396	3	1148	20
396	3	1669	9
397	3	1304	29
398	3	887	29
399	3	678	29
400	3	782	29
402	3	834	29
403	3	2139	29
404	3	1200	29
405	3	1408	29
406	3	782	29
407	3	1252	29
409	3	1565	29
410	3	1513	29
411	3	678	29
411	3	1200	20
411	3	1669	9
412	3	678	29
412	3	1200	20
412	3	1565	9
412	3	1982	12
412	3	2087	30
413	3	678	29
413	3	1148	20
413	3	1461	9
413	3	1826	12
414	3	834	29
414	3	1878	20
415	3	730	29
415	3	1722	20
416	3	1878	29
417	3	782	29
417	3	2139	20
418	3	834	29
418	3	1356	20
419	3	730	29
419	3	1513	20
420	3	1148	29
421	3	2087	29
422	3	1669	29
423	3	1148	29
423	3	2295	20
424	3	678	29
424	3	1304	20
424	3	1722	9
424	3	2191	12
424	3	2243	30
425	3	834	29
426	3	1200	29
427	3	2243	29
428	3	678	29
429	3	887	29
430	3	730	29
431	3	678	29
432	3	730	29
432	3	1565	20
433	3	939	29
434	3	678	29
434	3	1408	20
434	3	1982	9
434	3	2243	30
435	3	678	29
435	3	1722	20
436	3	678	29
436	3	1304	20
437	3	678	29
438	3	991	29
439	3	1513	29
440	3	991	29
442	3	939	29
445	3	678	29
445	3	1930	20
446	3	1669	29
447	3	1878	29
448	3	1722	29
451	3	1043	29
451	3	1826	20
452	3	782	29
453	3	678	29
453	3	1200	20
454	3	1669	29
455	3	1252	29
456	3	1461	29
457	3	991	29
459	3	2035	29
460	3	678	29
461	3	678	29
461	3	1617	20
462	3	834	29
463	3	782	29
463	3	1565	20
464	3	1148	29
465	3	678	29
466	3	678	29
467	3	678	29
468	3	678	29
469	3	678	29
469	3	1304	20
470	3	1982	29
471	3	1513	29
472	3	730	29
473	3	1043	29
473	3	2139	20
474	3	678	29
474	3	1408	20
475	3	1513	29
476	3	1774	29
478	3	991	29
480	3	1095	29
481	3	782	29
481	3	1408	20
481	3	2191	9
482	3	834	29
484	3	2243	29
485	3	1513	29
486	3	1408	29
487	3	678	29
488	3	1408	29
489	3	678	29
489	3	1252	20
490	3	1095	29
490	3	1722	20
490	3	2295	9
491	3	939	29
492	3	1148	29
492	3	2087	20
494	3	730	29
495	3	1095	29
496	3	939	29
496	3	1617	20
497	3	678	29
498	3	834	29
499	3	782	29
500	3	678	29
500	3	1148	20
500	3	1722	9
501	3	1513	29
502	3	1095	29
503	3	678	29
503	3	1148	20
503	3	1565	9
503	3	2035	30
505	3	1565	29
506	3	1304	29
507	3	2087	29
508	3	678	29
508	3	1461	20
508	3	2139	9
508	3	2295	30
510	3	2139	29
512	3	1148	29
512	3	2139	20
513	3	1148	29
514	3	730	29
515	3	678	29
515	3	1669	20
516	3	1565	29
517	3	1461	29
518	3	1200	29
519	3	730	29
519	3	1669	20
520	3	834	29
521	3	678	29
521	3	1408	20
522	3	1043	29
522	3	1722	20
523	3	678	29
523	3	2191	20
525	3	782	29
525	3	1408	20
525	3	2295	9
526	3	2087	29
527	3	678	29
528	3	678	29
529	3	678	29
529	3	1252	20
529	3	1722	9
529	3	2295	30
530	3	1408	29
531	3	1200	29
532	3	1200	29
533	3	2243	29
534	3	678	29
534	3	1356	20
535	3	2243	29
536	3	1669	29
537	3	887	29
537	3	2295	20
538	3	678	29
539	3	678	29
540	3	2191	29
541	3	730	29
542	3	1252	29
543	3	1252	29
544	3	834	29
544	3	1461	20
544	3	2087	9
544	3	2295	30
545	3	1669	29
546	3	1304	29
547	3	834	29
547	3	1565	20
548	3	1774	29
549	3	1408	29
550	3	678	29
550	3	1252	20
550	3	1878	9
550	3	2191	30
551	3	678	29
551	3	1304	20
552	3	1565	29
553	3	1095	29
554	3	678	29
554	3	1513	20
555	3	678	29
555	3	1148	20
555	3	1617	9
555	3	2035	30
555	3	2087	12
556	3	1043	29
557	3	2139	29
558	3	678	29
559	3	1148	29
560	3	1669	29
561	3	1356	29
562	3	1200	29
563	3	991	29
564	3	1669	29
565	3	678	29
565	3	1356	20
565	3	1930	9
565	3	2243	30
565	3	2295	12
566	3	730	29
567	3	1095	29
568	3	678	29
568	3	1304	20
569	3	1148	29
570	3	1461	29
571	3	678	29
571	3	2087	20
572	3	1774	29
574	3	887	29
575	3	678	29
575	3	1200	20
575	3	1722	9
576	3	1304	29
577	3	678	29
578	3	1356	29
581	3	1200	29
582	3	1043	29
583	3	678	29
583	3	1200	20
583	3	1722	9
584	3	678	29
585	3	678	29
585	3	1148	20
585	3	1513	9
586	3	1043	29
586	3	1722	20
587	3	678	29
587	3	1200	20
588	3	782	29
589	3	782	29
590	3	730	29
591	3	1826	29
593	3	939	29
594	3	1252	29
595	3	678	29
595	3	1356	20
595	3	2191	9
595	3	2243	30
596	3	1043	29
597	3	1461	29
598	3	678	29
599	3	678	29
599	3	2139	20
600	3	1930	29
601	3	782	29
602	3	1669	29
604	3	1095	29
604	3	2295	20
605	3	1252	29
606	3	991	29
606	3	1774	20
607	3	678	29
607	3	1982	20
608	3	730	29
611	3	1095	29
612	3	1252	29
613	3	1722	29
614	3	1304	29
615	3	1200	29
616	3	1200	29
617	3	2087	29
619	3	1513	29
620	3	678	29
621	3	1148	29
622	3	678	29
623	3	1461	29
624	3	730	29
625	3	1200	29
626	3	782	29
626	3	1722	20
627	3	834	29
628	3	939	29
629	3	1565	29
630	3	1095	29
631	3	991	29
631	3	1878	20
632	3	678	29
632	3	2243	20
633	3	1878	29
634	3	1304	29
635	3	1565	29
638	3	1982	29
639	3	730	29
639	3	1513	20
640	3	1982	29
641	3	887	29
642	3	1356	29
644	3	782	29
645	3	1043	29
646	3	678	29
646	3	1408	20
647	3	2243	29
648	3	1095	29
649	3	730	29
650	3	1774	29
651	3	782	29
652	3	887	29
653	3	834	29
654	3	1461	29
655	3	1043	29
656	3	939	29
657	3	730	29
658	3	782	29
658	3	1513	20
659	3	1304	29
660	3	1774	29
661	3	678	29
662	3	991	29
663	3	1252	29
664	3	730	29
664	3	1461	20
664	3	2087	9
665	3	678	29
666	3	678	29
666	3	2243	20
667	3	678	29
668	3	1200	29
669	3	1148	29
670	3	1148	29
672	3	1304	29
673	3	1148	29
674	3	1043	29
675	3	1200	29
676	3	678	29
676	3	1356	20
677	3	1095	29
677	3	1774	20
678	3	730	29
679	3	1565	29
680	3	1148	29
681	3	1513	29
682	3	834	29
683	3	1513	29
684	3	1148	29
685	3	887	29
686	3	782	29
687	3	1617	29
688	3	1408	29
689	3	1356	29
690	3	887	29
691	3	730	29
691	3	1669	20
691	3	2295	9
692	3	834	29
692	3	1461	20
693	3	939	29
693	3	1774	20
694	3	834	29
695	3	678	29
695	3	2087	20
696	3	1356	29
697	3	730	29
698	3	1774	29
699	3	991	29
700	3	834	29
701	3	1148	29
701	3	2191	20
702	3	939	29
703	3	678	29
703	3	1722	20
705	3	1252	29
706	3	678	29
707	3	782	29
708	3	1252	29
709	3	782	29
709	3	1826	20
710	3	730	29
710	3	1461	20
711	3	1200	29
712	3	1148	29
714	3	678	29
715	3	1095	29
716	3	678	29
716	3	1252	20
717	3	1148	29
717	3	1774	20
718	3	730	29
718	3	1513	20
719	3	1565	29
720	3	2243	29
721	3	1043	29
722	3	678	29
722	3	1252	20
722	3	1722	9
723	3	1252	29
724	3	1930	29
725	3	782	29
726	3	991	29
726	3	1722	20
727	3	1565	29
728	3	1982	29
729	3	782	29
730	3	991	29
731	3	678	29
732	3	834	29
733	3	730	29
733	3	1669	20
734	3	678	29
734	3	1878	20
735	3	2139	29
736	3	1304	29
737	3	730	29
737	3	1878	20
738	3	782	29
738	3	1513	20
738	3	2087	9
739	3	1252	29
741	3	887	29
742	3	678	29
742	3	1252	20
742	3	1982	9
742	3	2295	30
743	3	678	29
743	3	2139	20
744	3	1304	29
745	3	1826	29
746	3	1461	29
747	3	991	29
748	3	2295	29
749	3	1930	29
750	3	834	29
752	3	1148	29
752	3	2087	20
753	3	678	29
753	3	1461	20
753	3	2035	9
754	3	678	29
755	3	678	29
755	3	2087	20
756	3	678	29
756	3	1356	20
757	3	1878	29
758	3	678	29
759	3	1565	29
760	3	991	29
761	3	1095	29
762	3	834	29
763	3	1304	29
764	3	939	29
765	3	678	29
766	3	730	29
767	3	1304	29
768	3	1722	29
769	3	1774	29
770	3	2243	29
771	3	1304	29
772	3	1722	29
773	3	1617	29
774	3	678	29
774	3	1513	20
775	3	1774	29
776	3	678	29
776	3	1304	20
776	3	2035	9
777	3	2243	29
778	3	782	29
779	3	2087	29
780	3	887	29
781	3	834	29
781	3	1878	20
782	3	887	29
783	3	1774	29
784	3	678	29
785	3	834	29
786	3	1982	29
787	3	1617	29
788	3	730	29
789	3	1200	29
790	3	1148	29
791	3	1722	29
792	3	782	29
793	3	678	29
793	3	1982	20
794	3	678	29
795	3	1930	29
796	3	1617	29
797	3	678	29
798	3	1356	29
800	3	1513	29
801	3	1565	29
802	3	834	29
803	3	834	29
803	3	2087	20
804	3	887	29
806	3	1617	29
807	3	678	29
807	3	1148	20
807	3	1722	9
808	3	2243	29
809	3	1930	29
810	3	678	29
810	3	2295	20
811	3	678	29
811	3	2087	20
812	3	678	29
812	3	1513	20
813	3	939	29
814	3	939	29
815	3	678	29
816	3	1252	29
818	3	939	29
818	3	2035	20
819	3	1722	29
820	3	991	29
821	3	1356	29
822	3	678	29
823	3	678	29
823	3	1356	20
823	3	2139	9
823	3	2243	30
824	3	1200	29
825	3	1148	29
826	3	1148	29
827	3	1878	29
828	3	1408	29
829	3	2139	29
830	3	1356	29
831	3	782	29
831	3	1461	20
831	3	1982	9
831	3	2295	30
832	3	678	29
832	3	1408	20
832	3	2035	9
832	3	2191	30
833	3	1356	29
834	3	730	29
834	3	1461	20
834	3	2295	9
835	3	887	29
836	3	2295	29
837	3	1513	29
838	3	678	29
838	3	1669	20
839	3	1565	29
840	3	678	29
840	3	1148	20
840	3	1722	9
841	3	782	29
842	3	1095	29
843	3	678	29
843	3	1200	20
843	3	1774	9
843	3	2139	30
844	3	1565	29
845	3	1461	29
846	3	1617	29
847	3	1356	29
848	3	678	29
848	3	1356	20
850	3	730	29
850	3	1356	20
850	3	1722	9
853	3	1722	29
854	3	1200	29
855	3	834	29
856	3	939	29
857	3	1669	29
858	3	1043	29
861	3	730	29
862	3	1826	29
863	3	730	29
863	3	1513	20
864	3	678	29
864	3	1356	20
864	3	2087	9
864	3	2243	30
865	3	678	29
866	3	678	29
866	3	2295	20
867	3	1095	29
868	3	782	29
869	3	1148	29
870	3	1252	29
871	3	1252	29
873	3	678	29
873	3	1304	20
875	3	782	29
876	3	678	29
877	3	678	29
877	3	1200	20
877	3	1722	9
878	3	1408	29
879	3	939	29
880	3	678	29
880	3	1513	20
882	3	1408	29
883	3	1982	29
884	3	730	29
885	3	678	29
885	3	1304	20
886	3	1408	29
887	3	887	29
888	3	2243	29
889	3	1565	29
890	3	1408	29
891	3	730	29
892	3	1774	29
893	3	782	29
894	3	834	29
895	3	939	29
896	3	730	29
897	3	730	29
898	3	730	29
898	3	1565	20
899	3	678	29
899	3	1513	20
900	3	1200	29
901	3	678	29
902	3	1095	29
903	3	730	29
903	3	1930	20
905	3	1408	29
906	3	678	29
907	3	2295	29
908	3	678	29
909	3	2087	29
910	3	1304	29
911	3	2087	29
912	3	730	29
913	3	1461	29
914	3	1095	29
915	3	1408	29
916	3	730	29
916	3	1461	20
917	3	991	29
918	3	1356	29
919	3	1669	29
920	3	1304	29
921	3	2191	29
922	3	887	29
923	3	1461	29
924	3	730	29
924	3	1356	20
925	3	678	29
926	3	782	29
926	3	1878	20
927	3	1148	29
929	3	782	29
931	3	678	29
931	3	1252	20
931	3	1669	9
932	3	1304	29
933	3	1408	29
934	3	1252	29
935	3	730	29
936	3	1252	29
937	3	1878	29
938	3	1200	29
939	3	1669	29
940	3	939	29
940	3	1722	20
941	3	678	29
941	3	1408	20
941	3	2087	9
942	3	678	29
942	3	1356	20
943	3	2035	29
944	3	991	29
945	3	1774	29
946	3	1043	29
947	3	678	29
947	3	1304	20
947	3	2243	30
948	3	678	29
949	3	678	29
949	3	1148	20
949	3	1722	9
950	3	678	29
950	3	1722	20
953	3	678	29
953	3	1565	20
954	3	678	29
954	3	1982	20
956	3	1982	29
958	3	1669	29
960	3	939	29
961	3	834	29
962	3	2191	29
963	3	730	29
964	3	730	29
964	3	1408	20
965	3	1148	29
966	3	678	29
968	3	887	29
969	3	991	29
969	3	1982	20
971	3	730	29
972	3	678	29
972	3	1200	20
972	3	1722	9
972	3	2295	30
973	3	887	29
974	3	834	29
975	3	1565	29
976	3	887	29
976	3	1722	20
977	3	2243	29
978	3	730	29
978	3	1565	20
979	3	1461	29
980	3	1982	29
981	3	1095	29
981	3	1722	20
982	3	782	29
983	3	678	29
984	3	1200	29
985	3	1252	29
985	3	2087	20
987	3	1513	29
988	3	834	29
989	3	678	29
990	3	1930	29
994	3	2191	29
995	3	678	29
996	3	1461	29
998	3	834	29
998	3	1461	20
998	3	2087	9
998	3	2243	30
999	3	1669	29
0	4	678	29
1	4	678	29
2	4	834	29
3	4	1304	29
4	4	782	29
4	4	1982	28
4	4	2243	30
5	4	678	29
6	4	782	29
7	4	1148	29
8	4	939	29
10	4	678	29
12	4	1982	29
13	4	1826	29
14	4	678	29
15	4	678	29
16	4	730	29
17	4	678	29
18	4	678	29
19	4	1982	29
20	4	887	29
21	4	678	29
22	4	1200	29
23	4	678	29
24	4	678	29
25	4	1878	29
26	4	939	29
27	4	678	29
28	4	1043	29
29	4	1304	29
30	4	1408	29
31	4	782	29
32	4	1252	29
33	4	939	29
34	4	991	29
35	4	678	29
36	4	678	29
37	4	834	29
38	4	887	29
39	4	782	29
40	4	678	29
40	4	2035	28
40	4	2295	30
41	4	991	29
42	4	1043	29
43	4	678	29
45	4	887	29
46	4	678	29
47	4	1304	29
49	4	782	29
51	4	1930	29
52	4	2243	29
53	4	730	29
53	4	2087	28
55	4	834	29
56	4	1513	29
57	4	678	29
57	4	1930	28
58	4	834	29
59	4	678	29
60	4	1826	29
61	4	782	29
62	4	730	29
62	4	2243	28
63	4	939	29
64	4	2087	29
65	4	991	29
66	4	1461	29
67	4	1043	29
68	4	1669	29
69	4	1095	29
70	4	887	29
71	4	1252	29
73	4	2035	29
74	4	1878	29
75	4	678	29
76	4	1617	29
77	4	1930	29
78	4	1774	29
79	4	1095	29
80	4	730	29
81	4	782	29
82	4	939	29
83	4	1252	29
84	4	782	29
86	4	1461	29
87	4	678	29
87	4	1982	28
88	4	991	29
89	4	1095	29
90	4	1513	29
91	4	887	29
92	4	678	29
93	4	1565	29
94	4	2139	29
95	4	1513	29
96	4	1200	29
97	4	1669	29
98	4	1878	29
99	4	1356	29
100	4	1774	29
101	4	939	29
102	4	939	29
103	4	1252	29
104	4	782	29
106	4	991	29
106	4	2139	28
107	4	678	29
107	4	2243	28
108	4	678	29
109	4	1513	29
110	4	678	29
111	4	887	29
112	4	1095	29
113	4	678	29
114	4	887	29
115	4	1669	29
116	4	1669	29
117	4	1617	29
118	4	1304	29
119	4	1408	29
120	4	1148	29
121	4	1982	29
122	4	678	29
122	4	2243	28
123	4	2139	29
124	4	678	29
125	4	730	29
126	4	678	29
127	4	678	29
128	4	678	29
129	4	1356	29
130	4	782	29
131	4	939	29
131	4	2087	28
132	4	678	29
133	4	782	29
134	4	1148	29
135	4	678	29
136	4	678	29
136	4	1722	28
137	4	991	29
138	4	678	29
138	4	2087	28
139	4	678	29
139	4	1826	28
139	4	2087	30
140	4	2139	29
141	4	678	29
141	4	1878	28
142	4	1356	29
143	4	1461	29
145	4	1304	29
146	4	782	29
147	4	887	29
148	4	1565	29
149	4	678	29
149	4	2087	28
150	4	730	29
151	4	1356	29
152	4	834	29
152	4	2243	28
153	4	991	29
154	4	730	29
155	4	678	29
155	4	2243	28
156	4	678	29
158	4	782	29
159	4	678	29
159	4	2139	28
160	4	939	29
161	4	1982	29
162	4	1148	29
163	4	1669	29
164	4	678	29
165	4	782	29
166	4	1982	29
167	4	1617	29
169	4	678	29
170	4	678	29
171	4	1617	29
172	4	1200	29
173	4	1565	29
174	4	1095	29
175	4	887	29
175	4	2295	28
176	4	678	29
179	4	782	29
181	4	678	29
182	4	1043	29
183	4	678	29
184	4	1722	29
185	4	782	29
187	4	1043	29
188	4	1878	29
189	4	1043	29
189	4	2295	28
190	4	1304	29
191	4	678	29
192	4	834	29
193	4	887	29
194	4	1513	29
196	4	678	29
196	4	1722	28
196	4	1982	30
198	4	939	29
199	4	678	29
199	4	2243	28
200	4	1252	29
201	4	1982	29
202	4	1148	29
203	4	1095	29
204	4	730	29
205	4	1461	29
206	4	678	29
206	4	1722	28
206	4	1982	30
207	4	678	29
207	4	2295	28
208	4	730	29
210	4	782	29
211	4	1774	29
212	4	1148	29
213	4	1878	29
215	4	1356	29
216	4	2243	29
217	4	1304	29
218	4	991	29
220	4	1774	29
221	4	939	29
222	4	1982	29
223	4	1930	29
224	4	1148	29
225	4	678	29
225	4	1930	28
225	4	2295	30
226	4	730	29
227	4	939	29
228	4	678	29
229	4	1043	29
230	4	678	29
231	4	678	29
232	4	678	29
233	4	1408	29
235	4	1826	29
236	4	1826	29
239	4	1513	29
240	4	678	29
240	4	2139	28
241	4	1043	29
242	4	887	29
243	4	678	29
243	4	1982	28
243	4	2295	30
244	4	678	29
245	4	1356	29
248	4	678	29
249	4	678	29
250	4	678	29
250	4	2035	28
251	4	834	29
252	4	2035	29
253	4	1356	29
255	4	1252	29
256	4	1095	29
257	4	1252	29
258	4	678	29
259	4	678	29
260	4	730	29
262	4	1095	29
264	4	730	29
265	4	730	29
266	4	834	29
267	4	678	29
268	4	1148	29
269	4	730	29
270	4	1408	29
271	4	887	29
271	4	2243	28
272	4	678	29
272	4	1878	28
272	4	2139	30
274	4	1356	29
275	4	2035	29
277	4	1930	29
278	4	1826	29
279	4	1461	29
280	4	1304	29
282	4	1930	29
283	4	1304	29
284	4	678	29
284	4	1826	28
284	4	2295	30
285	4	1252	29
286	4	678	29
286	4	2139	28
287	4	1461	29
288	4	730	29
289	4	2243	29
291	4	887	29
292	4	1826	29
293	4	678	29
293	4	1930	28
293	4	2243	30
294	4	678	29
295	4	1356	29
296	4	678	29
297	4	2139	29
298	4	1095	29
299	4	678	29
300	4	1878	29
301	4	678	29
302	4	782	29
303	4	678	29
303	4	1826	28
304	4	678	29
306	4	678	29
307	4	991	29
308	4	939	29
309	4	678	29
309	4	1878	28
309	4	2191	30
310	4	782	29
310	4	2035	28
310	4	2295	30
311	4	1878	29
312	4	1408	29
313	4	1304	29
314	4	1513	29
315	4	887	29
317	4	1408	29
318	4	1930	29
319	4	2087	29
320	4	1408	29
321	4	678	29
322	4	678	29
323	4	2035	29
324	4	1513	29
325	4	1461	29
326	4	678	29
327	4	1200	29
328	4	1513	29
329	4	1774	29
330	4	1043	29
331	4	678	29
332	4	887	29
333	4	678	29
334	4	1461	29
335	4	678	29
336	4	730	29
337	4	1408	29
338	4	1930	29
339	4	678	29
340	4	1252	29
341	4	1304	29
342	4	678	29
342	4	2087	28
343	4	678	29
344	4	2243	29
345	4	834	29
346	4	782	29
346	4	2035	28
347	4	887	29
348	4	678	29
349	4	678	29
350	4	2295	29
351	4	834	29
352	4	887	29
353	4	678	29
354	4	678	29
355	4	730	29
356	4	1148	29
357	4	782	29
358	4	1200	29
360	4	991	29
361	4	782	29
364	4	678	29
365	4	2295	29
366	4	1043	29
367	4	782	29
368	4	678	29
368	4	1878	28
368	4	2243	30
369	4	730	29
371	4	678	29
372	4	1095	29
374	4	1722	29
375	4	1461	29
376	4	834	29
377	4	1461	29
378	4	1252	29
379	4	991	29
380	4	887	29
381	4	939	29
382	4	678	29
383	4	1774	29
384	4	782	29
385	4	939	29
386	4	782	29
387	4	782	29
388	4	2295	29
389	4	678	29
390	4	678	29
391	4	730	29
391	4	2295	28
392	4	1774	29
393	4	678	29
394	4	887	29
395	4	887	29
396	4	678	29
396	4	1774	28
397	4	1304	29
398	4	887	29
399	4	678	29
400	4	782	29
402	4	834	29
403	4	2139	29
404	4	1200	29
405	4	1408	29
406	4	782	29
407	4	1252	29
409	4	1565	29
410	4	1513	29
411	4	678	29
411	4	1982	28
412	4	678	29
412	4	1826	28
412	4	2087	30
413	4	678	29
413	4	1774	28
414	4	834	29
414	4	2243	28
415	4	730	29
416	4	1878	29
417	4	782	29
418	4	834	29
419	4	730	29
420	4	1148	29
421	4	2087	29
422	4	1669	29
423	4	1148	29
424	4	678	29
424	4	1982	28
424	4	2243	30
425	4	834	29
426	4	1200	29
427	4	2243	29
428	4	678	29
429	4	887	29
430	4	730	29
431	4	678	29
432	4	730	29
432	4	2087	28
433	4	939	29
434	4	678	29
434	4	1982	28
434	4	2243	30
435	4	678	29
436	4	678	29
436	4	2087	28
437	4	678	29
438	4	991	29
439	4	1513	29
440	4	991	29
442	4	939	29
445	4	678	29
446	4	1669	29
447	4	1878	29
448	4	1722	29
451	4	1043	29
451	4	2191	28
452	4	782	29
453	4	678	29
453	4	1878	28
454	4	1669	29
455	4	1252	29
456	4	1461	29
457	4	991	29
459	4	2035	29
460	4	678	29
461	4	678	29
462	4	834	29
463	4	782	29
463	4	2087	28
464	4	1148	29
465	4	678	29
466	4	678	29
467	4	678	29
468	4	678	29
469	4	678	29
469	4	2191	28
470	4	1982	29
471	4	1513	29
472	4	730	29
473	4	1043	29
474	4	678	29
475	4	1513	29
476	4	1774	29
478	4	991	29
480	4	1095	29
481	4	782	29
481	4	1982	28
482	4	834	29
484	4	2243	29
485	4	1513	29
486	4	1408	29
487	4	678	29
488	4	1408	29
489	4	678	29
489	4	2139	28
490	4	1095	29
490	4	2243	28
491	4	939	29
492	4	1148	29
494	4	730	29
495	4	1095	29
496	4	939	29
497	4	678	29
498	4	834	29
499	4	782	29
500	4	678	29
500	4	2035	28
501	4	1513	29
502	4	1095	29
503	4	678	29
503	4	1774	28
503	4	2035	30
505	4	1565	29
506	4	1304	29
507	4	2087	29
508	4	678	29
508	4	2035	28
508	4	2295	30
510	4	2139	29
512	4	1148	29
513	4	1148	29
514	4	730	29
515	4	678	29
515	4	2295	28
516	4	1565	29
517	4	1461	29
518	4	1200	29
519	4	730	29
520	4	834	29
521	4	678	29
522	4	1043	29
523	4	678	29
525	4	782	29
525	4	2087	28
526	4	2087	29
527	4	678	29
528	4	678	29
529	4	678	29
529	4	1774	28
529	4	2295	30
530	4	1408	29
531	4	1200	29
532	4	1200	29
533	4	2243	29
534	4	678	29
534	4	2087	28
535	4	2243	29
536	4	1669	29
537	4	887	29
538	4	678	29
539	4	678	29
540	4	2191	29
541	4	730	29
542	4	1252	29
543	4	1252	29
544	4	834	29
544	4	2035	28
544	4	2295	30
545	4	1669	29
546	4	1304	29
547	4	834	29
547	4	2139	28
548	4	1774	29
549	4	1408	29
550	4	678	29
550	4	1826	28
550	4	2191	30
551	4	678	29
551	4	1982	28
552	4	1565	29
553	4	1095	29
554	4	678	29
555	4	678	29
555	4	1774	28
555	4	2035	30
556	4	1043	29
557	4	2139	29
558	4	678	29
559	4	1148	29
560	4	1669	29
561	4	1356	29
562	4	1200	29
563	4	991	29
564	4	1669	29
565	4	678	29
565	4	1982	28
565	4	2243	30
566	4	730	29
567	4	1095	29
568	4	678	29
569	4	1148	29
570	4	1461	29
571	4	678	29
572	4	1774	29
574	4	887	29
575	4	678	29
575	4	1826	28
576	4	1304	29
577	4	678	29
578	4	1356	29
581	4	1200	29
582	4	1043	29
583	4	678	29
583	4	1774	28
584	4	678	29
585	4	678	29
585	4	1774	28
586	4	1043	29
587	4	678	29
587	4	1982	28
588	4	782	29
589	4	782	29
590	4	730	29
591	4	1826	29
593	4	939	29
594	4	1252	29
595	4	678	29
595	4	1930	28
595	4	2243	30
596	4	1043	29
597	4	1461	29
598	4	678	29
599	4	678	29
600	4	1930	29
601	4	782	29
602	4	1669	29
604	4	1095	29
605	4	1252	29
606	4	991	29
607	4	678	29
608	4	730	29
611	4	1095	29
612	4	1252	29
613	4	1722	29
614	4	1304	29
615	4	1200	29
616	4	1200	29
617	4	2087	29
619	4	1513	29
620	4	678	29
621	4	1148	29
622	4	678	29
623	4	1461	29
624	4	730	29
625	4	1200	29
626	4	782	29
627	4	834	29
628	4	939	29
629	4	1565	29
630	4	1095	29
631	4	991	29
631	4	2243	28
632	4	678	29
633	4	1878	29
634	4	1304	29
635	4	1565	29
638	4	1982	29
639	4	730	29
639	4	2191	28
640	4	1982	29
641	4	887	29
642	4	1356	29
644	4	782	29
645	4	1043	29
646	4	678	29
647	4	2243	29
648	4	1095	29
649	4	730	29
650	4	1774	29
651	4	782	29
652	4	887	29
653	4	834	29
654	4	1461	29
655	4	1043	29
656	4	939	29
657	4	730	29
658	4	782	29
658	4	2139	28
659	4	1304	29
660	4	1774	29
661	4	678	29
662	4	991	29
663	4	1252	29
664	4	730	29
664	4	2139	28
665	4	678	29
666	4	678	29
667	4	678	29
668	4	1200	29
669	4	1148	29
670	4	1148	29
672	4	1304	29
673	4	1148	29
674	4	1043	29
675	4	1200	29
676	4	678	29
676	4	2139	28
677	4	1095	29
678	4	730	29
679	4	1565	29
680	4	1148	29
681	4	1513	29
682	4	834	29
683	4	1513	29
684	4	1148	29
685	4	887	29
686	4	782	29
687	4	1617	29
688	4	1408	29
689	4	1356	29
690	4	887	29
691	4	730	29
691	4	2087	28
692	4	834	29
693	4	939	29
694	4	834	29
695	4	678	29
696	4	1356	29
697	4	730	29
698	4	1774	29
699	4	991	29
700	4	834	29
701	4	1148	29
702	4	939	29
703	4	678	29
705	4	1252	29
706	4	678	29
707	4	782	29
708	4	1252	29
709	4	782	29
709	4	2243	28
710	4	730	29
711	4	1200	29
712	4	1148	29
714	4	678	29
715	4	1095	29
716	4	678	29
717	4	1148	29
718	4	730	29
719	4	1565	29
720	4	2243	29
721	4	1043	29
722	4	678	29
722	4	1774	28
723	4	1252	29
724	4	1930	29
725	4	782	29
726	4	991	29
727	4	1565	29
728	4	1982	29
729	4	782	29
730	4	991	29
731	4	678	29
732	4	834	29
733	4	730	29
734	4	678	29
735	4	2139	29
736	4	1304	29
737	4	730	29
737	4	2243	28
738	4	782	29
738	4	2087	28
739	4	1252	29
741	4	887	29
742	4	678	29
742	4	2035	28
742	4	2295	30
743	4	678	29
744	4	1304	29
745	4	1826	29
746	4	1461	29
747	4	991	29
748	4	2295	29
749	4	1930	29
750	4	834	29
752	4	1148	29
753	4	678	29
753	4	2139	28
754	4	678	29
755	4	678	29
756	4	678	29
756	4	1982	28
757	4	1878	29
758	4	678	29
759	4	1565	29
760	4	991	29
761	4	1095	29
762	4	834	29
763	4	1304	29
764	4	939	29
765	4	678	29
766	4	730	29
767	4	1304	29
768	4	1722	29
769	4	1774	29
770	4	2243	29
771	4	1304	29
772	4	1722	29
773	4	1617	29
774	4	678	29
775	4	1774	29
776	4	678	29
776	4	2087	28
777	4	2243	29
778	4	782	29
779	4	2087	29
780	4	887	29
781	4	834	29
782	4	887	29
783	4	1774	29
784	4	678	29
785	4	834	29
786	4	1982	29
787	4	1617	29
788	4	730	29
789	4	1200	29
790	4	1148	29
791	4	1722	29
792	4	782	29
793	4	678	29
794	4	678	29
795	4	1930	29
796	4	1617	29
797	4	678	29
798	4	1356	29
800	4	1513	29
801	4	1565	29
802	4	834	29
803	4	834	29
804	4	887	29
806	4	1617	29
807	4	678	29
807	4	1774	28
808	4	2243	29
809	4	1930	29
810	4	678	29
811	4	678	29
812	4	678	29
812	4	2191	28
813	4	939	29
814	4	939	29
815	4	678	29
816	4	1252	29
818	4	939	29
819	4	1722	29
820	4	991	29
821	4	1356	29
822	4	678	29
823	4	678	29
823	4	1982	28
823	4	2243	30
824	4	1200	29
825	4	1148	29
826	4	1148	29
827	4	1878	29
828	4	1408	29
829	4	2139	29
830	4	1356	29
831	4	782	29
831	4	2035	28
831	4	2295	30
832	4	678	29
832	4	1930	28
832	4	2191	30
833	4	1356	29
834	4	730	29
834	4	2087	28
835	4	887	29
836	4	2295	29
837	4	1513	29
838	4	678	29
838	4	2243	28
839	4	1565	29
840	4	678	29
840	4	1774	28
841	4	782	29
842	4	1095	29
843	4	678	29
843	4	1878	28
843	4	2139	30
844	4	1565	29
845	4	1461	29
846	4	1617	29
847	4	1356	29
848	4	678	29
850	4	730	29
850	4	1930	28
853	4	1722	29
854	4	1200	29
855	4	834	29
856	4	939	29
857	4	1669	29
858	4	1043	29
861	4	730	29
862	4	1826	29
863	4	730	29
864	4	678	29
864	4	1982	28
864	4	2243	30
865	4	678	29
866	4	678	29
867	4	1095	29
868	4	782	29
869	4	1148	29
870	4	1252	29
871	4	1252	29
873	4	678	29
875	4	782	29
876	4	678	29
877	4	678	29
877	4	1826	28
878	4	1408	29
879	4	939	29
880	4	678	29
882	4	1408	29
883	4	1982	29
884	4	730	29
885	4	678	29
886	4	1408	29
887	4	887	29
888	4	2243	29
889	4	1565	29
890	4	1408	29
891	4	730	29
892	4	1774	29
893	4	782	29
894	4	834	29
895	4	939	29
896	4	730	29
897	4	730	29
898	4	730	29
899	4	678	29
899	4	2191	28
900	4	1200	29
901	4	678	29
902	4	1095	29
903	4	730	29
903	4	2191	28
905	4	1408	29
906	4	678	29
907	4	2295	29
908	4	678	29
909	4	2087	29
910	4	1304	29
911	4	2087	29
912	4	730	29
913	4	1461	29
914	4	1095	29
915	4	1408	29
916	4	730	29
917	4	991	29
918	4	1356	29
919	4	1669	29
920	4	1304	29
921	4	2191	29
922	4	887	29
923	4	1461	29
924	4	730	29
925	4	678	29
926	4	782	29
926	4	2243	28
927	4	1148	29
929	4	782	29
931	4	678	29
931	4	1826	28
932	4	1304	29
933	4	1408	29
934	4	1252	29
935	4	730	29
936	4	1252	29
937	4	1878	29
938	4	1200	29
939	4	1669	29
940	4	939	29
940	4	2243	28
941	4	678	29
941	4	2139	28
942	4	678	29
942	4	2191	28
943	4	2035	29
944	4	991	29
945	4	1774	29
946	4	1043	29
947	4	678	29
947	4	1878	28
947	4	2243	30
948	4	678	29
949	4	678	29
949	4	1774	28
950	4	678	29
953	4	678	29
954	4	678	29
956	4	1982	29
958	4	1669	29
960	4	939	29
961	4	834	29
962	4	2191	29
963	4	730	29
964	4	730	29
964	4	1982	28
965	4	1148	29
966	4	678	29
968	4	887	29
969	4	991	29
971	4	730	29
972	4	678	29
972	4	1826	28
972	4	2295	30
973	4	887	29
974	4	834	29
975	4	1565	29
976	4	887	29
976	4	2243	28
977	4	2243	29
978	4	730	29
979	4	1461	29
980	4	1982	29
981	4	1095	29
982	4	782	29
983	4	678	29
984	4	1200	29
985	4	1252	29
987	4	1513	29
988	4	834	29
989	4	678	29
990	4	1930	29
994	4	2191	29
995	4	678	29
996	4	1461	29
998	4	834	29
998	4	1982	28
998	4	2243	30
999	4	1669	29
0	5	365	24
0	5	678	29
0	5	2139	27
1	5	365	24
1	5	678	29
2	5	365	24
2	5	834	29
3	5	365	24
3	5	1304	29
4	5	365	24
4	5	782	29
4	5	1722	27
4	5	1982	28
4	5	2243	30
5	5	365	24
5	5	678	29
6	5	365	24
6	5	782	29
6	5	2295	27
7	5	365	24
7	5	1148	29
8	5	365	24
8	5	939	29
8	5	2295	27
9	5	365	24
10	5	365	24
10	5	678	29
10	5	2295	27
11	5	365	24
12	5	365	24
12	5	1982	29
13	5	365	24
13	5	1826	29
14	5	365	24
14	5	678	29
15	5	365	24
15	5	678	29
16	5	365	24
16	5	730	29
17	5	365	24
17	5	678	29
17	5	2243	27
18	5	365	24
18	5	678	29
19	5	365	24
19	5	1982	29
20	5	365	24
20	5	887	29
20	5	2087	27
21	5	365	24
21	5	678	29
22	5	365	24
22	5	1200	29
23	5	365	24
23	5	678	29
24	5	365	24
24	5	678	29
24	5	2191	27
25	5	365	24
25	5	1878	29
26	5	365	24
26	5	939	29
27	5	365	24
27	5	678	29
28	5	365	24
28	5	1043	29
28	5	2139	27
29	5	365	24
29	5	1304	29
30	5	365	24
30	5	1408	29
31	5	365	24
31	5	782	29
32	5	365	24
32	5	1252	29
33	5	365	24
33	5	939	29
34	5	365	24
34	5	991	29
34	5	2243	27
35	5	365	24
35	5	678	29
35	5	2139	27
36	5	365	24
36	5	678	29
37	5	365	24
37	5	834	29
38	5	365	24
38	5	887	29
39	5	365	24
39	5	782	29
40	5	365	24
40	5	678	29
40	5	1774	27
40	5	2035	28
40	5	2295	30
41	5	365	24
41	5	991	29
41	5	2087	27
42	5	365	24
42	5	1043	29
42	5	2243	27
43	5	365	24
43	5	678	29
43	5	2243	27
44	5	365	24
45	5	365	24
45	5	887	29
46	5	365	24
46	5	678	29
47	5	365	24
47	5	1304	29
48	5	365	24
49	5	365	24
49	5	782	29
49	5	2087	27
50	5	365	24
51	5	365	24
51	5	1930	29
52	5	365	24
52	5	2243	29
53	5	365	24
53	5	730	29
53	5	1826	27
53	5	2087	28
54	5	365	24
55	5	365	24
55	5	834	29
56	5	365	24
56	5	1513	29
57	5	365	24
57	5	678	29
57	5	1617	27
57	5	1930	28
58	5	365	24
58	5	834	29
59	5	365	24
59	5	678	29
59	5	2087	27
60	5	365	24
60	5	1826	29
61	5	365	24
61	5	782	29
62	5	365	24
62	5	730	29
62	5	1982	27
62	5	2243	28
63	5	365	24
63	5	939	29
64	5	365	24
64	5	2087	29
65	5	365	24
65	5	991	29
66	5	365	24
66	5	1461	29
67	5	365	24
67	5	1043	29
68	5	365	24
68	5	1669	29
69	5	365	24
69	5	1095	29
70	5	365	24
70	5	887	29
71	5	365	24
71	5	1252	29
72	5	365	24
73	5	365	24
73	5	2035	29
74	5	365	24
74	5	1878	29
75	5	365	24
75	5	678	29
76	5	365	24
76	5	1617	29
77	5	365	24
77	5	1930	29
78	5	365	24
78	5	1774	29
79	5	365	24
79	5	1095	29
80	5	365	24
80	5	730	29
81	5	365	24
81	5	782	29
82	5	365	24
82	5	939	29
83	5	365	24
83	5	1252	29
84	5	365	24
84	5	782	29
85	5	365	24
86	5	365	24
86	5	1461	29
87	5	365	24
87	5	678	29
87	5	1722	27
87	5	1982	28
88	5	365	24
88	5	991	29
89	5	365	24
89	5	1095	29
90	5	365	24
90	5	1513	29
91	5	365	24
91	5	887	29
92	5	365	24
92	5	678	29
92	5	2295	27
93	5	365	24
93	5	1565	29
94	5	365	24
94	5	2139	29
95	5	365	24
95	5	1513	29
96	5	365	24
96	5	1200	29
97	5	365	24
97	5	1669	29
98	5	365	24
98	5	1878	29
99	5	365	24
99	5	1356	29
100	5	365	24
100	5	1774	29
101	5	365	24
101	5	939	29
102	5	365	24
102	5	939	29
103	5	365	24
103	5	1252	29
104	5	365	24
104	5	782	29
104	5	2191	27
105	5	365	24
106	5	365	24
106	5	991	29
106	5	1878	27
106	5	2139	28
107	5	365	24
107	5	678	29
107	5	1982	27
107	5	2243	28
108	5	365	24
108	5	678	29
109	5	365	24
109	5	1513	29
110	5	365	24
110	5	678	29
111	5	365	24
111	5	887	29
112	5	365	24
112	5	1095	29
113	5	365	24
113	5	678	29
114	5	365	24
114	5	887	29
115	5	365	24
115	5	1669	29
116	5	365	24
116	5	1669	29
117	5	365	24
117	5	1617	29
118	5	365	24
118	5	1304	29
119	5	365	24
119	5	1408	29
120	5	365	24
120	5	1148	29
121	5	365	24
121	5	1982	29
122	5	365	24
122	5	678	29
122	5	1930	27
122	5	2243	28
123	5	365	24
123	5	2139	29
124	5	365	24
124	5	678	29
125	5	365	24
125	5	730	29
126	5	365	24
126	5	678	29
126	5	2243	27
127	5	365	24
127	5	678	29
128	5	365	24
128	5	678	29
128	5	2243	27
129	5	365	24
129	5	1356	29
130	5	365	24
130	5	782	29
131	5	365	24
131	5	939	29
131	5	1826	27
131	5	2087	28
132	5	365	24
132	5	678	29
133	5	365	24
133	5	782	29
134	5	365	24
134	5	1148	29
135	5	365	24
135	5	678	29
136	5	365	24
136	5	678	29
136	5	1461	27
136	5	1722	28
137	5	365	24
137	5	991	29
138	5	365	24
138	5	678	29
138	5	1826	27
138	5	2087	28
139	5	365	24
139	5	678	29
139	5	1565	27
139	5	1826	28
139	5	2087	30
140	5	365	24
140	5	2139	29
141	5	365	24
141	5	678	29
141	5	1565	27
141	5	1878	28
142	5	365	24
142	5	1356	29
143	5	365	24
143	5	1461	29
144	5	365	24
145	5	365	24
145	5	1304	29
146	5	365	24
146	5	782	29
146	5	2243	27
147	5	365	24
147	5	887	29
148	5	365	24
148	5	1565	29
149	5	365	24
149	5	678	29
149	5	1774	27
149	5	2087	28
150	5	365	24
150	5	730	29
150	5	2139	27
151	5	365	24
151	5	1356	29
152	5	365	24
152	5	834	29
152	5	1982	27
152	5	2243	28
153	5	365	24
153	5	991	29
154	5	365	24
154	5	730	29
154	5	1722	27
155	5	365	24
155	5	678	29
155	5	1982	27
155	5	2243	28
156	5	365	24
156	5	678	29
156	5	2087	27
157	5	365	24
158	5	365	24
158	5	782	29
159	5	365	24
159	5	678	29
159	5	1878	27
159	5	2139	28
160	5	365	24
160	5	939	29
161	5	365	24
161	5	1982	29
162	5	365	24
162	5	1148	29
163	5	365	24
163	5	1669	29
164	5	365	24
164	5	678	29
165	5	365	24
165	5	782	29
165	5	1774	27
166	5	365	24
166	5	1982	29
167	5	365	24
167	5	1617	29
168	5	365	24
169	5	365	24
169	5	678	29
170	5	365	24
170	5	678	29
170	5	1722	27
171	5	365	24
171	5	1617	29
172	5	365	24
172	5	1200	29
173	5	365	24
173	5	1565	29
174	5	365	24
174	5	1095	29
175	5	365	24
175	5	887	29
175	5	2035	27
175	5	2295	28
176	5	365	24
176	5	678	29
177	5	365	24
178	5	365	24
179	5	365	24
179	5	782	29
180	5	365	24
181	5	365	24
181	5	678	29
182	5	365	24
182	5	1043	29
183	5	365	24
183	5	678	29
183	5	2087	27
184	5	365	24
184	5	1722	29
185	5	365	24
185	5	782	29
186	5	365	24
187	5	365	24
187	5	1043	29
188	5	365	24
188	5	1878	29
189	5	365	24
189	5	1043	29
189	5	2035	27
189	5	2295	28
190	5	365	24
190	5	1304	29
191	5	365	24
191	5	678	29
192	5	365	24
192	5	834	29
193	5	365	24
193	5	887	29
193	5	2191	27
194	5	365	24
194	5	1513	29
195	5	365	24
196	5	365	24
196	5	678	29
196	5	1461	27
196	5	1722	28
196	5	1982	30
196	5	2243	25
197	5	365	24
198	5	365	24
198	5	939	29
198	5	2191	27
199	5	365	24
199	5	678	29
199	5	1982	27
199	5	2243	28
200	5	365	24
200	5	1252	29
201	5	365	24
201	5	1982	29
202	5	365	24
202	5	1148	29
203	5	365	24
203	5	1095	29
204	5	365	24
204	5	730	29
205	5	365	24
205	5	1461	29
206	5	365	24
206	5	678	29
206	5	1461	27
206	5	1722	28
206	5	1982	30
206	5	2243	25
207	5	365	24
207	5	678	29
207	5	2035	27
207	5	2295	28
208	5	365	24
208	5	730	29
209	5	365	24
210	5	365	24
210	5	782	29
211	5	365	24
211	5	1774	29
212	5	365	24
212	5	1148	29
213	5	365	24
213	5	1878	29
214	5	365	24
215	5	365	24
215	5	1356	29
216	5	365	24
216	5	2243	29
217	5	365	24
217	5	1304	29
218	5	365	24
218	5	991	29
219	5	365	24
220	5	365	24
220	5	1774	29
221	5	365	24
221	5	939	29
222	5	365	24
222	5	1982	29
223	5	365	24
223	5	1930	29
224	5	365	24
224	5	1148	29
225	5	365	24
225	5	678	29
225	5	1669	27
225	5	1930	28
225	5	2295	30
226	5	365	24
226	5	730	29
227	5	365	24
227	5	939	29
228	5	365	24
228	5	678	29
228	5	1774	27
229	5	365	24
229	5	1043	29
230	5	365	24
230	5	678	29
231	5	365	24
231	5	678	29
232	5	365	24
232	5	678	29
232	5	1878	27
233	5	365	24
233	5	1408	29
234	5	365	24
235	5	365	24
235	5	1826	29
236	5	365	24
236	5	1826	29
237	5	365	24
238	5	365	24
239	5	365	24
239	5	1513	29
240	5	365	24
240	5	678	29
240	5	1878	27
240	5	2139	28
241	5	365	24
241	5	1043	29
242	5	365	24
242	5	887	29
242	5	2087	27
243	5	365	24
243	5	678	29
243	5	1722	27
243	5	1982	28
243	5	2295	30
244	5	365	24
244	5	678	29
245	5	365	24
245	5	1356	29
246	5	365	24
247	5	365	24
248	5	365	24
248	5	678	29
249	5	365	24
249	5	678	29
250	5	365	24
250	5	678	29
250	5	1774	27
250	5	2035	28
251	5	365	24
251	5	834	29
252	5	365	24
252	5	2035	29
253	5	365	24
253	5	1356	29
254	5	365	24
255	5	365	24
255	5	1252	29
256	5	365	24
256	5	1095	29
256	5	2295	27
257	5	365	24
257	5	1252	29
258	5	365	24
258	5	678	29
258	5	2243	27
259	5	365	24
259	5	678	29
260	5	365	24
260	5	730	29
260	5	2295	27
261	5	365	24
262	5	365	24
262	5	1095	29
263	5	365	24
264	5	365	24
264	5	730	29
265	5	365	24
265	5	730	29
266	5	365	24
266	5	834	29
267	5	365	24
267	5	678	29
268	5	365	24
268	5	1148	29
269	5	365	24
269	5	730	29
270	5	365	24
270	5	1408	29
271	5	365	24
271	5	887	29
271	5	1982	27
271	5	2243	28
272	5	365	24
272	5	678	29
272	5	1617	27
272	5	1878	28
272	5	2139	30
273	5	365	24
274	5	365	24
274	5	1356	29
275	5	365	24
275	5	2035	29
276	5	365	24
277	5	365	24
277	5	1930	29
278	5	365	24
278	5	1826	29
279	5	365	24
279	5	1461	29
280	5	365	24
280	5	1304	29
281	5	365	24
282	5	365	24
282	5	1930	29
283	5	365	24
283	5	1304	29
284	5	365	24
284	5	678	29
284	5	1565	27
284	5	1826	28
284	5	2295	30
285	5	365	24
285	5	1252	29
286	5	365	24
286	5	678	29
286	5	1878	27
286	5	2139	28
287	5	365	24
287	5	1461	29
288	5	365	24
288	5	730	29
289	5	365	24
289	5	2243	29
290	5	365	24
291	5	365	24
291	5	887	29
292	5	365	24
292	5	1826	29
293	5	365	24
293	5	678	29
293	5	1669	27
293	5	1930	28
293	5	2243	30
294	5	365	24
294	5	678	29
295	5	365	24
295	5	1356	29
296	5	365	24
296	5	678	29
297	5	365	24
297	5	2139	29
298	5	365	24
298	5	1095	29
299	5	365	24
299	5	678	29
300	5	365	24
300	5	1878	29
301	5	365	24
301	5	678	29
302	5	365	24
302	5	782	29
302	5	2139	27
303	5	365	24
303	5	678	29
303	5	1565	27
303	5	1826	28
304	5	365	24
304	5	678	29
305	5	365	24
306	5	365	24
306	5	678	29
307	5	365	24
307	5	991	29
308	5	365	24
308	5	939	29
309	5	365	24
309	5	678	29
309	5	1617	27
309	5	1878	28
309	5	2191	30
310	5	365	24
310	5	782	29
310	5	1774	27
310	5	2035	28
310	5	2295	30
311	5	365	24
311	5	1878	29
312	5	365	24
312	5	1408	29
313	5	365	24
313	5	1304	29
314	5	365	24
314	5	1513	29
315	5	365	24
315	5	887	29
315	5	2139	27
316	5	365	24
317	5	365	24
317	5	1408	29
318	5	365	24
318	5	1930	29
319	5	365	24
319	5	2087	29
320	5	365	24
320	5	1408	29
321	5	365	24
321	5	678	29
322	5	365	24
322	5	678	29
323	5	365	24
323	5	2035	29
324	5	365	24
324	5	1513	29
325	5	365	24
325	5	1461	29
326	5	365	24
326	5	678	29
326	5	2243	27
327	5	365	24
327	5	1200	29
328	5	365	24
328	5	1513	29
329	5	365	24
329	5	1774	29
330	5	365	24
330	5	1043	29
331	5	365	24
331	5	678	29
332	5	365	24
332	5	887	29
333	5	365	24
333	5	678	29
333	5	2139	27
334	5	365	24
334	5	1461	29
335	5	365	24
335	5	678	29
335	5	2295	27
336	5	365	24
336	5	730	29
337	5	365	24
337	5	1408	29
338	5	365	24
338	5	1930	29
339	5	365	24
339	5	678	29
340	5	365	24
340	5	1252	29
341	5	365	24
341	5	1304	29
342	5	365	24
342	5	678	29
342	5	1669	27
342	5	2087	28
343	5	365	24
343	5	678	29
343	5	2139	27
344	5	365	24
344	5	2243	29
345	5	365	24
345	5	834	29
345	5	2035	27
346	5	365	24
346	5	782	29
346	5	1774	27
346	5	2035	28
347	5	365	24
347	5	887	29
348	5	365	24
348	5	678	29
349	5	365	24
349	5	678	29
349	5	1617	27
350	5	365	24
350	5	2295	29
351	5	365	24
351	5	834	29
352	5	365	24
352	5	887	29
353	5	365	24
353	5	678	29
354	5	365	24
354	5	678	29
354	5	1565	27
355	5	365	24
355	5	730	29
356	5	365	24
356	5	1148	29
357	5	365	24
357	5	782	29
358	5	365	24
358	5	1200	29
359	5	365	24
360	5	365	24
360	5	991	29
361	5	365	24
361	5	782	29
362	5	365	24
363	5	365	24
364	5	365	24
364	5	678	29
365	5	365	24
365	5	2295	29
366	5	365	24
366	5	1043	29
367	5	365	24
367	5	782	29
368	5	365	24
368	5	678	29
368	5	1617	27
368	5	1878	28
368	5	2243	30
369	5	365	24
369	5	730	29
369	5	2191	27
370	5	365	24
371	5	365	24
371	5	678	29
372	5	365	24
372	5	1095	29
373	5	365	24
374	5	365	24
374	5	1722	29
375	5	365	24
375	5	1461	29
376	5	365	24
376	5	834	29
377	5	365	24
377	5	1461	29
378	5	365	24
378	5	1252	29
379	5	365	24
379	5	991	29
380	5	365	24
380	5	887	29
381	5	365	24
381	5	939	29
382	5	365	24
382	5	678	29
383	5	365	24
383	5	1774	29
384	5	365	24
384	5	782	29
385	5	365	24
385	5	939	29
386	5	365	24
386	5	782	29
387	5	365	24
387	5	782	29
387	5	1982	27
388	5	365	24
388	5	2295	29
389	5	365	24
389	5	678	29
390	5	365	24
390	5	678	29
390	5	2191	27
391	5	365	24
391	5	730	29
391	5	2035	27
391	5	2295	28
392	5	365	24
392	5	1774	29
393	5	365	24
393	5	678	29
394	5	365	24
394	5	887	29
395	5	365	24
395	5	887	29
396	5	365	24
396	5	678	29
396	5	1513	27
396	5	1774	28
397	5	365	24
397	5	1304	29
398	5	365	24
398	5	887	29
399	5	365	24
399	5	678	29
400	5	365	24
400	5	782	29
401	5	365	24
402	5	365	24
402	5	834	29
403	5	365	24
403	5	2139	29
404	5	365	24
404	5	1200	29
405	5	365	24
405	5	1408	29
406	5	365	24
406	5	782	29
407	5	365	24
407	5	1252	29
408	5	365	24
409	5	365	24
409	5	1565	29
410	5	365	24
410	5	1513	29
411	5	365	24
411	5	678	29
411	5	1669	27
411	5	1982	28
412	5	365	24
412	5	678	29
412	5	1565	27
412	5	1826	28
412	5	2087	30
413	5	365	24
413	5	678	29
413	5	1513	27
413	5	1774	28
414	5	365	24
414	5	834	29
414	5	1982	27
414	5	2243	28
415	5	365	24
415	5	730	29
415	5	2295	27
416	5	365	24
416	5	1878	29
417	5	365	24
417	5	782	29
417	5	2295	27
418	5	365	24
418	5	834	29
418	5	1722	27
419	5	365	24
419	5	730	29
420	5	365	24
420	5	1148	29
421	5	365	24
421	5	2087	29
422	5	365	24
422	5	1669	29
423	5	365	24
423	5	1148	29
423	5	2295	27
424	5	365	24
424	5	678	29
424	5	1722	27
424	5	1982	28
424	5	2243	30
425	5	365	24
425	5	834	29
426	5	365	24
426	5	1200	29
426	5	2139	27
427	5	365	24
427	5	2243	29
428	5	365	24
428	5	678	29
429	5	365	24
429	5	887	29
430	5	365	24
430	5	730	29
431	5	365	24
431	5	678	29
432	5	365	24
432	5	730	29
432	5	1774	27
432	5	2087	28
433	5	365	24
433	5	939	29
434	5	365	24
434	5	678	29
434	5	1722	27
434	5	1982	28
434	5	2243	30
435	5	365	24
435	5	678	29
435	5	2191	27
436	5	365	24
436	5	678	29
436	5	1669	27
436	5	2087	28
437	5	365	24
437	5	678	29
438	5	365	24
438	5	991	29
439	5	365	24
439	5	1513	29
440	5	365	24
440	5	991	29
441	5	365	24
442	5	365	24
442	5	939	29
443	5	365	24
444	5	365	24
445	5	365	24
445	5	678	29
445	5	2139	27
446	5	365	24
446	5	1669	29
447	5	365	24
447	5	1878	29
448	5	365	24
448	5	1722	29
449	5	365	24
450	5	365	24
451	5	365	24
451	5	1043	29
451	5	1930	27
451	5	2191	28
452	5	365	24
452	5	782	29
453	5	365	24
453	5	678	29
453	5	1565	27
453	5	1878	28
454	5	365	24
454	5	1669	29
455	5	365	24
455	5	1252	29
455	5	2243	27
456	5	365	24
456	5	1461	29
457	5	365	24
457	5	991	29
458	5	365	24
459	5	365	24
459	5	2035	29
460	5	365	24
460	5	678	29
461	5	365	24
461	5	678	29
461	5	2243	27
462	5	365	24
462	5	834	29
463	5	365	24
463	5	782	29
463	5	1774	27
463	5	2087	28
464	5	365	24
464	5	1148	29
465	5	365	24
465	5	678	29
466	5	365	24
466	5	678	29
467	5	365	24
467	5	678	29
468	5	365	24
468	5	678	29
469	5	365	24
469	5	678	29
469	5	1878	27
469	5	2191	28
470	5	365	24
470	5	1982	29
471	5	365	24
471	5	1513	29
472	5	365	24
472	5	730	29
473	5	365	24
473	5	1043	29
474	5	365	24
474	5	678	29
474	5	2295	27
475	5	365	24
475	5	1513	29
476	5	365	24
476	5	1774	29
477	5	365	24
478	5	365	24
478	5	991	29
479	5	365	24
480	5	365	24
480	5	1095	29
481	5	365	24
481	5	782	29
481	5	1669	27
481	5	1982	28
482	5	365	24
482	5	834	29
483	5	365	24
484	5	365	24
484	5	2243	29
485	5	365	24
485	5	1513	29
486	5	365	24
486	5	1408	29
487	5	365	24
487	5	678	29
488	5	365	24
488	5	1408	29
489	5	365	24
489	5	678	29
489	5	1669	27
489	5	2139	28
490	5	365	24
490	5	1095	29
490	5	1982	27
490	5	2243	28
491	5	365	24
491	5	939	29
492	5	365	24
492	5	1148	29
492	5	2191	27
493	5	365	24
494	5	365	24
494	5	730	29
495	5	365	24
495	5	1095	29
496	5	365	24
496	5	939	29
496	5	2087	27
497	5	365	24
497	5	678	29
498	5	365	24
498	5	834	29
499	5	365	24
499	5	782	29
500	5	365	24
500	5	678	29
500	5	1565	27
500	5	2035	28
501	5	365	24
501	5	1513	29
502	5	365	24
502	5	1095	29
503	5	365	24
503	5	678	29
503	5	1513	27
503	5	1774	28
503	5	2035	30
503	5	2295	25
504	5	365	24
505	5	365	24
505	5	1565	29
506	5	365	24
506	5	1304	29
507	5	365	24
507	5	2087	29
508	5	365	24
508	5	678	29
508	5	1774	27
508	5	2035	28
508	5	2295	30
509	5	365	24
510	5	365	24
510	5	2139	29
511	5	365	24
512	5	365	24
512	5	1148	29
512	5	2087	27
513	5	365	24
513	5	1148	29
514	5	365	24
514	5	730	29
515	5	365	24
515	5	678	29
515	5	2035	27
515	5	2295	28
516	5	365	24
516	5	1565	29
517	5	365	24
517	5	1461	29
518	5	365	24
518	5	1200	29
519	5	365	24
519	5	730	29
520	5	365	24
520	5	834	29
521	5	365	24
521	5	678	29
521	5	1722	27
522	5	365	24
522	5	1043	29
522	5	2087	27
523	5	365	24
523	5	678	29
523	5	2191	27
524	5	365	24
525	5	365	24
525	5	782	29
525	5	1722	27
525	5	2087	28
526	5	365	24
526	5	2087	29
527	5	365	24
527	5	678	29
528	5	365	24
528	5	678	29
529	5	365	24
529	5	678	29
529	5	1513	27
529	5	1774	28
529	5	2295	30
530	5	365	24
530	5	1408	29
531	5	365	24
531	5	1200	29
532	5	365	24
532	5	1200	29
533	5	365	24
533	5	2243	29
534	5	365	24
534	5	678	29
534	5	1774	27
534	5	2087	28
535	5	365	24
535	5	2243	29
536	5	365	24
536	5	1669	29
537	5	365	24
537	5	887	29
537	5	2191	27
538	5	365	24
538	5	678	29
539	5	365	24
539	5	678	29
540	5	365	24
540	5	2191	29
541	5	365	24
541	5	730	29
542	5	365	24
542	5	1252	29
543	5	365	24
543	5	1252	29
543	5	2295	27
544	5	365	24
544	5	834	29
544	5	1774	27
544	5	2035	28
544	5	2295	30
545	5	365	24
545	5	1669	29
546	5	365	24
546	5	1304	29
547	5	365	24
547	5	834	29
547	5	1878	27
547	5	2139	28
548	5	365	24
548	5	1774	29
549	5	365	24
549	5	1408	29
550	5	365	24
550	5	678	29
550	5	1565	27
550	5	1826	28
550	5	2191	30
551	5	365	24
551	5	678	29
551	5	1669	27
551	5	1982	28
552	5	365	24
552	5	1565	29
553	5	365	24
553	5	1095	29
554	5	365	24
554	5	678	29
554	5	2191	27
555	5	365	24
555	5	678	29
555	5	1513	27
555	5	1774	28
555	5	2035	30
555	5	2295	25
556	5	365	24
556	5	1043	29
557	5	365	24
557	5	2139	29
558	5	365	24
558	5	678	29
559	5	365	24
559	5	1148	29
560	5	365	24
560	5	1669	29
561	5	365	24
561	5	1356	29
562	5	365	24
562	5	1200	29
563	5	365	24
563	5	991	29
564	5	365	24
564	5	1669	29
565	5	365	24
565	5	678	29
565	5	1722	27
565	5	1982	28
565	5	2243	30
566	5	365	24
566	5	730	29
567	5	365	24
567	5	1095	29
568	5	365	24
568	5	678	29
568	5	1774	27
569	5	365	24
569	5	1148	29
570	5	365	24
570	5	1461	29
571	5	365	24
571	5	678	29
572	5	365	24
572	5	1774	29
573	5	365	24
574	5	365	24
574	5	887	29
575	5	365	24
575	5	678	29
575	5	1565	27
575	5	1826	28
576	5	365	24
576	5	1304	29
577	5	365	24
577	5	678	29
578	5	365	24
578	5	1356	29
579	5	365	24
580	5	365	24
581	5	365	24
581	5	1200	29
581	5	2191	27
582	5	365	24
582	5	1043	29
583	5	365	24
583	5	678	29
583	5	1513	27
583	5	1774	28
584	5	365	24
584	5	678	29
585	5	365	24
585	5	678	29
585	5	1513	27
585	5	1774	28
586	5	365	24
586	5	1043	29
587	5	365	24
587	5	678	29
587	5	1617	27
587	5	1982	28
588	5	365	24
588	5	782	29
589	5	365	24
589	5	782	29
589	5	2243	27
590	5	365	24
590	5	730	29
591	5	365	24
591	5	1826	29
592	5	365	24
593	5	365	24
593	5	939	29
594	5	365	24
594	5	1252	29
595	5	365	24
595	5	678	29
595	5	1669	27
595	5	1930	28
595	5	2243	30
596	5	365	24
596	5	1043	29
597	5	365	24
597	5	1461	29
598	5	365	24
598	5	678	29
599	5	365	24
599	5	678	29
599	5	2243	27
600	5	365	24
600	5	1930	29
601	5	365	24
601	5	782	29
602	5	365	24
602	5	1669	29
603	5	365	24
604	5	365	24
604	5	1095	29
604	5	2191	27
605	5	365	24
605	5	1252	29
606	5	365	24
606	5	991	29
606	5	2295	27
607	5	365	24
607	5	678	29
607	5	2087	27
608	5	365	24
608	5	730	29
609	5	365	24
610	5	365	24
611	5	365	24
611	5	1095	29
612	5	365	24
612	5	1252	29
613	5	365	24
613	5	1722	29
614	5	365	24
614	5	1304	29
615	5	365	24
615	5	1200	29
616	5	365	24
616	5	1200	29
617	5	365	24
617	5	2087	29
618	5	365	24
619	5	365	24
619	5	1513	29
620	5	365	24
620	5	678	29
621	5	365	24
621	5	1148	29
622	5	365	24
622	5	678	29
623	5	365	24
623	5	1461	29
624	5	365	24
624	5	730	29
625	5	365	24
625	5	1200	29
626	5	365	24
626	5	782	29
627	5	365	24
627	5	834	29
628	5	365	24
628	5	939	29
628	5	2295	27
629	5	365	24
629	5	1565	29
630	5	365	24
630	5	1095	29
631	5	365	24
631	5	991	29
631	5	1982	27
631	5	2243	28
632	5	365	24
632	5	678	29
632	5	2087	27
633	5	365	24
633	5	1878	29
634	5	365	24
634	5	1304	29
635	5	365	24
635	5	1565	29
636	5	365	24
637	5	365	24
638	5	365	24
638	5	1982	29
639	5	365	24
639	5	730	29
639	5	1774	27
639	5	2191	28
640	5	365	24
640	5	1982	29
641	5	365	24
641	5	887	29
642	5	365	24
642	5	1356	29
643	5	365	24
644	5	365	24
644	5	782	29
645	5	365	24
645	5	1043	29
646	5	365	24
646	5	678	29
646	5	1774	27
647	5	365	24
647	5	2243	29
648	5	365	24
648	5	1095	29
649	5	365	24
649	5	730	29
650	5	365	24
650	5	1774	29
651	5	365	24
651	5	782	29
652	5	365	24
652	5	887	29
652	5	2243	27
653	5	365	24
653	5	834	29
654	5	365	24
654	5	1461	29
655	5	365	24
655	5	1043	29
656	5	365	24
656	5	939	29
657	5	365	24
657	5	730	29
658	5	365	24
658	5	782	29
658	5	1878	27
658	5	2139	28
659	5	365	24
659	5	1304	29
660	5	365	24
660	5	1774	29
661	5	365	24
661	5	678	29
662	5	365	24
662	5	991	29
663	5	365	24
663	5	1252	29
664	5	365	24
664	5	730	29
664	5	1878	27
664	5	2139	28
665	5	365	24
665	5	678	29
666	5	365	24
666	5	678	29
666	5	2295	27
667	5	365	24
667	5	678	29
668	5	365	24
668	5	1200	29
669	5	365	24
669	5	1148	29
669	5	2295	27
670	5	365	24
670	5	1148	29
671	5	365	24
672	5	365	24
672	5	1304	29
673	5	365	24
673	5	1148	29
674	5	365	24
674	5	1043	29
675	5	365	24
675	5	1200	29
676	5	365	24
676	5	678	29
676	5	1826	27
676	5	2139	28
677	5	365	24
677	5	1095	29
678	5	365	24
678	5	730	29
679	5	365	24
679	5	1565	29
680	5	365	24
680	5	1148	29
681	5	365	24
681	5	1513	29
682	5	365	24
682	5	834	29
683	5	365	24
683	5	1513	29
684	5	365	24
684	5	1148	29
685	5	365	24
685	5	887	29
686	5	365	24
686	5	782	29
687	5	365	24
687	5	1617	29
688	5	365	24
688	5	1408	29
689	5	365	24
689	5	1356	29
690	5	365	24
690	5	887	29
691	5	365	24
691	5	730	29
691	5	1826	27
691	5	2087	28
692	5	365	24
692	5	834	29
692	5	1774	27
693	5	365	24
693	5	939	29
693	5	2087	27
694	5	365	24
694	5	834	29
695	5	365	24
695	5	678	29
695	5	2243	27
696	5	365	24
696	5	1356	29
697	5	365	24
697	5	730	29
697	5	2139	27
698	5	365	24
698	5	1774	29
699	5	365	24
699	5	991	29
700	5	365	24
700	5	834	29
701	5	365	24
701	5	1148	29
701	5	2139	27
702	5	365	24
702	5	939	29
703	5	365	24
703	5	678	29
703	5	2139	27
704	5	365	24
705	5	365	24
705	5	1252	29
706	5	365	24
706	5	678	29
707	5	365	24
707	5	782	29
708	5	365	24
708	5	1252	29
709	5	365	24
709	5	782	29
709	5	1982	27
709	5	2243	28
710	5	365	24
710	5	730	29
710	5	1774	27
711	5	365	24
711	5	1200	29
711	5	2243	27
712	5	365	24
712	5	1148	29
713	5	365	24
714	5	365	24
714	5	678	29
714	5	2295	27
715	5	365	24
715	5	1095	29
716	5	365	24
716	5	678	29
716	5	1722	27
717	5	365	24
717	5	1148	29
717	5	2087	27
718	5	365	24
718	5	730	29
718	5	2087	27
719	5	365	24
719	5	1565	29
720	5	365	24
720	5	2243	29
721	5	365	24
721	5	1043	29
722	5	365	24
722	5	678	29
722	5	1513	27
722	5	1774	28
723	5	365	24
723	5	1252	29
724	5	365	24
724	5	1930	29
725	5	365	24
725	5	782	29
726	5	365	24
726	5	991	29
727	5	365	24
727	5	1565	29
728	5	365	24
728	5	1982	29
729	5	365	24
729	5	782	29
730	5	365	24
730	5	991	29
731	5	365	24
731	5	678	29
732	5	365	24
732	5	834	29
733	5	365	24
733	5	730	29
734	5	365	24
734	5	678	29
734	5	2191	27
735	5	365	24
735	5	2139	29
736	5	365	24
736	5	1304	29
737	5	365	24
737	5	730	29
737	5	1982	27
737	5	2243	28
738	5	365	24
738	5	782	29
738	5	1826	27
738	5	2087	28
739	5	365	24
739	5	1252	29
740	5	365	24
741	5	365	24
741	5	887	29
742	5	365	24
742	5	678	29
742	5	1774	27
742	5	2035	28
742	5	2295	30
743	5	365	24
743	5	678	29
743	5	2295	27
744	5	365	24
744	5	1304	29
744	5	2295	27
745	5	365	24
745	5	1826	29
746	5	365	24
746	5	1461	29
747	5	365	24
747	5	991	29
748	5	365	24
748	5	2295	29
749	5	365	24
749	5	1930	29
750	5	365	24
750	5	834	29
751	5	365	24
752	5	365	24
752	5	1148	29
752	5	2139	27
753	5	365	24
753	5	678	29
753	5	1878	27
753	5	2139	28
754	5	365	24
754	5	678	29
755	5	365	24
755	5	678	29
756	5	365	24
756	5	678	29
756	5	1722	27
756	5	1982	28
757	5	365	24
757	5	1878	29
758	5	365	24
758	5	678	29
759	5	365	24
759	5	1565	29
760	5	365	24
760	5	991	29
761	5	365	24
761	5	1095	29
762	5	365	24
762	5	834	29
763	5	365	24
763	5	1304	29
764	5	365	24
764	5	939	29
765	5	365	24
765	5	678	29
766	5	365	24
766	5	730	29
767	5	365	24
767	5	1304	29
768	5	365	24
768	5	1722	29
769	5	365	24
769	5	1774	29
770	5	365	24
770	5	2243	29
771	5	365	24
771	5	1304	29
772	5	365	24
772	5	1722	29
773	5	365	24
773	5	1617	29
774	5	365	24
774	5	678	29
774	5	1774	27
775	5	365	24
775	5	1774	29
776	5	365	24
776	5	678	29
776	5	1826	27
776	5	2087	28
777	5	365	24
777	5	2243	29
778	5	365	24
778	5	782	29
779	5	365	24
779	5	2087	29
780	5	365	24
780	5	887	29
781	5	365	24
781	5	834	29
781	5	2087	27
782	5	365	24
782	5	887	29
783	5	365	24
783	5	1774	29
784	5	365	24
784	5	678	29
785	5	365	24
785	5	834	29
786	5	365	24
786	5	1982	29
787	5	365	24
787	5	1617	29
788	5	365	24
788	5	730	29
789	5	365	24
789	5	1200	29
789	5	2295	27
790	5	365	24
790	5	1148	29
791	5	365	24
791	5	1722	29
792	5	365	24
792	5	782	29
793	5	365	24
793	5	678	29
793	5	2139	27
794	5	365	24
794	5	678	29
795	5	365	24
795	5	1930	29
796	5	365	24
796	5	1617	29
797	5	365	24
797	5	678	29
798	5	365	24
798	5	1356	29
799	5	365	24
800	5	365	24
800	5	1513	29
801	5	365	24
801	5	1565	29
802	5	365	24
802	5	834	29
803	5	365	24
803	5	834	29
803	5	2191	27
804	5	365	24
804	5	887	29
805	5	365	24
806	5	365	24
806	5	1617	29
807	5	365	24
807	5	678	29
807	5	1513	27
807	5	1774	28
808	5	365	24
808	5	2243	29
809	5	365	24
809	5	1930	29
810	5	365	24
810	5	678	29
810	5	2243	27
811	5	365	24
811	5	678	29
812	5	365	24
812	5	678	29
812	5	1930	27
812	5	2191	28
813	5	365	24
813	5	939	29
814	5	365	24
814	5	939	29
815	5	365	24
815	5	678	29
816	5	365	24
816	5	1252	29
817	5	365	24
818	5	365	24
818	5	939	29
819	5	365	24
819	5	1722	29
820	5	365	24
820	5	991	29
821	5	365	24
821	5	1356	29
822	5	365	24
822	5	678	29
822	5	2243	27
823	5	365	24
823	5	678	29
823	5	1722	27
823	5	1982	28
823	5	2243	30
824	5	365	24
824	5	1200	29
824	5	2243	27
825	5	365	24
825	5	1148	29
826	5	365	24
826	5	1148	29
827	5	365	24
827	5	1878	29
828	5	365	24
828	5	1408	29
829	5	365	24
829	5	2139	29
830	5	365	24
830	5	1356	29
831	5	365	24
831	5	782	29
831	5	1774	27
831	5	2035	28
831	5	2295	30
832	5	365	24
832	5	678	29
832	5	1669	27
832	5	1930	28
832	5	2191	30
833	5	365	24
833	5	1356	29
834	5	365	24
834	5	730	29
834	5	1826	27
834	5	2087	28
835	5	365	24
835	5	887	29
836	5	365	24
836	5	2295	29
837	5	365	24
837	5	1513	29
838	5	365	24
838	5	678	29
838	5	1982	27
838	5	2243	28
839	5	365	24
839	5	1565	29
840	5	365	24
840	5	678	29
840	5	1513	27
840	5	1774	28
841	5	365	24
841	5	782	29
842	5	365	24
842	5	1095	29
842	5	2295	27
843	5	365	24
843	5	678	29
843	5	1617	27
843	5	1878	28
843	5	2139	30
844	5	365	24
844	5	1565	29
845	5	365	24
845	5	1461	29
846	5	365	24
846	5	1617	29
847	5	365	24
847	5	1356	29
848	5	365	24
848	5	678	29
848	5	1774	27
849	5	365	24
850	5	365	24
850	5	730	29
850	5	1617	27
850	5	1930	28
851	5	365	24
852	5	365	24
853	5	365	24
853	5	1722	29
854	5	365	24
854	5	1200	29
855	5	365	24
855	5	834	29
856	5	365	24
856	5	939	29
857	5	365	24
857	5	1669	29
858	5	365	24
858	5	1043	29
859	5	365	24
860	5	365	24
861	5	365	24
861	5	730	29
862	5	365	24
862	5	1826	29
863	5	365	24
863	5	730	29
863	5	2243	27
864	5	365	24
864	5	678	29
864	5	1722	27
864	5	1982	28
864	5	2243	30
865	5	365	24
865	5	678	29
866	5	365	24
866	5	678	29
867	5	365	24
867	5	1095	29
868	5	365	24
868	5	782	29
869	5	365	24
869	5	1148	29
870	5	365	24
870	5	1252	29
871	5	365	24
871	5	1252	29
872	5	365	24
873	5	365	24
873	5	678	29
873	5	1669	27
874	5	365	24
875	5	365	24
875	5	782	29
876	5	365	24
876	5	678	29
877	5	365	24
877	5	678	29
877	5	1565	27
877	5	1826	28
878	5	365	24
878	5	1408	29
879	5	365	24
879	5	939	29
880	5	365	24
880	5	678	29
880	5	2139	27
881	5	365	24
882	5	365	24
882	5	1408	29
883	5	365	24
883	5	1982	29
884	5	365	24
884	5	730	29
885	5	365	24
885	5	678	29
885	5	1617	27
886	5	365	24
886	5	1408	29
887	5	365	24
887	5	887	29
888	5	365	24
888	5	2243	29
889	5	365	24
889	5	1565	29
890	5	365	24
890	5	1408	29
891	5	365	24
891	5	730	29
892	5	365	24
892	5	1774	29
893	5	365	24
893	5	782	29
894	5	365	24
894	5	834	29
895	5	365	24
895	5	939	29
896	5	365	24
896	5	730	29
897	5	365	24
897	5	730	29
898	5	365	24
898	5	730	29
898	5	1722	27
899	5	365	24
899	5	678	29
899	5	1878	27
899	5	2191	28
900	5	365	24
900	5	1200	29
901	5	365	24
901	5	678	29
902	5	365	24
902	5	1095	29
902	5	2191	27
903	5	365	24
903	5	730	29
903	5	1930	27
903	5	2191	28
904	5	365	24
905	5	365	24
905	5	1408	29
906	5	365	24
906	5	678	29
907	5	365	24
907	5	2295	29
908	5	365	24
908	5	678	29
909	5	365	24
909	5	2087	29
910	5	365	24
910	5	1304	29
911	5	365	24
911	5	2087	29
912	5	365	24
912	5	730	29
913	5	365	24
913	5	1461	29
914	5	365	24
914	5	1095	29
915	5	365	24
915	5	1408	29
916	5	365	24
916	5	730	29
917	5	365	24
917	5	991	29
918	5	365	24
918	5	1356	29
919	5	365	24
919	5	1669	29
920	5	365	24
920	5	1304	29
921	5	365	24
921	5	2191	29
922	5	365	24
922	5	887	29
923	5	365	24
923	5	1461	29
924	5	365	24
924	5	730	29
924	5	1669	27
925	5	365	24
925	5	678	29
926	5	365	24
926	5	782	29
926	5	1982	27
926	5	2243	28
927	5	365	24
927	5	1148	29
928	5	365	24
929	5	365	24
929	5	782	29
930	5	365	24
931	5	365	24
931	5	678	29
931	5	1565	27
931	5	1826	28
932	5	365	24
932	5	1304	29
933	5	365	24
933	5	1408	29
934	5	365	24
934	5	1252	29
935	5	365	24
935	5	730	29
936	5	365	24
936	5	1252	29
937	5	365	24
937	5	1878	29
938	5	365	24
938	5	1200	29
939	5	365	24
939	5	1669	29
940	5	365	24
940	5	939	29
940	5	1982	27
940	5	2243	28
941	5	365	24
941	5	678	29
941	5	1878	27
941	5	2139	28
942	5	365	24
942	5	678	29
942	5	1722	27
942	5	2191	28
943	5	365	24
943	5	2035	29
944	5	365	24
944	5	991	29
945	5	365	24
945	5	1774	29
946	5	365	24
946	5	1043	29
947	5	365	24
947	5	678	29
947	5	1617	27
947	5	1878	28
947	5	2243	30
948	5	365	24
948	5	678	29
949	5	365	24
949	5	678	29
949	5	1513	27
949	5	1774	28
950	5	365	24
950	5	678	29
951	5	365	24
952	5	365	24
953	5	365	24
953	5	678	29
954	5	365	24
954	5	678	29
954	5	2139	27
955	5	365	24
956	5	365	24
956	5	1982	29
957	5	365	24
958	5	365	24
958	5	1669	29
959	5	365	24
960	5	365	24
960	5	939	29
961	5	365	24
961	5	834	29
962	5	365	24
962	5	2191	29
963	5	365	24
963	5	730	29
964	5	365	24
964	5	730	29
964	5	1722	27
964	5	1982	28
965	5	365	24
965	5	1148	29
966	5	365	24
966	5	678	29
966	5	2191	27
967	5	365	24
968	5	365	24
968	5	887	29
969	5	365	24
969	5	991	29
969	5	2243	27
970	5	365	24
971	5	365	24
971	5	730	29
971	5	2191	27
972	5	365	24
972	5	678	29
972	5	1565	27
972	5	1826	28
972	5	2295	30
973	5	365	24
973	5	887	29
974	5	365	24
974	5	834	29
975	5	365	24
975	5	1565	29
976	5	365	24
976	5	887	29
976	5	1982	27
976	5	2243	28
977	5	365	24
977	5	2243	29
978	5	365	24
978	5	730	29
979	5	365	24
979	5	1461	29
980	5	365	24
980	5	1982	29
981	5	365	24
981	5	1095	29
982	5	365	24
982	5	782	29
983	5	365	24
983	5	678	29
984	5	365	24
984	5	1200	29
985	5	365	24
985	5	1252	29
985	5	2295	27
986	5	365	24
987	5	365	24
987	5	1513	29
988	5	365	24
988	5	834	29
989	5	365	24
989	5	678	29
990	5	365	24
990	5	1930	29
991	5	365	24
992	5	365	24
993	5	365	24
994	5	365	24
994	5	2191	29
995	5	365	24
995	5	678	29
995	5	2243	27
996	5	365	24
996	5	1461	29
997	5	365	24
998	5	365	24
998	5	834	29
998	5	1722	27
998	5	1982	28
998	5	2243	30
999	5	365	24
999	5	1669	29
