Realization	utility	week	infra.
0	0	782	29
1	0	782	29
3	0	2035	29
4	0	1148	29
5	0	887	29
6	0	1617	29
7	0	1617	29
8	0	1304	29
10	0	521	29
14	0	469	29
15	0	521	29
16	0	574	29
17	0	574	29
18	0	887	29
20	0	521	29
21	0	521	29
23	0	521	29
24	0	469	29
27	0	574	29
28	0	1356	29
29	0	2295	29
30	0	1774	29
32	0	1461	29
34	0	1565	29
35	0	1774	29
36	0	1722	29
39	0	2139	29
40	0	574	29
41	0	1565	29
42	0	1356	29
43	0	1304	29
45	0	1408	29
46	0	939	29
49	0	1252	29
53	0	1148	29
57	0	521	29
58	0	1148	29
59	0	521	29
62	0	1304	29
63	0	1461	29
65	0	1669	29
67	0	1356	29
69	0	1513	29
75	0	1565	29
77	0	2139	29
79	0	2139	29
80	0	2191	29
81	0	2087	29
84	0	1930	29
87	0	521	29
88	0	1356	29
89	0	1617	29
92	0	887	29
95	0	2295	29
96	0	1461	29
99	0	2295	29
102	0	2087	29
104	0	1461	29
106	0	1200	29
107	0	574	29
108	0	574	29
110	0	991	29
113	0	521	29
116	0	2139	29
118	0	1565	29
119	0	1774	29
122	0	834	29
125	0	1252	29
126	0	574	29
127	0	887	29
128	0	574	29
131	0	1408	29
132	0	574	29
133	0	1565	29
135	0	521	29
136	0	521	29
137	0	1565	29
138	0	574	29
139	0	939	29
141	0	521	29
142	0	574	29
143	0	1722	29
145	0	1722	29
146	0	574	29
147	0	1461	29
149	0	887	29
150	0	1513	29
151	0	2295	29
152	0	1200	29
153	0	2243	29
154	0	1095	29
155	0	574	29
156	0	521	29
158	0	1408	29
159	0	574	29
160	0	1722	29
162	0	1461	29
164	0	469	29
165	0	1148	29
169	0	887	29
170	0	574	29
172	0	1565	29
174	0	1565	29
175	0	1408	29
176	0	521	29
179	0	574	29
181	0	574	29
183	0	574	29
185	0	1304	29
187	0	1461	29
189	0	1200	29
190	0	1722	29
191	0	887	29
192	0	1304	29
193	0	1878	29
196	0	521	29
198	0	1461	29
199	0	521	29
200	0	1722	29
202	0	1408	29
203	0	1669	29
204	0	574	29
205	0	2243	29
206	0	521	29
207	0	939	29
208	0	574	29
210	0	521	29
212	0	1513	29
217	0	1722	29
218	0	1513	29
221	0	1617	29
224	0	1565	29
225	0	574	29
226	0	469	29
227	0	2139	29
228	0	574	29
229	0	1461	29
230	0	574	29
231	0	469	29
232	0	574	29
233	0	1722	29
240	0	574	29
241	0	1513	29
242	0	1304	29
243	0	574	29
244	0	574	29
248	0	521	29
249	0	887	29
250	0	574	29
251	0	1878	29
256	0	1565	29
258	0	782	29
259	0	521	29
260	0	2035	29
262	0	1408	29
266	0	574	29
267	0	834	29
268	0	1461	29
269	0	1148	29
271	0	1252	29
272	0	521	29
280	0	2243	29
283	0	1722	29
284	0	782	29
285	0	1669	29
286	0	521	29
292	0	2295	29
293	0	521	29
294	0	574	29
295	0	2087	29
296	0	1408	29
298	0	1669	29
299	0	574	29
300	0	2295	29
301	0	521	29
302	0	1513	29
303	0	469	29
304	0	521	29
306	0	574	29
309	0	521	29
310	0	1252	29
315	0	521	29
317	0	1774	29
320	0	1669	29
321	0	887	29
322	0	521	29
326	0	574	29
327	0	1722	29
328	0	2139	29
330	0	1408	29
331	0	834	29
332	0	1304	29
333	0	574	29
335	0	574	29
336	0	1565	29
337	0	2139	29
340	0	1617	29
341	0	1669	29
342	0	521	29
343	0	574	29
345	0	574	29
346	0	1304	29
347	0	1461	29
348	0	834	29
349	0	939	29
352	0	1356	29
353	0	574	29
354	0	469	29
356	0	2243	29
357	0	1722	29
358	0	1722	29
361	0	1722	29
364	0	574	29
366	0	1669	29
367	0	521	29
368	0	574	29
369	0	1043	29
371	0	1722	29
375	0	1722	29
378	0	1617	29
379	0	1461	29
381	0	1878	29
382	0	1826	29
384	0	1565	29
386	0	469	29
387	0	1148	29
389	0	574	29
390	0	574	29
391	0	1565	29
392	0	1982	29
393	0	521	29
394	0	1722	29
396	0	782	29
397	0	1774	29
399	0	521	29
400	0	1565	29
402	0	1461	29
404	0	2243	29
405	0	2035	29
406	0	574	29
407	0	1617	29
411	0	469	29
412	0	782	29
413	0	574	29
414	0	1565	29
415	0	887	29
417	0	1982	29
418	0	991	29
419	0	469	29
420	0	1774	29
423	0	1356	29
424	0	574	29
425	0	1878	29
426	0	1565	29
428	0	574	29
429	0	1304	29
430	0	574	29
431	0	574	29
432	0	991	29
433	0	1565	29
434	0	1095	29
435	0	469	29
436	0	991	29
437	0	521	29
438	0	1304	29
442	0	1982	29
445	0	574	29
451	0	1408	29
452	0	834	29
453	0	574	29
455	0	1722	29
460	0	2035	29
461	0	521	29
462	0	1774	29
463	0	1148	29
464	0	2139	29
465	0	574	29
466	0	834	29
467	0	574	29
468	0	574	29
469	0	521	29
471	0	2295	29
473	0	1982	29
474	0	574	29
481	0	991	29
482	0	2191	29
487	0	574	29
489	0	574	29
490	0	1356	29
491	0	1878	29
492	0	1513	29
495	0	1461	29
496	0	469	29
497	0	521	29
500	0	574	29
502	0	1669	29
503	0	574	29
508	0	939	29
512	0	1513	29
514	0	2087	29
515	0	574	29
518	0	1461	29
519	0	1408	29
520	0	574	29
521	0	574	29
522	0	1356	29
523	0	1617	29
525	0	1148	29
527	0	782	29
528	0	574	29
529	0	887	29
530	0	1669	29
531	0	1565	29
534	0	730	29
537	0	521	29
538	0	834	29
539	0	834	29
541	0	2087	29
543	0	1565	29
544	0	521	29
547	0	1252	29
550	0	469	29
551	0	469	29
553	0	1722	29
554	0	574	29
555	0	521	29
556	0	1461	29
558	0	417	29
559	0	1408	29
562	0	1617	29
563	0	1408	29
565	0	939	29
567	0	2191	29
568	0	730	29
569	0	1565	29
571	0	521	29
575	0	521	29
577	0	834	29
581	0	1774	29
582	0	1669	29
583	0	834	29
584	0	521	29
585	0	574	29
586	0	521	29
587	0	469	29
588	0	1617	29
589	0	1356	29
590	0	939	29
594	0	1930	29
595	0	574	29
596	0	1408	29
598	0	521	29
599	0	574	29
601	0	1565	29
604	0	1565	29
606	0	1356	29
607	0	521	29
608	0	1356	29
612	0	1722	29
620	0	574	29
621	0	1513	29
622	0	574	29
624	0	1617	29
625	0	1617	29
626	0	1200	29
627	0	1408	29
628	0	1513	29
630	0	1722	29
631	0	1408	29
632	0	574	29
639	0	1043	29
645	0	1356	29
646	0	939	29
648	0	1513	29
649	0	574	29
650	0	1982	29
652	0	574	29
653	0	1356	29
655	0	2139	29
656	0	1722	29
658	0	1304	29
661	0	1252	29
662	0	1304	29
663	0	1565	29
664	0	1095	29
665	0	1617	29
666	0	887	29
667	0	887	29
668	0	1565	29
669	0	1722	29
670	0	1617	29
674	0	1461	29
675	0	1565	29
676	0	574	29
677	0	1304	29
678	0	1982	29
680	0	1722	29
682	0	521	29
684	0	1356	29
685	0	2243	29
691	0	1200	29
692	0	469	29
693	0	1408	29
695	0	574	29
697	0	521	29
699	0	1722	29
700	0	574	29
701	0	1461	29
703	0	469	29
705	0	1982	29
706	0	574	29
707	0	574	29
709	0	1252	29
710	0	1043	29
711	0	1826	29
714	0	887	29
716	0	574	29
717	0	1461	29
718	0	1043	29
721	0	1774	29
722	0	469	29
725	0	1252	29
726	0	1356	29
730	0	1617	29
731	0	730	29
733	0	574	29
734	0	469	29
737	0	1408	29
738	0	521	29
739	0	1774	29
741	0	1722	29
742	0	730	29
743	0	574	29
744	0	1774	29
750	0	2295	29
752	0	1565	29
753	0	1043	29
754	0	574	29
755	0	574	29
756	0	574	29
758	0	574	29
761	0	521	29
762	0	991	29
763	0	2191	29
765	0	469	29
767	0	1774	29
771	0	1617	29
774	0	521	29
776	0	521	29
778	0	2087	29
781	0	574	29
782	0	2295	29
784	0	939	29
788	0	1408	29
789	0	1617	29
793	0	782	29
794	0	521	29
797	0	887	29
798	0	1982	29
801	0	2243	29
802	0	1722	29
803	0	1200	29
804	0	2139	29
807	0	834	29
810	0	834	29
811	0	834	29
812	0	521	29
815	0	521	29
816	0	1565	29
818	0	1878	29
822	0	521	29
823	0	834	29
824	0	1565	29
825	0	1513	29
826	0	1461	29
828	0	1722	29
831	0	469	29
832	0	991	29
834	0	1095	29
835	0	2139	29
838	0	417	29
840	0	417	29
841	0	939	29
842	0	1722	29
843	0	834	29
847	0	1982	29
848	0	521	29
850	0	521	29
853	0	2295	29
854	0	1461	29
855	0	574	29
858	0	1669	29
863	0	469	29
864	0	521	29
865	0	574	29
866	0	574	29
868	0	2243	29
869	0	1617	29
873	0	521	29
875	0	1774	29
876	0	574	29
877	0	574	29
880	0	991	29
882	0	1461	29
884	0	2087	29
885	0	991	29
887	0	521	29
890	0	1982	29
891	0	574	29
892	0	2243	29
895	0	521	29
896	0	887	29
897	0	1200	29
898	0	469	29
899	0	1252	29
901	0	574	29
902	0	1461	29
903	0	574	29
906	0	521	29
908	0	834	29
914	0	1565	29
916	0	574	29
917	0	2243	29
922	0	1826	29
924	0	1095	29
926	0	1408	29
927	0	1565	29
929	0	1565	29
931	0	521	29
932	0	1513	29
933	0	2243	29
934	0	1565	29
935	0	1878	29
938	0	1722	29
940	0	1356	29
941	0	574	29
942	0	469	29
944	0	1617	29
946	0	2139	29
947	0	939	29
948	0	887	29
949	0	469	29
950	0	834	29
953	0	887	29
954	0	521	29
960	0	1408	29
961	0	1722	29
964	0	991	29
966	0	521	29
968	0	2139	29
969	0	1722	29
971	0	1356	29
972	0	521	29
974	0	574	29
976	0	1356	29
978	0	574	29
979	0	2243	29
981	0	1408	29
982	0	521	29
983	0	521	29
984	0	1669	29
985	0	1565	29
988	0	2243	29
989	0	574	29
995	0	574	29
998	0	1095	29
0	1	782	29
1	1	782	29
3	1	2035	29
4	1	1148	29
5	1	887	29
6	1	1617	29
7	1	1617	29
8	1	1304	29
10	1	521	29
14	1	469	29
15	1	521	29
16	1	574	29
17	1	574	29
18	1	887	29
20	1	521	29
21	1	521	29
23	1	521	29
24	1	469	29
27	1	574	29
28	1	1356	29
29	1	2295	29
30	1	1774	29
32	1	1461	29
34	1	1565	29
35	1	1774	29
36	1	1722	29
39	1	2139	29
40	1	574	29
41	1	1565	29
42	1	1356	29
43	1	1304	29
45	1	1408	29
46	1	939	29
49	1	1252	29
53	1	1148	29
57	1	521	29
58	1	1148	29
59	1	521	29
62	1	1304	29
63	1	1461	29
65	1	1669	29
67	1	1356	29
69	1	1513	29
75	1	1565	29
77	1	2139	29
79	1	2139	29
80	1	2191	29
81	1	2087	29
84	1	1930	29
87	1	521	29
88	1	1356	29
89	1	1617	29
92	1	887	29
95	1	2295	29
96	1	1461	29
99	1	2295	29
102	1	2087	29
104	1	1461	29
106	1	1200	29
107	1	574	29
108	1	574	29
110	1	991	29
113	1	521	29
116	1	2139	29
118	1	1565	29
119	1	1774	29
122	1	834	29
125	1	1252	29
126	1	574	29
127	1	887	29
128	1	574	29
131	1	1408	29
132	1	574	29
133	1	1565	29
135	1	521	29
136	1	521	29
137	1	1565	29
138	1	574	29
139	1	939	29
141	1	521	29
142	1	574	29
143	1	1722	29
145	1	1722	29
146	1	574	29
147	1	1461	29
149	1	887	29
150	1	1513	29
151	1	2295	29
152	1	1200	29
153	1	2243	29
154	1	1095	29
155	1	574	29
156	1	521	29
158	1	1408	29
159	1	574	29
160	1	1722	29
162	1	1461	29
164	1	469	29
165	1	1148	29
169	1	887	29
170	1	574	29
172	1	1565	29
174	1	1565	29
175	1	1408	29
176	1	521	29
179	1	574	29
181	1	574	29
183	1	574	29
185	1	1304	29
187	1	1461	29
189	1	1200	29
190	1	1722	29
191	1	887	29
192	1	1304	29
193	1	1878	29
196	1	521	29
198	1	1461	29
199	1	521	29
200	1	1722	29
202	1	1408	29
203	1	1669	29
204	1	574	29
205	1	2243	29
206	1	521	29
207	1	939	29
208	1	574	29
210	1	521	29
212	1	1513	29
217	1	1722	29
218	1	1513	29
221	1	1617	29
224	1	1565	29
225	1	574	29
226	1	469	29
227	1	2139	29
228	1	574	29
229	1	1461	29
230	1	574	29
231	1	469	29
232	1	574	29
233	1	1722	29
240	1	574	29
241	1	1513	29
242	1	1304	29
243	1	574	29
244	1	574	29
248	1	521	29
249	1	887	29
250	1	574	29
251	1	1878	29
256	1	1565	29
258	1	782	29
259	1	521	29
260	1	2035	29
262	1	1408	29
266	1	574	29
267	1	834	29
268	1	1461	29
269	1	1148	29
271	1	1252	29
272	1	521	29
280	1	2243	29
283	1	1722	29
284	1	782	29
285	1	1669	29
286	1	521	29
292	1	2295	29
293	1	521	29
294	1	574	29
295	1	2087	29
296	1	1408	29
298	1	1669	29
299	1	574	29
300	1	2295	29
301	1	521	29
302	1	1513	29
303	1	469	29
304	1	521	29
306	1	574	29
309	1	521	29
310	1	1252	29
315	1	521	29
317	1	1774	29
320	1	1669	29
321	1	887	29
322	1	521	29
326	1	574	29
327	1	1722	29
328	1	2139	29
330	1	1408	29
331	1	834	29
332	1	1304	29
333	1	574	29
335	1	574	29
336	1	1565	29
337	1	2139	29
340	1	1617	29
341	1	1669	29
342	1	521	29
343	1	574	29
345	1	574	29
346	1	1304	29
347	1	1461	29
348	1	834	29
349	1	939	29
352	1	1356	29
353	1	574	29
354	1	469	29
356	1	2243	29
357	1	1722	29
358	1	1722	29
361	1	1722	29
364	1	574	29
366	1	1669	29
367	1	521	29
368	1	574	29
369	1	1043	29
371	1	1722	29
375	1	1722	29
378	1	1617	29
379	1	1461	29
381	1	1878	29
382	1	1826	29
384	1	1565	29
386	1	469	29
387	1	1148	29
389	1	574	29
390	1	574	29
391	1	1565	29
392	1	1982	29
393	1	521	29
394	1	1722	29
396	1	782	29
397	1	1774	29
399	1	521	29
400	1	1565	29
402	1	1461	29
404	1	2243	29
405	1	2035	29
406	1	574	29
407	1	1617	29
411	1	469	29
412	1	782	29
413	1	574	29
414	1	1565	29
415	1	887	29
417	1	1982	29
418	1	991	29
419	1	469	29
420	1	1774	29
423	1	1356	29
424	1	574	29
425	1	1878	29
426	1	1565	29
428	1	574	29
429	1	1304	29
430	1	574	29
431	1	574	29
432	1	991	29
433	1	1565	29
434	1	1095	29
435	1	469	29
436	1	991	29
437	1	521	29
438	1	1304	29
442	1	1982	29
445	1	574	29
451	1	1408	29
452	1	834	29
453	1	574	29
455	1	1722	29
460	1	2035	29
461	1	521	29
462	1	1774	29
463	1	1148	29
464	1	2139	29
465	1	574	29
466	1	834	29
467	1	574	29
468	1	574	29
469	1	521	29
471	1	2295	29
473	1	1982	29
474	1	574	29
481	1	991	29
482	1	2191	29
487	1	574	29
489	1	574	29
490	1	1356	29
491	1	1878	29
492	1	1513	29
495	1	1461	29
496	1	469	29
497	1	521	29
500	1	574	29
502	1	1669	29
503	1	574	29
508	1	939	29
512	1	1513	29
514	1	2087	29
515	1	574	29
518	1	1461	29
519	1	1408	29
520	1	574	29
521	1	574	29
522	1	1356	29
523	1	1617	29
525	1	1148	29
527	1	782	29
528	1	574	29
529	1	887	29
530	1	1669	29
531	1	1565	29
534	1	730	29
537	1	521	29
538	1	834	29
539	1	834	29
541	1	2087	29
543	1	1565	29
544	1	521	29
547	1	1252	29
550	1	469	29
551	1	469	29
553	1	1722	29
554	1	574	29
555	1	521	29
556	1	1461	29
558	1	417	29
559	1	1408	29
562	1	1617	29
563	1	1408	29
565	1	939	29
567	1	2191	29
568	1	730	29
569	1	1565	29
571	1	521	29
575	1	521	29
577	1	834	29
581	1	1774	29
582	1	1669	29
583	1	834	29
584	1	521	29
585	1	574	29
586	1	521	29
587	1	469	29
588	1	1617	29
589	1	1356	29
590	1	939	29
594	1	1930	29
595	1	574	29
596	1	1408	29
598	1	521	29
599	1	574	29
601	1	1565	29
604	1	1565	29
606	1	1356	29
607	1	521	29
608	1	1356	29
612	1	1722	29
620	1	574	29
621	1	1513	29
622	1	574	29
624	1	1617	29
625	1	1617	29
626	1	1200	29
627	1	1408	29
628	1	1513	29
630	1	1722	29
631	1	1408	29
632	1	574	29
639	1	1043	29
645	1	1356	29
646	1	939	29
648	1	1513	29
649	1	574	29
650	1	1982	29
652	1	574	29
653	1	1356	29
655	1	2139	29
656	1	1722	29
658	1	1304	29
661	1	1252	29
662	1	1304	29
663	1	1565	29
664	1	1095	29
665	1	1617	29
666	1	887	29
667	1	887	29
668	1	1565	29
669	1	1722	29
670	1	1617	29
674	1	1461	29
675	1	1565	29
676	1	574	29
677	1	1304	29
678	1	1982	29
680	1	1722	29
682	1	521	29
684	1	1356	29
685	1	2243	29
691	1	1200	29
692	1	469	29
693	1	1408	29
695	1	574	29
697	1	521	29
699	1	1722	29
700	1	574	29
701	1	1461	29
703	1	469	29
705	1	1982	29
706	1	574	29
707	1	574	29
709	1	1252	29
710	1	1043	29
711	1	1826	29
714	1	887	29
716	1	574	29
717	1	1461	29
718	1	1043	29
721	1	1774	29
722	1	469	29
725	1	1252	29
726	1	1356	29
730	1	1617	29
731	1	730	29
733	1	574	29
734	1	469	29
737	1	1408	29
738	1	521	29
739	1	1774	29
741	1	1722	29
742	1	730	29
743	1	574	29
744	1	1774	29
750	1	2295	29
752	1	1565	29
753	1	1043	29
754	1	574	29
755	1	574	29
756	1	574	29
758	1	574	29
761	1	521	29
762	1	991	29
763	1	2191	29
765	1	469	29
767	1	1774	29
771	1	1617	29
774	1	521	29
776	1	521	29
778	1	2087	29
781	1	574	29
782	1	2295	29
784	1	939	29
788	1	1408	29
789	1	1617	29
793	1	782	29
794	1	521	29
797	1	887	29
798	1	1982	29
801	1	2243	29
802	1	1722	29
803	1	1200	29
804	1	2139	29
807	1	834	29
810	1	834	29
811	1	834	29
812	1	521	29
815	1	521	29
816	1	1565	29
818	1	1878	29
822	1	521	29
823	1	834	29
824	1	1565	29
825	1	1513	29
826	1	1461	29
828	1	1722	29
831	1	469	29
832	1	991	29
834	1	1095	29
835	1	2139	29
838	1	417	29
840	1	417	29
841	1	939	29
842	1	1722	29
843	1	834	29
847	1	1982	29
848	1	521	29
850	1	521	29
853	1	2295	29
854	1	1461	29
855	1	574	29
858	1	1669	29
863	1	469	29
864	1	521	29
865	1	574	29
866	1	574	29
868	1	2243	29
869	1	1617	29
873	1	521	29
875	1	1774	29
876	1	574	29
877	1	574	29
880	1	991	29
882	1	1461	29
884	1	2087	29
885	1	991	29
887	1	521	29
890	1	1982	29
891	1	574	29
892	1	2243	29
895	1	521	29
896	1	887	29
897	1	1200	29
898	1	469	29
899	1	1252	29
901	1	574	29
902	1	1461	29
903	1	574	29
906	1	521	29
908	1	834	29
914	1	1565	29
916	1	574	29
917	1	2243	29
922	1	1826	29
924	1	1095	29
926	1	1408	29
927	1	1565	29
929	1	1565	29
931	1	521	29
932	1	1513	29
933	1	2243	29
934	1	1565	29
935	1	1878	29
938	1	1722	29
940	1	1356	29
941	1	574	29
942	1	469	29
944	1	1617	29
946	1	2139	29
947	1	939	29
948	1	887	29
949	1	469	29
950	1	834	29
953	1	887	29
954	1	521	29
960	1	1408	29
961	1	1722	29
964	1	991	29
966	1	521	29
968	1	2139	29
969	1	1722	29
971	1	1356	29
972	1	521	29
974	1	574	29
976	1	1356	29
978	1	574	29
979	1	2243	29
981	1	1408	29
982	1	521	29
983	1	521	29
984	1	1669	29
985	1	1565	29
988	1	2243	29
989	1	574	29
995	1	574	29
998	1	1095	29
0	2	261	26
1	2	261	26
2	2	261	26
3	2	261	26
4	2	261	26
5	2	261	26
6	2	261	26
7	2	261	26
8	2	261	26
9	2	261	26
10	2	261	26
11	2	261	26
12	2	261	26
13	2	261	26
14	2	261	26
15	2	261	26
16	2	261	26
17	2	261	26
18	2	261	26
19	2	261	26
20	2	261	26
21	2	261	26
22	2	261	26
23	2	261	26
24	2	261	26
25	2	261	26
26	2	261	26
27	2	261	26
28	2	261	26
29	2	261	26
30	2	261	26
31	2	261	26
32	2	261	26
33	2	261	26
34	2	261	26
35	2	261	26
36	2	261	26
37	2	261	26
38	2	261	26
39	2	261	26
40	2	261	26
41	2	261	26
42	2	261	26
43	2	261	26
44	2	261	26
45	2	261	26
46	2	261	26
47	2	261	26
48	2	261	26
49	2	261	26
50	2	261	26
51	2	261	26
52	2	261	26
53	2	261	26
54	2	261	26
55	2	261	26
56	2	261	26
57	2	261	26
58	2	261	26
59	2	261	26
60	2	261	26
61	2	261	26
62	2	261	26
63	2	261	26
64	2	261	26
65	2	261	26
66	2	261	26
67	2	261	26
68	2	261	26
69	2	261	26
70	2	261	26
71	2	261	26
72	2	261	26
73	2	261	26
74	2	261	26
75	2	261	26
76	2	261	26
77	2	261	26
78	2	261	26
79	2	261	26
80	2	261	26
81	2	261	26
82	2	261	26
83	2	261	26
84	2	261	26
85	2	261	26
86	2	261	26
87	2	261	26
88	2	261	26
89	2	261	26
90	2	261	26
91	2	261	26
92	2	261	26
93	2	261	26
94	2	261	26
95	2	261	26
96	2	261	26
97	2	261	26
98	2	261	26
99	2	261	26
100	2	261	26
101	2	261	26
102	2	261	26
103	2	261	26
104	2	261	26
105	2	261	26
106	2	261	26
107	2	261	26
108	2	261	26
109	2	261	26
110	2	261	26
111	2	261	26
112	2	261	26
113	2	261	26
114	2	261	26
115	2	261	26
116	2	261	26
117	2	261	26
118	2	261	26
119	2	261	26
120	2	261	26
121	2	261	26
122	2	261	26
123	2	261	26
124	2	261	26
125	2	261	26
126	2	261	26
127	2	261	26
128	2	261	26
129	2	261	26
130	2	261	26
131	2	261	26
132	2	261	26
133	2	261	26
134	2	261	26
135	2	261	26
136	2	261	26
137	2	261	26
138	2	261	26
139	2	261	26
140	2	261	26
141	2	261	26
142	2	261	26
143	2	261	26
144	2	261	26
145	2	261	26
146	2	261	26
147	2	261	26
148	2	261	26
149	2	261	26
150	2	261	26
151	2	261	26
152	2	261	26
153	2	261	26
154	2	261	26
155	2	261	26
156	2	261	26
157	2	261	26
158	2	261	26
159	2	261	26
160	2	261	26
161	2	261	26
162	2	261	26
163	2	261	26
164	2	261	26
165	2	261	26
166	2	261	26
167	2	261	26
168	2	261	26
169	2	261	26
170	2	261	26
171	2	261	26
172	2	261	26
173	2	261	26
174	2	261	26
175	2	261	26
176	2	261	26
177	2	261	26
178	2	261	26
179	2	261	26
180	2	261	26
181	2	261	26
182	2	261	26
183	2	261	26
184	2	261	26
185	2	261	26
186	2	261	26
187	2	261	26
188	2	261	26
189	2	261	26
190	2	261	26
191	2	261	26
192	2	261	26
193	2	261	26
194	2	261	26
195	2	261	26
196	2	261	26
197	2	261	26
198	2	261	26
199	2	261	26
200	2	261	26
201	2	261	26
202	2	261	26
203	2	261	26
204	2	261	26
205	2	261	26
206	2	261	26
207	2	261	26
208	2	261	26
209	2	261	26
210	2	261	26
211	2	261	26
212	2	261	26
213	2	261	26
214	2	261	26
215	2	261	26
216	2	261	26
217	2	261	26
218	2	261	26
219	2	261	26
220	2	261	26
221	2	261	26
222	2	261	26
223	2	261	26
224	2	261	26
225	2	261	26
226	2	261	26
227	2	261	26
228	2	261	26
229	2	261	26
230	2	261	26
231	2	261	26
232	2	261	26
233	2	261	26
234	2	261	26
235	2	261	26
236	2	261	26
237	2	261	26
238	2	261	26
239	2	261	26
240	2	261	26
241	2	261	26
242	2	261	26
243	2	261	26
244	2	261	26
245	2	261	26
246	2	261	26
247	2	261	26
248	2	261	26
249	2	261	26
250	2	261	26
251	2	261	26
252	2	261	26
253	2	261	26
254	2	261	26
255	2	261	26
256	2	261	26
257	2	261	26
258	2	261	26
259	2	261	26
260	2	261	26
261	2	261	26
262	2	261	26
263	2	261	26
264	2	261	26
265	2	261	26
266	2	261	26
267	2	261	26
268	2	261	26
269	2	261	26
270	2	261	26
271	2	261	26
272	2	261	26
273	2	261	26
274	2	261	26
275	2	261	26
276	2	261	26
277	2	261	26
278	2	261	26
279	2	261	26
280	2	261	26
281	2	261	26
282	2	261	26
283	2	261	26
284	2	261	26
285	2	261	26
286	2	261	26
287	2	261	26
288	2	261	26
289	2	261	26
290	2	261	26
291	2	261	26
292	2	261	26
293	2	261	26
294	2	261	26
295	2	261	26
296	2	261	26
297	2	261	26
298	2	261	26
299	2	261	26
300	2	261	26
301	2	261	26
302	2	261	26
303	2	261	26
304	2	261	26
305	2	261	26
306	2	261	26
307	2	261	26
308	2	261	26
309	2	261	26
310	2	261	26
311	2	261	26
312	2	261	26
313	2	261	26
314	2	261	26
315	2	261	26
316	2	261	26
317	2	261	26
318	2	261	26
319	2	261	26
320	2	261	26
321	2	261	26
322	2	261	26
323	2	261	26
324	2	261	26
325	2	261	26
326	2	261	26
327	2	261	26
328	2	261	26
329	2	261	26
330	2	261	26
331	2	261	26
332	2	261	26
333	2	261	26
334	2	261	26
335	2	261	26
336	2	261	26
337	2	261	26
338	2	261	26
339	2	261	26
340	2	261	26
341	2	261	26
342	2	261	26
343	2	261	26
344	2	261	26
345	2	261	26
346	2	261	26
347	2	261	26
348	2	261	26
349	2	261	26
350	2	261	26
351	2	261	26
352	2	261	26
353	2	261	26
354	2	261	26
355	2	261	26
356	2	261	26
357	2	261	26
358	2	261	26
359	2	261	26
360	2	261	26
361	2	261	26
362	2	261	26
363	2	261	26
364	2	261	26
365	2	261	26
366	2	261	26
367	2	261	26
368	2	261	26
369	2	261	26
370	2	261	26
371	2	261	26
372	2	261	26
373	2	261	26
374	2	261	26
375	2	261	26
376	2	261	26
377	2	261	26
378	2	261	26
379	2	261	26
380	2	261	26
381	2	261	26
382	2	261	26
383	2	261	26
384	2	261	26
385	2	261	26
386	2	261	26
387	2	261	26
388	2	261	26
389	2	261	26
390	2	261	26
391	2	261	26
392	2	261	26
393	2	261	26
394	2	261	26
395	2	261	26
396	2	261	26
397	2	261	26
398	2	261	26
399	2	261	26
400	2	261	26
401	2	261	26
402	2	261	26
403	2	261	26
404	2	261	26
405	2	261	26
406	2	261	26
407	2	261	26
408	2	261	26
409	2	261	26
410	2	261	26
411	2	261	26
412	2	261	26
413	2	261	26
414	2	261	26
415	2	261	26
416	2	261	26
417	2	261	26
418	2	261	26
419	2	261	26
420	2	261	26
421	2	261	26
422	2	261	26
423	2	261	26
424	2	261	26
425	2	261	26
426	2	261	26
427	2	261	26
428	2	261	26
429	2	261	26
430	2	261	26
431	2	261	26
432	2	261	26
433	2	261	26
434	2	261	26
435	2	261	26
436	2	261	26
437	2	261	26
438	2	261	26
439	2	261	26
440	2	261	26
441	2	261	26
442	2	261	26
443	2	261	26
444	2	261	26
445	2	261	26
446	2	261	26
447	2	261	26
448	2	261	26
449	2	261	26
450	2	261	26
451	2	261	26
452	2	261	26
453	2	261	26
454	2	261	26
455	2	261	26
456	2	261	26
457	2	261	26
458	2	261	26
459	2	261	26
460	2	261	26
461	2	261	26
462	2	261	26
463	2	261	26
464	2	261	26
465	2	261	26
466	2	261	26
467	2	261	26
468	2	261	26
469	2	261	26
470	2	261	26
471	2	261	26
472	2	261	26
473	2	261	26
474	2	261	26
475	2	261	26
476	2	261	26
477	2	261	26
478	2	261	26
479	2	261	26
480	2	261	26
481	2	261	26
482	2	261	26
483	2	261	26
484	2	261	26
485	2	261	26
486	2	261	26
487	2	261	26
488	2	261	26
489	2	261	26
490	2	261	26
491	2	261	26
492	2	261	26
493	2	261	26
494	2	261	26
495	2	261	26
496	2	261	26
497	2	261	26
498	2	261	26
499	2	261	26
500	2	261	26
501	2	261	26
502	2	261	26
503	2	261	26
504	2	261	26
505	2	261	26
506	2	261	26
507	2	261	26
508	2	261	26
509	2	261	26
510	2	261	26
511	2	261	26
512	2	261	26
513	2	261	26
514	2	261	26
515	2	261	26
516	2	261	26
517	2	261	26
518	2	261	26
519	2	261	26
520	2	261	26
521	2	261	26
522	2	261	26
523	2	261	26
524	2	261	26
525	2	261	26
526	2	261	26
527	2	261	26
528	2	261	26
529	2	261	26
530	2	261	26
531	2	261	26
532	2	261	26
533	2	261	26
534	2	261	26
535	2	261	26
536	2	261	26
537	2	261	26
538	2	261	26
539	2	261	26
540	2	261	26
541	2	261	26
542	2	261	26
543	2	261	26
544	2	261	26
545	2	261	26
546	2	261	26
547	2	261	26
548	2	261	26
549	2	261	26
550	2	261	26
551	2	261	26
552	2	261	26
553	2	261	26
554	2	261	26
555	2	261	26
556	2	261	26
557	2	261	26
558	2	261	26
559	2	261	26
560	2	261	26
561	2	261	26
562	2	261	26
563	2	261	26
564	2	261	26
565	2	261	26
566	2	261	26
567	2	261	26
568	2	261	26
569	2	261	26
570	2	261	26
571	2	261	26
572	2	261	26
573	2	261	26
574	2	261	26
575	2	261	26
576	2	261	26
577	2	261	26
578	2	261	26
579	2	261	26
580	2	261	26
581	2	261	26
582	2	261	26
583	2	261	26
584	2	261	26
585	2	261	26
586	2	261	26
587	2	261	26
588	2	261	26
589	2	261	26
590	2	261	26
591	2	261	26
592	2	261	26
593	2	261	26
594	2	261	26
595	2	261	26
596	2	261	26
597	2	261	26
598	2	261	26
599	2	261	26
600	2	261	26
601	2	261	26
602	2	261	26
603	2	261	26
604	2	261	26
605	2	261	26
606	2	261	26
607	2	261	26
608	2	261	26
609	2	261	26
610	2	261	26
611	2	261	26
612	2	261	26
613	2	261	26
614	2	261	26
615	2	261	26
616	2	261	26
617	2	261	26
618	2	261	26
619	2	261	26
620	2	261	26
621	2	261	26
622	2	261	26
623	2	261	26
624	2	261	26
625	2	261	26
626	2	261	26
627	2	261	26
628	2	261	26
629	2	261	26
630	2	261	26
631	2	261	26
632	2	261	26
633	2	261	26
634	2	261	26
635	2	261	26
636	2	261	26
637	2	261	26
638	2	261	26
639	2	261	26
640	2	261	26
641	2	261	26
642	2	261	26
643	2	261	26
644	2	261	26
645	2	261	26
646	2	261	26
647	2	261	26
648	2	261	26
649	2	261	26
650	2	261	26
651	2	261	26
652	2	261	26
653	2	261	26
654	2	261	26
655	2	261	26
656	2	261	26
657	2	261	26
658	2	261	26
659	2	261	26
660	2	261	26
661	2	261	26
662	2	261	26
663	2	261	26
664	2	261	26
665	2	261	26
666	2	261	26
667	2	261	26
668	2	261	26
669	2	261	26
670	2	261	26
671	2	261	26
672	2	261	26
673	2	261	26
674	2	261	26
675	2	261	26
676	2	261	26
677	2	261	26
678	2	261	26
679	2	261	26
680	2	261	26
681	2	261	26
682	2	261	26
683	2	261	26
684	2	261	26
685	2	261	26
686	2	261	26
687	2	261	26
688	2	261	26
689	2	261	26
690	2	261	26
691	2	261	26
692	2	261	26
693	2	261	26
694	2	261	26
695	2	261	26
696	2	261	26
697	2	261	26
698	2	261	26
699	2	261	26
700	2	261	26
701	2	261	26
702	2	261	26
703	2	261	26
704	2	261	26
705	2	261	26
706	2	261	26
707	2	261	26
708	2	261	26
709	2	261	26
710	2	261	26
711	2	261	26
712	2	261	26
713	2	261	26
714	2	261	26
715	2	261	26
716	2	261	26
717	2	261	26
718	2	261	26
719	2	261	26
720	2	261	26
721	2	261	26
722	2	261	26
723	2	261	26
724	2	261	26
725	2	261	26
726	2	261	26
727	2	261	26
728	2	261	26
729	2	261	26
730	2	261	26
731	2	261	26
732	2	261	26
733	2	261	26
734	2	261	26
735	2	261	26
736	2	261	26
737	2	261	26
738	2	261	26
739	2	261	26
740	2	261	26
741	2	261	26
742	2	261	26
743	2	261	26
744	2	261	26
745	2	261	26
746	2	261	26
747	2	261	26
748	2	261	26
749	2	261	26
750	2	261	26
751	2	261	26
752	2	261	26
753	2	261	26
754	2	261	26
755	2	261	26
756	2	261	26
757	2	261	26
758	2	261	26
759	2	261	26
760	2	261	26
761	2	261	26
762	2	261	26
763	2	261	26
764	2	261	26
765	2	261	26
766	2	261	26
767	2	261	26
768	2	261	26
769	2	261	26
770	2	261	26
771	2	261	26
772	2	261	26
773	2	261	26
774	2	261	26
775	2	261	26
776	2	261	26
777	2	261	26
778	2	261	26
779	2	261	26
780	2	261	26
781	2	261	26
782	2	261	26
783	2	261	26
784	2	261	26
785	2	261	26
786	2	261	26
787	2	261	26
788	2	261	26
789	2	261	26
790	2	261	26
791	2	261	26
792	2	261	26
793	2	261	26
794	2	261	26
795	2	261	26
796	2	261	26
797	2	261	26
798	2	261	26
799	2	261	26
800	2	261	26
801	2	261	26
802	2	261	26
803	2	261	26
804	2	261	26
805	2	261	26
806	2	261	26
807	2	261	26
808	2	261	26
809	2	261	26
810	2	261	26
811	2	261	26
812	2	261	26
813	2	261	26
814	2	261	26
815	2	261	26
816	2	261	26
817	2	261	26
818	2	261	26
819	2	261	26
820	2	261	26
821	2	261	26
822	2	261	26
823	2	261	26
824	2	261	26
825	2	261	26
826	2	261	26
827	2	261	26
828	2	261	26
829	2	261	26
830	2	261	26
831	2	261	26
832	2	261	26
833	2	261	26
834	2	261	26
835	2	261	26
836	2	261	26
837	2	261	26
838	2	261	26
839	2	261	26
840	2	261	26
841	2	261	26
842	2	261	26
843	2	261	26
844	2	261	26
845	2	261	26
846	2	261	26
847	2	261	26
848	2	261	26
849	2	261	26
850	2	261	26
851	2	261	26
852	2	261	26
853	2	261	26
854	2	261	26
855	2	261	26
856	2	261	26
857	2	261	26
858	2	261	26
859	2	261	26
860	2	261	26
861	2	261	26
862	2	261	26
863	2	261	26
864	2	261	26
865	2	261	26
866	2	261	26
867	2	261	26
868	2	261	26
869	2	261	26
870	2	261	26
871	2	261	26
872	2	261	26
873	2	261	26
874	2	261	26
875	2	261	26
876	2	261	26
877	2	261	26
878	2	261	26
879	2	261	26
880	2	261	26
881	2	261	26
882	2	261	26
883	2	261	26
884	2	261	26
885	2	261	26
886	2	261	26
887	2	261	26
888	2	261	26
889	2	261	26
890	2	261	26
891	2	261	26
892	2	261	26
893	2	261	26
894	2	261	26
895	2	261	26
896	2	261	26
897	2	261	26
898	2	261	26
899	2	261	26
900	2	261	26
901	2	261	26
902	2	261	26
903	2	261	26
904	2	261	26
905	2	261	26
906	2	261	26
907	2	261	26
908	2	261	26
909	2	261	26
910	2	261	26
911	2	261	26
912	2	261	26
913	2	261	26
914	2	261	26
915	2	261	26
916	2	261	26
917	2	261	26
918	2	261	26
919	2	261	26
920	2	261	26
921	2	261	26
922	2	261	26
923	2	261	26
924	2	261	26
925	2	261	26
926	2	261	26
927	2	261	26
928	2	261	26
929	2	261	26
930	2	261	26
931	2	261	26
932	2	261	26
933	2	261	26
934	2	261	26
935	2	261	26
936	2	261	26
937	2	261	26
938	2	261	26
939	2	261	26
940	2	261	26
941	2	261	26
942	2	261	26
943	2	261	26
944	2	261	26
945	2	261	26
946	2	261	26
947	2	261	26
948	2	261	26
949	2	261	26
950	2	261	26
951	2	261	26
952	2	261	26
953	2	261	26
954	2	261	26
955	2	261	26
956	2	261	26
957	2	261	26
958	2	261	26
959	2	261	26
960	2	261	26
961	2	261	26
962	2	261	26
963	2	261	26
964	2	261	26
965	2	261	26
966	2	261	26
967	2	261	26
968	2	261	26
969	2	261	26
970	2	261	26
971	2	261	26
972	2	261	26
973	2	261	26
974	2	261	26
975	2	261	26
976	2	261	26
977	2	261	26
978	2	261	26
979	2	261	26
980	2	261	26
981	2	261	26
982	2	261	26
983	2	261	26
984	2	261	26
985	2	261	26
986	2	261	26
987	2	261	26
988	2	261	26
989	2	261	26
990	2	261	26
991	2	261	26
992	2	261	26
993	2	261	26
994	2	261	26
995	2	261	26
996	2	261	26
997	2	261	26
998	2	261	26
999	2	261	26
0	3	782	29
1	3	782	29
3	3	2035	29
4	3	1148	29
4	3	2087	12
5	3	887	29
6	3	1617	29
7	3	1617	29
8	3	1304	29
10	3	521	29
14	3	469	29
15	3	521	29
16	3	574	29
17	3	574	29
18	3	887	29
20	3	521	29
21	3	521	29
23	3	521	29
24	3	469	29
27	3	574	29
28	3	1356	29
29	3	2295	29
30	3	1774	29
32	3	1461	29
34	3	1565	29
35	3	1774	29
36	3	1722	29
39	3	2139	29
40	3	574	29
40	3	2139	12
41	3	1565	29
42	3	1356	29
43	3	1304	29
45	3	1408	29
46	3	939	29
49	3	1252	29
53	3	1148	29
57	3	521	29
58	3	1148	29
59	3	521	29
62	3	1304	29
63	3	1461	29
65	3	1669	29
67	3	1356	29
69	3	1513	29
75	3	1565	29
77	3	2139	29
79	3	2139	29
80	3	2191	29
81	3	2087	29
84	3	1930	29
87	3	521	29
88	3	1356	29
89	3	1617	29
92	3	887	29
95	3	2295	29
96	3	1461	29
99	3	2295	29
102	3	2087	29
104	3	1461	29
106	3	1200	29
107	3	574	29
108	3	574	29
110	3	991	29
113	3	521	29
116	3	2139	29
118	3	1565	29
119	3	1774	29
122	3	834	29
125	3	1252	29
126	3	574	29
127	3	887	29
128	3	574	29
131	3	1408	29
132	3	574	29
133	3	1565	29
135	3	521	29
136	3	521	29
137	3	1565	29
138	3	574	29
138	3	2191	12
139	3	939	29
139	3	1878	12
139	3	2191	20
141	3	521	29
142	3	574	29
143	3	1722	29
145	3	1722	29
146	3	574	29
147	3	1461	29
149	3	887	29
150	3	1513	29
151	3	2295	29
152	3	1200	29
153	3	2243	29
154	3	1095	29
155	3	574	29
156	3	521	29
158	3	1408	29
159	3	574	29
160	3	1722	29
162	3	1461	29
164	3	469	29
165	3	1148	29
169	3	887	29
170	3	574	29
172	3	1565	29
174	3	1565	29
175	3	1408	29
176	3	521	29
179	3	574	29
181	3	574	29
183	3	574	29
185	3	1304	29
187	3	1461	29
189	3	1200	29
189	3	2035	12
190	3	1722	29
191	3	887	29
192	3	1304	29
193	3	1878	29
196	3	521	29
196	3	2243	12
198	3	1461	29
199	3	521	29
200	3	1722	29
202	3	1408	29
203	3	1669	29
204	3	574	29
205	3	2243	29
206	3	521	29
206	3	1774	12
206	3	2087	20
207	3	939	29
208	3	574	29
210	3	521	29
212	3	1513	29
217	3	1722	29
218	3	1513	29
221	3	1617	29
224	3	1565	29
225	3	574	29
226	3	469	29
227	3	2139	29
228	3	574	29
229	3	1461	29
230	3	574	29
231	3	469	29
232	3	574	29
233	3	1722	29
240	3	574	29
241	3	1513	29
242	3	1304	29
243	3	574	29
244	3	574	29
248	3	521	29
249	3	887	29
250	3	574	29
251	3	1878	29
256	3	1565	29
258	3	782	29
259	3	521	29
260	3	2035	29
262	3	1408	29
266	3	574	29
267	3	834	29
268	3	1461	29
269	3	1148	29
271	3	1252	29
272	3	521	29
272	3	1722	12
272	3	2035	20
280	3	2243	29
283	3	1722	29
284	3	782	29
285	3	1669	29
286	3	521	29
286	3	2295	12
292	3	2295	29
293	3	521	29
294	3	574	29
295	3	2087	29
296	3	1408	29
298	3	1669	29
299	3	574	29
300	3	2295	29
301	3	521	29
302	3	1513	29
303	3	469	29
304	3	521	29
306	3	574	29
309	3	521	29
309	3	2087	12
310	3	1252	29
315	3	521	29
317	3	1774	29
320	3	1669	29
321	3	887	29
322	3	521	29
326	3	574	29
327	3	1722	29
328	3	2139	29
330	3	1408	29
331	3	834	29
332	3	1304	29
333	3	574	29
335	3	574	29
336	3	1565	29
337	3	2139	29
340	3	1617	29
341	3	1669	29
342	3	521	29
343	3	574	29
345	3	574	29
346	3	1304	29
347	3	1461	29
348	3	834	29
349	3	939	29
349	3	1774	12
352	3	1356	29
353	3	574	29
354	3	469	29
354	3	1774	12
356	3	2243	29
357	3	1722	29
358	3	1722	29
361	3	1722	29
364	3	574	29
366	3	1669	29
367	3	521	29
368	3	574	29
369	3	1043	29
371	3	1722	29
375	3	1722	29
378	3	1617	29
379	3	1461	29
381	3	1878	29
382	3	1826	29
384	3	1565	29
386	3	469	29
387	3	1148	29
389	3	574	29
390	3	574	29
391	3	1565	29
392	3	1982	29
393	3	521	29
394	3	1722	29
396	3	782	29
397	3	1774	29
399	3	521	29
400	3	1565	29
402	3	1461	29
404	3	2243	29
405	3	2035	29
406	3	574	29
407	3	1617	29
411	3	469	29
412	3	782	29
412	3	1826	12
412	3	2139	20
413	3	574	29
413	3	1722	12
414	3	1565	29
415	3	887	29
417	3	1982	29
418	3	991	29
419	3	469	29
420	3	1774	29
423	3	1356	29
424	3	574	29
424	3	1774	12
424	3	2139	20
425	3	1878	29
426	3	1565	29
428	3	574	29
429	3	1304	29
430	3	574	29
431	3	574	29
432	3	991	29
433	3	1565	29
434	3	1095	29
434	3	2139	12
435	3	469	29
436	3	991	29
437	3	521	29
438	3	1304	29
442	3	1982	29
445	3	574	29
451	3	1408	29
452	3	834	29
453	3	574	29
455	3	1722	29
460	3	2035	29
461	3	521	29
462	3	1774	29
463	3	1148	29
464	3	2139	29
465	3	574	29
466	3	834	29
467	3	574	29
468	3	574	29
469	3	521	29
471	3	2295	29
473	3	1982	29
474	3	574	29
481	3	991	29
481	3	1774	12
482	3	2191	29
487	3	574	29
489	3	574	29
490	3	1356	29
491	3	1878	29
492	3	1513	29
495	3	1461	29
496	3	469	29
497	3	521	29
500	3	574	29
502	3	1669	29
503	3	574	29
503	3	1826	12
503	3	2139	20
508	3	939	29
512	3	1513	29
514	3	2087	29
515	3	574	29
518	3	1461	29
519	3	1408	29
520	3	574	29
521	3	574	29
522	3	1356	29
523	3	1617	29
525	3	1148	29
527	3	782	29
528	3	574	29
529	3	887	29
530	3	1669	29
531	3	1565	29
534	3	730	29
537	3	521	29
538	3	834	29
539	3	834	29
541	3	2087	29
543	3	1565	29
544	3	521	29
544	3	2191	12
547	3	1252	29
550	3	469	29
551	3	469	29
553	3	1722	29
554	3	574	29
555	3	521	29
555	3	2191	12
556	3	1461	29
558	3	417	29
559	3	1408	29
562	3	1617	29
563	3	1408	29
565	3	939	29
565	3	2295	12
567	3	2191	29
568	3	730	29
569	3	1565	29
571	3	521	29
575	3	521	29
577	3	834	29
581	3	1774	29
582	3	1669	29
583	3	834	29
584	3	521	29
585	3	574	29
585	3	1669	12
586	3	521	29
587	3	469	29
587	3	1774	12
588	3	1617	29
589	3	1356	29
590	3	939	29
594	3	1930	29
595	3	574	29
596	3	1408	29
598	3	521	29
599	3	574	29
601	3	1565	29
604	3	1565	29
606	3	1356	29
607	3	521	29
608	3	1356	29
612	3	1722	29
620	3	574	29
621	3	1513	29
622	3	574	29
624	3	1617	29
625	3	1617	29
626	3	1200	29
627	3	1408	29
628	3	1513	29
630	3	1722	29
631	3	1408	29
632	3	574	29
639	3	1043	29
645	3	1356	29
646	3	939	29
648	3	1513	29
649	3	574	29
650	3	1982	29
652	3	574	29
653	3	1356	29
655	3	2139	29
656	3	1722	29
658	3	1304	29
661	3	1252	29
662	3	1304	29
663	3	1565	29
664	3	1095	29
664	3	2139	12
665	3	1617	29
666	3	887	29
667	3	887	29
668	3	1565	29
669	3	1722	29
670	3	1617	29
674	3	1461	29
675	3	1565	29
676	3	574	29
677	3	1304	29
678	3	1982	29
680	3	1722	29
682	3	521	29
684	3	1356	29
685	3	2243	29
691	3	1200	29
692	3	469	29
693	3	1408	29
695	3	574	29
697	3	521	29
699	3	1722	29
700	3	574	29
701	3	1461	29
703	3	469	29
705	3	1982	29
706	3	574	29
707	3	574	29
709	3	1252	29
710	3	1043	29
711	3	1826	29
714	3	887	29
716	3	574	29
717	3	1461	29
718	3	1043	29
721	3	1774	29
722	3	469	29
725	3	1252	29
726	3	1356	29
730	3	1617	29
731	3	730	29
733	3	574	29
734	3	469	29
737	3	1408	29
738	3	521	29
739	3	1774	29
741	3	1722	29
742	3	730	29
742	3	2295	12
743	3	574	29
744	3	1774	29
750	3	2295	29
752	3	1565	29
753	3	1043	29
753	3	2087	12
754	3	574	29
755	3	574	29
756	3	574	29
758	3	574	29
761	3	521	29
762	3	991	29
763	3	2191	29
765	3	469	29
767	3	1774	29
771	3	1617	29
774	3	521	29
776	3	521	29
776	3	2191	12
778	3	2087	29
781	3	574	29
782	3	2295	29
784	3	939	29
788	3	1408	29
789	3	1617	29
793	3	782	29
794	3	521	29
797	3	887	29
798	3	1982	29
801	3	2243	29
802	3	1722	29
803	3	1200	29
804	3	2139	29
807	3	834	29
810	3	834	29
811	3	834	29
812	3	521	29
815	3	521	29
816	3	1565	29
818	3	1878	29
822	3	521	29
823	3	834	29
823	3	2191	12
824	3	1565	29
825	3	1513	29
826	3	1461	29
828	3	1722	29
831	3	469	29
832	3	991	29
834	3	1095	29
835	3	2139	29
838	3	417	29
840	3	417	29
841	3	939	29
842	3	1722	29
843	3	834	29
843	3	2295	12
847	3	1982	29
848	3	521	29
850	3	521	29
853	3	2295	29
854	3	1461	29
855	3	574	29
858	3	1669	29
863	3	469	29
864	3	521	29
865	3	574	29
866	3	574	29
868	3	2243	29
869	3	1617	29
873	3	521	29
875	3	1774	29
876	3	574	29
877	3	574	29
877	3	1461	12
880	3	991	29
882	3	1461	29
884	3	2087	29
885	3	991	29
887	3	521	29
890	3	1982	29
891	3	574	29
892	3	2243	29
895	3	521	29
896	3	887	29
897	3	1200	29
898	3	469	29
899	3	1252	29
901	3	574	29
902	3	1461	29
903	3	574	29
906	3	521	29
908	3	834	29
914	3	1565	29
916	3	574	29
917	3	2243	29
922	3	1826	29
924	3	1095	29
926	3	1408	29
927	3	1565	29
929	3	1565	29
931	3	521	29
932	3	1513	29
933	3	2243	29
934	3	1565	29
935	3	1878	29
938	3	1722	29
940	3	1356	29
941	3	574	29
942	3	469	29
944	3	1617	29
946	3	2139	29
947	3	939	29
948	3	887	29
949	3	469	29
950	3	834	29
953	3	887	29
954	3	521	29
960	3	1408	29
961	3	1722	29
964	3	991	29
966	3	521	29
968	3	2139	29
969	3	1722	29
971	3	1356	29
972	3	521	29
972	3	1774	12
972	3	2191	20
974	3	574	29
976	3	1356	29
978	3	574	29
979	3	2243	29
981	3	1408	29
982	3	521	29
983	3	521	29
984	3	1669	29
985	3	1565	29
988	3	2243	29
989	3	574	29
995	3	574	29
998	3	1095	29
0	4	626	27
0	4	782	29
1	4	626	27
1	4	782	29
2	4	782	27
3	4	1200	27
3	4	2035	29
4	4	782	27
4	4	1148	29
5	4	678	27
5	4	887	29
6	4	678	27
6	4	1617	29
7	4	1043	27
7	4	1617	29
8	4	782	27
8	4	1304	29
10	4	521	29
12	4	1930	27
13	4	1774	27
14	4	469	29
15	4	521	29
16	4	574	29
17	4	574	29
18	4	626	27
18	4	887	29
19	4	1878	27
20	4	521	29
21	4	521	29
22	4	1148	27
23	4	521	29
24	4	469	29
25	4	1565	27
26	4	730	27
27	4	574	29
28	4	887	27
28	4	1356	29
29	4	1148	27
29	4	2295	29
30	4	1200	27
30	4	1774	29
31	4	834	27
32	4	1148	27
32	4	1461	29
33	4	730	27
34	4	834	27
34	4	1565	29
35	4	678	27
35	4	1774	29
36	4	678	27
36	4	1722	29
37	4	991	27
38	4	626	27
39	4	834	27
39	4	2139	29
40	4	574	29
41	4	939	27
41	4	1565	29
42	4	991	27
42	4	1356	29
43	4	678	27
43	4	1304	29
44	4	1722	27
45	4	730	27
45	4	1408	29
46	4	730	27
46	4	939	29
47	4	1252	27
48	4	2243	27
49	4	678	27
49	4	1252	29
50	4	1565	27
51	4	1878	27
52	4	834	27
53	4	626	27
53	4	1148	29
55	4	834	27
56	4	1095	27
57	4	521	29
58	4	782	27
58	4	1148	29
59	4	521	29
60	4	1826	27
61	4	730	27
62	4	782	27
62	4	1304	29
63	4	834	27
63	4	1461	29
64	4	1878	27
65	4	678	27
65	4	1669	29
66	4	1148	27
67	4	887	27
67	4	1356	29
68	4	1617	27
69	4	1095	27
69	4	1513	29
70	4	678	27
71	4	1095	27
73	4	1826	27
74	4	1826	27
75	4	678	27
75	4	1565	29
76	4	1408	27
77	4	1774	27
77	4	2139	29
78	4	1617	27
79	4	1095	27
79	4	2139	29
80	4	730	27
80	4	2191	29
81	4	626	27
81	4	2087	29
82	4	678	27
83	4	1304	27
84	4	834	27
84	4	1930	29
86	4	1461	27
87	4	521	29
88	4	991	27
88	4	1356	29
89	4	1043	27
89	4	1617	29
90	4	1252	27
91	4	834	27
92	4	626	27
92	4	887	29
93	4	1513	27
94	4	1930	27
95	4	1148	27
95	4	2295	29
96	4	939	27
96	4	1461	29
97	4	1461	27
98	4	1878	27
99	4	1200	27
99	4	2295	29
100	4	2087	27
101	4	887	27
102	4	626	27
102	4	2087	29
103	4	1148	27
104	4	626	27
104	4	1461	29
106	4	730	27
106	4	1200	29
107	4	574	29
108	4	574	29
109	4	1408	27
110	4	626	27
110	4	991	29
111	4	834	27
112	4	1043	27
113	4	521	29
114	4	782	27
115	4	1513	27
116	4	1200	27
116	4	2139	29
117	4	1617	27
118	4	1200	27
118	4	1565	29
119	4	1095	27
119	4	1774	29
120	4	1043	27
121	4	1408	27
122	4	626	27
122	4	834	29
123	4	2139	27
124	4	678	27
125	4	626	27
125	4	1252	29
126	4	574	29
127	4	626	27
127	4	887	29
128	4	574	29
129	4	1095	27
130	4	678	27
131	4	626	27
131	4	1408	29
132	4	574	29
133	4	782	27
133	4	1565	29
134	4	1252	27
135	4	521	29
136	4	521	29
137	4	887	27
137	4	1565	29
138	4	574	29
139	4	626	27
139	4	939	29
140	4	1930	27
141	4	521	29
142	4	574	29
143	4	1252	27
143	4	1722	29
145	4	1095	27
145	4	1722	29
146	4	574	29
147	4	887	27
147	4	1461	29
148	4	1461	27
149	4	626	27
149	4	887	29
150	4	678	27
150	4	1513	29
151	4	1043	27
151	4	2295	29
152	4	782	27
152	4	1200	29
153	4	1408	27
153	4	2243	29
154	4	678	27
154	4	1095	29
155	4	574	29
156	4	521	29
158	4	834	27
158	4	1408	29
159	4	574	29
160	4	782	27
160	4	1722	29
161	4	1878	27
162	4	1043	27
162	4	1461	29
163	4	1617	27
164	4	469	29
165	4	678	27
165	4	1148	29
166	4	1826	27
167	4	1617	27
169	4	626	27
169	4	887	29
170	4	574	29
171	4	1461	27
172	4	1043	27
172	4	1565	29
173	4	1304	27
174	4	1148	27
174	4	1565	29
175	4	834	27
175	4	1408	29
176	4	521	29
177	4	1617	27
178	4	1982	27
179	4	574	29
180	4	2191	27
181	4	574	29
182	4	887	27
183	4	574	29
184	4	1617	27
185	4	782	27
185	4	1304	29
187	4	1043	27
187	4	1461	29
188	4	1826	27
189	4	1043	27
189	4	1200	29
190	4	1200	27
190	4	1722	29
191	4	678	27
191	4	887	29
192	4	678	27
192	4	1304	29
193	4	678	27
193	4	1878	29
194	4	730	27
196	4	521	29
197	4	2295	27
198	4	730	27
198	4	1461	29
199	4	521	29
200	4	1148	27
200	4	1722	29
201	4	1826	27
202	4	1095	27
202	4	1408	29
203	4	991	27
203	4	1669	29
204	4	574	29
205	4	1461	27
205	4	2243	29
206	4	521	29
207	4	626	27
207	4	939	29
208	4	574	29
210	4	521	29
211	4	1722	27
212	4	1095	27
212	4	1513	29
213	4	1617	27
215	4	1304	27
216	4	2087	27
217	4	1043	27
217	4	1722	29
218	4	834	27
218	4	1513	29
220	4	1826	27
221	4	678	27
221	4	1617	29
222	4	1826	27
223	4	2035	27
224	4	1200	27
224	4	1565	29
225	4	574	29
226	4	469	29
227	4	887	27
227	4	2139	29
228	4	574	29
229	4	626	27
229	4	1461	29
230	4	574	29
231	4	469	29
232	4	574	29
233	4	1252	27
233	4	1722	29
235	4	1252	27
236	4	1826	27
239	4	1200	27
240	4	574	29
241	4	887	27
241	4	1513	29
242	4	939	27
242	4	1304	29
243	4	574	29
244	4	574	29
245	4	1356	27
248	4	521	29
249	4	626	27
249	4	887	29
250	4	574	29
251	4	782	27
251	4	1878	29
252	4	2087	27
253	4	1356	27
255	4	1095	27
256	4	1095	27
256	4	1565	29
257	4	1252	27
258	4	626	27
258	4	782	29
259	4	521	29
260	4	626	27
260	4	2035	29
262	4	991	27
262	4	1408	29
263	4	2139	27
264	4	678	27
265	4	678	27
266	4	574	29
267	4	626	27
267	4	834	29
268	4	1043	27
268	4	1461	29
269	4	678	27
269	4	1148	29
270	4	991	27
271	4	782	27
271	4	1252	29
272	4	521	29
274	4	1356	27
275	4	1982	27
277	4	1826	27
278	4	1200	27
279	4	1252	27
280	4	887	27
280	4	2243	29
282	4	1774	27
283	4	1095	27
283	4	1722	29
284	4	626	27
284	4	782	29
285	4	1148	27
285	4	1669	29
286	4	521	29
287	4	1304	27
288	4	678	27
289	4	2243	27
291	4	782	27
292	4	1774	27
292	4	2295	29
293	4	521	29
294	4	574	29
295	4	1148	27
295	4	2087	29
296	4	626	27
296	4	1408	29
297	4	2139	27
298	4	1148	27
298	4	1669	29
299	4	574	29
300	4	1774	27
300	4	2295	29
301	4	521	29
302	4	626	27
302	4	1513	29
303	4	469	29
304	4	521	29
306	4	574	29
307	4	1200	27
308	4	887	27
309	4	521	29
310	4	782	27
310	4	1252	29
311	4	1669	27
312	4	1461	27
313	4	730	27
314	4	1408	27
315	4	521	29
316	4	1982	27
317	4	1252	27
317	4	1774	29
318	4	1722	27
319	4	1826	27
320	4	1095	27
320	4	1669	29
321	4	626	27
321	4	887	29
322	4	521	29
323	4	1930	27
324	4	1304	27
325	4	1304	27
326	4	574	29
327	4	1095	27
327	4	1722	29
328	4	730	27
328	4	2139	29
329	4	1565	27
330	4	1043	27
330	4	1408	29
331	4	678	27
331	4	834	29
332	4	626	27
332	4	1304	29
333	4	574	29
334	4	1252	27
335	4	574	29
336	4	626	27
336	4	1565	29
337	4	1565	27
337	4	2139	29
338	4	1982	27
339	4	730	27
340	4	1095	27
340	4	1617	29
341	4	1095	27
341	4	1669	29
342	4	521	29
343	4	574	29
344	4	2243	27
345	4	574	29
346	4	730	27
346	4	1304	29
347	4	678	27
347	4	1461	29
348	4	626	27
348	4	834	29
349	4	678	27
349	4	939	29
350	4	2191	27
351	4	626	27
352	4	782	27
352	4	1356	29
353	4	574	29
354	4	469	29
355	4	626	27
356	4	1148	27
356	4	2243	29
357	4	678	27
357	4	1722	29
358	4	1148	27
358	4	1722	29
360	4	887	27
361	4	730	27
361	4	1722	29
362	4	2087	27
364	4	574	29
366	4	991	27
366	4	1669	29
367	4	521	29
368	4	574	29
369	4	678	27
369	4	1043	29
370	4	1617	27
371	4	782	27
371	4	1722	29
372	4	678	27
374	4	1669	27
375	4	1304	27
375	4	1722	29
376	4	782	27
377	4	1148	27
378	4	1148	27
378	4	1617	29
379	4	730	27
379	4	1461	29
380	4	939	27
381	4	678	27
381	4	1878	29
382	4	678	27
382	4	1826	29
383	4	1408	27
384	4	834	27
384	4	1565	29
385	4	1043	27
386	4	469	29
387	4	782	27
387	4	1148	29
388	4	2035	27
389	4	574	29
390	4	574	29
391	4	626	27
391	4	1565	29
392	4	1826	27
392	4	1982	29
393	4	521	29
394	4	1095	27
394	4	1722	29
395	4	991	27
396	4	626	27
396	4	782	29
397	4	1148	27
397	4	1774	29
398	4	939	27
399	4	521	29
400	4	678	27
400	4	1565	29
401	4	1982	27
402	4	782	27
402	4	1461	29
403	4	1982	27
404	4	1095	27
404	4	2243	29
405	4	1356	27
405	4	2035	29
406	4	574	29
407	4	1200	27
407	4	1617	29
409	4	1617	27
410	4	1774	27
411	4	469	29
412	4	626	27
412	4	782	29
413	4	574	29
414	4	730	27
414	4	1565	29
415	4	678	27
415	4	887	29
416	4	1826	27
417	4	678	27
417	4	1982	29
418	4	782	27
418	4	991	29
419	4	469	29
420	4	991	27
420	4	1774	29
421	4	2035	27
422	4	1826	27
423	4	1095	27
423	4	1356	29
424	4	574	29
425	4	730	27
425	4	1878	29
426	4	1043	27
426	4	1565	29
427	4	1826	27
428	4	574	29
429	4	782	27
429	4	1304	29
430	4	574	29
431	4	574	29
432	4	730	27
432	4	991	29
433	4	730	27
433	4	1565	29
434	4	782	27
434	4	1095	29
435	4	469	29
436	4	626	27
436	4	991	29
437	4	521	29
438	4	939	27
438	4	1304	29
439	4	887	27
440	4	730	27
442	4	1095	27
442	4	1982	29
443	4	939	27
445	4	574	29
446	4	1304	27
447	4	1774	27
448	4	2295	27
449	4	1982	27
450	4	2139	27
451	4	678	27
451	4	1408	29
452	4	834	29
453	4	574	29
454	4	1669	27
455	4	1043	27
455	4	1722	29
456	4	1252	27
457	4	678	27
459	4	1930	27
460	4	626	27
460	4	2035	29
461	4	521	29
462	4	782	27
462	4	1774	29
463	4	834	27
463	4	1148	29
464	4	1095	27
464	4	2139	29
465	4	574	29
466	4	678	27
466	4	834	29
467	4	574	29
468	4	574	29
469	4	521	29
470	4	1982	27
471	4	1252	27
471	4	2295	29
472	4	782	27
473	4	834	27
473	4	1982	29
474	4	574	29
475	4	1252	27
476	4	1565	27
478	4	1043	27
480	4	1722	27
481	4	626	27
481	4	991	29
482	4	782	27
482	4	2191	29
483	4	2087	27
484	4	1930	27
485	4	1148	27
486	4	1148	27
487	4	574	29
488	4	1304	27
489	4	574	29
490	4	1095	27
490	4	1356	29
491	4	730	27
491	4	1878	29
492	4	1148	27
492	4	1513	29
493	4	939	27
494	4	626	27
495	4	1043	27
495	4	1461	29
496	4	469	29
497	4	521	29
498	4	834	27
499	4	730	27
500	4	574	29
501	4	1408	27
502	4	1043	27
502	4	1669	29
503	4	574	29
505	4	1565	27
506	4	1304	27
507	4	1669	27
508	4	782	27
508	4	939	29
510	4	1878	27
512	4	1095	27
512	4	1513	29
513	4	1095	27
514	4	678	27
514	4	2087	29
515	4	574	29
516	4	1461	27
517	4	1252	27
518	4	887	27
518	4	1461	29
519	4	626	27
519	4	1408	29
520	4	574	29
521	4	574	29
522	4	991	27
522	4	1356	29
523	4	730	27
523	4	1617	29
524	4	2295	27
525	4	678	27
525	4	1148	29
526	4	1826	27
527	4	626	27
527	4	782	29
528	4	574	29
529	4	626	27
529	4	887	29
530	4	1200	27
530	4	1669	29
531	4	1095	27
531	4	1565	29
532	4	678	27
533	4	1826	27
534	4	626	27
534	4	730	29
535	4	2295	27
536	4	1513	27
537	4	521	29
538	4	626	27
538	4	834	29
539	4	626	27
539	4	834	29
540	4	678	27
541	4	678	27
541	4	2087	29
542	4	1200	27
543	4	1148	27
543	4	1565	29
544	4	521	29
546	4	1095	27
547	4	678	27
547	4	1252	29
549	4	1304	27
550	4	469	29
551	4	469	29
552	4	1408	27
553	4	730	27
553	4	1722	29
554	4	574	29
555	4	521	29
556	4	991	27
556	4	1461	29
557	4	1878	27
558	4	417	29
559	4	1043	27
559	4	1408	29
560	4	1722	27
561	4	1043	27
562	4	1148	27
562	4	1617	29
563	4	1095	27
563	4	1408	29
564	4	1356	27
565	4	678	27
565	4	939	29
566	4	678	27
567	4	782	27
567	4	2191	29
568	4	626	27
568	4	730	29
569	4	1043	27
569	4	1565	29
570	4	1200	27
571	4	521	29
572	4	1408	27
574	4	1565	27
575	4	521	29
576	4	1148	27
577	4	626	27
577	4	834	29
578	4	1200	27
581	4	1200	27
581	4	1774	29
582	4	730	27
582	4	1669	29
583	4	626	27
583	4	834	29
584	4	521	29
585	4	574	29
586	4	521	29
587	4	469	29
588	4	678	27
588	4	1617	29
589	4	834	27
589	4	1356	29
590	4	678	27
590	4	939	29
591	4	1774	27
593	4	1200	27
594	4	887	27
594	4	1930	29
595	4	574	29
596	4	991	27
596	4	1408	29
597	4	1461	27
598	4	521	29
599	4	574	29
600	4	1826	27
601	4	730	27
601	4	1565	29
602	4	1513	27
603	4	887	27
604	4	1148	27
604	4	1565	29
605	4	1304	27
606	4	626	27
606	4	1356	29
607	4	521	29
608	4	678	27
608	4	1356	29
610	4	2139	27
611	4	991	27
612	4	1095	27
612	4	1722	29
613	4	1461	27
614	4	1148	27
615	4	1095	27
616	4	1148	27
617	4	1982	27
619	4	1148	27
620	4	574	29
621	4	991	27
621	4	1513	29
622	4	574	29
623	4	1200	27
624	4	678	27
624	4	1617	29
625	4	1095	27
625	4	1617	29
626	4	730	27
626	4	1200	29
627	4	678	27
627	4	1408	29
628	4	991	27
628	4	1513	29
629	4	1878	27
630	4	1148	27
630	4	1722	29
631	4	887	27
631	4	1408	29
632	4	574	29
633	4	1200	27
634	4	1148	27
635	4	1461	27
636	4	2139	27
638	4	1930	27
639	4	626	27
639	4	1043	29
640	4	1930	27
641	4	991	27
642	4	1148	27
644	4	834	27
645	4	1095	27
645	4	1356	29
646	4	626	27
646	4	939	29
648	4	1095	27
648	4	1513	29
649	4	574	29
650	4	1617	27
650	4	1982	29
651	4	626	27
652	4	574	29
653	4	730	27
653	4	1356	29
654	4	1148	27
655	4	991	27
655	4	2139	29
656	4	991	27
656	4	1722	29
657	4	782	27
658	4	730	27
658	4	1304	29
659	4	1095	27
660	4	1878	27
661	4	626	27
661	4	1252	29
662	4	1043	27
662	4	1304	29
663	4	1252	27
663	4	1565	29
664	4	626	27
664	4	1095	29
665	4	678	27
665	4	1617	29
666	4	626	27
666	4	887	29
667	4	626	27
667	4	887	29
668	4	1252	27
668	4	1565	29
669	4	1095	27
669	4	1722	29
670	4	1200	27
670	4	1617	29
671	4	1669	27
672	4	1148	27
673	4	1200	27
674	4	782	27
674	4	1461	29
675	4	1148	27
675	4	1565	29
676	4	574	29
677	4	991	27
677	4	1304	29
678	4	626	27
678	4	1982	29
679	4	1200	27
680	4	1095	27
680	4	1722	29
681	4	939	27
682	4	521	29
683	4	1356	27
684	4	1043	27
684	4	1356	29
685	4	678	27
685	4	2243	29
686	4	730	27
687	4	1356	27
688	4	1408	27
689	4	1200	27
690	4	939	27
691	4	626	27
691	4	1200	29
692	4	469	29
693	4	834	27
693	4	1408	29
694	4	834	27
695	4	574	29
696	4	1252	27
697	4	521	29
698	4	1774	27
699	4	991	27
699	4	1722	29
700	4	574	29
701	4	1043	27
701	4	1461	29
702	4	939	27
703	4	469	29
705	4	1148	27
705	4	1982	29
706	4	574	29
707	4	574	29
708	4	1148	27
709	4	678	27
709	4	1252	29
710	4	887	27
710	4	1043	29
711	4	1095	27
711	4	1826	29
712	4	1095	27
714	4	626	27
714	4	887	29
715	4	887	27
716	4	574	29
717	4	1043	27
717	4	1461	29
718	4	678	27
718	4	1043	29
719	4	1408	27
720	4	1878	27
721	4	1043	27
721	4	1774	29
722	4	469	29
723	4	782	27
724	4	1878	27
725	4	782	27
725	4	1252	29
726	4	991	27
726	4	1356	29
727	4	1617	27
728	4	1878	27
729	4	678	27
730	4	1095	27
730	4	1617	29
731	4	678	27
731	4	730	29
732	4	730	27
733	4	574	29
734	4	469	29
735	4	2035	27
736	4	1461	27
737	4	626	27
737	4	1408	29
738	4	521	29
739	4	1095	27
739	4	1774	29
741	4	834	27
741	4	1722	29
742	4	626	27
742	4	730	29
743	4	574	29
744	4	1095	27
744	4	1774	29
745	4	1878	27
746	4	1148	27
747	4	1200	27
748	4	1982	27
749	4	2087	27
750	4	626	27
750	4	2295	29
752	4	1148	27
752	4	1565	29
753	4	678	27
753	4	1043	29
754	4	574	29
755	4	574	29
756	4	574	29
757	4	1669	27
758	4	574	29
759	4	1617	27
760	4	1043	27
761	4	521	29
762	4	626	27
762	4	991	29
763	4	1095	27
763	4	2191	29
764	4	834	27
765	4	469	29
766	4	782	27
767	4	1095	27
767	4	1774	29
768	4	1513	27
769	4	678	27
770	4	1982	27
771	4	1148	27
771	4	1617	29
772	4	1252	27
773	4	1565	27
774	4	521	29
775	4	1774	27
776	4	521	29
777	4	2139	27
778	4	678	27
778	4	2087	29
779	4	1930	27
780	4	1148	27
781	4	574	29
782	4	834	27
782	4	2295	29
783	4	1565	27
784	4	678	27
784	4	939	29
785	4	730	27
786	4	1930	27
787	4	1356	27
788	4	678	27
788	4	1408	29
789	4	1095	27
789	4	1617	29
790	4	991	27
791	4	1513	27
792	4	730	27
793	4	678	27
793	4	782	29
794	4	521	29
795	4	1878	27
796	4	1513	27
797	4	730	27
797	4	887	29
798	4	1200	27
798	4	1982	29
800	4	1356	27
801	4	1356	27
801	4	2243	29
802	4	782	27
802	4	1722	29
803	4	678	27
803	4	1200	29
804	4	1043	27
804	4	2139	29
806	4	1408	27
807	4	626	27
807	4	834	29
808	4	1982	27
809	4	1722	27
810	4	678	27
810	4	834	29
811	4	626	27
811	4	834	29
812	4	521	29
813	4	1304	27
814	4	2295	27
815	4	521	29
816	4	1148	27
816	4	1565	29
817	4	2243	27
818	4	678	27
818	4	1878	29
819	4	1774	27
820	4	730	27
821	4	1148	27
822	4	521	29
823	4	626	27
823	4	834	29
824	4	1095	27
824	4	1565	29
825	4	1043	27
825	4	1513	29
826	4	1095	27
826	4	1461	29
827	4	678	27
828	4	1252	27
828	4	1722	29
829	4	1878	27
830	4	1148	27
831	4	469	29
832	4	730	27
832	4	991	29
833	4	1095	27
834	4	678	27
834	4	1095	29
835	4	887	27
835	4	2139	29
836	4	1982	27
837	4	1513	27
838	4	417	29
839	4	1304	27
840	4	417	29
841	4	626	27
841	4	939	29
842	4	939	27
842	4	1722	29
843	4	626	27
843	4	834	29
844	4	1252	27
845	4	1252	27
846	4	1408	27
847	4	1200	27
847	4	1982	29
848	4	521	29
849	4	2035	27
850	4	521	29
853	4	1304	27
853	4	2295	29
854	4	1148	27
854	4	1461	29
855	4	574	29
856	4	991	27
857	4	1722	27
858	4	887	27
858	4	1669	29
860	4	1408	27
861	4	626	27
862	4	1461	27
863	4	469	29
864	4	521	29
865	4	574	29
866	4	574	29
867	4	730	27
868	4	626	27
868	4	2243	29
869	4	1043	27
869	4	1617	29
870	4	1148	27
871	4	1095	27
873	4	521	29
875	4	626	27
875	4	1774	29
876	4	574	29
877	4	574	29
878	4	1148	27
879	4	678	27
880	4	626	27
880	4	991	29
881	4	2243	27
882	4	1200	27
882	4	1461	29
883	4	1826	27
884	4	626	27
884	4	2087	29
885	4	678	27
885	4	991	29
886	4	1095	27
887	4	521	29
888	4	2139	27
889	4	1408	27
890	4	1200	27
890	4	1982	29
891	4	574	29
892	4	1565	27
892	4	2243	29
893	4	626	27
894	4	834	27
895	4	521	29
896	4	626	27
896	4	887	29
897	4	626	27
897	4	1200	29
898	4	469	29
899	4	626	27
899	4	1252	29
900	4	1200	27
901	4	574	29
902	4	1095	27
902	4	1461	29
903	4	574	29
905	4	1095	27
906	4	521	29
907	4	2243	27
908	4	626	27
908	4	834	29
909	4	1982	27
910	4	1200	27
911	4	1878	27
912	4	782	27
913	4	1356	27
914	4	991	27
914	4	1565	29
915	4	1148	27
916	4	574	29
917	4	782	27
917	4	2243	29
918	4	1200	27
919	4	1565	27
920	4	1617	27
921	4	887	27
922	4	730	27
922	4	1826	29
923	4	1408	27
924	4	834	27
924	4	1095	29
925	4	626	27
926	4	730	27
926	4	1408	29
927	4	887	27
927	4	1565	29
929	4	678	27
929	4	1565	29
931	4	521	29
932	4	1095	27
932	4	1513	29
933	4	1148	27
933	4	2243	29
934	4	991	27
934	4	1565	29
935	4	626	27
935	4	1878	29
936	4	939	27
937	4	1826	27
938	4	1252	27
938	4	1722	29
939	4	1669	27
940	4	730	27
940	4	1356	29
941	4	574	29
942	4	469	29
944	4	834	27
944	4	1617	29
945	4	1565	27
946	4	1252	27
946	4	2139	29
947	4	678	27
947	4	939	29
948	4	626	27
948	4	887	29
949	4	469	29
950	4	626	27
950	4	834	29
953	4	626	27
953	4	887	29
954	4	521	29
956	4	1930	27
957	4	1252	27
958	4	1722	27
960	4	939	27
960	4	1408	29
961	4	834	27
961	4	1722	29
962	4	1982	27
963	4	678	27
964	4	678	27
964	4	991	29
965	4	991	27
966	4	521	29
968	4	834	27
968	4	2139	29
969	4	939	27
969	4	1722	29
971	4	626	27
971	4	1356	29
972	4	521	29
973	4	834	27
974	4	574	29
975	4	1304	27
976	4	678	27
976	4	1356	29
977	4	1982	27
978	4	574	29
979	4	1200	27
979	4	2243	29
980	4	1878	27
981	4	1043	27
981	4	1408	29
982	4	521	29
983	4	521	29
984	4	1148	27
984	4	1669	29
985	4	991	27
985	4	1565	29
986	4	1982	27
987	4	1304	27
988	4	626	27
988	4	2243	29
989	4	574	29
990	4	1826	27
994	4	2035	27
995	4	574	29
996	4	1408	27
997	4	2295	27
998	4	887	27
998	4	1095	29
999	4	1565	27
0	5	626	27
0	5	782	29
1	5	626	27
1	5	782	29
2	5	782	27
3	5	1200	27
3	5	2035	29
4	5	782	27
4	5	1148	29
5	5	678	27
5	5	887	29
6	5	678	27
6	5	1617	29
7	5	1043	27
7	5	1617	29
8	5	782	27
8	5	1304	29
10	5	521	29
12	5	1930	27
13	5	1774	27
14	5	469	29
15	5	521	29
16	5	574	29
17	5	574	29
18	5	626	27
18	5	887	29
19	5	1878	27
20	5	521	29
21	5	521	29
22	5	1148	27
23	5	521	29
24	5	469	29
25	5	1565	27
26	5	730	27
27	5	574	29
28	5	887	27
28	5	1356	29
29	5	1148	27
29	5	2295	29
30	5	1200	27
30	5	1774	29
31	5	834	27
32	5	1148	27
32	5	1461	29
33	5	730	27
34	5	834	27
34	5	1565	29
35	5	678	27
35	5	1774	29
36	5	678	27
36	5	1722	29
37	5	991	27
38	5	626	27
39	5	834	27
39	5	2139	29
40	5	574	29
41	5	939	27
41	5	1565	29
42	5	991	27
42	5	1356	29
43	5	678	27
43	5	1304	29
44	5	1722	27
45	5	730	27
45	5	1408	29
46	5	730	27
46	5	939	29
47	5	1252	27
48	5	2243	27
49	5	678	27
49	5	1252	29
50	5	1565	27
51	5	1878	27
52	5	834	27
53	5	626	27
53	5	1148	29
55	5	834	27
56	5	1095	27
57	5	521	29
58	5	782	27
58	5	1148	29
59	5	521	29
60	5	1826	27
61	5	730	27
62	5	782	27
62	5	1304	29
63	5	834	27
63	5	1461	29
64	5	1878	27
65	5	678	27
65	5	1669	29
66	5	1148	27
67	5	887	27
67	5	1356	29
68	5	1617	27
69	5	1095	27
69	5	1513	29
70	5	678	27
71	5	1095	27
73	5	1826	27
74	5	1826	27
75	5	678	27
75	5	1565	29
76	5	1408	27
77	5	1774	27
77	5	2139	29
78	5	1617	27
79	5	1095	27
79	5	2139	29
80	5	730	27
80	5	2191	29
81	5	626	27
81	5	2087	29
82	5	678	27
83	5	1304	27
84	5	834	27
84	5	1930	29
86	5	1461	27
87	5	521	29
88	5	991	27
88	5	1356	29
89	5	1043	27
89	5	1617	29
90	5	1252	27
91	5	834	27
92	5	626	27
92	5	887	29
93	5	1513	27
94	5	1930	27
95	5	1148	27
95	5	2295	29
96	5	939	27
96	5	1461	29
97	5	1461	27
98	5	1878	27
99	5	1200	27
99	5	2295	29
100	5	2087	27
101	5	887	27
102	5	626	27
102	5	2087	29
103	5	1148	27
104	5	626	27
104	5	1461	29
106	5	730	27
106	5	1200	29
107	5	574	29
108	5	574	29
109	5	1408	27
110	5	626	27
110	5	991	29
111	5	834	27
112	5	1043	27
113	5	521	29
114	5	782	27
115	5	1513	27
116	5	1200	27
116	5	2139	29
117	5	1617	27
118	5	1200	27
118	5	1565	29
119	5	1095	27
119	5	1774	29
120	5	1043	27
121	5	1408	27
122	5	626	27
122	5	834	29
123	5	2139	27
124	5	678	27
125	5	626	27
125	5	1252	29
126	5	574	29
127	5	626	27
127	5	887	29
128	5	574	29
129	5	1095	27
130	5	678	27
131	5	626	27
131	5	1408	29
132	5	574	29
133	5	782	27
133	5	1565	29
134	5	1252	27
135	5	521	29
136	5	521	29
137	5	887	27
137	5	1565	29
138	5	574	29
139	5	626	27
139	5	939	29
140	5	1930	27
141	5	521	29
142	5	574	29
143	5	1252	27
143	5	1722	29
145	5	1095	27
145	5	1722	29
146	5	574	29
147	5	887	27
147	5	1461	29
148	5	1461	27
149	5	626	27
149	5	887	29
150	5	678	27
150	5	1513	29
151	5	1043	27
151	5	2295	29
152	5	782	27
152	5	1200	29
153	5	1408	27
153	5	2243	29
154	5	678	27
154	5	1095	29
155	5	574	29
156	5	521	29
158	5	834	27
158	5	1408	29
159	5	574	29
160	5	782	27
160	5	1722	29
161	5	1878	27
162	5	1043	27
162	5	1461	29
163	5	1617	27
164	5	469	29
165	5	678	27
165	5	1148	29
166	5	1826	27
167	5	1617	27
169	5	626	27
169	5	887	29
170	5	574	29
171	5	1461	27
172	5	1043	27
172	5	1565	29
173	5	1304	27
174	5	1148	27
174	5	1565	29
175	5	834	27
175	5	1408	29
176	5	521	29
177	5	1617	27
178	5	1982	27
179	5	574	29
180	5	2191	27
181	5	574	29
182	5	887	27
183	5	574	29
184	5	1617	27
185	5	782	27
185	5	1304	29
187	5	1043	27
187	5	1461	29
188	5	1826	27
189	5	1043	27
189	5	1200	29
190	5	1200	27
190	5	1722	29
191	5	678	27
191	5	887	29
192	5	678	27
192	5	1304	29
193	5	678	27
193	5	1878	29
194	5	730	27
196	5	521	29
197	5	2295	27
198	5	730	27
198	5	1461	29
199	5	521	29
200	5	1148	27
200	5	1722	29
201	5	1826	27
202	5	1095	27
202	5	1408	29
203	5	991	27
203	5	1669	29
204	5	574	29
205	5	1461	27
205	5	2243	29
206	5	521	29
207	5	626	27
207	5	939	29
208	5	574	29
210	5	521	29
211	5	1722	27
212	5	1095	27
212	5	1513	29
213	5	1617	27
215	5	1304	27
216	5	2087	27
217	5	1043	27
217	5	1722	29
218	5	834	27
218	5	1513	29
220	5	1826	27
221	5	678	27
221	5	1617	29
222	5	1826	27
223	5	2035	27
224	5	1200	27
224	5	1565	29
225	5	574	29
226	5	469	29
227	5	887	27
227	5	2139	29
228	5	574	29
229	5	626	27
229	5	1461	29
230	5	574	29
231	5	469	29
232	5	574	29
233	5	1252	27
233	5	1722	29
235	5	1252	27
236	5	1826	27
239	5	1200	27
240	5	574	29
241	5	887	27
241	5	1513	29
242	5	939	27
242	5	1304	29
243	5	574	29
244	5	574	29
245	5	1356	27
248	5	521	29
249	5	626	27
249	5	887	29
250	5	574	29
251	5	782	27
251	5	1878	29
252	5	2087	27
253	5	1356	27
255	5	1095	27
256	5	1095	27
256	5	1565	29
257	5	1252	27
258	5	626	27
258	5	782	29
259	5	521	29
260	5	626	27
260	5	2035	29
262	5	991	27
262	5	1408	29
263	5	2139	27
264	5	678	27
265	5	678	27
266	5	574	29
267	5	626	27
267	5	834	29
268	5	1043	27
268	5	1461	29
269	5	678	27
269	5	1148	29
270	5	991	27
271	5	782	27
271	5	1252	29
272	5	521	29
274	5	1356	27
275	5	1982	27
277	5	1826	27
278	5	1200	27
279	5	1252	27
280	5	887	27
280	5	2243	29
282	5	1774	27
283	5	1095	27
283	5	1722	29
284	5	626	27
284	5	782	29
285	5	1148	27
285	5	1669	29
286	5	521	29
287	5	1304	27
288	5	678	27
289	5	2243	27
291	5	782	27
292	5	1774	27
292	5	2295	29
293	5	521	29
294	5	574	29
295	5	1148	27
295	5	2087	29
296	5	626	27
296	5	1408	29
297	5	2139	27
298	5	1148	27
298	5	1669	29
299	5	574	29
300	5	1774	27
300	5	2295	29
301	5	521	29
302	5	626	27
302	5	1513	29
303	5	469	29
304	5	521	29
306	5	574	29
307	5	1200	27
308	5	887	27
309	5	521	29
310	5	782	27
310	5	1252	29
311	5	1669	27
312	5	1461	27
313	5	730	27
314	5	1408	27
315	5	521	29
316	5	1982	27
317	5	1252	27
317	5	1774	29
318	5	1722	27
319	5	1826	27
320	5	1095	27
320	5	1669	29
321	5	626	27
321	5	887	29
322	5	521	29
323	5	1930	27
324	5	1304	27
325	5	1304	27
326	5	574	29
327	5	1095	27
327	5	1722	29
328	5	730	27
328	5	2139	29
329	5	1565	27
330	5	1043	27
330	5	1408	29
331	5	678	27
331	5	834	29
332	5	626	27
332	5	1304	29
333	5	574	29
334	5	1252	27
335	5	574	29
336	5	626	27
336	5	1565	29
337	5	1565	27
337	5	2139	29
338	5	1982	27
339	5	730	27
340	5	1095	27
340	5	1617	29
341	5	1095	27
341	5	1669	29
342	5	521	29
343	5	574	29
344	5	2243	27
345	5	574	29
346	5	730	27
346	5	1304	29
347	5	678	27
347	5	1461	29
348	5	626	27
348	5	834	29
349	5	678	27
349	5	939	29
350	5	2191	27
351	5	626	27
352	5	782	27
352	5	1356	29
353	5	574	29
354	5	469	29
355	5	626	27
356	5	1148	27
356	5	2243	29
357	5	678	27
357	5	1722	29
358	5	1148	27
358	5	1722	29
360	5	887	27
361	5	730	27
361	5	1722	29
362	5	2087	27
364	5	574	29
366	5	991	27
366	5	1669	29
367	5	521	29
368	5	574	29
369	5	678	27
369	5	1043	29
370	5	1617	27
371	5	782	27
371	5	1722	29
372	5	678	27
374	5	1669	27
375	5	1304	27
375	5	1722	29
376	5	782	27
377	5	1148	27
378	5	1148	27
378	5	1617	29
379	5	730	27
379	5	1461	29
380	5	939	27
381	5	678	27
381	5	1878	29
382	5	678	27
382	5	1826	29
383	5	1408	27
384	5	834	27
384	5	1565	29
385	5	1043	27
386	5	469	29
387	5	782	27
387	5	1148	29
388	5	2035	27
389	5	574	29
390	5	574	29
391	5	626	27
391	5	1565	29
392	5	1826	27
392	5	1982	29
393	5	521	29
394	5	1095	27
394	5	1722	29
395	5	991	27
396	5	626	27
396	5	782	29
397	5	1148	27
397	5	1774	29
398	5	939	27
399	5	521	29
400	5	678	27
400	5	1565	29
401	5	1982	27
402	5	782	27
402	5	1461	29
403	5	1982	27
404	5	1095	27
404	5	2243	29
405	5	1356	27
405	5	2035	29
406	5	574	29
407	5	1200	27
407	5	1617	29
409	5	1617	27
410	5	1774	27
411	5	469	29
412	5	626	27
412	5	782	29
413	5	574	29
414	5	730	27
414	5	1565	29
415	5	678	27
415	5	887	29
416	5	1826	27
417	5	678	27
417	5	1982	29
418	5	782	27
418	5	991	29
419	5	469	29
420	5	991	27
420	5	1774	29
421	5	2035	27
422	5	1826	27
423	5	1095	27
423	5	1356	29
424	5	574	29
425	5	730	27
425	5	1878	29
426	5	1043	27
426	5	1565	29
427	5	1826	27
428	5	574	29
429	5	782	27
429	5	1304	29
430	5	574	29
431	5	574	29
432	5	730	27
432	5	991	29
433	5	730	27
433	5	1565	29
434	5	782	27
434	5	1095	29
435	5	469	29
436	5	626	27
436	5	991	29
437	5	521	29
438	5	939	27
438	5	1304	29
439	5	887	27
440	5	730	27
442	5	1095	27
442	5	1982	29
443	5	939	27
445	5	574	29
446	5	1304	27
447	5	1774	27
448	5	2295	27
449	5	1982	27
450	5	2139	27
451	5	678	27
451	5	1408	29
452	5	834	29
453	5	574	29
454	5	1669	27
455	5	1043	27
455	5	1722	29
456	5	1252	27
457	5	678	27
459	5	1930	27
460	5	626	27
460	5	2035	29
461	5	521	29
462	5	782	27
462	5	1774	29
463	5	834	27
463	5	1148	29
464	5	1095	27
464	5	2139	29
465	5	574	29
466	5	678	27
466	5	834	29
467	5	574	29
468	5	574	29
469	5	521	29
470	5	1982	27
471	5	1252	27
471	5	2295	29
472	5	782	27
473	5	834	27
473	5	1982	29
474	5	574	29
475	5	1252	27
476	5	1565	27
478	5	1043	27
480	5	1722	27
481	5	626	27
481	5	991	29
482	5	782	27
482	5	2191	29
483	5	2087	27
484	5	1930	27
485	5	1148	27
486	5	1148	27
487	5	574	29
488	5	1304	27
489	5	574	29
490	5	1095	27
490	5	1356	29
491	5	730	27
491	5	1878	29
492	5	1148	27
492	5	1513	29
493	5	939	27
494	5	626	27
495	5	1043	27
495	5	1461	29
496	5	469	29
497	5	521	29
498	5	834	27
499	5	730	27
500	5	574	29
501	5	1408	27
502	5	1043	27
502	5	1669	29
503	5	574	29
505	5	1565	27
506	5	1304	27
507	5	1669	27
508	5	782	27
508	5	939	29
510	5	1878	27
512	5	1095	27
512	5	1513	29
513	5	1095	27
514	5	678	27
514	5	2087	29
515	5	574	29
516	5	1461	27
517	5	1252	27
518	5	887	27
518	5	1461	29
519	5	626	27
519	5	1408	29
520	5	574	29
521	5	574	29
522	5	991	27
522	5	1356	29
523	5	730	27
523	5	1617	29
524	5	2295	27
525	5	678	27
525	5	1148	29
526	5	1826	27
527	5	626	27
527	5	782	29
528	5	574	29
529	5	626	27
529	5	887	29
530	5	1200	27
530	5	1669	29
531	5	1095	27
531	5	1565	29
532	5	678	27
533	5	1826	27
534	5	626	27
534	5	730	29
535	5	2295	27
536	5	1513	27
537	5	521	29
538	5	626	27
538	5	834	29
539	5	626	27
539	5	834	29
540	5	678	27
541	5	678	27
541	5	2087	29
542	5	1200	27
543	5	1148	27
543	5	1565	29
544	5	521	29
546	5	1095	27
547	5	678	27
547	5	1252	29
549	5	1304	27
550	5	469	29
551	5	469	29
552	5	1408	27
553	5	730	27
553	5	1722	29
554	5	574	29
555	5	521	29
556	5	991	27
556	5	1461	29
557	5	1878	27
558	5	417	29
559	5	1043	27
559	5	1408	29
560	5	1722	27
561	5	1043	27
562	5	1148	27
562	5	1617	29
563	5	1095	27
563	5	1408	29
564	5	1356	27
565	5	678	27
565	5	939	29
566	5	678	27
567	5	782	27
567	5	2191	29
568	5	626	27
568	5	730	29
569	5	1043	27
569	5	1565	29
570	5	1200	27
571	5	521	29
572	5	1408	27
574	5	1565	27
575	5	521	29
576	5	1148	27
577	5	626	27
577	5	834	29
578	5	1200	27
581	5	1200	27
581	5	1774	29
582	5	730	27
582	5	1669	29
583	5	626	27
583	5	834	29
584	5	521	29
585	5	574	29
586	5	521	29
587	5	469	29
588	5	678	27
588	5	1617	29
589	5	834	27
589	5	1356	29
590	5	678	27
590	5	939	29
591	5	1774	27
593	5	1200	27
594	5	887	27
594	5	1930	29
595	5	574	29
596	5	991	27
596	5	1408	29
597	5	1461	27
598	5	521	29
599	5	574	29
600	5	1826	27
601	5	730	27
601	5	1565	29
602	5	1513	27
603	5	887	27
604	5	1148	27
604	5	1565	29
605	5	1304	27
606	5	626	27
606	5	1356	29
607	5	521	29
608	5	678	27
608	5	1356	29
610	5	2139	27
611	5	991	27
612	5	1095	27
612	5	1722	29
613	5	1461	27
614	5	1148	27
615	5	1095	27
616	5	1148	27
617	5	1982	27
619	5	1148	27
620	5	574	29
621	5	991	27
621	5	1513	29
622	5	574	29
623	5	1200	27
624	5	678	27
624	5	1617	29
625	5	1095	27
625	5	1617	29
626	5	730	27
626	5	1200	29
627	5	678	27
627	5	1408	29
628	5	991	27
628	5	1513	29
629	5	1878	27
630	5	1148	27
630	5	1722	29
631	5	887	27
631	5	1408	29
632	5	574	29
633	5	1200	27
634	5	1148	27
635	5	1461	27
636	5	2139	27
638	5	1930	27
639	5	626	27
639	5	1043	29
640	5	1930	27
641	5	991	27
642	5	1148	27
644	5	834	27
645	5	1095	27
645	5	1356	29
646	5	626	27
646	5	939	29
648	5	1095	27
648	5	1513	29
649	5	574	29
650	5	1617	27
650	5	1982	29
651	5	626	27
652	5	574	29
653	5	730	27
653	5	1356	29
654	5	1148	27
655	5	991	27
655	5	2139	29
656	5	991	27
656	5	1722	29
657	5	782	27
658	5	730	27
658	5	1304	29
659	5	1095	27
660	5	1878	27
661	5	626	27
661	5	1252	29
662	5	1043	27
662	5	1304	29
663	5	1252	27
663	5	1565	29
664	5	626	27
664	5	1095	29
665	5	678	27
665	5	1617	29
666	5	626	27
666	5	887	29
667	5	626	27
667	5	887	29
668	5	1252	27
668	5	1565	29
669	5	1095	27
669	5	1722	29
670	5	1200	27
670	5	1617	29
671	5	1669	27
672	5	1148	27
673	5	1200	27
674	5	782	27
674	5	1461	29
675	5	1148	27
675	5	1565	29
676	5	574	29
677	5	991	27
677	5	1304	29
678	5	626	27
678	5	1982	29
679	5	1200	27
680	5	1095	27
680	5	1722	29
681	5	939	27
682	5	521	29
683	5	1356	27
684	5	1043	27
684	5	1356	29
685	5	678	27
685	5	2243	29
686	5	730	27
687	5	1356	27
688	5	1408	27
689	5	1200	27
690	5	939	27
691	5	626	27
691	5	1200	29
692	5	469	29
693	5	834	27
693	5	1408	29
694	5	834	27
695	5	574	29
696	5	1252	27
697	5	521	29
698	5	1774	27
699	5	991	27
699	5	1722	29
700	5	574	29
701	5	1043	27
701	5	1461	29
702	5	939	27
703	5	469	29
705	5	1148	27
705	5	1982	29
706	5	574	29
707	5	574	29
708	5	1148	27
709	5	678	27
709	5	1252	29
710	5	887	27
710	5	1043	29
711	5	1095	27
711	5	1826	29
712	5	1095	27
714	5	626	27
714	5	887	29
715	5	887	27
716	5	574	29
717	5	1043	27
717	5	1461	29
718	5	678	27
718	5	1043	29
719	5	1408	27
720	5	1878	27
721	5	1043	27
721	5	1774	29
722	5	469	29
723	5	782	27
724	5	1878	27
725	5	782	27
725	5	1252	29
726	5	991	27
726	5	1356	29
727	5	1617	27
728	5	1878	27
729	5	678	27
730	5	1095	27
730	5	1617	29
731	5	678	27
731	5	730	29
732	5	730	27
733	5	574	29
734	5	469	29
735	5	2035	27
736	5	1461	27
737	5	626	27
737	5	1408	29
738	5	521	29
739	5	1095	27
739	5	1774	29
741	5	834	27
741	5	1722	29
742	5	626	27
742	5	730	29
743	5	574	29
744	5	1095	27
744	5	1774	29
745	5	1878	27
746	5	1148	27
747	5	1200	27
748	5	1982	27
749	5	2087	27
750	5	626	27
750	5	2295	29
752	5	1148	27
752	5	1565	29
753	5	678	27
753	5	1043	29
754	5	574	29
755	5	574	29
756	5	574	29
757	5	1669	27
758	5	574	29
759	5	1617	27
760	5	1043	27
761	5	521	29
762	5	626	27
762	5	991	29
763	5	1095	27
763	5	2191	29
764	5	834	27
765	5	469	29
766	5	782	27
767	5	1095	27
767	5	1774	29
768	5	1513	27
769	5	678	27
770	5	1982	27
771	5	1148	27
771	5	1617	29
772	5	1252	27
773	5	1565	27
774	5	521	29
775	5	1774	27
776	5	521	29
777	5	2139	27
778	5	678	27
778	5	2087	29
779	5	1930	27
780	5	1148	27
781	5	574	29
782	5	834	27
782	5	2295	29
783	5	1565	27
784	5	678	27
784	5	939	29
785	5	730	27
786	5	1930	27
787	5	1356	27
788	5	678	27
788	5	1408	29
789	5	1095	27
789	5	1617	29
790	5	991	27
791	5	1513	27
792	5	730	27
793	5	678	27
793	5	782	29
794	5	521	29
795	5	1878	27
796	5	1513	27
797	5	730	27
797	5	887	29
798	5	1200	27
798	5	1982	29
800	5	1356	27
801	5	1356	27
801	5	2243	29
802	5	782	27
802	5	1722	29
803	5	678	27
803	5	1200	29
804	5	1043	27
804	5	2139	29
806	5	1408	27
807	5	626	27
807	5	834	29
808	5	1982	27
809	5	1722	27
810	5	678	27
810	5	834	29
811	5	626	27
811	5	834	29
812	5	521	29
813	5	1304	27
814	5	2295	27
815	5	521	29
816	5	1148	27
816	5	1565	29
817	5	2243	27
818	5	678	27
818	5	1878	29
819	5	1774	27
820	5	730	27
821	5	1148	27
822	5	521	29
823	5	626	27
823	5	834	29
824	5	1095	27
824	5	1565	29
825	5	1043	27
825	5	1513	29
826	5	1095	27
826	5	1461	29
827	5	678	27
828	5	1252	27
828	5	1722	29
829	5	1878	27
830	5	1148	27
831	5	469	29
832	5	730	27
832	5	991	29
833	5	1095	27
834	5	678	27
834	5	1095	29
835	5	887	27
835	5	2139	29
836	5	1982	27
837	5	1513	27
838	5	417	29
839	5	1304	27
840	5	417	29
841	5	626	27
841	5	939	29
842	5	939	27
842	5	1722	29
843	5	626	27
843	5	834	29
844	5	1252	27
845	5	1252	27
846	5	1408	27
847	5	1200	27
847	5	1982	29
848	5	521	29
849	5	2035	27
850	5	521	29
853	5	1304	27
853	5	2295	29
854	5	1148	27
854	5	1461	29
855	5	574	29
856	5	991	27
857	5	1722	27
858	5	887	27
858	5	1669	29
860	5	1408	27
861	5	626	27
862	5	1461	27
863	5	469	29
864	5	521	29
865	5	574	29
866	5	574	29
867	5	730	27
868	5	626	27
868	5	2243	29
869	5	1043	27
869	5	1617	29
870	5	1148	27
871	5	1095	27
873	5	521	29
875	5	626	27
875	5	1774	29
876	5	574	29
877	5	574	29
878	5	1148	27
879	5	678	27
880	5	626	27
880	5	991	29
881	5	2243	27
882	5	1200	27
882	5	1461	29
883	5	1826	27
884	5	626	27
884	5	2087	29
885	5	678	27
885	5	991	29
886	5	1095	27
887	5	521	29
888	5	2139	27
889	5	1408	27
890	5	1200	27
890	5	1982	29
891	5	574	29
892	5	1565	27
892	5	2243	29
893	5	626	27
894	5	834	27
895	5	521	29
896	5	626	27
896	5	887	29
897	5	626	27
897	5	1200	29
898	5	469	29
899	5	626	27
899	5	1252	29
900	5	1200	27
901	5	574	29
902	5	1095	27
902	5	1461	29
903	5	574	29
905	5	1095	27
906	5	521	29
907	5	2243	27
908	5	626	27
908	5	834	29
909	5	1982	27
910	5	1200	27
911	5	1878	27
912	5	782	27
913	5	1356	27
914	5	991	27
914	5	1565	29
915	5	1148	27
916	5	574	29
917	5	782	27
917	5	2243	29
918	5	1200	27
919	5	1565	27
920	5	1617	27
921	5	887	27
922	5	730	27
922	5	1826	29
923	5	1408	27
924	5	834	27
924	5	1095	29
925	5	626	27
926	5	730	27
926	5	1408	29
927	5	887	27
927	5	1565	29
929	5	678	27
929	5	1565	29
931	5	521	29
932	5	1095	27
932	5	1513	29
933	5	1148	27
933	5	2243	29
934	5	991	27
934	5	1565	29
935	5	626	27
935	5	1878	29
936	5	939	27
937	5	1826	27
938	5	1252	27
938	5	1722	29
939	5	1669	27
940	5	730	27
940	5	1356	29
941	5	574	29
942	5	469	29
944	5	834	27
944	5	1617	29
945	5	1565	27
946	5	1252	27
946	5	2139	29
947	5	678	27
947	5	939	29
948	5	626	27
948	5	887	29
949	5	469	29
950	5	626	27
950	5	834	29
953	5	626	27
953	5	887	29
954	5	521	29
956	5	1930	27
957	5	1252	27
958	5	1722	27
960	5	939	27
960	5	1408	29
961	5	834	27
961	5	1722	29
962	5	1982	27
963	5	678	27
964	5	678	27
964	5	991	29
965	5	991	27
966	5	521	29
968	5	834	27
968	5	2139	29
969	5	939	27
969	5	1722	29
971	5	626	27
971	5	1356	29
972	5	521	29
973	5	834	27
974	5	574	29
975	5	1304	27
976	5	678	27
976	5	1356	29
977	5	1982	27
978	5	574	29
979	5	1200	27
979	5	2243	29
980	5	1878	27
981	5	1043	27
981	5	1408	29
982	5	521	29
983	5	521	29
984	5	1148	27
984	5	1669	29
985	5	991	27
985	5	1565	29
986	5	1982	27
987	5	1304	27
988	5	626	27
988	5	2243	29
989	5	574	29
990	5	1826	27
994	5	2035	27
995	5	574	29
996	5	1408	27
997	5	2295	27
998	5	887	27
998	5	1095	29
999	5	1565	27
