Realization	utility	week	infra.
0	0	834	30
1	0	939	30
3	0	1722	16
3	0	2295	30
4	0	1148	30
5	0	2139	16
6	0	1774	16
7	0	1565	16
7	0	2243	30
8	0	1304	30
10	0	834	30
14	0	887	30
15	0	1774	16
15	0	2295	30
16	0	1095	30
17	0	1722	16
17	0	2295	30
18	0	417	29
20	0	1513	16
20	0	2035	30
21	0	417	29
22	0	2087	16
23	0	1200	30
24	0	730	30
26	0	1669	16
26	0	2243	30
27	0	1304	30
28	0	1408	16
28	0	1982	30
29	0	2191	16
30	0	1826	16
31	0	2035	16
32	0	1722	16
32	0	2243	30
33	0	1982	16
34	0	1513	16
34	0	2139	30
35	0	1252	30
36	0	1513	16
36	0	2035	30
37	0	2295	16
39	0	1617	16
39	0	2243	30
40	0	834	30
41	0	1513	16
41	0	2087	30
42	0	1408	16
42	0	2035	30
43	0	1252	30
45	0	1461	16
45	0	2035	30
46	0	1982	16
49	0	1252	30
53	0	1148	30
57	0	939	30
58	0	1043	30
59	0	1304	30
62	0	1252	30
63	0	1408	16
63	0	2035	30
65	0	1826	16
66	0	1774	16
67	0	1408	16
67	0	2035	30
69	0	1565	16
69	0	2139	30
71	0	1669	16
71	0	2295	30
75	0	1617	16
75	0	2139	30
79	0	1878	16
80	0	1774	16
80	0	2295	30
81	0	2087	16
82	0	2087	16
84	0	2035	16
86	0	2295	16
87	0	417	29
88	0	1408	16
88	0	2035	30
89	0	1669	16
89	0	2243	30
92	0	1252	30
95	0	2243	16
96	0	1774	16
99	0	2035	16
102	0	1200	30
104	0	1304	30
106	0	1252	30
107	0	834	30
108	0	1722	16
110	0	1148	30
111	0	2139	16
113	0	1095	30
114	0	2295	16
116	0	2035	16
117	0	2035	16
118	0	1774	16
119	0	1982	16
122	0	1095	30
124	0	1408	16
124	0	2035	30
125	0	887	30
126	0	991	30
127	0	887	30
128	0	834	30
131	0	1252	30
132	0	2035	16
133	0	1617	16
133	0	2243	30
134	0	1252	30
135	0	1461	16
135	0	2035	30
136	0	834	30
137	0	1669	16
137	0	2139	30
138	0	887	30
139	0	1095	30
141	0	1043	30
142	0	2295	16
143	0	2035	16
145	0	1669	16
145	0	2295	30
146	0	1565	16
146	0	2035	30
147	0	1513	16
147	0	2087	30
149	0	991	30
150	0	1513	16
150	0	2035	30
151	0	1930	16
152	0	991	30
153	0	1148	30
154	0	1148	30
155	0	1148	30
156	0	1148	30
158	0	1304	30
159	0	887	30
160	0	1565	16
160	0	2087	30
162	0	1565	16
162	0	2139	30
164	0	1878	16
165	0	1252	30
167	0	2191	16
169	0	2243	16
170	0	991	30
172	0	1565	16
172	0	2139	30
173	0	2243	16
174	0	1669	16
174	0	2243	30
175	0	1461	16
175	0	2035	30
176	0	2035	16
179	0	1304	30
181	0	939	30
183	0	1252	30
185	0	1252	30
187	0	1617	16
187	0	2139	30
189	0	1408	16
189	0	2035	30
190	0	2243	16
192	0	1304	30
193	0	1722	16
193	0	2295	30
196	0	991	30
198	0	1408	16
198	0	1982	30
199	0	1252	30
200	0	1722	16
200	0	2295	30
202	0	1513	16
202	0	2243	30
203	0	1565	16
203	0	2139	30
204	0	1408	16
204	0	2035	30
205	0	2035	16
206	0	887	30
206	0	2295	16
207	0	1252	30
208	0	1304	30
210	0	1617	16
210	0	2295	30
212	0	1826	16
215	0	1722	16
217	0	1408	16
217	0	2295	30
218	0	1461	16
218	0	2035	30
221	0	1565	16
221	0	2243	30
224	0	1774	16
225	0	834	30
226	0	1200	30
227	0	2035	16
228	0	1148	30
229	0	1513	16
229	0	2087	30
230	0	1982	16
231	0	887	30
232	0	1148	30
233	0	1826	16
236	0	2087	16
240	0	1148	30
241	0	1304	30
242	0	1304	30
243	0	939	30
244	0	417	29
245	0	1930	16
248	0	939	30
249	0	991	30
250	0	991	30
251	0	1617	16
251	0	2295	30
253	0	2087	16
256	0	1408	16
256	0	1722	30
257	0	1774	16
258	0	887	30
259	0	1826	16
260	0	1826	16
262	0	1461	16
262	0	2035	30
264	0	1878	16
266	0	1513	16
266	0	2243	30
267	0	2035	16
268	0	1565	16
268	0	2087	30
269	0	1148	30
271	0	1461	16
271	0	1982	30
272	0	1095	30
277	0	2295	16
280	0	2035	16
283	0	1722	16
283	0	2295	30
284	0	939	30
285	0	1669	16
285	0	2139	30
286	0	1148	30
288	0	1878	16
292	0	2295	16
293	0	887	30
295	0	2087	16
296	0	1252	30
298	0	1722	16
298	0	2295	30
300	0	2295	16
301	0	939	30
302	0	1513	16
302	0	2035	30
303	0	939	30
304	0	1722	16
304	0	2295	30
306	0	939	30
307	0	1826	16
309	0	887	30
310	0	1200	30
312	0	2035	16
315	0	1513	16
315	0	2035	30
322	0	1930	16
324	0	2035	16
326	0	1878	16
327	0	1513	16
327	0	2243	30
330	0	1408	16
330	0	2035	30
331	0	1930	16
332	0	626	29
333	0	939	30
335	0	887	30
336	0	1617	16
336	0	2243	30
337	0	2243	16
339	0	1930	16
340	0	1722	16
341	0	1669	16
341	0	2295	30
342	0	991	30
343	0	887	30
345	0	1252	30
346	0	1148	30
347	0	1669	16
348	0	1252	30
349	0	1043	30
351	0	1774	16
352	0	1513	16
352	0	2035	30
353	0	1669	16
353	0	2243	30
354	0	887	30
356	0	1930	16
357	0	2035	16
358	0	1669	16
358	0	2295	30
360	0	2191	16
361	0	1617	16
361	0	2243	30
364	0	2191	16
366	0	1669	16
366	0	2139	30
367	0	1982	16
368	0	887	30
369	0	1200	30
371	0	1565	16
372	0	1722	16
374	0	2191	16
376	0	2295	16
377	0	1722	16
378	0	2295	16
379	0	1513	16
379	0	2087	30
381	0	2087	16
382	0	1982	16
384	0	1617	16
384	0	2243	30
385	0	1826	16
387	0	1200	30
390	0	887	30
391	0	1304	30
392	0	2191	16
393	0	887	30
394	0	2035	16
396	0	939	30
397	0	1669	16
397	0	2295	30
399	0	1095	30
400	0	1774	16
402	0	1304	30
404	0	1930	16
405	0	2087	16
406	0	1304	30
407	0	1669	16
407	0	2243	30
410	0	2035	16
411	0	417	29
412	0	991	30
413	0	991	30
414	0	1304	30
415	0	1304	30
416	0	2295	16
417	0	1722	16
418	0	1200	30
419	0	834	30
420	0	1722	16
423	0	1565	16
423	0	2139	30
424	0	1095	30
425	0	1982	16
426	0	1617	16
426	0	2139	30
429	0	1461	16
429	0	2035	30
430	0	1617	16
430	0	2243	30
431	0	887	30
432	0	1148	30
433	0	1617	16
433	0	2243	30
434	0	1095	30
435	0	1095	30
436	0	1043	30
437	0	1878	16
438	0	1148	30
440	0	2139	16
442	0	1774	16
445	0	1304	30
446	0	2035	16
451	0	1513	16
451	0	2035	30
452	0	2139	16
453	0	939	30
455	0	1774	16
455	0	2295	30
456	0	1826	16
460	0	1982	16
461	0	1252	30
462	0	1878	16
463	0	1148	30
464	0	1408	16
464	0	2243	30
465	0	1878	16
466	0	1200	30
467	0	1878	16
468	0	1826	16
469	0	939	30
471	0	1774	16
472	0	1617	16
472	0	2295	30
473	0	887	30
474	0	1095	30
475	0	2191	16
481	0	1200	30
482	0	1095	30
485	0	2295	16
486	0	1878	16
487	0	1878	16
489	0	939	30
490	0	1461	16
490	0	2035	30
491	0	1826	16
492	0	1617	16
492	0	2243	30
495	0	1513	16
495	0	2035	30
496	0	1513	16
496	0	2035	30
498	0	2087	16
499	0	2243	16
500	0	1043	30
501	0	2087	16
502	0	1617	16
503	0	939	30
505	0	2243	16
508	0	1095	30
512	0	1513	16
512	0	2087	30
513	0	1617	16
513	0	2295	30
514	0	1617	16
514	0	2243	30
515	0	939	30
516	0	2087	16
517	0	1722	16
518	0	1669	16
518	0	2295	30
519	0	1200	30
520	0	1774	16
521	0	1095	30
522	0	1304	30
523	0	1513	16
523	0	2035	30
525	0	1148	30
527	0	939	30
528	0	939	30
529	0	939	30
530	0	1722	16
531	0	1669	16
531	0	2139	30
532	0	1774	16
534	0	991	30
536	0	1878	16
537	0	1461	16
537	0	2035	30
538	0	991	30
539	0	939	30
541	0	1930	16
543	0	1669	16
543	0	2243	30
544	0	1200	30
546	0	1722	16
547	0	1252	30
549	0	1774	16
550	0	939	30
551	0	1043	30
553	0	1774	16
554	0	887	30
555	0	991	30
556	0	1461	16
556	0	2035	30
558	0	417	29
559	0	1565	16
559	0	2243	30
562	0	1617	16
562	0	2243	30
563	0	1304	30
564	0	2191	16
565	0	1095	30
566	0	1826	16
568	0	1148	30
569	0	1617	16
569	0	2295	30
570	0	1774	16
571	0	939	30
575	0	939	30
576	0	1826	16
577	0	1095	30
578	0	2139	16
581	0	1669	16
581	0	2243	30
582	0	1878	16
583	0	887	30
584	0	1930	16
585	0	782	30
586	0	1408	16
586	0	1982	30
587	0	887	30
588	0	1617	16
588	0	2139	30
589	0	1408	16
589	0	1982	30
590	0	1461	16
590	0	1982	30
594	0	2035	16
595	0	1095	30
596	0	1513	16
596	0	2035	30
598	0	834	30
599	0	991	30
604	0	1722	16
604	0	2295	30
605	0	1669	16
606	0	1461	16
606	0	2035	30
607	0	1200	30
608	0	1304	30
611	0	1774	16
612	0	1722	16
612	0	2295	30
614	0	1461	16
616	0	1565	16
620	0	1878	16
621	0	1513	16
621	0	2087	30
625	0	1513	16
625	0	2243	30
626	0	1304	30
627	0	1408	16
627	0	2035	30
628	0	1565	16
628	0	2243	30
629	0	2191	16
630	0	1826	16
631	0	1304	30
632	0	887	30
634	0	1669	16
639	0	1148	30
645	0	1565	16
645	0	2035	30
646	0	1148	30
648	0	1669	16
648	0	2295	30
649	0	1304	30
650	0	2191	16
652	0	1513	16
652	0	2139	30
653	0	1565	16
653	0	2139	30
655	0	1617	16
655	0	2295	30
656	0	1617	16
656	0	2139	30
658	0	1148	30
659	0	1722	16
659	0	2295	30
661	0	1200	30
662	0	1513	16
662	0	2087	30
664	0	991	30
665	0	834	30
666	0	939	30
668	0	1826	16
669	0	1774	16
669	0	2295	30
670	0	1774	16
672	0	2191	16
673	0	2035	16
674	0	1513	16
674	0	2087	30
675	0	1513	16
675	0	2139	30
676	0	1148	30
677	0	1461	16
677	0	2035	30
678	0	1774	16
678	0	2295	30
680	0	1565	16
680	0	2087	30
682	0	1774	16
684	0	1565	16
684	0	2087	30
685	0	2243	16
688	0	2035	16
689	0	2243	16
691	0	1252	30
692	0	1200	30
693	0	1461	16
693	0	2035	30
694	0	1565	16
694	0	2087	30
695	0	939	30
697	0	1304	30
698	0	2295	16
699	0	1669	16
699	0	2243	30
701	0	1565	16
701	0	2087	30
703	0	1200	30
705	0	1930	16
706	0	1826	16
707	0	1878	16
708	0	1513	16
708	0	2243	30
709	0	1252	30
710	0	1200	30
711	0	1826	16
711	0	2295	30
712	0	1513	16
714	0	1304	30
715	0	1930	16
716	0	887	30
717	0	1513	16
717	0	2087	30
718	0	1200	30
721	0	1565	16
721	0	2139	30
722	0	887	30
725	0	1200	30
726	0	1408	16
726	0	1982	30
729	0	2139	16
730	0	1617	16
731	0	1878	16
732	0	2243	16
733	0	1200	30
734	0	939	30
737	0	1461	16
737	0	1930	30
738	0	1200	30
739	0	1669	16
739	0	2295	30
741	0	2295	16
742	0	939	30
743	0	1617	16
743	0	2295	30
744	0	1722	16
744	0	2295	30
752	0	1565	16
752	0	2139	30
753	0	1148	30
754	0	1304	30
755	0	1617	16
756	0	1095	30
758	0	939	30
761	0	1982	16
762	0	1669	16
762	0	2243	30
763	0	1826	16
765	0	1826	16
767	0	1878	16
771	0	1774	16
774	0	1095	30
776	0	939	30
778	0	1878	16
781	0	1461	16
781	0	2035	30
782	0	2243	16
784	0	1878	16
785	0	2295	16
787	0	2139	16
788	0	1669	16
788	0	2295	30
789	0	1513	16
789	0	2243	30
790	0	1878	16
793	0	939	30
794	0	1982	16
797	0	2139	16
798	0	1461	16
801	0	2087	16
802	0	1513	16
802	0	2139	30
803	0	1461	16
803	0	2035	30
804	0	1878	16
807	0	887	30
810	0	887	30
811	0	939	30
812	0	1200	30
815	0	417	29
816	0	1617	16
818	0	1565	16
818	0	2295	30
819	0	2295	16
821	0	1878	16
822	0	939	30
823	0	939	30
824	0	1565	16
824	0	2139	30
825	0	1617	16
825	0	2139	30
826	0	1565	16
826	0	2243	30
828	0	1930	16
831	0	1200	30
832	0	1095	30
834	0	1252	30
835	0	2139	16
837	0	2087	16
838	0	417	29
839	0	1982	16
840	0	417	29
842	0	1669	16
842	0	2243	30
843	0	991	30
847	0	1722	16
848	0	887	30
850	0	1043	30
853	0	2191	16
854	0	1565	16
854	0	2139	30
858	0	1461	16
858	0	2087	30
863	0	1148	30
864	0	1043	30
865	0	1669	16
865	0	2295	30
866	0	939	30
867	0	1669	16
868	0	1722	16
868	0	2295	30
869	0	1513	16
869	0	2087	30
870	0	1878	16
871	0	1774	16
873	0	991	30
875	0	1617	16
875	0	2139	30
877	0	939	30
878	0	1982	16
879	0	2087	16
880	0	991	30
882	0	1774	16
884	0	2035	16
885	0	1043	30
886	0	2295	16
887	0	1774	16
890	0	1826	16
891	0	1930	16
892	0	2243	16
894	0	2243	16
895	0	1930	16
897	0	1200	30
898	0	1148	30
899	0	1095	30
900	0	1982	16
901	0	939	30
902	0	1461	16
902	0	2035	30
903	0	1148	30
905	0	2295	16
908	0	939	30
910	0	1774	16
912	0	939	30
913	0	1930	16
914	0	1408	16
914	0	2035	30
916	0	1200	30
917	0	1982	16
918	0	1774	16
922	0	1930	16
924	0	1148	30
926	0	1304	30
927	0	1565	16
927	0	2243	30
929	0	1304	30
931	0	1095	30
932	0	1878	16
933	0	1774	16
935	0	1774	16
935	0	2295	30
936	0	2139	16
937	0	2295	16
938	0	1878	16
940	0	1148	30
941	0	1095	30
942	0	1043	30
944	0	1826	16
946	0	1252	30
947	0	887	30
948	0	1148	30
949	0	417	29
950	0	939	30
953	0	1252	30
954	0	939	30
960	0	1513	16
960	0	2139	30
961	0	1513	16
961	0	2139	30
963	0	2035	16
964	0	1095	30
965	0	1774	16
966	0	1617	16
966	0	2295	30
968	0	1930	16
969	0	1513	16
969	0	2087	30
971	0	1304	30
972	0	939	30
973	0	887	30
976	0	1461	16
976	0	1982	30
978	0	1200	30
979	0	1826	16
981	0	1461	16
981	0	2035	30
983	0	2087	16
984	0	1617	16
984	0	2295	30
985	0	1669	16
985	0	2243	30
988	0	2035	16
989	0	1252	30
995	0	887	30
998	0	1252	30
0	1	834	30
1	1	939	30
3	1	2295	30
4	1	1148	30
7	1	2243	30
8	1	1304	30
10	1	834	30
14	1	887	30
15	1	2295	30
16	1	1095	30
17	1	2295	30
18	1	417	29
20	1	2035	30
21	1	417	29
23	1	1200	30
24	1	730	30
26	1	2243	30
27	1	1304	30
28	1	1982	30
32	1	2243	30
34	1	2139	30
35	1	1252	30
36	1	2035	30
39	1	2243	30
40	1	834	30
41	1	2087	30
42	1	2035	30
43	1	1252	30
45	1	2035	30
49	1	1252	30
53	1	1148	30
57	1	939	30
58	1	1043	30
59	1	1304	30
62	1	1252	30
63	1	2035	30
67	1	2035	30
69	1	2139	30
71	1	2295	30
75	1	2139	30
80	1	2295	30
87	1	417	29
88	1	2035	30
89	1	2243	30
92	1	1252	30
102	1	1200	30
104	1	1304	30
106	1	1252	30
107	1	834	30
110	1	1148	30
113	1	1095	30
122	1	1095	30
124	1	2035	30
125	1	887	30
126	1	991	30
127	1	887	30
128	1	834	30
131	1	1252	30
133	1	2243	30
134	1	1252	30
135	1	2035	30
136	1	834	30
137	1	2139	30
138	1	887	30
139	1	1095	30
141	1	1043	30
145	1	2295	30
146	1	2035	30
147	1	2087	30
149	1	991	30
150	1	2035	30
152	1	991	30
153	1	1148	30
154	1	1148	30
155	1	1148	30
156	1	1148	30
158	1	1304	30
159	1	887	30
160	1	2087	30
162	1	2139	30
165	1	1252	30
170	1	991	30
172	1	2139	30
174	1	2243	30
175	1	2035	30
179	1	1304	30
181	1	939	30
183	1	1252	30
185	1	1252	30
187	1	2139	30
189	1	2035	30
192	1	1304	30
193	1	2295	30
196	1	991	30
198	1	1982	30
199	1	1252	30
200	1	2295	30
202	1	2243	30
203	1	2139	30
204	1	2035	30
206	1	887	30
207	1	1252	30
208	1	1304	30
210	1	2295	30
217	1	2295	30
218	1	2035	30
221	1	2243	30
225	1	834	30
226	1	1200	30
228	1	1148	30
229	1	2087	30
231	1	887	30
232	1	1148	30
240	1	1148	30
241	1	1304	30
242	1	1304	30
243	1	939	30
244	1	417	29
248	1	939	30
249	1	991	30
250	1	991	30
251	1	2295	30
256	1	1722	30
258	1	887	30
262	1	2035	30
266	1	2243	30
268	1	2087	30
269	1	1148	30
271	1	1982	30
272	1	1095	30
283	1	2295	30
284	1	939	30
285	1	2139	30
286	1	1148	30
293	1	887	30
296	1	1252	30
298	1	2295	30
301	1	939	30
302	1	2035	30
303	1	939	30
304	1	2295	30
306	1	939	30
309	1	887	30
310	1	1200	30
315	1	2035	30
327	1	2243	30
330	1	2035	30
332	1	626	29
333	1	939	30
335	1	887	30
336	1	2243	30
341	1	2295	30
342	1	991	30
343	1	887	30
345	1	1252	30
346	1	1148	30
348	1	1252	30
349	1	1043	30
352	1	2035	30
353	1	2243	30
354	1	887	30
358	1	2295	30
361	1	2243	30
366	1	2139	30
368	1	887	30
369	1	1200	30
379	1	2087	30
384	1	2243	30
387	1	1200	30
390	1	887	30
391	1	1304	30
393	1	887	30
396	1	939	30
397	1	2295	30
399	1	1095	30
402	1	1304	30
406	1	1304	30
407	1	2243	30
411	1	417	29
412	1	991	30
413	1	991	30
414	1	1304	30
415	1	1304	30
418	1	1200	30
419	1	834	30
423	1	2139	30
424	1	1095	30
426	1	2139	30
429	1	2035	30
430	1	2243	30
431	1	887	30
432	1	1148	30
433	1	2243	30
434	1	1095	30
435	1	1095	30
436	1	1043	30
438	1	1148	30
445	1	1304	30
451	1	2035	30
453	1	939	30
455	1	2295	30
461	1	1252	30
463	1	1148	30
464	1	2243	30
466	1	1200	30
469	1	939	30
472	1	2295	30
473	1	887	30
474	1	1095	30
481	1	1200	30
482	1	1095	30
489	1	939	30
490	1	2035	30
492	1	2243	30
495	1	2035	30
496	1	2035	30
500	1	1043	30
503	1	939	30
508	1	1095	30
512	1	2087	30
513	1	2295	30
514	1	2243	30
515	1	939	30
518	1	2295	30
519	1	1200	30
521	1	1095	30
522	1	1304	30
523	1	2035	30
525	1	1148	30
527	1	939	30
528	1	939	30
529	1	939	30
531	1	2139	30
534	1	991	30
537	1	2035	30
538	1	991	30
539	1	939	30
543	1	2243	30
544	1	1200	30
547	1	1252	30
550	1	939	30
551	1	1043	30
554	1	887	30
555	1	991	30
556	1	2035	30
558	1	417	29
559	1	2243	30
562	1	2243	30
563	1	1304	30
565	1	1095	30
568	1	1148	30
569	1	2295	30
571	1	939	30
575	1	939	30
577	1	1095	30
581	1	2243	30
583	1	887	30
585	1	782	30
586	1	1982	30
587	1	887	30
588	1	2139	30
589	1	1982	30
590	1	1982	30
595	1	1095	30
596	1	2035	30
598	1	834	30
599	1	991	30
604	1	2295	30
606	1	2035	30
607	1	1200	30
608	1	1304	30
612	1	2295	30
621	1	2087	30
625	1	2243	30
626	1	1304	30
627	1	2035	30
628	1	2243	30
631	1	1304	30
632	1	887	30
639	1	1148	30
645	1	2035	30
646	1	1148	30
648	1	2295	30
649	1	1304	30
652	1	2139	30
653	1	2139	30
655	1	2295	30
656	1	2139	30
658	1	1148	30
659	1	2295	30
661	1	1200	30
662	1	2087	30
664	1	991	30
665	1	834	30
666	1	939	30
669	1	2295	30
674	1	2087	30
675	1	2139	30
676	1	1148	30
677	1	2035	30
678	1	2295	30
680	1	2087	30
684	1	2087	30
691	1	1252	30
692	1	1200	30
693	1	2035	30
694	1	2087	30
695	1	939	30
697	1	1304	30
699	1	2243	30
701	1	2087	30
703	1	1200	30
708	1	2243	30
709	1	1252	30
710	1	1200	30
711	1	2295	30
714	1	1304	30
716	1	887	30
717	1	2087	30
718	1	1200	30
721	1	2139	30
722	1	887	30
725	1	1200	30
726	1	1982	30
733	1	1200	30
734	1	939	30
737	1	1930	30
738	1	1200	30
739	1	2295	30
742	1	939	30
743	1	2295	30
744	1	2295	30
752	1	2139	30
753	1	1148	30
754	1	1304	30
756	1	1095	30
758	1	939	30
762	1	2243	30
774	1	1095	30
776	1	939	30
781	1	2035	30
788	1	2295	30
789	1	2243	30
793	1	939	30
802	1	2139	30
803	1	2035	30
807	1	887	30
810	1	887	30
811	1	939	30
812	1	1200	30
815	1	417	29
818	1	2295	30
822	1	939	30
823	1	939	30
824	1	2139	30
825	1	2139	30
826	1	2243	30
831	1	1200	30
832	1	1095	30
834	1	1252	30
838	1	417	29
840	1	417	29
842	1	2243	30
843	1	991	30
848	1	887	30
850	1	1043	30
854	1	2139	30
858	1	2087	30
863	1	1148	30
864	1	1043	30
865	1	2295	30
866	1	939	30
868	1	2295	30
869	1	2087	30
873	1	991	30
875	1	2139	30
877	1	939	30
880	1	991	30
885	1	1043	30
897	1	1200	30
898	1	1148	30
899	1	1095	30
901	1	939	30
902	1	2035	30
903	1	1148	30
908	1	939	30
912	1	939	30
914	1	2035	30
916	1	1200	30
924	1	1148	30
926	1	1304	30
927	1	2243	30
929	1	1304	30
931	1	1095	30
935	1	2295	30
940	1	1148	30
941	1	1095	30
942	1	1043	30
946	1	1252	30
947	1	887	30
948	1	1148	30
949	1	417	29
950	1	939	30
953	1	1252	30
954	1	939	30
960	1	2139	30
961	1	2139	30
964	1	1095	30
966	1	2295	30
969	1	2087	30
971	1	1304	30
972	1	939	30
973	1	887	30
976	1	1982	30
978	1	1200	30
981	1	2035	30
984	1	2295	30
985	1	2243	30
989	1	1252	30
995	1	887	30
998	1	1252	30
0	2	261	26
1	2	261	26
2	2	261	26
3	2	261	26
4	2	261	26
5	2	261	26
6	2	261	26
7	2	261	26
8	2	261	26
9	2	261	26
10	2	261	26
11	2	261	26
12	2	261	26
13	2	261	26
14	2	261	26
15	2	261	26
16	2	261	26
17	2	261	26
18	2	261	26
19	2	261	26
20	2	261	26
21	2	261	26
22	2	261	26
23	2	261	26
24	2	261	26
25	2	261	26
26	2	261	26
27	2	261	26
28	2	261	26
29	2	261	26
30	2	261	26
31	2	261	26
32	2	261	26
33	2	261	26
34	2	261	26
35	2	261	26
36	2	261	26
37	2	261	26
38	2	261	26
39	2	261	26
40	2	261	26
41	2	261	26
42	2	261	26
43	2	261	26
44	2	261	26
45	2	261	26
46	2	261	26
47	2	261	26
48	2	261	26
49	2	261	26
50	2	261	26
51	2	261	26
52	2	261	26
53	2	261	26
54	2	261	26
55	2	261	26
56	2	261	26
57	2	261	26
58	2	261	26
59	2	261	26
60	2	261	26
61	2	261	26
62	2	261	26
63	2	261	26
64	2	261	26
65	2	261	26
66	2	261	26
67	2	261	26
68	2	261	26
69	2	261	26
70	2	261	26
71	2	261	26
72	2	261	26
73	2	261	26
74	2	261	26
75	2	261	26
76	2	261	26
77	2	261	26
78	2	261	26
79	2	261	26
80	2	261	26
81	2	261	26
82	2	261	26
83	2	261	26
84	2	261	26
85	2	261	26
86	2	261	26
87	2	261	26
88	2	261	26
89	2	261	26
90	2	261	26
91	2	261	26
92	2	261	26
93	2	261	26
94	2	261	26
95	2	261	26
96	2	261	26
97	2	261	26
98	2	261	26
99	2	261	26
100	2	261	26
101	2	261	26
102	2	261	26
103	2	261	26
104	2	261	26
105	2	261	26
106	2	261	26
107	2	261	26
108	2	261	26
109	2	261	26
110	2	261	26
111	2	261	26
112	2	261	26
113	2	261	26
114	2	261	26
115	2	261	26
116	2	261	26
117	2	261	26
118	2	261	26
119	2	261	26
120	2	261	26
121	2	261	26
122	2	261	26
123	2	261	26
124	2	261	26
125	2	261	26
126	2	261	26
127	2	261	26
128	2	261	26
129	2	261	26
130	2	261	26
131	2	261	26
132	2	261	26
133	2	261	26
134	2	261	26
135	2	261	26
136	2	261	26
137	2	261	26
138	2	261	26
139	2	261	26
140	2	261	26
141	2	261	26
142	2	261	26
143	2	261	26
144	2	261	26
145	2	261	26
146	2	261	26
147	2	261	26
148	2	261	26
149	2	261	26
150	2	261	26
151	2	261	26
152	2	261	26
153	2	261	26
154	2	261	26
155	2	261	26
156	2	261	26
157	2	261	26
158	2	261	26
159	2	261	26
160	2	261	26
161	2	261	26
162	2	261	26
163	2	261	26
164	2	261	26
165	2	261	26
166	2	261	26
167	2	261	26
168	2	261	26
169	2	261	26
170	2	261	26
171	2	261	26
172	2	261	26
173	2	261	26
174	2	261	26
175	2	261	26
176	2	261	26
177	2	261	26
178	2	261	26
179	2	261	26
180	2	261	26
181	2	261	26
182	2	261	26
183	2	261	26
184	2	261	26
185	2	261	26
186	2	261	26
187	2	261	26
188	2	261	26
189	2	261	26
190	2	261	26
191	2	261	26
192	2	261	26
193	2	261	26
194	2	261	26
195	2	261	26
196	2	261	26
197	2	261	26
198	2	261	26
199	2	261	26
200	2	261	26
201	2	261	26
202	2	261	26
203	2	261	26
204	2	261	26
205	2	261	26
206	2	261	26
207	2	261	26
208	2	261	26
209	2	261	26
210	2	261	26
211	2	261	26
212	2	261	26
213	2	261	26
214	2	261	26
215	2	261	26
216	2	261	26
217	2	261	26
218	2	261	26
219	2	261	26
220	2	261	26
221	2	261	26
222	2	261	26
223	2	261	26
224	2	261	26
225	2	261	26
226	2	261	26
227	2	261	26
228	2	261	26
229	2	261	26
230	2	261	26
231	2	261	26
232	2	261	26
233	2	261	26
234	2	261	26
235	2	261	26
236	2	261	26
237	2	261	26
238	2	261	26
239	2	261	26
240	2	261	26
241	2	261	26
242	2	261	26
243	2	261	26
244	2	261	26
245	2	261	26
246	2	261	26
247	2	261	26
248	2	261	26
249	2	261	26
250	2	261	26
251	2	261	26
252	2	261	26
253	2	261	26
254	2	261	26
255	2	261	26
256	2	261	26
257	2	261	26
258	2	261	26
259	2	261	26
260	2	261	26
261	2	261	26
262	2	261	26
263	2	261	26
264	2	261	26
265	2	261	26
266	2	261	26
267	2	261	26
268	2	261	26
269	2	261	26
270	2	261	26
271	2	261	26
272	2	261	26
273	2	261	26
274	2	261	26
275	2	261	26
276	2	261	26
277	2	261	26
278	2	261	26
279	2	261	26
280	2	261	26
281	2	261	26
282	2	261	26
283	2	261	26
284	2	261	26
285	2	261	26
286	2	261	26
287	2	261	26
288	2	261	26
289	2	261	26
290	2	261	26
291	2	261	26
292	2	261	26
293	2	261	26
294	2	261	26
295	2	261	26
296	2	261	26
297	2	261	26
298	2	261	26
299	2	261	26
300	2	261	26
301	2	261	26
302	2	261	26
303	2	261	26
304	2	261	26
305	2	261	26
306	2	261	26
307	2	261	26
308	2	261	26
309	2	261	26
310	2	261	26
311	2	261	26
312	2	261	26
313	2	261	26
314	2	261	26
315	2	261	26
316	2	261	26
317	2	261	26
318	2	261	26
319	2	261	26
320	2	261	26
321	2	261	26
322	2	261	26
323	2	261	26
324	2	261	26
325	2	261	26
326	2	261	26
327	2	261	26
328	2	261	26
329	2	261	26
330	2	261	26
331	2	261	26
332	2	261	26
333	2	261	26
334	2	261	26
335	2	261	26
336	2	261	26
337	2	261	26
338	2	261	26
339	2	261	26
340	2	261	26
341	2	261	26
342	2	261	26
343	2	261	26
344	2	261	26
345	2	261	26
346	2	261	26
347	2	261	26
348	2	261	26
349	2	261	26
350	2	261	26
351	2	261	26
352	2	261	26
353	2	261	26
354	2	261	26
355	2	261	26
356	2	261	26
357	2	261	26
358	2	261	26
359	2	261	26
360	2	261	26
361	2	261	26
362	2	261	26
363	2	261	26
364	2	261	26
365	2	261	26
366	2	261	26
367	2	261	26
368	2	261	26
369	2	261	26
370	2	261	26
371	2	261	26
372	2	261	26
373	2	261	26
374	2	261	26
375	2	261	26
376	2	261	26
377	2	261	26
378	2	261	26
379	2	261	26
380	2	261	26
381	2	261	26
382	2	261	26
383	2	261	26
384	2	261	26
385	2	261	26
386	2	261	26
387	2	261	26
388	2	261	26
389	2	261	26
390	2	261	26
391	2	261	26
392	2	261	26
393	2	261	26
394	2	261	26
395	2	261	26
396	2	261	26
397	2	261	26
398	2	261	26
399	2	261	26
400	2	261	26
401	2	261	26
402	2	261	26
403	2	261	26
404	2	261	26
405	2	261	26
406	2	261	26
407	2	261	26
408	2	261	26
409	2	261	26
410	2	261	26
411	2	261	26
412	2	261	26
413	2	261	26
414	2	261	26
415	2	261	26
416	2	261	26
417	2	261	26
418	2	261	26
419	2	261	26
420	2	261	26
421	2	261	26
422	2	261	26
423	2	261	26
424	2	261	26
425	2	261	26
426	2	261	26
427	2	261	26
428	2	261	26
429	2	261	26
430	2	261	26
431	2	261	26
432	2	261	26
433	2	261	26
434	2	261	26
435	2	261	26
436	2	261	26
437	2	261	26
438	2	261	26
439	2	261	26
440	2	261	26
441	2	261	26
442	2	261	26
443	2	261	26
444	2	261	26
445	2	261	26
446	2	261	26
447	2	261	26
448	2	261	26
449	2	261	26
450	2	261	26
451	2	261	26
452	2	261	26
453	2	261	26
454	2	261	26
455	2	261	26
456	2	261	26
457	2	261	26
458	2	261	26
459	2	261	26
460	2	261	26
461	2	261	26
462	2	261	26
463	2	261	26
464	2	261	26
465	2	261	26
466	2	261	26
467	2	261	26
468	2	261	26
469	2	261	26
470	2	261	26
471	2	261	26
472	2	261	26
473	2	261	26
474	2	261	26
475	2	261	26
476	2	261	26
477	2	261	26
478	2	261	26
479	2	261	26
480	2	261	26
481	2	261	26
482	2	261	26
483	2	261	26
484	2	261	26
485	2	261	26
486	2	261	26
487	2	261	26
488	2	261	26
489	2	261	26
490	2	261	26
491	2	261	26
492	2	261	26
493	2	261	26
494	2	261	26
495	2	261	26
496	2	261	26
497	2	261	26
498	2	261	26
499	2	261	26
500	2	261	26
501	2	261	26
502	2	261	26
503	2	261	26
504	2	261	26
505	2	261	26
506	2	261	26
507	2	261	26
508	2	261	26
509	2	261	26
510	2	261	26
511	2	261	26
512	2	261	26
513	2	261	26
514	2	261	26
515	2	261	26
516	2	261	26
517	2	261	26
518	2	261	26
519	2	261	26
520	2	261	26
521	2	261	26
522	2	261	26
523	2	261	26
524	2	261	26
525	2	261	26
526	2	261	26
527	2	261	26
528	2	261	26
529	2	261	26
530	2	261	26
531	2	261	26
532	2	261	26
533	2	261	26
534	2	261	26
535	2	261	26
536	2	261	26
537	2	261	26
538	2	261	26
539	2	261	26
540	2	261	26
541	2	261	26
542	2	261	26
543	2	261	26
544	2	261	26
545	2	261	26
546	2	261	26
547	2	261	26
548	2	261	26
549	2	261	26
550	2	261	26
551	2	261	26
552	2	261	26
553	2	261	26
554	2	261	26
555	2	261	26
556	2	261	26
557	2	261	26
558	2	261	26
559	2	261	26
560	2	261	26
561	2	261	26
562	2	261	26
563	2	261	26
564	2	261	26
565	2	261	26
566	2	261	26
567	2	261	26
568	2	261	26
569	2	261	26
570	2	261	26
571	2	261	26
572	2	261	26
573	2	261	26
574	2	261	26
575	2	261	26
576	2	261	26
577	2	261	26
578	2	261	26
579	2	261	26
580	2	261	26
581	2	261	26
582	2	261	26
583	2	261	26
584	2	261	26
585	2	261	26
586	2	261	26
587	2	261	26
588	2	261	26
589	2	261	26
590	2	261	26
591	2	261	26
592	2	261	26
593	2	261	26
594	2	261	26
595	2	261	26
596	2	261	26
597	2	261	26
598	2	261	26
599	2	261	26
600	2	261	26
601	2	261	26
602	2	261	26
603	2	261	26
604	2	261	26
605	2	261	26
606	2	261	26
607	2	261	26
608	2	261	26
609	2	261	26
610	2	261	26
611	2	261	26
612	2	261	26
613	2	261	26
614	2	261	26
615	2	261	26
616	2	261	26
617	2	261	26
618	2	261	26
619	2	261	26
620	2	261	26
621	2	261	26
622	2	261	26
623	2	261	26
624	2	261	26
625	2	261	26
626	2	261	26
627	2	261	26
628	2	261	26
629	2	261	26
630	2	261	26
631	2	261	26
632	2	261	26
633	2	261	26
634	2	261	26
635	2	261	26
636	2	261	26
637	2	261	26
638	2	261	26
639	2	261	26
640	2	261	26
641	2	261	26
642	2	261	26
643	2	261	26
644	2	261	26
645	2	261	26
646	2	261	26
647	2	261	26
648	2	261	26
649	2	261	26
650	2	261	26
651	2	261	26
652	2	261	26
653	2	261	26
654	2	261	26
655	2	261	26
656	2	261	26
657	2	261	26
658	2	261	26
659	2	261	26
660	2	261	26
661	2	261	26
662	2	261	26
663	2	261	26
664	2	261	26
665	2	261	26
666	2	261	26
667	2	261	26
668	2	261	26
669	2	261	26
670	2	261	26
671	2	261	26
672	2	261	26
673	2	261	26
674	2	261	26
675	2	261	26
676	2	261	26
677	2	261	26
678	2	261	26
679	2	261	26
680	2	261	26
681	2	261	26
682	2	261	26
683	2	261	26
684	2	261	26
685	2	261	26
686	2	261	26
687	2	261	26
688	2	261	26
689	2	261	26
690	2	261	26
691	2	261	26
692	2	261	26
693	2	261	26
694	2	261	26
695	2	261	26
696	2	261	26
697	2	261	26
698	2	261	26
699	2	261	26
700	2	261	26
701	2	261	26
702	2	261	26
703	2	261	26
704	2	261	26
705	2	261	26
706	2	261	26
707	2	261	26
708	2	261	26
709	2	261	26
710	2	261	26
711	2	261	26
712	2	261	26
713	2	261	26
714	2	261	26
715	2	261	26
716	2	261	26
717	2	261	26
718	2	261	26
719	2	261	26
720	2	261	26
721	2	261	26
722	2	261	26
723	2	261	26
724	2	261	26
725	2	261	26
726	2	261	26
727	2	261	26
728	2	261	26
729	2	261	26
730	2	261	26
731	2	261	26
732	2	261	26
733	2	261	26
734	2	261	26
735	2	261	26
736	2	261	26
737	2	261	26
738	2	261	26
739	2	261	26
740	2	261	26
741	2	261	26
742	2	261	26
743	2	261	26
744	2	261	26
745	2	261	26
746	2	261	26
747	2	261	26
748	2	261	26
749	2	261	26
750	2	261	26
751	2	261	26
752	2	261	26
753	2	261	26
754	2	261	26
755	2	261	26
756	2	261	26
757	2	261	26
758	2	261	26
759	2	261	26
760	2	261	26
761	2	261	26
762	2	261	26
763	2	261	26
764	2	261	26
765	2	261	26
766	2	261	26
767	2	261	26
768	2	261	26
769	2	261	26
770	2	261	26
771	2	261	26
772	2	261	26
773	2	261	26
774	2	261	26
775	2	261	26
776	2	261	26
777	2	261	26
778	2	261	26
779	2	261	26
780	2	261	26
781	2	261	26
782	2	261	26
783	2	261	26
784	2	261	26
785	2	261	26
786	2	261	26
787	2	261	26
788	2	261	26
789	2	261	26
790	2	261	26
791	2	261	26
792	2	261	26
793	2	261	26
794	2	261	26
795	2	261	26
796	2	261	26
797	2	261	26
798	2	261	26
799	2	261	26
800	2	261	26
801	2	261	26
802	2	261	26
803	2	261	26
804	2	261	26
805	2	261	26
806	2	261	26
807	2	261	26
808	2	261	26
809	2	261	26
810	2	261	26
811	2	261	26
812	2	261	26
813	2	261	26
814	2	261	26
815	2	261	26
816	2	261	26
817	2	261	26
818	2	261	26
819	2	261	26
820	2	261	26
821	2	261	26
822	2	261	26
823	2	261	26
824	2	261	26
825	2	261	26
826	2	261	26
827	2	261	26
828	2	261	26
829	2	261	26
830	2	261	26
831	2	261	26
832	2	261	26
833	2	261	26
834	2	261	26
835	2	261	26
836	2	261	26
837	2	261	26
838	2	261	26
839	2	261	26
840	2	261	26
841	2	261	26
842	2	261	26
843	2	261	26
844	2	261	26
845	2	261	26
846	2	261	26
847	2	261	26
848	2	261	26
849	2	261	26
850	2	261	26
851	2	261	26
852	2	261	26
853	2	261	26
854	2	261	26
855	2	261	26
856	2	261	26
857	2	261	26
858	2	261	26
859	2	261	26
860	2	261	26
861	2	261	26
862	2	261	26
863	2	261	26
864	2	261	26
865	2	261	26
866	2	261	26
867	2	261	26
868	2	261	26
869	2	261	26
870	2	261	26
871	2	261	26
872	2	261	26
873	2	261	26
874	2	261	26
875	2	261	26
876	2	261	26
877	2	261	26
878	2	261	26
879	2	261	26
880	2	261	26
881	2	261	26
882	2	261	26
883	2	261	26
884	2	261	26
885	2	261	26
886	2	261	26
887	2	261	26
888	2	261	26
889	2	261	26
890	2	261	26
891	2	261	26
892	2	261	26
893	2	261	26
894	2	261	26
895	2	261	26
896	2	261	26
897	2	261	26
898	2	261	26
899	2	261	26
900	2	261	26
901	2	261	26
902	2	261	26
903	2	261	26
904	2	261	26
905	2	261	26
906	2	261	26
907	2	261	26
908	2	261	26
909	2	261	26
910	2	261	26
911	2	261	26
912	2	261	26
913	2	261	26
914	2	261	26
915	2	261	26
916	2	261	26
917	2	261	26
918	2	261	26
919	2	261	26
920	2	261	26
921	2	261	26
922	2	261	26
923	2	261	26
924	2	261	26
925	2	261	26
926	2	261	26
927	2	261	26
928	2	261	26
929	2	261	26
930	2	261	26
931	2	261	26
932	2	261	26
933	2	261	26
934	2	261	26
935	2	261	26
936	2	261	26
937	2	261	26
938	2	261	26
939	2	261	26
940	2	261	26
941	2	261	26
942	2	261	26
943	2	261	26
944	2	261	26
945	2	261	26
946	2	261	26
947	2	261	26
948	2	261	26
949	2	261	26
950	2	261	26
951	2	261	26
952	2	261	26
953	2	261	26
954	2	261	26
955	2	261	26
956	2	261	26
957	2	261	26
958	2	261	26
959	2	261	26
960	2	261	26
961	2	261	26
962	2	261	26
963	2	261	26
964	2	261	26
965	2	261	26
966	2	261	26
967	2	261	26
968	2	261	26
969	2	261	26
970	2	261	26
971	2	261	26
972	2	261	26
973	2	261	26
974	2	261	26
975	2	261	26
976	2	261	26
977	2	261	26
978	2	261	26
979	2	261	26
980	2	261	26
981	2	261	26
982	2	261	26
983	2	261	26
984	2	261	26
985	2	261	26
986	2	261	26
987	2	261	26
988	2	261	26
989	2	261	26
990	2	261	26
991	2	261	26
992	2	261	26
993	2	261	26
994	2	261	26
995	2	261	26
996	2	261	26
997	2	261	26
998	2	261	26
999	2	261	26
0	3	834	30
1	3	939	30
3	3	2295	30
4	3	1148	30
7	3	2243	30
8	3	1304	30
10	3	834	30
14	3	887	30
15	3	2295	30
16	3	1095	30
17	3	2295	30
18	3	417	29
20	3	2035	30
21	3	417	29
23	3	1200	30
24	3	730	30
26	3	2243	30
27	3	1304	30
28	3	1982	30
32	3	2243	30
34	3	2139	30
35	3	1252	30
36	3	2035	30
39	3	2243	30
40	3	834	30
41	3	2087	30
42	3	2035	30
43	3	1252	30
45	3	2035	30
49	3	1252	30
53	3	1148	30
57	3	939	30
58	3	1043	30
59	3	1304	30
62	3	1252	30
63	3	2035	30
67	3	2035	30
69	3	2139	30
71	3	2295	30
75	3	2139	30
80	3	2295	30
87	3	417	29
88	3	2035	30
89	3	2243	30
92	3	1252	30
102	3	1200	30
104	3	1304	30
106	3	1252	30
107	3	834	30
110	3	1148	30
113	3	1095	30
122	3	1095	30
124	3	2035	30
125	3	887	30
126	3	991	30
127	3	887	30
128	3	834	30
131	3	1252	30
133	3	2243	30
134	3	1252	30
135	3	2035	30
136	3	834	30
137	3	2139	30
138	3	887	30
139	3	1095	30
141	3	1043	30
145	3	2295	30
146	3	2035	30
147	3	2087	30
149	3	991	30
150	3	2035	30
152	3	991	30
153	3	1148	30
154	3	1148	30
155	3	1148	30
156	3	1148	30
158	3	1304	30
159	3	887	30
160	3	2087	30
162	3	2139	30
165	3	1252	30
170	3	991	30
172	3	2139	30
174	3	2243	30
175	3	2035	30
179	3	1304	30
181	3	939	30
183	3	1252	30
185	3	1252	30
187	3	2139	30
189	3	2035	30
192	3	1304	30
193	3	2295	30
196	3	991	30
198	3	1982	30
199	3	1252	30
200	3	2295	30
202	3	2243	30
203	3	2139	30
204	3	2035	30
206	3	887	30
207	3	1252	30
208	3	1304	30
210	3	2295	30
217	3	2295	30
218	3	2035	30
221	3	2243	30
225	3	834	30
226	3	1200	30
228	3	1148	30
229	3	2087	30
231	3	887	30
232	3	1148	30
240	3	1148	30
241	3	1304	30
242	3	1304	30
243	3	939	30
244	3	417	29
248	3	939	30
249	3	991	30
250	3	991	30
251	3	2295	30
256	3	1722	30
258	3	887	30
262	3	2035	30
266	3	2243	30
268	3	2087	30
269	3	1148	30
271	3	1982	30
272	3	1095	30
283	3	2295	30
284	3	939	30
285	3	2139	30
286	3	1148	30
293	3	887	30
296	3	1252	30
298	3	2295	30
301	3	939	30
302	3	2035	30
303	3	939	30
304	3	2295	30
306	3	939	30
309	3	887	30
310	3	1200	30
315	3	2035	30
327	3	2243	30
330	3	2035	30
332	3	626	29
333	3	939	30
335	3	887	30
336	3	2243	30
341	3	2295	30
342	3	991	30
343	3	887	30
345	3	1252	30
346	3	1148	30
348	3	1252	30
349	3	1043	30
352	3	2035	30
353	3	2243	30
354	3	887	30
358	3	2295	30
361	3	2243	30
366	3	2139	30
368	3	887	30
369	3	1200	30
379	3	2087	30
384	3	2243	30
387	3	1200	30
390	3	887	30
391	3	1304	30
393	3	887	30
396	3	939	30
397	3	2295	30
399	3	1095	30
402	3	1304	30
406	3	1304	30
407	3	2243	30
411	3	417	29
412	3	991	30
413	3	991	30
414	3	1304	30
415	3	1304	30
418	3	1200	30
419	3	834	30
423	3	2139	30
424	3	1095	30
426	3	2139	30
429	3	2035	30
430	3	2243	30
431	3	887	30
432	3	1148	30
433	3	2243	30
434	3	1095	30
435	3	1095	30
436	3	1043	30
438	3	1148	30
445	3	1304	30
451	3	2035	30
453	3	939	30
455	3	2295	30
461	3	1252	30
463	3	1148	30
464	3	2243	30
466	3	1200	30
469	3	939	30
472	3	2295	30
473	3	887	30
474	3	1095	30
481	3	1200	30
482	3	1095	30
489	3	939	30
490	3	2035	30
492	3	2243	30
495	3	2035	30
496	3	2035	30
500	3	1043	30
503	3	939	30
508	3	1095	30
512	3	2087	30
513	3	2295	30
514	3	2243	30
515	3	939	30
518	3	2295	30
519	3	1200	30
521	3	1095	30
522	3	1304	30
523	3	2035	30
525	3	1148	30
527	3	939	30
528	3	939	30
529	3	939	30
531	3	2139	30
534	3	991	30
537	3	2035	30
538	3	991	30
539	3	939	30
543	3	2243	30
544	3	1200	30
547	3	1252	30
550	3	939	30
551	3	1043	30
554	3	887	30
555	3	991	30
556	3	2035	30
558	3	417	29
559	3	2243	30
562	3	2243	30
563	3	1304	30
565	3	1095	30
568	3	1148	30
569	3	2295	30
571	3	939	30
575	3	939	30
577	3	1095	30
581	3	2243	30
583	3	887	30
585	3	782	30
586	3	1982	30
587	3	887	30
588	3	2139	30
589	3	1982	30
590	3	1982	30
595	3	1095	30
596	3	2035	30
598	3	834	30
599	3	991	30
604	3	2295	30
606	3	2035	30
607	3	1200	30
608	3	1304	30
612	3	2295	30
621	3	2087	30
625	3	2243	30
626	3	1304	30
627	3	2035	30
628	3	2243	30
631	3	1304	30
632	3	887	30
639	3	1148	30
645	3	2035	30
646	3	1148	30
648	3	2295	30
649	3	1304	30
652	3	2139	30
653	3	2139	30
655	3	2295	30
656	3	2139	30
658	3	1148	30
659	3	2295	30
661	3	1200	30
662	3	2087	30
664	3	991	30
665	3	834	30
666	3	939	30
669	3	2295	30
674	3	2087	30
675	3	2139	30
676	3	1148	30
677	3	2035	30
678	3	2295	30
680	3	2087	30
684	3	2087	30
691	3	1252	30
692	3	1200	30
693	3	2035	30
694	3	2087	30
695	3	939	30
697	3	1304	30
699	3	2243	30
701	3	2087	30
703	3	1200	30
708	3	2243	30
709	3	1252	30
710	3	1200	30
711	3	2295	30
714	3	1304	30
716	3	887	30
717	3	2087	30
718	3	1200	30
721	3	2139	30
722	3	887	30
725	3	1200	30
726	3	1982	30
733	3	1200	30
734	3	939	30
737	3	1930	30
738	3	1200	30
739	3	2295	30
742	3	939	30
743	3	2295	30
744	3	2295	30
752	3	2139	30
753	3	1148	30
754	3	1304	30
756	3	1095	30
758	3	939	30
762	3	2243	30
774	3	1095	30
776	3	939	30
781	3	2035	30
788	3	2295	30
789	3	2243	30
793	3	939	30
802	3	2139	30
803	3	2035	30
807	3	887	30
810	3	887	30
811	3	939	30
812	3	1200	30
815	3	417	29
818	3	2295	30
822	3	939	30
823	3	939	30
824	3	2139	30
825	3	2139	30
826	3	2243	30
831	3	1200	30
832	3	1095	30
834	3	1252	30
838	3	417	29
840	3	417	29
842	3	2243	30
843	3	991	30
848	3	887	30
850	3	1043	30
854	3	2139	30
858	3	2087	30
863	3	1148	30
864	3	1043	30
865	3	2295	30
866	3	939	30
868	3	2295	30
869	3	2087	30
873	3	991	30
875	3	2139	30
877	3	939	30
880	3	991	30
885	3	1043	30
897	3	1200	30
898	3	1148	30
899	3	1095	30
901	3	939	30
902	3	2035	30
903	3	1148	30
908	3	939	30
912	3	939	30
914	3	2035	30
916	3	1200	30
924	3	1148	30
926	3	1304	30
927	3	2243	30
929	3	1304	30
931	3	1095	30
935	3	2295	30
940	3	1148	30
941	3	1095	30
942	3	1043	30
946	3	1252	30
947	3	887	30
948	3	1148	30
949	3	417	29
950	3	939	30
953	3	1252	30
954	3	939	30
960	3	2139	30
961	3	2139	30
964	3	1095	30
966	3	2295	30
969	3	2087	30
971	3	1304	30
972	3	939	30
973	3	887	30
976	3	1982	30
978	3	1200	30
981	3	2035	30
984	3	2295	30
985	3	2243	30
989	3	1252	30
995	3	887	30
998	3	1252	30
0	4	834	30
1	4	939	30
3	4	2035	28
3	4	2295	30
4	4	1148	30
6	4	2087	28
7	4	1982	28
7	4	2243	30
8	4	1304	30
10	4	834	30
14	4	887	30
15	4	2035	28
15	4	2295	30
16	4	1095	30
17	4	2035	28
17	4	2295	30
18	4	417	29
20	4	1774	28
20	4	2035	30
21	4	417	29
23	4	1200	30
24	4	730	30
26	4	1982	28
26	4	2243	30
27	4	1304	30
28	4	1722	28
28	4	1982	30
32	4	1982	28
32	4	2243	30
34	4	1878	28
34	4	2139	30
35	4	1252	30
36	4	1774	28
36	4	2035	30
39	4	1982	28
39	4	2243	30
40	4	834	30
41	4	1826	28
41	4	2087	30
42	4	1774	28
42	4	2035	30
43	4	1252	30
45	4	1774	28
45	4	2035	30
46	4	2243	28
49	4	1252	30
53	4	1148	30
57	4	939	30
58	4	1043	30
59	4	1304	30
62	4	1252	30
63	4	1774	28
63	4	2035	30
65	4	2087	28
67	4	1774	28
67	4	2035	30
69	4	1878	28
69	4	2139	30
71	4	2035	28
71	4	2295	30
75	4	1878	28
75	4	2139	30
79	4	2087	28
80	4	2035	28
80	4	2295	30
87	4	417	29
88	4	1774	28
88	4	2035	30
89	4	1982	28
89	4	2243	30
92	4	1252	30
96	4	2087	28
102	4	1200	30
104	4	1304	30
106	4	1252	30
107	4	834	30
110	4	1148	30
113	4	1095	30
119	4	2243	28
122	4	1095	30
124	4	1774	28
124	4	2035	30
125	4	887	30
126	4	991	30
127	4	887	30
128	4	834	30
131	4	1252	30
133	4	1982	28
133	4	2243	30
134	4	1252	30
135	4	1774	28
135	4	2035	30
136	4	834	30
137	4	1878	28
137	4	2139	30
138	4	887	30
139	4	1095	30
139	4	2243	28
141	4	1043	30
145	4	2035	28
145	4	2295	30
146	4	1774	28
146	4	2035	30
147	4	1826	28
147	4	2087	30
149	4	991	30
150	4	1774	28
150	4	2035	30
152	4	991	30
153	4	1148	30
154	4	1148	30
155	4	1148	30
156	4	1148	30
158	4	1304	30
159	4	887	30
160	4	1826	28
160	4	2087	30
162	4	1878	28
162	4	2139	30
164	4	2295	28
165	4	1252	30
170	4	991	30
172	4	1878	28
172	4	2139	30
174	4	1982	28
174	4	2243	30
175	4	1774	28
175	4	2035	30
179	4	1304	30
181	4	939	30
183	4	1252	30
185	4	1252	30
187	4	1878	28
187	4	2139	30
189	4	1774	28
189	4	2035	30
192	4	1304	30
193	4	2035	28
193	4	2295	30
196	4	991	30
196	4	2035	28
198	4	1722	28
198	4	1982	30
199	4	1252	30
200	4	2035	28
200	4	2295	30
202	4	1982	28
202	4	2243	30
203	4	1878	28
203	4	2139	30
204	4	1774	28
204	4	2035	30
206	4	887	30
206	4	2035	28
207	4	1252	30
208	4	1304	30
210	4	2035	28
210	4	2295	30
217	4	2035	28
217	4	2295	30
218	4	1774	28
218	4	2035	30
221	4	1982	28
221	4	2243	30
224	4	2087	28
225	4	834	30
226	4	1200	30
228	4	1148	30
229	4	1826	28
229	4	2087	30
230	4	2295	28
231	4	887	30
232	4	1148	30
233	4	2243	28
240	4	1148	30
241	4	1304	30
242	4	1304	30
243	4	939	30
244	4	417	29
245	4	2295	28
248	4	939	30
249	4	991	30
250	4	991	30
251	4	2035	28
251	4	2295	30
256	4	1461	28
256	4	1722	30
257	4	2139	28
258	4	887	30
259	4	2087	28
260	4	2087	28
262	4	1774	28
262	4	2035	30
264	4	2139	28
266	4	1982	28
266	4	2243	30
268	4	1826	28
268	4	2087	30
269	4	1148	30
271	4	1722	28
271	4	1982	30
272	4	1095	30
272	4	2295	28
283	4	2035	28
283	4	2295	30
284	4	939	30
285	4	1878	28
285	4	2139	30
286	4	1148	30
293	4	887	30
296	4	1252	30
298	4	2035	28
298	4	2295	30
301	4	939	30
302	4	1774	28
302	4	2035	30
303	4	939	30
304	4	2035	28
304	4	2295	30
306	4	939	30
309	4	887	30
310	4	1200	30
315	4	1774	28
315	4	2035	30
322	4	2139	28
326	4	2087	28
327	4	1982	28
327	4	2243	30
330	4	1774	28
330	4	2035	30
331	4	2139	28
332	4	626	29
333	4	939	30
335	4	887	30
336	4	1982	28
336	4	2243	30
339	4	2243	28
340	4	2087	28
341	4	2035	28
341	4	2295	30
342	4	991	30
343	4	887	30
345	4	1252	30
346	4	1148	30
348	4	1252	30
349	4	1043	30
352	4	1774	28
352	4	2035	30
353	4	1982	28
353	4	2243	30
354	4	887	30
356	4	2087	28
358	4	2035	28
358	4	2295	30
361	4	1982	28
361	4	2243	30
366	4	1878	28
366	4	2139	30
367	4	2295	28
368	4	887	30
369	4	1200	30
371	4	2087	28
379	4	1826	28
379	4	2087	30
382	4	2243	28
384	4	1982	28
384	4	2243	30
387	4	1200	30
390	4	887	30
391	4	1304	30
393	4	887	30
396	4	939	30
397	4	2035	28
397	4	2295	30
399	4	1095	30
402	4	1304	30
405	4	2139	28
406	4	1304	30
407	4	1982	28
407	4	2243	30
411	4	417	29
412	4	991	30
412	4	2243	28
413	4	991	30
414	4	1304	30
415	4	1304	30
417	4	2087	28
418	4	1200	30
419	4	834	30
420	4	2087	28
423	4	1878	28
423	4	2139	30
424	4	1095	30
426	4	1878	28
426	4	2139	30
429	4	1774	28
429	4	2035	30
430	4	1982	28
430	4	2243	30
431	4	887	30
432	4	1148	30
433	4	1982	28
433	4	2243	30
434	4	1095	30
435	4	1095	30
436	4	1043	30
437	4	2139	28
438	4	1148	30
442	4	2087	28
445	4	1304	30
451	4	1774	28
451	4	2035	30
453	4	939	30
455	4	2035	28
455	4	2295	30
460	4	2295	28
461	4	1252	30
462	4	2087	28
463	4	1148	30
464	4	1982	28
464	4	2243	30
465	4	2139	28
466	4	1200	30
467	4	2087	28
468	4	2139	28
469	4	939	30
472	4	2035	28
472	4	2295	30
473	4	887	30
474	4	1095	30
481	4	1200	30
482	4	1095	30
486	4	2295	28
487	4	2087	28
489	4	939	30
490	4	1774	28
490	4	2035	30
491	4	2139	28
492	4	1982	28
492	4	2243	30
495	4	1774	28
495	4	2035	30
496	4	1774	28
496	4	2035	30
500	4	1043	30
502	4	2243	28
503	4	939	30
503	4	2295	28
508	4	1095	30
512	4	1826	28
512	4	2087	30
513	4	2035	28
513	4	2295	30
514	4	1982	28
514	4	2243	30
515	4	939	30
518	4	2035	28
518	4	2295	30
519	4	1200	30
521	4	1095	30
522	4	1304	30
523	4	1774	28
523	4	2035	30
525	4	1148	30
527	4	939	30
528	4	939	30
529	4	939	30
530	4	2139	28
531	4	1878	28
531	4	2139	30
534	4	991	30
537	4	1774	28
537	4	2035	30
538	4	991	30
539	4	939	30
541	4	2139	28
543	4	1982	28
543	4	2243	30
544	4	1200	30
547	4	1252	30
550	4	939	30
551	4	1043	30
553	4	2139	28
554	4	887	30
555	4	991	30
555	4	2295	28
556	4	1774	28
556	4	2035	30
558	4	417	29
559	4	1982	28
559	4	2243	30
562	4	1982	28
562	4	2243	30
563	4	1304	30
565	4	1095	30
568	4	1148	30
569	4	2035	28
569	4	2295	30
571	4	939	30
575	4	939	30
577	4	1095	30
581	4	1982	28
581	4	2243	30
582	4	2243	28
583	4	887	30
584	4	2243	28
585	4	782	30
586	4	1722	28
586	4	1982	30
587	4	887	30
588	4	1878	28
588	4	2139	30
589	4	1722	28
589	4	1982	30
590	4	1722	28
590	4	1982	30
594	4	2295	28
595	4	1095	30
596	4	1774	28
596	4	2035	30
598	4	834	30
599	4	991	30
604	4	2035	28
604	4	2295	30
606	4	1774	28
606	4	2035	30
607	4	1200	30
608	4	1304	30
611	4	2243	28
612	4	2035	28
612	4	2295	30
621	4	1826	28
621	4	2087	30
625	4	1982	28
625	4	2243	30
626	4	1304	30
627	4	1774	28
627	4	2035	30
628	4	1982	28
628	4	2243	30
630	4	2243	28
631	4	1304	30
632	4	887	30
639	4	1148	30
645	4	1774	28
645	4	2035	30
646	4	1148	30
648	4	2035	28
648	4	2295	30
649	4	1304	30
652	4	1878	28
652	4	2139	30
653	4	1878	28
653	4	2139	30
655	4	2035	28
655	4	2295	30
656	4	1878	28
656	4	2139	30
658	4	1148	30
659	4	2035	28
659	4	2295	30
661	4	1200	30
662	4	1826	28
662	4	2087	30
664	4	991	30
665	4	834	30
666	4	939	30
668	4	2139	28
669	4	2035	28
669	4	2295	30
670	4	2139	28
674	4	1826	28
674	4	2087	30
675	4	1878	28
675	4	2139	30
676	4	1148	30
677	4	1774	28
677	4	2035	30
678	4	2035	28
678	4	2295	30
680	4	1826	28
680	4	2087	30
682	4	2243	28
684	4	1826	28
684	4	2087	30
691	4	1252	30
692	4	1200	30
693	4	1774	28
693	4	2035	30
694	4	1826	28
694	4	2087	30
695	4	939	30
697	4	1304	30
699	4	1982	28
699	4	2243	30
701	4	1826	28
701	4	2087	30
703	4	1200	30
705	4	2139	28
706	4	2087	28
708	4	1982	28
708	4	2243	30
709	4	1252	30
710	4	1200	30
711	4	2035	28
711	4	2295	30
714	4	1304	30
716	4	887	30
717	4	1826	28
717	4	2087	30
718	4	1200	30
721	4	1878	28
721	4	2139	30
722	4	887	30
725	4	1200	30
726	4	1722	28
726	4	1982	30
731	4	2139	28
733	4	1200	30
734	4	939	30
737	4	1669	28
737	4	1930	30
738	4	1200	30
739	4	2035	28
739	4	2295	30
742	4	939	30
743	4	2035	28
743	4	2295	30
744	4	2035	28
744	4	2295	30
752	4	1878	28
752	4	2139	30
753	4	1148	30
754	4	1304	30
755	4	2087	28
756	4	1095	30
758	4	939	30
761	4	2243	28
762	4	1982	28
762	4	2243	30
763	4	2139	28
765	4	2087	28
767	4	2243	28
774	4	1095	30
776	4	939	30
778	4	2295	28
781	4	1774	28
781	4	2035	30
784	4	2087	28
788	4	2035	28
788	4	2295	30
789	4	1982	28
789	4	2243	30
793	4	939	30
794	4	2295	28
798	4	2295	28
802	4	1878	28
802	4	2139	30
803	4	1774	28
803	4	2035	30
804	4	2139	28
807	4	887	30
810	4	887	30
811	4	939	30
812	4	1200	30
815	4	417	29
818	4	2035	28
818	4	2295	30
822	4	939	30
823	4	939	30
824	4	1878	28
824	4	2139	30
825	4	1878	28
825	4	2139	30
826	4	1982	28
826	4	2243	30
831	4	1200	30
832	4	1095	30
834	4	1252	30
838	4	417	29
840	4	417	29
842	4	1982	28
842	4	2243	30
843	4	991	30
847	4	2087	28
848	4	887	30
850	4	1043	30
854	4	1878	28
854	4	2139	30
858	4	1826	28
858	4	2087	30
863	4	1148	30
864	4	1043	30
865	4	2035	28
865	4	2295	30
866	4	939	30
868	4	2035	28
868	4	2295	30
869	4	1826	28
869	4	2087	30
871	4	2139	28
873	4	991	30
875	4	1878	28
875	4	2139	30
877	4	939	30
880	4	991	30
885	4	1043	30
890	4	2139	28
895	4	2243	28
897	4	1200	30
898	4	1148	30
899	4	1095	30
901	4	939	30
902	4	1774	28
902	4	2035	30
903	4	1148	30
908	4	939	30
912	4	939	30
914	4	1774	28
914	4	2035	30
916	4	1200	30
922	4	2243	28
924	4	1148	30
926	4	1304	30
927	4	1982	28
927	4	2243	30
929	4	1304	30
931	4	1095	30
932	4	2139	28
933	4	2139	28
935	4	2035	28
935	4	2295	30
938	4	2243	28
940	4	1148	30
941	4	1095	30
942	4	1043	30
944	4	2139	28
946	4	1252	30
947	4	887	30
948	4	1148	30
949	4	417	29
950	4	939	30
953	4	1252	30
954	4	939	30
960	4	1878	28
960	4	2139	30
961	4	1878	28
961	4	2139	30
964	4	1095	30
966	4	2035	28
966	4	2295	30
968	4	2243	28
969	4	1826	28
969	4	2087	30
971	4	1304	30
972	4	939	30
973	4	887	30
976	4	1722	28
976	4	1982	30
978	4	1200	30
979	4	2243	28
981	4	1774	28
981	4	2035	30
984	4	2035	28
984	4	2295	30
985	4	1982	28
985	4	2243	30
988	4	2295	28
989	4	1252	30
995	4	887	30
998	4	1252	30
0	5	521	25
0	5	834	30
1	5	521	25
1	5	939	30
2	5	574	25
3	5	1148	25
3	5	1722	27
3	5	2035	28
3	5	2295	30
4	5	521	25
4	5	1148	30
4	5	2035	27
5	5	521	25
5	5	2139	27
6	5	574	25
6	5	1774	27
6	5	2087	28
7	5	991	25
7	5	1669	27
7	5	1982	28
7	5	2243	30
8	5	678	25
8	5	1304	30
9	5	1982	25
10	5	521	25
10	5	834	30
12	5	1461	25
13	5	1200	25
14	5	521	25
14	5	887	30
15	5	521	25
15	5	1722	27
15	5	2035	28
15	5	2295	30
16	5	521	25
16	5	1095	30
17	5	521	25
17	5	1722	27
17	5	2035	28
17	5	2295	30
18	5	417	29
19	5	1826	25
20	5	626	25
20	5	1461	27
20	5	1774	28
20	5	2035	30
21	5	417	29
22	5	887	25
22	5	2139	27
23	5	521	25
23	5	1200	30
24	5	521	25
24	5	730	30
25	5	1617	25
26	5	678	25
26	5	1669	27
26	5	1982	28
26	5	2243	30
27	5	521	25
27	5	1304	30
28	5	730	25
28	5	1408	27
28	5	1722	28
28	5	1982	30
29	5	834	25
29	5	2139	27
30	5	1252	25
30	5	2035	27
31	5	574	25
31	5	2035	27
32	5	1095	25
32	5	1669	27
32	5	1982	28
32	5	2243	30
33	5	626	25
33	5	2035	27
34	5	730	25
34	5	1565	27
34	5	1878	28
34	5	2139	30
35	5	521	25
35	5	1252	30
36	5	521	25
36	5	1461	27
36	5	1774	28
36	5	2035	30
37	5	626	25
37	5	2295	27
38	5	626	25
39	5	574	25
39	5	1669	27
39	5	1982	28
39	5	2243	30
40	5	521	25
40	5	834	30
40	5	2139	27
41	5	678	25
41	5	1513	27
41	5	1826	28
41	5	2087	30
42	5	730	25
42	5	1461	27
42	5	1774	28
42	5	2035	30
43	5	521	25
43	5	1252	30
44	5	1617	25
45	5	626	25
45	5	1461	27
45	5	1774	28
45	5	2035	30
46	5	521	25
46	5	1930	27
46	5	2243	28
47	5	1095	25
48	5	2035	25
49	5	521	25
49	5	1252	30
50	5	1565	25
51	5	1826	25
52	5	991	25
53	5	521	25
53	5	1148	30
53	5	2087	27
55	5	574	25
56	5	1148	25
57	5	521	25
57	5	939	30
58	5	574	25
58	5	1043	30
59	5	521	25
59	5	1252	27
59	5	1304	30
60	5	1200	25
61	5	574	25
62	5	521	25
62	5	1252	30
63	5	678	25
63	5	1461	27
63	5	1774	28
63	5	2035	30
64	5	1878	25
65	5	678	25
65	5	1774	27
65	5	2087	28
66	5	1304	25
66	5	2035	27
67	5	730	25
67	5	1461	27
67	5	1774	28
67	5	2035	30
68	5	1408	25
69	5	939	25
69	5	1565	27
69	5	1878	28
69	5	2139	30
70	5	626	25
71	5	1095	25
71	5	1722	27
71	5	2035	28
71	5	2295	30
73	5	1669	25
74	5	834	25
75	5	521	25
75	5	1565	27
75	5	1878	28
75	5	2139	30
76	5	1356	25
77	5	1461	25
78	5	1356	25
79	5	782	25
79	5	1774	27
79	5	2087	28
80	5	521	25
80	5	1722	27
80	5	2035	28
80	5	2295	30
81	5	574	25
81	5	2139	27
82	5	626	25
82	5	2087	27
83	5	1095	25
84	5	521	25
84	5	2035	27
85	5	1774	25
86	5	1095	25
87	5	417	29
87	5	1774	25
87	5	2035	27
88	5	678	25
88	5	1461	27
88	5	1774	28
88	5	2035	30
89	5	782	25
89	5	1669	27
89	5	1982	28
89	5	2243	30
90	5	1304	25
91	5	626	25
92	5	521	25
92	5	1252	30
93	5	1304	25
94	5	1878	25
95	5	887	25
95	5	2139	27
96	5	991	25
96	5	1774	27
96	5	2087	28
97	5	1200	25
98	5	1669	25
99	5	1043	25
99	5	2035	27
100	5	1304	25
101	5	678	25
102	5	626	25
102	5	1200	30
103	5	887	25
104	5	574	25
104	5	1304	30
105	5	2295	25
106	5	730	25
106	5	1252	30
106	5	2243	27
107	5	521	25
107	5	834	30
108	5	521	25
109	5	1200	25
110	5	521	25
110	5	1148	30
111	5	574	25
111	5	2087	27
112	5	730	25
113	5	521	25
113	5	1095	30
114	5	626	25
115	5	1408	25
116	5	1408	25
116	5	2087	27
117	5	1356	25
117	5	2243	27
118	5	1148	25
118	5	2295	27
119	5	1200	25
119	5	1930	27
119	5	2243	28
120	5	782	25
121	5	1356	25
122	5	521	25
122	5	1095	30
123	5	1878	25
124	5	521	25
124	5	1461	27
124	5	1774	28
124	5	2035	30
125	5	521	25
125	5	887	30
126	5	521	25
126	5	991	30
127	5	521	25
127	5	887	30
128	5	521	25
128	5	834	30
129	5	1095	25
130	5	574	25
131	5	626	25
131	5	1252	30
131	5	2295	27
132	5	521	25
132	5	2035	27
133	5	574	25
133	5	1669	27
133	5	1982	28
133	5	2243	30
134	5	834	25
134	5	1252	30
135	5	521	25
135	5	1461	27
135	5	1774	28
135	5	2035	30
136	5	521	25
136	5	834	30
137	5	678	25
137	5	1565	27
137	5	1878	28
137	5	2139	30
138	5	521	25
138	5	887	30
138	5	2243	27
139	5	521	25
139	5	1095	30
139	5	1930	27
139	5	2243	28
140	5	1826	25
141	5	521	25
141	5	1043	30
142	5	887	25
142	5	2243	27
143	5	1252	25
143	5	2035	27
145	5	1148	25
145	5	1722	27
145	5	2035	28
145	5	2295	30
146	5	574	25
146	5	1461	27
146	5	1774	28
146	5	2035	30
147	5	626	25
147	5	1513	27
147	5	1826	28
147	5	2087	30
148	5	1304	25
149	5	521	25
149	5	991	30
150	5	521	25
150	5	1461	27
150	5	1774	28
150	5	2035	30
151	5	887	25
151	5	2035	27
152	5	626	25
152	5	991	30
153	5	678	25
153	5	1148	30
154	5	521	25
154	5	1148	30
155	5	521	25
155	5	1148	30
156	5	521	25
156	5	1148	30
158	5	521	25
158	5	1304	30
159	5	521	25
159	5	887	30
160	5	678	25
160	5	1513	27
160	5	1826	28
160	5	2087	30
161	5	1617	25
162	5	1043	25
162	5	1565	27
162	5	1878	28
162	5	2139	30
163	5	1148	25
164	5	521	25
164	5	1982	27
164	5	2295	28
165	5	521	25
165	5	1200	27
165	5	1252	30
166	5	1826	25
167	5	1200	25
167	5	2243	27
169	5	521	25
169	5	2243	27
170	5	521	25
170	5	991	30
171	5	939	25
172	5	1043	25
172	5	1565	27
172	5	1878	28
172	5	2139	30
173	5	1304	25
174	5	834	25
174	5	1669	27
174	5	1982	28
174	5	2243	30
175	5	626	25
175	5	1461	27
175	5	1774	28
175	5	2035	30
176	5	521	25
176	5	2035	27
177	5	1669	25
178	5	2035	25
179	5	574	25
179	5	1304	30
180	5	1930	25
181	5	521	25
181	5	939	30
182	5	678	25
183	5	521	25
183	5	1252	30
184	5	1148	25
185	5	574	25
185	5	1252	30
186	5	2139	25
187	5	730	25
187	5	1565	27
187	5	1878	28
187	5	2139	30
188	5	1356	25
189	5	730	25
189	5	1461	27
189	5	1774	28
189	5	2035	30
190	5	1095	25
191	5	521	25
192	5	626	25
192	5	1304	30
193	5	626	25
193	5	1722	27
193	5	2035	28
193	5	2295	30
194	5	678	25
196	5	521	25
196	5	939	27
196	5	991	30
196	5	2035	28
198	5	626	25
198	5	1408	27
198	5	1722	28
198	5	1982	30
199	5	521	25
199	5	1200	27
199	5	1252	30
200	5	1148	25
200	5	1722	27
200	5	2035	28
200	5	2295	30
201	5	1826	25
202	5	991	25
202	5	1669	27
202	5	1982	28
202	5	2243	30
203	5	782	25
203	5	1565	27
203	5	1878	28
203	5	2139	30
204	5	521	25
204	5	1461	27
204	5	1774	28
204	5	2035	30
205	5	1252	25
205	5	2035	27
206	5	521	25
206	5	887	30
206	5	1722	27
206	5	2035	28
207	5	521	25
207	5	1252	30
208	5	521	25
208	5	1304	30
209	5	2243	25
210	5	574	25
210	5	1722	27
210	5	2035	28
210	5	2295	30
211	5	1513	25
212	5	782	25
213	5	1565	25
214	5	834	25
215	5	1148	25
216	5	991	25
217	5	1148	25
217	5	1722	27
217	5	2035	28
217	5	2295	30
218	5	678	25
218	5	1461	27
218	5	1774	28
218	5	2035	30
219	5	2191	25
220	5	1408	25
221	5	678	25
221	5	1669	27
221	5	1982	28
221	5	2243	30
222	5	1826	25
223	5	834	25
224	5	887	25
224	5	1774	27
224	5	2087	28
225	5	521	25
225	5	834	30
225	5	2295	27
226	5	521	25
226	5	1200	30
227	5	678	25
227	5	2139	27
228	5	521	25
228	5	1148	30
229	5	730	25
229	5	1513	27
229	5	1826	28
229	5	2087	30
230	5	521	25
230	5	1982	27
230	5	2295	28
231	5	521	25
231	5	887	30
232	5	521	25
232	5	1148	30
233	5	1252	25
233	5	1930	27
233	5	2243	28
235	5	1513	25
236	5	939	25
236	5	2295	27
237	5	834	25
239	5	1200	25
240	5	521	25
240	5	1148	30
241	5	730	25
241	5	1304	30
242	5	626	25
242	5	1304	30
243	5	521	25
243	5	887	27
243	5	939	30
244	5	417	29
245	5	1095	25
245	5	1982	27
245	5	2295	28
246	5	2087	25
248	5	521	25
248	5	939	30
249	5	521	25
249	5	991	30
250	5	521	25
250	5	991	30
250	5	2295	27
251	5	574	25
251	5	1722	27
251	5	2035	28
251	5	2295	30
252	5	1461	25
253	5	834	25
253	5	2087	27
255	5	939	25
256	5	782	25
256	5	1148	27
256	5	1461	28
256	5	1722	30
257	5	1095	25
257	5	1826	27
257	5	2139	28
258	5	521	25
258	5	887	30
259	5	521	25
259	5	1774	27
259	5	2087	28
260	5	521	25
260	5	1774	27
260	5	2087	28
262	5	887	25
262	5	1461	27
262	5	1774	28
262	5	2035	30
263	5	782	25
264	5	521	25
264	5	1826	27
264	5	2139	28
265	5	521	25
266	5	574	25
266	5	1669	27
266	5	1982	28
266	5	2243	30
267	5	521	25
267	5	2035	27
268	5	1043	25
268	5	1513	27
268	5	1826	28
268	5	2087	30
269	5	521	25
269	5	1148	30
270	5	782	25
271	5	626	25
271	5	1408	27
271	5	1722	28
271	5	1982	30
272	5	521	25
272	5	1095	30
272	5	1982	27
272	5	2295	28
273	5	2295	25
274	5	1148	25
275	5	1617	25
276	5	2191	25
277	5	730	25
278	5	1513	25
279	5	1200	25
280	5	782	25
280	5	2035	27
282	5	1565	25
283	5	1148	25
283	5	1722	27
283	5	2035	28
283	5	2295	30
284	5	521	25
284	5	939	30
284	5	2139	27
285	5	1095	25
285	5	1565	27
285	5	1878	28
285	5	2139	30
286	5	521	25
286	5	1148	30
286	5	2243	27
287	5	1148	25
288	5	521	25
289	5	1930	25
291	5	626	25
292	5	1513	25
292	5	2243	27
293	5	521	25
293	5	887	30
293	5	2139	27
294	5	521	25
295	5	1043	25
295	5	2035	27
296	5	521	25
296	5	1252	30
297	5	1408	25
298	5	834	25
298	5	1722	27
298	5	2035	28
298	5	2295	30
299	5	521	25
300	5	1304	25
300	5	2295	27
301	5	521	25
301	5	939	30
302	5	574	25
302	5	1461	27
302	5	1774	28
302	5	2035	30
303	5	521	25
303	5	939	30
303	5	2295	27
304	5	521	25
304	5	1722	27
304	5	2035	28
304	5	2295	30
306	5	521	25
306	5	939	30
307	5	678	25
308	5	678	25
309	5	521	25
309	5	887	30
309	5	2035	27
310	5	574	25
310	5	1200	30
310	5	2087	27
311	5	887	25
312	5	1043	25
312	5	2035	27
313	5	730	25
314	5	1252	25
315	5	626	25
315	5	1461	27
315	5	1774	28
315	5	2035	30
316	5	2035	25
317	5	1200	25
318	5	1461	25
319	5	1826	25
320	5	1252	25
321	5	521	25
322	5	521	25
322	5	1826	27
322	5	2139	28
323	5	1826	25
324	5	1304	25
325	5	1200	25
326	5	521	25
326	5	1774	27
326	5	2087	28
327	5	1095	25
327	5	1669	27
327	5	1982	28
327	5	2243	30
328	5	834	25
329	5	1461	25
330	5	730	25
330	5	1461	27
330	5	1774	28
330	5	2035	30
331	5	521	25
331	5	1826	27
331	5	2139	28
332	5	574	25
332	5	626	29
333	5	521	25
333	5	939	30
334	5	1200	25
335	5	521	25
335	5	887	30
336	5	521	25
336	5	1669	27
336	5	1982	28
336	5	2243	30
337	5	887	25
338	5	1513	25
339	5	521	25
339	5	1930	27
339	5	2243	28
340	5	1095	25
340	5	1722	27
340	5	2087	28
341	5	1148	25
341	5	1722	27
341	5	2035	28
341	5	2295	30
342	5	521	25
342	5	991	30
343	5	521	25
343	5	887	30
344	5	1930	25
345	5	574	25
345	5	1252	30
346	5	574	25
346	5	1148	30
346	5	2295	27
347	5	626	25
348	5	521	25
348	5	1252	30
349	5	521	25
349	5	1043	30
350	5	1982	25
351	5	574	25
352	5	626	25
352	5	1461	27
352	5	1774	28
352	5	2035	30
353	5	521	25
353	5	1669	27
353	5	1982	28
353	5	2243	30
354	5	521	25
354	5	887	30
355	5	521	25
356	5	887	25
356	5	1774	27
356	5	2087	28
357	5	574	25
358	5	1043	25
358	5	1722	27
358	5	2035	28
358	5	2295	30
360	5	678	25
360	5	2295	27
361	5	574	25
361	5	1669	27
361	5	1982	28
361	5	2243	30
362	5	1982	25
364	5	521	25
364	5	2139	27
365	5	1669	25
366	5	782	25
366	5	1565	27
366	5	1878	28
366	5	2139	30
367	5	574	25
367	5	1982	27
367	5	2295	28
368	5	521	25
368	5	887	30
368	5	2139	27
369	5	574	25
369	5	1200	30
370	5	834	25
371	5	521	25
371	5	1774	27
371	5	2087	28
372	5	782	25
372	5	2139	27
373	5	939	25
374	5	1513	25
374	5	2139	27
375	5	1252	25
376	5	574	25
376	5	2243	27
377	5	1252	25
377	5	2035	27
378	5	1043	25
379	5	678	25
379	5	1513	27
379	5	1826	28
379	5	2087	30
380	5	626	25
381	5	678	25
381	5	2035	27
382	5	521	25
382	5	1930	27
382	5	2243	28
383	5	1356	25
384	5	574	25
384	5	1669	27
384	5	1982	28
384	5	2243	30
385	5	678	25
386	5	574	25
387	5	521	25
387	5	1200	30
388	5	2035	25
389	5	521	25
390	5	521	25
390	5	887	30
391	5	521	25
391	5	1304	30
392	5	991	25
392	5	2139	27
393	5	521	25
393	5	887	30
394	5	626	25
394	5	2243	27
395	5	626	25
396	5	521	25
396	5	939	30
397	5	1148	25
397	5	1722	27
397	5	2035	28
397	5	2295	30
398	5	626	25
399	5	521	25
399	5	1095	30
400	5	574	25
400	5	2035	27
401	5	2139	25
402	5	626	25
402	5	1304	30
403	5	1930	25
404	5	782	25
404	5	2035	27
405	5	1095	25
405	5	1826	27
405	5	2139	28
406	5	521	25
406	5	1304	30
407	5	1095	25
407	5	1669	27
407	5	1982	28
407	5	2243	30
409	5	1095	25
410	5	991	25
410	5	2087	27
411	5	417	29
411	5	1669	25
411	5	2087	27
412	5	521	25
412	5	991	30
412	5	1930	27
412	5	2243	28
413	5	521	25
413	5	939	27
413	5	991	30
414	5	626	25
414	5	1304	30
415	5	521	25
415	5	1304	30
416	5	1461	25
417	5	521	25
417	5	1774	27
417	5	2087	28
418	5	574	25
418	5	1200	30
419	5	521	25
419	5	834	30
420	5	887	25
420	5	1774	27
420	5	2087	28
421	5	1930	25
422	5	939	25
423	5	1043	25
423	5	1565	27
423	5	1878	28
423	5	2139	30
424	5	521	25
424	5	1095	30
424	5	2035	27
425	5	574	25
425	5	2035	27
426	5	1043	25
426	5	1565	27
426	5	1878	28
426	5	2139	30
427	5	2035	25
428	5	521	25
429	5	626	25
429	5	1461	27
429	5	1774	28
429	5	2035	30
430	5	521	25
430	5	1669	27
430	5	1982	28
430	5	2243	30
431	5	521	25
431	5	887	30
432	5	521	25
432	5	1148	30
433	5	678	25
433	5	1669	27
433	5	1982	28
433	5	2243	30
434	5	521	25
434	5	1095	30
434	5	2035	27
435	5	521	25
435	5	1095	30
436	5	521	25
436	5	1043	30
437	5	521	25
437	5	1826	27
437	5	2139	28
438	5	678	25
438	5	1148	30
439	5	939	25
440	5	678	25
440	5	2139	27
441	5	2087	25
442	5	678	25
442	5	1774	27
442	5	2087	28
443	5	730	25
444	5	1617	25
445	5	521	25
445	5	1304	30
446	5	782	25
446	5	2139	27
447	5	1565	25
448	5	1043	25
449	5	2035	25
450	5	2243	25
451	5	782	25
451	5	1461	27
451	5	1774	28
451	5	2035	30
452	5	574	25
452	5	2087	27
453	5	521	25
453	5	939	30
454	5	1304	25
455	5	1095	25
455	5	1722	27
455	5	2035	28
455	5	2295	30
456	5	1252	25
456	5	2139	27
457	5	730	25
458	5	1826	25
459	5	939	25
460	5	521	25
460	5	1982	27
460	5	2295	28
461	5	521	25
461	5	1252	30
462	5	574	25
462	5	1774	27
462	5	2087	28
463	5	574	25
463	5	1148	30
464	5	887	25
464	5	1669	27
464	5	1982	28
464	5	2243	30
465	5	521	25
465	5	1826	27
465	5	2139	28
466	5	521	25
466	5	1200	30
467	5	521	25
467	5	1774	27
467	5	2087	28
468	5	521	25
468	5	1826	27
468	5	2139	28
469	5	521	25
469	5	887	27
469	5	939	30
470	5	1565	25
471	5	1095	25
471	5	2087	27
472	5	521	25
472	5	1722	27
472	5	2035	28
472	5	2295	30
473	5	678	25
473	5	887	30
474	5	521	25
474	5	1095	30
475	5	939	25
475	5	2139	27
476	5	1356	25
477	5	991	25
478	5	678	25
480	5	730	25
481	5	574	25
481	5	1200	30
482	5	574	25
482	5	1095	30
483	5	1722	25
484	5	2035	25
485	5	1148	25
485	5	2295	27
486	5	1252	25
486	5	1982	27
486	5	2295	28
487	5	521	25
487	5	1774	27
487	5	2087	28
488	5	1252	25
489	5	521	25
489	5	939	30
490	5	782	25
490	5	1461	27
490	5	1774	28
490	5	2035	30
491	5	626	25
491	5	1826	27
491	5	2139	28
492	5	991	25
492	5	1669	27
492	5	1982	28
492	5	2243	30
493	5	678	25
494	5	521	25
495	5	834	25
495	5	1461	27
495	5	1774	28
495	5	2035	30
496	5	678	25
496	5	1461	27
496	5	1774	28
496	5	2035	30
497	5	521	25
498	5	574	25
498	5	2295	27
499	5	574	25
500	5	521	25
500	5	991	27
500	5	1043	30
501	5	1252	25
501	5	2139	27
502	5	782	25
502	5	1930	27
502	5	2243	28
503	5	521	25
503	5	939	30
503	5	1982	27
503	5	2295	28
505	5	1252	25
505	5	2295	27
506	5	1043	25
507	5	1617	25
508	5	521	25
508	5	1095	30
508	5	2087	27
510	5	1930	25
512	5	939	25
512	5	1513	27
512	5	1826	28
512	5	2087	30
513	5	991	25
513	5	1722	27
513	5	2035	28
513	5	2295	30
514	5	521	25
514	5	1669	27
514	5	1982	28
514	5	2243	30
515	5	521	25
515	5	939	30
516	5	1304	25
516	5	2035	27
517	5	1252	25
517	5	2035	27
518	5	1043	25
518	5	1722	27
518	5	2035	28
518	5	2295	30
519	5	521	25
519	5	1200	30
520	5	626	25
520	5	2035	27
521	5	521	25
521	5	1095	30
522	5	730	25
522	5	1304	30
523	5	521	25
523	5	1461	27
523	5	1774	28
523	5	2035	30
524	5	2087	25
525	5	574	25
525	5	1148	30
526	5	1930	25
527	5	521	25
527	5	939	30
528	5	521	25
528	5	939	30
529	5	521	25
529	5	939	30
529	5	2139	27
530	5	1252	25
530	5	1826	27
530	5	2139	28
531	5	1043	25
531	5	1565	27
531	5	1878	28
531	5	2139	30
532	5	939	25
533	5	1982	25
534	5	521	25
534	5	991	30
535	5	1669	25
536	5	1304	25
536	5	2243	27
537	5	626	25
537	5	1461	27
537	5	1774	28
537	5	2035	30
538	5	521	25
538	5	991	30
539	5	521	25
539	5	939	30
540	5	1930	25
541	5	521	25
541	5	1826	27
541	5	2139	28
542	5	991	25
543	5	1095	25
543	5	1669	27
543	5	1982	28
543	5	2243	30
544	5	574	25
544	5	1200	30
544	5	2243	27
545	5	782	25
546	5	1148	25
547	5	626	25
547	5	1252	30
547	5	2295	27
548	5	1356	25
549	5	1252	25
550	5	521	25
550	5	939	30
550	5	2087	27
551	5	521	25
551	5	1043	30
552	5	1356	25
553	5	730	25
553	5	1826	27
553	5	2139	28
554	5	521	25
554	5	887	30
555	5	521	25
555	5	991	30
555	5	1982	27
555	5	2295	28
556	5	834	25
556	5	1461	27
556	5	1774	28
556	5	2035	30
557	5	1774	25
558	5	417	29
559	5	1043	25
559	5	1669	27
559	5	1982	28
559	5	2243	30
560	5	1356	25
561	5	834	25
562	5	1043	25
562	5	1669	27
562	5	1982	28
562	5	2243	30
563	5	678	25
563	5	1304	30
564	5	1356	25
564	5	2243	27
565	5	521	25
565	5	1095	30
565	5	2035	27
566	5	521	25
567	5	730	25
568	5	521	25
568	5	1148	30
569	5	939	25
569	5	1722	27
569	5	2035	28
569	5	2295	30
570	5	1304	25
571	5	521	25
571	5	939	30
572	5	1408	25
574	5	626	25
575	5	521	25
575	5	939	30
576	5	1148	25
576	5	2295	27
577	5	521	25
577	5	1095	30
578	5	1043	25
578	5	2139	27
579	5	782	25
580	5	2035	25
581	5	1043	25
581	5	1669	27
581	5	1982	28
581	5	2243	30
582	5	730	25
582	5	1930	27
582	5	2243	28
583	5	521	25
583	5	887	30
584	5	521	25
584	5	1930	27
584	5	2243	28
585	5	521	25
585	5	782	30
586	5	730	25
586	5	1408	27
586	5	1722	28
586	5	1982	30
587	5	521	25
587	5	887	30
588	5	574	25
588	5	1565	27
588	5	1878	28
588	5	2139	30
589	5	574	25
589	5	1408	27
589	5	1722	28
589	5	1982	30
590	5	521	25
590	5	1408	27
590	5	1722	28
590	5	1982	30
591	5	1461	25
593	5	678	25
594	5	782	25
594	5	1982	27
594	5	2295	28
595	5	521	25
595	5	1095	30
595	5	2243	27
596	5	730	25
596	5	1461	27
596	5	1774	28
596	5	2035	30
597	5	730	25
598	5	521	25
598	5	834	30
599	5	521	25
599	5	991	30
600	5	1669	25
601	5	574	25
602	5	1200	25
603	5	782	25
604	5	834	25
604	5	1722	27
604	5	2035	28
604	5	2295	30
605	5	1095	25
606	5	678	25
606	5	1461	27
606	5	1774	28
606	5	2035	30
607	5	521	25
607	5	1200	30
608	5	521	25
608	5	1304	30
610	5	2243	25
611	5	730	25
611	5	1930	27
611	5	2243	28
612	5	1095	25
612	5	1722	27
612	5	2035	28
612	5	2295	30
613	5	1252	25
614	5	1148	25
615	5	939	25
616	5	1043	25
617	5	1930	25
618	5	2087	25
619	5	991	25
620	5	521	25
620	5	2243	27
621	5	1043	25
621	5	1513	27
621	5	1826	28
621	5	2087	30
622	5	521	25
623	5	1148	25
624	5	521	25
625	5	1095	25
625	5	1669	27
625	5	1982	28
625	5	2243	30
626	5	574	25
626	5	1304	30
627	5	574	25
627	5	1461	27
627	5	1774	28
627	5	2035	30
628	5	678	25
628	5	1669	27
628	5	1982	28
628	5	2243	30
629	5	887	25
629	5	2243	27
630	5	782	25
630	5	1930	27
630	5	2243	28
631	5	678	25
631	5	1304	30
632	5	521	25
632	5	887	30
633	5	1513	25
634	5	1148	25
635	5	1356	25
636	5	2191	25
637	5	1304	25
638	5	1826	25
639	5	521	25
639	5	1148	30
640	5	782	25
641	5	626	25
642	5	1148	25
643	5	2295	25
644	5	574	25
645	5	782	25
645	5	1461	27
645	5	1774	28
645	5	2035	30
646	5	521	25
646	5	1148	30
647	5	1513	25
648	5	782	25
648	5	1722	27
648	5	2035	28
648	5	2295	30
649	5	521	25
649	5	1304	30
650	5	1461	25
650	5	2243	27
651	5	574	25
652	5	626	25
652	5	1565	27
652	5	1878	28
652	5	2139	30
653	5	626	25
653	5	1565	27
653	5	1878	28
653	5	2139	30
654	5	834	25
655	5	782	25
655	5	1722	27
655	5	2035	28
655	5	2295	30
656	5	678	25
656	5	1565	27
656	5	1878	28
656	5	2139	30
657	5	521	25
658	5	521	25
658	5	1148	30
659	5	1095	25
659	5	1722	27
659	5	2035	28
659	5	2295	30
660	5	887	25
661	5	521	25
661	5	1200	30
662	5	678	25
662	5	1513	27
662	5	1826	28
662	5	2087	30
663	5	1043	25
664	5	521	25
664	5	991	30
664	5	2295	27
665	5	521	25
665	5	834	30
666	5	521	25
666	5	939	30
667	5	521	25
668	5	1043	25
668	5	1826	27
668	5	2139	28
669	5	834	25
669	5	1722	27
669	5	2035	28
669	5	2295	30
670	5	887	25
670	5	1826	27
670	5	2139	28
671	5	1408	25
672	5	887	25
672	5	2139	27
673	5	782	25
673	5	2295	27
674	5	730	25
674	5	1513	27
674	5	1826	28
674	5	2087	30
675	5	1043	25
675	5	1565	27
675	5	1878	28
675	5	2139	30
676	5	521	25
676	5	1148	30
677	5	887	25
677	5	1461	27
677	5	1774	28
677	5	2035	30
678	5	521	25
678	5	1722	27
678	5	2035	28
678	5	2295	30
679	5	1200	25
680	5	1043	25
680	5	1513	27
680	5	1826	28
680	5	2087	30
681	5	939	25
682	5	574	25
682	5	1930	27
682	5	2243	28
683	5	1200	25
684	5	1043	25
684	5	1513	27
684	5	1826	28
684	5	2087	30
685	5	626	25
685	5	2243	27
686	5	521	25
687	5	1356	25
688	5	1148	25
688	5	2139	27
689	5	1148	25
690	5	626	25
691	5	521	25
691	5	1200	27
691	5	1252	30
692	5	626	25
692	5	1200	30
693	5	626	25
693	5	1461	27
693	5	1774	28
693	5	2035	30
694	5	574	25
694	5	1513	27
694	5	1826	28
694	5	2087	30
695	5	521	25
695	5	939	30
696	5	939	25
697	5	521	25
697	5	1304	30
698	5	1461	25
698	5	2243	27
699	5	678	25
699	5	1669	27
699	5	1982	28
699	5	2243	30
700	5	626	25
701	5	939	25
701	5	1513	27
701	5	1826	28
701	5	2087	30
702	5	678	25
703	5	521	25
703	5	1200	30
704	5	1982	25
705	5	991	25
705	5	1826	27
705	5	2139	28
706	5	521	25
706	5	1774	27
706	5	2087	28
707	5	574	25
707	5	2035	27
708	5	1095	25
708	5	1669	27
708	5	1982	28
708	5	2243	30
709	5	574	25
709	5	1252	30
710	5	574	25
710	5	1200	30
711	5	1043	25
711	5	1722	27
711	5	2035	28
711	5	2295	30
712	5	834	25
714	5	521	25
714	5	1304	30
715	5	782	25
715	5	2087	27
716	5	521	25
716	5	887	30
717	5	1043	25
717	5	1513	27
717	5	1826	28
717	5	2087	30
718	5	521	25
718	5	1200	30
719	5	887	25
720	5	1930	25
721	5	730	25
721	5	1565	27
721	5	1878	28
721	5	2139	30
722	5	521	25
722	5	887	30
723	5	730	25
724	5	730	25
725	5	574	25
725	5	1200	30
726	5	730	25
726	5	1408	27
726	5	1722	28
726	5	1982	30
727	5	1252	25
728	5	1878	25
729	5	574	25
729	5	2139	27
730	5	678	25
731	5	521	25
731	5	1826	27
731	5	2139	28
732	5	574	25
732	5	2243	27
733	5	521	25
733	5	1200	30
734	5	521	25
734	5	939	30
735	5	1930	25
736	5	1043	25
737	5	521	25
737	5	1356	27
737	5	1669	28
737	5	1930	30
738	5	574	25
738	5	1200	30
738	5	2139	27
739	5	1095	25
739	5	1722	27
739	5	2035	28
739	5	2295	30
741	5	626	25
742	5	521	25
742	5	939	30
742	5	2139	27
743	5	521	25
743	5	1722	27
743	5	2035	28
743	5	2295	30
744	5	1148	25
744	5	1722	27
744	5	2035	28
744	5	2295	30
745	5	1095	25
746	5	1252	25
747	5	678	25
748	5	2035	25
749	5	1356	25
750	5	626	25
750	5	2243	27
751	5	1200	25
752	5	939	25
752	5	1565	27
752	5	1878	28
752	5	2139	30
753	5	521	25
753	5	1148	30
753	5	2139	27
754	5	521	25
754	5	1252	27
754	5	1304	30
755	5	521	25
755	5	1774	27
755	5	2087	28
756	5	521	25
756	5	1095	30
757	5	1617	25
758	5	521	25
758	5	887	27
758	5	939	30
759	5	1304	25
760	5	678	25
761	5	730	25
761	5	1930	27
761	5	2243	28
762	5	574	25
762	5	1669	27
762	5	1982	28
762	5	2243	30
763	5	1148	25
763	5	1826	27
763	5	2139	28
764	5	678	25
765	5	521	25
765	5	1774	27
765	5	2087	28
766	5	521	25
767	5	1095	25
767	5	1930	27
767	5	2243	28
768	5	1408	25
769	5	782	25
770	5	1930	25
771	5	1095	25
772	5	834	25
773	5	1408	25
774	5	521	25
774	5	1095	30
775	5	1252	25
776	5	521	25
776	5	939	30
776	5	2295	27
777	5	1982	25
778	5	574	25
778	5	1982	27
778	5	2295	28
779	5	1930	25
780	5	626	25
781	5	574	25
781	5	1461	27
781	5	1774	28
781	5	2035	30
782	5	626	25
782	5	2087	27
783	5	1461	25
784	5	521	25
784	5	1774	27
784	5	2087	28
785	5	626	25
785	5	2243	27
786	5	782	25
787	5	1304	25
787	5	2087	27
788	5	521	25
788	5	1722	27
788	5	2035	28
788	5	2295	30
789	5	1095	25
789	5	1669	27
789	5	1982	28
789	5	2243	30
790	5	834	25
790	5	2035	27
791	5	1356	25
792	5	574	25
793	5	521	25
793	5	939	30
794	5	521	25
794	5	1982	27
794	5	2295	28
795	5	1722	25
796	5	1304	25
797	5	521	25
797	5	2035	27
798	5	1043	25
798	5	1982	27
798	5	2295	28
800	5	1252	25
801	5	1356	25
801	5	2035	27
802	5	574	25
802	5	1565	27
802	5	1878	28
802	5	2139	30
803	5	574	25
803	5	1461	27
803	5	1774	28
803	5	2035	30
804	5	574	25
804	5	1826	27
804	5	2139	28
806	5	1356	25
807	5	521	25
807	5	887	30
808	5	1982	25
809	5	1722	25
810	5	521	25
810	5	887	30
811	5	521	25
811	5	939	30
812	5	521	25
812	5	1200	30
813	5	678	25
814	5	626	25
815	5	417	29
816	5	1095	25
816	5	2035	27
817	5	2139	25
818	5	626	25
818	5	1722	27
818	5	2035	28
818	5	2295	30
819	5	1461	25
820	5	678	25
821	5	1148	25
821	5	2035	27
822	5	521	25
822	5	939	30
823	5	521	25
823	5	939	30
823	5	2087	27
824	5	1043	25
824	5	1565	27
824	5	1878	28
824	5	2139	30
825	5	1043	25
825	5	1565	27
825	5	1878	28
825	5	2139	30
826	5	939	25
826	5	1669	27
826	5	1982	28
826	5	2243	30
827	5	834	25
828	5	1252	25
828	5	2035	27
829	5	1982	25
830	5	1095	25
831	5	521	25
831	5	1200	30
831	5	2139	27
832	5	521	25
832	5	1095	30
832	5	2087	27
833	5	1148	25
834	5	521	25
834	5	1200	27
834	5	1252	30
835	5	626	25
835	5	2139	27
836	5	2087	25
837	5	1200	25
837	5	2087	27
838	5	417	29
838	5	1982	25
838	5	2243	27
839	5	1356	25
839	5	2035	27
840	5	417	29
840	5	1513	25
840	5	1722	27
841	5	574	25
842	5	782	25
842	5	1669	27
842	5	1982	28
842	5	2243	30
843	5	521	25
843	5	991	30
843	5	2035	27
844	5	1200	25
845	5	1200	25
846	5	1408	25
847	5	1148	25
847	5	1774	27
847	5	2087	28
848	5	521	25
848	5	887	30
849	5	1930	25
850	5	521	25
850	5	1043	30
851	5	2243	25
852	5	887	25
853	5	1356	25
853	5	2243	27
854	5	1095	25
854	5	1565	27
854	5	1878	28
854	5	2139	30
855	5	574	25
856	5	626	25
857	5	1304	25
858	5	730	25
858	5	1513	27
858	5	1826	28
858	5	2087	30
859	5	782	25
860	5	1565	25
861	5	521	25
862	5	1513	25
863	5	521	25
863	5	1148	30
864	5	521	25
864	5	1043	30
864	5	2139	27
865	5	521	25
865	5	1722	27
865	5	2035	28
865	5	2295	30
866	5	521	25
866	5	939	30
867	5	730	25
868	5	521	25
868	5	1722	27
868	5	2035	28
868	5	2295	30
869	5	991	25
869	5	1513	27
869	5	1826	28
869	5	2087	30
870	5	1095	25
870	5	2295	27
871	5	1095	25
871	5	1826	27
871	5	2139	28
873	5	521	25
873	5	991	30
875	5	574	25
875	5	1565	27
875	5	1878	28
875	5	2139	30
876	5	521	25
877	5	521	25
877	5	939	30
878	5	1200	25
878	5	2035	27
879	5	678	25
879	5	2139	27
880	5	521	25
880	5	991	30
881	5	939	25
882	5	1252	25
883	5	1722	25
884	5	521	25
884	5	2035	27
885	5	521	25
885	5	1043	30
886	5	939	25
886	5	2139	27
887	5	626	25
888	5	1878	25
889	5	1356	25
890	5	1252	25
890	5	1826	27
890	5	2139	28
891	5	521	25
891	5	2139	27
892	5	1461	25
892	5	2243	27
893	5	574	25
894	5	574	25
894	5	2295	27
895	5	626	25
895	5	1930	27
895	5	2243	28
896	5	521	25
897	5	521	25
897	5	1200	30
898	5	521	25
898	5	1148	30
899	5	521	25
899	5	1095	30
900	5	939	25
900	5	2035	27
901	5	521	25
901	5	939	30
902	5	834	25
902	5	1461	27
902	5	1774	28
902	5	2035	30
903	5	521	25
903	5	1148	30
903	5	2295	27
905	5	1095	25
905	5	2295	27
906	5	521	25
907	5	2035	25
908	5	521	25
908	5	939	30
909	5	1930	25
910	5	1095	25
910	5	2035	27
911	5	887	25
912	5	521	25
912	5	939	30
913	5	1304	25
913	5	2035	27
914	5	782	25
914	5	1461	27
914	5	1774	28
914	5	2035	30
915	5	1200	25
916	5	521	25
916	5	1200	30
917	5	730	25
917	5	2035	27
918	5	1200	25
919	5	1252	25
920	5	782	25
921	5	730	25
922	5	626	25
922	5	1930	27
922	5	2243	28
923	5	1148	25
924	5	574	25
924	5	1148	30
925	5	521	25
926	5	574	25
926	5	1304	30
927	5	834	25
927	5	1669	27
927	5	1982	28
927	5	2243	30
929	5	574	25
929	5	1304	30
931	5	521	25
931	5	1095	30
932	5	1095	25
932	5	1826	27
932	5	2139	28
933	5	1252	25
933	5	1826	27
933	5	2139	28
934	5	1043	25
935	5	521	25
935	5	1722	27
935	5	2035	28
935	5	2295	30
936	5	782	25
936	5	2139	27
937	5	887	25
937	5	2243	27
938	5	1043	25
938	5	1930	27
938	5	2243	28
939	5	1200	25
940	5	626	25
940	5	1148	30
941	5	521	25
941	5	1095	30
942	5	521	25
942	5	1043	30
943	5	730	25
944	5	678	25
944	5	1826	27
944	5	2139	28
945	5	1461	25
946	5	730	25
946	5	1252	30
947	5	521	25
947	5	887	30
947	5	2139	27
948	5	521	25
948	5	1148	30
949	5	417	29
949	5	1565	25
950	5	521	25
950	5	939	30
952	5	2139	25
953	5	521	25
953	5	1200	27
953	5	1252	30
954	5	521	25
954	5	939	30
956	5	782	25
957	5	1513	25
958	5	1148	25
960	5	626	25
960	5	1565	27
960	5	1878	28
960	5	2139	30
961	5	574	25
961	5	1565	27
961	5	1878	28
961	5	2139	30
962	5	1982	25
963	5	521	25
963	5	2035	27
964	5	521	25
964	5	1095	30
965	5	887	25
965	5	2243	27
966	5	521	25
966	5	1722	27
966	5	2035	28
966	5	2295	30
967	5	1356	25
968	5	626	25
968	5	1930	27
968	5	2243	28
969	5	678	25
969	5	1513	27
969	5	1826	28
969	5	2087	30
971	5	521	25
971	5	1304	30
972	5	521	25
972	5	939	30
972	5	2243	27
973	5	626	25
973	5	887	30
974	5	574	25
975	5	1252	25
976	5	626	25
976	5	1408	27
976	5	1722	28
976	5	1982	30
977	5	1826	25
978	5	521	25
978	5	1200	30
979	5	1304	25
979	5	1930	27
979	5	2243	28
980	5	1826	25
981	5	939	25
981	5	1461	27
981	5	1774	28
981	5	2035	30
982	5	574	25
983	5	521	25
984	5	1043	25
984	5	1722	27
984	5	2035	28
984	5	2295	30
985	5	1095	25
985	5	1669	27
985	5	1982	28
985	5	2243	30
986	5	2243	25
987	5	1148	25
988	5	574	25
988	5	1982	27
988	5	2295	28
989	5	521	25
989	5	1252	30
990	5	1774	25
992	5	1774	25
993	5	834	25
994	5	1930	25
995	5	521	25
995	5	887	30
996	5	1200	25
997	5	2295	25
998	5	574	25
998	5	1252	30
998	5	2087	27
999	5	1356	25
