Realization	utility	week	infra.
0	0	1774	16
3	0	2087	16
4	0	574	29
6	0	2087	16
8	0	1669	16
10	0	521	29
14	0	469	29
15	0	521	29
16	0	574	29
17	0	574	29
18	0	2243	16
20	0	1878	16
21	0	521	29
23	0	521	29
24	0	469	29
27	0	574	29
28	0	1669	16
32	0	2295	16
34	0	2035	16
35	0	1982	16
40	0	574	29
41	0	1826	16
42	0	1826	16
43	0	1930	16
46	0	574	29
49	0	1722	16
53	0	1513	16
53	0	2191	29
57	0	521	29
58	0	1461	16
59	0	521	29
62	0	574	29
67	0	1722	16
79	0	2243	16
80	0	2295	16
87	0	521	29
88	0	1774	16
92	0	2191	16
96	0	2191	16
102	0	1826	16
104	0	1722	16
106	0	1617	16
106	0	2295	30
107	0	574	29
108	0	574	29
110	0	1774	16
113	0	521	29
119	0	2295	16
122	0	1617	16
125	0	1356	17
126	0	574	29
127	0	1148	30
128	0	521	29
130	0	469	29
131	0	1669	16
131	0	1982	17
131	0	2243	29
132	0	574	29
134	0	1774	16
135	0	521	29
136	0	521	29
137	0	1617	16
138	0	574	29
139	0	1408	16
139	0	1722	30
141	0	521	29
146	0	574	29
147	0	2035	16
149	0	1513	16
150	0	1982	16
152	0	1356	16
153	0	2191	16
154	0	574	29
155	0	521	29
156	0	521	29
158	0	2087	16
159	0	574	29
164	0	469	29
165	0	1565	16
170	0	574	29
172	0	2087	16
174	0	2139	16
175	0	1826	16
176	0	521	29
179	0	574	29
181	0	521	29
183	0	574	29
185	0	1617	16
189	0	1722	16
189	0	2035	30
193	0	2035	16
196	0	521	29
198	0	1774	16
199	0	521	29
200	0	2243	16
203	0	2295	16
204	0	574	29
206	0	521	29
206	0	2087	30
207	0	1878	16
208	0	521	29
217	0	1774	16
224	0	2243	16
225	0	574	29
226	0	469	29
228	0	574	29
230	0	574	29
231	0	574	29
232	0	574	29
233	0	2243	16
240	0	574	29
241	0	1722	16
242	0	1722	16
243	0	521	29
244	0	574	29
248	0	521	29
249	0	574	29
250	0	521	29
251	0	2139	16
256	0	1826	16
258	0	2035	16
259	0	521	29
260	0	2087	16
262	0	1930	16
266	0	574	29
267	0	521	29
269	0	1722	16
271	0	1774	16
272	0	521	29
284	0	574	29
286	0	521	29
293	0	521	29
294	0	574	29
296	0	521	29
299	0	574	29
301	0	521	29
302	0	1878	16
303	0	469	29
304	0	521	29
306	0	574	29
309	0	521	29
310	0	1617	16
310	0	2191	29
315	0	1878	16
322	0	521	29
326	0	574	29
327	0	2087	16
330	0	1722	16
332	0	1200	17
333	0	574	29
335	0	574	29
336	0	2035	16
339	0	2295	16
341	0	2139	16
342	0	521	29
343	0	574	29
345	0	574	29
346	0	1617	16
346	0	2243	29
349	0	1461	16
351	0	574	29
353	0	574	29
354	0	469	29
356	0	2295	16
358	0	2191	16
361	0	2243	16
364	0	574	29
366	0	2295	16
367	0	521	29
368	0	574	29
369	0	574	29
371	0	574	29
377	0	2295	16
387	0	1513	16
387	0	1774	30
389	0	574	29
390	0	574	29
391	0	1826	16
393	0	521	29
396	0	574	29
397	0	2035	16
399	0	521	29
402	0	1722	16
404	0	2295	16
406	0	574	29
411	0	469	29
412	0	1356	16
412	0	1565	30
413	0	574	29
414	0	1774	16
415	0	2087	16
415	0	2191	30
417	0	2139	16
418	0	1513	16
419	0	469	29
423	0	2035	16
424	0	521	29
426	0	1930	16
428	0	574	29
430	0	574	29
431	0	574	29
432	0	1565	16
433	0	2035	16
434	0	1513	16
434	0	1930	30
435	0	469	29
436	0	1461	16
436	0	1774	30
437	0	521	29
438	0	1617	16
442	0	2139	16
445	0	574	29
451	0	1722	16
453	0	521	29
455	0	2087	16
460	0	574	29
461	0	521	29
463	0	1565	16
464	0	2191	16
465	0	574	29
466	0	574	29
467	0	574	29
468	0	574	29
469	0	521	29
471	0	2139	16
472	0	521	29
473	0	1513	16
474	0	574	29
481	0	574	29
482	0	2139	16
487	0	574	29
489	0	574	29
490	0	1774	16
491	0	2243	16
492	0	1982	16
495	0	1722	16
496	0	1774	16
497	0	574	29
500	0	574	29
503	0	574	29
508	0	1513	16
508	0	2139	29
512	0	1826	16
514	0	2139	16
515	0	574	29
517	0	2243	16
519	0	574	29
520	0	574	29
521	0	574	29
522	0	1722	16
523	0	2035	16
525	0	1565	16
527	0	574	29
528	0	574	29
529	0	1356	16
529	0	1774	30
530	0	2087	16
531	0	2139	16
534	0	1513	16
534	0	2191	30
537	0	1878	16
538	0	574	29
539	0	574	29
541	0	574	29
543	0	2035	16
544	0	521	29
547	0	1669	16
547	0	2295	29
550	0	1408	16
550	0	2243	29
551	0	574	29
554	0	521	29
555	0	521	29
556	0	1722	16
558	0	574	29
559	0	2243	16
562	0	2295	16
563	0	1669	16
565	0	574	29
568	0	521	29
571	0	521	29
575	0	521	29
581	0	1982	16
583	0	1356	16
584	0	521	29
585	0	574	29
586	0	1722	16
587	0	469	29
589	0	1930	16
595	0	574	29
598	0	521	29
599	0	574	29
604	0	1982	16
606	0	1982	16
607	0	521	29
608	0	2139	16
614	0	1722	16
620	0	574	29
621	0	2295	16
622	0	574	29
626	0	2191	16
627	0	2139	16
628	0	2139	16
631	0	1774	16
632	0	574	29
639	0	521	29
641	0	574	29
646	0	574	29
649	0	574	29
652	0	2035	16
653	0	2191	16
655	0	2087	16
658	0	1565	16
661	0	574	29
662	0	2191	16
664	0	1356	16
665	0	2191	16
666	0	2139	16
668	0	2191	16
669	0	2087	16
676	0	574	29
677	0	1878	16
678	0	574	29
680	0	1722	16
682	0	521	29
686	0	574	29
691	0	1617	16
691	0	2191	30
692	0	1565	16
693	0	1878	16
695	0	521	29
697	0	521	29
701	0	1930	16
703	0	469	29
705	0	2191	16
706	0	574	29
707	0	574	29
708	0	2295	16
709	0	1722	16
710	0	1565	16
711	0	2035	16
714	0	2139	16
716	0	574	29
717	0	1826	16
718	0	574	29
721	0	2035	16
722	0	469	29
725	0	1617	16
726	0	1722	16
731	0	521	29
733	0	574	29
734	0	469	29
737	0	1826	16
738	0	1565	16
738	0	2295	30
742	0	1200	17
742	0	1826	30
743	0	521	29
744	0	2035	16
752	0	1930	16
753	0	1617	16
753	0	2191	30
754	0	574	29
755	0	574	29
756	0	574	29
758	0	574	29
763	0	2191	16
765	0	469	29
774	0	521	29
776	0	521	29
781	0	574	29
784	0	2191	16
789	0	1774	16
793	0	574	29
794	0	521	29
798	0	1982	16
803	0	1774	16
804	0	2243	16
807	0	1356	16
807	0	1774	30
810	0	1930	16
811	0	521	29
812	0	521	29
815	0	521	29
818	0	2087	16
822	0	521	29
823	0	1461	16
823	0	2191	30
824	0	2035	16
831	0	469	29
832	0	1461	16
832	0	2087	30
834	0	1565	16
834	0	2243	29
838	0	417	29
840	0	521	29
842	0	2035	16
843	0	574	29
847	0	2243	16
848	0	469	29
850	0	521	29
854	0	2191	16
855	0	574	29
863	0	574	29
864	0	521	29
865	0	574	29
866	0	574	29
868	0	2243	16
869	0	1722	16
873	0	521	29
876	0	574	29
877	0	521	29
880	0	1930	16
884	0	574	29
885	0	1408	16
887	0	521	29
890	0	2243	16
891	0	574	29
895	0	2295	16
898	0	469	29
899	0	1617	16
901	0	574	29
902	0	1722	16
903	0	521	29
906	0	521	29
908	0	2243	16
916	0	574	29
924	0	1461	16
926	0	1774	16
929	0	1774	16
931	0	521	29
932	0	2243	16
933	0	2243	16
940	0	1513	16
941	0	574	29
942	0	469	29
946	0	1930	16
947	0	1252	17
947	0	2087	30
948	0	574	29
949	0	469	29
950	0	2191	16
953	0	1774	16
954	0	521	29
961	0	2191	16
964	0	1513	16
964	0	2295	30
966	0	521	29
969	0	1982	16
971	0	574	29
972	0	521	29
974	0	574	29
976	0	1722	16
978	0	574	29
979	0	2243	16
981	0	1722	16
983	0	521	29
985	0	1982	16
989	0	521	29
995	0	574	29
998	0	1513	16
998	0	2139	30
0	1	2139	11
4	1	574	29
8	1	1617	11
10	1	521	29
14	1	469	29
15	1	521	29
16	1	574	29
17	1	574	29
20	1	2139	11
21	1	521	29
23	1	521	29
24	1	469	29
27	1	574	29
28	1	1774	11
34	1	2087	11
40	1	574	29
41	1	2191	11
43	1	1826	11
46	1	574	29
49	1	1878	11
53	1	1617	11
53	1	2191	29
57	1	521	29
58	1	1617	11
59	1	521	29
62	1	574	29
87	1	521	29
88	1	1930	11
106	1	1722	11
106	1	2295	30
107	1	574	29
108	1	574	29
110	1	1513	11
113	1	521	29
122	1	1617	11
125	1	1617	11
126	1	574	29
127	1	1148	30
128	1	521	29
130	1	469	29
131	1	2035	11
131	1	2243	29
132	1	574	29
135	1	521	29
136	1	521	29
138	1	574	29
139	1	1408	11
139	1	1722	30
141	1	521	29
146	1	574	29
147	1	2295	11
149	1	1617	11
150	1	2191	11
152	1	1774	11
154	1	574	29
155	1	521	29
156	1	521	29
158	1	2139	11
159	1	574	29
164	1	469	29
165	1	1617	11
170	1	574	29
175	1	2087	11
176	1	521	29
179	1	574	29
181	1	521	29
183	1	574	29
185	1	1722	11
189	1	1617	11
189	1	2035	30
193	1	2191	11
196	1	521	29
198	1	2087	11
199	1	521	29
204	1	574	29
206	1	521	29
206	1	2087	30
207	1	2035	11
208	1	521	29
225	1	574	29
226	1	469	29
228	1	574	29
230	1	574	29
231	1	574	29
232	1	574	29
240	1	574	29
242	1	1774	11
243	1	521	29
244	1	574	29
248	1	521	29
249	1	574	29
250	1	521	29
258	1	2243	11
259	1	521	29
266	1	574	29
267	1	521	29
269	1	1774	11
271	1	1982	11
272	1	521	29
284	1	574	29
286	1	521	29
293	1	521	29
294	1	574	29
296	1	521	29
299	1	574	29
301	1	521	29
302	1	2139	11
303	1	469	29
304	1	521	29
306	1	574	29
309	1	521	29
310	1	1617	11
310	1	2191	29
315	1	1774	11
322	1	521	29
326	1	574	29
330	1	1722	11
332	1	1774	11
333	1	574	29
335	1	574	29
342	1	521	29
343	1	574	29
345	1	574	29
346	1	1774	11
346	1	2243	29
347	1	2139	11
349	1	1513	11
351	1	574	29
353	1	574	29
354	1	469	29
361	1	2295	11
364	1	574	29
367	1	521	29
368	1	574	29
369	1	574	29
371	1	574	29
387	1	1461	11
387	1	1774	30
389	1	574	29
390	1	574	29
391	1	2191	11
393	1	521	29
396	1	574	29
399	1	521	29
406	1	574	29
411	1	469	29
412	1	1252	11
412	1	1565	30
413	1	574	29
414	1	1982	11
415	1	1669	11
415	1	2191	30
418	1	1565	11
419	1	469	29
424	1	521	29
426	1	2295	11
428	1	574	29
430	1	574	29
431	1	574	29
432	1	1513	11
434	1	1565	11
434	1	1930	30
435	1	469	29
436	1	1408	11
436	1	1774	30
437	1	521	29
445	1	574	29
451	1	1826	11
453	1	521	29
460	1	574	29
461	1	521	29
463	1	1722	11
465	1	574	29
466	1	574	29
467	1	574	29
468	1	574	29
469	1	521	29
472	1	521	29
474	1	574	29
481	1	574	29
487	1	574	29
489	1	574	29
490	1	1982	11
492	1	2035	11
496	1	1982	11
497	1	574	29
500	1	574	29
503	1	574	29
508	1	1617	11
508	1	2139	29
515	1	574	29
519	1	574	29
520	1	574	29
521	1	574	29
522	1	1826	11
523	1	2139	11
525	1	1565	11
527	1	574	29
528	1	574	29
529	1	1408	11
529	1	1774	30
531	1	2243	11
534	1	1408	11
534	1	2191	30
538	1	574	29
539	1	574	29
541	1	574	29
543	1	2295	11
544	1	521	29
547	1	1774	11
547	1	2295	29
550	1	1461	11
550	1	2243	29
551	1	574	29
554	1	521	29
555	1	521	29
558	1	574	29
559	1	2295	11
565	1	574	29
568	1	521	29
571	1	521	29
575	1	521	29
583	1	1408	11
584	1	521	29
585	1	574	29
587	1	469	29
589	1	1774	11
595	1	574	29
598	1	521	29
599	1	574	29
604	1	2087	11
606	1	2243	11
607	1	521	29
608	1	2191	11
620	1	574	29
622	1	574	29
626	1	1617	11
631	1	1982	11
632	1	574	29
639	1	521	29
641	1	574	29
646	1	574	29
649	1	574	29
652	1	2295	11
653	1	1826	11
658	1	1722	11
661	1	574	29
664	1	1565	11
666	1	1826	11
676	1	574	29
677	1	2295	11
678	1	574	29
682	1	521	29
686	1	574	29
691	1	1617	11
691	1	2191	30
692	1	1617	11
695	1	521	29
697	1	521	29
701	1	2139	11
703	1	469	29
706	1	574	29
707	1	574	29
709	1	1774	11
710	1	1617	11
716	1	574	29
717	1	2087	11
718	1	574	29
721	1	2295	11
722	1	469	29
731	1	521	29
733	1	574	29
734	1	469	29
737	1	1826	11
738	1	1669	11
738	1	2295	30
742	1	1304	11
742	1	1826	30
743	1	521	29
753	1	1722	11
753	1	2191	30
754	1	574	29
755	1	574	29
756	1	574	29
758	1	574	29
765	1	469	29
774	1	521	29
776	1	521	29
781	1	574	29
793	1	574	29
794	1	521	29
803	1	1722	11
807	1	1356	11
807	1	1774	30
811	1	521	29
812	1	521	29
815	1	521	29
822	1	521	29
823	1	1461	11
823	1	2191	30
824	1	2139	11
831	1	469	29
832	1	1513	11
832	1	2087	30
834	1	1669	11
834	1	2243	29
838	1	417	29
840	1	521	29
843	1	574	29
848	1	469	29
850	1	521	29
855	1	574	29
863	1	574	29
864	1	521	29
865	1	574	29
866	1	574	29
873	1	521	29
876	1	574	29
877	1	521	29
880	1	2087	11
884	1	574	29
885	1	1461	11
887	1	521	29
891	1	574	29
897	1	1774	11
898	1	469	29
899	1	1774	11
901	1	574	29
902	1	2139	11
903	1	521	29
906	1	521	29
916	1	574	29
924	1	1513	11
931	1	521	29
940	1	1930	11
941	1	574	29
942	1	469	29
947	1	1565	11
947	1	2087	30
948	1	574	29
949	1	469	29
950	1	1930	11
954	1	521	29
960	1	1774	11
964	1	1617	11
964	1	2295	30
966	1	521	29
969	1	2295	11
971	1	574	29
972	1	521	29
974	1	574	29
976	1	1982	11
978	1	574	29
981	1	2243	11
983	1	521	29
985	1	2191	11
989	1	521	29
995	1	574	29
998	1	1617	11
998	1	2139	30
0	2	313	26
1	2	313	26
2	2	313	26
3	2	313	26
4	2	313	26
5	2	313	26
6	2	313	26
7	2	313	26
8	2	313	26
9	2	313	26
10	2	313	26
11	2	313	26
12	2	313	26
13	2	313	26
14	2	313	26
15	2	313	26
16	2	313	26
17	2	313	26
18	2	313	26
19	2	313	26
20	2	313	26
21	2	313	26
22	2	313	26
23	2	313	26
24	2	313	26
25	2	313	26
26	2	313	26
27	2	313	26
28	2	313	26
29	2	313	26
30	2	313	26
31	2	313	26
32	2	313	26
33	2	313	26
34	2	313	26
35	2	313	26
36	2	313	26
37	2	313	26
38	2	313	26
39	2	313	26
40	2	313	26
41	2	313	26
42	2	313	26
43	2	313	26
44	2	313	26
45	2	313	26
46	2	313	26
47	2	313	26
48	2	313	26
49	2	313	26
50	2	313	26
51	2	313	26
52	2	313	26
53	2	313	26
54	2	313	26
55	2	313	26
56	2	313	26
57	2	313	26
58	2	313	26
59	2	313	26
60	2	313	26
61	2	313	26
62	2	313	26
63	2	313	26
64	2	313	26
65	2	313	26
66	2	313	26
67	2	313	26
68	2	313	26
69	2	313	26
70	2	313	26
71	2	313	26
72	2	313	26
73	2	313	26
74	2	313	26
75	2	313	26
76	2	313	26
77	2	313	26
78	2	313	26
79	2	313	26
80	2	313	26
81	2	313	26
82	2	313	26
83	2	313	26
84	2	313	26
85	2	313	26
86	2	313	26
87	2	313	26
88	2	313	26
89	2	313	26
90	2	313	26
91	2	313	26
92	2	313	26
93	2	313	26
94	2	313	26
95	2	313	26
96	2	313	26
97	2	313	26
98	2	313	26
99	2	313	26
100	2	313	26
101	2	313	26
102	2	313	26
103	2	313	26
104	2	313	26
105	2	313	26
106	2	313	26
107	2	313	26
108	2	313	26
109	2	313	26
110	2	313	26
111	2	313	26
112	2	313	26
113	2	313	26
114	2	313	26
115	2	313	26
116	2	313	26
117	2	313	26
118	2	313	26
119	2	313	26
120	2	313	26
121	2	313	26
122	2	313	26
123	2	313	26
124	2	313	26
125	2	313	26
126	2	313	26
127	2	313	26
128	2	313	26
129	2	313	26
130	2	313	26
131	2	313	26
132	2	313	26
133	2	313	26
134	2	313	26
135	2	313	26
136	2	313	26
137	2	313	26
138	2	313	26
139	2	313	26
140	2	313	26
141	2	313	26
142	2	313	26
143	2	313	26
144	2	313	26
145	2	313	26
146	2	313	26
147	2	313	26
148	2	313	26
149	2	313	26
150	2	313	26
151	2	313	26
152	2	313	26
153	2	313	26
154	2	313	26
155	2	313	26
156	2	313	26
157	2	313	26
158	2	313	26
159	2	313	26
160	2	313	26
161	2	313	26
162	2	313	26
163	2	313	26
164	2	313	26
165	2	313	26
166	2	313	26
167	2	313	26
168	2	313	26
169	2	313	26
170	2	313	26
171	2	313	26
172	2	313	26
173	2	313	26
174	2	313	26
175	2	313	26
176	2	313	26
177	2	313	26
178	2	313	26
179	2	313	26
180	2	313	26
181	2	313	26
182	2	313	26
183	2	313	26
184	2	313	26
185	2	313	26
186	2	313	26
187	2	313	26
188	2	313	26
189	2	313	26
190	2	313	26
191	2	313	26
192	2	313	26
193	2	313	26
194	2	313	26
195	2	313	26
196	2	313	26
197	2	313	26
198	2	313	26
199	2	313	26
200	2	313	26
201	2	313	26
202	2	313	26
203	2	313	26
204	2	313	26
205	2	313	26
206	2	313	26
207	2	313	26
208	2	313	26
209	2	313	26
210	2	313	26
211	2	313	26
212	2	313	26
213	2	313	26
214	2	313	26
215	2	313	26
216	2	313	26
217	2	313	26
218	2	313	26
219	2	313	26
220	2	313	26
221	2	313	26
222	2	313	26
223	2	313	26
224	2	313	26
225	2	313	26
226	2	313	26
227	2	313	26
228	2	313	26
229	2	313	26
230	2	313	26
231	2	313	26
232	2	313	26
233	2	313	26
234	2	313	26
235	2	313	26
236	2	313	26
237	2	313	26
238	2	313	26
239	2	313	26
240	2	313	26
241	2	313	26
242	2	313	26
243	2	313	26
244	2	313	26
245	2	313	26
246	2	313	26
247	2	313	26
248	2	313	26
249	2	313	26
250	2	313	26
251	2	313	26
252	2	313	26
253	2	313	26
254	2	313	26
255	2	313	26
256	2	313	26
257	2	313	26
258	2	313	26
259	2	313	26
260	2	313	26
261	2	313	26
262	2	313	26
263	2	313	26
264	2	313	26
265	2	313	26
266	2	313	26
267	2	313	26
268	2	313	26
269	2	313	26
270	2	313	26
271	2	313	26
272	2	313	26
273	2	313	26
274	2	313	26
275	2	313	26
276	2	313	26
277	2	313	26
278	2	313	26
279	2	313	26
280	2	313	26
281	2	313	26
282	2	313	26
283	2	313	26
284	2	313	26
285	2	313	26
286	2	313	26
287	2	313	26
288	2	313	26
289	2	313	26
290	2	313	26
291	2	313	26
292	2	313	26
293	2	313	26
294	2	313	26
295	2	313	26
296	2	313	26
297	2	313	26
298	2	313	26
299	2	313	26
300	2	313	26
301	2	313	26
302	2	313	26
303	2	313	26
304	2	313	26
305	2	313	26
306	2	313	26
307	2	313	26
308	2	313	26
309	2	313	26
310	2	313	26
311	2	313	26
312	2	313	26
313	2	313	26
314	2	313	26
315	2	313	26
316	2	313	26
317	2	313	26
318	2	313	26
319	2	313	26
320	2	313	26
321	2	313	26
322	2	313	26
323	2	313	26
324	2	313	26
325	2	313	26
326	2	313	26
327	2	313	26
328	2	313	26
329	2	313	26
330	2	313	26
331	2	313	26
332	2	313	26
333	2	313	26
334	2	313	26
335	2	313	26
336	2	313	26
337	2	313	26
338	2	313	26
339	2	313	26
340	2	313	26
341	2	313	26
342	2	313	26
343	2	313	26
344	2	313	26
345	2	313	26
346	2	313	26
347	2	313	26
348	2	313	26
349	2	313	26
350	2	313	26
351	2	313	26
352	2	313	26
353	2	313	26
354	2	313	26
355	2	313	26
356	2	313	26
357	2	313	26
358	2	313	26
359	2	313	26
360	2	313	26
361	2	313	26
362	2	313	26
363	2	313	26
364	2	313	26
365	2	313	26
366	2	313	26
367	2	313	26
368	2	313	26
369	2	313	26
370	2	313	26
371	2	313	26
372	2	313	26
373	2	313	26
374	2	313	26
375	2	313	26
376	2	313	26
377	2	313	26
378	2	313	26
379	2	313	26
380	2	313	26
381	2	313	26
382	2	313	26
383	2	313	26
384	2	313	26
385	2	313	26
386	2	313	26
387	2	313	26
388	2	313	26
389	2	313	26
390	2	313	26
391	2	313	26
392	2	313	26
393	2	313	26
394	2	313	26
395	2	313	26
396	2	313	26
397	2	313	26
398	2	313	26
399	2	313	26
400	2	313	26
401	2	313	26
402	2	313	26
403	2	313	26
404	2	313	26
405	2	313	26
406	2	313	26
407	2	313	26
408	2	313	26
409	2	313	26
410	2	313	26
411	2	313	26
412	2	313	26
413	2	313	26
414	2	313	26
415	2	313	26
416	2	313	26
417	2	313	26
418	2	313	26
419	2	313	26
420	2	313	26
421	2	313	26
422	2	313	26
423	2	313	26
424	2	313	26
425	2	313	26
426	2	313	26
427	2	313	26
428	2	313	26
429	2	313	26
430	2	313	26
431	2	313	26
432	2	313	26
433	2	313	26
434	2	313	26
435	2	313	26
436	2	313	26
437	2	313	26
438	2	313	26
439	2	313	26
440	2	313	26
441	2	313	26
442	2	313	26
443	2	313	26
444	2	313	26
445	2	313	26
446	2	313	26
447	2	313	26
448	2	313	26
449	2	313	26
450	2	313	26
451	2	313	26
452	2	313	26
453	2	313	26
454	2	313	26
455	2	313	26
456	2	313	26
457	2	313	26
458	2	313	26
459	2	313	26
460	2	313	26
461	2	313	26
462	2	313	26
463	2	313	26
464	2	313	26
465	2	313	26
466	2	313	26
467	2	313	26
468	2	313	26
469	2	313	26
470	2	313	26
471	2	313	26
472	2	313	26
473	2	313	26
474	2	313	26
475	2	313	26
476	2	313	26
477	2	313	26
478	2	313	26
479	2	313	26
480	2	313	26
481	2	313	26
482	2	313	26
483	2	313	26
484	2	313	26
485	2	313	26
486	2	313	26
487	2	313	26
488	2	313	26
489	2	313	26
490	2	313	26
491	2	313	26
492	2	313	26
493	2	313	26
494	2	313	26
495	2	313	26
496	2	313	26
497	2	313	26
498	2	313	26
499	2	313	26
500	2	313	26
501	2	313	26
502	2	313	26
503	2	313	26
504	2	313	26
505	2	313	26
506	2	313	26
507	2	313	26
508	2	313	26
509	2	313	26
510	2	313	26
511	2	313	26
512	2	313	26
513	2	313	26
514	2	313	26
515	2	313	26
516	2	313	26
517	2	313	26
518	2	313	26
519	2	313	26
520	2	313	26
521	2	313	26
522	2	313	26
523	2	313	26
524	2	313	26
525	2	313	26
526	2	313	26
527	2	313	26
528	2	313	26
529	2	313	26
530	2	313	26
531	2	313	26
532	2	313	26
533	2	313	26
534	2	313	26
535	2	313	26
536	2	313	26
537	2	313	26
538	2	313	26
539	2	313	26
540	2	313	26
541	2	313	26
542	2	313	26
543	2	313	26
544	2	313	26
545	2	313	26
546	2	313	26
547	2	313	26
548	2	313	26
549	2	313	26
550	2	313	26
551	2	313	26
552	2	313	26
553	2	313	26
554	2	313	26
555	2	313	26
556	2	313	26
557	2	313	26
558	2	313	26
559	2	313	26
560	2	313	26
561	2	313	26
562	2	313	26
563	2	313	26
564	2	313	26
565	2	313	26
566	2	313	26
567	2	313	26
568	2	313	26
569	2	313	26
570	2	313	26
571	2	313	26
572	2	313	26
573	2	313	26
574	2	313	26
575	2	313	26
576	2	313	26
577	2	313	26
578	2	313	26
579	2	313	26
580	2	313	26
581	2	313	26
582	2	313	26
583	2	313	26
584	2	313	26
585	2	313	26
586	2	313	26
587	2	313	26
588	2	313	26
589	2	313	26
590	2	313	26
591	2	313	26
592	2	313	26
593	2	313	26
594	2	313	26
595	2	313	26
596	2	313	26
597	2	313	26
598	2	313	26
599	2	313	26
600	2	313	26
601	2	313	26
602	2	313	26
603	2	313	26
604	2	313	26
605	2	313	26
606	2	313	26
607	2	313	26
608	2	313	26
609	2	313	26
610	2	313	26
611	2	313	26
612	2	313	26
613	2	313	26
614	2	313	26
615	2	313	26
616	2	313	26
617	2	313	26
618	2	313	26
619	2	313	26
620	2	313	26
621	2	313	26
622	2	313	26
623	2	313	26
624	2	313	26
625	2	313	26
626	2	313	26
627	2	313	26
628	2	313	26
629	2	313	26
630	2	313	26
631	2	313	26
632	2	313	26
633	2	313	26
634	2	313	26
635	2	313	26
636	2	313	26
637	2	313	26
638	2	313	26
639	2	313	26
640	2	313	26
641	2	313	26
642	2	313	26
643	2	313	26
644	2	313	26
645	2	313	26
646	2	313	26
647	2	313	26
648	2	313	26
649	2	313	26
650	2	313	26
651	2	313	26
652	2	313	26
653	2	313	26
654	2	313	26
655	2	313	26
656	2	313	26
657	2	313	26
658	2	313	26
659	2	313	26
660	2	313	26
661	2	313	26
662	2	313	26
663	2	313	26
664	2	313	26
665	2	313	26
666	2	313	26
667	2	313	26
668	2	313	26
669	2	313	26
670	2	313	26
671	2	313	26
672	2	313	26
673	2	313	26
674	2	313	26
675	2	313	26
676	2	313	26
677	2	313	26
678	2	313	26
679	2	313	26
680	2	313	26
681	2	313	26
682	2	313	26
683	2	313	26
684	2	313	26
685	2	313	26
686	2	313	26
687	2	313	26
688	2	313	26
689	2	313	26
690	2	313	26
691	2	313	26
692	2	313	26
693	2	313	26
694	2	313	26
695	2	313	26
696	2	313	26
697	2	313	26
698	2	313	26
699	2	313	26
700	2	313	26
701	2	313	26
702	2	313	26
703	2	313	26
704	2	313	26
705	2	313	26
706	2	313	26
707	2	313	26
708	2	313	26
709	2	313	26
710	2	313	26
711	2	313	26
712	2	313	26
713	2	313	26
714	2	313	26
715	2	313	26
716	2	313	26
717	2	313	26
718	2	313	26
719	2	313	26
720	2	313	26
721	2	313	26
722	2	313	26
723	2	313	26
724	2	313	26
725	2	313	26
726	2	313	26
727	2	313	26
728	2	313	26
729	2	313	26
730	2	313	26
731	2	313	26
732	2	313	26
733	2	313	26
734	2	313	26
735	2	313	26
736	2	313	26
737	2	313	26
738	2	313	26
739	2	313	26
740	2	313	26
741	2	313	26
742	2	313	26
743	2	313	26
744	2	313	26
745	2	313	26
746	2	313	26
747	2	313	26
748	2	313	26
749	2	313	26
750	2	313	26
751	2	313	26
752	2	313	26
753	2	313	26
754	2	313	26
755	2	313	26
756	2	313	26
757	2	313	26
758	2	313	26
759	2	313	26
760	2	313	26
761	2	313	26
762	2	313	26
763	2	313	26
764	2	313	26
765	2	313	26
766	2	313	26
767	2	313	26
768	2	313	26
769	2	313	26
770	2	313	26
771	2	313	26
772	2	313	26
773	2	313	26
774	2	313	26
775	2	313	26
776	2	313	26
777	2	313	26
778	2	313	26
779	2	313	26
780	2	313	26
781	2	313	26
782	2	313	26
783	2	313	26
784	2	313	26
785	2	313	26
786	2	313	26
787	2	313	26
788	2	313	26
789	2	313	26
790	2	313	26
791	2	313	26
792	2	313	26
793	2	313	26
794	2	313	26
795	2	313	26
796	2	313	26
797	2	313	26
798	2	313	26
799	2	313	26
800	2	313	26
801	2	313	26
802	2	313	26
803	2	313	26
804	2	313	26
805	2	313	26
806	2	313	26
807	2	313	26
808	2	313	26
809	2	313	26
810	2	313	26
811	2	313	26
812	2	313	26
813	2	313	26
814	2	313	26
815	2	313	26
816	2	313	26
817	2	313	26
818	2	313	26
819	2	313	26
820	2	313	26
821	2	313	26
822	2	313	26
823	2	313	26
824	2	313	26
825	2	313	26
826	2	313	26
827	2	313	26
828	2	313	26
829	2	313	26
830	2	313	26
831	2	313	26
832	2	313	26
833	2	313	26
834	2	313	26
835	2	313	26
836	2	313	26
837	2	313	26
838	2	313	26
839	2	313	26
840	2	313	26
841	2	313	26
842	2	313	26
843	2	313	26
844	2	313	26
845	2	313	26
846	2	313	26
847	2	313	26
848	2	313	26
849	2	313	26
850	2	313	26
851	2	313	26
852	2	313	26
853	2	313	26
854	2	313	26
855	2	313	26
856	2	313	26
857	2	313	26
858	2	313	26
859	2	313	26
860	2	313	26
861	2	313	26
862	2	313	26
863	2	313	26
864	2	313	26
865	2	313	26
866	2	313	26
867	2	313	26
868	2	313	26
869	2	313	26
870	2	313	26
871	2	313	26
872	2	313	26
873	2	313	26
874	2	313	26
875	2	313	26
876	2	313	26
877	2	313	26
878	2	313	26
879	2	313	26
880	2	313	26
881	2	313	26
882	2	313	26
883	2	313	26
884	2	313	26
885	2	313	26
886	2	313	26
887	2	313	26
888	2	313	26
889	2	313	26
890	2	313	26
891	2	313	26
892	2	313	26
893	2	313	26
894	2	313	26
895	2	313	26
896	2	313	26
897	2	313	26
898	2	313	26
899	2	313	26
900	2	313	26
901	2	313	26
902	2	313	26
903	2	313	26
904	2	313	26
905	2	313	26
906	2	313	26
907	2	313	26
908	2	313	26
909	2	313	26
910	2	313	26
911	2	313	26
912	2	313	26
913	2	313	26
914	2	313	26
915	2	313	26
916	2	313	26
917	2	313	26
918	2	313	26
919	2	313	26
920	2	313	26
921	2	313	26
922	2	313	26
923	2	313	26
924	2	313	26
925	2	313	26
926	2	313	26
927	2	313	26
928	2	313	26
929	2	313	26
930	2	313	26
931	2	313	26
932	2	313	26
933	2	313	26
934	2	313	26
935	2	313	26
936	2	313	26
937	2	313	26
938	2	313	26
939	2	313	26
940	2	313	26
941	2	313	26
942	2	313	26
943	2	313	26
944	2	313	26
945	2	313	26
946	2	313	26
947	2	313	26
948	2	313	26
949	2	313	26
950	2	313	26
951	2	313	26
952	2	313	26
953	2	313	26
954	2	313	26
955	2	313	26
956	2	313	26
957	2	313	26
958	2	313	26
959	2	313	26
960	2	313	26
961	2	313	26
962	2	313	26
963	2	313	26
964	2	313	26
965	2	313	26
966	2	313	26
967	2	313	26
968	2	313	26
969	2	313	26
970	2	313	26
971	2	313	26
972	2	313	26
973	2	313	26
974	2	313	26
975	2	313	26
976	2	313	26
977	2	313	26
978	2	313	26
979	2	313	26
980	2	313	26
981	2	313	26
982	2	313	26
983	2	313	26
984	2	313	26
985	2	313	26
986	2	313	26
987	2	313	26
988	2	313	26
989	2	313	26
990	2	313	26
991	2	313	26
992	2	313	26
993	2	313	26
994	2	313	26
995	2	313	26
996	2	313	26
997	2	313	26
998	2	313	26
999	2	313	26
4	3	574	29
4	3	1565	12
4	3	1878	9
4	3	2191	20
10	3	521	29
14	3	469	29
15	3	521	29
16	3	574	29
17	3	574	29
21	3	521	29
23	3	521	29
24	3	469	29
27	3	574	29
40	3	574	29
40	3	1722	12
40	3	2035	9
46	3	574	29
53	3	1930	12
53	3	2191	29
53	3	2243	9
57	3	521	29
57	3	1461	12
57	3	1774	9
58	3	1617	12
58	3	1930	9
59	3	521	29
62	3	574	29
87	3	521	29
87	3	1461	12
87	3	1774	9
88	3	2191	12
106	3	1722	12
106	3	2087	9
106	3	2295	30
107	3	574	29
108	3	574	29
113	3	521	29
122	3	1513	12
122	3	1826	9
125	3	1722	12
126	3	574	29
127	3	1148	30
128	3	521	29
128	3	1617	12
130	3	469	29
131	3	2087	12
131	3	2243	29
132	3	574	29
135	3	521	29
135	3	2295	12
136	3	521	29
136	3	1200	12
136	3	1513	9
138	3	574	29
138	3	1461	12
138	3	1982	9
139	3	1356	12
139	3	1669	9
139	3	1722	30
139	3	2035	20
141	3	521	29
141	3	1461	12
141	3	1774	9
146	3	574	29
149	3	1722	12
149	3	2191	9
152	3	1930	12
152	3	2243	9
154	3	574	29
155	3	521	29
155	3	2139	12
156	3	521	29
156	3	1774	12
156	3	2139	9
158	3	1722	12
159	3	574	29
159	3	1774	12
159	3	2087	9
164	3	469	29
165	3	1669	12
170	3	574	29
175	3	2087	12
176	3	521	29
179	3	574	29
181	3	521	29
183	3	574	29
185	3	1774	12
185	3	2139	9
189	3	1878	12
189	3	2035	30
196	3	521	29
196	3	1304	12
196	3	1617	9
199	3	521	29
204	3	574	29
206	3	521	29
206	3	1148	12
206	3	1461	9
206	3	1774	20
206	3	2087	30
207	3	2295	12
208	3	521	29
225	3	574	29
225	3	1722	12
225	3	2035	9
226	3	469	29
226	3	1722	12
228	3	574	29
228	3	1565	12
228	3	1878	9
230	3	574	29
231	3	574	29
232	3	574	29
232	3	1722	12
240	3	574	29
240	3	1826	12
240	3	2139	9
243	3	521	29
243	3	1513	12
243	3	1878	9
244	3	574	29
248	3	521	29
249	3	574	29
250	3	521	29
250	3	1408	12
250	3	1722	9
259	3	521	29
266	3	574	29
267	3	521	29
271	3	2035	12
272	3	521	29
272	3	1408	12
272	3	1722	9
272	3	2035	20
284	3	574	29
284	3	1461	12
284	3	1774	9
286	3	521	29
286	3	1513	12
286	3	1826	9
286	3	2139	20
293	3	521	29
293	3	1408	12
293	3	1774	9
294	3	574	29
296	3	521	29
299	3	574	29
301	3	521	29
303	3	469	29
303	3	1408	12
303	3	1722	9
303	3	2087	20
304	3	521	29
306	3	574	29
309	3	521	29
309	3	1408	12
309	3	1722	9
309	3	2243	20
310	3	1878	12
310	3	2191	29
310	3	2243	9
322	3	521	29
326	3	574	29
333	3	574	29
333	3	2087	12
335	3	574	29
342	3	521	29
342	3	1722	12
343	3	574	29
343	3	1774	12
343	3	2087	9
345	3	574	29
346	3	2139	12
346	3	2243	29
349	3	1408	12
349	3	1722	9
351	3	574	29
353	3	574	29
354	3	469	29
354	3	1356	12
354	3	1669	9
364	3	574	29
367	3	521	29
368	3	574	29
368	3	1356	12
368	3	1669	9
369	3	574	29
369	3	1774	12
371	3	574	29
387	3	1565	12
387	3	1774	30
387	3	2087	9
389	3	574	29
390	3	574	29
391	3	2295	12
393	3	521	29
396	3	574	29
396	3	1304	12
396	3	1617	9
399	3	521	29
406	3	574	29
411	3	469	29
411	3	1304	12
411	3	1617	9
411	3	1930	20
412	3	1304	12
412	3	1565	30
412	3	1878	9
412	3	2191	20
413	3	574	29
413	3	1200	12
413	3	1513	9
413	3	1826	20
415	3	2191	30
418	3	1565	12
418	3	1878	9
419	3	469	29
424	3	521	29
424	3	1356	12
424	3	1669	9
424	3	1982	20
428	3	574	29
430	3	574	29
431	3	574	29
432	3	2139	12
434	3	1513	12
434	3	1826	9
434	3	1930	30
434	3	2243	20
435	3	469	29
436	3	1408	12
436	3	1722	9
436	3	1774	30
437	3	521	29
445	3	574	29
445	3	2295	12
451	3	2295	12
453	3	521	29
453	3	1408	12
453	3	1722	9
460	3	574	29
461	3	521	29
463	3	1669	12
463	3	1982	9
465	3	574	29
466	3	574	29
467	3	574	29
468	3	574	29
469	3	521	29
469	3	1722	12
469	3	2035	9
472	3	521	29
474	3	574	29
481	3	574	29
481	3	1513	12
481	3	1826	9
481	3	2243	20
487	3	574	29
489	3	574	29
489	3	1513	12
490	3	1878	12
490	3	2191	9
492	3	2295	12
496	3	2035	12
497	3	574	29
500	3	574	29
500	3	1356	12
500	3	1669	9
503	3	574	29
503	3	1304	12
503	3	1617	9
503	3	1930	20
508	3	2035	12
508	3	2139	29
515	3	574	29
515	3	1774	12
515	3	2087	9
519	3	574	29
520	3	574	29
521	3	574	29
521	3	1513	12
525	3	1513	12
525	3	1826	9
525	3	2295	20
527	3	574	29
528	3	574	29
529	3	1461	12
529	3	1774	30
534	3	1356	12
534	3	1669	9
534	3	2191	30
538	3	574	29
539	3	574	29
541	3	574	29
544	3	521	29
544	3	1722	12
544	3	2035	9
547	3	1722	12
547	3	2139	9
547	3	2295	29
550	3	1408	12
550	3	1722	9
550	3	2243	29
551	3	574	29
551	3	1408	12
551	3	1722	9
551	3	2139	20
554	3	521	29
555	3	521	29
555	3	1304	12
555	3	1617	9
555	3	1930	20
558	3	574	29
565	3	574	29
565	3	1513	12
565	3	1878	9
565	3	2191	20
568	3	521	29
568	3	1669	12
571	3	521	29
575	3	521	29
575	3	1356	12
575	3	1669	9
583	3	1356	12
583	3	1669	9
584	3	521	29
585	3	574	29
585	3	1252	12
585	3	1565	9
587	3	469	29
587	3	1304	12
587	3	1617	9
595	3	574	29
595	3	1513	12
595	3	1826	9
598	3	521	29
599	3	574	29
607	3	521	29
607	3	2295	12
620	3	574	29
622	3	574	29
632	3	574	29
639	3	521	29
639	3	1565	12
639	3	1878	9
641	3	574	29
646	3	574	29
646	3	1722	12
649	3	574	29
661	3	574	29
664	3	1513	12
664	3	1826	9
664	3	2139	20
676	3	574	29
676	3	2295	12
678	3	574	29
682	3	521	29
686	3	574	29
691	3	2035	12
691	3	2191	30
692	3	1669	12
693	3	2191	12
695	3	521	29
697	3	521	29
701	3	2295	12
703	3	469	29
706	3	574	29
707	3	574	29
709	3	2295	12
710	3	1617	12
716	3	574	29
716	3	1513	12
718	3	574	29
718	3	1722	12
718	3	2139	9
722	3	469	29
722	3	1356	12
722	3	1669	9
731	3	521	29
733	3	574	29
734	3	469	29
737	3	2087	12
738	3	1669	12
738	3	1982	9
738	3	2295	30
742	3	1461	12
742	3	1826	30
742	3	2139	9
743	3	521	29
753	3	1669	12
753	3	1982	9
753	3	2191	30
754	3	574	29
755	3	574	29
756	3	574	29
756	3	1774	12
756	3	2087	9
758	3	574	29
765	3	469	29
774	3	521	29
776	3	521	29
776	3	1513	12
776	3	1826	9
776	3	2139	20
781	3	574	29
781	3	2295	12
793	3	574	29
793	3	2139	12
794	3	521	29
807	3	1304	12
807	3	1617	9
807	3	1774	30
811	3	521	29
811	3	2295	12
812	3	521	29
812	3	1774	12
812	3	2139	9
815	3	521	29
822	3	521	29
823	3	1513	12
823	3	1826	9
823	3	2191	30
831	3	469	29
831	3	1878	12
831	3	2191	9
832	3	1513	12
832	3	1826	9
832	3	2087	30
834	3	1617	12
834	3	2035	9
834	3	2243	29
838	3	417	29
840	3	521	29
840	3	1304	12
840	3	1617	9
843	3	574	29
843	3	1408	12
843	3	1722	9
843	3	2295	20
848	3	469	29
848	3	1617	12
850	3	521	29
850	3	1513	12
850	3	1826	9
855	3	574	29
863	3	574	29
864	3	521	29
864	3	1513	12
864	3	1826	9
864	3	2139	20
865	3	574	29
866	3	574	29
873	3	521	29
873	3	1722	12
876	3	574	29
877	3	521	29
877	3	1304	12
877	3	1617	9
884	3	574	29
885	3	1461	12
885	3	1774	9
887	3	521	29
891	3	574	29
898	3	469	29
901	3	574	29
903	3	521	29
906	3	521	29
916	3	574	29
916	3	1722	12
924	3	1565	12
924	3	1878	9
926	3	2035	12
931	3	521	29
931	3	1461	12
931	3	1774	9
941	3	574	29
941	3	1565	12
941	3	1878	9
941	3	2191	20
942	3	469	29
942	3	1617	12
947	3	1669	12
947	3	2087	30
948	3	574	29
949	3	469	29
949	3	1356	12
949	3	1669	9
953	3	1722	12
954	3	521	29
964	3	2295	30
966	3	521	29
971	3	574	29
972	3	521	29
972	3	1356	12
972	3	1669	9
972	3	2243	20
974	3	574	29
976	3	2035	12
978	3	574	29
978	3	1774	12
983	3	521	29
989	3	521	29
995	3	574	29
998	3	1722	12
998	3	2035	9
998	3	2139	30
0	4	678	27
1	4	678	27
2	4	782	27
3	4	1200	27
4	4	574	29
5	4	678	27
6	4	730	27
7	4	1095	27
8	4	834	27
9	4	2243	27
10	4	521	29
12	4	1774	27
13	4	1617	27
14	4	469	29
15	4	521	29
16	4	574	29
17	4	574	29
18	4	678	27
19	4	1878	27
20	4	730	27
21	4	521	29
22	4	939	27
23	4	521	29
24	4	469	29
25	4	1617	27
26	4	782	27
27	4	574	29
28	4	939	27
29	4	939	27
30	4	1252	27
31	4	678	27
32	4	1148	27
33	4	782	27
34	4	782	27
35	4	678	27
36	4	730	27
37	4	730	27
38	4	678	27
39	4	678	27
40	4	574	29
41	4	887	27
42	4	1043	27
43	4	730	27
44	4	1722	27
45	4	730	27
46	4	574	29
47	4	1252	27
48	4	2035	27
49	4	730	27
50	4	1617	27
51	4	1513	27
52	4	887	27
53	4	678	27
53	4	2191	29
55	4	782	27
56	4	1148	27
57	4	521	29
58	4	678	27
59	4	521	29
60	4	1565	27
61	4	678	27
62	4	574	29
63	4	834	27
64	4	1930	27
65	4	678	27
66	4	1200	27
67	4	887	27
68	4	1565	27
69	4	1148	27
70	4	730	27
71	4	1148	27
73	4	1669	27
74	4	1148	27
75	4	678	27
76	4	1461	27
77	4	1461	27
78	4	1565	27
79	4	887	27
80	4	678	27
81	4	678	27
82	4	730	27
83	4	1095	27
84	4	730	27
86	4	1304	27
87	4	521	29
88	4	834	27
89	4	1043	27
90	4	1304	27
91	4	678	27
92	4	678	27
93	4	1356	27
94	4	1982	27
95	4	1148	27
96	4	991	27
97	4	1461	27
98	4	1722	27
99	4	1200	27
100	4	1461	27
101	4	887	27
102	4	678	27
103	4	1095	27
104	4	678	27
106	4	782	27
106	4	2295	30
107	4	574	29
108	4	574	29
109	4	1252	27
110	4	678	27
111	4	782	27
112	4	887	27
113	4	521	29
114	4	782	27
115	4	1513	27
116	4	1304	27
117	4	1513	27
118	4	1252	27
119	4	1200	27
120	4	782	27
121	4	1095	27
122	4	678	27
123	4	1930	27
124	4	678	27
125	4	678	27
126	4	574	29
127	4	678	27
127	4	1148	30
128	4	521	29
129	4	1148	27
130	4	469	29
131	4	678	27
131	4	2243	29
132	4	574	29
133	4	782	27
134	4	991	27
135	4	521	29
136	4	521	29
137	4	887	27
138	4	574	29
139	4	678	27
139	4	1722	30
140	4	1878	27
141	4	521	29
142	4	939	27
143	4	1304	27
145	4	1148	27
146	4	574	29
147	4	834	27
148	4	1408	27
149	4	678	27
150	4	678	27
151	4	1095	27
152	4	782	27
153	4	834	27
154	4	574	29
155	4	521	29
156	4	521	29
158	4	678	27
159	4	574	29
160	4	834	27
161	4	1722	27
162	4	991	27
163	4	1148	27
164	4	469	29
165	4	730	27
166	4	1826	27
167	4	1513	27
169	4	678	27
170	4	574	29
171	4	1304	27
172	4	1095	27
173	4	1356	27
174	4	1043	27
175	4	887	27
176	4	521	29
177	4	1669	27
178	4	2035	27
179	4	574	29
180	4	2035	27
181	4	521	29
182	4	939	27
183	4	574	29
184	4	1565	27
185	4	730	27
186	4	2243	27
187	4	887	27
188	4	1826	27
189	4	991	27
189	4	2035	30
190	4	1252	27
191	4	678	27
192	4	834	27
193	4	730	27
194	4	730	27
196	4	521	29
198	4	782	27
199	4	521	29
200	4	1200	27
201	4	1669	27
202	4	887	27
203	4	1043	27
204	4	574	29
205	4	1304	27
206	4	521	29
206	4	2087	30
207	4	678	27
208	4	521	29
209	4	2243	27
210	4	678	27
211	4	1565	27
212	4	1095	27
213	4	1669	27
214	4	939	27
215	4	1252	27
216	4	2139	27
217	4	1200	27
218	4	887	27
220	4	1669	27
221	4	730	27
222	4	1878	27
223	4	730	27
224	4	1043	27
225	4	574	29
226	4	469	29
227	4	678	27
228	4	574	29
229	4	678	27
230	4	574	29
231	4	574	29
232	4	574	29
233	4	1304	27
235	4	1304	27
236	4	991	27
237	4	939	27
239	4	1252	27
240	4	574	29
241	4	939	27
242	4	678	27
243	4	521	29
244	4	574	29
245	4	1304	27
246	4	2295	27
248	4	521	29
249	4	574	29
250	4	521	29
251	4	782	27
252	4	1878	27
253	4	887	27
255	4	1148	27
256	4	1043	27
257	4	1200	27
258	4	678	27
259	4	521	29
260	4	678	27
262	4	1043	27
263	4	991	27
264	4	730	27
265	4	678	27
266	4	574	29
267	4	521	29
268	4	1095	27
269	4	678	27
270	4	1043	27
271	4	782	27
272	4	521	29
274	4	1304	27
275	4	1878	27
277	4	939	27
278	4	1565	27
279	4	1304	27
280	4	939	27
282	4	1722	27
283	4	1148	27
284	4	574	29
285	4	1095	27
286	4	521	29
287	4	1304	27
288	4	730	27
289	4	2087	27
291	4	782	27
292	4	1774	27
293	4	521	29
294	4	574	29
295	4	1148	27
296	4	521	29
297	4	1513	27
298	4	1043	27
299	4	574	29
300	4	1408	27
301	4	521	29
302	4	678	27
303	4	469	29
304	4	521	29
306	4	574	29
307	4	887	27
308	4	939	27
309	4	521	29
310	4	834	27
310	4	2191	29
311	4	1617	27
312	4	1200	27
313	4	939	27
314	4	1356	27
315	4	834	27
316	4	2243	27
317	4	1304	27
318	4	1669	27
319	4	1878	27
320	4	1252	27
321	4	678	27
322	4	521	29
323	4	1930	27
324	4	1408	27
325	4	1304	27
326	4	574	29
327	4	1148	27
328	4	782	27
329	4	1565	27
330	4	887	27
331	4	678	27
332	4	678	27
333	4	574	29
334	4	1304	27
335	4	574	29
336	4	678	27
337	4	1252	27
338	4	1722	27
339	4	678	27
340	4	1148	27
341	4	1148	27
342	4	521	29
343	4	574	29
344	4	1930	27
345	4	574	29
346	4	678	27
346	4	2243	29
347	4	730	27
348	4	678	27
349	4	678	27
350	4	2139	27
351	4	574	29
352	4	782	27
353	4	574	29
354	4	469	29
355	4	678	27
356	4	1043	27
357	4	730	27
358	4	1043	27
360	4	887	27
361	4	730	27
362	4	2087	27
364	4	574	29
365	4	1774	27
366	4	991	27
367	4	521	29
368	4	574	29
369	4	574	29
370	4	1565	27
371	4	574	29
372	4	730	27
374	4	1617	27
375	4	1356	27
376	4	834	27
377	4	1356	27
378	4	1148	27
379	4	782	27
380	4	782	27
381	4	730	27
382	4	678	27
383	4	1461	27
384	4	678	27
385	4	782	27
386	4	730	27
387	4	782	27
387	4	1774	30
388	4	2087	27
389	4	574	29
390	4	574	29
391	4	678	27
392	4	1043	27
393	4	521	29
394	4	834	27
395	4	939	27
396	4	574	29
397	4	1200	27
398	4	730	27
399	4	521	29
400	4	730	27
401	4	2295	27
402	4	782	27
403	4	2035	27
404	4	1148	27
405	4	1148	27
406	4	574	29
407	4	1148	27
409	4	1356	27
410	4	1252	27
411	4	469	29
412	4	678	27
412	4	1565	30
413	4	574	29
414	4	782	27
415	4	678	27
415	4	2191	30
416	4	1826	27
417	4	730	27
418	4	730	27
419	4	469	29
420	4	1043	27
421	4	2035	27
422	4	1200	27
423	4	1095	27
424	4	521	29
425	4	782	27
426	4	991	27
427	4	2087	27
428	4	574	29
429	4	834	27
430	4	574	29
431	4	574	29
432	4	730	27
433	4	782	27
434	4	678	27
434	4	1930	30
435	4	469	29
436	4	678	27
436	4	1774	30
437	4	521	29
438	4	939	27
439	4	939	27
440	4	782	27
442	4	834	27
443	4	991	27
444	4	1617	27
445	4	574	29
446	4	887	27
447	4	1774	27
448	4	1461	27
449	4	2035	27
450	4	2295	27
451	4	730	27
452	4	730	27
453	4	521	29
454	4	1408	27
455	4	1095	27
456	4	1304	27
457	4	730	27
458	4	2191	27
459	4	1930	27
460	4	574	29
461	4	521	29
462	4	834	27
463	4	678	27
464	4	1095	27
465	4	574	29
466	4	574	29
467	4	574	29
468	4	574	29
469	4	521	29
470	4	1930	27
471	4	1304	27
472	4	521	29
473	4	887	27
474	4	574	29
475	4	1252	27
476	4	1565	27
478	4	887	27
480	4	939	27
481	4	574	29
482	4	782	27
483	4	1722	27
484	4	1982	27
485	4	1200	27
486	4	1356	27
487	4	574	29
488	4	1356	27
489	4	574	29
490	4	1043	27
491	4	782	27
492	4	1148	27
493	4	939	27
494	4	678	27
495	4	991	27
496	4	939	27
497	4	574	29
498	4	782	27
499	4	782	27
500	4	574	29
501	4	1461	27
502	4	991	27
503	4	574	29
505	4	1408	27
506	4	1095	27
507	4	1722	27
508	4	678	27
508	4	2139	29
510	4	1930	27
512	4	1043	27
513	4	1148	27
514	4	678	27
515	4	574	29
516	4	1408	27
517	4	1304	27
518	4	939	27
519	4	574	29
520	4	574	29
521	4	574	29
522	4	991	27
523	4	678	27
524	4	2243	27
525	4	730	27
526	4	1878	27
527	4	574	29
528	4	574	29
529	4	678	27
529	4	1774	30
530	4	1304	27
531	4	1043	27
532	4	1148	27
533	4	2087	27
534	4	678	27
534	4	2191	30
535	4	1669	27
536	4	1304	27
537	4	887	27
538	4	574	29
539	4	574	29
540	4	1930	27
541	4	574	29
542	4	887	27
543	4	1200	27
544	4	521	29
545	4	887	27
546	4	1148	27
547	4	730	27
547	4	2295	29
548	4	1304	27
549	4	1356	27
550	4	678	27
550	4	2243	29
551	4	574	29
552	4	1408	27
553	4	782	27
554	4	521	29
555	4	521	29
556	4	939	27
557	4	1826	27
558	4	574	29
559	4	1043	27
560	4	1565	27
561	4	1095	27
562	4	1200	27
563	4	939	27
564	4	1408	27
565	4	574	29
566	4	678	27
567	4	834	27
568	4	521	29
569	4	1095	27
570	4	1252	27
571	4	521	29
572	4	1356	27
573	4	2243	27
574	4	730	27
575	4	521	29
576	4	1200	27
577	4	678	27
578	4	1200	27
579	4	887	27
581	4	1148	27
582	4	782	27
583	4	678	27
584	4	521	29
585	4	574	29
586	4	887	27
587	4	469	29
588	4	730	27
589	4	678	27
590	4	730	27
591	4	1722	27
593	4	834	27
594	4	887	27
595	4	574	29
596	4	834	27
597	4	730	27
598	4	521	29
599	4	574	29
600	4	1826	27
601	4	730	27
602	4	1356	27
603	4	939	27
604	4	939	27
605	4	1148	27
606	4	991	27
607	4	521	29
608	4	730	27
610	4	2191	27
611	4	1043	27
612	4	1200	27
613	4	1513	27
614	4	1200	27
615	4	939	27
616	4	1200	27
617	4	2035	27
618	4	2191	27
619	4	1200	27
620	4	574	29
621	4	1043	27
622	4	574	29
623	4	1200	27
624	4	678	27
625	4	1148	27
626	4	678	27
627	4	730	27
628	4	834	27
629	4	1252	27
630	4	1043	27
631	4	887	27
632	4	574	29
633	4	1513	27
634	4	1200	27
635	4	1513	27
637	4	1408	27
638	4	1878	27
639	4	521	29
640	4	1982	27
641	4	574	29
642	4	1200	27
644	4	730	27
645	4	887	27
646	4	574	29
647	4	1982	27
648	4	939	27
649	4	574	29
650	4	1565	27
651	4	678	27
652	4	730	27
653	4	782	27
654	4	834	27
655	4	782	27
656	4	782	27
657	4	782	27
658	4	730	27
659	4	1200	27
660	4	1043	27
661	4	574	29
662	4	887	27
663	4	1043	27
664	4	678	27
665	4	678	27
666	4	678	27
667	4	678	27
668	4	1043	27
669	4	991	27
670	4	1043	27
671	4	1617	27
672	4	991	27
673	4	1148	27
674	4	834	27
675	4	1148	27
676	4	574	29
677	4	1043	27
678	4	574	29
679	4	1252	27
680	4	1148	27
681	4	991	27
682	4	521	29
683	4	1408	27
684	4	1095	27
685	4	730	27
686	4	574	29
687	4	1408	27
688	4	1304	27
689	4	1252	27
690	4	782	27
691	4	678	27
691	4	2191	30
692	4	782	27
693	4	782	27
694	4	730	27
695	4	521	29
696	4	1252	27
697	4	521	29
698	4	1565	27
699	4	887	27
700	4	730	27
701	4	1043	27
702	4	887	27
703	4	469	29
704	4	2087	27
705	4	1148	27
706	4	574	29
707	4	574	29
708	4	1200	27
709	4	730	27
710	4	782	27
711	4	1095	27
712	4	1043	27
714	4	678	27
715	4	939	27
716	4	574	29
717	4	1095	27
718	4	574	29
719	4	834	27
720	4	1930	27
721	4	887	27
722	4	469	29
723	4	834	27
724	4	939	27
725	4	834	27
726	4	939	27
727	4	1356	27
728	4	1878	27
729	4	730	27
730	4	834	27
731	4	521	29
732	4	730	27
733	4	574	29
734	4	469	29
735	4	2087	27
736	4	1148	27
737	4	678	27
738	4	678	27
738	4	2295	30
739	4	1148	27
741	4	782	27
742	4	678	27
742	4	1826	30
743	4	521	29
744	4	1252	27
745	4	1513	27
746	4	1304	27
747	4	887	27
748	4	2035	27
749	4	1669	27
750	4	678	27
751	4	1461	27
752	4	1095	27
753	4	678	27
753	4	2191	30
754	4	574	29
755	4	574	29
756	4	574	29
757	4	1669	27
758	4	574	29
759	4	1461	27
760	4	782	27
761	4	991	27
762	4	678	27
763	4	1148	27
764	4	887	27
765	4	469	29
766	4	678	27
767	4	1148	27
768	4	1565	27
769	4	1095	27
770	4	2035	27
771	4	1148	27
772	4	1304	27
773	4	1565	27
774	4	521	29
775	4	1513	27
776	4	521	29
777	4	2087	27
778	4	730	27
779	4	1982	27
780	4	678	27
781	4	574	29
782	4	834	27
783	4	1617	27
784	4	730	27
785	4	782	27
786	4	834	27
787	4	1356	27
788	4	730	27
789	4	1148	27
790	4	1043	27
791	4	1461	27
792	4	782	27
793	4	574	29
794	4	521	29
795	4	1826	27
796	4	1565	27
797	4	730	27
798	4	1148	27
800	4	1408	27
801	4	1408	27
802	4	834	27
803	4	730	27
804	4	782	27
806	4	1461	27
807	4	678	27
807	4	1774	30
808	4	2035	27
809	4	1774	27
810	4	678	27
811	4	521	29
812	4	521	29
813	4	887	27
814	4	939	27
815	4	521	29
816	4	1148	27
817	4	2191	27
818	4	730	27
819	4	1565	27
820	4	782	27
821	4	1095	27
822	4	521	29
823	4	678	27
823	4	2191	30
824	4	1148	27
825	4	1095	27
826	4	1095	27
827	4	1200	27
828	4	1304	27
829	4	2035	27
830	4	1148	27
831	4	469	29
832	4	730	27
832	4	2087	30
833	4	1148	27
834	4	678	27
834	4	2243	29
835	4	730	27
836	4	2035	27
837	4	1304	27
838	4	417	29
839	4	1356	27
840	4	521	29
841	4	678	27
842	4	991	27
843	4	574	29
844	4	1304	27
845	4	1252	27
846	4	1461	27
847	4	1252	27
848	4	469	29
849	4	2087	27
850	4	521	29
852	4	2139	27
853	4	1356	27
854	4	1148	27
855	4	574	29
856	4	730	27
857	4	1356	27
858	4	834	27
859	4	1356	27
860	4	1461	27
861	4	678	27
862	4	1513	27
863	4	574	29
864	4	521	29
865	4	574	29
866	4	574	29
867	4	782	27
868	4	678	27
869	4	1043	27
870	4	1148	27
871	4	1148	27
873	4	521	29
875	4	678	27
876	4	574	29
877	4	521	29
878	4	1200	27
879	4	730	27
880	4	678	27
881	4	1565	27
882	4	1252	27
883	4	1878	27
884	4	574	29
885	4	730	27
886	4	1148	27
887	4	521	29
888	4	1304	27
889	4	1461	27
890	4	1252	27
891	4	574	29
892	4	1617	27
893	4	678	27
894	4	782	27
895	4	782	27
896	4	678	27
897	4	678	27
898	4	469	29
899	4	678	27
900	4	1095	27
901	4	574	29
902	4	991	27
903	4	521	29
905	4	1148	27
906	4	521	29
907	4	2139	27
908	4	678	27
909	4	1930	27
910	4	1252	27
911	4	1095	27
912	4	730	27
913	4	1356	27
914	4	939	27
915	4	1304	27
916	4	574	29
917	4	834	27
918	4	1252	27
919	4	1252	27
920	4	991	27
921	4	939	27
922	4	730	27
923	4	1356	27
924	4	678	27
925	4	678	27
926	4	782	27
927	4	939	27
929	4	678	27
931	4	521	29
932	4	1148	27
933	4	1304	27
934	4	1043	27
935	4	678	27
936	4	939	27
937	4	1774	27
938	4	1095	27
939	4	1408	27
940	4	782	27
941	4	574	29
942	4	469	29
943	4	1252	27
944	4	887	27
945	4	1408	27
946	4	991	27
947	4	730	27
947	4	2087	30
948	4	574	29
949	4	469	29
950	4	678	27
952	4	2139	27
953	4	678	27
954	4	521	29
956	4	834	27
957	4	1304	27
958	4	1252	27
960	4	730	27
961	4	887	27
962	4	2035	27
963	4	730	27
964	4	678	27
964	4	2295	30
965	4	1043	27
966	4	521	29
967	4	1722	27
968	4	730	27
969	4	782	27
971	4	574	29
972	4	521	29
973	4	834	27
974	4	574	29
975	4	1304	27
976	4	730	27
977	4	1982	27
978	4	574	29
979	4	1356	27
980	4	1826	27
981	4	1043	27
982	4	730	27
983	4	521	29
984	4	1095	27
985	4	1043	27
986	4	2191	27
987	4	1356	27
988	4	678	27
989	4	521	29
990	4	1565	27
992	4	2139	27
993	4	991	27
994	4	2035	27
995	4	574	29
996	4	1408	27
997	4	2295	27
998	4	834	27
998	4	2139	30
999	4	1617	27
0	5	678	27
1	5	678	27
2	5	782	27
3	5	1200	27
4	5	574	29
5	5	678	27
6	5	730	27
7	5	1095	27
8	5	834	27
9	5	2243	27
10	5	521	29
12	5	1774	27
13	5	1617	27
14	5	469	29
15	5	521	29
16	5	574	29
17	5	574	29
18	5	678	27
19	5	1878	27
20	5	730	27
21	5	521	29
22	5	939	27
23	5	521	29
24	5	469	29
25	5	1617	27
26	5	782	27
27	5	574	29
28	5	939	27
29	5	939	27
30	5	1252	27
31	5	678	27
32	5	1148	27
33	5	782	27
34	5	782	27
35	5	678	27
36	5	730	27
37	5	730	27
38	5	678	27
39	5	678	27
40	5	574	29
41	5	887	27
42	5	1043	27
43	5	730	27
44	5	1722	27
45	5	730	27
46	5	574	29
47	5	1252	27
48	5	2035	27
49	5	730	27
50	5	1617	27
51	5	1513	27
52	5	887	27
53	5	678	27
53	5	2191	29
55	5	782	27
56	5	1148	27
57	5	521	29
58	5	678	27
59	5	521	29
60	5	1565	27
61	5	678	27
62	5	574	29
63	5	834	27
64	5	1930	27
65	5	678	27
66	5	1200	27
67	5	887	27
68	5	1565	27
69	5	1148	27
70	5	730	27
71	5	1148	27
73	5	1669	27
74	5	1148	27
75	5	678	27
76	5	1461	27
77	5	1461	27
78	5	1565	27
79	5	887	27
80	5	678	27
81	5	678	27
82	5	730	27
83	5	1095	27
84	5	730	27
86	5	1304	27
87	5	521	29
88	5	834	27
89	5	1043	27
90	5	1304	27
91	5	678	27
92	5	678	27
93	5	1356	27
94	5	1982	27
95	5	1148	27
96	5	991	27
97	5	1461	27
98	5	1722	27
99	5	1200	27
100	5	1461	27
101	5	887	27
102	5	678	27
103	5	1095	27
104	5	678	27
106	5	782	27
106	5	2295	30
107	5	574	29
108	5	574	29
109	5	1252	27
110	5	678	27
111	5	782	27
112	5	887	27
113	5	521	29
114	5	782	27
115	5	1513	27
116	5	1304	27
117	5	1513	27
118	5	1252	27
119	5	1200	27
120	5	782	27
121	5	1095	27
122	5	678	27
123	5	1930	27
124	5	678	27
125	5	678	27
126	5	574	29
127	5	678	27
127	5	1148	30
128	5	521	29
129	5	1148	27
130	5	469	29
131	5	678	27
131	5	2243	29
132	5	574	29
133	5	782	27
134	5	991	27
135	5	521	29
136	5	521	29
137	5	887	27
138	5	574	29
139	5	678	27
139	5	1722	30
140	5	1878	27
141	5	521	29
142	5	939	27
143	5	1304	27
145	5	1148	27
146	5	574	29
147	5	834	27
148	5	1408	27
149	5	678	27
150	5	678	27
151	5	1095	27
152	5	782	27
153	5	834	27
154	5	574	29
155	5	521	29
156	5	521	29
158	5	678	27
159	5	574	29
160	5	834	27
161	5	1722	27
162	5	991	27
163	5	1148	27
164	5	469	29
165	5	730	27
166	5	1826	27
167	5	1513	27
169	5	678	27
170	5	574	29
171	5	1304	27
172	5	1095	27
173	5	1356	27
174	5	1043	27
175	5	887	27
176	5	521	29
177	5	1669	27
178	5	2035	27
179	5	574	29
180	5	2035	27
181	5	521	29
182	5	939	27
183	5	574	29
184	5	1565	27
185	5	730	27
186	5	2243	27
187	5	887	27
188	5	1826	27
189	5	991	27
189	5	2035	30
190	5	1252	27
191	5	678	27
192	5	834	27
193	5	730	27
194	5	730	27
196	5	521	29
198	5	782	27
199	5	521	29
200	5	1200	27
201	5	1669	27
202	5	887	27
203	5	1043	27
204	5	574	29
205	5	1304	27
206	5	521	29
206	5	2087	30
207	5	678	27
208	5	521	29
209	5	2243	27
210	5	678	27
211	5	1565	27
212	5	1095	27
213	5	1669	27
214	5	939	27
215	5	1252	27
216	5	2139	27
217	5	1200	27
218	5	887	27
220	5	1669	27
221	5	730	27
222	5	1878	27
223	5	730	27
224	5	1043	27
225	5	574	29
226	5	469	29
227	5	678	27
228	5	574	29
229	5	678	27
230	5	574	29
231	5	574	29
232	5	574	29
233	5	1304	27
235	5	1304	27
236	5	991	27
237	5	939	27
239	5	1252	27
240	5	574	29
241	5	939	27
242	5	678	27
243	5	521	29
244	5	574	29
245	5	1304	27
246	5	2295	27
248	5	521	29
249	5	574	29
250	5	521	29
251	5	782	27
252	5	1878	27
253	5	887	27
255	5	1148	27
256	5	1043	27
257	5	1200	27
258	5	678	27
259	5	521	29
260	5	678	27
262	5	1043	27
263	5	991	27
264	5	730	27
265	5	678	27
266	5	574	29
267	5	521	29
268	5	1095	27
269	5	678	27
270	5	1043	27
271	5	782	27
272	5	521	29
274	5	1304	27
275	5	1878	27
277	5	939	27
278	5	1565	27
279	5	1304	27
280	5	939	27
282	5	1722	27
283	5	1148	27
284	5	574	29
285	5	1095	27
286	5	521	29
287	5	1304	27
288	5	730	27
289	5	2087	27
291	5	782	27
292	5	1774	27
293	5	521	29
294	5	574	29
295	5	1148	27
296	5	521	29
297	5	1513	27
298	5	1043	27
299	5	574	29
300	5	1408	27
301	5	521	29
302	5	678	27
303	5	469	29
304	5	521	29
306	5	574	29
307	5	887	27
308	5	939	27
309	5	521	29
310	5	834	27
310	5	2191	29
311	5	1617	27
312	5	1200	27
313	5	939	27
314	5	1356	27
315	5	834	27
316	5	2243	27
317	5	1304	27
318	5	1669	27
319	5	1878	27
320	5	1252	27
321	5	678	27
322	5	521	29
323	5	1930	27
324	5	1408	27
325	5	1304	27
326	5	574	29
327	5	1148	27
328	5	782	27
329	5	1565	27
330	5	887	27
331	5	678	27
332	5	678	27
333	5	574	29
334	5	1304	27
335	5	574	29
336	5	678	27
337	5	1252	27
338	5	1722	27
339	5	678	27
340	5	1148	27
341	5	1148	27
342	5	521	29
343	5	574	29
344	5	1930	27
345	5	574	29
346	5	678	27
346	5	2243	29
347	5	730	27
348	5	678	27
349	5	678	27
350	5	2139	27
351	5	574	29
352	5	782	27
353	5	574	29
354	5	469	29
355	5	678	27
356	5	1043	27
357	5	730	27
358	5	1043	27
360	5	887	27
361	5	730	27
362	5	2087	27
364	5	574	29
365	5	1774	27
366	5	991	27
367	5	521	29
368	5	574	29
369	5	574	29
370	5	1565	27
371	5	574	29
372	5	730	27
374	5	1617	27
375	5	1356	27
376	5	834	27
377	5	1356	27
378	5	1148	27
379	5	782	27
380	5	782	27
381	5	730	27
382	5	678	27
383	5	1461	27
384	5	678	27
385	5	782	27
386	5	730	27
387	5	782	27
387	5	1774	30
388	5	2087	27
389	5	574	29
390	5	574	29
391	5	678	27
392	5	1043	27
393	5	521	29
394	5	834	27
395	5	939	27
396	5	574	29
397	5	1200	27
398	5	730	27
399	5	521	29
400	5	730	27
401	5	2295	27
402	5	782	27
403	5	2035	27
404	5	1148	27
405	5	1148	27
406	5	574	29
407	5	1148	27
409	5	1356	27
410	5	1252	27
411	5	469	29
412	5	678	27
412	5	1565	30
413	5	574	29
414	5	782	27
415	5	678	27
415	5	2191	30
416	5	1826	27
417	5	730	27
418	5	730	27
419	5	469	29
420	5	1043	27
421	5	2035	27
422	5	1200	27
423	5	1095	27
424	5	521	29
425	5	782	27
426	5	991	27
427	5	2087	27
428	5	574	29
429	5	834	27
430	5	574	29
431	5	574	29
432	5	730	27
433	5	782	27
434	5	678	27
434	5	1930	30
435	5	469	29
436	5	678	27
436	5	1774	30
437	5	521	29
438	5	939	27
439	5	939	27
440	5	782	27
442	5	834	27
443	5	991	27
444	5	1617	27
445	5	574	29
446	5	887	27
447	5	1774	27
448	5	1461	27
449	5	2035	27
450	5	2295	27
451	5	730	27
452	5	730	27
453	5	521	29
454	5	1408	27
455	5	1095	27
456	5	1304	27
457	5	730	27
458	5	2191	27
459	5	1930	27
460	5	574	29
461	5	521	29
462	5	834	27
463	5	678	27
464	5	1095	27
465	5	574	29
466	5	574	29
467	5	574	29
468	5	574	29
469	5	521	29
470	5	1930	27
471	5	1304	27
472	5	521	29
473	5	887	27
474	5	574	29
475	5	1252	27
476	5	1565	27
478	5	887	27
480	5	939	27
481	5	574	29
482	5	782	27
483	5	1722	27
484	5	1982	27
485	5	1200	27
486	5	1356	27
487	5	574	29
488	5	1356	27
489	5	574	29
490	5	1043	27
491	5	782	27
492	5	1148	27
493	5	939	27
494	5	678	27
495	5	991	27
496	5	939	27
497	5	574	29
498	5	782	27
499	5	782	27
500	5	574	29
501	5	1461	27
502	5	991	27
503	5	574	29
505	5	1408	27
506	5	1095	27
507	5	1722	27
508	5	678	27
508	5	2139	29
510	5	1930	27
512	5	1043	27
513	5	1148	27
514	5	678	27
515	5	574	29
516	5	1408	27
517	5	1304	27
518	5	939	27
519	5	574	29
520	5	574	29
521	5	574	29
522	5	991	27
523	5	678	27
524	5	2243	27
525	5	730	27
526	5	1878	27
527	5	574	29
528	5	574	29
529	5	678	27
529	5	1774	30
530	5	1304	27
531	5	1043	27
532	5	1148	27
533	5	2087	27
534	5	678	27
534	5	2191	30
535	5	1669	27
536	5	1304	27
537	5	887	27
538	5	574	29
539	5	574	29
540	5	1930	27
541	5	574	29
542	5	887	27
543	5	1200	27
544	5	521	29
545	5	887	27
546	5	1148	27
547	5	730	27
547	5	2295	29
548	5	1304	27
549	5	1356	27
550	5	678	27
550	5	2243	29
551	5	574	29
552	5	1408	27
553	5	782	27
554	5	521	29
555	5	521	29
556	5	939	27
557	5	1826	27
558	5	574	29
559	5	1043	27
560	5	1565	27
561	5	1095	27
562	5	1200	27
563	5	939	27
564	5	1408	27
565	5	574	29
566	5	678	27
567	5	834	27
568	5	521	29
569	5	1095	27
570	5	1252	27
571	5	521	29
572	5	1356	27
573	5	2243	27
574	5	730	27
575	5	521	29
576	5	1200	27
577	5	678	27
578	5	1200	27
579	5	887	27
581	5	1148	27
582	5	782	27
583	5	678	27
584	5	521	29
585	5	574	29
586	5	887	27
587	5	469	29
588	5	730	27
589	5	678	27
590	5	730	27
591	5	1722	27
593	5	834	27
594	5	887	27
595	5	574	29
596	5	834	27
597	5	730	27
598	5	521	29
599	5	574	29
600	5	1826	27
601	5	730	27
602	5	1356	27
603	5	939	27
604	5	939	27
605	5	1148	27
606	5	991	27
607	5	521	29
608	5	730	27
610	5	2191	27
611	5	1043	27
612	5	1200	27
613	5	1513	27
614	5	1200	27
615	5	939	27
616	5	1200	27
617	5	2035	27
618	5	2191	27
619	5	1200	27
620	5	574	29
621	5	1043	27
622	5	574	29
623	5	1200	27
624	5	678	27
625	5	1148	27
626	5	678	27
627	5	730	27
628	5	834	27
629	5	1252	27
630	5	1043	27
631	5	887	27
632	5	574	29
633	5	1513	27
634	5	1200	27
635	5	1513	27
637	5	1408	27
638	5	1878	27
639	5	521	29
640	5	1982	27
641	5	574	29
642	5	1200	27
644	5	730	27
645	5	887	27
646	5	574	29
647	5	1982	27
648	5	939	27
649	5	574	29
650	5	1565	27
651	5	678	27
652	5	730	27
653	5	782	27
654	5	834	27
655	5	782	27
656	5	782	27
657	5	782	27
658	5	730	27
659	5	1200	27
660	5	1043	27
661	5	574	29
662	5	887	27
663	5	1043	27
664	5	678	27
665	5	678	27
666	5	678	27
667	5	678	27
668	5	1043	27
669	5	991	27
670	5	1043	27
671	5	1617	27
672	5	991	27
673	5	1148	27
674	5	834	27
675	5	1148	27
676	5	574	29
677	5	1043	27
678	5	574	29
679	5	1252	27
680	5	1148	27
681	5	991	27
682	5	521	29
683	5	1408	27
684	5	1095	27
685	5	730	27
686	5	574	29
687	5	1408	27
688	5	1304	27
689	5	1252	27
690	5	782	27
691	5	678	27
691	5	2191	30
692	5	782	27
693	5	782	27
694	5	730	27
695	5	521	29
696	5	1252	27
697	5	521	29
698	5	1565	27
699	5	887	27
700	5	730	27
701	5	1043	27
702	5	887	27
703	5	469	29
704	5	2087	27
705	5	1148	27
706	5	574	29
707	5	574	29
708	5	1200	27
709	5	730	27
710	5	782	27
711	5	1095	27
712	5	1043	27
714	5	678	27
715	5	939	27
716	5	574	29
717	5	1095	27
718	5	574	29
719	5	834	27
720	5	1930	27
721	5	887	27
722	5	469	29
723	5	834	27
724	5	939	27
725	5	834	27
726	5	939	27
727	5	1356	27
728	5	1878	27
729	5	730	27
730	5	834	27
731	5	521	29
732	5	730	27
733	5	574	29
734	5	469	29
735	5	2087	27
736	5	1148	27
737	5	678	27
738	5	678	27
738	5	2295	30
739	5	1148	27
741	5	782	27
742	5	678	27
742	5	1826	30
743	5	521	29
744	5	1252	27
745	5	1513	27
746	5	1304	27
747	5	887	27
748	5	2035	27
749	5	1669	27
750	5	678	27
751	5	1461	27
752	5	1095	27
753	5	678	27
753	5	2191	30
754	5	574	29
755	5	574	29
756	5	574	29
757	5	1669	27
758	5	574	29
759	5	1461	27
760	5	782	27
761	5	991	27
762	5	678	27
763	5	1148	27
764	5	887	27
765	5	469	29
766	5	678	27
767	5	1148	27
768	5	1565	27
769	5	1095	27
770	5	2035	27
771	5	1148	27
772	5	1304	27
773	5	1565	27
774	5	521	29
775	5	1513	27
776	5	521	29
777	5	2087	27
778	5	730	27
779	5	1982	27
780	5	678	27
781	5	574	29
782	5	834	27
783	5	1617	27
784	5	730	27
785	5	782	27
786	5	834	27
787	5	1356	27
788	5	730	27
789	5	1148	27
790	5	1043	27
791	5	1461	27
792	5	782	27
793	5	574	29
794	5	521	29
795	5	1826	27
796	5	1565	27
797	5	730	27
798	5	1148	27
800	5	1408	27
801	5	1408	27
802	5	834	27
803	5	730	27
804	5	782	27
806	5	1461	27
807	5	678	27
807	5	1774	30
808	5	2035	27
809	5	1774	27
810	5	678	27
811	5	521	29
812	5	521	29
813	5	887	27
814	5	939	27
815	5	521	29
816	5	1148	27
817	5	2191	27
818	5	730	27
819	5	1565	27
820	5	782	27
821	5	1095	27
822	5	521	29
823	5	678	27
823	5	2191	30
824	5	1148	27
825	5	1095	27
826	5	1095	27
827	5	1200	27
828	5	1304	27
829	5	2035	27
830	5	1148	27
831	5	469	29
832	5	730	27
832	5	2087	30
833	5	1148	27
834	5	678	27
834	5	2243	29
835	5	730	27
836	5	2035	27
837	5	1304	27
838	5	417	29
839	5	1356	27
840	5	521	29
841	5	678	27
842	5	991	27
843	5	574	29
844	5	1304	27
845	5	1252	27
846	5	1461	27
847	5	1252	27
848	5	469	29
849	5	2087	27
850	5	521	29
852	5	2139	27
853	5	1356	27
854	5	1148	27
855	5	574	29
856	5	730	27
857	5	1356	27
858	5	834	27
859	5	1356	27
860	5	1461	27
861	5	678	27
862	5	1513	27
863	5	574	29
864	5	521	29
865	5	574	29
866	5	574	29
867	5	782	27
868	5	678	27
869	5	1043	27
870	5	1148	27
871	5	1148	27
873	5	521	29
875	5	678	27
876	5	574	29
877	5	521	29
878	5	1200	27
879	5	730	27
880	5	678	27
881	5	1565	27
882	5	1252	27
883	5	1878	27
884	5	574	29
885	5	730	27
886	5	1148	27
887	5	521	29
888	5	1304	27
889	5	1461	27
890	5	1252	27
891	5	574	29
892	5	1617	27
893	5	678	27
894	5	782	27
895	5	782	27
896	5	678	27
897	5	678	27
898	5	469	29
899	5	678	27
900	5	1095	27
901	5	574	29
902	5	991	27
903	5	521	29
905	5	1148	27
906	5	521	29
907	5	2139	27
908	5	678	27
909	5	1930	27
910	5	1252	27
911	5	1095	27
912	5	730	27
913	5	1356	27
914	5	939	27
915	5	1304	27
916	5	574	29
917	5	834	27
918	5	1252	27
919	5	1252	27
920	5	991	27
921	5	939	27
922	5	730	27
923	5	1356	27
924	5	678	27
925	5	678	27
926	5	782	27
927	5	939	27
929	5	678	27
931	5	521	29
932	5	1148	27
933	5	1304	27
934	5	1043	27
935	5	678	27
936	5	939	27
937	5	1774	27
938	5	1095	27
939	5	1408	27
940	5	782	27
941	5	574	29
942	5	469	29
943	5	1252	27
944	5	887	27
945	5	1408	27
946	5	991	27
947	5	730	27
947	5	2087	30
948	5	574	29
949	5	469	29
950	5	678	27
952	5	2139	27
953	5	678	27
954	5	521	29
956	5	834	27
957	5	1304	27
958	5	1252	27
960	5	730	27
961	5	887	27
962	5	2035	27
963	5	730	27
964	5	678	27
964	5	2295	30
965	5	1043	27
966	5	521	29
967	5	1722	27
968	5	730	27
969	5	782	27
971	5	574	29
972	5	521	29
973	5	834	27
974	5	574	29
975	5	1304	27
976	5	730	27
977	5	1982	27
978	5	574	29
979	5	1356	27
980	5	1826	27
981	5	1043	27
982	5	730	27
983	5	521	29
984	5	1095	27
985	5	1043	27
986	5	2191	27
987	5	1356	27
988	5	678	27
989	5	521	29
990	5	1565	27
992	5	2139	27
993	5	991	27
994	5	2035	27
995	5	574	29
996	5	1408	27
997	5	2295	27
998	5	834	27
998	5	2139	30
999	5	1617	27
