Realization	utility	week	infra.
0	0	730	29
1	0	678	29
2	0	469	29
3	0	1304	29
4	0	1043	29
4	0	2243	30
5	0	991	29
6	0	417	29
7	0	574	29
8	0	1095	29
9	0	834	29
10	0	730	29
12	0	678	29
13	0	678	29
14	0	469	29
15	0	469	29
16	0	991	29
17	0	730	29
18	0	417	29
19	0	1878	29
20	0	1095	29
21	0	417	29
22	0	574	29
23	0	887	29
24	0	469	29
25	0	1669	29
26	0	1304	29
27	0	469	29
28	0	469	29
29	0	521	29
30	0	1408	29
31	0	1043	29
32	0	1304	29
33	0	1565	29
34	0	469	29
35	0	834	29
36	0	939	29
37	0	1878	29
38	0	1200	29
39	0	939	29
40	0	834	29
41	0	1252	29
42	0	1200	29
43	0	417	29
44	0	1617	29
45	0	1200	29
46	0	469	29
47	0	834	29
48	0	834	29
49	0	469	29
50	0	1565	29
51	0	1408	29
52	0	574	29
53	0	469	29
53	0	2191	30
55	0	1878	29
56	0	834	29
57	0	469	29
58	0	469	29
59	0	782	29
60	0	678	29
61	0	1408	29
62	0	991	29
63	0	417	29
64	0	2035	29
65	0	469	29
66	0	1408	29
67	0	1200	29
68	0	1513	29
69	0	521	29
70	0	469	29
71	0	1252	29
72	0	2035	29
73	0	1617	29
74	0	1982	29
75	0	887	29
76	0	1461	29
77	0	1408	29
78	0	1356	29
79	0	1461	29
80	0	834	29
81	0	1826	29
82	0	1826	29
83	0	730	29
84	0	1043	29
85	0	1617	29
86	0	730	29
87	0	417	29
88	0	1200	29
89	0	1356	29
90	0	1408	29
92	0	834	29
93	0	1356	29
94	0	1513	29
95	0	1878	29
96	0	678	29
97	0	782	29
98	0	1669	29
99	0	678	29
100	0	1304	29
101	0	1513	29
102	0	1304	29
103	0	521	29
104	0	417	29
105	0	2191	29
106	0	469	29
106	0	2295	30
107	0	782	29
108	0	991	29
109	0	1356	29
110	0	834	29
111	0	1826	29
112	0	469	29
113	0	469	29
114	0	1982	29
115	0	1461	29
116	0	1513	29
117	0	1461	29
118	0	1356	29
119	0	1356	29
120	0	1617	29
121	0	834	29
122	0	939	29
123	0	1878	29
124	0	678	29
125	0	469	29
126	0	469	29
127	0	939	29
128	0	678	29
129	0	782	29
130	0	417	29
131	0	1148	29
132	0	834	29
133	0	1304	29
134	0	1565	29
135	0	1095	29
136	0	469	29
137	0	469	29
138	0	730	29
139	0	939	29
139	0	2087	30
140	0	1565	29
141	0	887	29
142	0	521	29
143	0	1408	29
145	0	1304	29
146	0	1095	29
147	0	1148	29
148	0	1408	29
149	0	782	29
150	0	469	29
151	0	521	29
152	0	469	29
153	0	1722	29
154	0	991	29
155	0	834	29
156	0	887	29
158	0	469	29
159	0	730	29
160	0	1200	29
161	0	1565	29
162	0	678	29
163	0	730	29
164	0	469	29
165	0	469	29
166	0	1722	29
167	0	834	29
169	0	887	29
170	0	939	29
171	0	2139	29
172	0	730	29
173	0	1408	29
174	0	521	29
175	0	1148	29
176	0	991	29
177	0	1722	29
178	0	2139	29
179	0	1095	29
180	0	730	29
181	0	782	29
182	0	417	29
183	0	469	29
184	0	678	29
185	0	991	29
186	0	2243	29
187	0	469	29
188	0	730	29
189	0	1200	29
190	0	730	29
191	0	782	29
192	0	1148	29
193	0	1200	29
196	0	469	29
196	0	1878	30
198	0	1148	29
199	0	939	29
200	0	1304	29
201	0	1669	29
202	0	574	29
203	0	469	29
204	0	939	29
205	0	1356	29
206	0	678	29
206	0	1930	30
207	0	939	29
208	0	469	29
209	0	2243	29
210	0	417	29
211	0	1565	29
212	0	1408	29
213	0	1617	29
214	0	469	29
215	0	1356	29
216	0	626	29
217	0	1304	29
218	0	1252	29
219	0	2191	29
220	0	1408	29
221	0	417	29
222	0	834	29
223	0	469	29
224	0	1513	29
225	0	834	29
226	0	469	29
227	0	1826	29
228	0	469	29
229	0	469	29
230	0	469	29
231	0	469	29
232	0	887	29
233	0	1408	29
235	0	1513	29
236	0	626	29
237	0	521	29
238	0	730	29
239	0	1252	29
240	0	834	29
241	0	469	29
242	0	1095	29
243	0	469	29
243	0	2295	30
244	0	417	29
245	0	887	29
246	0	2139	29
247	0	1669	29
248	0	782	29
249	0	678	29
250	0	782	29
251	0	469	29
252	0	782	29
253	0	521	29
255	0	574	29
256	0	469	29
257	0	887	29
258	0	730	29
259	0	730	29
260	0	469	29
262	0	521	29
263	0	521	29
264	0	991	29
265	0	1982	29
266	0	1200	29
267	0	887	29
268	0	626	29
269	0	939	29
270	0	1930	29
271	0	1148	29
272	0	469	29
272	0	2035	30
273	0	2295	29
274	0	1252	29
275	0	1513	29
276	0	2191	29
277	0	2035	29
278	0	1513	29
279	0	1304	29
280	0	469	29
282	0	1461	29
283	0	1304	29
284	0	730	29
285	0	1304	29
286	0	469	29
286	0	2295	30
287	0	1304	29
288	0	1408	29
289	0	678	29
292	0	1461	29
293	0	782	29
294	0	887	29
295	0	678	29
296	0	939	29
297	0	1252	29
298	0	1252	29
299	0	939	29
300	0	626	29
301	0	834	29
302	0	1252	29
303	0	469	29
304	0	887	29
306	0	469	29
307	0	469	29
308	0	417	29
309	0	678	29
309	0	2295	30
310	0	991	29
311	0	521	29
312	0	678	29
314	0	1356	29
315	0	1252	29
316	0	2139	29
317	0	1356	29
318	0	1461	29
319	0	887	29
320	0	1408	29
321	0	782	29
322	0	469	29
323	0	1878	29
324	0	1408	29
325	0	1356	29
326	0	782	29
327	0	1252	29
328	0	521	29
329	0	1461	29
330	0	1252	29
331	0	887	29
332	0	1095	29
333	0	939	29
334	0	1356	29
335	0	834	29
336	0	1043	29
337	0	521	29
338	0	626	29
339	0	887	29
340	0	1304	29
341	0	1304	29
342	0	469	29
343	0	782	29
344	0	2087	29
345	0	469	29
346	0	417	29
346	0	2295	30
347	0	1252	29
348	0	887	29
349	0	939	29
350	0	2139	29
352	0	469	29
353	0	939	29
354	0	469	29
355	0	939	29
356	0	521	29
357	0	939	29
358	0	678	29
360	0	1982	29
361	0	1304	29
362	0	782	29
364	0	887	29
365	0	1513	29
366	0	469	29
367	0	1669	29
368	0	782	29
369	0	1043	29
370	0	521	29
371	0	469	29
372	0	1461	29
373	0	626	29
374	0	1513	29
375	0	1408	29
376	0	1826	29
377	0	1408	29
378	0	678	29
379	0	1200	29
380	0	1878	29
381	0	1878	29
382	0	834	29
383	0	1408	29
384	0	1095	29
385	0	1774	29
386	0	417	29
387	0	991	29
388	0	2139	29
389	0	834	29
390	0	678	29
391	0	887	29
392	0	626	29
393	0	782	29
394	0	1565	29
396	0	782	29
397	0	1356	29
398	0	469	29
399	0	469	29
400	0	1304	29
401	0	2243	29
402	0	1043	29
403	0	2139	29
404	0	1669	29
405	0	678	29
406	0	939	29
407	0	1252	29
409	0	678	29
410	0	626	29
411	0	417	29
412	0	939	29
412	0	2087	30
413	0	782	29
414	0	469	29
415	0	939	29
416	0	1408	29
417	0	1148	29
418	0	939	29
419	0	417	29
420	0	1356	29
421	0	2087	29
422	0	574	29
423	0	730	29
424	0	939	29
424	0	2191	30
425	0	1774	29
426	0	782	29
427	0	2139	29
428	0	887	29
429	0	417	29
430	0	991	29
431	0	730	29
432	0	1043	29
433	0	1200	29
434	0	782	29
434	0	2243	30
435	0	469	29
436	0	730	29
437	0	834	29
438	0	417	29
439	0	574	29
440	0	469	29
441	0	1617	29
442	0	1513	29
443	0	469	29
444	0	1565	29
445	0	834	29
446	0	1878	29
447	0	1513	29
448	0	626	29
449	0	2139	29
450	0	2295	29
451	0	469	29
452	0	469	29
453	0	782	29
454	0	1356	29
455	0	1304	29
456	0	1408	29
457	0	469	29
458	0	1356	29
459	0	574	29
460	0	887	29
461	0	469	29
462	0	469	29
463	0	1043	29
464	0	574	29
465	0	887	29
466	0	782	29
467	0	469	29
468	0	887	29
469	0	678	29
470	0	1304	29
471	0	730	29
472	0	469	29
473	0	1252	29
474	0	1095	29
475	0	574	29
476	0	1304	29
477	0	574	29
478	0	1826	29
481	0	991	29
482	0	1408	29
483	0	1669	29
484	0	2191	29
485	0	834	29
486	0	1408	29
487	0	782	29
488	0	1408	29
489	0	730	29
490	0	521	29
491	0	1461	29
492	0	626	29
494	0	939	29
495	0	1148	29
496	0	469	29
497	0	469	29
498	0	1565	29
499	0	1930	29
500	0	782	29
501	0	1356	29
502	0	1408	29
503	0	782	29
503	0	2139	30
504	0	1722	29
505	0	1356	29
506	0	730	29
507	0	1669	29
508	0	782	29
508	0	2295	30
510	0	2139	29
512	0	574	29
513	0	626	29
514	0	1148	29
515	0	678	29
516	0	1408	29
517	0	1408	29
518	0	1304	29
519	0	469	29
520	0	1878	29
521	0	834	29
522	0	1304	29
523	0	834	29
524	0	2139	29
525	0	1043	29
526	0	1252	29
527	0	469	29
528	0	834	29
529	0	887	29
530	0	1408	29
531	0	730	29
532	0	574	29
533	0	2139	29
534	0	834	29
535	0	1565	29
536	0	1304	29
537	0	1148	29
538	0	469	29
539	0	730	29
540	0	834	29
541	0	469	29
542	0	1408	29
543	0	1304	29
544	0	469	29
544	0	2295	30
546	0	1356	29
547	0	1148	29
548	0	1356	29
549	0	1408	29
550	0	469	29
550	0	2191	30
551	0	469	29
552	0	1408	29
553	0	469	29
554	0	469	29
555	0	469	29
555	0	2035	30
556	0	469	29
557	0	782	29
558	0	417	29
559	0	678	29
560	0	1408	29
561	0	521	29
562	0	626	29
563	0	469	29
564	0	1408	29
565	0	887	29
565	0	2243	30
566	0	469	29
567	0	469	29
568	0	887	29
569	0	574	29
570	0	1408	29
571	0	887	29
572	0	1461	29
573	0	2243	29
575	0	782	29
576	0	1304	29
577	0	834	29
578	0	626	29
580	0	1774	29
581	0	730	29
582	0	1565	29
583	0	730	29
584	0	887	29
585	0	782	29
586	0	1252	29
587	0	469	29
588	0	939	29
589	0	469	29
590	0	939	29
591	0	1513	29
593	0	1930	29
594	0	469	29
595	0	887	29
596	0	1095	29
597	0	1930	29
598	0	730	29
599	0	730	29
600	0	1408	29
601	0	1304	29
602	0	887	29
603	0	469	29
604	0	1356	29
605	0	730	29
606	0	1095	29
607	0	469	29
608	0	469	29
611	0	469	29
612	0	1252	29
613	0	1304	29
614	0	1304	29
615	0	574	29
616	0	678	29
617	0	1252	29
618	0	1617	29
619	0	574	29
620	0	887	29
621	0	626	29
622	0	469	29
623	0	782	29
624	0	469	29
625	0	834	29
626	0	417	29
627	0	1200	29
628	0	1200	29
629	0	574	29
630	0	521	29
631	0	469	29
632	0	678	29
633	0	1565	29
634	0	1356	29
635	0	1461	29
636	0	2191	29
637	0	678	29
638	0	1304	29
639	0	469	29
640	0	521	29
641	0	469	29
642	0	1304	29
644	0	1982	29
645	0	1200	29
646	0	939	29
647	0	1356	29
648	0	1304	29
649	0	887	29
650	0	1461	29
652	0	1200	29
653	0	1304	29
654	0	521	29
655	0	469	29
656	0	469	29
657	0	469	29
658	0	1043	29
659	0	1304	29
660	0	521	29
661	0	939	29
662	0	1304	29
663	0	678	29
664	0	1095	29
665	0	887	29
666	0	887	29
667	0	469	29
668	0	626	29
669	0	1408	29
670	0	574	29
671	0	678	29
672	0	1722	29
673	0	521	29
674	0	1200	29
675	0	730	29
676	0	1043	29
677	0	521	29
678	0	939	29
679	0	834	29
680	0	678	29
681	0	574	29
682	0	469	29
683	0	1304	29
684	0	730	29
685	0	469	29
686	0	1565	29
687	0	1461	29
688	0	1356	29
689	0	1304	29
690	0	469	29
691	0	1043	29
692	0	469	29
693	0	417	29
694	0	1200	29
695	0	678	29
696	0	574	29
697	0	939	29
698	0	1461	29
699	0	469	29
700	0	469	29
701	0	574	29
702	0	469	29
703	0	469	29
704	0	1930	29
705	0	626	29
706	0	469	29
707	0	1408	29
708	0	1252	29
709	0	469	29
710	0	469	29
711	0	834	29
712	0	1565	29
713	0	887	29
714	0	834	29
715	0	1461	29
716	0	730	29
717	0	730	29
718	0	469	29
719	0	521	29
720	0	1878	29
721	0	1200	29
722	0	469	29
723	0	417	29
724	0	469	29
725	0	1200	29
726	0	469	29
727	0	1252	29
728	0	1878	29
729	0	1878	29
730	0	1304	29
731	0	730	29
732	0	1461	29
733	0	834	29
734	0	469	29
735	0	2139	29
736	0	626	29
737	0	991	29
738	0	1095	29
739	0	1304	29
741	0	469	29
742	0	887	29
742	0	2295	30
743	0	887	29
744	0	1304	29
745	0	626	29
746	0	1408	29
747	0	1513	29
748	0	2139	29
749	0	1252	29
750	0	1930	29
751	0	678	29
752	0	574	29
753	0	834	29
754	0	887	29
755	0	782	29
756	0	834	29
757	0	1408	29
758	0	782	29
759	0	1408	29
760	0	469	29
761	0	469	29
762	0	1095	29
763	0	1304	29
765	0	469	29
766	0	2087	29
767	0	1304	29
768	0	1461	29
770	0	2087	29
771	0	1304	29
772	0	521	29
773	0	1513	29
774	0	469	29
775	0	782	29
776	0	469	29
777	0	2139	29
778	0	991	29
779	0	2087	29
780	0	1930	29
781	0	1095	29
782	0	469	29
783	0	1408	29
784	0	469	29
785	0	1878	29
786	0	469	29
787	0	1408	29
788	0	469	29
789	0	1252	29
790	0	521	29
791	0	1356	29
793	0	469	29
794	0	782	29
795	0	730	29
796	0	1408	29
797	0	887	29
798	0	626	29
800	0	1356	29
801	0	1408	29
802	0	469	29
803	0	1095	29
804	0	469	29
806	0	1408	29
807	0	782	29
808	0	2139	29
809	0	1774	29
810	0	469	29
811	0	782	29
812	0	417	29
813	0	1617	29
815	0	417	29
816	0	782	29
817	0	2191	29
818	0	1252	29
819	0	1461	29
820	0	2087	29
821	0	1304	29
822	0	782	29
823	0	730	29
824	0	730	29
825	0	626	29
826	0	1356	29
827	0	521	29
828	0	1408	29
829	0	2139	29
830	0	782	29
831	0	469	29
831	0	2191	30
832	0	939	29
833	0	1304	29
834	0	939	29
835	0	1722	29
836	0	2191	29
837	0	1252	29
838	0	417	29
839	0	1461	29
840	0	417	29
841	0	469	29
842	0	469	29
843	0	730	29
843	0	2191	30
844	0	887	29
845	0	1356	29
846	0	1513	29
847	0	1356	29
848	0	469	29
849	0	834	29
850	0	887	29
851	0	2191	29
852	0	626	29
853	0	1356	29
854	0	887	29
855	0	469	29
856	0	1774	29
857	0	1356	29
858	0	1252	29
860	0	1617	29
861	0	834	29
862	0	1565	29
863	0	469	29
864	0	469	29
864	0	2243	30
865	0	469	29
866	0	782	29
867	0	1565	29
868	0	469	29
869	0	574	29
870	0	834	29
871	0	1304	29
873	0	834	29
875	0	417	29
876	0	939	29
877	0	782	29
878	0	1304	29
879	0	1669	29
880	0	834	29
881	0	574	29
882	0	1408	29
883	0	1617	29
884	0	939	29
885	0	887	29
886	0	574	29
887	0	1356	29
888	0	626	29
889	0	1408	29
890	0	1408	29
891	0	887	29
892	0	1565	29
893	0	2243	29
894	0	1669	29
895	0	417	29
896	0	887	29
897	0	469	29
898	0	469	29
899	0	939	29
900	0	626	29
901	0	782	29
902	0	1148	29
903	0	417	29
905	0	834	29
906	0	469	29
907	0	2087	29
908	0	887	29
909	0	2035	29
910	0	1252	29
911	0	574	29
912	0	469	29
913	0	1408	29
914	0	1252	29
915	0	1356	29
916	0	939	29
917	0	1826	29
918	0	1356	29
919	0	1304	29
920	0	1617	29
921	0	469	29
922	0	1878	29
923	0	1304	29
924	0	469	29
925	0	991	29
926	0	1148	29
927	0	521	29
929	0	991	29
930	0	626	29
931	0	834	29
932	0	730	29
933	0	1408	29
934	0	678	29
935	0	417	29
936	0	469	29
937	0	1982	29
938	0	626	29
939	0	834	29
940	0	469	29
941	0	469	29
942	0	469	29
943	0	469	29
944	0	469	29
945	0	1461	29
946	0	417	29
947	0	991	29
948	0	834	29
949	0	417	29
950	0	782	29
951	0	1930	29
952	0	1878	29
953	0	939	29
954	0	469	29
955	0	730	29
957	0	1304	29
958	0	626	29
959	0	2035	29
960	0	1043	29
961	0	1043	29
962	0	2139	29
963	0	939	29
964	0	469	29
965	0	1200	29
966	0	887	29
967	0	834	29
968	0	469	29
969	0	469	29
971	0	1148	29
972	0	626	29
973	0	469	29
974	0	469	29
975	0	1356	29
976	0	469	29
977	0	1722	29
978	0	469	29
979	0	1408	29
980	0	1513	29
981	0	1200	29
982	0	469	29
983	0	887	29
984	0	678	29
985	0	1304	29
987	0	782	29
988	0	1774	29
989	0	782	29
990	0	1669	29
991	0	834	29
992	0	1722	29
994	0	2087	29
995	0	730	29
996	0	1304	29
998	0	469	29
998	0	2191	30
999	0	1408	29
0	1	730	29
1	1	678	29
2	1	469	29
3	1	1304	29
4	1	1043	29
4	1	2243	30
5	1	991	29
6	1	417	29
7	1	574	29
8	1	1095	29
9	1	834	29
10	1	730	29
12	1	678	29
13	1	678	29
14	1	469	29
15	1	469	29
16	1	991	29
17	1	730	29
18	1	417	29
19	1	1878	29
20	1	1095	29
21	1	417	29
22	1	574	29
23	1	887	29
24	1	469	29
25	1	1669	29
26	1	1304	29
27	1	469	29
28	1	469	29
29	1	521	29
30	1	1408	29
31	1	1043	29
32	1	1304	29
33	1	1565	29
34	1	469	29
35	1	834	29
36	1	939	29
37	1	1878	29
38	1	1200	29
39	1	939	29
40	1	834	29
41	1	1252	29
42	1	1200	29
43	1	417	29
44	1	1617	29
45	1	1200	29
46	1	469	29
47	1	834	29
48	1	834	29
49	1	469	29
50	1	1565	29
51	1	1408	29
52	1	574	29
53	1	469	29
53	1	2191	30
55	1	1878	29
56	1	834	29
57	1	469	29
58	1	469	29
59	1	782	29
60	1	678	29
61	1	1408	29
62	1	991	29
63	1	417	29
64	1	2035	29
65	1	469	29
66	1	1408	29
67	1	1200	29
68	1	1513	29
69	1	521	29
70	1	469	29
71	1	1252	29
72	1	2035	29
73	1	1617	29
74	1	1982	29
75	1	887	29
76	1	1461	29
77	1	1408	29
78	1	1356	29
79	1	1461	29
80	1	834	29
81	1	1826	29
82	1	1826	29
83	1	730	29
84	1	1043	29
85	1	1617	29
86	1	730	29
87	1	417	29
88	1	1200	29
89	1	1356	29
90	1	1408	29
92	1	834	29
93	1	1356	29
94	1	1513	29
95	1	1878	29
96	1	678	29
97	1	782	29
98	1	1669	29
99	1	678	29
100	1	1304	29
101	1	1513	29
102	1	1304	29
103	1	521	29
104	1	417	29
105	1	2191	29
106	1	469	29
106	1	2295	30
107	1	782	29
108	1	991	29
109	1	1356	29
110	1	834	29
111	1	1826	29
112	1	469	29
113	1	469	29
114	1	1982	29
115	1	1461	29
116	1	1513	29
117	1	1461	29
118	1	1356	29
119	1	1356	29
120	1	1617	29
121	1	834	29
122	1	939	29
123	1	1878	29
124	1	678	29
125	1	469	29
126	1	469	29
127	1	939	29
128	1	678	29
129	1	782	29
130	1	417	29
131	1	1148	29
132	1	834	29
133	1	1304	29
134	1	1565	29
135	1	1095	29
136	1	469	29
137	1	469	29
138	1	730	29
139	1	939	29
139	1	2087	30
140	1	1565	29
141	1	887	29
142	1	521	29
143	1	1408	29
145	1	1304	29
146	1	1095	29
147	1	1148	29
148	1	1408	29
149	1	782	29
150	1	469	29
151	1	521	29
152	1	469	29
153	1	1722	29
154	1	991	29
155	1	834	29
156	1	887	29
158	1	469	29
159	1	730	29
160	1	1200	29
161	1	1565	29
162	1	678	29
163	1	730	29
164	1	469	29
165	1	469	29
166	1	1722	29
167	1	834	29
169	1	887	29
170	1	939	29
171	1	2139	29
172	1	730	29
173	1	1408	29
174	1	521	29
175	1	1148	29
176	1	991	29
177	1	1722	29
178	1	2139	29
179	1	1095	29
180	1	730	29
181	1	782	29
182	1	417	29
183	1	469	29
184	1	678	29
185	1	991	29
186	1	2243	29
187	1	469	29
188	1	730	29
189	1	1200	29
190	1	730	29
191	1	782	29
192	1	1148	29
193	1	1200	29
196	1	469	29
196	1	1878	30
198	1	1148	29
199	1	939	29
200	1	1304	29
201	1	1669	29
202	1	574	29
203	1	469	29
204	1	939	29
205	1	1356	29
206	1	678	29
206	1	1930	30
207	1	939	29
208	1	469	29
209	1	2243	29
210	1	417	29
211	1	1565	29
212	1	1408	29
213	1	1617	29
214	1	469	29
215	1	1356	29
216	1	626	29
217	1	1304	29
218	1	1252	29
219	1	2191	29
220	1	1408	29
221	1	417	29
222	1	834	29
223	1	469	29
224	1	1513	29
225	1	834	29
226	1	469	29
227	1	1826	29
228	1	469	29
229	1	469	29
230	1	469	29
231	1	469	29
232	1	887	29
233	1	1408	29
235	1	1513	29
236	1	626	29
237	1	521	29
238	1	730	29
239	1	1252	29
240	1	834	29
241	1	469	29
242	1	1095	29
243	1	469	29
243	1	2295	30
244	1	417	29
245	1	887	29
246	1	2139	29
247	1	1669	29
248	1	782	29
249	1	678	29
250	1	782	29
251	1	469	29
252	1	782	29
253	1	521	29
255	1	574	29
256	1	469	29
257	1	887	29
258	1	730	29
259	1	730	29
260	1	469	29
262	1	521	29
263	1	521	29
264	1	991	29
265	1	1982	29
266	1	1200	29
267	1	887	29
268	1	626	29
269	1	939	29
270	1	1930	29
271	1	1148	29
272	1	469	29
272	1	2035	30
273	1	2295	29
274	1	1252	29
275	1	1513	29
276	1	2191	29
277	1	2035	29
278	1	1513	29
279	1	1304	29
280	1	469	29
282	1	1461	29
283	1	1304	29
284	1	730	29
285	1	1304	29
286	1	469	29
286	1	2295	30
287	1	1304	29
288	1	1408	29
289	1	678	29
292	1	1461	29
293	1	782	29
294	1	887	29
295	1	678	29
296	1	939	29
297	1	1252	29
298	1	1252	29
299	1	939	29
300	1	626	29
301	1	834	29
302	1	1252	29
303	1	469	29
304	1	887	29
306	1	469	29
307	1	469	29
308	1	417	29
309	1	678	29
309	1	2295	30
310	1	991	29
311	1	521	29
312	1	678	29
314	1	1356	29
315	1	1252	29
316	1	2139	29
317	1	1356	29
318	1	1461	29
319	1	887	29
320	1	1408	29
321	1	782	29
322	1	469	29
323	1	1878	29
324	1	1408	29
325	1	1356	29
326	1	782	29
327	1	1252	29
328	1	521	29
329	1	1461	29
330	1	1252	29
331	1	887	29
332	1	1095	29
333	1	939	29
334	1	1356	29
335	1	834	29
336	1	1043	29
337	1	521	29
338	1	626	29
339	1	887	29
340	1	1304	29
341	1	1304	29
342	1	469	29
343	1	782	29
344	1	2087	29
345	1	469	29
346	1	417	29
346	1	2295	30
347	1	1252	29
348	1	887	29
349	1	939	29
350	1	2139	29
352	1	469	29
353	1	939	29
354	1	469	29
355	1	939	29
356	1	521	29
357	1	939	29
358	1	678	29
360	1	1982	29
361	1	1304	29
362	1	782	29
364	1	887	29
365	1	1513	29
366	1	469	29
367	1	1669	29
368	1	782	29
369	1	1043	29
370	1	521	29
371	1	469	29
372	1	1461	29
373	1	626	29
374	1	1513	29
375	1	1408	29
376	1	1826	29
377	1	1408	29
378	1	678	29
379	1	1200	29
380	1	1878	29
381	1	1878	29
382	1	834	29
383	1	1408	29
384	1	1095	29
385	1	1774	29
386	1	417	29
387	1	991	29
388	1	2139	29
389	1	834	29
390	1	678	29
391	1	887	29
392	1	626	29
393	1	782	29
394	1	1565	29
396	1	782	29
397	1	1356	29
398	1	469	29
399	1	469	29
400	1	1304	29
401	1	2243	29
402	1	1043	29
403	1	2139	29
404	1	1669	29
405	1	678	29
406	1	939	29
407	1	1252	29
409	1	678	29
410	1	626	29
411	1	417	29
412	1	939	29
412	1	2087	30
413	1	782	29
414	1	469	29
415	1	939	29
416	1	1408	29
417	1	1148	29
418	1	939	29
419	1	417	29
420	1	1356	29
421	1	2087	29
422	1	574	29
423	1	730	29
424	1	939	29
424	1	2191	30
425	1	1774	29
426	1	782	29
427	1	2139	29
428	1	887	29
429	1	417	29
430	1	991	29
431	1	730	29
432	1	1043	29
433	1	1200	29
434	1	782	29
434	1	2243	30
435	1	469	29
436	1	730	29
437	1	834	29
438	1	417	29
439	1	574	29
440	1	469	29
441	1	1617	29
442	1	1513	29
443	1	469	29
444	1	1565	29
445	1	834	29
446	1	1878	29
447	1	1513	29
448	1	626	29
449	1	2139	29
450	1	2295	29
451	1	469	29
452	1	469	29
453	1	782	29
454	1	1356	29
455	1	1304	29
456	1	1408	29
457	1	469	29
458	1	1356	29
459	1	574	29
460	1	887	29
461	1	469	29
462	1	469	29
463	1	1043	29
464	1	574	29
465	1	887	29
466	1	782	29
467	1	469	29
468	1	887	29
469	1	678	29
470	1	1304	29
471	1	730	29
472	1	469	29
473	1	1252	29
474	1	1095	29
475	1	574	29
476	1	1304	29
477	1	574	29
478	1	1826	29
481	1	991	29
482	1	1408	29
483	1	1669	29
484	1	2191	29
485	1	834	29
486	1	1408	29
487	1	782	29
488	1	1408	29
489	1	730	29
490	1	521	29
491	1	1461	29
492	1	626	29
494	1	939	29
495	1	1148	29
496	1	469	29
497	1	469	29
498	1	1565	29
499	1	1930	29
500	1	782	29
501	1	1356	29
502	1	1408	29
503	1	782	29
503	1	2139	30
504	1	1722	29
505	1	1356	29
506	1	730	29
507	1	1669	29
508	1	782	29
508	1	2295	30
510	1	2139	29
512	1	574	29
513	1	626	29
514	1	1148	29
515	1	678	29
516	1	1408	29
517	1	1408	29
518	1	1304	29
519	1	469	29
520	1	1878	29
521	1	834	29
522	1	1304	29
523	1	834	29
524	1	2139	29
525	1	1043	29
526	1	1252	29
527	1	469	29
528	1	834	29
529	1	887	29
530	1	1408	29
531	1	730	29
532	1	574	29
533	1	2139	29
534	1	834	29
535	1	1565	29
536	1	1304	29
537	1	1148	29
538	1	469	29
539	1	730	29
540	1	834	29
541	1	469	29
542	1	1408	29
543	1	1304	29
544	1	469	29
544	1	2295	30
546	1	1356	29
547	1	1148	29
548	1	1356	29
549	1	1408	29
550	1	469	29
550	1	2191	30
551	1	469	29
552	1	1408	29
553	1	469	29
554	1	469	29
555	1	469	29
555	1	2035	30
556	1	469	29
557	1	782	29
558	1	417	29
559	1	678	29
560	1	1408	29
561	1	521	29
562	1	626	29
563	1	469	29
564	1	1408	29
565	1	887	29
565	1	2243	30
566	1	469	29
567	1	469	29
568	1	887	29
569	1	574	29
570	1	1408	29
571	1	887	29
572	1	1461	29
573	1	2243	29
575	1	782	29
576	1	1304	29
577	1	834	29
578	1	626	29
580	1	1774	29
581	1	730	29
582	1	1565	29
583	1	730	29
584	1	887	29
585	1	782	29
586	1	1252	29
587	1	469	29
588	1	939	29
589	1	469	29
590	1	939	29
591	1	1513	29
593	1	1930	29
594	1	469	29
595	1	887	29
596	1	1095	29
597	1	1930	29
598	1	730	29
599	1	730	29
600	1	1408	29
601	1	1304	29
602	1	887	29
603	1	469	29
604	1	1356	29
605	1	730	29
606	1	1095	29
607	1	469	29
608	1	469	29
611	1	469	29
612	1	1252	29
613	1	1304	29
614	1	1304	29
615	1	574	29
616	1	678	29
617	1	1252	29
618	1	1617	29
619	1	574	29
620	1	887	29
621	1	626	29
622	1	469	29
623	1	782	29
624	1	469	29
625	1	834	29
626	1	417	29
627	1	1200	29
628	1	1200	29
629	1	574	29
630	1	521	29
631	1	469	29
632	1	678	29
633	1	1565	29
634	1	1356	29
635	1	1461	29
636	1	2191	29
637	1	678	29
638	1	1304	29
639	1	469	29
640	1	521	29
641	1	469	29
642	1	1304	29
644	1	1982	29
645	1	1200	29
646	1	939	29
647	1	1356	29
648	1	1304	29
649	1	887	29
650	1	1461	29
652	1	1200	29
653	1	1304	29
654	1	521	29
655	1	469	29
656	1	469	29
657	1	469	29
658	1	1043	29
659	1	1304	29
660	1	521	29
661	1	939	29
662	1	1304	29
663	1	678	29
664	1	1095	29
665	1	887	29
666	1	887	29
667	1	469	29
668	1	626	29
669	1	1408	29
670	1	574	29
671	1	678	29
672	1	1722	29
673	1	521	29
674	1	1200	29
675	1	730	29
676	1	1043	29
677	1	521	29
678	1	939	29
679	1	834	29
680	1	678	29
681	1	574	29
682	1	469	29
683	1	1304	29
684	1	730	29
685	1	469	29
686	1	1565	29
687	1	1461	29
688	1	1356	29
689	1	1304	29
690	1	469	29
691	1	1043	29
692	1	469	29
693	1	417	29
694	1	1200	29
695	1	678	29
696	1	574	29
697	1	939	29
698	1	1461	29
699	1	469	29
700	1	469	29
701	1	574	29
702	1	469	29
703	1	469	29
704	1	1930	29
705	1	626	29
706	1	469	29
707	1	1408	29
708	1	1252	29
709	1	469	29
710	1	469	29
711	1	834	29
712	1	1565	29
713	1	887	29
714	1	834	29
715	1	1461	29
716	1	730	29
717	1	730	29
718	1	469	29
719	1	521	29
720	1	1878	29
721	1	1200	29
722	1	469	29
723	1	417	29
724	1	469	29
725	1	1200	29
726	1	469	29
727	1	1252	29
728	1	1878	29
729	1	1878	29
730	1	1304	29
731	1	730	29
732	1	1461	29
733	1	834	29
734	1	469	29
735	1	2139	29
736	1	626	29
737	1	991	29
738	1	1095	29
739	1	1304	29
741	1	469	29
742	1	887	29
742	1	2295	30
743	1	887	29
744	1	1304	29
745	1	626	29
746	1	1408	29
747	1	1513	29
748	1	2139	29
749	1	1252	29
750	1	1930	29
751	1	678	29
752	1	574	29
753	1	834	29
754	1	887	29
755	1	782	29
756	1	834	29
757	1	1408	29
758	1	782	29
759	1	1408	29
760	1	469	29
761	1	469	29
762	1	1095	29
763	1	1304	29
765	1	469	29
766	1	2087	29
767	1	1304	29
768	1	1461	29
770	1	2087	29
771	1	1304	29
772	1	521	29
773	1	1513	29
774	1	469	29
775	1	782	29
776	1	469	29
777	1	2139	29
778	1	991	29
779	1	2087	29
780	1	1930	29
781	1	1095	29
782	1	469	29
783	1	1408	29
784	1	469	29
785	1	1878	29
786	1	469	29
787	1	1408	29
788	1	469	29
789	1	1252	29
790	1	521	29
791	1	1356	29
793	1	469	29
794	1	782	29
795	1	730	29
796	1	1408	29
797	1	887	29
798	1	626	29
800	1	1356	29
801	1	1408	29
802	1	469	29
803	1	1095	29
804	1	469	29
806	1	1408	29
807	1	782	29
808	1	2139	29
809	1	1774	29
810	1	469	29
811	1	782	29
812	1	417	29
813	1	1617	29
815	1	417	29
816	1	782	29
817	1	2191	29
818	1	1252	29
819	1	1461	29
820	1	2087	29
821	1	1304	29
822	1	782	29
823	1	730	29
824	1	730	29
825	1	626	29
826	1	1356	29
827	1	521	29
828	1	1408	29
829	1	2139	29
830	1	782	29
831	1	469	29
831	1	2191	30
832	1	939	29
833	1	1304	29
834	1	939	29
835	1	1722	29
836	1	2191	29
837	1	1252	29
838	1	417	29
839	1	1461	29
840	1	417	29
841	1	469	29
842	1	469	29
843	1	730	29
843	1	2191	30
844	1	887	29
845	1	1356	29
846	1	1513	29
847	1	1356	29
848	1	469	29
849	1	834	29
850	1	887	29
851	1	2191	29
852	1	626	29
853	1	1356	29
854	1	887	29
855	1	469	29
856	1	1774	29
857	1	1356	29
858	1	1252	29
860	1	1617	29
861	1	834	29
862	1	1565	29
863	1	469	29
864	1	469	29
864	1	2243	30
865	1	469	29
866	1	782	29
867	1	1565	29
868	1	469	29
869	1	574	29
870	1	834	29
871	1	1304	29
873	1	834	29
875	1	417	29
876	1	939	29
877	1	782	29
878	1	1304	29
879	1	1669	29
880	1	834	29
881	1	574	29
882	1	1408	29
883	1	1617	29
884	1	939	29
885	1	887	29
886	1	574	29
887	1	1356	29
888	1	626	29
889	1	1408	29
890	1	1408	29
891	1	887	29
892	1	1565	29
893	1	2243	29
894	1	1669	29
895	1	417	29
896	1	887	29
897	1	469	29
898	1	469	29
899	1	939	29
900	1	626	29
901	1	782	29
902	1	1148	29
903	1	417	29
905	1	834	29
906	1	469	29
907	1	2087	29
908	1	887	29
909	1	2035	29
910	1	1252	29
911	1	574	29
912	1	469	29
913	1	1408	29
914	1	1252	29
915	1	1356	29
916	1	939	29
917	1	1826	29
918	1	1356	29
919	1	1304	29
920	1	1617	29
921	1	469	29
922	1	1878	29
923	1	1304	29
924	1	469	29
925	1	991	29
926	1	1148	29
927	1	521	29
929	1	991	29
930	1	626	29
931	1	834	29
932	1	730	29
933	1	1408	29
934	1	678	29
935	1	417	29
936	1	469	29
937	1	1982	29
938	1	626	29
939	1	834	29
940	1	469	29
941	1	469	29
942	1	469	29
943	1	469	29
944	1	469	29
945	1	1461	29
946	1	417	29
947	1	991	29
948	1	834	29
949	1	417	29
950	1	782	29
951	1	1930	29
952	1	1878	29
953	1	939	29
954	1	469	29
955	1	730	29
957	1	1304	29
958	1	626	29
959	1	2035	29
960	1	1043	29
961	1	1043	29
962	1	2139	29
963	1	939	29
964	1	469	29
965	1	1200	29
966	1	887	29
967	1	834	29
968	1	469	29
969	1	469	29
971	1	1148	29
972	1	626	29
973	1	469	29
974	1	469	29
975	1	1356	29
976	1	469	29
977	1	1722	29
978	1	469	29
979	1	1408	29
980	1	1513	29
981	1	1200	29
982	1	469	29
983	1	887	29
984	1	678	29
985	1	1304	29
987	1	782	29
988	1	1774	29
989	1	782	29
990	1	1669	29
991	1	834	29
992	1	1722	29
994	1	2087	29
995	1	730	29
996	1	1304	29
998	1	469	29
998	1	2191	30
999	1	1408	29
0	2	261	26
1	2	261	26
2	2	261	26
3	2	261	26
4	2	261	26
5	2	261	26
6	2	261	26
7	2	261	26
8	2	261	26
9	2	261	26
10	2	261	26
11	2	261	26
12	2	261	26
13	2	261	26
14	2	261	26
15	2	261	26
16	2	261	26
17	2	261	26
18	2	261	26
19	2	261	26
20	2	261	26
21	2	261	26
22	2	261	26
23	2	261	26
24	2	261	26
25	2	261	26
26	2	261	26
27	2	261	26
28	2	261	26
29	2	261	26
30	2	261	26
31	2	261	26
32	2	261	26
33	2	261	26
34	2	261	26
35	2	261	26
36	2	261	26
37	2	261	26
38	2	261	26
39	2	261	26
40	2	261	26
41	2	261	26
42	2	261	26
43	2	261	26
44	2	261	26
45	2	261	26
46	2	261	26
47	2	261	26
48	2	261	26
49	2	261	26
50	2	261	26
51	2	261	26
52	2	261	26
53	2	261	26
54	2	261	26
55	2	261	26
56	2	261	26
57	2	261	26
58	2	261	26
59	2	261	26
60	2	261	26
61	2	261	26
62	2	261	26
63	2	261	26
64	2	261	26
65	2	261	26
66	2	261	26
67	2	261	26
68	2	261	26
69	2	261	26
70	2	261	26
71	2	261	26
72	2	261	26
73	2	261	26
74	2	261	26
75	2	261	26
76	2	261	26
77	2	261	26
78	2	261	26
79	2	261	26
80	2	261	26
81	2	261	26
82	2	261	26
83	2	261	26
84	2	261	26
85	2	261	26
86	2	261	26
87	2	261	26
88	2	261	26
89	2	261	26
90	2	261	26
91	2	261	26
92	2	261	26
93	2	261	26
94	2	261	26
95	2	261	26
96	2	261	26
97	2	261	26
98	2	261	26
99	2	261	26
100	2	261	26
101	2	261	26
102	2	261	26
103	2	261	26
104	2	261	26
105	2	261	26
106	2	261	26
107	2	261	26
108	2	261	26
109	2	261	26
110	2	261	26
111	2	261	26
112	2	261	26
113	2	261	26
114	2	261	26
115	2	261	26
116	2	261	26
117	2	261	26
118	2	261	26
119	2	261	26
120	2	261	26
121	2	261	26
122	2	261	26
123	2	261	26
124	2	261	26
125	2	261	26
126	2	261	26
127	2	261	26
128	2	261	26
129	2	261	26
130	2	261	26
131	2	261	26
132	2	261	26
133	2	261	26
134	2	261	26
135	2	261	26
136	2	261	26
137	2	261	26
138	2	261	26
139	2	261	26
140	2	261	26
141	2	261	26
142	2	261	26
143	2	261	26
144	2	261	26
145	2	261	26
146	2	261	26
147	2	261	26
148	2	261	26
149	2	261	26
150	2	261	26
151	2	261	26
152	2	261	26
153	2	261	26
154	2	261	26
155	2	261	26
156	2	261	26
157	2	261	26
158	2	261	26
159	2	261	26
160	2	261	26
161	2	261	26
162	2	261	26
163	2	261	26
164	2	261	26
165	2	261	26
166	2	261	26
167	2	261	26
168	2	261	26
169	2	261	26
170	2	261	26
171	2	261	26
172	2	261	26
173	2	261	26
174	2	261	26
175	2	261	26
176	2	261	26
177	2	261	26
178	2	261	26
179	2	261	26
180	2	261	26
181	2	261	26
182	2	261	26
183	2	261	26
184	2	261	26
185	2	261	26
186	2	261	26
187	2	261	26
188	2	261	26
189	2	261	26
190	2	261	26
191	2	261	26
192	2	261	26
193	2	261	26
194	2	261	26
195	2	261	26
196	2	261	26
197	2	261	26
198	2	261	26
199	2	261	26
200	2	261	26
201	2	261	26
202	2	261	26
203	2	261	26
204	2	261	26
205	2	261	26
206	2	261	26
207	2	261	26
208	2	261	26
209	2	261	26
210	2	261	26
211	2	261	26
212	2	261	26
213	2	261	26
214	2	261	26
215	2	261	26
216	2	261	26
217	2	261	26
218	2	261	26
219	2	261	26
220	2	261	26
221	2	261	26
222	2	261	26
223	2	261	26
224	2	261	26
225	2	261	26
226	2	261	26
227	2	261	26
228	2	261	26
229	2	261	26
230	2	261	26
231	2	261	26
232	2	261	26
233	2	261	26
234	2	261	26
235	2	261	26
236	2	261	26
237	2	261	26
238	2	261	26
239	2	261	26
240	2	261	26
241	2	261	26
242	2	261	26
243	2	261	26
244	2	261	26
245	2	261	26
246	2	261	26
247	2	261	26
248	2	261	26
249	2	261	26
250	2	261	26
251	2	261	26
252	2	261	26
253	2	261	26
254	2	261	26
255	2	261	26
256	2	261	26
257	2	261	26
258	2	261	26
259	2	261	26
260	2	261	26
261	2	261	26
262	2	261	26
263	2	261	26
264	2	261	26
265	2	261	26
266	2	261	26
267	2	261	26
268	2	261	26
269	2	261	26
270	2	261	26
271	2	261	26
272	2	261	26
273	2	261	26
274	2	261	26
275	2	261	26
276	2	261	26
277	2	261	26
278	2	261	26
279	2	261	26
280	2	261	26
281	2	261	26
282	2	261	26
283	2	261	26
284	2	261	26
285	2	261	26
286	2	261	26
287	2	261	26
288	2	261	26
289	2	261	26
290	2	261	26
291	2	261	26
292	2	261	26
293	2	261	26
294	2	261	26
295	2	261	26
296	2	261	26
297	2	261	26
298	2	261	26
299	2	261	26
300	2	261	26
301	2	261	26
302	2	261	26
303	2	261	26
304	2	261	26
305	2	261	26
306	2	261	26
307	2	261	26
308	2	261	26
309	2	261	26
310	2	261	26
311	2	261	26
312	2	261	26
313	2	261	26
314	2	261	26
315	2	261	26
316	2	261	26
317	2	261	26
318	2	261	26
319	2	261	26
320	2	261	26
321	2	261	26
322	2	261	26
323	2	261	26
324	2	261	26
325	2	261	26
326	2	261	26
327	2	261	26
328	2	261	26
329	2	261	26
330	2	261	26
331	2	261	26
332	2	261	26
333	2	261	26
334	2	261	26
335	2	261	26
336	2	261	26
337	2	261	26
338	2	261	26
339	2	261	26
340	2	261	26
341	2	261	26
342	2	261	26
343	2	261	26
344	2	261	26
345	2	261	26
346	2	261	26
347	2	261	26
348	2	261	26
349	2	261	26
350	2	261	26
351	2	261	26
352	2	261	26
353	2	261	26
354	2	261	26
355	2	261	26
356	2	261	26
357	2	261	26
358	2	261	26
359	2	261	26
360	2	261	26
361	2	261	26
362	2	261	26
363	2	261	26
364	2	261	26
365	2	261	26
366	2	261	26
367	2	261	26
368	2	261	26
369	2	261	26
370	2	261	26
371	2	261	26
372	2	261	26
373	2	261	26
374	2	261	26
375	2	261	26
376	2	261	26
377	2	261	26
378	2	261	26
379	2	261	26
380	2	261	26
381	2	261	26
382	2	261	26
383	2	261	26
384	2	261	26
385	2	261	26
386	2	261	26
387	2	261	26
388	2	261	26
389	2	261	26
390	2	261	26
391	2	261	26
392	2	261	26
393	2	261	26
394	2	261	26
395	2	261	26
396	2	261	26
397	2	261	26
398	2	261	26
399	2	261	26
400	2	261	26
401	2	261	26
402	2	261	26
403	2	261	26
404	2	261	26
405	2	261	26
406	2	261	26
407	2	261	26
408	2	261	26
409	2	261	26
410	2	261	26
411	2	261	26
412	2	261	26
413	2	261	26
414	2	261	26
415	2	261	26
416	2	261	26
417	2	261	26
418	2	261	26
419	2	261	26
420	2	261	26
421	2	261	26
422	2	261	26
423	2	261	26
424	2	261	26
425	2	261	26
426	2	261	26
427	2	261	26
428	2	261	26
429	2	261	26
430	2	261	26
431	2	261	26
432	2	261	26
433	2	261	26
434	2	261	26
435	2	261	26
436	2	261	26
437	2	261	26
438	2	261	26
439	2	261	26
440	2	261	26
441	2	261	26
442	2	261	26
443	2	261	26
444	2	261	26
445	2	261	26
446	2	261	26
447	2	261	26
448	2	261	26
449	2	261	26
450	2	261	26
451	2	261	26
452	2	261	26
453	2	261	26
454	2	261	26
455	2	261	26
456	2	261	26
457	2	261	26
458	2	261	26
459	2	261	26
460	2	261	26
461	2	261	26
462	2	261	26
463	2	261	26
464	2	261	26
465	2	261	26
466	2	261	26
467	2	261	26
468	2	261	26
469	2	261	26
470	2	261	26
471	2	261	26
472	2	261	26
473	2	261	26
474	2	261	26
475	2	261	26
476	2	261	26
477	2	261	26
478	2	261	26
479	2	261	26
480	2	261	26
481	2	261	26
482	2	261	26
483	2	261	26
484	2	261	26
485	2	261	26
486	2	261	26
487	2	261	26
488	2	261	26
489	2	261	26
490	2	261	26
491	2	261	26
492	2	261	26
493	2	261	26
494	2	261	26
495	2	261	26
496	2	261	26
497	2	261	26
498	2	261	26
499	2	261	26
500	2	261	26
501	2	261	26
502	2	261	26
503	2	261	26
504	2	261	26
505	2	261	26
506	2	261	26
507	2	261	26
508	2	261	26
509	2	261	26
510	2	261	26
511	2	261	26
512	2	261	26
513	2	261	26
514	2	261	26
515	2	261	26
516	2	261	26
517	2	261	26
518	2	261	26
519	2	261	26
520	2	261	26
521	2	261	26
522	2	261	26
523	2	261	26
524	2	261	26
525	2	261	26
526	2	261	26
527	2	261	26
528	2	261	26
529	2	261	26
530	2	261	26
531	2	261	26
532	2	261	26
533	2	261	26
534	2	261	26
535	2	261	26
536	2	261	26
537	2	261	26
538	2	261	26
539	2	261	26
540	2	261	26
541	2	261	26
542	2	261	26
543	2	261	26
544	2	261	26
545	2	261	26
546	2	261	26
547	2	261	26
548	2	261	26
549	2	261	26
550	2	261	26
551	2	261	26
552	2	261	26
553	2	261	26
554	2	261	26
555	2	261	26
556	2	261	26
557	2	261	26
558	2	261	26
559	2	261	26
560	2	261	26
561	2	261	26
562	2	261	26
563	2	261	26
564	2	261	26
565	2	261	26
566	2	261	26
567	2	261	26
568	2	261	26
569	2	261	26
570	2	261	26
571	2	261	26
572	2	261	26
573	2	261	26
574	2	261	26
575	2	261	26
576	2	261	26
577	2	261	26
578	2	261	26
579	2	261	26
580	2	261	26
581	2	261	26
582	2	261	26
583	2	261	26
584	2	261	26
585	2	261	26
586	2	261	26
587	2	261	26
588	2	261	26
589	2	261	26
590	2	261	26
591	2	261	26
592	2	261	26
593	2	261	26
594	2	261	26
595	2	261	26
596	2	261	26
597	2	261	26
598	2	261	26
599	2	261	26
600	2	261	26
601	2	261	26
602	2	261	26
603	2	261	26
604	2	261	26
605	2	261	26
606	2	261	26
607	2	261	26
608	2	261	26
609	2	261	26
610	2	261	26
611	2	261	26
612	2	261	26
613	2	261	26
614	2	261	26
615	2	261	26
616	2	261	26
617	2	261	26
618	2	261	26
619	2	261	26
620	2	261	26
621	2	261	26
622	2	261	26
623	2	261	26
624	2	261	26
625	2	261	26
626	2	261	26
627	2	261	26
628	2	261	26
629	2	261	26
630	2	261	26
631	2	261	26
632	2	261	26
633	2	261	26
634	2	261	26
635	2	261	26
636	2	261	26
637	2	261	26
638	2	261	26
639	2	261	26
640	2	261	26
641	2	261	26
642	2	261	26
643	2	261	26
644	2	261	26
645	2	261	26
646	2	261	26
647	2	261	26
648	2	261	26
649	2	261	26
650	2	261	26
651	2	261	26
652	2	261	26
653	2	261	26
654	2	261	26
655	2	261	26
656	2	261	26
657	2	261	26
658	2	261	26
659	2	261	26
660	2	261	26
661	2	261	26
662	2	261	26
663	2	261	26
664	2	261	26
665	2	261	26
666	2	261	26
667	2	261	26
668	2	261	26
669	2	261	26
670	2	261	26
671	2	261	26
672	2	261	26
673	2	261	26
674	2	261	26
675	2	261	26
676	2	261	26
677	2	261	26
678	2	261	26
679	2	261	26
680	2	261	26
681	2	261	26
682	2	261	26
683	2	261	26
684	2	261	26
685	2	261	26
686	2	261	26
687	2	261	26
688	2	261	26
689	2	261	26
690	2	261	26
691	2	261	26
692	2	261	26
693	2	261	26
694	2	261	26
695	2	261	26
696	2	261	26
697	2	261	26
698	2	261	26
699	2	261	26
700	2	261	26
701	2	261	26
702	2	261	26
703	2	261	26
704	2	261	26
705	2	261	26
706	2	261	26
707	2	261	26
708	2	261	26
709	2	261	26
710	2	261	26
711	2	261	26
712	2	261	26
713	2	261	26
714	2	261	26
715	2	261	26
716	2	261	26
717	2	261	26
718	2	261	26
719	2	261	26
720	2	261	26
721	2	261	26
722	2	261	26
723	2	261	26
724	2	261	26
725	2	261	26
726	2	261	26
727	2	261	26
728	2	261	26
729	2	261	26
730	2	261	26
731	2	261	26
732	2	261	26
733	2	261	26
734	2	261	26
735	2	261	26
736	2	261	26
737	2	261	26
738	2	261	26
739	2	261	26
740	2	261	26
741	2	261	26
742	2	261	26
743	2	261	26
744	2	261	26
745	2	261	26
746	2	261	26
747	2	261	26
748	2	261	26
749	2	261	26
750	2	261	26
751	2	261	26
752	2	261	26
753	2	261	26
754	2	261	26
755	2	261	26
756	2	261	26
757	2	261	26
758	2	261	26
759	2	261	26
760	2	261	26
761	2	261	26
762	2	261	26
763	2	261	26
764	2	261	26
765	2	261	26
766	2	261	26
767	2	261	26
768	2	261	26
769	2	261	26
770	2	261	26
771	2	261	26
772	2	261	26
773	2	261	26
774	2	261	26
775	2	261	26
776	2	261	26
777	2	261	26
778	2	261	26
779	2	261	26
780	2	261	26
781	2	261	26
782	2	261	26
783	2	261	26
784	2	261	26
785	2	261	26
786	2	261	26
787	2	261	26
788	2	261	26
789	2	261	26
790	2	261	26
791	2	261	26
792	2	261	26
793	2	261	26
794	2	261	26
795	2	261	26
796	2	261	26
797	2	261	26
798	2	261	26
799	2	261	26
800	2	261	26
801	2	261	26
802	2	261	26
803	2	261	26
804	2	261	26
805	2	261	26
806	2	261	26
807	2	261	26
808	2	261	26
809	2	261	26
810	2	261	26
811	2	261	26
812	2	261	26
813	2	261	26
814	2	261	26
815	2	261	26
816	2	261	26
817	2	261	26
818	2	261	26
819	2	261	26
820	2	261	26
821	2	261	26
822	2	261	26
823	2	261	26
824	2	261	26
825	2	261	26
826	2	261	26
827	2	261	26
828	2	261	26
829	2	261	26
830	2	261	26
831	2	261	26
832	2	261	26
833	2	261	26
834	2	261	26
835	2	261	26
836	2	261	26
837	2	261	26
838	2	261	26
839	2	261	26
840	2	261	26
841	2	261	26
842	2	261	26
843	2	261	26
844	2	261	26
845	2	261	26
846	2	261	26
847	2	261	26
848	2	261	26
849	2	261	26
850	2	261	26
851	2	261	26
852	2	261	26
853	2	261	26
854	2	261	26
855	2	261	26
856	2	261	26
857	2	261	26
858	2	261	26
859	2	261	26
860	2	261	26
861	2	261	26
862	2	261	26
863	2	261	26
864	2	261	26
865	2	261	26
866	2	261	26
867	2	261	26
868	2	261	26
869	2	261	26
870	2	261	26
871	2	261	26
872	2	261	26
873	2	261	26
874	2	261	26
875	2	261	26
876	2	261	26
877	2	261	26
878	2	261	26
879	2	261	26
880	2	261	26
881	2	261	26
882	2	261	26
883	2	261	26
884	2	261	26
885	2	261	26
886	2	261	26
887	2	261	26
888	2	261	26
889	2	261	26
890	2	261	26
891	2	261	26
892	2	261	26
893	2	261	26
894	2	261	26
895	2	261	26
896	2	261	26
897	2	261	26
898	2	261	26
899	2	261	26
900	2	261	26
901	2	261	26
902	2	261	26
903	2	261	26
904	2	261	26
905	2	261	26
906	2	261	26
907	2	261	26
908	2	261	26
909	2	261	26
910	2	261	26
911	2	261	26
912	2	261	26
913	2	261	26
914	2	261	26
915	2	261	26
916	2	261	26
917	2	261	26
918	2	261	26
919	2	261	26
920	2	261	26
921	2	261	26
922	2	261	26
923	2	261	26
924	2	261	26
925	2	261	26
926	2	261	26
927	2	261	26
928	2	261	26
929	2	261	26
930	2	261	26
931	2	261	26
932	2	261	26
933	2	261	26
934	2	261	26
935	2	261	26
936	2	261	26
937	2	261	26
938	2	261	26
939	2	261	26
940	2	261	26
941	2	261	26
942	2	261	26
943	2	261	26
944	2	261	26
945	2	261	26
946	2	261	26
947	2	261	26
948	2	261	26
949	2	261	26
950	2	261	26
951	2	261	26
952	2	261	26
953	2	261	26
954	2	261	26
955	2	261	26
956	2	261	26
957	2	261	26
958	2	261	26
959	2	261	26
960	2	261	26
961	2	261	26
962	2	261	26
963	2	261	26
964	2	261	26
965	2	261	26
966	2	261	26
967	2	261	26
968	2	261	26
969	2	261	26
970	2	261	26
971	2	261	26
972	2	261	26
973	2	261	26
974	2	261	26
975	2	261	26
976	2	261	26
977	2	261	26
978	2	261	26
979	2	261	26
980	2	261	26
981	2	261	26
982	2	261	26
983	2	261	26
984	2	261	26
985	2	261	26
986	2	261	26
987	2	261	26
988	2	261	26
989	2	261	26
990	2	261	26
991	2	261	26
992	2	261	26
993	2	261	26
994	2	261	26
995	2	261	26
996	2	261	26
997	2	261	26
998	2	261	26
999	2	261	26
0	3	730	29
1	3	678	29
2	3	469	29
3	3	1304	29
4	3	1043	29
4	3	1408	20
4	3	1826	12
4	3	2139	9
4	3	2243	30
5	3	991	29
6	3	417	29
7	3	574	29
8	3	1095	29
8	3	1565	20
9	3	834	29
10	3	730	29
10	3	2191	20
12	3	678	29
13	3	678	29
14	3	469	29
15	3	469	29
16	3	991	29
17	3	730	29
17	3	2087	20
18	3	417	29
18	3	2191	20
19	3	1878	29
20	3	1095	29
20	3	2087	20
21	3	417	29
22	3	574	29
23	3	887	29
24	3	469	29
24	3	1878	20
25	3	1669	29
26	3	1304	29
27	3	469	29
28	3	469	29
28	3	1774	20
29	3	521	29
30	3	1408	29
31	3	1043	29
32	3	1304	29
33	3	1565	29
34	3	469	29
34	3	2191	20
35	3	834	29
35	3	2139	20
36	3	939	29
37	3	1878	29
38	3	1200	29
39	3	939	29
40	3	834	29
40	3	1304	20
40	3	2087	12
41	3	1252	29
42	3	1200	29
43	3	417	29
43	3	1930	20
44	3	1617	29
45	3	1200	29
46	3	469	29
47	3	834	29
48	3	834	29
49	3	469	29
49	3	1565	20
50	3	1565	29
51	3	1408	29
52	3	574	29
53	3	469	29
53	3	1565	20
53	3	2191	30
55	3	1878	29
56	3	834	29
57	3	469	29
57	3	1252	20
57	3	2087	12
58	3	469	29
58	3	1513	20
59	3	782	29
59	3	1826	20
60	3	678	29
61	3	1408	29
62	3	991	29
62	3	1617	20
63	3	417	29
64	3	2035	29
65	3	469	29
66	3	1408	29
67	3	1200	29
67	3	1722	20
68	3	1513	29
69	3	521	29
70	3	469	29
71	3	1252	29
72	3	2035	29
73	3	1617	29
74	3	1982	29
75	3	887	29
76	3	1461	29
77	3	1408	29
78	3	1356	29
79	3	1461	29
80	3	834	29
81	3	1826	29
82	3	1826	29
83	3	730	29
84	3	1043	29
85	3	1617	29
86	3	730	29
87	3	417	29
87	3	1356	20
87	3	1930	12
87	3	2295	9
88	3	1200	29
88	3	1774	20
89	3	1356	29
90	3	1408	29
92	3	834	29
93	3	1356	29
94	3	1513	29
95	3	1878	29
96	3	678	29
97	3	782	29
98	3	1669	29
99	3	678	29
100	3	1304	29
101	3	1513	29
102	3	1304	29
103	3	521	29
104	3	417	29
105	3	2191	29
106	3	469	29
106	3	1669	20
106	3	2295	30
107	3	782	29
107	3	1513	20
108	3	991	29
109	3	1356	29
110	3	834	29
110	3	1774	20
111	3	1826	29
112	3	469	29
113	3	469	29
114	3	1982	29
115	3	1461	29
116	3	1513	29
117	3	1461	29
118	3	1356	29
119	3	1356	29
120	3	1617	29
121	3	834	29
122	3	939	29
122	3	1408	20
122	3	2295	12
123	3	1878	29
124	3	678	29
125	3	469	29
125	3	1669	20
126	3	469	29
126	3	1461	20
127	3	939	29
128	3	678	29
128	3	1304	20
129	3	782	29
130	3	417	29
131	3	1148	29
131	3	1617	20
132	3	834	29
133	3	1304	29
134	3	1565	29
135	3	1095	29
135	3	1513	20
136	3	469	29
136	3	1043	20
136	3	1408	12
136	3	1722	9
137	3	469	29
138	3	730	29
138	3	1252	20
138	3	2087	12
139	3	939	29
139	3	1356	20
139	3	1617	12
139	3	1930	9
139	3	2087	30
140	3	1565	29
141	3	887	29
141	3	1304	20
141	3	1722	12
142	3	521	29
143	3	1408	29
145	3	1304	29
146	3	1095	29
147	3	1148	29
148	3	1408	29
149	3	782	29
149	3	1565	20
150	3	469	29
151	3	521	29
152	3	469	29
152	3	1722	20
153	3	1722	29
154	3	991	29
154	3	1408	20
155	3	834	29
155	3	1617	20
155	3	2295	12
156	3	887	29
156	3	1513	20
158	3	469	29
158	3	1669	20
159	3	730	29
159	3	1356	20
159	3	2243	12
160	3	1200	29
161	3	1565	29
162	3	678	29
163	3	730	29
164	3	469	29
165	3	469	29
165	3	1565	20
166	3	1722	29
167	3	834	29
169	3	887	29
170	3	939	29
170	3	1304	20
171	3	2139	29
172	3	730	29
173	3	1408	29
174	3	521	29
175	3	1148	29
175	3	1826	20
176	3	991	29
177	3	1722	29
178	3	2139	29
179	3	1095	29
179	3	1774	20
180	3	730	29
181	3	782	29
182	3	417	29
183	3	469	29
183	3	1982	20
184	3	678	29
185	3	991	29
185	3	1513	20
186	3	2243	29
187	3	469	29
188	3	730	29
189	3	1200	29
189	3	1774	20
189	3	2295	12
190	3	730	29
191	3	782	29
192	3	1148	29
193	3	1200	29
193	3	2139	20
196	3	469	29
196	3	1200	20
196	3	1617	12
196	3	1878	30
196	3	2191	9
198	3	1148	29
198	3	2139	20
199	3	939	29
199	3	1513	20
200	3	1304	29
201	3	1669	29
202	3	574	29
203	3	469	29
204	3	939	29
205	3	1356	29
206	3	678	29
206	3	1148	20
206	3	1408	12
206	3	1722	9
206	3	1930	30
207	3	939	29
207	3	2087	20
208	3	469	29
209	3	2243	29
210	3	417	29
211	3	1565	29
212	3	1408	29
213	3	1617	29
214	3	469	29
215	3	1356	29
216	3	626	29
217	3	1304	29
218	3	1252	29
219	3	2191	29
220	3	1408	29
221	3	417	29
222	3	834	29
223	3	469	29
224	3	1513	29
225	3	834	29
225	3	1356	20
225	3	2139	12
226	3	469	29
226	3	1565	20
227	3	1826	29
228	3	469	29
228	3	1408	20
229	3	469	29
230	3	469	29
231	3	469	29
232	3	887	29
232	3	1461	20
233	3	1408	29
235	3	1513	29
236	3	626	29
237	3	521	29
238	3	730	29
239	3	1252	29
240	3	834	29
240	3	1617	20
240	3	2243	12
241	3	469	29
242	3	1095	29
243	3	469	29
243	3	1304	20
243	3	2035	12
243	3	2295	30
244	3	417	29
245	3	887	29
246	3	2139	29
247	3	1669	29
248	3	782	29
249	3	678	29
250	3	782	29
250	3	1304	20
250	3	2191	12
251	3	469	29
252	3	782	29
253	3	521	29
255	3	574	29
256	3	469	29
256	3	2295	20
257	3	887	29
258	3	730	29
259	3	730	29
260	3	469	29
262	3	521	29
263	3	521	29
264	3	991	29
265	3	1982	29
266	3	1200	29
267	3	887	29
267	3	2295	20
268	3	626	29
269	3	939	29
269	3	1774	20
270	3	1930	29
271	3	1148	29
271	3	1774	20
272	3	469	29
272	3	1356	20
272	3	1617	12
272	3	1930	9
272	3	2035	30
273	3	2295	29
274	3	1252	29
275	3	1513	29
276	3	2191	29
277	3	2035	29
278	3	1513	29
279	3	1304	29
280	3	469	29
282	3	1461	29
283	3	1304	29
284	3	730	29
284	3	1200	20
284	3	1722	12
284	3	2087	9
285	3	1304	29
286	3	469	29
286	3	1461	20
286	3	1982	12
286	3	2295	30
287	3	1304	29
288	3	1408	29
289	3	678	29
292	3	1461	29
293	3	782	29
293	3	1252	20
293	3	2087	12
294	3	887	29
295	3	678	29
296	3	939	29
297	3	1252	29
298	3	1252	29
299	3	939	29
300	3	626	29
301	3	834	29
302	3	1252	29
302	3	2139	20
303	3	469	29
303	3	1252	20
303	3	1722	12
303	3	2035	9
304	3	887	29
306	3	469	29
306	3	1461	20
307	3	469	29
308	3	417	29
309	3	678	29
309	3	1252	20
309	3	1982	12
309	3	2295	30
310	3	991	29
310	3	1565	20
311	3	521	29
312	3	678	29
314	3	1356	29
315	3	1252	29
315	3	1774	20
316	3	2139	29
317	3	1356	29
318	3	1461	29
319	3	887	29
320	3	1408	29
321	3	782	29
322	3	469	29
323	3	1878	29
324	3	1408	29
325	3	1356	29
326	3	782	29
327	3	1252	29
328	3	521	29
329	3	1461	29
330	3	1252	29
330	3	1722	20
331	3	887	29
332	3	1095	29
332	3	1617	20
333	3	939	29
333	3	1878	20
334	3	1356	29
335	3	834	29
335	3	2139	20
336	3	1043	29
337	3	521	29
338	3	626	29
339	3	887	29
340	3	1304	29
341	3	1304	29
342	3	469	29
342	3	1461	20
343	3	782	29
343	3	1513	20
344	3	2087	29
345	3	469	29
345	3	1722	20
346	3	417	29
346	3	1565	20
346	3	2295	30
347	3	1252	29
348	3	887	29
348	3	1774	20
349	3	939	29
349	3	1356	20
349	3	1722	12
350	3	2139	29
352	3	469	29
353	3	939	29
354	3	469	29
354	3	1200	20
354	3	1669	12
355	3	939	29
356	3	521	29
357	3	939	29
358	3	678	29
360	3	1982	29
361	3	1304	29
362	3	782	29
364	3	887	29
365	3	1513	29
366	3	469	29
367	3	1669	29
368	3	782	29
368	3	1252	20
368	3	1982	12
369	3	1043	29
369	3	1513	20
370	3	521	29
371	3	469	29
372	3	1461	29
373	3	626	29
374	3	1513	29
375	3	1408	29
376	3	1826	29
377	3	1408	29
378	3	678	29
379	3	1200	29
380	3	1878	29
381	3	1878	29
382	3	834	29
383	3	1408	29
384	3	1095	29
385	3	1774	29
386	3	417	29
387	3	991	29
387	3	1461	20
388	3	2139	29
389	3	834	29
390	3	678	29
390	3	2139	20
391	3	887	29
391	3	2087	20
392	3	626	29
393	3	782	29
394	3	1565	29
396	3	782	29
396	3	1200	20
396	3	1617	12
397	3	1356	29
398	3	469	29
399	3	469	29
400	3	1304	29
401	3	2243	29
402	3	1043	29
403	3	2139	29
404	3	1669	29
405	3	678	29
406	3	939	29
406	3	1774	20
407	3	1252	29
409	3	678	29
410	3	626	29
411	3	417	29
411	3	1252	20
411	3	1669	12
411	3	1982	9
412	3	939	29
412	3	1252	20
412	3	1513	12
412	3	1826	9
412	3	2087	30
413	3	782	29
413	3	1200	20
413	3	1461	12
413	3	1774	9
414	3	469	29
414	3	1826	20
415	3	939	29
415	3	1774	20
416	3	1408	29
417	3	1148	29
417	3	2191	20
418	3	939	29
418	3	1408	20
419	3	417	29
419	3	1565	20
420	3	1356	29
421	3	2087	29
422	3	574	29
423	3	730	29
423	3	2035	20
424	3	939	29
424	3	1356	20
424	3	1669	12
424	3	1982	9
424	3	2191	30
425	3	1774	29
426	3	782	29
427	3	2139	29
428	3	887	29
429	3	417	29
429	3	1774	20
430	3	991	29
431	3	730	29
431	3	1408	20
432	3	1043	29
432	3	1565	20
433	3	1200	29
434	3	782	29
434	3	1461	20
434	3	1982	12
434	3	2243	30
435	3	469	29
435	3	1513	20
436	3	730	29
436	3	1356	20
437	3	834	29
438	3	417	29
438	3	1774	20
439	3	574	29
440	3	469	29
441	3	1617	29
442	3	1513	29
443	3	469	29
444	3	1565	29
445	3	834	29
445	3	1930	20
446	3	1878	29
447	3	1513	29
448	3	626	29
449	3	2139	29
450	3	2295	29
451	3	469	29
451	3	1826	20
452	3	469	29
453	3	782	29
453	3	1252	20
454	3	1356	29
455	3	1304	29
456	3	1408	29
457	3	469	29
458	3	1356	29
459	3	574	29
460	3	887	29
461	3	469	29
461	3	1565	20
462	3	469	29
463	3	1043	29
463	3	1565	20
464	3	574	29
465	3	887	29
466	3	782	29
467	3	469	29
468	3	887	29
469	3	678	29
469	3	1356	20
470	3	1304	29
471	3	730	29
472	3	469	29
473	3	1252	29
473	3	2139	20
474	3	1095	29
474	3	1461	20
475	3	574	29
476	3	1304	29
477	3	574	29
478	3	1826	29
481	3	991	29
481	3	1461	20
481	3	1722	12
481	3	2295	9
482	3	1408	29
483	3	1669	29
484	3	2191	29
485	3	834	29
486	3	1408	29
487	3	782	29
488	3	1408	29
489	3	730	29
489	3	1252	20
490	3	521	29
490	3	1774	20
490	3	2295	12
491	3	1461	29
492	3	626	29
492	3	2139	20
494	3	939	29
495	3	1148	29
495	3	1774	20
496	3	469	29
496	3	1669	20
497	3	469	29
498	3	1565	29
499	3	1930	29
500	3	782	29
500	3	1148	20
500	3	1722	12
501	3	1356	29
502	3	1408	29
503	3	782	29
503	3	1200	20
503	3	1513	12
503	3	1826	9
503	3	2139	30
504	3	1722	29
505	3	1356	29
506	3	730	29
507	3	1669	29
508	3	782	29
508	3	1461	20
508	3	2139	12
508	3	2295	30
510	3	2139	29
512	3	574	29
512	3	2139	20
513	3	626	29
514	3	1148	29
515	3	678	29
515	3	1565	20
516	3	1408	29
517	3	1408	29
518	3	1304	29
519	3	469	29
519	3	1617	20
520	3	1878	29
521	3	834	29
521	3	1461	20
522	3	1304	29
522	3	1774	20
523	3	834	29
523	3	2139	20
524	3	2139	29
525	3	1043	29
525	3	1408	20
525	3	2243	12
526	3	1252	29
527	3	469	29
528	3	834	29
529	3	887	29
529	3	1304	20
529	3	1722	12
529	3	2191	9
530	3	1408	29
531	3	730	29
532	3	574	29
533	3	2139	29
534	3	834	29
534	3	1304	20
535	3	1565	29
536	3	1304	29
537	3	1148	29
537	3	2139	20
538	3	469	29
539	3	730	29
540	3	834	29
541	3	469	29
542	3	1408	29
543	3	1304	29
544	3	469	29
544	3	1513	20
544	3	2087	12
544	3	2295	30
546	3	1356	29
547	3	1148	29
547	3	1565	20
548	3	1356	29
549	3	1408	29
550	3	469	29
550	3	1304	20
550	3	1878	12
550	3	2191	30
551	3	469	29
551	3	1304	20
551	3	2243	12
552	3	1408	29
553	3	469	29
554	3	469	29
554	3	1565	20
555	3	469	29
555	3	1148	20
555	3	1565	12
555	3	1878	9
555	3	2035	30
556	3	469	29
557	3	782	29
558	3	417	29
559	3	678	29
560	3	1408	29
561	3	521	29
562	3	626	29
563	3	469	29
563	3	1774	20
564	3	1408	29
565	3	887	29
565	3	1356	20
565	3	1930	12
565	3	2243	30
566	3	469	29
567	3	469	29
568	3	887	29
568	3	1304	20
569	3	574	29
570	3	1408	29
571	3	887	29
571	3	2139	20
572	3	1461	29
573	3	2243	29
575	3	782	29
575	3	1200	20
575	3	1722	12
576	3	1304	29
577	3	834	29
578	3	626	29
580	3	1774	29
581	3	730	29
582	3	1565	29
583	3	730	29
583	3	1200	20
583	3	1722	12
584	3	887	29
585	3	782	29
585	3	1200	20
585	3	1513	12
585	3	1826	9
586	3	1252	29
586	3	1722	20
587	3	469	29
587	3	1200	20
587	3	1722	12
588	3	939	29
589	3	469	29
590	3	939	29
591	3	1513	29
593	3	1930	29
594	3	469	29
595	3	887	29
595	3	1356	20
595	3	2139	12
596	3	1095	29
597	3	1930	29
598	3	730	29
599	3	730	29
599	3	2087	20
600	3	1408	29
601	3	1304	29
602	3	887	29
603	3	469	29
604	3	1356	29
605	3	730	29
606	3	1095	29
606	3	1774	20
607	3	469	29
607	3	1774	20
608	3	469	29
611	3	469	29
612	3	1252	29
613	3	1304	29
614	3	1304	29
615	3	574	29
616	3	678	29
617	3	1252	29
618	3	1617	29
619	3	574	29
620	3	887	29
621	3	626	29
622	3	469	29
623	3	782	29
624	3	469	29
625	3	834	29
626	3	417	29
626	3	1774	20
627	3	1200	29
628	3	1200	29
629	3	574	29
630	3	521	29
631	3	469	29
631	3	1878	20
632	3	678	29
632	3	2243	20
633	3	1565	29
634	3	1356	29
635	3	1461	29
636	3	2191	29
637	3	678	29
638	3	1304	29
639	3	469	29
639	3	1461	20
640	3	521	29
641	3	469	29
642	3	1304	29
644	3	1982	29
645	3	1200	29
646	3	939	29
646	3	1461	20
647	3	1356	29
648	3	1304	29
649	3	887	29
649	3	2139	20
650	3	1461	29
652	3	1200	29
653	3	1304	29
653	3	2139	20
654	3	521	29
655	3	469	29
656	3	469	29
657	3	469	29
658	3	1043	29
658	3	1513	20
659	3	1304	29
660	3	521	29
661	3	939	29
662	3	1304	29
663	3	678	29
664	3	1095	29
664	3	1513	20
664	3	2087	12
665	3	887	29
666	3	887	29
666	3	2295	20
667	3	469	29
668	3	626	29
669	3	1408	29
670	3	574	29
671	3	678	29
672	3	1722	29
673	3	521	29
674	3	1200	29
675	3	730	29
676	3	1043	29
676	3	1408	20
677	3	521	29
677	3	1826	20
678	3	939	29
679	3	834	29
680	3	678	29
681	3	574	29
682	3	469	29
683	3	1304	29
684	3	730	29
685	3	469	29
686	3	1565	29
687	3	1461	29
688	3	1356	29
689	3	1304	29
690	3	469	29
691	3	1043	29
691	3	1617	20
691	3	2243	12
692	3	469	29
692	3	1513	20
693	3	417	29
693	3	1774	20
694	3	1200	29
695	3	678	29
695	3	2139	20
696	3	574	29
697	3	939	29
698	3	1461	29
699	3	469	29
700	3	469	29
701	3	574	29
701	3	2243	20
702	3	469	29
703	3	469	29
703	3	1722	20
704	3	1930	29
705	3	626	29
706	3	469	29
707	3	1408	29
708	3	1252	29
709	3	469	29
709	3	1774	20
710	3	469	29
710	3	1513	20
711	3	834	29
712	3	1565	29
713	3	887	29
714	3	834	29
715	3	1461	29
716	3	730	29
716	3	1304	20
717	3	730	29
717	3	1826	20
718	3	469	29
718	3	1408	20
719	3	521	29
720	3	1878	29
721	3	1200	29
722	3	469	29
722	3	1200	20
722	3	1722	12
723	3	417	29
724	3	469	29
725	3	1200	29
726	3	469	29
726	3	1722	20
727	3	1252	29
728	3	1878	29
729	3	1878	29
730	3	1304	29
731	3	730	29
732	3	1461	29
733	3	834	29
733	3	1669	20
734	3	469	29
734	3	1930	20
735	3	2139	29
736	3	626	29
737	3	991	29
737	3	1878	20
738	3	1095	29
738	3	1565	20
738	3	2087	12
739	3	1304	29
741	3	469	29
742	3	887	29
742	3	1304	20
742	3	1982	12
742	3	2295	30
743	3	887	29
743	3	2139	20
744	3	1304	29
745	3	626	29
746	3	1408	29
747	3	1513	29
748	3	2139	29
749	3	1252	29
750	3	1930	29
751	3	678	29
752	3	574	29
752	3	2087	20
753	3	834	29
753	3	1461	20
753	3	1982	12
753	3	2295	9
754	3	887	29
755	3	782	29
755	3	2087	20
756	3	834	29
756	3	1356	20
756	3	2295	12
757	3	1408	29
758	3	782	29
759	3	1408	29
760	3	469	29
761	3	469	29
762	3	1095	29
763	3	1304	29
765	3	469	29
765	3	2295	20
766	3	2087	29
767	3	1304	29
768	3	1461	29
770	3	2087	29
771	3	1304	29
772	3	521	29
773	3	1513	29
774	3	469	29
774	3	1565	20
775	3	782	29
776	3	469	29
776	3	1304	20
776	3	2035	12
777	3	2139	29
778	3	991	29
779	3	2087	29
780	3	1930	29
781	3	1095	29
781	3	1982	20
782	3	469	29
783	3	1408	29
784	3	469	29
785	3	1878	29
786	3	469	29
787	3	1408	29
788	3	469	29
789	3	1252	29
790	3	521	29
791	3	1356	29
793	3	469	29
793	3	1930	20
794	3	782	29
795	3	730	29
796	3	1408	29
797	3	887	29
798	3	626	29
800	3	1356	29
801	3	1408	29
802	3	469	29
803	3	1095	29
803	3	2087	20
804	3	469	29
806	3	1408	29
807	3	782	29
807	3	1148	20
807	3	1722	12
808	3	2139	29
809	3	1774	29
810	3	469	29
810	3	2243	20
811	3	782	29
811	3	2139	20
812	3	417	29
812	3	1513	20
813	3	1617	29
815	3	417	29
816	3	782	29
817	3	2191	29
818	3	1252	29
818	3	2087	20
819	3	1461	29
820	3	2087	29
821	3	1304	29
822	3	782	29
823	3	730	29
823	3	1408	20
823	3	2087	12
824	3	730	29
825	3	626	29
826	3	1356	29
827	3	521	29
828	3	1408	29
829	3	2139	29
830	3	782	29
831	3	469	29
831	3	1513	20
831	3	1982	12
831	3	2191	30
832	3	939	29
832	3	1408	20
832	3	1982	12
832	3	2295	9
833	3	1304	29
834	3	939	29
834	3	1513	20
834	3	2295	12
835	3	1722	29
836	3	2191	29
837	3	1252	29
838	3	417	29
838	3	1722	20
839	3	1461	29
840	3	417	29
840	3	1095	20
840	3	1722	12
841	3	469	29
842	3	469	29
843	3	730	29
843	3	1252	20
843	3	1774	12
843	3	2087	9
843	3	2191	30
844	3	887	29
845	3	1356	29
846	3	1513	29
847	3	1356	29
848	3	469	29
848	3	1304	20
849	3	834	29
850	3	887	29
850	3	1356	20
850	3	1722	12
851	3	2191	29
852	3	626	29
853	3	1356	29
854	3	887	29
855	3	469	29
856	3	1774	29
857	3	1356	29
858	3	1252	29
860	3	1617	29
861	3	834	29
862	3	1565	29
863	3	469	29
863	3	1461	20
864	3	469	29
864	3	1356	20
864	3	2035	12
864	3	2243	30
865	3	469	29
866	3	782	29
867	3	1565	29
868	3	469	29
869	3	574	29
870	3	834	29
871	3	1304	29
873	3	834	29
873	3	1304	20
875	3	417	29
876	3	939	29
877	3	782	29
877	3	1200	20
877	3	1722	12
878	3	1304	29
879	3	1669	29
880	3	834	29
880	3	1565	20
881	3	574	29
882	3	1408	29
883	3	1617	29
884	3	939	29
885	3	887	29
885	3	1304	20
886	3	574	29
887	3	1356	29
888	3	626	29
889	3	1408	29
890	3	1408	29
891	3	887	29
892	3	1565	29
893	3	2243	29
894	3	1669	29
895	3	417	29
896	3	887	29
897	3	469	29
897	3	1669	20
898	3	469	29
898	3	1565	20
899	3	939	29
899	3	1565	20
900	3	626	29
901	3	782	29
902	3	1148	29
902	3	2191	20
903	3	417	29
903	3	1930	20
905	3	834	29
906	3	469	29
907	3	2087	29
908	3	887	29
909	3	2035	29
910	3	1252	29
911	3	574	29
912	3	469	29
913	3	1408	29
914	3	1252	29
915	3	1356	29
916	3	939	29
916	3	1513	20
917	3	1826	29
918	3	1356	29
919	3	1304	29
920	3	1617	29
921	3	469	29
922	3	1878	29
923	3	1304	29
924	3	469	29
924	3	1408	20
925	3	991	29
926	3	1148	29
926	3	1878	20
927	3	521	29
929	3	991	29
930	3	626	29
931	3	834	29
931	3	1304	20
931	3	1669	12
931	3	2087	9
932	3	730	29
933	3	1408	29
934	3	678	29
935	3	417	29
936	3	469	29
937	3	1982	29
938	3	626	29
939	3	834	29
940	3	469	29
940	3	1774	20
941	3	469	29
941	3	1408	20
941	3	2087	12
942	3	469	29
942	3	1356	20
943	3	469	29
944	3	469	29
945	3	1461	29
946	3	417	29
947	3	991	29
947	3	1304	20
947	3	2243	12
948	3	834	29
949	3	417	29
949	3	1148	20
949	3	1722	12
950	3	782	29
950	3	1722	20
951	3	1930	29
952	3	1878	29
953	3	939	29
953	3	1617	20
954	3	469	29
954	3	1669	20
955	3	730	29
957	3	1304	29
958	3	626	29
959	3	2035	29
960	3	1043	29
961	3	1043	29
962	3	2139	29
963	3	939	29
964	3	469	29
964	3	1408	20
965	3	1200	29
966	3	887	29
967	3	834	29
968	3	469	29
969	3	469	29
969	3	1930	20
971	3	1148	29
972	3	626	29
972	3	1252	20
972	3	1722	12
972	3	2087	9
973	3	469	29
974	3	469	29
975	3	1356	29
976	3	469	29
976	3	1669	20
977	3	1722	29
978	3	469	29
978	3	1513	20
979	3	1408	29
980	3	1513	29
981	3	1200	29
981	3	1774	20
982	3	469	29
983	3	887	29
984	3	678	29
985	3	1304	29
985	3	2139	20
987	3	782	29
988	3	1774	29
989	3	782	29
990	3	1669	29
991	3	834	29
992	3	1722	29
994	3	2087	29
995	3	730	29
996	3	1304	29
998	3	469	29
998	3	1513	20
998	3	2087	12
998	3	2191	30
999	3	1408	29
0	4	730	29
1	4	678	29
2	4	469	29
3	4	1043	28
3	4	1304	29
4	4	1043	29
4	4	1878	28
4	4	2243	30
5	4	991	29
6	4	417	29
6	4	2243	28
7	4	574	29
8	4	1095	29
9	4	834	29
10	4	730	29
11	4	2191	28
12	4	678	29
13	4	678	29
14	4	469	29
15	4	469	29
16	4	991	29
17	4	730	29
18	4	417	29
18	4	2295	28
19	4	1617	28
19	4	1878	29
20	4	1095	29
20	4	2295	28
21	4	417	29
22	4	574	29
23	4	887	29
24	4	469	29
24	4	2087	28
25	4	1408	28
25	4	1669	29
26	4	1304	29
27	4	469	29
28	4	469	29
28	4	1826	28
29	4	521	29
30	4	1148	28
30	4	1408	29
31	4	1043	29
32	4	1043	28
32	4	1304	29
33	4	1565	29
34	4	469	29
34	4	2139	28
35	4	834	29
35	4	2295	28
36	4	939	29
37	4	1878	29
38	4	1200	29
39	4	939	29
40	4	834	29
40	4	1930	28
41	4	1252	29
41	4	2243	28
42	4	1200	29
43	4	417	29
43	4	2139	28
44	4	1356	28
44	4	1617	29
45	4	1200	29
46	4	469	29
47	4	834	29
48	4	834	29
49	4	469	29
49	4	1982	28
50	4	1304	28
50	4	1565	29
51	4	1148	28
51	4	1408	29
52	4	574	29
53	4	469	29
53	4	1722	28
53	4	2191	30
55	4	1878	29
56	4	834	29
57	4	469	29
57	4	1513	28
58	4	469	29
58	4	1774	28
59	4	782	29
59	4	2243	28
60	4	678	29
61	4	1408	29
62	4	991	29
62	4	2191	28
63	4	417	29
64	4	1774	28
64	4	2035	29
65	4	469	29
66	4	1148	28
66	4	1408	29
67	4	1200	29
68	4	1252	28
68	4	1513	29
69	4	521	29
70	4	469	29
71	4	991	28
71	4	1252	29
72	4	1774	28
72	4	2035	29
73	4	1356	28
73	4	1617	29
74	4	1982	29
75	4	887	29
76	4	1200	28
76	4	1461	29
77	4	1148	28
77	4	1408	29
78	4	1095	28
78	4	1356	29
79	4	1461	29
80	4	834	29
81	4	1826	29
82	4	1826	29
83	4	730	29
84	4	1043	29
85	4	1356	28
85	4	1617	29
86	4	730	29
87	4	417	29
87	4	1669	28
88	4	1200	29
89	4	1356	29
90	4	1148	28
90	4	1408	29
92	4	834	29
93	4	1095	28
93	4	1356	29
94	4	1252	28
94	4	1513	29
95	4	1878	29
96	4	678	29
97	4	782	29
98	4	1408	28
98	4	1669	29
99	4	678	29
100	4	1043	28
100	4	1304	29
101	4	1513	29
102	4	1304	29
103	4	521	29
104	4	417	29
104	4	2087	28
105	4	1930	28
105	4	2191	29
106	4	469	29
106	4	1774	28
106	4	2295	30
107	4	782	29
107	4	2191	28
108	4	991	29
109	4	1095	28
109	4	1356	29
110	4	834	29
111	4	1826	29
112	4	469	29
113	4	469	29
114	4	1982	29
115	4	1200	28
115	4	1461	29
116	4	1252	28
116	4	1513	29
117	4	1200	28
117	4	1461	29
118	4	1095	28
118	4	1356	29
119	4	1095	28
119	4	1356	29
120	4	1617	29
121	4	834	29
122	4	939	29
122	4	2191	28
123	4	1617	28
123	4	1878	29
124	4	678	29
125	4	469	29
125	4	1774	28
126	4	469	29
126	4	1722	28
127	4	939	29
128	4	678	29
129	4	782	29
130	4	417	29
131	4	1148	29
131	4	2035	28
132	4	834	29
133	4	1304	29
134	4	1565	29
135	4	1095	29
136	4	469	29
136	4	1408	28
137	4	469	29
138	4	730	29
138	4	1982	28
139	4	939	29
139	4	1722	28
139	4	2087	30
140	4	1304	28
140	4	1565	29
141	4	887	29
141	4	1722	28
142	4	521	29
143	4	1148	28
143	4	1408	29
145	4	1043	28
145	4	1304	29
146	4	1095	29
147	4	1148	29
148	4	1148	28
148	4	1408	29
149	4	782	29
149	4	2139	28
150	4	469	29
150	4	2035	28
151	4	521	29
152	4	469	29
152	4	1878	28
153	4	1722	29
154	4	991	29
155	4	834	29
155	4	2139	28
156	4	887	29
158	4	469	29
159	4	730	29
159	4	2087	28
160	4	1200	29
161	4	1304	28
161	4	1565	29
162	4	678	29
163	4	730	29
164	4	469	29
165	4	469	29
165	4	1722	28
166	4	1461	28
166	4	1722	29
167	4	834	29
168	4	2191	28
169	4	887	29
170	4	939	29
171	4	2139	29
172	4	730	29
172	4	2295	28
173	4	1148	28
173	4	1408	29
174	4	521	29
174	4	2295	28
175	4	1148	29
175	4	2191	28
176	4	991	29
177	4	1461	28
177	4	1722	29
178	4	1878	28
178	4	2139	29
179	4	1095	29
180	4	730	29
181	4	782	29
182	4	417	29
183	4	469	29
183	4	2035	28
184	4	678	29
185	4	991	29
186	4	1982	28
186	4	2243	29
187	4	469	29
188	4	730	29
189	4	1200	29
189	4	2191	28
190	4	730	29
191	4	782	29
192	4	1148	29
193	4	1200	29
196	4	469	29
196	4	1408	28
196	4	1878	30
197	4	2295	28
198	4	1148	29
199	4	939	29
199	4	2191	28
200	4	1043	28
200	4	1304	29
201	4	1408	28
201	4	1669	29
202	4	574	29
203	4	469	29
204	4	939	29
205	4	1095	28
205	4	1356	29
206	4	678	29
206	4	1565	28
206	4	1930	30
207	4	939	29
207	4	2191	28
208	4	469	29
209	4	1982	28
209	4	2243	29
210	4	417	29
211	4	1304	28
211	4	1565	29
212	4	1408	29
213	4	1356	28
213	4	1617	29
214	4	469	29
215	4	1095	28
215	4	1356	29
216	4	626	29
217	4	1043	28
217	4	1304	29
218	4	1252	29
219	4	1930	28
219	4	2191	29
220	4	1148	28
220	4	1408	29
221	4	417	29
222	4	834	29
223	4	469	29
224	4	1513	29
225	4	834	29
225	4	1930	28
226	4	469	29
226	4	1774	28
227	4	1826	29
228	4	469	29
228	4	1722	28
229	4	469	29
230	4	469	29
231	4	469	29
232	4	887	29
233	4	1148	28
233	4	1408	29
235	4	1252	28
235	4	1513	29
236	4	626	29
237	4	521	29
238	4	730	29
239	4	991	28
239	4	1252	29
240	4	834	29
240	4	2087	28
241	4	469	29
241	4	2295	28
242	4	1095	29
243	4	469	29
243	4	1617	28
243	4	2295	30
244	4	417	29
244	4	2295	28
245	4	887	29
246	4	1878	28
246	4	2139	29
247	4	1408	28
247	4	1669	29
248	4	782	29
249	4	678	29
250	4	782	29
250	4	1982	28
251	4	469	29
251	4	2243	28
252	4	782	29
253	4	521	29
255	4	574	29
256	4	469	29
256	4	2243	28
257	4	887	29
258	4	730	29
259	4	730	29
260	4	469	29
260	4	2191	28
262	4	521	29
262	4	2295	28
263	4	521	29
264	4	991	29
265	4	1982	29
266	4	1200	29
267	4	887	29
268	4	626	29
269	4	939	29
270	4	1930	29
271	4	1148	29
271	4	2139	28
272	4	469	29
272	4	1513	28
272	4	2035	30
273	4	2035	28
273	4	2295	29
274	4	991	28
274	4	1252	29
275	4	1252	28
275	4	1513	29
276	4	1930	28
276	4	2191	29
277	4	2035	29
278	4	1252	28
278	4	1513	29
279	4	1043	28
279	4	1304	29
280	4	469	29
282	4	1200	28
282	4	1461	29
283	4	1043	28
283	4	1304	29
284	4	730	29
284	4	1722	28
285	4	1043	28
285	4	1304	29
286	4	469	29
286	4	1826	28
286	4	2295	30
287	4	1043	28
287	4	1304	29
288	4	1408	29
289	4	678	29
290	4	2191	28
292	4	1200	28
292	4	1461	29
293	4	782	29
293	4	1826	28
294	4	887	29
295	4	678	29
296	4	939	29
297	4	991	28
297	4	1252	29
298	4	1252	29
299	4	939	29
300	4	626	29
301	4	834	29
302	4	1252	29
302	4	2295	28
303	4	469	29
303	4	1461	28
304	4	887	29
306	4	469	29
307	4	469	29
308	4	417	29
309	4	678	29
309	4	1774	28
309	4	2295	30
310	4	991	29
310	4	1982	28
311	4	521	29
312	4	678	29
314	4	1095	28
314	4	1356	29
315	4	1252	29
316	4	1878	28
316	4	2139	29
317	4	1095	28
317	4	1356	29
318	4	1200	28
318	4	1461	29
319	4	887	29
320	4	1148	28
320	4	1408	29
321	4	782	29
322	4	469	29
323	4	1617	28
323	4	1878	29
324	4	1148	28
324	4	1408	29
325	4	1095	28
325	4	1356	29
326	4	782	29
327	4	991	28
327	4	1252	29
328	4	521	29
329	4	1200	28
329	4	1461	29
330	4	1252	29
331	4	887	29
332	4	1095	29
333	4	939	29
333	4	2295	28
334	4	1095	28
334	4	1356	29
335	4	834	29
336	4	1043	29
337	4	521	29
338	4	626	29
339	4	887	29
340	4	1043	28
340	4	1304	29
341	4	1043	28
341	4	1304	29
342	4	469	29
342	4	1565	28
343	4	782	29
344	4	1826	28
344	4	2087	29
345	4	469	29
345	4	1930	28
346	4	417	29
346	4	1722	28
346	4	2295	30
347	4	1252	29
348	4	887	29
349	4	939	29
349	4	1774	28
350	4	1878	28
350	4	2139	29
352	4	469	29
353	4	939	29
354	4	469	29
354	4	1461	28
355	4	939	29
356	4	521	29
357	4	939	29
358	4	678	29
358	4	2295	28
359	4	2295	28
360	4	1982	29
361	4	1304	29
362	4	782	29
364	4	887	29
365	4	1252	28
365	4	1513	29
366	4	469	29
367	4	1669	29
368	4	782	29
368	4	1878	28
369	4	1043	29
370	4	521	29
371	4	469	29
372	4	1461	29
373	4	626	29
374	4	1252	28
374	4	1513	29
375	4	1148	28
375	4	1408	29
376	4	1826	29
377	4	1148	28
377	4	1408	29
378	4	678	29
379	4	1200	29
380	4	1878	29
381	4	1878	29
382	4	834	29
383	4	1148	28
383	4	1408	29
384	4	1095	29
385	4	1774	29
386	4	417	29
387	4	991	29
388	4	1878	28
388	4	2139	29
389	4	834	29
390	4	678	29
391	4	887	29
391	4	2243	28
392	4	626	29
393	4	782	29
394	4	1565	29
396	4	782	29
396	4	1617	28
397	4	1095	28
397	4	1356	29
398	4	469	29
399	4	469	29
400	4	1304	29
401	4	1982	28
401	4	2243	29
402	4	1043	29
403	4	1878	28
403	4	2139	29
404	4	1669	29
405	4	678	29
406	4	939	29
407	4	991	28
407	4	1252	29
409	4	678	29
410	4	626	29
411	4	417	29
411	4	1565	28
412	4	939	29
412	4	1669	28
412	4	2087	30
413	4	782	29
413	4	1669	28
414	4	469	29
414	4	1930	28
415	4	939	29
416	4	1148	28
416	4	1408	29
417	4	1148	29
418	4	939	29
419	4	417	29
420	4	1356	29
421	4	1826	28
421	4	2087	29
422	4	574	29
423	4	730	29
423	4	2243	28
424	4	939	29
424	4	1826	28
424	4	2191	30
425	4	1774	29
426	4	782	29
426	4	2087	28
427	4	1878	28
427	4	2139	29
428	4	887	29
429	4	417	29
430	4	991	29
431	4	730	29
432	4	1043	29
432	4	2139	28
433	4	1200	29
434	4	782	29
434	4	1878	28
434	4	2243	30
435	4	469	29
435	4	1982	28
436	4	730	29
436	4	2139	28
437	4	834	29
438	4	417	29
439	4	574	29
440	4	469	29
441	4	1356	28
441	4	1617	29
442	4	1513	29
443	4	469	29
444	4	1304	28
444	4	1565	29
445	4	834	29
446	4	1878	29
447	4	1252	28
447	4	1513	29
448	4	626	29
449	4	1878	28
449	4	2139	29
450	4	2035	28
450	4	2295	29
451	4	469	29
451	4	1878	28
452	4	469	29
453	4	782	29
453	4	1722	28
454	4	1095	28
454	4	1356	29
455	4	1043	28
455	4	1304	29
456	4	1148	28
456	4	1408	29
457	4	469	29
458	4	1095	28
458	4	1356	29
459	4	574	29
460	4	887	29
461	4	469	29
461	4	2087	28
462	4	469	29
463	4	1043	29
463	4	2087	28
464	4	574	29
465	4	887	29
466	4	782	29
467	4	469	29
468	4	887	29
469	4	678	29
469	4	2191	28
470	4	1043	28
470	4	1304	29
471	4	730	29
472	4	469	29
473	4	1252	29
474	4	1095	29
475	4	574	29
476	4	1043	28
476	4	1304	29
477	4	574	29
478	4	1826	29
481	4	991	29
481	4	1982	28
482	4	1408	29
483	4	1408	28
483	4	1669	29
484	4	1930	28
484	4	2191	29
485	4	834	29
486	4	1148	28
486	4	1408	29
487	4	782	29
488	4	1148	28
488	4	1408	29
489	4	730	29
489	4	2191	28
490	4	521	29
490	4	1930	28
491	4	1461	29
492	4	626	29
492	4	2087	28
494	4	939	29
495	4	1148	29
496	4	469	29
496	4	1982	28
497	4	469	29
498	4	1565	29
499	4	1930	29
500	4	782	29
500	4	1722	28
501	4	1095	28
501	4	1356	29
502	4	1408	29
503	4	782	29
503	4	1669	28
503	4	2139	30
504	4	1461	28
504	4	1722	29
505	4	1095	28
505	4	1356	29
506	4	730	29
507	4	1408	28
507	4	1669	29
508	4	782	29
508	4	1878	28
508	4	2295	30
510	4	1878	28
510	4	2139	29
512	4	574	29
512	4	2035	28
513	4	626	29
514	4	1148	29
515	4	678	29
515	4	2243	28
516	4	1148	28
516	4	1408	29
517	4	1148	28
517	4	1408	29
518	4	1304	29
519	4	469	29
520	4	1878	29
521	4	834	29
522	4	1304	29
523	4	834	29
524	4	1878	28
524	4	2139	29
525	4	1043	29
525	4	2139	28
526	4	991	28
526	4	1252	29
527	4	469	29
528	4	834	29
529	4	887	29
529	4	1669	28
530	4	1148	28
530	4	1408	29
531	4	730	29
532	4	574	29
533	4	1878	28
533	4	2139	29
534	4	834	29
534	4	2087	28
535	4	1304	28
535	4	1565	29
536	4	1043	28
536	4	1304	29
537	4	1148	29
538	4	469	29
539	4	730	29
540	4	834	29
541	4	469	29
542	4	1408	29
543	4	1043	28
543	4	1304	29
544	4	469	29
544	4	1722	28
544	4	2295	30
546	4	1095	28
546	4	1356	29
547	4	1148	29
547	4	2035	28
548	4	1095	28
548	4	1356	29
549	4	1148	28
549	4	1408	29
550	4	469	29
550	4	1513	28
550	4	2191	30
551	4	469	29
551	4	1617	28
552	4	1148	28
552	4	1408	29
553	4	469	29
554	4	469	29
554	4	2035	28
555	4	469	29
555	4	1461	28
555	4	2035	30
556	4	469	29
557	4	782	29
558	4	417	29
559	4	678	29
560	4	1148	28
560	4	1408	29
561	4	521	29
562	4	626	29
563	4	469	29
564	4	1148	28
564	4	1408	29
565	4	887	29
565	4	1878	28
565	4	2243	30
566	4	469	29
567	4	469	29
568	4	887	29
569	4	574	29
570	4	1148	28
570	4	1408	29
571	4	887	29
572	4	1200	28
572	4	1461	29
573	4	1982	28
573	4	2243	29
575	4	782	29
575	4	1669	28
576	4	1043	28
576	4	1304	29
577	4	834	29
578	4	626	29
580	4	1513	28
580	4	1774	29
581	4	730	29
581	4	2139	28
582	4	1565	29
583	4	730	29
583	4	1669	28
584	4	887	29
585	4	782	29
585	4	1617	28
586	4	1252	29
587	4	469	29
587	4	1513	28
588	4	939	29
589	4	469	29
589	4	2139	28
590	4	939	29
591	4	1252	28
591	4	1513	29
593	4	1930	29
594	4	469	29
595	4	887	29
595	4	1878	28
596	4	1095	29
597	4	1930	29
598	4	730	29
599	4	730	29
600	4	1148	28
600	4	1408	29
601	4	1304	29
602	4	887	29
603	4	469	29
604	4	1356	29
605	4	730	29
606	4	1095	29
607	4	469	29
607	4	2035	28
608	4	469	29
609	4	2139	28
610	4	2087	28
611	4	469	29
612	4	991	28
612	4	1252	29
613	4	1043	28
613	4	1304	29
614	4	1043	28
614	4	1304	29
615	4	574	29
616	4	678	29
617	4	991	28
617	4	1252	29
618	4	1356	28
618	4	1617	29
619	4	574	29
620	4	887	29
621	4	626	29
622	4	469	29
623	4	782	29
624	4	469	29
625	4	834	29
626	4	417	29
627	4	1200	29
628	4	1200	29
629	4	574	29
630	4	521	29
631	4	469	29
631	4	1930	28
632	4	678	29
632	4	2295	28
633	4	1304	28
633	4	1565	29
634	4	1095	28
634	4	1356	29
635	4	1200	28
635	4	1461	29
636	4	1930	28
636	4	2191	29
637	4	678	29
638	4	1043	28
638	4	1304	29
639	4	469	29
639	4	1669	28
640	4	521	29
641	4	469	29
642	4	1043	28
642	4	1304	29
643	4	2087	28
644	4	1982	29
645	4	1200	29
646	4	939	29
647	4	1095	28
647	4	1356	29
648	4	1304	29
649	4	887	29
650	4	1200	28
650	4	1461	29
652	4	1200	29
653	4	1304	29
654	4	521	29
655	4	469	29
655	4	2295	28
656	4	469	29
657	4	469	29
658	4	1043	29
658	4	2139	28
659	4	1043	28
659	4	1304	29
660	4	521	29
661	4	939	29
662	4	1304	29
663	4	678	29
664	4	1095	29
664	4	2035	28
665	4	887	29
666	4	887	29
667	4	469	29
668	4	626	29
669	4	1408	29
670	4	574	29
671	4	678	29
672	4	1722	29
673	4	521	29
674	4	1200	29
675	4	730	29
676	4	1043	29
676	4	2087	28
677	4	521	29
677	4	2295	28
678	4	939	29
679	4	834	29
680	4	678	29
681	4	574	29
682	4	469	29
683	4	1043	28
683	4	1304	29
684	4	730	29
685	4	469	29
686	4	1565	29
687	4	1200	28
687	4	1461	29
688	4	1095	28
688	4	1356	29
689	4	1043	28
689	4	1304	29
690	4	469	29
691	4	1043	29
691	4	2035	28
692	4	469	29
692	4	1722	28
693	4	417	29
693	4	1982	28
694	4	1200	29
695	4	678	29
696	4	574	29
697	4	939	29
697	4	2295	28
698	4	1200	28
698	4	1461	29
699	4	469	29
700	4	469	29
701	4	574	29
701	4	2087	28
702	4	469	29
703	4	469	29
703	4	1982	28
704	4	1669	28
704	4	1930	29
705	4	626	29
705	4	2295	28
706	4	469	29
707	4	1408	29
708	4	991	28
708	4	1252	29
709	4	469	29
709	4	1930	28
710	4	469	29
710	4	1722	28
711	4	834	29
711	4	2191	28
712	4	1565	29
713	4	887	29
714	4	834	29
715	4	1461	29
716	4	730	29
717	4	730	29
717	4	2035	28
718	4	469	29
718	4	1982	28
719	4	521	29
720	4	1617	28
720	4	1878	29
721	4	1200	29
722	4	469	29
722	4	1461	28
723	4	417	29
724	4	469	29
725	4	1200	29
726	4	469	29
727	4	991	28
727	4	1252	29
728	4	1617	28
728	4	1878	29
729	4	1878	29
730	4	1304	29
731	4	730	29
732	4	1461	29
733	4	834	29
734	4	469	29
734	4	2087	28
735	4	1878	28
735	4	2139	29
736	4	626	29
737	4	991	29
737	4	2139	28
738	4	1095	29
738	4	1982	28
739	4	1043	28
739	4	1304	29
740	4	2295	28
741	4	469	29
742	4	887	29
742	4	1930	28
742	4	2295	30
743	4	887	29
744	4	1043	28
744	4	1304	29
745	4	626	29
746	4	1148	28
746	4	1408	29
747	4	1513	29
748	4	1878	28
748	4	2139	29
749	4	991	28
749	4	1252	29
750	4	1930	29
751	4	678	29
752	4	574	29
752	4	2087	28
753	4	834	29
753	4	1982	28
754	4	887	29
755	4	782	29
756	4	834	29
756	4	1982	28
757	4	1148	28
757	4	1408	29
758	4	782	29
759	4	1148	28
759	4	1408	29
760	4	469	29
761	4	469	29
762	4	1095	29
763	4	1043	28
763	4	1304	29
765	4	469	29
766	4	2087	29
767	4	1043	28
767	4	1304	29
768	4	1200	28
768	4	1461	29
770	4	1826	28
770	4	2087	29
771	4	1043	28
771	4	1304	29
772	4	521	29
773	4	1252	28
773	4	1513	29
774	4	469	29
774	4	1722	28
775	4	782	29
776	4	469	29
776	4	1722	28
777	4	1878	28
777	4	2139	29
778	4	991	29
779	4	1826	28
779	4	2087	29
780	4	1930	29
781	4	1095	29
782	4	469	29
783	4	1148	28
783	4	1408	29
784	4	469	29
784	4	2295	28
785	4	1878	29
786	4	469	29
787	4	1148	28
787	4	1408	29
788	4	469	29
789	4	991	28
789	4	1252	29
790	4	521	29
791	4	1095	28
791	4	1356	29
793	4	469	29
793	4	2087	28
794	4	782	29
795	4	730	29
796	4	1148	28
796	4	1408	29
797	4	887	29
798	4	626	29
799	4	2087	28
800	4	1095	28
800	4	1356	29
801	4	1148	28
801	4	1408	29
802	4	469	29
803	4	1095	29
804	4	469	29
804	4	2295	28
805	4	2191	28
806	4	1148	28
806	4	1408	29
807	4	782	29
807	4	1669	28
808	4	1878	28
808	4	2139	29
809	4	1513	28
809	4	1774	29
810	4	469	29
810	4	2087	28
811	4	782	29
812	4	417	29
812	4	1826	28
813	4	1617	29
815	4	417	29
816	4	782	29
817	4	1930	28
817	4	2191	29
818	4	1252	29
819	4	1200	28
819	4	1461	29
820	4	2087	29
821	4	1043	28
821	4	1304	29
822	4	782	29
823	4	730	29
823	4	1930	28
824	4	730	29
824	4	2191	28
825	4	626	29
826	4	1356	29
827	4	521	29
828	4	1148	28
828	4	1408	29
829	4	1878	28
829	4	2139	29
830	4	782	29
831	4	469	29
831	4	1722	28
831	4	2191	30
832	4	939	29
832	4	1878	28
833	4	1043	28
833	4	1304	29
834	4	939	29
834	4	1982	28
835	4	1722	29
836	4	1930	28
836	4	2191	29
837	4	991	28
837	4	1252	29
838	4	417	29
838	4	1878	28
839	4	1200	28
839	4	1461	29
840	4	417	29
840	4	1408	28
841	4	469	29
842	4	469	29
842	4	2191	28
843	4	730	29
843	4	1774	28
843	4	2191	30
844	4	887	29
845	4	1095	28
845	4	1356	29
846	4	1252	28
846	4	1513	29
847	4	1095	28
847	4	1356	29
848	4	469	29
848	4	1669	28
849	4	834	29
850	4	887	29
850	4	1774	28
851	4	1930	28
851	4	2191	29
852	4	626	29
853	4	1095	28
853	4	1356	29
854	4	887	29
855	4	469	29
856	4	1774	29
857	4	1095	28
857	4	1356	29
858	4	1252	29
860	4	1356	28
860	4	1617	29
861	4	834	29
862	4	1304	28
862	4	1565	29
863	4	469	29
863	4	1722	28
864	4	469	29
864	4	1617	28
864	4	2243	30
865	4	469	29
866	4	782	29
867	4	1565	29
868	4	469	29
869	4	574	29
870	4	834	29
871	4	1043	28
871	4	1304	29
873	4	834	29
875	4	417	29
876	4	939	29
877	4	782	29
877	4	1722	28
878	4	1043	28
878	4	1304	29
879	4	1669	29
880	4	834	29
881	4	574	29
882	4	1148	28
882	4	1408	29
883	4	1356	28
883	4	1617	29
884	4	939	29
885	4	887	29
885	4	1774	28
886	4	574	29
887	4	1356	29
888	4	626	29
889	4	1148	28
889	4	1408	29
890	4	1148	28
890	4	1408	29
891	4	887	29
892	4	1304	28
892	4	1565	29
893	4	2243	29
894	4	1669	29
895	4	417	29
896	4	887	29
897	4	469	29
898	4	469	29
898	4	1669	28
899	4	939	29
899	4	2243	28
900	4	626	29
901	4	782	29
902	4	1148	29
903	4	417	29
903	4	1878	28
905	4	834	29
906	4	469	29
907	4	1826	28
907	4	2087	29
908	4	887	29
909	4	1774	28
909	4	2035	29
910	4	991	28
910	4	1252	29
911	4	574	29
912	4	469	29
913	4	1148	28
913	4	1408	29
914	4	1252	29
915	4	1095	28
915	4	1356	29
916	4	939	29
917	4	1826	29
918	4	1095	28
918	4	1356	29
919	4	1043	28
919	4	1304	29
920	4	1617	29
921	4	469	29
922	4	1878	29
923	4	1043	28
923	4	1304	29
924	4	469	29
924	4	1617	28
925	4	991	29
926	4	1148	29
926	4	2139	28
927	4	521	29
929	4	991	29
930	4	626	29
931	4	834	29
931	4	1722	28
932	4	730	29
932	4	2295	28
933	4	1148	28
933	4	1408	29
934	4	678	29
935	4	417	29
936	4	469	29
937	4	1982	29
938	4	626	29
939	4	834	29
940	4	469	29
940	4	1878	28
941	4	469	29
941	4	1774	28
942	4	469	29
942	4	1617	28
943	4	469	29
944	4	469	29
945	4	1200	28
945	4	1461	29
946	4	417	29
947	4	991	29
947	4	1722	28
948	4	834	29
949	4	417	29
949	4	1461	28
950	4	782	29
951	4	1669	28
951	4	1930	29
952	4	1617	28
952	4	1878	29
953	4	939	29
954	4	469	29
954	4	2035	28
955	4	730	29
957	4	1043	28
957	4	1304	29
958	4	626	29
959	4	1774	28
959	4	2035	29
960	4	1043	29
961	4	1043	29
962	4	1878	28
962	4	2139	29
963	4	939	29
964	4	469	29
964	4	1669	28
965	4	1200	29
966	4	887	29
967	4	834	29
968	4	469	29
969	4	469	29
969	4	2139	28
971	4	1148	29
972	4	626	29
972	4	1774	28
973	4	469	29
974	4	469	29
975	4	1095	28
975	4	1356	29
976	4	469	29
976	4	1930	28
977	4	1461	28
977	4	1722	29
978	4	469	29
978	4	2243	28
979	4	1148	28
979	4	1408	29
980	4	1252	28
980	4	1513	29
981	4	1200	29
982	4	469	29
983	4	887	29
984	4	678	29
985	4	1043	28
985	4	1304	29
986	4	2087	28
987	4	782	29
988	4	1774	29
989	4	782	29
990	4	1408	28
990	4	1669	29
991	4	834	29
992	4	1461	28
992	4	1722	29
994	4	1826	28
994	4	2087	29
995	4	730	29
996	4	1043	28
996	4	1304	29
997	4	2087	28
998	4	469	29
998	4	1669	28
998	4	2191	30
999	4	1148	28
999	4	1408	29
0	5	521	25
0	5	730	29
1	5	521	25
1	5	678	29
2	5	469	29
3	5	1043	28
3	5	1304	29
4	5	521	25
4	5	1043	29
4	5	1878	28
4	5	2243	30
5	5	521	25
5	5	991	29
6	5	417	29
6	5	2243	28
7	5	574	29
8	5	521	25
8	5	1095	29
9	5	834	29
10	5	521	25
10	5	730	29
11	5	2191	28
12	5	678	29
13	5	678	29
14	5	469	29
15	5	469	29
16	5	521	25
16	5	991	29
17	5	521	25
17	5	730	29
18	5	417	29
18	5	2295	28
19	5	1617	28
19	5	1878	29
20	5	521	25
20	5	1095	29
20	5	2295	28
21	5	417	29
22	5	574	29
23	5	521	25
23	5	887	29
24	5	469	29
24	5	2087	28
25	5	1408	28
25	5	1669	29
26	5	521	25
26	5	1304	29
27	5	469	29
28	5	469	29
28	5	1826	28
29	5	521	29
30	5	1148	28
30	5	1408	29
31	5	521	25
31	5	1043	29
32	5	1043	28
32	5	1304	29
33	5	521	25
33	5	1565	29
34	5	469	29
34	5	2139	28
35	5	521	25
35	5	834	29
35	5	2295	28
36	5	521	25
36	5	939	29
37	5	521	25
37	5	1878	29
38	5	521	25
38	5	1200	29
39	5	521	25
39	5	939	29
40	5	521	25
40	5	834	29
40	5	1930	28
41	5	521	25
41	5	1252	29
41	5	2243	28
42	5	521	25
42	5	1200	29
43	5	417	29
43	5	2139	28
44	5	1356	28
44	5	1617	29
45	5	521	25
45	5	1200	29
46	5	469	29
47	5	834	29
48	5	834	29
49	5	469	29
49	5	1982	28
50	5	1304	28
50	5	1565	29
51	5	1148	28
51	5	1408	29
52	5	574	29
53	5	469	29
53	5	1722	28
53	5	2191	30
55	5	521	25
55	5	1878	29
56	5	834	29
57	5	469	29
57	5	1513	28
58	5	469	29
58	5	1774	28
59	5	521	25
59	5	782	29
59	5	2243	28
60	5	678	29
61	5	521	25
61	5	1408	29
62	5	521	25
62	5	991	29
62	5	2191	28
63	5	417	29
64	5	1774	28
64	5	2035	29
65	5	469	29
66	5	1148	28
66	5	1408	29
67	5	521	25
67	5	1200	29
68	5	1252	28
68	5	1513	29
69	5	521	29
70	5	469	29
71	5	991	28
71	5	1252	29
72	5	1774	28
72	5	2035	29
73	5	1356	28
73	5	1617	29
74	5	574	25
74	5	1982	29
75	5	521	25
75	5	887	29
76	5	1200	28
76	5	1461	29
77	5	1148	28
77	5	1408	29
78	5	1095	28
78	5	1356	29
79	5	521	25
79	5	1461	29
80	5	521	25
80	5	834	29
81	5	521	25
81	5	1826	29
82	5	521	25
82	5	1826	29
83	5	730	29
84	5	521	25
84	5	1043	29
85	5	1356	28
85	5	1617	29
86	5	730	29
87	5	417	29
87	5	1669	28
88	5	521	25
88	5	1200	29
89	5	521	25
89	5	1356	29
90	5	1148	28
90	5	1408	29
91	5	521	25
92	5	521	25
92	5	834	29
93	5	1095	28
93	5	1356	29
94	5	1252	28
94	5	1513	29
95	5	574	25
95	5	1878	29
96	5	678	29
97	5	782	29
98	5	1408	28
98	5	1669	29
99	5	678	29
100	5	1043	28
100	5	1304	29
101	5	521	25
101	5	1513	29
102	5	521	25
102	5	1304	29
103	5	521	29
104	5	417	29
104	5	2087	28
105	5	1930	28
105	5	2191	29
106	5	469	29
106	5	1774	28
106	5	2295	30
107	5	521	25
107	5	782	29
107	5	2191	28
108	5	521	25
108	5	991	29
109	5	1095	28
109	5	1356	29
110	5	521	25
110	5	834	29
111	5	521	25
111	5	1826	29
112	5	469	29
113	5	469	29
114	5	521	25
114	5	1982	29
115	5	1200	28
115	5	1461	29
116	5	1252	28
116	5	1513	29
117	5	1200	28
117	5	1461	29
118	5	1095	28
118	5	1356	29
119	5	1095	28
119	5	1356	29
120	5	574	25
120	5	1617	29
121	5	834	29
122	5	521	25
122	5	939	29
122	5	2191	28
123	5	1617	28
123	5	1878	29
124	5	521	25
124	5	678	29
125	5	469	29
125	5	1774	28
126	5	469	29
126	5	1722	28
127	5	521	25
127	5	939	29
128	5	521	25
128	5	678	29
129	5	782	29
130	5	417	29
131	5	521	25
131	5	1148	29
131	5	2035	28
132	5	521	25
132	5	834	29
133	5	521	25
133	5	1304	29
134	5	521	25
134	5	1565	29
135	5	521	25
135	5	1095	29
136	5	469	29
136	5	1408	28
137	5	469	29
138	5	521	25
138	5	730	29
138	5	1982	28
139	5	521	25
139	5	939	29
139	5	1722	28
139	5	2087	30
140	5	1304	28
140	5	1565	29
141	5	521	25
141	5	887	29
141	5	1722	28
142	5	521	29
143	5	1148	28
143	5	1408	29
145	5	1043	28
145	5	1304	29
146	5	521	25
146	5	1095	29
147	5	521	25
147	5	1148	29
148	5	1148	28
148	5	1408	29
149	5	521	25
149	5	782	29
149	5	2139	28
150	5	469	29
150	5	2035	28
151	5	521	29
152	5	469	29
152	5	1878	28
153	5	521	25
153	5	1722	29
154	5	521	25
154	5	991	29
155	5	521	25
155	5	834	29
155	5	2139	28
156	5	521	25
156	5	887	29
158	5	469	29
159	5	521	25
159	5	730	29
159	5	2087	28
160	5	521	25
160	5	1200	29
161	5	1304	28
161	5	1565	29
162	5	678	29
163	5	730	29
164	5	469	29
165	5	469	29
165	5	1722	28
166	5	1461	28
166	5	1722	29
167	5	834	29
168	5	2191	28
169	5	521	25
169	5	887	29
170	5	521	25
170	5	939	29
171	5	574	25
171	5	2139	29
172	5	730	29
172	5	2295	28
173	5	1148	28
173	5	1408	29
174	5	521	29
174	5	2295	28
175	5	521	25
175	5	1148	29
175	5	2191	28
176	5	521	25
176	5	991	29
177	5	1461	28
177	5	1722	29
178	5	1878	28
178	5	2139	29
179	5	521	25
179	5	1095	29
180	5	730	29
181	5	521	25
181	5	782	29
182	5	417	29
183	5	469	29
183	5	2035	28
184	5	678	29
185	5	521	25
185	5	991	29
186	5	1982	28
186	5	2243	29
187	5	469	29
188	5	730	29
189	5	521	25
189	5	1200	29
189	5	2191	28
190	5	730	29
191	5	521	25
191	5	782	29
192	5	521	25
192	5	1148	29
193	5	521	25
193	5	1200	29
194	5	521	25
196	5	469	29
196	5	1408	28
196	5	1878	30
196	5	2191	25
197	5	2295	28
198	5	521	25
198	5	1148	29
199	5	521	25
199	5	939	29
199	5	2191	28
200	5	1043	28
200	5	1304	29
201	5	1408	28
201	5	1669	29
202	5	574	29
203	5	469	29
204	5	521	25
204	5	939	29
205	5	1095	28
205	5	1356	29
206	5	521	25
206	5	678	29
206	5	1565	28
206	5	1930	30
207	5	521	25
207	5	939	29
207	5	2191	28
208	5	469	29
209	5	1982	28
209	5	2243	29
210	5	417	29
211	5	1304	28
211	5	1565	29
212	5	521	25
212	5	1408	29
213	5	1356	28
213	5	1617	29
214	5	469	29
215	5	1095	28
215	5	1356	29
216	5	626	29
217	5	1043	28
217	5	1304	29
218	5	521	25
218	5	1252	29
219	5	1930	28
219	5	2191	29
220	5	1148	28
220	5	1408	29
221	5	417	29
222	5	834	29
223	5	469	29
224	5	574	25
224	5	1513	29
225	5	521	25
225	5	834	29
225	5	1930	28
226	5	469	29
226	5	1774	28
227	5	521	25
227	5	1826	29
228	5	469	29
228	5	1722	28
229	5	469	29
230	5	469	29
231	5	469	29
232	5	521	25
232	5	887	29
233	5	1148	28
233	5	1408	29
235	5	1252	28
235	5	1513	29
236	5	626	29
237	5	521	29
238	5	730	29
239	5	991	28
239	5	1252	29
240	5	521	25
240	5	834	29
240	5	2087	28
241	5	469	29
241	5	2295	28
242	5	521	25
242	5	1095	29
243	5	469	29
243	5	1617	28
243	5	2295	30
244	5	417	29
244	5	2295	28
245	5	887	29
246	5	1878	28
246	5	2139	29
247	5	1408	28
247	5	1669	29
248	5	521	25
248	5	782	29
249	5	521	25
249	5	678	29
250	5	521	25
250	5	782	29
250	5	1982	28
251	5	469	29
251	5	2243	28
252	5	782	29
253	5	521	29
255	5	574	29
256	5	469	29
256	5	2243	28
257	5	887	29
258	5	521	25
258	5	730	29
259	5	521	25
259	5	730	29
260	5	469	29
260	5	2191	28
262	5	521	29
262	5	2295	28
263	5	521	29
264	5	521	25
264	5	991	29
265	5	521	25
265	5	1982	29
266	5	521	25
266	5	1200	29
267	5	521	25
267	5	887	29
268	5	626	29
269	5	521	25
269	5	939	29
270	5	521	25
270	5	1930	29
271	5	521	25
271	5	1148	29
271	5	2139	28
272	5	469	29
272	5	1513	28
272	5	2035	30
273	5	2035	28
273	5	2295	29
274	5	991	28
274	5	1252	29
275	5	1252	28
275	5	1513	29
276	5	1930	28
276	5	2191	29
277	5	521	25
277	5	2035	29
278	5	1252	28
278	5	1513	29
279	5	1043	28
279	5	1304	29
280	5	469	29
282	5	1200	28
282	5	1461	29
283	5	1043	28
283	5	1304	29
284	5	521	25
284	5	730	29
284	5	1722	28
285	5	1043	28
285	5	1304	29
286	5	469	29
286	5	1826	28
286	5	2295	30
287	5	1043	28
287	5	1304	29
288	5	521	25
288	5	1408	29
289	5	678	29
290	5	2191	28
291	5	521	25
292	5	1200	28
292	5	1461	29
293	5	521	25
293	5	782	29
293	5	1826	28
294	5	521	25
294	5	887	29
295	5	678	29
296	5	521	25
296	5	939	29
297	5	991	28
297	5	1252	29
298	5	574	25
298	5	1252	29
299	5	521	25
299	5	939	29
300	5	626	29
301	5	521	25
301	5	834	29
302	5	521	25
302	5	1252	29
302	5	2295	28
303	5	469	29
303	5	1461	28
304	5	521	25
304	5	887	29
306	5	469	29
307	5	469	29
308	5	417	29
309	5	521	25
309	5	678	29
309	5	1774	28
309	5	2295	30
310	5	521	25
310	5	991	29
310	5	1982	28
311	5	521	29
312	5	678	29
313	5	521	25
314	5	1095	28
314	5	1356	29
315	5	521	25
315	5	1252	29
316	5	1878	28
316	5	2139	29
317	5	1095	28
317	5	1356	29
318	5	1200	28
318	5	1461	29
319	5	887	29
320	5	1148	28
320	5	1408	29
321	5	521	25
321	5	782	29
322	5	469	29
323	5	1617	28
323	5	1878	29
324	5	1148	28
324	5	1408	29
325	5	1095	28
325	5	1356	29
326	5	521	25
326	5	782	29
327	5	991	28
327	5	1252	29
328	5	521	29
329	5	1200	28
329	5	1461	29
330	5	521	25
330	5	1252	29
331	5	521	25
331	5	887	29
332	5	521	25
332	5	1095	29
333	5	521	25
333	5	939	29
333	5	2295	28
334	5	1095	28
334	5	1356	29
335	5	521	25
335	5	834	29
336	5	521	25
336	5	1043	29
337	5	521	29
338	5	626	29
339	5	521	25
339	5	887	29
340	5	1043	28
340	5	1304	29
341	5	1043	28
341	5	1304	29
342	5	469	29
342	5	1565	28
343	5	521	25
343	5	782	29
344	5	1826	28
344	5	2087	29
345	5	469	29
345	5	1930	28
346	5	417	29
346	5	1722	28
346	5	2295	30
347	5	521	25
347	5	1252	29
348	5	521	25
348	5	887	29
349	5	521	25
349	5	939	29
349	5	1774	28
350	5	1878	28
350	5	2139	29
351	5	521	25
352	5	469	29
353	5	521	25
353	5	939	29
354	5	469	29
354	5	1461	28
355	5	521	25
355	5	939	29
356	5	521	29
357	5	521	25
357	5	939	29
358	5	678	29
358	5	2295	28
359	5	2295	28
360	5	521	25
360	5	1982	29
361	5	521	25
361	5	1304	29
362	5	782	29
364	5	521	25
364	5	887	29
365	5	1252	28
365	5	1513	29
366	5	469	29
367	5	521	25
367	5	1669	29
368	5	521	25
368	5	782	29
368	5	1878	28
369	5	521	25
369	5	1043	29
370	5	521	29
371	5	469	29
372	5	574	25
372	5	1461	29
373	5	626	29
374	5	1252	28
374	5	1513	29
375	5	1148	28
375	5	1408	29
376	5	521	25
376	5	1826	29
377	5	1148	28
377	5	1408	29
378	5	678	29
379	5	521	25
379	5	1200	29
380	5	521	25
380	5	1878	29
381	5	521	25
381	5	1878	29
382	5	521	25
382	5	834	29
383	5	1148	28
383	5	1408	29
384	5	521	25
384	5	1095	29
385	5	521	25
385	5	1774	29
386	5	417	29
387	5	521	25
387	5	991	29
388	5	1878	28
388	5	2139	29
389	5	521	25
389	5	834	29
390	5	521	25
390	5	678	29
391	5	521	25
391	5	887	29
391	5	2243	28
392	5	626	29
393	5	521	25
393	5	782	29
394	5	521	25
394	5	1565	29
395	5	521	25
396	5	521	25
396	5	782	29
396	5	1617	28
397	5	1095	28
397	5	1356	29
398	5	469	29
399	5	469	29
400	5	521	25
400	5	1304	29
401	5	1982	28
401	5	2243	29
402	5	521	25
402	5	1043	29
403	5	1878	28
403	5	2139	29
404	5	574	25
404	5	1669	29
405	5	678	29
406	5	521	25
406	5	939	29
407	5	991	28
407	5	1252	29
409	5	678	29
410	5	626	29
411	5	417	29
411	5	1565	28
412	5	521	25
412	5	939	29
412	5	1669	28
412	5	2087	30
413	5	521	25
413	5	782	29
413	5	1669	28
414	5	469	29
414	5	1930	28
415	5	521	25
415	5	939	29
416	5	1148	28
416	5	1408	29
417	5	521	25
417	5	1148	29
418	5	521	25
418	5	939	29
419	5	417	29
420	5	574	25
420	5	1356	29
421	5	1826	28
421	5	2087	29
422	5	574	29
423	5	730	29
423	5	2243	28
424	5	521	25
424	5	939	29
424	5	1826	28
424	5	2191	30
425	5	521	25
425	5	1774	29
426	5	782	29
426	5	2087	28
427	5	1878	28
427	5	2139	29
428	5	521	25
428	5	887	29
429	5	417	29
430	5	521	25
430	5	991	29
431	5	521	25
431	5	730	29
432	5	521	25
432	5	1043	29
432	5	2139	28
433	5	521	25
433	5	1200	29
434	5	521	25
434	5	782	29
434	5	1878	28
434	5	2243	30
435	5	469	29
435	5	1982	28
436	5	521	25
436	5	730	29
436	5	2139	28
437	5	521	25
437	5	834	29
438	5	417	29
439	5	574	29
440	5	469	29
441	5	1356	28
441	5	1617	29
442	5	521	25
442	5	1513	29
443	5	469	29
444	5	1304	28
444	5	1565	29
445	5	521	25
445	5	834	29
446	5	521	25
446	5	1878	29
447	5	1252	28
447	5	1513	29
448	5	626	29
449	5	1878	28
449	5	2139	29
450	5	2035	28
450	5	2295	29
451	5	469	29
451	5	1878	28
452	5	469	29
453	5	521	25
453	5	782	29
453	5	1722	28
454	5	1095	28
454	5	1356	29
455	5	1043	28
455	5	1304	29
456	5	1148	28
456	5	1408	29
457	5	469	29
458	5	1095	28
458	5	1356	29
459	5	574	29
460	5	521	25
460	5	887	29
461	5	469	29
461	5	2087	28
462	5	469	29
463	5	521	25
463	5	1043	29
463	5	2087	28
464	5	574	29
465	5	521	25
465	5	887	29
466	5	521	25
466	5	782	29
467	5	469	29
468	5	521	25
468	5	887	29
469	5	521	25
469	5	678	29
469	5	2191	28
470	5	1043	28
470	5	1304	29
471	5	730	29
472	5	469	29
473	5	521	25
473	5	1252	29
474	5	521	25
474	5	1095	29
475	5	574	29
476	5	1043	28
476	5	1304	29
477	5	574	29
478	5	521	25
478	5	1826	29
480	5	521	25
481	5	521	25
481	5	991	29
481	5	1982	28
482	5	521	25
482	5	1408	29
483	5	1408	28
483	5	1669	29
484	5	1930	28
484	5	2191	29
485	5	834	29
486	5	1148	28
486	5	1408	29
487	5	521	25
487	5	782	29
488	5	1148	28
488	5	1408	29
489	5	521	25
489	5	730	29
489	5	2191	28
490	5	521	29
490	5	1930	28
491	5	521	25
491	5	1461	29
492	5	626	29
492	5	2087	28
493	5	521	25
494	5	521	25
494	5	939	29
495	5	521	25
495	5	1148	29
496	5	469	29
496	5	1982	28
497	5	469	29
498	5	521	25
498	5	1565	29
499	5	521	25
499	5	1930	29
500	5	521	25
500	5	782	29
500	5	1722	28
501	5	1095	28
501	5	1356	29
502	5	521	25
502	5	1408	29
503	5	521	25
503	5	782	29
503	5	1669	28
503	5	2139	30
504	5	1461	28
504	5	1722	29
505	5	1095	28
505	5	1356	29
506	5	730	29
507	5	1408	28
507	5	1669	29
508	5	521	25
508	5	782	29
508	5	1878	28
508	5	2295	30
510	5	1878	28
510	5	2139	29
512	5	574	29
512	5	2035	28
513	5	626	29
514	5	521	25
514	5	1148	29
515	5	521	25
515	5	678	29
515	5	2243	28
516	5	1148	28
516	5	1408	29
517	5	1148	28
517	5	1408	29
518	5	626	25
518	5	1304	29
519	5	469	29
520	5	521	25
520	5	1878	29
521	5	521	25
521	5	834	29
522	5	521	25
522	5	1304	29
523	5	521	25
523	5	834	29
524	5	1878	28
524	5	2139	29
525	5	521	25
525	5	1043	29
525	5	2139	28
526	5	991	28
526	5	1252	29
527	5	469	29
528	5	521	25
528	5	834	29
529	5	521	25
529	5	887	29
529	5	1669	28
530	5	1148	28
530	5	1408	29
531	5	730	29
532	5	574	29
533	5	1878	28
533	5	2139	29
534	5	521	25
534	5	834	29
534	5	2087	28
535	5	1304	28
535	5	1565	29
536	5	1043	28
536	5	1304	29
537	5	521	25
537	5	1148	29
538	5	469	29
539	5	521	25
539	5	730	29
540	5	834	29
541	5	469	29
542	5	626	25
542	5	1408	29
543	5	1043	28
543	5	1304	29
544	5	469	29
544	5	1722	28
544	5	2295	30
545	5	521	25
546	5	1095	28
546	5	1356	29
547	5	521	25
547	5	1148	29
547	5	2035	28
548	5	1095	28
548	5	1356	29
549	5	1148	28
549	5	1408	29
550	5	469	29
550	5	1513	28
550	5	2191	30
551	5	469	29
551	5	1617	28
552	5	1148	28
552	5	1408	29
553	5	469	29
554	5	469	29
554	5	2035	28
555	5	469	29
555	5	1461	28
555	5	2035	30
556	5	469	29
557	5	782	29
558	5	417	29
559	5	678	29
560	5	1148	28
560	5	1408	29
561	5	521	29
562	5	626	29
563	5	469	29
564	5	1148	28
564	5	1408	29
565	5	521	25
565	5	887	29
565	5	1878	28
565	5	2243	30
566	5	469	29
567	5	469	29
568	5	521	25
568	5	887	29
569	5	574	29
570	5	1148	28
570	5	1408	29
571	5	521	25
571	5	887	29
572	5	1200	28
572	5	1461	29
573	5	1982	28
573	5	2243	29
574	5	521	25
575	5	521	25
575	5	782	29
575	5	1669	28
576	5	1043	28
576	5	1304	29
577	5	521	25
577	5	834	29
578	5	626	29
579	5	521	25
580	5	1513	28
580	5	1774	29
581	5	730	29
581	5	2139	28
582	5	521	25
582	5	1565	29
583	5	521	25
583	5	730	29
583	5	1669	28
584	5	521	25
584	5	887	29
585	5	521	25
585	5	782	29
585	5	1617	28
586	5	521	25
586	5	1252	29
587	5	469	29
587	5	1513	28
588	5	521	25
588	5	939	29
589	5	469	29
589	5	2139	28
590	5	521	25
590	5	939	29
591	5	1252	28
591	5	1513	29
593	5	521	25
593	5	1930	29
594	5	469	29
595	5	521	25
595	5	887	29
595	5	1878	28
596	5	521	25
596	5	1095	29
597	5	521	25
597	5	1930	29
598	5	521	25
598	5	730	29
599	5	521	25
599	5	730	29
600	5	1148	28
600	5	1408	29
601	5	521	25
601	5	1304	29
602	5	887	29
603	5	469	29
604	5	521	25
604	5	1356	29
605	5	730	29
606	5	521	25
606	5	1095	29
607	5	469	29
607	5	2035	28
608	5	469	29
609	5	2139	28
610	5	2087	28
611	5	469	29
612	5	991	28
612	5	1252	29
613	5	1043	28
613	5	1304	29
614	5	1043	28
614	5	1304	29
615	5	574	29
616	5	678	29
617	5	991	28
617	5	1252	29
618	5	1356	28
618	5	1617	29
619	5	574	29
620	5	521	25
620	5	887	29
621	5	626	29
622	5	469	29
623	5	782	29
624	5	469	29
625	5	834	29
626	5	417	29
627	5	521	25
627	5	1200	29
628	5	521	25
628	5	1200	29
629	5	574	29
630	5	521	29
631	5	469	29
631	5	1930	28
632	5	521	25
632	5	678	29
632	5	2295	28
633	5	1304	28
633	5	1565	29
634	5	1095	28
634	5	1356	29
635	5	1200	28
635	5	1461	29
636	5	1930	28
636	5	2191	29
637	5	678	29
638	5	1043	28
638	5	1304	29
639	5	469	29
639	5	1669	28
640	5	521	29
641	5	469	29
642	5	1043	28
642	5	1304	29
643	5	2087	28
644	5	521	25
644	5	1982	29
645	5	521	25
645	5	1200	29
646	5	521	25
646	5	939	29
647	5	1095	28
647	5	1356	29
648	5	521	25
648	5	1304	29
649	5	521	25
649	5	887	29
650	5	1200	28
650	5	1461	29
651	5	521	25
652	5	521	25
652	5	1200	29
653	5	521	25
653	5	1304	29
654	5	521	29
655	5	469	29
655	5	2295	28
656	5	469	29
657	5	469	29
658	5	521	25
658	5	1043	29
658	5	2139	28
659	5	1043	28
659	5	1304	29
660	5	521	29
661	5	521	25
661	5	939	29
662	5	521	25
662	5	1304	29
663	5	678	29
664	5	521	25
664	5	1095	29
664	5	2035	28
665	5	521	25
665	5	887	29
666	5	521	25
666	5	887	29
667	5	469	29
668	5	626	29
669	5	574	25
669	5	1408	29
670	5	574	29
671	5	678	29
672	5	626	25
672	5	1722	29
673	5	521	29
674	5	521	25
674	5	1200	29
675	5	730	29
676	5	521	25
676	5	1043	29
676	5	2087	28
677	5	521	29
677	5	2295	28
678	5	521	25
678	5	939	29
679	5	834	29
680	5	678	29
681	5	574	29
682	5	469	29
683	5	1043	28
683	5	1304	29
684	5	730	29
685	5	469	29
686	5	521	25
686	5	1565	29
687	5	1200	28
687	5	1461	29
688	5	1095	28
688	5	1356	29
689	5	1043	28
689	5	1304	29
690	5	469	29
691	5	521	25
691	5	1043	29
691	5	2035	28
692	5	469	29
692	5	1722	28
693	5	417	29
693	5	1982	28
694	5	521	25
694	5	1200	29
695	5	521	25
695	5	678	29
696	5	574	29
697	5	521	25
697	5	939	29
697	5	2295	28
698	5	1200	28
698	5	1461	29
699	5	469	29
700	5	469	29
701	5	574	29
701	5	2087	28
702	5	469	29
703	5	469	29
703	5	1982	28
704	5	1669	28
704	5	1930	29
705	5	626	29
705	5	2295	28
706	5	469	29
707	5	521	25
707	5	1408	29
708	5	991	28
708	5	1252	29
709	5	469	29
709	5	1930	28
710	5	469	29
710	5	1722	28
711	5	834	29
711	5	2191	28
712	5	521	25
712	5	1565	29
713	5	887	29
714	5	521	25
714	5	834	29
715	5	521	25
715	5	1461	29
716	5	521	25
716	5	730	29
717	5	730	29
717	5	2035	28
718	5	469	29
718	5	1982	28
719	5	521	29
720	5	1617	28
720	5	1878	29
721	5	521	25
721	5	1200	29
722	5	469	29
722	5	1461	28
723	5	417	29
724	5	469	29
725	5	521	25
725	5	1200	29
726	5	469	29
727	5	991	28
727	5	1252	29
728	5	1617	28
728	5	1878	29
729	5	521	25
729	5	1878	29
730	5	521	25
730	5	1304	29
731	5	521	25
731	5	730	29
732	5	521	25
732	5	1461	29
733	5	521	25
733	5	834	29
734	5	469	29
734	5	2087	28
735	5	1878	28
735	5	2139	29
736	5	626	29
737	5	521	25
737	5	991	29
737	5	2139	28
738	5	521	25
738	5	1095	29
738	5	1982	28
739	5	1043	28
739	5	1304	29
740	5	2295	28
741	5	469	29
742	5	521	25
742	5	887	29
742	5	1930	28
742	5	2295	30
743	5	521	25
743	5	887	29
744	5	1043	28
744	5	1304	29
745	5	626	29
746	5	1148	28
746	5	1408	29
747	5	521	25
747	5	1513	29
748	5	1878	28
748	5	2139	29
749	5	991	28
749	5	1252	29
750	5	521	25
750	5	1930	29
751	5	678	29
752	5	574	29
752	5	2087	28
753	5	521	25
753	5	834	29
753	5	1982	28
754	5	521	25
754	5	887	29
755	5	521	25
755	5	782	29
756	5	521	25
756	5	834	29
756	5	1982	28
757	5	1148	28
757	5	1408	29
758	5	521	25
758	5	782	29
759	5	1148	28
759	5	1408	29
760	5	469	29
761	5	469	29
762	5	521	25
762	5	1095	29
763	5	1043	28
763	5	1304	29
764	5	521	25
765	5	469	29
766	5	521	25
766	5	2087	29
767	5	1043	28
767	5	1304	29
768	5	1200	28
768	5	1461	29
769	5	574	25
770	5	1826	28
770	5	2087	29
771	5	1043	28
771	5	1304	29
772	5	521	29
773	5	1252	28
773	5	1513	29
774	5	469	29
774	5	1722	28
775	5	782	29
776	5	469	29
776	5	1722	28
777	5	1878	28
777	5	2139	29
778	5	521	25
778	5	991	29
779	5	1826	28
779	5	2087	29
780	5	521	25
780	5	1930	29
781	5	521	25
781	5	1095	29
782	5	469	29
783	5	1148	28
783	5	1408	29
784	5	469	29
784	5	2295	28
785	5	521	25
785	5	1878	29
786	5	469	29
787	5	1148	28
787	5	1408	29
788	5	469	29
789	5	991	28
789	5	1252	29
790	5	521	29
791	5	1095	28
791	5	1356	29
792	5	521	25
793	5	469	29
793	5	2087	28
794	5	521	25
794	5	782	29
795	5	730	29
796	5	1148	28
796	5	1408	29
797	5	521	25
797	5	887	29
798	5	626	29
799	5	2087	28
800	5	1095	28
800	5	1356	29
801	5	1148	28
801	5	1408	29
802	5	469	29
803	5	521	25
803	5	1095	29
804	5	469	29
804	5	2295	28
805	5	2191	28
806	5	1148	28
806	5	1408	29
807	5	521	25
807	5	782	29
807	5	1669	28
808	5	1878	28
808	5	2139	29
809	5	1513	28
809	5	1774	29
810	5	469	29
810	5	2087	28
811	5	521	25
811	5	782	29
812	5	417	29
812	5	1826	28
813	5	521	25
813	5	1617	29
814	5	521	25
815	5	417	29
816	5	782	29
817	5	1930	28
817	5	2191	29
818	5	521	25
818	5	1252	29
819	5	1200	28
819	5	1461	29
820	5	521	25
820	5	2087	29
821	5	1043	28
821	5	1304	29
822	5	521	25
822	5	782	29
823	5	521	25
823	5	730	29
823	5	1930	28
824	5	730	29
824	5	2191	28
825	5	626	29
826	5	574	25
826	5	1356	29
827	5	521	29
828	5	1148	28
828	5	1408	29
829	5	1878	28
829	5	2139	29
830	5	782	29
831	5	469	29
831	5	1722	28
831	5	2191	30
832	5	521	25
832	5	939	29
832	5	1878	28
833	5	1043	28
833	5	1304	29
834	5	521	25
834	5	939	29
834	5	1982	28
835	5	521	25
835	5	1722	29
836	5	1930	28
836	5	2191	29
837	5	991	28
837	5	1252	29
838	5	417	29
838	5	1878	28
839	5	1200	28
839	5	1461	29
840	5	417	29
840	5	1408	28
841	5	469	29
842	5	469	29
842	5	2191	28
843	5	521	25
843	5	730	29
843	5	1774	28
843	5	2191	30
844	5	887	29
845	5	1095	28
845	5	1356	29
846	5	1252	28
846	5	1513	29
847	5	1095	28
847	5	1356	29
848	5	469	29
848	5	1669	28
849	5	834	29
850	5	521	25
850	5	887	29
850	5	1774	28
851	5	1930	28
851	5	2191	29
852	5	626	29
853	5	1095	28
853	5	1356	29
854	5	887	29
855	5	469	29
856	5	521	25
856	5	1774	29
857	5	1095	28
857	5	1356	29
858	5	521	25
858	5	1252	29
859	5	521	25
860	5	1356	28
860	5	1617	29
861	5	521	25
861	5	834	29
862	5	1304	28
862	5	1565	29
863	5	469	29
863	5	1722	28
864	5	469	29
864	5	1617	28
864	5	2243	30
865	5	469	29
866	5	521	25
866	5	782	29
867	5	521	25
867	5	1565	29
868	5	469	29
869	5	574	29
870	5	834	29
871	5	1043	28
871	5	1304	29
873	5	521	25
873	5	834	29
875	5	417	29
876	5	521	25
876	5	939	29
877	5	521	25
877	5	782	29
877	5	1722	28
878	5	1043	28
878	5	1304	29
879	5	521	25
879	5	1669	29
880	5	521	25
880	5	834	29
881	5	574	29
882	5	1148	28
882	5	1408	29
883	5	1356	28
883	5	1617	29
884	5	521	25
884	5	939	29
885	5	521	25
885	5	887	29
885	5	1774	28
886	5	574	29
887	5	521	25
887	5	1356	29
888	5	626	29
889	5	1148	28
889	5	1408	29
890	5	1148	28
890	5	1408	29
891	5	521	25
891	5	887	29
892	5	1304	28
892	5	1565	29
893	5	521	25
893	5	2243	29
894	5	521	25
894	5	1669	29
895	5	417	29
896	5	521	25
896	5	887	29
897	5	469	29
898	5	469	29
898	5	1669	28
899	5	521	25
899	5	939	29
899	5	2243	28
900	5	626	29
901	5	521	25
901	5	782	29
902	5	574	25
902	5	1148	29
903	5	417	29
903	5	1878	28
905	5	834	29
906	5	469	29
907	5	1826	28
907	5	2087	29
908	5	521	25
908	5	887	29
909	5	1774	28
909	5	2035	29
910	5	991	28
910	5	1252	29
911	5	574	29
912	5	469	29
913	5	1148	28
913	5	1408	29
914	5	521	25
914	5	1252	29
915	5	1095	28
915	5	1356	29
916	5	521	25
916	5	939	29
917	5	521	25
917	5	1826	29
918	5	1095	28
918	5	1356	29
919	5	1043	28
919	5	1304	29
920	5	521	25
920	5	1617	29
921	5	469	29
922	5	521	25
922	5	1878	29
923	5	1043	28
923	5	1304	29
924	5	469	29
924	5	1617	28
925	5	521	25
925	5	991	29
926	5	521	25
926	5	1148	29
926	5	2139	28
927	5	521	29
929	5	521	25
929	5	991	29
930	5	626	29
931	5	521	25
931	5	834	29
931	5	1722	28
932	5	730	29
932	5	2295	28
933	5	1148	28
933	5	1408	29
934	5	678	29
935	5	417	29
936	5	469	29
937	5	574	25
937	5	1982	29
938	5	626	29
939	5	834	29
940	5	469	29
940	5	1878	28
941	5	469	29
941	5	1774	28
942	5	469	29
942	5	1617	28
943	5	469	29
944	5	469	29
945	5	1200	28
945	5	1461	29
946	5	417	29
947	5	521	25
947	5	991	29
947	5	1722	28
948	5	521	25
948	5	834	29
949	5	417	29
949	5	1461	28
950	5	521	25
950	5	782	29
951	5	1669	28
951	5	1930	29
952	5	1617	28
952	5	1878	29
953	5	521	25
953	5	939	29
954	5	469	29
954	5	2035	28
955	5	730	29
956	5	521	25
957	5	1043	28
957	5	1304	29
958	5	626	29
959	5	1774	28
959	5	2035	29
960	5	521	25
960	5	1043	29
961	5	521	25
961	5	1043	29
962	5	1878	28
962	5	2139	29
963	5	521	25
963	5	939	29
964	5	469	29
964	5	1669	28
965	5	626	25
965	5	1200	29
966	5	521	25
966	5	887	29
967	5	834	29
968	5	469	29
969	5	469	29
969	5	2139	28
971	5	521	25
971	5	1148	29
972	5	521	25
972	5	626	29
972	5	1774	28
973	5	469	29
974	5	469	29
975	5	1095	28
975	5	1356	29
976	5	469	29
976	5	1930	28
977	5	1461	28
977	5	1722	29
978	5	469	29
978	5	2243	28
979	5	1148	28
979	5	1408	29
980	5	1252	28
980	5	1513	29
981	5	574	25
981	5	1200	29
982	5	469	29
983	5	521	25
983	5	887	29
984	5	678	29
985	5	1043	28
985	5	1304	29
986	5	2087	28
987	5	782	29
988	5	521	25
988	5	1774	29
989	5	521	25
989	5	782	29
990	5	1408	28
990	5	1669	29
991	5	834	29
992	5	1461	28
992	5	1722	29
993	5	574	25
994	5	1826	28
994	5	2087	29
995	5	521	25
995	5	730	29
996	5	1043	28
996	5	1304	29
997	5	2087	28
998	5	469	29
998	5	1669	28
998	5	2191	30
999	5	1148	28
999	5	1408	29
