Realization	utility	week	infra.
0	0	1095	29
1	0	1095	29
3	0	1826	29
4	0	1304	29
5	0	1252	29
6	0	1200	29
7	0	1669	29
8	0	1200	29
10	0	1095	29
14	0	1095	29
15	0	1200	29
16	0	1200	29
17	0	1148	29
18	0	1200	29
20	0	1461	29
21	0	1095	29
22	0	1930	29
23	0	1200	29
24	0	1200	29
26	0	1565	29
27	0	1200	29
28	0	1513	29
29	0	2191	29
30	0	1826	29
31	0	2139	29
32	0	1617	29
33	0	1982	29
34	0	1617	29
35	0	1200	29
36	0	1200	29
37	0	2243	29
38	0	1826	29
39	0	1200	29
40	0	1200	29
41	0	1200	29
42	0	1565	29
43	0	1252	29
45	0	1513	29
46	0	1200	29
47	0	1617	29
49	0	1200	29
51	0	2295	29
53	0	1200	29
55	0	2295	29
56	0	1669	29
57	0	1148	29
58	0	1408	29
59	0	1148	29
60	0	1982	29
61	0	1200	29
62	0	1304	29
63	0	1513	29
65	0	1669	29
66	0	1982	29
67	0	1513	29
69	0	1669	29
71	0	1774	29
73	0	2191	29
74	0	1930	29
75	0	1200	29
77	0	1982	29
79	0	1826	29
80	0	1200	29
81	0	1200	29
82	0	2139	29
83	0	1565	29
84	0	1200	29
86	0	2191	29
87	0	1148	29
88	0	1200	29
89	0	1669	29
91	0	1982	29
92	0	1148	29
95	0	2243	29
96	0	1513	29
98	0	2191	29
99	0	1565	29
100	0	1878	29
101	0	1774	29
102	0	1617	29
103	0	1408	29
104	0	1200	29
106	0	1200	29
107	0	1148	29
108	0	1252	29
109	0	2191	29
110	0	1200	29
111	0	1200	29
112	0	1304	29
113	0	1200	29
114	0	2191	29
116	0	1930	29
117	0	2191	29
118	0	1878	29
119	0	1722	29
120	0	1304	29
122	0	1200	29
124	0	1148	29
125	0	1356	29
126	0	1200	29
127	0	1200	29
128	0	1200	29
129	0	2035	29
131	0	1200	29
132	0	1148	29
133	0	1461	29
134	0	1878	29
135	0	1252	29
136	0	1200	29
137	0	1565	29
138	0	1095	29
139	0	1252	29
141	0	1200	29
142	0	2191	29
143	0	1982	29
145	0	1669	29
146	0	1408	29
147	0	1461	29
149	0	1200	29
150	0	1304	29
151	0	1461	29
152	0	1200	29
153	0	2191	29
154	0	1252	29
155	0	1148	29
156	0	1148	29
158	0	1200	29
159	0	1095	29
160	0	1200	29
162	0	1669	29
164	0	1200	29
165	0	1304	29
167	0	2295	29
169	0	1148	29
170	0	1200	29
172	0	1722	29
173	0	2243	29
174	0	1304	29
175	0	1200	29
176	0	1200	29
179	0	1200	29
181	0	1200	29
183	0	1200	29
185	0	1356	29
187	0	1617	29
189	0	1513	29
190	0	1617	29
191	0	1200	29
192	0	1200	29
193	0	1565	29
196	0	1095	29
196	0	2295	30
198	0	1200	29
199	0	1148	29
200	0	1669	29
202	0	1722	29
203	0	1304	29
204	0	1200	29
205	0	2035	29
206	0	1095	29
206	0	2087	30
207	0	1200	29
208	0	1200	29
210	0	1200	29
212	0	1826	29
213	0	2087	29
215	0	1722	29
217	0	1669	29
218	0	1200	29
220	0	1930	29
221	0	1200	29
224	0	1356	29
225	0	1200	29
226	0	1304	29
227	0	2243	29
228	0	1200	29
229	0	1565	29
230	0	1095	29
231	0	1095	29
232	0	1200	29
233	0	1826	29
235	0	2035	29
236	0	1878	29
239	0	1722	29
240	0	1200	29
241	0	1513	29
242	0	1461	29
243	0	1095	29
244	0	1148	29
245	0	1669	29
248	0	1200	29
249	0	1095	29
250	0	1148	29
251	0	1513	29
253	0	1513	29
255	0	2035	29
256	0	1304	29
257	0	1617	29
258	0	1095	29
259	0	1148	29
260	0	1200	29
262	0	1617	29
264	0	1200	29
265	0	2295	29
266	0	1513	29
267	0	1148	29
268	0	1669	29
269	0	1200	29
270	0	2295	29
271	0	1461	29
272	0	1200	29
274	0	2035	29
279	0	1722	29
280	0	1513	29
283	0	1826	29
284	0	1095	29
285	0	1722	29
286	0	1200	29
288	0	1200	29
291	0	1774	29
292	0	1982	29
293	0	1095	29
294	0	1200	29
295	0	2087	29
296	0	1200	29
298	0	1722	29
299	0	1148	29
300	0	1878	29
301	0	1095	29
302	0	1200	29
303	0	1095	29
304	0	1200	29
306	0	1200	29
307	0	1930	29
308	0	1200	29
309	0	1095	29
310	0	1356	29
312	0	1565	29
315	0	1513	29
317	0	1930	29
319	0	2295	29
320	0	1826	29
321	0	1148	29
322	0	1252	29
324	0	2139	29
325	0	2139	29
326	0	1095	29
327	0	1722	29
328	0	1774	29
330	0	1565	29
331	0	1200	29
332	0	1200	29
333	0	1200	29
334	0	2139	29
335	0	1148	29
336	0	1200	29
337	0	2243	29
339	0	1200	29
340	0	1774	29
341	0	1669	29
342	0	1200	29
343	0	1200	29
345	0	1408	29
346	0	1356	29
347	0	1200	29
348	0	1200	29
349	0	1200	29
352	0	1200	29
353	0	1200	29
354	0	1095	29
356	0	1826	29
357	0	1617	29
358	0	1722	29
360	0	1826	29
361	0	1461	29
364	0	1200	29
366	0	1252	29
367	0	2139	29
368	0	1200	29
369	0	1304	29
371	0	1252	29
372	0	1722	29
374	0	2295	29
375	0	2035	29
376	0	1200	29
377	0	1982	29
378	0	1878	29
379	0	1565	29
380	0	1722	29
381	0	1200	29
382	0	1252	29
384	0	1200	29
385	0	2035	29
386	0	1200	29
387	0	1200	29
389	0	1148	29
390	0	1095	29
391	0	1200	29
392	0	1826	29
393	0	1095	29
394	0	1930	29
396	0	1200	29
397	0	1722	29
399	0	1200	29
400	0	1200	29
402	0	1461	29
404	0	2035	29
405	0	1617	29
406	0	1200	29
407	0	1774	29
410	0	1669	29
411	0	1148	29
412	0	1148	29
412	0	2295	30
413	0	1095	29
414	0	1200	29
415	0	1304	29
416	0	1930	29
417	0	1200	29
418	0	1356	29
419	0	1304	29
420	0	1722	29
423	0	1669	29
424	0	1200	29
425	0	2087	29
426	0	1669	29
428	0	1200	29
429	0	1461	29
430	0	1252	29
431	0	1200	29
432	0	1200	29
433	0	1617	29
434	0	1252	29
435	0	1200	29
436	0	1148	29
437	0	1200	29
438	0	1513	29
440	0	1200	29
442	0	1200	29
445	0	1148	29
446	0	2295	29
448	0	2295	29
451	0	1565	29
452	0	1200	29
453	0	1148	29
455	0	1774	29
456	0	1826	29
457	0	1200	29
460	0	1200	29
461	0	1200	29
462	0	1669	29
463	0	1356	29
464	0	1408	29
465	0	1200	29
466	0	1200	29
467	0	1200	29
468	0	1148	29
469	0	1148	29
470	0	2087	29
471	0	2191	29
472	0	1200	29
473	0	1669	29
474	0	1252	29
475	0	2243	29
476	0	2035	29
478	0	1252	29
480	0	1408	29
481	0	1356	29
482	0	2035	29
485	0	2191	29
486	0	1930	29
487	0	1200	29
488	0	1826	29
489	0	1095	29
490	0	1565	29
491	0	1722	29
492	0	1669	29
494	0	1200	29
495	0	1356	29
496	0	1200	29
497	0	1200	29
498	0	1669	29
500	0	1200	29
501	0	2191	29
502	0	1722	29
503	0	1200	29
505	0	1826	29
506	0	1982	29
508	0	1200	29
512	0	1408	29
513	0	1722	29
514	0	1408	29
515	0	1095	29
516	0	1826	29
517	0	1826	29
518	0	1722	29
519	0	1356	29
520	0	1200	29
521	0	1148	29
522	0	1513	29
523	0	1200	29
525	0	1356	29
527	0	1200	29
528	0	1200	29
529	0	1148	29
530	0	1930	29
531	0	1722	29
532	0	1408	29
534	0	1095	29
536	0	2295	29
537	0	1513	29
538	0	1200	29
539	0	1200	29
541	0	1200	29
542	0	1878	29
543	0	1774	29
544	0	1408	29
545	0	2243	29
546	0	1826	29
547	0	1200	29
549	0	1930	29
550	0	1148	29
551	0	1200	29
552	0	1878	29
553	0	1722	29
554	0	1095	29
555	0	1200	29
555	0	2295	30
556	0	1304	29
558	0	1200	29
559	0	1722	29
561	0	1461	29
562	0	1722	29
563	0	1513	29
564	0	1878	29
565	0	1252	29
566	0	1200	29
567	0	1252	29
568	0	1200	29
569	0	1722	29
570	0	1982	29
571	0	1148	29
572	0	1930	29
575	0	1095	29
576	0	1669	29
577	0	1148	29
578	0	2139	29
581	0	1565	29
582	0	1826	29
583	0	1148	29
584	0	1200	29
585	0	1095	29
586	0	1513	29
587	0	1200	29
588	0	1408	29
589	0	1408	29
590	0	1252	29
594	0	2035	29
595	0	1200	29
596	0	1565	29
598	0	1200	29
599	0	1200	29
600	0	2139	29
601	0	1200	29
604	0	1304	29
605	0	1878	29
606	0	1565	29
607	0	1200	29
608	0	1200	29
611	0	1826	29
612	0	1669	29
614	0	1826	29
615	0	1408	29
616	0	1565	29
620	0	1200	29
621	0	1513	29
622	0	1095	29
623	0	1617	29
624	0	1200	29
625	0	1774	29
626	0	1356	29
627	0	1461	29
628	0	1617	29
629	0	1774	29
630	0	1826	29
631	0	1513	29
632	0	1200	29
634	0	1826	29
639	0	1304	29
640	0	2087	29
642	0	1930	29
644	0	2295	29
645	0	1565	29
646	0	1200	29
648	0	1304	29
649	0	1200	29
650	0	2295	29
652	0	1200	29
653	0	1513	29
654	0	2295	29
655	0	1252	29
656	0	1200	29
658	0	1356	29
659	0	1669	29
660	0	1930	29
661	0	1252	29
662	0	1565	29
663	0	1565	29
664	0	1200	29
665	0	1200	29
666	0	1148	29
667	0	1252	29
668	0	1878	29
669	0	1356	29
670	0	1774	29
672	0	1461	29
673	0	1878	29
674	0	1252	29
675	0	1565	29
676	0	1200	29
677	0	1565	29
678	0	1200	29
680	0	1565	29
681	0	1565	29
682	0	1200	29
684	0	1565	29
685	0	1774	29
686	0	1826	29
688	0	1774	29
689	0	1669	29
691	0	1304	29
692	0	1408	29
693	0	1513	29
694	0	1461	29
695	0	1200	29
696	0	1461	29
697	0	1200	29
698	0	1982	29
699	0	1617	29
700	0	1982	29
701	0	1461	29
702	0	1565	29
703	0	1252	29
705	0	1513	29
706	0	1148	29
707	0	1200	29
708	0	1774	29
709	0	1200	29
710	0	1200	29
711	0	1617	29
712	0	1356	29
714	0	1200	29
715	0	1304	29
716	0	1200	29
717	0	1669	29
718	0	1252	29
721	0	1617	29
722	0	1095	29
724	0	1982	29
725	0	1200	29
726	0	1513	29
729	0	1200	29
730	0	1669	29
731	0	1095	29
732	0	1200	29
733	0	1200	29
734	0	1148	29
736	0	1565	29
737	0	1200	29
738	0	1356	29
739	0	1826	29
741	0	1722	29
742	0	1095	29
743	0	1200	29
744	0	1722	29
745	0	1878	29
746	0	1982	29
747	0	1930	29
750	0	1826	29
752	0	1408	29
753	0	1200	29
754	0	1200	29
755	0	1148	29
756	0	1252	29
758	0	1095	29
760	0	1513	29
761	0	1252	29
762	0	1200	29
763	0	1930	29
765	0	1200	29
767	0	1878	29
768	0	1930	29
769	0	1930	29
771	0	1826	29
774	0	1200	29
775	0	1878	29
776	0	1200	29
778	0	1722	29
781	0	1200	29
782	0	2139	29
784	0	1200	29
787	0	2191	29
788	0	1356	29
789	0	1722	29
790	0	1878	29
792	0	1200	29
793	0	1095	29
794	0	1148	29
795	0	2139	29
796	0	1878	29
797	0	1200	29
798	0	2087	29
800	0	1826	29
801	0	2191	29
802	0	1200	29
803	0	1461	29
804	0	1200	29
807	0	1200	29
810	0	1200	29
811	0	1200	29
812	0	1200	29
813	0	1826	29
815	0	1148	29
816	0	1617	29
818	0	1200	29
819	0	1930	29
820	0	1826	29
821	0	1930	29
822	0	1095	29
823	0	1200	29
824	0	1565	29
825	0	1513	29
826	0	1722	29
827	0	1982	29
828	0	1982	29
830	0	2035	29
831	0	1200	29
832	0	1252	29
833	0	1722	29
834	0	1252	29
835	0	1982	29
837	0	2139	29
838	0	1200	29
839	0	1878	29
840	0	1095	29
841	0	1200	29
842	0	1669	29
843	0	1148	29
845	0	2035	29
846	0	1930	29
847	0	1722	29
848	0	1148	29
850	0	1200	29
853	0	1878	29
854	0	1722	29
856	0	1200	29
858	0	1565	29
861	0	1252	29
863	0	1304	29
864	0	1148	29
865	0	1200	29
866	0	1148	29
867	0	1252	29
868	0	1408	29
869	0	1617	29
870	0	1826	29
871	0	1669	29
873	0	1200	29
875	0	1200	29
876	0	1252	29
877	0	1095	29
878	0	1982	29
879	0	2087	29
880	0	1095	29
882	0	1774	29
884	0	1252	29
885	0	1200	29
886	0	2191	29
887	0	1669	29
889	0	1878	29
890	0	1930	29
891	0	1408	29
892	0	1982	29
893	0	1200	29
894	0	1200	29
895	0	2035	29
896	0	1982	29
897	0	1252	29
898	0	1252	29
899	0	1200	29
900	0	1930	29
901	0	1200	29
902	0	1356	29
903	0	1304	29
905	0	1669	29
906	0	1200	29
908	0	1252	29
910	0	1669	29
913	0	2035	29
914	0	1617	29
915	0	1774	29
916	0	1200	29
917	0	1461	29
918	0	1878	29
920	0	1513	29
922	0	2087	29
923	0	1722	29
924	0	1304	29
925	0	1252	29
926	0	1408	29
927	0	1669	29
929	0	1356	29
931	0	1200	29
932	0	1617	29
933	0	1774	29
934	0	1513	29
935	0	1252	29
936	0	2191	29
937	0	1878	29
938	0	1826	29
940	0	1461	29
941	0	1200	29
942	0	1148	29
944	0	1200	29
946	0	1722	29
947	0	1200	29
948	0	1200	29
949	0	1148	29
950	0	1148	29
953	0	1200	29
954	0	1200	29
958	0	1826	29
960	0	1200	29
961	0	1513	29
963	0	1252	29
964	0	1252	29
965	0	1408	29
966	0	1200	29
968	0	1878	29
969	0	1200	29
971	0	1304	29
972	0	1200	29
976	0	1461	29
978	0	1200	29
979	0	1826	29
981	0	1617	29
982	0	1878	29
983	0	1148	29
984	0	1722	29
985	0	1669	29
988	0	2035	29
989	0	1200	29
995	0	1095	29
996	0	1722	29
998	0	1356	29
0	1	1095	29
1	1	1095	29
3	1	1826	29
4	1	1304	29
5	1	1252	29
6	1	1200	29
7	1	1669	29
8	1	1200	29
10	1	1095	29
14	1	1095	29
15	1	1200	29
16	1	1200	29
17	1	1148	29
18	1	1200	29
20	1	1461	29
21	1	1095	29
22	1	1930	29
23	1	1200	29
24	1	1200	29
26	1	1565	29
27	1	1200	29
28	1	1513	29
29	1	2191	29
30	1	1826	29
31	1	2139	29
32	1	1617	29
33	1	1982	29
34	1	1617	29
35	1	1200	29
36	1	1200	29
37	1	2243	29
38	1	1826	29
39	1	1200	29
40	1	1200	29
41	1	1200	29
42	1	1565	29
43	1	1252	29
45	1	1513	29
46	1	1200	29
47	1	1617	29
49	1	1200	29
51	1	2295	29
53	1	1200	29
55	1	2295	29
56	1	1669	29
57	1	1148	29
58	1	1408	29
59	1	1148	29
60	1	1982	29
61	1	1200	29
62	1	1304	29
63	1	1513	29
65	1	1669	29
66	1	1982	29
67	1	1513	29
69	1	1669	29
71	1	1774	29
73	1	2191	29
74	1	1930	29
75	1	1200	29
77	1	1982	29
79	1	1826	29
80	1	1200	29
81	1	1200	29
82	1	2139	29
83	1	1565	29
84	1	1200	29
86	1	2191	29
87	1	1148	29
88	1	1200	29
89	1	1669	29
91	1	1982	29
92	1	1148	29
95	1	2243	29
96	1	1513	29
98	1	2191	29
99	1	1565	29
100	1	1878	29
101	1	1774	29
102	1	1617	29
103	1	1408	29
104	1	1200	29
106	1	1200	29
107	1	1148	29
108	1	1252	29
109	1	2191	29
110	1	1200	29
111	1	1200	29
112	1	1304	29
113	1	1200	29
114	1	2191	29
116	1	1930	29
117	1	2191	29
118	1	1878	29
119	1	1722	29
120	1	1304	29
122	1	1200	29
124	1	1148	29
125	1	1356	29
126	1	1200	29
127	1	1200	29
128	1	1200	29
129	1	2035	29
131	1	1200	29
132	1	1148	29
133	1	1461	29
134	1	1878	29
135	1	1252	29
136	1	1200	29
137	1	1565	29
138	1	1095	29
139	1	1252	29
141	1	1200	29
142	1	2191	29
143	1	1982	29
145	1	1669	29
146	1	1408	29
147	1	1461	29
149	1	1200	29
150	1	1304	29
151	1	1461	29
152	1	1200	29
153	1	2191	29
154	1	1252	29
155	1	1148	29
156	1	1148	29
158	1	1200	29
159	1	1095	29
160	1	1200	29
162	1	1669	29
164	1	1200	29
165	1	1304	29
167	1	2295	29
169	1	1148	29
170	1	1200	29
172	1	1722	29
173	1	2243	29
174	1	1304	29
175	1	1200	29
176	1	1200	29
179	1	1200	29
181	1	1200	29
183	1	1200	29
185	1	1356	29
187	1	1617	29
189	1	1513	29
190	1	1617	29
191	1	1200	29
192	1	1200	29
193	1	1565	29
196	1	1095	29
196	1	2295	30
198	1	1200	29
199	1	1148	29
200	1	1669	29
202	1	1722	29
203	1	1304	29
204	1	1200	29
205	1	2035	29
206	1	1095	29
206	1	2087	30
207	1	1200	29
208	1	1200	29
210	1	1200	29
212	1	1826	29
213	1	2087	29
215	1	1722	29
217	1	1669	29
218	1	1200	29
220	1	1930	29
221	1	1200	29
224	1	1356	29
225	1	1200	29
226	1	1304	29
227	1	2243	29
228	1	1200	29
229	1	1565	29
230	1	1095	29
231	1	1095	29
232	1	1200	29
233	1	1826	29
235	1	2035	29
236	1	1878	29
239	1	1722	29
240	1	1200	29
241	1	1513	29
242	1	1461	29
243	1	1095	29
244	1	1148	29
245	1	1669	29
248	1	1200	29
249	1	1095	29
250	1	1148	29
251	1	1513	29
253	1	1513	29
255	1	2035	29
256	1	1304	29
257	1	1617	29
258	1	1095	29
259	1	1148	29
260	1	1200	29
262	1	1617	29
264	1	1200	29
265	1	2295	29
266	1	1513	29
267	1	1148	29
268	1	1669	29
269	1	1200	29
270	1	2295	29
271	1	1461	29
272	1	1200	29
274	1	2035	29
279	1	1722	29
280	1	1513	29
283	1	1826	29
284	1	1095	29
285	1	1722	29
286	1	1200	29
288	1	1200	29
291	1	1774	29
292	1	1982	29
293	1	1095	29
294	1	1200	29
295	1	2087	29
296	1	1200	29
298	1	1722	29
299	1	1148	29
300	1	1878	29
301	1	1095	29
302	1	1200	29
303	1	1095	29
304	1	1200	29
306	1	1200	29
307	1	1930	29
308	1	1200	29
309	1	1095	29
310	1	1356	29
312	1	1565	29
315	1	1513	29
317	1	1930	29
319	1	2295	29
320	1	1826	29
321	1	1148	29
322	1	1252	29
324	1	2139	29
325	1	2139	29
326	1	1095	29
327	1	1722	29
328	1	1774	29
330	1	1565	29
331	1	1200	29
332	1	1200	29
333	1	1200	29
334	1	2139	29
335	1	1148	29
336	1	1200	29
337	1	2243	29
339	1	1200	29
340	1	1774	29
341	1	1669	29
342	1	1200	29
343	1	1200	29
345	1	1408	29
346	1	1356	29
347	1	1200	29
348	1	1200	29
349	1	1200	29
352	1	1200	29
353	1	1200	29
354	1	1095	29
356	1	1826	29
357	1	1617	29
358	1	1722	29
360	1	1826	29
361	1	1461	29
364	1	1200	29
366	1	1252	29
367	1	2139	29
368	1	1200	29
369	1	1304	29
371	1	1252	29
372	1	1722	29
374	1	2295	29
375	1	2035	29
376	1	1200	29
377	1	1982	29
378	1	1878	29
379	1	1565	29
380	1	1722	29
381	1	1200	29
382	1	1252	29
384	1	1200	29
385	1	2035	29
386	1	1200	29
387	1	1200	29
389	1	1148	29
390	1	1095	29
391	1	1200	29
392	1	1826	29
393	1	1095	29
394	1	1930	29
396	1	1200	29
397	1	1722	29
399	1	1200	29
400	1	1200	29
402	1	1461	29
404	1	2035	29
405	1	1617	29
406	1	1200	29
407	1	1774	29
410	1	1669	29
411	1	1148	29
412	1	1148	29
412	1	2295	30
413	1	1095	29
414	1	1200	29
415	1	1304	29
416	1	1930	29
417	1	1200	29
418	1	1356	29
419	1	1304	29
420	1	1722	29
423	1	1669	29
424	1	1200	29
425	1	2087	29
426	1	1669	29
428	1	1200	29
429	1	1461	29
430	1	1252	29
431	1	1200	29
432	1	1200	29
433	1	1617	29
434	1	1252	29
435	1	1200	29
436	1	1148	29
437	1	1200	29
438	1	1513	29
440	1	1200	29
442	1	1200	29
445	1	1148	29
446	1	2295	29
448	1	2295	29
451	1	1565	29
452	1	1200	29
453	1	1148	29
455	1	1774	29
456	1	1826	29
457	1	1200	29
460	1	1200	29
461	1	1200	29
462	1	1669	29
463	1	1356	29
464	1	1408	29
465	1	1200	29
466	1	1200	29
467	1	1200	29
468	1	1148	29
469	1	1148	29
470	1	2087	29
471	1	2191	29
472	1	1200	29
473	1	1669	29
474	1	1252	29
475	1	2243	29
476	1	2035	29
478	1	1252	29
480	1	1408	29
481	1	1356	29
482	1	2035	29
485	1	2191	29
486	1	1930	29
487	1	1200	29
488	1	1826	29
489	1	1095	29
490	1	1565	29
491	1	1722	29
492	1	1669	29
494	1	1200	29
495	1	1356	29
496	1	1200	29
497	1	1200	29
498	1	1669	29
500	1	1200	29
501	1	2191	29
502	1	1722	29
503	1	1200	29
505	1	1826	29
506	1	1982	29
508	1	1200	29
512	1	1408	29
513	1	1722	29
514	1	1408	29
515	1	1095	29
516	1	1826	29
517	1	1826	29
518	1	1722	29
519	1	1356	29
520	1	1200	29
521	1	1148	29
522	1	1513	29
523	1	1200	29
525	1	1356	29
527	1	1200	29
528	1	1200	29
529	1	1148	29
530	1	1930	29
531	1	1722	29
532	1	1408	29
534	1	1095	29
536	1	2295	29
537	1	1513	29
538	1	1200	29
539	1	1200	29
541	1	1200	29
542	1	1878	29
543	1	1774	29
544	1	1408	29
545	1	2243	29
546	1	1826	29
547	1	1200	29
549	1	1930	29
550	1	1148	29
551	1	1200	29
552	1	1878	29
553	1	1722	29
554	1	1095	29
555	1	1200	29
555	1	2295	30
556	1	1304	29
558	1	1200	29
559	1	1722	29
561	1	1461	29
562	1	1722	29
563	1	1513	29
564	1	1878	29
565	1	1252	29
566	1	1200	29
567	1	1252	29
568	1	1200	29
569	1	1722	29
570	1	1982	29
571	1	1148	29
572	1	1930	29
575	1	1095	29
576	1	1669	29
577	1	1148	29
578	1	2139	29
581	1	1565	29
582	1	1826	29
583	1	1148	29
584	1	1200	29
585	1	1095	29
586	1	1513	29
587	1	1200	29
588	1	1408	29
589	1	1408	29
590	1	1252	29
594	1	2035	29
595	1	1200	29
596	1	1565	29
598	1	1200	29
599	1	1200	29
600	1	2139	29
601	1	1200	29
604	1	1304	29
605	1	1878	29
606	1	1565	29
607	1	1200	29
608	1	1200	29
611	1	1826	29
612	1	1669	29
614	1	1826	29
615	1	1408	29
616	1	1565	29
620	1	1200	29
621	1	1513	29
622	1	1095	29
623	1	1617	29
624	1	1200	29
625	1	1774	29
626	1	1356	29
627	1	1461	29
628	1	1617	29
629	1	1774	29
630	1	1826	29
631	1	1513	29
632	1	1200	29
634	1	1826	29
639	1	1304	29
640	1	2087	29
642	1	1930	29
644	1	2295	29
645	1	1565	29
646	1	1200	29
648	1	1304	29
649	1	1200	29
650	1	2295	29
652	1	1200	29
653	1	1513	29
654	1	2295	29
655	1	1252	29
656	1	1200	29
658	1	1356	29
659	1	1669	29
660	1	1930	29
661	1	1252	29
662	1	1565	29
663	1	1565	29
664	1	1200	29
665	1	1200	29
666	1	1148	29
667	1	1252	29
668	1	1878	29
669	1	1356	29
670	1	1774	29
672	1	1461	29
673	1	1878	29
674	1	1252	29
675	1	1565	29
676	1	1200	29
677	1	1565	29
678	1	1200	29
680	1	1565	29
681	1	1565	29
682	1	1200	29
684	1	1565	29
685	1	1774	29
686	1	1826	29
688	1	1774	29
689	1	1669	29
691	1	1304	29
692	1	1408	29
693	1	1513	29
694	1	1461	29
695	1	1200	29
696	1	1461	29
697	1	1200	29
698	1	1982	29
699	1	1617	29
700	1	1982	29
701	1	1461	29
702	1	1565	29
703	1	1252	29
705	1	1513	29
706	1	1148	29
707	1	1200	29
708	1	1774	29
709	1	1200	29
710	1	1200	29
711	1	1617	29
712	1	1356	29
714	1	1200	29
715	1	1304	29
716	1	1200	29
717	1	1669	29
718	1	1252	29
721	1	1617	29
722	1	1095	29
724	1	1982	29
725	1	1200	29
726	1	1513	29
729	1	1200	29
730	1	1669	29
731	1	1095	29
732	1	1200	29
733	1	1200	29
734	1	1148	29
736	1	1565	29
737	1	1200	29
738	1	1356	29
739	1	1826	29
741	1	1722	29
742	1	1095	29
743	1	1200	29
744	1	1722	29
745	1	1878	29
746	1	1982	29
747	1	1930	29
750	1	1826	29
752	1	1408	29
753	1	1200	29
754	1	1200	29
755	1	1148	29
756	1	1252	29
758	1	1095	29
760	1	1513	29
761	1	1252	29
762	1	1200	29
763	1	1930	29
765	1	1200	29
767	1	1878	29
768	1	1930	29
769	1	1930	29
771	1	1826	29
774	1	1200	29
775	1	1878	29
776	1	1200	29
778	1	1722	29
781	1	1200	29
782	1	2139	29
784	1	1200	29
787	1	2191	29
788	1	1356	29
789	1	1722	29
790	1	1878	29
792	1	1200	29
793	1	1095	29
794	1	1148	29
795	1	2139	29
796	1	1878	29
797	1	1200	29
798	1	2087	29
800	1	1826	29
801	1	2191	29
802	1	1200	29
803	1	1461	29
804	1	1200	29
807	1	1200	29
810	1	1200	29
811	1	1200	29
812	1	1200	29
813	1	1826	29
815	1	1148	29
816	1	1617	29
818	1	1200	29
819	1	1930	29
820	1	1826	29
821	1	1930	29
822	1	1095	29
823	1	1200	29
824	1	1565	29
825	1	1513	29
826	1	1722	29
827	1	1982	29
828	1	1982	29
830	1	2035	29
831	1	1200	29
832	1	1252	29
833	1	1722	29
834	1	1252	29
835	1	1982	29
837	1	2139	29
838	1	1200	29
839	1	1878	29
840	1	1095	29
841	1	1200	29
842	1	1669	29
843	1	1148	29
845	1	2035	29
846	1	1930	29
847	1	1722	29
848	1	1148	29
850	1	1200	29
853	1	1878	29
854	1	1722	29
856	1	1200	29
858	1	1565	29
861	1	1252	29
863	1	1304	29
864	1	1148	29
865	1	1200	29
866	1	1148	29
867	1	1252	29
868	1	1408	29
869	1	1617	29
870	1	1826	29
871	1	1669	29
873	1	1200	29
875	1	1200	29
876	1	1252	29
877	1	1095	29
878	1	1982	29
879	1	2087	29
880	1	1095	29
882	1	1774	29
884	1	1252	29
885	1	1200	29
886	1	2191	29
887	1	1669	29
889	1	1878	29
890	1	1930	29
891	1	1408	29
892	1	1982	29
893	1	1200	29
894	1	1200	29
895	1	2035	29
896	1	1982	29
897	1	1252	29
898	1	1252	29
899	1	1200	29
900	1	1930	29
901	1	1200	29
902	1	1356	29
903	1	1304	29
905	1	1669	29
906	1	1200	29
908	1	1252	29
910	1	1669	29
913	1	2035	29
914	1	1617	29
915	1	1774	29
916	1	1200	29
917	1	1461	29
918	1	1878	29
920	1	1513	29
922	1	2087	29
923	1	1722	29
924	1	1304	29
925	1	1252	29
926	1	1408	29
927	1	1669	29
929	1	1356	29
931	1	1200	29
932	1	1617	29
933	1	1774	29
934	1	1513	29
935	1	1252	29
936	1	2191	29
937	1	1878	29
938	1	1826	29
940	1	1461	29
941	1	1200	29
942	1	1148	29
944	1	1200	29
946	1	1722	29
947	1	1200	29
948	1	1200	29
949	1	1148	29
950	1	1148	29
953	1	1200	29
954	1	1200	29
958	1	1826	29
960	1	1200	29
961	1	1513	29
963	1	1252	29
964	1	1252	29
965	1	1408	29
966	1	1200	29
968	1	1878	29
969	1	1200	29
971	1	1304	29
972	1	1200	29
976	1	1461	29
978	1	1200	29
979	1	1826	29
981	1	1617	29
982	1	1878	29
983	1	1148	29
984	1	1722	29
985	1	1669	29
988	1	2035	29
989	1	1200	29
995	1	1095	29
996	1	1722	29
998	1	1356	29
0	2	261	26
1	2	261	26
2	2	261	26
3	2	261	26
4	2	261	26
5	2	261	26
6	2	261	26
7	2	261	26
8	2	261	26
9	2	261	26
10	2	261	26
11	2	261	26
12	2	261	26
13	2	261	26
14	2	261	26
15	2	261	26
16	2	261	26
17	2	261	26
18	2	261	26
19	2	261	26
20	2	261	26
21	2	261	26
22	2	261	26
23	2	261	26
24	2	261	26
25	2	261	26
26	2	261	26
27	2	261	26
28	2	261	26
29	2	261	26
30	2	261	26
31	2	261	26
32	2	261	26
33	2	261	26
34	2	261	26
35	2	261	26
36	2	261	26
37	2	261	26
38	2	261	26
39	2	261	26
40	2	261	26
41	2	261	26
42	2	261	26
43	2	261	26
44	2	261	26
45	2	261	26
46	2	261	26
47	2	261	26
48	2	261	26
49	2	261	26
50	2	261	26
51	2	261	26
52	2	261	26
53	2	261	26
54	2	261	26
55	2	261	26
56	2	261	26
57	2	261	26
58	2	261	26
59	2	261	26
60	2	261	26
61	2	261	26
62	2	261	26
63	2	261	26
64	2	261	26
65	2	261	26
66	2	261	26
67	2	261	26
68	2	261	26
69	2	261	26
70	2	261	26
71	2	261	26
72	2	261	26
73	2	261	26
74	2	261	26
75	2	261	26
76	2	261	26
77	2	261	26
78	2	261	26
79	2	261	26
80	2	261	26
81	2	261	26
82	2	261	26
83	2	261	26
84	2	261	26
85	2	261	26
86	2	261	26
87	2	261	26
88	2	261	26
89	2	261	26
90	2	261	26
91	2	261	26
92	2	261	26
93	2	261	26
94	2	261	26
95	2	261	26
96	2	261	26
97	2	261	26
98	2	261	26
99	2	261	26
100	2	261	26
101	2	261	26
102	2	261	26
103	2	261	26
104	2	261	26
105	2	261	26
106	2	261	26
107	2	261	26
108	2	261	26
109	2	261	26
110	2	261	26
111	2	261	26
112	2	261	26
113	2	261	26
114	2	261	26
115	2	261	26
116	2	261	26
117	2	261	26
118	2	261	26
119	2	261	26
120	2	261	26
121	2	261	26
122	2	261	26
123	2	261	26
124	2	261	26
125	2	261	26
126	2	261	26
127	2	261	26
128	2	261	26
129	2	261	26
130	2	261	26
131	2	261	26
132	2	261	26
133	2	261	26
134	2	261	26
135	2	261	26
136	2	261	26
137	2	261	26
138	2	261	26
139	2	261	26
140	2	261	26
141	2	261	26
142	2	261	26
143	2	261	26
144	2	261	26
145	2	261	26
146	2	261	26
147	2	261	26
148	2	261	26
149	2	261	26
150	2	261	26
151	2	261	26
152	2	261	26
153	2	261	26
154	2	261	26
155	2	261	26
156	2	261	26
157	2	261	26
158	2	261	26
159	2	261	26
160	2	261	26
161	2	261	26
162	2	261	26
163	2	261	26
164	2	261	26
165	2	261	26
166	2	261	26
167	2	261	26
168	2	261	26
169	2	261	26
170	2	261	26
171	2	261	26
172	2	261	26
173	2	261	26
174	2	261	26
175	2	261	26
176	2	261	26
177	2	261	26
178	2	261	26
179	2	261	26
180	2	261	26
181	2	261	26
182	2	261	26
183	2	261	26
184	2	261	26
185	2	261	26
186	2	261	26
187	2	261	26
188	2	261	26
189	2	261	26
190	2	261	26
191	2	261	26
192	2	261	26
193	2	261	26
194	2	261	26
195	2	261	26
196	2	261	26
197	2	261	26
198	2	261	26
199	2	261	26
200	2	261	26
201	2	261	26
202	2	261	26
203	2	261	26
204	2	261	26
205	2	261	26
206	2	261	26
207	2	261	26
208	2	261	26
209	2	261	26
210	2	261	26
211	2	261	26
212	2	261	26
213	2	261	26
214	2	261	26
215	2	261	26
216	2	261	26
217	2	261	26
218	2	261	26
219	2	261	26
220	2	261	26
221	2	261	26
222	2	261	26
223	2	261	26
224	2	261	26
225	2	261	26
226	2	261	26
227	2	261	26
228	2	261	26
229	2	261	26
230	2	261	26
231	2	261	26
232	2	261	26
233	2	261	26
234	2	261	26
235	2	261	26
236	2	261	26
237	2	261	26
238	2	261	26
239	2	261	26
240	2	261	26
241	2	261	26
242	2	261	26
243	2	261	26
244	2	261	26
245	2	261	26
246	2	261	26
247	2	261	26
248	2	261	26
249	2	261	26
250	2	261	26
251	2	261	26
252	2	261	26
253	2	261	26
254	2	261	26
255	2	261	26
256	2	261	26
257	2	261	26
258	2	261	26
259	2	261	26
260	2	261	26
261	2	261	26
262	2	261	26
263	2	261	26
264	2	261	26
265	2	261	26
266	2	261	26
267	2	261	26
268	2	261	26
269	2	261	26
270	2	261	26
271	2	261	26
272	2	261	26
273	2	261	26
274	2	261	26
275	2	261	26
276	2	261	26
277	2	261	26
278	2	261	26
279	2	261	26
280	2	261	26
281	2	261	26
282	2	261	26
283	2	261	26
284	2	261	26
285	2	261	26
286	2	261	26
287	2	261	26
288	2	261	26
289	2	261	26
290	2	261	26
291	2	261	26
292	2	261	26
293	2	261	26
294	2	261	26
295	2	261	26
296	2	261	26
297	2	261	26
298	2	261	26
299	2	261	26
300	2	261	26
301	2	261	26
302	2	261	26
303	2	261	26
304	2	261	26
305	2	261	26
306	2	261	26
307	2	261	26
308	2	261	26
309	2	261	26
310	2	261	26
311	2	261	26
312	2	261	26
313	2	261	26
314	2	261	26
315	2	261	26
316	2	261	26
317	2	261	26
318	2	261	26
319	2	261	26
320	2	261	26
321	2	261	26
322	2	261	26
323	2	261	26
324	2	261	26
325	2	261	26
326	2	261	26
327	2	261	26
328	2	261	26
329	2	261	26
330	2	261	26
331	2	261	26
332	2	261	26
333	2	261	26
334	2	261	26
335	2	261	26
336	2	261	26
337	2	261	26
338	2	261	26
339	2	261	26
340	2	261	26
341	2	261	26
342	2	261	26
343	2	261	26
344	2	261	26
345	2	261	26
346	2	261	26
347	2	261	26
348	2	261	26
349	2	261	26
350	2	261	26
351	2	261	26
352	2	261	26
353	2	261	26
354	2	261	26
355	2	261	26
356	2	261	26
357	2	261	26
358	2	261	26
359	2	261	26
360	2	261	26
361	2	261	26
362	2	261	26
363	2	261	26
364	2	261	26
365	2	261	26
366	2	261	26
367	2	261	26
368	2	261	26
369	2	261	26
370	2	261	26
371	2	261	26
372	2	261	26
373	2	261	26
374	2	261	26
375	2	261	26
376	2	261	26
377	2	261	26
378	2	261	26
379	2	261	26
380	2	261	26
381	2	261	26
382	2	261	26
383	2	261	26
384	2	261	26
385	2	261	26
386	2	261	26
387	2	261	26
388	2	261	26
389	2	261	26
390	2	261	26
391	2	261	26
392	2	261	26
393	2	261	26
394	2	261	26
395	2	261	26
396	2	261	26
397	2	261	26
398	2	261	26
399	2	261	26
400	2	261	26
401	2	261	26
402	2	261	26
403	2	261	26
404	2	261	26
405	2	261	26
406	2	261	26
407	2	261	26
408	2	261	26
409	2	261	26
410	2	261	26
411	2	261	26
412	2	261	26
413	2	261	26
414	2	261	26
415	2	261	26
416	2	261	26
417	2	261	26
418	2	261	26
419	2	261	26
420	2	261	26
421	2	261	26
422	2	261	26
423	2	261	26
424	2	261	26
425	2	261	26
426	2	261	26
427	2	261	26
428	2	261	26
429	2	261	26
430	2	261	26
431	2	261	26
432	2	261	26
433	2	261	26
434	2	261	26
435	2	261	26
436	2	261	26
437	2	261	26
438	2	261	26
439	2	261	26
440	2	261	26
441	2	261	26
442	2	261	26
443	2	261	26
444	2	261	26
445	2	261	26
446	2	261	26
447	2	261	26
448	2	261	26
449	2	261	26
450	2	261	26
451	2	261	26
452	2	261	26
453	2	261	26
454	2	261	26
455	2	261	26
456	2	261	26
457	2	261	26
458	2	261	26
459	2	261	26
460	2	261	26
461	2	261	26
462	2	261	26
463	2	261	26
464	2	261	26
465	2	261	26
466	2	261	26
467	2	261	26
468	2	261	26
469	2	261	26
470	2	261	26
471	2	261	26
472	2	261	26
473	2	261	26
474	2	261	26
475	2	261	26
476	2	261	26
477	2	261	26
478	2	261	26
479	2	261	26
480	2	261	26
481	2	261	26
482	2	261	26
483	2	261	26
484	2	261	26
485	2	261	26
486	2	261	26
487	2	261	26
488	2	261	26
489	2	261	26
490	2	261	26
491	2	261	26
492	2	261	26
493	2	261	26
494	2	261	26
495	2	261	26
496	2	261	26
497	2	261	26
498	2	261	26
499	2	261	26
500	2	261	26
501	2	261	26
502	2	261	26
503	2	261	26
504	2	261	26
505	2	261	26
506	2	261	26
507	2	261	26
508	2	261	26
509	2	261	26
510	2	261	26
511	2	261	26
512	2	261	26
513	2	261	26
514	2	261	26
515	2	261	26
516	2	261	26
517	2	261	26
518	2	261	26
519	2	261	26
520	2	261	26
521	2	261	26
522	2	261	26
523	2	261	26
524	2	261	26
525	2	261	26
526	2	261	26
527	2	261	26
528	2	261	26
529	2	261	26
530	2	261	26
531	2	261	26
532	2	261	26
533	2	261	26
534	2	261	26
535	2	261	26
536	2	261	26
537	2	261	26
538	2	261	26
539	2	261	26
540	2	261	26
541	2	261	26
542	2	261	26
543	2	261	26
544	2	261	26
545	2	261	26
546	2	261	26
547	2	261	26
548	2	261	26
549	2	261	26
550	2	261	26
551	2	261	26
552	2	261	26
553	2	261	26
554	2	261	26
555	2	261	26
556	2	261	26
557	2	261	26
558	2	261	26
559	2	261	26
560	2	261	26
561	2	261	26
562	2	261	26
563	2	261	26
564	2	261	26
565	2	261	26
566	2	261	26
567	2	261	26
568	2	261	26
569	2	261	26
570	2	261	26
571	2	261	26
572	2	261	26
573	2	261	26
574	2	261	26
575	2	261	26
576	2	261	26
577	2	261	26
578	2	261	26
579	2	261	26
580	2	261	26
581	2	261	26
582	2	261	26
583	2	261	26
584	2	261	26
585	2	261	26
586	2	261	26
587	2	261	26
588	2	261	26
589	2	261	26
590	2	261	26
591	2	261	26
592	2	261	26
593	2	261	26
594	2	261	26
595	2	261	26
596	2	261	26
597	2	261	26
598	2	261	26
599	2	261	26
600	2	261	26
601	2	261	26
602	2	261	26
603	2	261	26
604	2	261	26
605	2	261	26
606	2	261	26
607	2	261	26
608	2	261	26
609	2	261	26
610	2	261	26
611	2	261	26
612	2	261	26
613	2	261	26
614	2	261	26
615	2	261	26
616	2	261	26
617	2	261	26
618	2	261	26
619	2	261	26
620	2	261	26
621	2	261	26
622	2	261	26
623	2	261	26
624	2	261	26
625	2	261	26
626	2	261	26
627	2	261	26
628	2	261	26
629	2	261	26
630	2	261	26
631	2	261	26
632	2	261	26
633	2	261	26
634	2	261	26
635	2	261	26
636	2	261	26
637	2	261	26
638	2	261	26
639	2	261	26
640	2	261	26
641	2	261	26
642	2	261	26
643	2	261	26
644	2	261	26
645	2	261	26
646	2	261	26
647	2	261	26
648	2	261	26
649	2	261	26
650	2	261	26
651	2	261	26
652	2	261	26
653	2	261	26
654	2	261	26
655	2	261	26
656	2	261	26
657	2	261	26
658	2	261	26
659	2	261	26
660	2	261	26
661	2	261	26
662	2	261	26
663	2	261	26
664	2	261	26
665	2	261	26
666	2	261	26
667	2	261	26
668	2	261	26
669	2	261	26
670	2	261	26
671	2	261	26
672	2	261	26
673	2	261	26
674	2	261	26
675	2	261	26
676	2	261	26
677	2	261	26
678	2	261	26
679	2	261	26
680	2	261	26
681	2	261	26
682	2	261	26
683	2	261	26
684	2	261	26
685	2	261	26
686	2	261	26
687	2	261	26
688	2	261	26
689	2	261	26
690	2	261	26
691	2	261	26
692	2	261	26
693	2	261	26
694	2	261	26
695	2	261	26
696	2	261	26
697	2	261	26
698	2	261	26
699	2	261	26
700	2	261	26
701	2	261	26
702	2	261	26
703	2	261	26
704	2	261	26
705	2	261	26
706	2	261	26
707	2	261	26
708	2	261	26
709	2	261	26
710	2	261	26
711	2	261	26
712	2	261	26
713	2	261	26
714	2	261	26
715	2	261	26
716	2	261	26
717	2	261	26
718	2	261	26
719	2	261	26
720	2	261	26
721	2	261	26
722	2	261	26
723	2	261	26
724	2	261	26
725	2	261	26
726	2	261	26
727	2	261	26
728	2	261	26
729	2	261	26
730	2	261	26
731	2	261	26
732	2	261	26
733	2	261	26
734	2	261	26
735	2	261	26
736	2	261	26
737	2	261	26
738	2	261	26
739	2	261	26
740	2	261	26
741	2	261	26
742	2	261	26
743	2	261	26
744	2	261	26
745	2	261	26
746	2	261	26
747	2	261	26
748	2	261	26
749	2	261	26
750	2	261	26
751	2	261	26
752	2	261	26
753	2	261	26
754	2	261	26
755	2	261	26
756	2	261	26
757	2	261	26
758	2	261	26
759	2	261	26
760	2	261	26
761	2	261	26
762	2	261	26
763	2	261	26
764	2	261	26
765	2	261	26
766	2	261	26
767	2	261	26
768	2	261	26
769	2	261	26
770	2	261	26
771	2	261	26
772	2	261	26
773	2	261	26
774	2	261	26
775	2	261	26
776	2	261	26
777	2	261	26
778	2	261	26
779	2	261	26
780	2	261	26
781	2	261	26
782	2	261	26
783	2	261	26
784	2	261	26
785	2	261	26
786	2	261	26
787	2	261	26
788	2	261	26
789	2	261	26
790	2	261	26
791	2	261	26
792	2	261	26
793	2	261	26
794	2	261	26
795	2	261	26
796	2	261	26
797	2	261	26
798	2	261	26
799	2	261	26
800	2	261	26
801	2	261	26
802	2	261	26
803	2	261	26
804	2	261	26
805	2	261	26
806	2	261	26
807	2	261	26
808	2	261	26
809	2	261	26
810	2	261	26
811	2	261	26
812	2	261	26
813	2	261	26
814	2	261	26
815	2	261	26
816	2	261	26
817	2	261	26
818	2	261	26
819	2	261	26
820	2	261	26
821	2	261	26
822	2	261	26
823	2	261	26
824	2	261	26
825	2	261	26
826	2	261	26
827	2	261	26
828	2	261	26
829	2	261	26
830	2	261	26
831	2	261	26
832	2	261	26
833	2	261	26
834	2	261	26
835	2	261	26
836	2	261	26
837	2	261	26
838	2	261	26
839	2	261	26
840	2	261	26
841	2	261	26
842	2	261	26
843	2	261	26
844	2	261	26
845	2	261	26
846	2	261	26
847	2	261	26
848	2	261	26
849	2	261	26
850	2	261	26
851	2	261	26
852	2	261	26
853	2	261	26
854	2	261	26
855	2	261	26
856	2	261	26
857	2	261	26
858	2	261	26
859	2	261	26
860	2	261	26
861	2	261	26
862	2	261	26
863	2	261	26
864	2	261	26
865	2	261	26
866	2	261	26
867	2	261	26
868	2	261	26
869	2	261	26
870	2	261	26
871	2	261	26
872	2	261	26
873	2	261	26
874	2	261	26
875	2	261	26
876	2	261	26
877	2	261	26
878	2	261	26
879	2	261	26
880	2	261	26
881	2	261	26
882	2	261	26
883	2	261	26
884	2	261	26
885	2	261	26
886	2	261	26
887	2	261	26
888	2	261	26
889	2	261	26
890	2	261	26
891	2	261	26
892	2	261	26
893	2	261	26
894	2	261	26
895	2	261	26
896	2	261	26
897	2	261	26
898	2	261	26
899	2	261	26
900	2	261	26
901	2	261	26
902	2	261	26
903	2	261	26
904	2	261	26
905	2	261	26
906	2	261	26
907	2	261	26
908	2	261	26
909	2	261	26
910	2	261	26
911	2	261	26
912	2	261	26
913	2	261	26
914	2	261	26
915	2	261	26
916	2	261	26
917	2	261	26
918	2	261	26
919	2	261	26
920	2	261	26
921	2	261	26
922	2	261	26
923	2	261	26
924	2	261	26
925	2	261	26
926	2	261	26
927	2	261	26
928	2	261	26
929	2	261	26
930	2	261	26
931	2	261	26
932	2	261	26
933	2	261	26
934	2	261	26
935	2	261	26
936	2	261	26
937	2	261	26
938	2	261	26
939	2	261	26
940	2	261	26
941	2	261	26
942	2	261	26
943	2	261	26
944	2	261	26
945	2	261	26
946	2	261	26
947	2	261	26
948	2	261	26
949	2	261	26
950	2	261	26
951	2	261	26
952	2	261	26
953	2	261	26
954	2	261	26
955	2	261	26
956	2	261	26
957	2	261	26
958	2	261	26
959	2	261	26
960	2	261	26
961	2	261	26
962	2	261	26
963	2	261	26
964	2	261	26
965	2	261	26
966	2	261	26
967	2	261	26
968	2	261	26
969	2	261	26
970	2	261	26
971	2	261	26
972	2	261	26
973	2	261	26
974	2	261	26
975	2	261	26
976	2	261	26
977	2	261	26
978	2	261	26
979	2	261	26
980	2	261	26
981	2	261	26
982	2	261	26
983	2	261	26
984	2	261	26
985	2	261	26
986	2	261	26
987	2	261	26
988	2	261	26
989	2	261	26
990	2	261	26
991	2	261	26
992	2	261	26
993	2	261	26
994	2	261	26
995	2	261	26
996	2	261	26
997	2	261	26
998	2	261	26
999	2	261	26
0	3	1095	29
1	3	1095	29
3	3	1826	29
4	3	1304	29
4	3	1565	20
4	3	1826	9
5	3	1252	29
6	3	1200	29
7	3	1669	29
8	3	1200	29
8	3	1513	20
10	3	1095	29
10	3	2295	20
14	3	1095	29
15	3	1200	29
16	3	1200	29
17	3	1148	29
17	3	2139	20
18	3	1200	29
20	3	1461	29
20	3	2087	20
21	3	1095	29
22	3	1930	29
23	3	1200	29
24	3	1200	29
24	3	1878	20
26	3	1565	29
27	3	1200	29
28	3	1513	29
28	3	1774	20
29	3	2191	29
30	3	1826	29
31	3	2139	29
32	3	1617	29
33	3	1982	29
34	3	1617	29
34	3	2191	20
35	3	1200	29
35	3	2087	20
36	3	1200	29
37	3	2243	29
38	3	1826	29
39	3	1200	29
40	3	1200	29
40	3	1461	20
40	3	2087	9
41	3	1200	29
41	3	2295	20
42	3	1565	29
43	3	1252	29
43	3	2035	20
45	3	1513	29
46	3	1200	29
47	3	1617	29
49	3	1200	29
49	3	1565	20
51	3	2295	29
53	3	1200	29
53	3	1565	20
55	3	2295	29
56	3	1669	29
57	3	1148	29
57	3	1408	20
58	3	1408	29
58	3	1669	20
59	3	1148	29
59	3	1878	20
60	3	1982	29
61	3	1200	29
62	3	1304	29
62	3	1565	20
63	3	1513	29
65	3	1669	29
66	3	1982	29
67	3	1513	29
67	3	1774	20
69	3	1669	29
71	3	1774	29
73	3	2191	29
74	3	1930	29
75	3	1200	29
77	3	1982	29
79	3	1826	29
80	3	1200	29
81	3	1200	29
82	3	2139	29
83	3	1565	29
84	3	1200	29
86	3	2191	29
87	3	1148	29
87	3	1408	20
87	3	2087	9
88	3	1200	29
88	3	1774	20
89	3	1669	29
91	3	1982	29
92	3	1148	29
95	3	2243	29
96	3	1513	29
98	3	2191	29
99	3	1565	29
100	3	1878	29
101	3	1774	29
102	3	1617	29
103	3	1408	29
104	3	1200	29
106	3	1200	29
106	3	1669	20
107	3	1148	29
107	3	2087	20
108	3	1252	29
109	3	2191	29
110	3	1200	29
111	3	1200	29
112	3	1304	29
113	3	1200	29
114	3	2191	29
116	3	1930	29
117	3	2191	29
118	3	1878	29
119	3	1722	29
120	3	1304	29
122	3	1200	29
122	3	1461	20
122	3	2295	9
124	3	1148	29
125	3	1356	29
125	3	1617	20
126	3	1200	29
126	3	1617	20
127	3	1200	29
128	3	1200	29
128	3	1461	20
129	3	2035	29
131	3	1200	29
131	3	1722	20
132	3	1148	29
133	3	1461	29
134	3	1878	29
135	3	1252	29
135	3	1565	20
136	3	1043	20
136	3	1200	29
136	3	1461	9
137	3	1565	29
138	3	1095	29
138	3	1356	20
138	3	2139	9
139	3	1252	29
139	3	1513	20
139	3	1774	9
139	3	2087	12
141	3	1200	29
141	3	1461	20
142	3	2191	29
143	3	1982	29
145	3	1669	29
146	3	1408	29
147	3	1461	29
147	3	2295	20
149	3	1200	29
149	3	1513	20
150	3	1304	29
151	3	1461	29
152	3	1200	29
152	3	1722	20
153	3	2191	29
154	3	1252	29
154	3	1513	20
155	3	1148	29
155	3	1826	20
155	3	2295	9
156	3	1148	29
156	3	1513	20
158	3	1200	29
158	3	1669	20
159	3	1095	29
159	3	1356	20
159	3	2295	9
160	3	1200	29
162	3	1669	29
164	3	1200	29
165	3	1304	29
165	3	1565	20
167	3	2295	29
169	3	1148	29
170	3	1200	29
170	3	1461	20
172	3	1722	29
173	3	2243	29
174	3	1304	29
175	3	1200	29
175	3	1826	20
176	3	1200	29
179	3	1200	29
179	3	1722	20
181	3	1200	29
183	3	1200	29
183	3	2087	20
185	3	1356	29
185	3	1617	20
187	3	1617	29
189	3	1513	29
189	3	1774	20
190	3	1617	29
191	3	1200	29
192	3	1200	29
193	3	1565	29
193	3	2139	20
196	3	1095	29
196	3	1356	20
196	3	1722	9
196	3	2295	30
198	3	1200	29
198	3	2139	20
199	3	1148	29
199	3	1722	20
200	3	1669	29
202	3	1722	29
203	3	1304	29
204	3	1200	29
205	3	2035	29
206	3	1043	20
206	3	1095	29
206	3	1408	9
206	3	1774	12
206	3	2087	30
207	3	1200	29
207	3	2087	20
208	3	1200	29
210	3	1200	29
212	3	1826	29
213	3	2087	29
215	3	1722	29
217	3	1669	29
218	3	1200	29
220	3	1930	29
221	3	1200	29
224	3	1356	29
225	3	1200	29
225	3	1461	20
226	3	1304	29
226	3	1565	20
227	3	2243	29
228	3	1200	29
228	3	1461	20
229	3	1565	29
230	3	1095	29
231	3	1095	29
232	3	1200	29
232	3	1461	20
233	3	1826	29
235	3	2035	29
236	3	1878	29
239	3	1722	29
240	3	1200	29
240	3	1617	20
240	3	2243	9
241	3	1513	29
242	3	1461	29
243	3	1095	29
243	3	1356	20
243	3	2139	9
244	3	1148	29
245	3	1669	29
248	3	1200	29
249	3	1095	29
250	3	1148	29
250	3	1408	20
250	3	2243	9
251	3	1513	29
253	3	1513	29
255	3	2035	29
256	3	1304	29
256	3	2295	20
257	3	1617	29
258	3	1095	29
259	3	1148	29
260	3	1200	29
262	3	1617	29
264	3	1200	29
265	3	2295	29
266	3	1513	29
267	3	1148	29
267	3	2295	20
268	3	1669	29
269	3	1200	29
270	3	2295	29
271	3	1461	29
271	3	1722	20
272	3	1200	29
272	3	1461	20
272	3	1722	9
272	3	2035	12
274	3	2035	29
279	3	1722	29
280	3	1513	29
283	3	1826	29
284	3	1095	29
284	3	1356	20
284	3	2035	9
285	3	1722	29
286	3	1200	29
286	3	1461	20
286	3	1982	9
288	3	1200	29
291	3	1774	29
292	3	1982	29
293	3	1095	29
293	3	1356	20
294	3	1200	29
295	3	2087	29
296	3	1200	29
298	3	1722	29
299	3	1148	29
300	3	1878	29
301	3	1095	29
302	3	1200	29
302	3	2087	20
303	3	1095	29
303	3	1356	20
303	3	1878	9
304	3	1200	29
306	3	1200	29
306	3	1461	20
307	3	1930	29
308	3	1200	29
309	3	1095	29
309	3	1356	20
309	3	1982	9
310	3	1356	29
310	3	1617	20
312	3	1565	29
315	3	1513	29
315	3	1878	20
317	3	1930	29
319	3	2295	29
320	3	1826	29
321	3	1148	29
322	3	1252	29
324	3	2139	29
325	3	2139	29
326	3	1095	29
327	3	1722	29
328	3	1774	29
330	3	1565	29
331	3	1200	29
332	3	1200	29
332	3	1669	20
333	3	1200	29
333	3	1878	20
334	3	2139	29
335	3	1148	29
335	3	2087	20
336	3	1200	29
337	3	2243	29
339	3	1200	29
340	3	1774	29
341	3	1669	29
342	3	1200	29
342	3	1461	20
343	3	1200	29
343	3	1461	20
345	3	1408	29
345	3	1722	20
346	3	1356	29
346	3	1617	20
347	3	1200	29
348	3	1200	29
348	3	1722	20
349	3	1200	29
349	3	1461	20
352	3	1200	29
353	3	1200	29
354	3	1095	29
354	3	1356	20
354	3	1669	9
356	3	1826	29
357	3	1617	29
358	3	1722	29
360	3	1826	29
361	3	1461	29
364	3	1200	29
366	3	1252	29
367	3	2139	29
368	3	1148	20
368	3	1200	29
368	3	2035	9
369	3	1304	29
369	3	1565	20
371	3	1252	29
372	3	1722	29
374	3	2295	29
375	3	2035	29
376	3	1200	29
377	3	1982	29
378	3	1878	29
379	3	1565	29
380	3	1722	29
381	3	1200	29
382	3	1252	29
384	3	1200	29
385	3	2035	29
386	3	1200	29
387	3	1200	29
387	3	1461	20
389	3	1148	29
390	3	1095	29
391	3	1200	29
391	3	2139	20
392	3	1826	29
393	3	1095	29
394	3	1930	29
396	3	1148	20
396	3	1200	29
396	3	1669	9
397	3	1722	29
399	3	1200	29
400	3	1200	29
402	3	1461	29
404	3	2035	29
405	3	1617	29
406	3	1200	29
407	3	1774	29
410	3	1669	29
411	3	1148	29
411	3	1408	20
411	3	1669	9
412	3	1148	29
412	3	1565	9
412	3	1982	12
412	3	2295	30
413	3	1095	29
413	3	1461	9
413	3	1826	12
414	3	1200	29
414	3	1878	20
415	3	1304	29
415	3	1722	20
416	3	1930	29
417	3	1200	29
417	3	2295	20
418	3	1356	29
419	3	1304	29
419	3	1565	20
420	3	1722	29
423	3	1669	29
423	3	2295	20
424	3	1200	29
424	3	1461	20
424	3	1722	9
424	3	2191	12
425	3	2087	29
426	3	1669	29
428	3	1200	29
429	3	1461	29
430	3	1252	29
431	3	1200	29
432	3	1200	29
432	3	1565	20
433	3	1617	29
434	3	1252	29
434	3	1513	20
434	3	1982	9
435	3	1200	29
435	3	1513	20
436	3	1148	29
436	3	1408	20
437	3	1200	29
438	3	1513	29
438	3	1774	20
440	3	1200	29
442	3	1200	29
445	3	1148	29
445	3	1930	20
446	3	2295	29
448	3	2295	29
451	3	1565	29
451	3	1826	20
452	3	1200	29
453	3	1148	29
453	3	1408	20
455	3	1774	29
456	3	1826	29
457	3	1200	29
460	3	1200	29
461	3	1200	29
461	3	1617	20
462	3	1669	29
463	3	1356	29
463	3	1617	20
464	3	1408	29
465	3	1200	29
466	3	1200	29
467	3	1200	29
468	3	1148	29
469	3	1148	29
469	3	1408	20
470	3	2087	29
471	3	2191	29
472	3	1200	29
473	3	1669	29
473	3	2191	20
474	3	1252	29
474	3	1513	20
475	3	2243	29
476	3	2035	29
478	3	1252	29
480	3	1408	29
481	3	1356	29
481	3	1617	20
481	3	2191	9
482	3	2035	29
485	3	2191	29
486	3	1930	29
487	3	1200	29
488	3	1826	29
489	3	1095	29
489	3	1356	20
490	3	1565	29
490	3	1826	20
490	3	2295	9
491	3	1722	29
492	3	1669	29
492	3	2087	20
494	3	1200	29
495	3	1356	29
496	3	1200	29
496	3	1669	20
497	3	1200	29
498	3	1669	29
500	3	1095	20
500	3	1200	29
500	3	1722	9
501	3	2191	29
502	3	1722	29
503	3	1148	20
503	3	1200	29
503	3	1565	9
503	3	2087	12
505	3	1826	29
506	3	1982	29
508	3	1200	29
508	3	1513	20
508	3	2139	9
512	3	1408	29
512	3	2139	20
513	3	1722	29
514	3	1408	29
515	3	1095	29
515	3	1669	20
516	3	1826	29
517	3	1826	29
518	3	1722	29
519	3	1356	29
519	3	1669	20
520	3	1200	29
521	3	1148	29
521	3	1408	20
522	3	1513	29
522	3	1774	20
523	3	1200	29
523	3	2191	20
525	3	1356	29
525	3	1617	20
525	3	2295	9
527	3	1200	29
528	3	1200	29
529	3	1148	29
529	3	1408	20
529	3	1722	9
530	3	1930	29
531	3	1722	29
532	3	1408	29
534	3	1095	29
534	3	1356	20
536	3	2295	29
537	3	1513	29
537	3	2295	20
538	3	1200	29
539	3	1200	29
541	3	1200	29
542	3	1878	29
543	3	1774	29
544	3	1408	29
544	3	1669	20
544	3	2087	9
545	3	2243	29
546	3	1826	29
547	3	1200	29
547	3	1565	20
549	3	1930	29
550	3	1148	29
550	3	1408	20
550	3	1878	9
551	3	1200	29
551	3	1461	20
551	3	2243	9
552	3	1878	29
553	3	1722	29
554	3	1095	29
554	3	2295	20
555	3	1148	20
555	3	1200	29
555	3	1669	9
555	3	1982	12
555	3	2295	30
556	3	1304	29
558	3	1200	29
559	3	1722	29
561	3	1461	29
562	3	1722	29
563	3	1513	29
564	3	1878	29
565	3	1252	29
565	3	1513	20
565	3	1930	9
565	3	2295	12
566	3	1200	29
567	3	1252	29
568	3	1200	29
568	3	1461	20
569	3	1722	29
570	3	1982	29
571	3	1148	29
571	3	2243	20
572	3	1930	29
575	3	1095	29
575	3	1356	20
575	3	1722	9
576	3	1669	29
577	3	1148	29
578	3	2139	29
581	3	1565	29
582	3	1826	29
583	3	1148	29
583	3	1408	20
583	3	1722	9
584	3	1200	29
585	3	1095	29
585	3	1356	20
585	3	1617	9
586	3	1513	29
587	3	1148	20
587	3	1200	29
588	3	1408	29
589	3	1408	29
590	3	1252	29
594	3	2035	29
595	3	1200	29
595	3	1461	20
595	3	2191	9
596	3	1565	29
598	3	1200	29
599	3	1200	29
599	3	2139	20
600	3	2139	29
601	3	1200	29
604	3	1304	29
604	3	2295	20
605	3	1878	29
606	3	1565	29
606	3	1878	20
607	3	1200	29
607	3	1930	20
608	3	1200	29
611	3	1826	29
612	3	1669	29
614	3	1826	29
615	3	1408	29
616	3	1565	29
620	3	1200	29
621	3	1513	29
622	3	1095	29
623	3	1617	29
624	3	1200	29
625	3	1774	29
626	3	1356	29
626	3	1722	20
627	3	1461	29
628	3	1617	29
629	3	1774	29
630	3	1826	29
631	3	1513	29
631	3	2087	20
632	3	1200	29
632	3	2243	20
634	3	1826	29
639	3	1304	29
639	3	1565	20
640	3	2087	29
642	3	1930	29
644	3	2295	29
645	3	1565	29
646	3	1200	29
646	3	1461	20
648	3	1304	29
649	3	1200	29
650	3	2295	29
652	3	1200	29
653	3	1513	29
653	3	2139	20
654	3	2295	29
655	3	1252	29
656	3	1200	29
658	3	1356	29
658	3	1669	20
659	3	1669	29
660	3	1930	29
661	3	1252	29
662	3	1565	29
663	3	1565	29
664	3	1200	29
664	3	1461	20
664	3	2087	9
665	3	1200	29
666	3	1148	29
666	3	2243	20
667	3	1252	29
668	3	1878	29
669	3	1356	29
670	3	1774	29
672	3	1461	29
673	3	1878	29
674	3	1252	29
675	3	1565	29
676	3	1200	29
676	3	1461	20
677	3	1565	29
677	3	2295	20
678	3	1200	29
680	3	1565	29
681	3	1565	29
682	3	1200	29
684	3	1565	29
685	3	1774	29
686	3	1826	29
688	3	1774	29
689	3	1669	29
691	3	1304	29
691	3	1617	20
692	3	1408	29
692	3	1669	20
693	3	1513	29
693	3	1774	20
694	3	1461	29
695	3	1200	29
695	3	2087	20
696	3	1461	29
697	3	1200	29
698	3	1982	29
699	3	1617	29
700	3	1982	29
701	3	1461	29
701	3	2191	20
702	3	1565	29
703	3	1252	29
703	3	1722	20
705	3	1513	29
706	3	1148	29
707	3	1200	29
708	3	1774	29
709	3	1200	29
709	3	1722	20
710	3	1200	29
710	3	1461	20
711	3	1617	29
712	3	1356	29
714	3	1200	29
715	3	1304	29
716	3	1200	29
716	3	1461	20
717	3	1669	29
717	3	1930	20
718	3	1252	29
718	3	1513	20
721	3	1617	29
722	3	1095	29
722	3	1356	20
722	3	1722	9
724	3	1982	29
725	3	1200	29
726	3	1513	29
726	3	1774	20
729	3	1200	29
730	3	1669	29
731	3	1095	29
732	3	1200	29
733	3	1200	29
733	3	1669	20
734	3	1148	29
734	3	1878	20
736	3	1565	29
737	3	1200	29
737	3	1930	20
738	3	1356	29
738	3	1617	20
738	3	2139	9
739	3	1826	29
741	3	1722	29
742	3	1095	29
742	3	1356	20
742	3	1982	9
743	3	1200	29
743	3	2139	20
744	3	1722	29
745	3	1878	29
746	3	1982	29
747	3	1930	29
750	3	1826	29
752	3	1408	29
752	3	2087	20
753	3	1200	29
753	3	1461	20
753	3	2035	9
754	3	1200	29
755	3	1148	29
755	3	2139	20
756	3	1252	29
756	3	1513	20
758	3	1095	29
760	3	1513	29
761	3	1252	29
762	3	1200	29
763	3	1930	29
765	3	1200	29
765	3	2295	20
767	3	1878	29
768	3	1930	29
769	3	1930	29
771	3	1826	29
774	3	1200	29
774	3	1513	20
775	3	1878	29
776	3	1200	29
776	3	1461	20
776	3	2035	9
778	3	1722	29
781	3	1200	29
781	3	1878	20
782	3	2139	29
784	3	1200	29
787	3	2191	29
788	3	1356	29
789	3	1722	29
790	3	1878	29
792	3	1200	29
793	3	1095	29
793	3	2035	20
794	3	1148	29
795	3	2139	29
796	3	1878	29
797	3	1200	29
798	3	2087	29
800	3	1826	29
801	3	2191	29
802	3	1200	29
803	3	1461	29
803	3	2087	20
804	3	1200	29
807	3	1095	20
807	3	1200	29
807	3	1722	9
810	3	1200	29
810	3	2295	20
811	3	1200	29
811	3	2139	20
812	3	1200	29
812	3	1461	20
813	3	1826	29
815	3	1148	29
816	3	1617	29
818	3	1200	29
818	3	2035	20
819	3	1930	29
820	3	1826	29
821	3	1930	29
822	3	1095	29
823	3	1200	29
823	3	1461	20
823	3	2139	9
824	3	1565	29
825	3	1513	29
826	3	1722	29
827	3	1982	29
828	3	1982	29
830	3	2035	29
831	3	1200	29
831	3	1461	20
831	3	1982	9
832	3	1252	29
832	3	1513	20
832	3	2035	9
833	3	1722	29
834	3	1252	29
834	3	1513	20
834	3	2295	9
835	3	1982	29
837	3	2139	29
838	3	1200	29
838	3	1669	20
839	3	1878	29
840	3	1095	29
840	3	1356	20
840	3	1722	9
841	3	1200	29
842	3	1669	29
843	3	1148	29
843	3	1408	20
843	3	1774	9
843	3	2191	12
845	3	2035	29
846	3	1930	29
847	3	1722	29
848	3	1148	29
848	3	1408	20
850	3	1200	29
850	3	1461	20
850	3	1722	9
853	3	1878	29
854	3	1722	29
856	3	1200	29
858	3	1565	29
861	3	1252	29
863	3	1304	29
863	3	1565	20
864	3	1148	29
864	3	1408	20
864	3	2087	9
865	3	1200	29
866	3	1148	29
867	3	1252	29
868	3	1408	29
869	3	1617	29
870	3	1826	29
871	3	1669	29
873	3	1200	29
873	3	1461	20
875	3	1200	29
876	3	1252	29
877	3	1095	29
877	3	1356	20
877	3	1722	9
878	3	1982	29
879	3	2087	29
880	3	1095	29
880	3	1513	20
882	3	1774	29
884	3	1252	29
885	3	1200	29
885	3	1461	20
886	3	2191	29
887	3	1669	29
889	3	1878	29
890	3	1930	29
891	3	1408	29
892	3	1982	29
893	3	1200	29
894	3	1200	29
895	3	2035	29
896	3	1982	29
897	3	1252	29
898	3	1252	29
898	3	1565	20
899	3	1200	29
899	3	1513	20
900	3	1930	29
901	3	1200	29
902	3	1356	29
903	3	1304	29
903	3	1930	20
905	3	1669	29
906	3	1200	29
908	3	1252	29
910	3	1669	29
913	3	2035	29
914	3	1617	29
915	3	1774	29
916	3	1200	29
916	3	1513	20
917	3	1461	29
918	3	1878	29
920	3	1513	29
922	3	2087	29
923	3	1722	29
924	3	1304	29
924	3	1565	20
925	3	1252	29
926	3	1408	29
926	3	1878	20
927	3	1669	29
929	3	1356	29
931	3	1200	29
931	3	1461	20
931	3	1722	9
932	3	1617	29
933	3	1774	29
934	3	1513	29
935	3	1252	29
936	3	2191	29
937	3	1878	29
938	3	1826	29
940	3	1461	29
940	3	1722	20
941	3	1200	29
941	3	1461	20
941	3	2087	9
942	3	1148	29
942	3	1408	20
944	3	1200	29
946	3	1722	29
947	3	1200	29
947	3	1461	20
947	3	2295	9
948	3	1200	29
949	3	1043	20
949	3	1148	29
949	3	1722	9
950	3	1148	29
950	3	1722	20
953	3	1200	29
953	3	1565	20
954	3	1200	29
954	3	1982	20
958	3	1826	29
960	3	1200	29
961	3	1513	29
963	3	1252	29
964	3	1252	29
964	3	1513	20
965	3	1408	29
966	3	1200	29
968	3	1878	29
969	3	1200	29
969	3	1982	20
971	3	1304	29
972	3	1148	20
972	3	1200	29
972	3	1774	9
976	3	1461	29
976	3	1722	20
978	3	1200	29
978	3	1565	20
979	3	1826	29
981	3	1617	29
981	3	1878	20
982	3	1878	29
983	3	1148	29
984	3	1722	29
985	3	1669	29
985	3	2087	20
988	3	2035	29
989	3	1200	29
995	3	1095	29
996	3	1722	29
998	3	1356	29
998	3	1617	20
998	3	2087	9
0	4	1095	29
1	4	1095	29
3	4	1826	29
4	4	1304	29
4	4	2243	28
5	4	1252	29
6	4	1200	29
7	4	1669	29
8	4	1200	29
10	4	1095	29
14	4	1095	29
15	4	1200	29
16	4	1200	29
17	4	1148	29
18	4	1200	29
20	4	1461	29
21	4	1095	29
22	4	1930	29
23	4	1200	29
24	4	1200	29
26	4	1565	29
27	4	1200	29
28	4	1513	29
29	4	2191	29
30	4	1826	29
31	4	2139	29
32	4	1617	29
33	4	1982	29
34	4	1617	29
35	4	1200	29
36	4	1200	29
37	4	2243	29
38	4	1826	29
39	4	1200	29
40	4	1200	29
41	4	1200	29
42	4	1565	29
43	4	1252	29
45	4	1513	29
46	4	1200	29
47	4	1617	29
49	4	1200	29
51	4	2295	29
53	4	1200	29
55	4	2295	29
56	4	1669	29
57	4	1148	29
58	4	1408	29
59	4	1148	29
60	4	1982	29
61	4	1200	29
62	4	1304	29
63	4	1513	29
65	4	1669	29
66	4	1982	29
67	4	1513	29
69	4	1669	29
71	4	1774	29
73	4	2191	29
74	4	1930	29
75	4	1200	29
77	4	1982	29
79	4	1826	29
80	4	1200	29
81	4	1200	29
82	4	2139	29
83	4	1565	29
84	4	1200	29
86	4	2191	29
87	4	1148	29
88	4	1200	29
89	4	1669	29
91	4	1982	29
92	4	1148	29
95	4	2243	29
96	4	1513	29
98	4	2191	29
99	4	1565	29
100	4	1878	29
101	4	1774	29
102	4	1617	29
103	4	1408	29
104	4	1200	29
106	4	1200	29
107	4	1148	29
108	4	1252	29
109	4	2191	29
110	4	1200	29
111	4	1200	29
112	4	1304	29
113	4	1200	29
114	4	2191	29
116	4	1930	29
117	4	2191	29
118	4	1878	29
119	4	1722	29
120	4	1304	29
122	4	1200	29
124	4	1148	29
125	4	1356	29
126	4	1200	29
127	4	1200	29
128	4	1200	29
129	4	2035	29
131	4	1200	29
132	4	1148	29
133	4	1461	29
134	4	1878	29
135	4	1252	29
136	4	1200	29
136	4	2087	28
137	4	1565	29
138	4	1095	29
139	4	1252	29
139	4	2139	28
141	4	1200	29
142	4	2191	29
143	4	1982	29
145	4	1669	29
146	4	1408	29
147	4	1461	29
149	4	1200	29
150	4	1304	29
151	4	1461	29
152	4	1200	29
153	4	2191	29
154	4	1252	29
155	4	1148	29
156	4	1148	29
158	4	1200	29
159	4	1095	29
160	4	1200	29
162	4	1669	29
164	4	1200	29
165	4	1304	29
167	4	2295	29
169	4	1148	29
170	4	1200	29
172	4	1722	29
173	4	2243	29
174	4	1304	29
175	4	1200	29
176	4	1200	29
179	4	1200	29
181	4	1200	29
183	4	1200	29
185	4	1356	29
187	4	1617	29
189	4	1513	29
190	4	1617	29
191	4	1200	29
192	4	1200	29
193	4	1565	29
196	4	1095	29
196	4	1982	28
196	4	2295	30
198	4	1200	29
199	4	1148	29
200	4	1669	29
202	4	1722	29
203	4	1304	29
204	4	1200	29
205	4	2035	29
206	4	1095	29
206	4	1982	28
206	4	2087	30
207	4	1200	29
208	4	1200	29
210	4	1200	29
212	4	1826	29
213	4	2087	29
215	4	1722	29
217	4	1669	29
218	4	1200	29
220	4	1930	29
221	4	1200	29
224	4	1356	29
225	4	1200	29
226	4	1304	29
227	4	2243	29
228	4	1200	29
229	4	1565	29
230	4	1095	29
231	4	1095	29
232	4	1200	29
233	4	1826	29
235	4	2035	29
236	4	1878	29
239	4	1722	29
240	4	1200	29
241	4	1513	29
242	4	1461	29
243	4	1095	29
244	4	1148	29
245	4	1669	29
248	4	1200	29
249	4	1095	29
250	4	1148	29
251	4	1513	29
253	4	1513	29
255	4	2035	29
256	4	1304	29
257	4	1617	29
258	4	1095	29
259	4	1148	29
260	4	1200	29
262	4	1617	29
264	4	1200	29
265	4	2295	29
266	4	1513	29
267	4	1148	29
268	4	1669	29
269	4	1200	29
270	4	2295	29
271	4	1461	29
272	4	1200	29
272	4	2139	28
274	4	2035	29
279	4	1722	29
280	4	1513	29
283	4	1826	29
284	4	1095	29
284	4	2243	28
285	4	1722	29
286	4	1200	29
288	4	1200	29
291	4	1774	29
292	4	1982	29
293	4	1095	29
294	4	1200	29
295	4	2087	29
296	4	1200	29
298	4	1722	29
299	4	1148	29
300	4	1878	29
301	4	1095	29
302	4	1200	29
303	4	1095	29
303	4	2243	28
304	4	1200	29
306	4	1200	29
307	4	1930	29
308	4	1200	29
309	4	1095	29
309	4	2191	28
310	4	1356	29
312	4	1565	29
315	4	1513	29
317	4	1930	29
319	4	2295	29
320	4	1826	29
321	4	1148	29
322	4	1252	29
324	4	2139	29
325	4	2139	29
326	4	1095	29
327	4	1722	29
328	4	1774	29
330	4	1565	29
331	4	1200	29
332	4	1200	29
333	4	1200	29
334	4	2139	29
335	4	1148	29
336	4	1200	29
337	4	2243	29
339	4	1200	29
340	4	1774	29
341	4	1669	29
342	4	1200	29
343	4	1200	29
345	4	1408	29
346	4	1356	29
347	4	1200	29
348	4	1200	29
349	4	1200	29
352	4	1200	29
353	4	1200	29
354	4	1095	29
356	4	1826	29
357	4	1617	29
358	4	1722	29
360	4	1826	29
361	4	1461	29
364	4	1200	29
366	4	1252	29
367	4	2139	29
368	4	1200	29
368	4	2295	28
369	4	1304	29
371	4	1252	29
372	4	1722	29
374	4	2295	29
375	4	2035	29
376	4	1200	29
377	4	1982	29
378	4	1878	29
379	4	1565	29
380	4	1722	29
381	4	1200	29
382	4	1252	29
384	4	1200	29
385	4	2035	29
386	4	1200	29
387	4	1200	29
389	4	1148	29
390	4	1095	29
391	4	1200	29
392	4	1826	29
393	4	1095	29
394	4	1930	29
396	4	1200	29
397	4	1722	29
399	4	1200	29
400	4	1200	29
402	4	1461	29
404	4	2035	29
405	4	1617	29
406	4	1200	29
407	4	1774	29
410	4	1669	29
411	4	1148	29
412	4	1148	29
412	4	2087	28
412	4	2295	30
413	4	1095	29
413	4	2243	28
414	4	1200	29
415	4	1304	29
416	4	1930	29
417	4	1200	29
418	4	1356	29
419	4	1304	29
420	4	1722	29
423	4	1669	29
424	4	1200	29
424	4	2243	28
425	4	2087	29
426	4	1669	29
428	4	1200	29
429	4	1461	29
430	4	1252	29
431	4	1200	29
432	4	1200	29
433	4	1617	29
434	4	1252	29
434	4	2295	28
435	4	1200	29
436	4	1148	29
437	4	1200	29
438	4	1513	29
440	4	1200	29
442	4	1200	29
445	4	1148	29
446	4	2295	29
448	4	2295	29
451	4	1565	29
452	4	1200	29
453	4	1148	29
455	4	1774	29
456	4	1826	29
457	4	1200	29
460	4	1200	29
461	4	1200	29
462	4	1669	29
463	4	1356	29
464	4	1408	29
465	4	1200	29
466	4	1200	29
467	4	1200	29
468	4	1148	29
469	4	1148	29
470	4	2087	29
471	4	2191	29
472	4	1200	29
473	4	1669	29
474	4	1252	29
475	4	2243	29
476	4	2035	29
478	4	1252	29
480	4	1408	29
481	4	1356	29
482	4	2035	29
485	4	2191	29
486	4	1930	29
487	4	1200	29
488	4	1826	29
489	4	1095	29
490	4	1565	29
491	4	1722	29
492	4	1669	29
494	4	1200	29
495	4	1356	29
496	4	1200	29
497	4	1200	29
498	4	1669	29
500	4	1200	29
501	4	2191	29
502	4	1722	29
503	4	1200	29
503	4	2087	28
505	4	1826	29
506	4	1982	29
508	4	1200	29
508	4	2295	28
512	4	1408	29
513	4	1722	29
514	4	1408	29
515	4	1095	29
516	4	1826	29
517	4	1826	29
518	4	1722	29
519	4	1356	29
520	4	1200	29
521	4	1148	29
522	4	1513	29
523	4	1200	29
525	4	1356	29
527	4	1200	29
528	4	1200	29
529	4	1148	29
529	4	2087	28
530	4	1930	29
531	4	1722	29
532	4	1408	29
534	4	1095	29
536	4	2295	29
537	4	1513	29
538	4	1200	29
539	4	1200	29
541	4	1200	29
542	4	1878	29
543	4	1774	29
544	4	1408	29
545	4	2243	29
546	4	1826	29
547	4	1200	29
549	4	1930	29
550	4	1148	29
550	4	2191	28
551	4	1200	29
552	4	1878	29
553	4	1722	29
554	4	1095	29
555	4	1200	29
555	4	2035	28
555	4	2295	30
556	4	1304	29
558	4	1200	29
559	4	1722	29
561	4	1461	29
562	4	1722	29
563	4	1513	29
564	4	1878	29
565	4	1252	29
565	4	2295	28
566	4	1200	29
567	4	1252	29
568	4	1200	29
569	4	1722	29
570	4	1982	29
571	4	1148	29
572	4	1930	29
575	4	1095	29
576	4	1669	29
577	4	1148	29
578	4	2139	29
581	4	1565	29
582	4	1826	29
583	4	1148	29
584	4	1200	29
585	4	1095	29
586	4	1513	29
587	4	1200	29
588	4	1408	29
589	4	1408	29
590	4	1252	29
594	4	2035	29
595	4	1200	29
595	4	2295	28
596	4	1565	29
598	4	1200	29
599	4	1200	29
600	4	2139	29
601	4	1200	29
604	4	1304	29
605	4	1878	29
606	4	1565	29
607	4	1200	29
608	4	1200	29
611	4	1826	29
612	4	1669	29
614	4	1826	29
615	4	1408	29
616	4	1565	29
620	4	1200	29
621	4	1513	29
622	4	1095	29
623	4	1617	29
624	4	1200	29
625	4	1774	29
626	4	1356	29
627	4	1461	29
628	4	1617	29
629	4	1774	29
630	4	1826	29
631	4	1513	29
632	4	1200	29
634	4	1826	29
639	4	1304	29
640	4	2087	29
642	4	1930	29
644	4	2295	29
645	4	1565	29
646	4	1200	29
648	4	1304	29
649	4	1200	29
650	4	2295	29
652	4	1200	29
653	4	1513	29
654	4	2295	29
655	4	1252	29
656	4	1200	29
658	4	1356	29
659	4	1669	29
660	4	1930	29
661	4	1252	29
662	4	1565	29
663	4	1565	29
664	4	1200	29
665	4	1200	29
666	4	1148	29
667	4	1252	29
668	4	1878	29
669	4	1356	29
670	4	1774	29
672	4	1461	29
673	4	1878	29
674	4	1252	29
675	4	1565	29
676	4	1200	29
677	4	1565	29
678	4	1200	29
680	4	1565	29
681	4	1565	29
682	4	1200	29
684	4	1565	29
685	4	1774	29
686	4	1826	29
688	4	1774	29
689	4	1669	29
691	4	1304	29
692	4	1408	29
693	4	1513	29
694	4	1461	29
695	4	1200	29
696	4	1461	29
697	4	1200	29
698	4	1982	29
699	4	1617	29
700	4	1982	29
701	4	1461	29
702	4	1565	29
703	4	1252	29
705	4	1513	29
706	4	1148	29
707	4	1200	29
708	4	1774	29
709	4	1200	29
710	4	1200	29
711	4	1617	29
712	4	1356	29
714	4	1200	29
715	4	1304	29
716	4	1200	29
717	4	1669	29
718	4	1252	29
721	4	1617	29
722	4	1095	29
724	4	1982	29
725	4	1200	29
726	4	1513	29
729	4	1200	29
730	4	1669	29
731	4	1095	29
732	4	1200	29
733	4	1200	29
734	4	1148	29
736	4	1565	29
737	4	1200	29
738	4	1356	29
739	4	1826	29
741	4	1722	29
742	4	1095	29
743	4	1200	29
744	4	1722	29
745	4	1878	29
746	4	1982	29
747	4	1930	29
750	4	1826	29
752	4	1408	29
753	4	1200	29
754	4	1200	29
755	4	1148	29
756	4	1252	29
758	4	1095	29
760	4	1513	29
761	4	1252	29
762	4	1200	29
763	4	1930	29
765	4	1200	29
767	4	1878	29
768	4	1930	29
769	4	1930	29
771	4	1826	29
774	4	1200	29
775	4	1878	29
776	4	1200	29
778	4	1722	29
781	4	1200	29
782	4	2139	29
784	4	1200	29
787	4	2191	29
788	4	1356	29
789	4	1722	29
790	4	1878	29
792	4	1200	29
793	4	1095	29
794	4	1148	29
795	4	2139	29
796	4	1878	29
797	4	1200	29
798	4	2087	29
800	4	1826	29
801	4	2191	29
802	4	1200	29
803	4	1461	29
804	4	1200	29
807	4	1200	29
810	4	1200	29
811	4	1200	29
812	4	1200	29
813	4	1826	29
815	4	1148	29
816	4	1617	29
818	4	1200	29
819	4	1930	29
820	4	1826	29
821	4	1930	29
822	4	1095	29
823	4	1200	29
824	4	1565	29
825	4	1513	29
826	4	1722	29
827	4	1982	29
828	4	1982	29
830	4	2035	29
831	4	1200	29
832	4	1252	29
832	4	2295	28
833	4	1722	29
834	4	1252	29
835	4	1982	29
837	4	2139	29
838	4	1200	29
839	4	1878	29
840	4	1095	29
841	4	1200	29
842	4	1669	29
843	4	1148	29
843	4	2191	28
845	4	2035	29
846	4	1930	29
847	4	1722	29
848	4	1148	29
850	4	1200	29
853	4	1878	29
854	4	1722	29
856	4	1200	29
858	4	1565	29
861	4	1252	29
863	4	1304	29
864	4	1148	29
865	4	1200	29
866	4	1148	29
867	4	1252	29
868	4	1408	29
869	4	1617	29
870	4	1826	29
871	4	1669	29
873	4	1200	29
875	4	1200	29
876	4	1252	29
877	4	1095	29
878	4	1982	29
879	4	2087	29
880	4	1095	29
882	4	1774	29
884	4	1252	29
885	4	1200	29
886	4	2191	29
887	4	1669	29
889	4	1878	29
890	4	1930	29
891	4	1408	29
892	4	1982	29
893	4	1200	29
894	4	1200	29
895	4	2035	29
896	4	1982	29
897	4	1252	29
898	4	1252	29
899	4	1200	29
900	4	1930	29
901	4	1200	29
902	4	1356	29
903	4	1304	29
905	4	1669	29
906	4	1200	29
908	4	1252	29
910	4	1669	29
913	4	2035	29
914	4	1617	29
915	4	1774	29
916	4	1200	29
917	4	1461	29
918	4	1878	29
920	4	1513	29
922	4	2087	29
923	4	1722	29
924	4	1304	29
925	4	1252	29
926	4	1408	29
927	4	1669	29
929	4	1356	29
931	4	1200	29
932	4	1617	29
933	4	1774	29
934	4	1513	29
935	4	1252	29
936	4	2191	29
937	4	1878	29
938	4	1826	29
940	4	1461	29
941	4	1200	29
942	4	1148	29
944	4	1200	29
946	4	1722	29
947	4	1200	29
947	4	2191	28
948	4	1200	29
949	4	1148	29
950	4	1148	29
953	4	1200	29
954	4	1200	29
958	4	1826	29
960	4	1200	29
961	4	1513	29
963	4	1252	29
964	4	1252	29
965	4	1408	29
966	4	1200	29
968	4	1878	29
969	4	1200	29
971	4	1304	29
972	4	1200	29
972	4	2243	28
976	4	1461	29
978	4	1200	29
979	4	1826	29
981	4	1617	29
982	4	1878	29
983	4	1148	29
984	4	1722	29
985	4	1669	29
988	4	2035	29
989	4	1200	29
995	4	1095	29
996	4	1722	29
998	4	1356	29
0	5	521	24
0	5	834	27
0	5	1095	29
1	5	521	24
1	5	834	27
1	5	1095	29
2	5	469	24
3	5	469	24
3	5	1565	27
3	5	1826	29
4	5	574	24
4	5	1043	27
4	5	1304	29
4	5	1930	25
4	5	2243	28
5	5	469	24
5	5	991	27
5	5	1252	29
6	5	678	27
6	5	939	24
6	5	1200	29
7	5	469	24
7	5	1408	27
7	5	1669	29
8	5	678	27
8	5	939	24
8	5	1200	29
9	5	2035	27
9	5	2295	24
10	5	469	24
10	5	834	27
10	5	1095	29
11	5	469	24
12	5	574	24
13	5	469	24
13	5	2243	27
14	5	469	24
14	5	834	27
14	5	1095	29
15	5	521	24
15	5	939	27
15	5	1200	29
16	5	678	27
16	5	939	24
16	5	1200	29
17	5	469	24
17	5	887	27
17	5	1148	29
18	5	678	27
18	5	939	24
18	5	1200	29
19	5	469	24
19	5	2295	27
20	5	521	24
20	5	1200	27
20	5	1461	29
21	5	469	24
21	5	834	27
21	5	1095	29
22	5	469	24
22	5	1669	27
22	5	1930	29
23	5	678	27
23	5	939	24
23	5	1200	29
24	5	678	27
24	5	939	24
24	5	1200	29
25	5	469	24
26	5	469	24
26	5	1304	27
26	5	1565	29
27	5	469	24
27	5	939	27
27	5	1200	29
28	5	521	24
28	5	1252	27
28	5	1513	29
29	5	574	24
29	5	1930	27
29	5	2191	29
30	5	1304	27
30	5	1565	24
30	5	1826	29
31	5	574	24
31	5	1878	27
31	5	2139	29
32	5	1095	27
32	5	1356	24
32	5	1617	29
33	5	521	24
33	5	1722	27
33	5	1982	29
34	5	521	24
34	5	1356	27
34	5	1617	29
35	5	574	24
35	5	939	27
35	5	1200	29
36	5	678	27
36	5	939	24
36	5	1200	29
37	5	469	24
37	5	1982	27
37	5	2243	29
38	5	521	24
38	5	1565	27
38	5	1826	29
39	5	678	27
39	5	939	24
39	5	1200	29
40	5	678	27
40	5	939	24
40	5	1200	29
40	5	2035	25
41	5	678	27
41	5	939	24
41	5	1200	29
42	5	521	24
42	5	1304	27
42	5	1565	29
43	5	521	24
43	5	991	27
43	5	1252	29
44	5	1617	27
44	5	1878	24
45	5	469	24
45	5	1252	27
45	5	1513	29
46	5	678	27
46	5	939	24
46	5	1200	29
47	5	1095	27
47	5	1356	24
47	5	1617	29
48	5	2035	27
48	5	2295	24
49	5	678	27
49	5	939	24
49	5	1200	29
50	5	469	24
51	5	1774	27
51	5	2035	24
51	5	2295	29
52	5	521	24
53	5	678	27
53	5	939	24
53	5	1200	29
53	5	2035	25
55	5	469	24
55	5	2035	27
55	5	2295	29
56	5	1148	27
56	5	1408	24
56	5	1669	29
57	5	521	24
57	5	887	27
57	5	1148	29
57	5	2191	25
58	5	469	24
58	5	1148	27
58	5	1408	29
59	5	521	24
59	5	887	27
59	5	1148	29
60	5	1148	27
60	5	1408	24
60	5	1982	29
61	5	678	27
61	5	939	24
61	5	1200	29
62	5	469	24
62	5	1043	27
62	5	1304	29
62	5	2295	25
63	5	469	24
63	5	1252	27
63	5	1513	29
64	5	1930	27
64	5	2191	24
65	5	469	24
65	5	1408	27
65	5	1669	29
66	5	521	24
66	5	1722	27
66	5	1982	29
67	5	469	24
67	5	1252	27
67	5	1513	29
68	5	469	24
69	5	521	24
69	5	1408	27
69	5	1669	29
70	5	469	24
71	5	469	24
71	5	1513	27
71	5	1774	29
73	5	1669	27
73	5	1930	24
73	5	2191	29
74	5	834	27
74	5	1095	24
74	5	1930	29
75	5	469	24
75	5	939	27
75	5	1200	29
76	5	574	24
77	5	1461	27
77	5	1722	24
77	5	1982	29
78	5	469	24
79	5	469	24
79	5	1565	27
79	5	1826	29
80	5	678	27
80	5	939	24
80	5	1200	29
81	5	678	27
81	5	939	24
81	5	1200	29
82	5	469	24
82	5	1878	27
82	5	2139	29
83	5	1043	27
83	5	1304	24
83	5	1565	29
84	5	678	27
84	5	939	24
84	5	1200	29
85	5	469	24
86	5	521	24
86	5	1930	27
86	5	2191	29
87	5	469	24
87	5	887	27
87	5	1148	29
87	5	2087	25
88	5	678	27
88	5	939	24
88	5	1200	29
89	5	469	24
89	5	1408	27
89	5	1669	29
90	5	521	24
91	5	678	27
91	5	939	24
91	5	1982	29
92	5	521	24
92	5	887	27
92	5	1148	29
93	5	469	24
93	5	2243	27
94	5	469	24
95	5	469	24
95	5	1982	27
95	5	2243	29
96	5	991	27
96	5	1252	24
96	5	1513	29
97	5	521	24
98	5	1669	27
98	5	1930	24
98	5	2191	29
99	5	1043	27
99	5	1304	24
99	5	1565	29
100	5	1304	27
100	5	1565	24
100	5	1878	29
101	5	521	24
101	5	1513	27
101	5	1774	29
102	5	469	24
102	5	1356	27
102	5	1617	29
103	5	887	27
103	5	1148	24
103	5	1408	29
104	5	678	27
104	5	939	24
104	5	1200	29
105	5	469	24
106	5	678	27
106	5	939	24
106	5	1200	29
106	5	2087	25
107	5	469	24
107	5	887	27
107	5	1148	29
107	5	2243	25
108	5	521	24
108	5	991	27
108	5	1252	29
109	5	521	24
109	5	1930	27
109	5	2191	29
110	5	469	24
110	5	939	27
110	5	1200	29
111	5	678	27
111	5	939	24
111	5	1200	29
112	5	730	27
112	5	991	24
112	5	1304	29
113	5	678	27
113	5	939	24
113	5	1200	29
114	5	469	24
114	5	1930	27
114	5	2191	29
115	5	1408	27
115	5	1669	24
116	5	1408	27
116	5	1669	24
116	5	1930	29
117	5	469	24
117	5	1930	27
117	5	2191	29
118	5	469	24
118	5	1617	27
118	5	1878	29
119	5	1200	27
119	5	1461	24
119	5	1722	29
120	5	782	27
120	5	1043	24
120	5	1304	29
121	5	469	24
122	5	678	27
122	5	939	24
122	5	1200	29
123	5	1878	27
123	5	2139	24
124	5	469	24
124	5	887	27
124	5	1148	29
125	5	469	24
125	5	1095	27
125	5	1356	29
126	5	678	27
126	5	939	24
126	5	1200	29
127	5	678	27
127	5	939	24
127	5	1200	29
128	5	678	27
128	5	939	24
128	5	1200	29
129	5	469	24
129	5	1774	27
129	5	2035	29
130	5	469	24
131	5	678	27
131	5	939	24
131	5	1200	29
131	5	2139	25
132	5	574	24
132	5	887	27
132	5	1148	29
133	5	469	24
133	5	1200	27
133	5	1461	29
134	5	521	24
134	5	1617	27
134	5	1878	29
135	5	469	24
135	5	991	27
135	5	1252	29
136	5	678	27
136	5	939	24
136	5	1200	29
136	5	1722	25
136	5	2087	28
137	5	469	24
137	5	1304	27
137	5	1565	29
138	5	469	24
138	5	834	27
138	5	1095	29
138	5	2087	25
139	5	469	24
139	5	991	27
139	5	1252	29
139	5	1826	25
139	5	2139	28
140	5	1826	27
140	5	2087	24
141	5	678	27
141	5	939	24
141	5	1200	29
142	5	521	24
142	5	1930	27
142	5	2191	29
143	5	469	24
143	5	1722	27
143	5	1982	29
145	5	1148	27
145	5	1408	24
145	5	1669	29
146	5	469	24
146	5	1148	27
146	5	1408	29
147	5	521	24
147	5	1200	27
147	5	1461	29
148	5	574	24
149	5	678	27
149	5	939	24
149	5	1200	29
150	5	469	24
150	5	1043	27
150	5	1304	29
151	5	834	27
151	5	1095	24
151	5	1461	29
152	5	678	27
152	5	939	24
152	5	1200	29
152	5	2295	25
153	5	469	24
153	5	1930	27
153	5	2191	29
154	5	469	24
154	5	991	27
154	5	1252	29
155	5	574	24
155	5	887	27
155	5	1148	29
155	5	2243	25
156	5	469	24
156	5	887	27
156	5	1148	29
158	5	678	27
158	5	939	24
158	5	1200	29
159	5	521	24
159	5	834	27
159	5	1095	29
159	5	2191	25
160	5	678	27
160	5	939	24
160	5	1200	29
161	5	469	24
162	5	469	24
162	5	1408	27
162	5	1669	29
163	5	469	24
163	5	2243	27
164	5	678	27
164	5	939	24
164	5	1200	29
165	5	469	24
165	5	1043	27
165	5	1304	29
166	5	1826	27
166	5	2087	24
167	5	469	24
167	5	2035	27
167	5	2295	29
169	5	469	24
169	5	887	27
169	5	1148	29
170	5	678	27
170	5	939	24
170	5	1200	29
171	5	469	24
171	5	2139	27
172	5	574	24
172	5	1461	27
172	5	1722	29
173	5	469	24
173	5	1982	27
173	5	2243	29
174	5	782	27
174	5	1043	24
174	5	1304	29
175	5	678	27
175	5	939	24
175	5	1200	29
175	5	2295	25
176	5	678	27
176	5	939	24
176	5	1200	29
177	5	1669	27
177	5	1930	24
178	5	2035	27
178	5	2295	24
179	5	678	27
179	5	939	24
179	5	1200	29
180	5	1930	27
180	5	2191	24
181	5	678	27
181	5	939	24
181	5	1200	29
182	5	469	24
183	5	678	27
183	5	939	24
183	5	1200	29
184	5	1095	27
184	5	1356	24
185	5	469	24
185	5	1095	27
185	5	1356	29
186	5	521	24
187	5	521	24
187	5	1356	27
187	5	1617	29
188	5	469	24
188	5	2139	27
189	5	469	24
189	5	1252	27
189	5	1513	29
189	5	2295	25
190	5	1095	27
190	5	1356	24
190	5	1617	29
191	5	469	24
191	5	939	27
191	5	1200	29
192	5	678	27
192	5	939	24
192	5	1200	29
193	5	574	24
193	5	1304	27
193	5	1565	29
194	5	521	24
195	5	469	24
196	5	469	24
196	5	834	27
196	5	1095	29
196	5	1669	25
196	5	1982	28
196	5	2295	30
198	5	678	27
198	5	939	24
198	5	1200	29
199	5	469	24
199	5	887	27
199	5	1148	29
199	5	2295	25
200	5	1148	27
200	5	1408	24
200	5	1669	29
201	5	1826	27
201	5	2087	24
202	5	521	24
202	5	1461	27
202	5	1722	29
203	5	782	27
203	5	1043	24
203	5	1304	29
204	5	678	27
204	5	939	24
204	5	1200	29
205	5	469	24
205	5	1774	27
205	5	2035	29
206	5	469	24
206	5	834	27
206	5	1095	29
206	5	1669	25
206	5	1982	28
206	5	2087	30
207	5	469	24
207	5	939	27
207	5	1200	29
207	5	2295	25
208	5	678	27
208	5	939	24
208	5	1200	29
209	5	469	24
210	5	678	27
210	5	939	24
210	5	1200	29
211	5	1513	27
211	5	1774	24
212	5	469	24
212	5	1565	27
212	5	1826	29
213	5	1565	27
213	5	1826	24
213	5	2087	29
214	5	521	24
215	5	1200	27
215	5	1461	24
215	5	1722	29
216	5	939	27
216	5	1200	24
217	5	1148	27
217	5	1408	24
217	5	1669	29
218	5	678	27
218	5	939	24
218	5	1200	29
219	5	469	24
220	5	1408	27
220	5	1669	24
220	5	1930	29
221	5	678	27
221	5	939	24
221	5	1200	29
222	5	469	24
222	5	2295	27
223	5	469	24
224	5	834	27
224	5	1095	24
224	5	1356	29
225	5	678	27
225	5	939	24
225	5	1200	29
225	5	2035	25
226	5	469	24
226	5	1043	27
226	5	1304	29
227	5	521	24
227	5	1982	27
227	5	2243	29
228	5	469	24
228	5	939	27
228	5	1200	29
229	5	469	24
229	5	1304	27
229	5	1565	29
230	5	469	24
230	5	834	27
230	5	1095	29
231	5	469	24
231	5	834	27
231	5	1095	29
232	5	678	27
232	5	939	24
232	5	1200	29
233	5	1304	27
233	5	1565	24
233	5	1826	29
234	5	469	24
235	5	1513	27
235	5	1774	24
235	5	2035	29
236	5	887	27
236	5	1148	24
236	5	1878	29
237	5	521	24
238	5	469	24
239	5	1200	27
239	5	1461	24
239	5	1722	29
240	5	678	27
240	5	939	24
240	5	1200	29
240	5	2191	25
241	5	469	24
241	5	1252	27
241	5	1513	29
242	5	469	24
242	5	1200	27
242	5	1461	29
243	5	521	24
243	5	834	27
243	5	1095	29
243	5	2035	25
244	5	521	24
244	5	887	27
244	5	1148	29
245	5	1148	27
245	5	1408	24
245	5	1669	29
246	5	2087	27
248	5	678	27
248	5	939	24
248	5	1200	29
249	5	469	24
249	5	834	27
249	5	1095	29
250	5	574	24
250	5	887	27
250	5	1148	29
250	5	2087	25
251	5	469	24
251	5	1252	27
251	5	1513	29
252	5	469	24
253	5	782	27
253	5	1043	24
253	5	1513	29
254	5	469	24
255	5	521	24
255	5	1774	27
255	5	2035	29
256	5	782	27
256	5	1043	24
256	5	1304	29
257	5	1095	27
257	5	1356	24
257	5	1617	29
258	5	521	24
258	5	834	27
258	5	1095	29
259	5	521	24
259	5	887	27
259	5	1148	29
260	5	678	27
260	5	939	24
260	5	1200	29
261	5	574	24
262	5	521	24
262	5	1356	27
262	5	1617	29
263	5	782	27
263	5	1043	24
264	5	678	27
264	5	939	24
264	5	1200	29
265	5	469	24
265	5	2035	27
265	5	2295	29
266	5	469	24
266	5	1252	27
266	5	1513	29
267	5	469	24
267	5	887	27
267	5	1148	29
268	5	469	24
268	5	1408	27
268	5	1669	29
269	5	678	27
269	5	939	24
269	5	1200	29
270	5	574	24
270	5	2035	27
270	5	2295	29
271	5	469	24
271	5	1200	27
271	5	1461	29
271	5	2243	25
272	5	678	27
272	5	939	24
272	5	1200	29
272	5	1826	25
272	5	2139	28
273	5	469	24
274	5	521	24
274	5	1774	27
274	5	2035	29
275	5	574	24
276	5	2191	27
277	5	469	24
277	5	2139	27
278	5	469	24
279	5	1200	27
279	5	1461	24
279	5	1722	29
280	5	730	27
280	5	991	24
280	5	1513	29
281	5	469	24
282	5	521	24
282	5	2295	27
283	5	469	24
283	5	1565	27
283	5	1826	29
284	5	469	24
284	5	834	27
284	5	1095	29
284	5	1878	25
284	5	2243	28
285	5	574	24
285	5	1461	27
285	5	1722	29
286	5	521	24
286	5	939	27
286	5	1200	29
286	5	2087	25
287	5	469	24
288	5	678	27
288	5	939	24
288	5	1200	29
289	5	469	24
290	5	521	24
291	5	678	27
291	5	939	24
291	5	1774	29
292	5	1461	27
292	5	1722	24
292	5	1982	29
293	5	469	24
293	5	834	27
293	5	1095	29
293	5	2035	25
294	5	678	27
294	5	939	24
294	5	1200	29
295	5	469	24
295	5	1826	27
295	5	2087	29
296	5	678	27
296	5	939	24
296	5	1200	29
297	5	1356	27
297	5	1617	24
298	5	469	24
298	5	1461	27
298	5	1722	29
299	5	574	24
299	5	887	27
299	5	1148	29
300	5	1095	27
300	5	1356	24
300	5	1878	29
301	5	521	24
301	5	834	27
301	5	1095	29
302	5	678	27
302	5	939	24
302	5	1200	29
303	5	469	24
303	5	834	27
303	5	1095	29
303	5	1930	25
303	5	2243	28
304	5	678	27
304	5	939	24
304	5	1200	29
306	5	678	27
306	5	939	24
306	5	1200	29
307	5	678	27
307	5	939	24
307	5	1930	29
308	5	678	27
308	5	939	24
308	5	1200	29
309	5	521	24
309	5	834	27
309	5	1095	29
309	5	1878	25
309	5	2191	28
310	5	469	24
310	5	1095	27
310	5	1356	29
310	5	2035	25
311	5	521	24
312	5	1043	27
312	5	1304	24
312	5	1565	29
313	5	574	24
314	5	521	24
314	5	2191	27
315	5	469	24
315	5	1252	27
315	5	1513	29
316	5	469	24
317	5	469	24
317	5	1669	27
317	5	1930	29
318	5	469	24
319	5	1774	27
319	5	2035	24
319	5	2295	29
320	5	1304	27
320	5	1565	24
320	5	1826	29
321	5	521	24
321	5	887	27
321	5	1148	29
322	5	521	24
322	5	991	27
322	5	1252	29
323	5	1826	27
323	5	2087	24
324	5	574	24
324	5	1878	27
324	5	2139	29
325	5	469	24
325	5	1878	27
325	5	2139	29
326	5	521	24
326	5	834	27
326	5	1095	29
327	5	469	24
327	5	1461	27
327	5	1722	29
328	5	782	27
328	5	1043	24
328	5	1774	29
329	5	521	24
329	5	2295	27
330	5	521	24
330	5	1304	27
330	5	1565	29
331	5	678	27
331	5	939	24
331	5	1200	29
332	5	678	27
332	5	939	24
332	5	1200	29
333	5	678	27
333	5	939	24
333	5	1200	29
334	5	469	24
334	5	1878	27
334	5	2139	29
335	5	574	24
335	5	887	27
335	5	1148	29
336	5	678	27
336	5	939	24
336	5	1200	29
337	5	469	24
337	5	1982	27
337	5	2243	29
338	5	521	24
338	5	2295	27
339	5	521	24
339	5	939	27
339	5	1200	29
340	5	521	24
340	5	1513	27
340	5	1774	29
341	5	1148	27
341	5	1408	24
341	5	1669	29
342	5	521	24
342	5	939	27
342	5	1200	29
343	5	678	27
343	5	939	24
343	5	1200	29
344	5	1930	27
344	5	2191	24
345	5	469	24
345	5	1148	27
345	5	1408	29
346	5	469	24
346	5	1095	27
346	5	1356	29
346	5	2087	25
347	5	678	27
347	5	939	24
347	5	1200	29
348	5	678	27
348	5	939	24
348	5	1200	29
349	5	678	27
349	5	939	24
349	5	1200	29
350	5	469	24
351	5	469	24
352	5	678	27
352	5	939	24
352	5	1200	29
353	5	574	24
353	5	939	27
353	5	1200	29
354	5	469	24
354	5	834	27
354	5	1095	29
355	5	469	24
356	5	574	24
356	5	1565	27
356	5	1826	29
357	5	521	24
357	5	1356	27
357	5	1617	29
358	5	469	24
358	5	1461	27
358	5	1722	29
359	5	521	24
360	5	678	27
360	5	939	24
360	5	1826	29
361	5	469	24
361	5	1200	27
361	5	1461	29
362	5	1982	27
362	5	2243	24
363	5	469	24
364	5	469	24
364	5	939	27
364	5	1200	29
365	5	469	24
366	5	730	27
366	5	991	24
366	5	1252	29
367	5	469	24
367	5	1878	27
367	5	2139	29
368	5	678	27
368	5	939	24
368	5	1200	29
368	5	1982	25
368	5	2295	28
369	5	469	24
369	5	1043	27
369	5	1304	29
370	5	834	27
370	5	1095	24
371	5	469	24
371	5	991	27
371	5	1252	29
372	5	469	24
372	5	1461	27
372	5	1722	29
373	5	939	27
373	5	1200	24
374	5	574	24
374	5	2035	27
374	5	2295	29
375	5	469	24
375	5	1774	27
375	5	2035	29
376	5	678	27
376	5	939	24
376	5	1200	29
377	5	521	24
377	5	1722	27
377	5	1982	29
378	5	574	24
378	5	1617	27
378	5	1878	29
379	5	574	24
379	5	1304	27
379	5	1565	29
380	5	678	27
380	5	939	24
380	5	1722	29
381	5	678	27
381	5	939	24
381	5	1200	29
382	5	469	24
382	5	991	27
382	5	1252	29
383	5	469	24
384	5	678	27
384	5	939	24
384	5	1200	29
385	5	521	24
385	5	1774	27
385	5	2035	29
386	5	678	27
386	5	939	24
386	5	1200	29
387	5	678	27
387	5	939	24
387	5	1200	29
388	5	2035	27
388	5	2295	24
389	5	469	24
389	5	887	27
389	5	1148	29
390	5	469	24
390	5	834	27
390	5	1095	29
391	5	678	27
391	5	939	24
391	5	1200	29
391	5	2295	25
392	5	939	27
392	5	1200	24
392	5	1826	29
393	5	469	24
393	5	834	27
393	5	1095	29
394	5	469	24
394	5	1669	27
394	5	1930	29
395	5	678	27
395	5	939	24
396	5	678	27
396	5	939	24
396	5	1200	29
396	5	1722	25
397	5	1200	27
397	5	1461	24
397	5	1722	29
398	5	469	24
399	5	678	27
399	5	939	24
399	5	1200	29
400	5	678	27
400	5	939	24
400	5	1200	29
401	5	521	24
402	5	574	24
402	5	1200	27
402	5	1461	29
403	5	469	24
404	5	469	24
404	5	1774	27
404	5	2035	29
405	5	1095	27
405	5	1356	24
405	5	1617	29
406	5	678	27
406	5	939	24
406	5	1200	29
407	5	469	24
407	5	1513	27
407	5	1774	29
409	5	469	24
410	5	939	27
410	5	1200	24
410	5	1669	29
411	5	469	24
411	5	887	27
411	5	1148	29
411	5	2295	25
412	5	469	24
412	5	887	27
412	5	1148	29
412	5	1774	25
412	5	2087	28
412	5	2295	30
413	5	469	24
413	5	834	27
413	5	1095	29
413	5	1826	25
413	5	2243	28
414	5	678	27
414	5	939	24
414	5	1200	29
414	5	2243	25
415	5	469	24
415	5	1043	27
415	5	1304	29
416	5	1408	27
416	5	1669	24
416	5	1930	29
417	5	678	27
417	5	939	24
417	5	1200	29
418	5	521	24
418	5	1095	27
418	5	1356	29
419	5	574	24
419	5	1043	27
419	5	1304	29
420	5	574	24
420	5	1461	27
420	5	1722	29
421	5	1982	27
421	5	2243	24
422	5	469	24
422	5	2295	27
423	5	574	24
423	5	1408	27
423	5	1669	29
424	5	678	27
424	5	939	24
424	5	1200	29
424	5	1930	25
424	5	2243	28
425	5	469	24
425	5	1826	27
425	5	2087	29
426	5	469	24
426	5	1408	27
426	5	1669	29
427	5	469	24
428	5	574	24
428	5	939	27
428	5	1200	29
429	5	574	24
429	5	1200	27
429	5	1461	29
430	5	574	24
430	5	991	27
430	5	1252	29
431	5	678	27
431	5	939	24
431	5	1200	29
432	5	678	27
432	5	939	24
432	5	1200	29
432	5	2295	25
433	5	469	24
433	5	1356	27
433	5	1617	29
434	5	469	24
434	5	991	27
434	5	1252	29
434	5	1982	25
434	5	2295	28
435	5	678	27
435	5	939	24
435	5	1200	29
436	5	521	24
436	5	887	27
436	5	1148	29
437	5	678	27
437	5	939	24
437	5	1200	29
438	5	574	24
438	5	1252	27
438	5	1513	29
439	5	469	24
439	5	2087	27
440	5	678	27
440	5	939	24
440	5	1200	29
441	5	521	24
442	5	678	27
442	5	939	24
442	5	1200	29
443	5	521	24
444	5	469	24
445	5	469	24
445	5	887	27
445	5	1148	29
446	5	469	24
446	5	2035	27
446	5	2295	29
447	5	521	24
447	5	2191	27
448	5	991	27
448	5	1252	24
448	5	2295	29
449	5	2035	27
449	5	2295	24
450	5	521	24
451	5	574	24
451	5	1304	27
451	5	1565	29
451	5	2191	25
452	5	678	27
452	5	939	24
452	5	1200	29
453	5	521	24
453	5	887	27
453	5	1148	29
454	5	521	24
455	5	469	24
455	5	1513	27
455	5	1774	29
456	5	1304	27
456	5	1565	24
456	5	1826	29
457	5	678	27
457	5	939	24
457	5	1200	29
458	5	521	24
459	5	521	24
460	5	574	24
460	5	939	27
460	5	1200	29
461	5	469	24
461	5	939	27
461	5	1200	29
462	5	574	24
462	5	1408	27
462	5	1669	29
463	5	521	24
463	5	1095	27
463	5	1356	29
463	5	2295	25
464	5	887	27
464	5	1148	24
464	5	1408	29
465	5	678	27
465	5	939	24
465	5	1200	29
466	5	678	27
466	5	939	24
466	5	1200	29
467	5	678	27
467	5	939	24
467	5	1200	29
468	5	574	24
468	5	887	27
468	5	1148	29
469	5	574	24
469	5	887	27
469	5	1148	29
470	5	1565	27
470	5	1826	24
470	5	2087	29
471	5	521	24
471	5	1930	27
471	5	2191	29
472	5	678	27
472	5	939	24
472	5	1200	29
473	5	469	24
473	5	1408	27
473	5	1669	29
474	5	469	24
474	5	991	27
474	5	1252	29
475	5	521	24
475	5	1982	27
475	5	2243	29
476	5	1304	27
476	5	1565	24
476	5	2035	29
477	5	939	27
477	5	1200	24
478	5	678	27
478	5	939	24
478	5	1252	29
479	5	469	24
480	5	730	27
480	5	991	24
480	5	1408	29
481	5	521	24
481	5	1095	27
481	5	1356	29
481	5	2191	25
482	5	469	24
482	5	1774	27
482	5	2035	29
483	5	469	24
484	5	2035	27
484	5	2295	24
485	5	521	24
485	5	1930	27
485	5	2191	29
486	5	469	24
486	5	1669	27
486	5	1930	29
487	5	678	27
487	5	939	24
487	5	1200	29
488	5	1304	27
488	5	1565	24
488	5	1826	29
489	5	521	24
489	5	834	27
489	5	1095	29
490	5	469	24
490	5	1304	27
490	5	1565	29
490	5	2243	25
491	5	574	24
491	5	1461	27
491	5	1722	29
492	5	574	24
492	5	1408	27
492	5	1669	29
493	5	469	24
494	5	678	27
494	5	939	24
494	5	1200	29
495	5	834	27
495	5	1095	24
495	5	1356	29
496	5	678	27
496	5	939	24
496	5	1200	29
497	5	469	24
497	5	939	27
497	5	1200	29
498	5	574	24
498	5	1408	27
498	5	1669	29
499	5	469	24
499	5	2087	27
500	5	678	27
500	5	939	24
500	5	1200	29
501	5	574	24
501	5	1930	27
501	5	2191	29
502	5	469	24
502	5	1461	27
502	5	1722	29
503	5	678	27
503	5	939	24
503	5	1200	29
503	5	1774	25
503	5	2087	28
505	5	1304	27
505	5	1565	24
505	5	1826	29
506	5	469	24
506	5	1722	27
506	5	1982	29
507	5	469	24
508	5	678	27
508	5	939	24
508	5	1200	29
508	5	1982	25
508	5	2295	28
509	5	469	24
510	5	1982	27
510	5	2243	24
511	5	469	24
512	5	887	27
512	5	1148	24
512	5	1408	29
513	5	469	24
513	5	1461	27
513	5	1722	29
514	5	469	24
514	5	1148	27
514	5	1408	29
515	5	521	24
515	5	834	27
515	5	1095	29
516	5	1304	27
516	5	1565	24
516	5	1826	29
517	5	1304	27
517	5	1565	24
517	5	1826	29
518	5	469	24
518	5	1461	27
518	5	1722	29
519	5	469	24
519	5	1095	27
519	5	1356	29
520	5	678	27
520	5	939	24
520	5	1200	29
521	5	469	24
521	5	887	27
521	5	1148	29
522	5	521	24
522	5	1252	27
522	5	1513	29
523	5	469	24
523	5	939	27
523	5	1200	29
524	5	2087	27
525	5	469	24
525	5	1095	27
525	5	1356	29
525	5	2295	25
526	5	469	24
527	5	678	27
527	5	939	24
527	5	1200	29
528	5	678	27
528	5	939	24
528	5	1200	29
529	5	521	24
529	5	887	27
529	5	1148	29
529	5	1722	25
529	5	2087	28
530	5	521	24
530	5	1669	27
530	5	1930	29
531	5	469	24
531	5	1461	27
531	5	1722	29
532	5	887	27
532	5	1148	24
532	5	1408	29
533	5	469	24
534	5	521	24
534	5	834	27
534	5	1095	29
534	5	2295	25
535	5	1617	27
535	5	1878	24
536	5	574	24
536	5	2035	27
536	5	2295	29
537	5	469	24
537	5	1252	27
537	5	1513	29
538	5	678	27
538	5	939	24
538	5	1200	29
539	5	678	27
539	5	939	24
539	5	1200	29
540	5	521	24
541	5	678	27
541	5	939	24
541	5	1200	29
542	5	469	24
542	5	1617	27
542	5	1878	29
543	5	469	24
543	5	1513	27
543	5	1774	29
544	5	574	24
544	5	1148	27
544	5	1408	29
544	5	2087	25
545	5	782	27
545	5	1043	24
545	5	2243	29
546	5	469	24
546	5	1565	27
546	5	1826	29
547	5	678	27
547	5	939	24
547	5	1200	29
547	5	2139	25
548	5	1304	27
548	5	1565	24
549	5	469	24
549	5	1669	27
549	5	1930	29
550	5	469	24
550	5	887	27
550	5	1148	29
550	5	1878	25
550	5	2191	28
551	5	469	24
551	5	939	27
551	5	1200	29
551	5	2295	25
552	5	1356	27
552	5	1617	24
552	5	1878	29
553	5	469	24
553	5	1461	27
553	5	1722	29
554	5	469	24
554	5	834	27
554	5	1095	29
555	5	678	27
555	5	939	24
555	5	1200	29
555	5	1722	25
555	5	2035	28
555	5	2295	30
556	5	782	27
556	5	1043	24
556	5	1304	29
557	5	469	24
558	5	678	27
558	5	939	24
558	5	1200	29
559	5	574	24
559	5	1461	27
559	5	1722	29
560	5	1356	27
560	5	1617	24
561	5	834	27
561	5	1095	24
561	5	1461	29
562	5	574	24
562	5	1461	27
562	5	1722	29
563	5	469	24
563	5	1252	27
563	5	1513	29
564	5	1356	27
564	5	1617	24
564	5	1878	29
565	5	469	24
565	5	991	27
565	5	1252	29
565	5	1982	25
565	5	2295	28
566	5	678	27
566	5	939	24
566	5	1200	29
567	5	730	27
567	5	991	24
567	5	1252	29
568	5	678	27
568	5	939	24
568	5	1200	29
569	5	469	24
569	5	1461	27
569	5	1722	29
570	5	469	24
570	5	1722	27
570	5	1982	29
571	5	574	24
571	5	887	27
571	5	1148	29
572	5	1408	27
572	5	1669	24
572	5	1930	29
574	5	469	24
575	5	469	24
575	5	834	27
575	5	1095	29
575	5	1878	25
576	5	1148	27
576	5	1408	24
576	5	1669	29
577	5	469	24
577	5	887	27
577	5	1148	29
578	5	469	24
578	5	1878	27
578	5	2139	29
579	5	782	27
579	5	1043	24
580	5	574	24
581	5	1043	27
581	5	1304	24
581	5	1565	29
582	5	469	24
582	5	1565	27
582	5	1826	29
583	5	469	24
583	5	887	27
583	5	1148	29
583	5	1722	25
584	5	678	27
584	5	939	24
584	5	1200	29
585	5	521	24
585	5	834	27
585	5	1095	29
585	5	1722	25
586	5	574	24
586	5	1252	27
586	5	1513	29
587	5	678	27
587	5	939	24
587	5	1200	29
588	5	469	24
588	5	1148	27
588	5	1408	29
589	5	469	24
589	5	1148	27
589	5	1408	29
590	5	521	24
590	5	991	27
590	5	1252	29
591	5	469	24
591	5	2191	27
593	5	469	24
593	5	2139	27
594	5	469	24
594	5	1774	27
594	5	2035	29
595	5	469	24
595	5	939	27
595	5	1200	29
595	5	1982	25
595	5	2295	28
596	5	469	24
596	5	1304	27
596	5	1565	29
597	5	469	24
597	5	2139	27
598	5	678	27
598	5	939	24
598	5	1200	29
599	5	678	27
599	5	939	24
599	5	1200	29
600	5	1617	27
600	5	1878	24
600	5	2139	29
601	5	678	27
601	5	939	24
601	5	1200	29
602	5	1200	27
602	5	1461	24
603	5	469	24
604	5	782	27
604	5	1043	24
604	5	1304	29
605	5	469	24
605	5	1617	27
605	5	1878	29
606	5	469	24
606	5	1304	27
606	5	1565	29
607	5	678	27
607	5	939	24
607	5	1200	29
608	5	678	27
608	5	939	24
608	5	1200	29
609	5	469	24
610	5	2243	27
611	5	469	24
611	5	1565	27
611	5	1826	29
612	5	1148	27
612	5	1408	24
612	5	1669	29
613	5	469	24
614	5	469	24
614	5	1565	27
614	5	1826	29
615	5	887	27
615	5	1148	24
615	5	1408	29
616	5	1043	27
616	5	1304	24
616	5	1565	29
617	5	469	24
618	5	521	24
619	5	469	24
619	5	2139	27
620	5	678	27
620	5	939	24
620	5	1200	29
621	5	991	27
621	5	1252	24
621	5	1513	29
622	5	469	24
622	5	834	27
622	5	1095	29
623	5	1095	27
623	5	1356	24
623	5	1617	29
624	5	678	27
624	5	939	24
624	5	1200	29
625	5	469	24
625	5	1513	27
625	5	1774	29
626	5	469	24
626	5	1095	27
626	5	1356	29
627	5	574	24
627	5	1200	27
627	5	1461	29
628	5	469	24
628	5	1356	27
628	5	1617	29
629	5	887	27
629	5	1148	24
629	5	1774	29
630	5	521	24
630	5	1565	27
630	5	1826	29
631	5	521	24
631	5	1252	27
631	5	1513	29
631	5	2243	25
632	5	678	27
632	5	939	24
632	5	1200	29
633	5	521	24
634	5	469	24
634	5	1565	27
634	5	1826	29
635	5	469	24
636	5	2191	27
637	5	469	24
638	5	469	24
638	5	2295	27
639	5	521	24
639	5	1043	27
639	5	1304	29
640	5	782	27
640	5	1043	24
640	5	2087	29
641	5	469	24
642	5	469	24
642	5	1669	27
642	5	1930	29
643	5	521	24
644	5	521	24
644	5	2035	27
644	5	2295	29
645	5	469	24
645	5	1304	27
645	5	1565	29
646	5	574	24
646	5	939	27
646	5	1200	29
647	5	1461	27
647	5	1722	24
648	5	782	27
648	5	1043	24
648	5	1304	29
649	5	678	27
649	5	939	24
649	5	1200	29
650	5	469	24
650	5	2035	27
650	5	2295	29
651	5	521	24
651	5	2243	27
652	5	678	27
652	5	939	24
652	5	1200	29
653	5	469	24
653	5	1252	27
653	5	1513	29
654	5	469	24
654	5	2035	27
654	5	2295	29
655	5	730	27
655	5	991	24
655	5	1252	29
656	5	678	27
656	5	939	24
656	5	1200	29
657	5	469	24
658	5	521	24
658	5	1095	27
658	5	1356	29
658	5	2243	25
659	5	1148	27
659	5	1408	24
659	5	1669	29
660	5	834	27
660	5	1095	24
660	5	1930	29
661	5	521	24
661	5	991	27
661	5	1252	29
662	5	469	24
662	5	1304	27
662	5	1565	29
663	5	1043	27
663	5	1304	24
663	5	1565	29
664	5	678	27
664	5	939	24
664	5	1200	29
664	5	2139	25
665	5	469	24
665	5	939	27
665	5	1200	29
666	5	469	24
666	5	887	27
666	5	1148	29
667	5	574	24
667	5	991	27
667	5	1252	29
668	5	574	24
668	5	1617	27
668	5	1878	29
669	5	834	27
669	5	1095	24
669	5	1356	29
670	5	469	24
670	5	1513	27
670	5	1774	29
671	5	469	24
672	5	887	27
672	5	1148	24
672	5	1461	29
673	5	521	24
673	5	1617	27
673	5	1878	29
674	5	730	27
674	5	991	24
674	5	1252	29
675	5	1043	27
675	5	1304	24
675	5	1565	29
676	5	678	27
676	5	939	24
676	5	1200	29
676	5	2243	25
677	5	469	24
677	5	1304	27
677	5	1565	29
678	5	678	27
678	5	939	24
678	5	1200	29
679	5	469	24
680	5	1043	27
680	5	1304	24
680	5	1565	29
681	5	939	27
681	5	1200	24
681	5	1565	29
682	5	678	27
682	5	939	24
682	5	1200	29
683	5	469	24
684	5	1043	27
684	5	1304	24
684	5	1565	29
685	5	678	27
685	5	939	24
685	5	1774	29
686	5	469	24
686	5	1565	27
686	5	1826	29
687	5	469	24
688	5	1252	27
688	5	1513	24
688	5	1774	29
689	5	1148	27
689	5	1408	24
689	5	1669	29
690	5	521	24
691	5	521	24
691	5	1043	27
691	5	1304	29
691	5	2139	25
692	5	469	24
692	5	1148	27
692	5	1408	29
693	5	469	24
693	5	1252	27
693	5	1513	29
694	5	469	24
694	5	1200	27
694	5	1461	29
695	5	678	27
695	5	939	24
695	5	1200	29
696	5	939	27
696	5	1200	24
696	5	1461	29
697	5	678	27
697	5	939	24
697	5	1200	29
698	5	1461	27
698	5	1722	24
698	5	1982	29
699	5	521	24
699	5	1356	27
699	5	1617	29
700	5	678	27
700	5	939	24
700	5	1982	29
701	5	939	27
701	5	1200	24
701	5	1461	29
702	5	678	27
702	5	939	24
702	5	1565	29
703	5	521	24
703	5	991	27
703	5	1252	29
704	5	1982	27
704	5	2243	24
705	5	991	27
705	5	1252	24
705	5	1513	29
706	5	469	24
706	5	887	27
706	5	1148	29
707	5	678	27
707	5	939	24
707	5	1200	29
708	5	469	24
708	5	1513	27
708	5	1774	29
709	5	678	27
709	5	939	24
709	5	1200	29
709	5	2295	25
710	5	678	27
710	5	939	24
710	5	1200	29
711	5	1095	27
711	5	1356	24
711	5	1617	29
712	5	834	27
712	5	1095	24
712	5	1356	29
713	5	521	24
714	5	678	27
714	5	939	24
714	5	1200	29
715	5	782	27
715	5	1043	24
715	5	1304	29
716	5	678	27
716	5	939	24
716	5	1200	29
717	5	521	24
717	5	1408	27
717	5	1669	29
718	5	521	24
718	5	991	27
718	5	1252	29
719	5	574	24
720	5	1982	27
720	5	2243	24
721	5	469	24
721	5	1356	27
721	5	1617	29
722	5	469	24
722	5	834	27
722	5	1095	29
723	5	469	24
723	5	2087	27
724	5	730	27
724	5	991	24
724	5	1982	29
725	5	678	27
725	5	939	24
725	5	1200	29
726	5	521	24
726	5	1252	27
726	5	1513	29
727	5	469	24
728	5	1878	27
728	5	2139	24
729	5	678	27
729	5	939	24
729	5	1200	29
730	5	521	24
730	5	1408	27
730	5	1669	29
731	5	469	24
731	5	834	27
731	5	1095	29
732	5	678	27
732	5	939	24
732	5	1200	29
733	5	678	27
733	5	939	24
733	5	1200	29
734	5	469	24
734	5	887	27
734	5	1148	29
735	5	469	24
736	5	1043	27
736	5	1304	24
736	5	1565	29
737	5	678	27
737	5	939	24
737	5	1200	29
737	5	2191	25
738	5	521	24
738	5	1095	27
738	5	1356	29
738	5	2035	25
739	5	574	24
739	5	1565	27
739	5	1826	29
741	5	521	24
741	5	1461	27
741	5	1722	29
742	5	469	24
742	5	834	27
742	5	1095	29
742	5	2035	25
743	5	678	27
743	5	939	24
743	5	1200	29
744	5	1200	27
744	5	1461	24
744	5	1722	29
745	5	991	27
745	5	1252	24
745	5	1878	29
746	5	521	24
746	5	1722	27
746	5	1982	29
747	5	469	24
747	5	1669	27
747	5	1930	29
748	5	574	24
749	5	469	24
750	5	678	27
750	5	939	24
750	5	1826	29
751	5	469	24
752	5	887	27
752	5	1148	24
752	5	1408	29
753	5	574	24
753	5	939	27
753	5	1200	29
753	5	2087	25
754	5	521	24
754	5	939	27
754	5	1200	29
755	5	469	24
755	5	887	27
755	5	1148	29
756	5	574	24
756	5	991	27
756	5	1252	29
756	5	2139	25
757	5	469	24
757	5	2139	27
758	5	469	24
758	5	834	27
758	5	1095	29
759	5	574	24
760	5	678	27
760	5	939	24
760	5	1513	29
761	5	730	27
761	5	991	24
761	5	1252	29
762	5	678	27
762	5	939	24
762	5	1200	29
763	5	469	24
763	5	1669	27
763	5	1930	29
764	5	678	27
764	5	939	24
765	5	521	24
765	5	939	27
765	5	1200	29
766	5	469	24
766	5	2087	27
767	5	469	24
767	5	1617	27
767	5	1878	29
768	5	1408	27
768	5	1669	24
768	5	1930	29
769	5	782	27
769	5	1043	24
769	5	1930	29
770	5	574	24
771	5	469	24
771	5	1565	27
771	5	1826	29
772	5	574	24
772	5	2087	27
773	5	469	24
774	5	678	27
774	5	939	24
774	5	1200	29
775	5	1148	27
775	5	1408	24
775	5	1878	29
776	5	678	27
776	5	939	24
776	5	1200	29
776	5	2139	25
777	5	2035	27
777	5	2295	24
778	5	469	24
778	5	1461	27
778	5	1722	29
779	5	1982	27
779	5	2243	24
780	5	574	24
780	5	2087	27
781	5	678	27
781	5	939	24
781	5	1200	29
782	5	469	24
782	5	1878	27
782	5	2139	29
783	5	521	24
783	5	2295	27
784	5	678	27
784	5	939	24
784	5	1200	29
785	5	469	24
785	5	2087	27
786	5	574	24
787	5	469	24
787	5	1930	27
787	5	2191	29
788	5	469	24
788	5	1095	27
788	5	1356	29
789	5	469	24
789	5	1461	27
789	5	1722	29
790	5	469	24
790	5	1617	27
790	5	1878	29
791	5	469	24
791	5	2139	27
792	5	678	27
792	5	939	24
792	5	1200	29
793	5	469	24
793	5	834	27
793	5	1095	29
794	5	521	24
794	5	887	27
794	5	1148	29
795	5	1617	27
795	5	1878	24
795	5	2139	29
796	5	1356	27
796	5	1617	24
796	5	1878	29
797	5	469	24
797	5	939	27
797	5	1200	29
798	5	521	24
798	5	1826	27
798	5	2087	29
799	5	521	24
800	5	1304	27
800	5	1565	24
800	5	1826	29
801	5	521	24
801	5	1930	27
801	5	2191	29
802	5	678	27
802	5	939	24
802	5	1200	29
803	5	574	24
803	5	1200	27
803	5	1461	29
804	5	678	27
804	5	939	24
804	5	1200	29
805	5	469	24
806	5	469	24
806	5	2139	27
807	5	678	27
807	5	939	24
807	5	1200	29
807	5	1722	25
808	5	2035	27
808	5	2295	24
809	5	521	24
809	5	2243	27
810	5	678	27
810	5	939	24
810	5	1200	29
811	5	678	27
811	5	939	24
811	5	1200	29
812	5	678	27
812	5	939	24
812	5	1200	29
812	5	2191	25
813	5	469	24
813	5	1565	27
813	5	1826	29
814	5	521	24
815	5	469	24
815	5	887	27
815	5	1148	29
816	5	1095	27
816	5	1356	24
816	5	1617	29
817	5	521	24
818	5	678	27
818	5	939	24
818	5	1200	29
819	5	1408	27
819	5	1669	24
819	5	1930	29
820	5	678	27
820	5	939	24
820	5	1826	29
821	5	521	24
821	5	1669	27
821	5	1930	29
822	5	469	24
822	5	834	27
822	5	1095	29
823	5	678	27
823	5	939	24
823	5	1200	29
823	5	2035	25
824	5	1043	27
824	5	1304	24
824	5	1565	29
825	5	991	27
825	5	1252	24
825	5	1513	29
826	5	469	24
826	5	1461	27
826	5	1722	29
827	5	782	27
827	5	1043	24
827	5	1982	29
828	5	574	24
828	5	1722	27
828	5	1982	29
829	5	469	24
830	5	469	24
830	5	1774	27
830	5	2035	29
831	5	678	27
831	5	939	24
831	5	1200	29
831	5	2035	25
832	5	574	24
832	5	991	27
832	5	1252	29
832	5	1982	25
832	5	2295	28
833	5	1200	27
833	5	1461	24
833	5	1722	29
834	5	574	24
834	5	991	27
834	5	1252	29
834	5	2087	25
835	5	521	24
835	5	1722	27
835	5	1982	29
836	5	2087	27
837	5	469	24
837	5	1878	27
837	5	2139	29
838	5	469	24
838	5	939	27
838	5	1200	29
838	5	2243	25
839	5	1356	27
839	5	1617	24
839	5	1878	29
840	5	469	24
840	5	834	27
840	5	1095	29
840	5	1722	25
841	5	678	27
841	5	939	24
841	5	1200	29
842	5	469	24
842	5	1408	27
842	5	1669	29
843	5	574	24
843	5	887	27
843	5	1148	29
843	5	1878	25
843	5	2191	28
844	5	469	24
844	5	2191	27
845	5	521	24
845	5	1774	27
845	5	2035	29
846	5	1408	27
846	5	1669	24
846	5	1930	29
847	5	1200	27
847	5	1461	24
847	5	1722	29
848	5	574	24
848	5	887	27
848	5	1148	29
849	5	574	24
850	5	678	27
850	5	939	24
850	5	1200	29
851	5	469	24
852	5	887	27
852	5	1148	24
853	5	1356	27
853	5	1617	24
853	5	1878	29
854	5	469	24
854	5	1461	27
854	5	1722	29
855	5	521	24
855	5	2139	27
856	5	678	27
856	5	939	24
856	5	1200	29
857	5	521	24
857	5	2295	27
858	5	521	24
858	5	1304	27
858	5	1565	29
859	5	782	27
859	5	1043	24
860	5	1565	27
860	5	1826	24
861	5	521	24
861	5	991	27
861	5	1252	29
862	5	469	24
862	5	2139	27
863	5	574	24
863	5	1043	27
863	5	1304	29
864	5	469	24
864	5	887	27
864	5	1148	29
864	5	2035	25
865	5	678	27
865	5	939	24
865	5	1200	29
866	5	469	24
866	5	887	27
866	5	1148	29
867	5	730	27
867	5	991	24
867	5	1252	29
868	5	521	24
868	5	1148	27
868	5	1408	29
869	5	521	24
869	5	1356	27
869	5	1617	29
870	5	574	24
870	5	1565	27
870	5	1826	29
871	5	1148	27
871	5	1408	24
871	5	1669	29
872	5	469	24
873	5	678	27
873	5	939	24
873	5	1200	29
875	5	678	27
875	5	939	24
875	5	1200	29
876	5	469	24
876	5	991	27
876	5	1252	29
877	5	521	24
877	5	834	27
877	5	1095	29
877	5	2295	25
878	5	521	24
878	5	1722	27
878	5	1982	29
879	5	574	24
879	5	1826	27
879	5	2087	29
880	5	469	24
880	5	834	27
880	5	1095	29
881	5	939	27
881	5	1200	24
882	5	1252	27
882	5	1513	24
882	5	1774	29
883	5	521	24
884	5	521	24
884	5	991	27
884	5	1252	29
885	5	678	27
885	5	939	24
885	5	1200	29
886	5	469	24
886	5	1930	27
886	5	2191	29
887	5	469	24
887	5	1408	27
887	5	1669	29
888	5	991	27
888	5	1252	24
889	5	1356	27
889	5	1617	24
889	5	1878	29
890	5	469	24
890	5	1669	27
890	5	1930	29
891	5	469	24
891	5	1148	27
891	5	1408	29
892	5	1461	27
892	5	1722	24
892	5	1982	29
893	5	678	27
893	5	939	24
893	5	1200	29
894	5	678	27
894	5	939	24
894	5	1200	29
895	5	574	24
895	5	1774	27
895	5	2035	29
896	5	521	24
896	5	1722	27
896	5	1982	29
897	5	469	24
897	5	991	27
897	5	1252	29
898	5	574	24
898	5	991	27
898	5	1252	29
899	5	574	24
899	5	939	27
899	5	1200	29
900	5	469	24
900	5	1669	27
900	5	1930	29
901	5	678	27
901	5	939	24
901	5	1200	29
902	5	834	27
902	5	1095	24
902	5	1356	29
903	5	469	24
903	5	1043	27
903	5	1304	29
903	5	2191	25
904	5	469	24
905	5	1148	27
905	5	1408	24
905	5	1669	29
906	5	678	27
906	5	939	24
906	5	1200	29
907	5	469	24
908	5	521	24
908	5	991	27
908	5	1252	29
909	5	1930	27
909	5	2191	24
910	5	1148	27
910	5	1408	24
910	5	1669	29
911	5	521	24
912	5	469	24
913	5	469	24
913	5	1774	27
913	5	2035	29
914	5	574	24
914	5	1356	27
914	5	1617	29
915	5	1252	27
915	5	1513	24
915	5	1774	29
916	5	678	27
916	5	939	24
916	5	1200	29
917	5	678	27
917	5	939	24
917	5	1461	29
918	5	521	24
918	5	1617	27
918	5	1878	29
919	5	521	24
919	5	2139	27
920	5	782	27
920	5	1043	24
920	5	1513	29
921	5	521	24
922	5	469	24
922	5	1826	27
922	5	2087	29
923	5	1200	27
923	5	1461	24
923	5	1722	29
924	5	469	24
924	5	1043	27
924	5	1304	29
925	5	469	24
925	5	991	27
925	5	1252	29
926	5	469	24
926	5	1148	27
926	5	1408	29
926	5	2243	25
927	5	574	24
927	5	1408	27
927	5	1669	29
928	5	469	24
929	5	469	24
929	5	1095	27
929	5	1356	29
931	5	678	27
931	5	939	24
931	5	1200	29
931	5	2139	25
932	5	1095	27
932	5	1356	24
932	5	1617	29
933	5	1252	27
933	5	1513	24
933	5	1774	29
934	5	991	27
934	5	1252	24
934	5	1513	29
935	5	469	24
935	5	991	27
935	5	1252	29
936	5	469	24
936	5	1930	27
936	5	2191	29
937	5	834	27
937	5	1095	24
937	5	1878	29
938	5	574	24
938	5	1565	27
938	5	1826	29
939	5	469	24
940	5	469	24
940	5	1200	27
940	5	1461	29
940	5	2295	25
941	5	678	27
941	5	939	24
941	5	1200	29
941	5	2295	25
942	5	469	24
942	5	887	27
942	5	1148	29
943	5	469	24
944	5	678	27
944	5	939	24
944	5	1200	29
945	5	469	24
946	5	521	24
946	5	1461	27
946	5	1722	29
947	5	678	27
947	5	939	24
947	5	1200	29
947	5	1878	25
947	5	2191	28
948	5	521	24
948	5	939	27
948	5	1200	29
949	5	574	24
949	5	887	27
949	5	1148	29
950	5	574	24
950	5	887	27
950	5	1148	29
951	5	2243	27
952	5	2035	27
952	5	2295	24
953	5	678	27
953	5	939	24
953	5	1200	29
954	5	678	27
954	5	939	24
954	5	1200	29
956	5	574	24
957	5	469	24
958	5	1095	27
958	5	1356	24
958	5	1826	29
959	5	469	24
960	5	678	27
960	5	939	24
960	5	1200	29
961	5	469	24
961	5	1252	27
961	5	1513	29
962	5	521	24
963	5	469	24
963	5	991	27
963	5	1252	29
964	5	469	24
964	5	991	27
964	5	1252	29
964	5	2087	25
965	5	887	27
965	5	1148	24
965	5	1408	29
966	5	469	24
966	5	939	27
966	5	1200	29
967	5	469	24
968	5	469	24
968	5	1617	27
968	5	1878	29
969	5	678	27
969	5	939	24
969	5	1200	29
970	5	469	24
971	5	469	24
971	5	1043	27
971	5	1304	29
972	5	678	27
972	5	939	24
972	5	1200	29
972	5	1930	25
972	5	2243	28
973	5	469	24
974	5	469	24
974	5	2243	27
975	5	469	24
975	5	2191	27
976	5	574	24
976	5	1200	27
976	5	1461	29
976	5	2295	25
977	5	469	24
978	5	678	27
978	5	939	24
978	5	1200	29
979	5	1304	27
979	5	1565	24
979	5	1826	29
980	5	469	24
981	5	521	24
981	5	1356	27
981	5	1617	29
982	5	469	24
982	5	1617	27
982	5	1878	29
983	5	574	24
983	5	887	27
983	5	1148	29
984	5	469	24
984	5	1461	27
984	5	1722	29
985	5	1148	27
985	5	1408	24
985	5	1669	29
986	5	2243	27
987	5	469	24
987	5	2087	27
988	5	469	24
988	5	1774	27
988	5	2035	29
989	5	521	24
989	5	939	27
989	5	1200	29
990	5	574	24
990	5	2243	27
992	5	1722	27
992	5	1982	24
993	5	834	27
993	5	1095	24
994	5	1982	27
994	5	2243	24
995	5	469	24
995	5	834	27
995	5	1095	29
996	5	1200	27
996	5	1461	24
996	5	1722	29
997	5	2295	27
998	5	469	24
998	5	1095	27
998	5	1356	29
998	5	2035	25
999	5	521	24
