Realization	utility	week	infra.
0	0	1669	17
3	0	2035	17
4	0	1461	17
4	0	2295	29
6	0	2087	17
8	0	1617	17
10	0	521	29
14	0	469	29
15	0	521	29
16	0	574	29
17	0	574	29
18	0	2191	17
20	0	521	29
21	0	521	29
23	0	521	29
24	0	469	29
27	0	574	29
28	0	1617	17
32	0	1826	17
34	0	1722	17
35	0	2087	17
40	0	574	29
41	0	1878	17
42	0	1722	17
43	0	1982	17
45	0	1774	17
49	0	1513	17
53	0	1513	17
57	0	521	29
58	0	1200	17
59	0	521	29
62	0	1669	17
63	0	1669	17
65	0	2087	17
67	0	1565	17
79	0	2139	17
80	0	2087	17
87	0	521	29
88	0	1408	17
92	0	2035	17
96	0	2243	17
99	0	2243	17
102	0	1982	17
104	0	1774	17
106	0	1513	17
107	0	574	29
108	0	574	29
110	0	1722	17
113	0	521	29
119	0	2295	17
122	0	1669	17
125	0	1617	17
126	0	574	29
127	0	1774	17
128	0	574	29
130	0	469	29
131	0	1669	17
132	0	574	29
135	0	521	29
136	0	521	29
137	0	2139	17
138	0	574	29
139	0	1356	17
139	0	2087	29
141	0	521	29
143	0	2139	17
146	0	574	29
147	0	1878	17
149	0	1565	17
150	0	1982	17
152	0	1722	17
154	0	574	29
155	0	521	29
156	0	521	29
158	0	1669	17
159	0	574	29
160	0	2191	17
164	0	469	29
165	0	1513	17
170	0	574	29
172	0	2139	17
174	0	1930	17
175	0	1774	17
176	0	521	29
179	0	574	29
181	0	574	29
183	0	574	29
185	0	1669	17
187	0	1774	17
189	0	1408	17
192	0	1669	17
193	0	2035	17
196	0	521	29
198	0	1774	17
199	0	521	29
200	0	2087	17
202	0	1513	17
204	0	574	29
206	0	521	29
206	0	1982	30
207	0	1930	17
208	0	521	29
210	0	521	29
217	0	1513	17
224	0	2243	17
225	0	574	29
226	0	469	29
228	0	574	29
229	0	1774	17
230	0	574	29
231	0	469	29
232	0	574	29
233	0	2243	17
240	0	574	29
241	0	1617	17
242	0	1669	17
243	0	574	29
244	0	574	29
248	0	521	29
249	0	574	29
250	0	574	29
251	0	2243	17
256	0	1878	17
258	0	1982	17
259	0	521	29
260	0	2087	17
262	0	1722	17
266	0	574	29
268	0	2243	17
269	0	1669	17
271	0	1774	17
272	0	521	29
272	0	2191	30
284	0	574	29
285	0	1774	17
286	0	521	29
293	0	521	29
294	0	574	29
296	0	521	29
299	0	574	29
301	0	521	29
302	0	1930	17
303	0	469	29
304	0	521	29
306	0	574	29
309	0	521	29
310	0	1565	17
315	0	521	29
322	0	521	29
326	0	574	29
327	0	1669	17
330	0	1774	17
332	0	1617	17
333	0	574	29
335	0	574	29
336	0	1930	17
341	0	1982	17
342	0	521	29
343	0	574	29
345	0	574	29
346	0	1461	17
348	0	2087	17
349	0	1408	17
352	0	1617	17
353	0	574	29
354	0	469	29
356	0	2295	17
358	0	2139	17
361	0	2243	17
364	0	574	29
367	0	521	29
368	0	574	29
369	0	574	29
371	0	1930	17
377	0	2243	17
381	0	2191	17
387	0	1408	17
389	0	574	29
390	0	574	29
391	0	1878	17
393	0	521	29
396	0	574	29
397	0	1982	17
399	0	521	29
402	0	2035	17
404	0	2243	17
405	0	2295	17
406	0	574	29
411	0	469	29
412	0	1304	17
412	0	2035	29
412	0	2295	30
413	0	574	29
414	0	1826	17
415	0	1774	17
417	0	2087	17
418	0	1408	17
419	0	469	29
420	0	2243	17
423	0	2087	17
424	0	574	29
425	0	2191	17
426	0	1774	17
428	0	574	29
429	0	1565	17
430	0	574	29
431	0	574	29
432	0	1461	17
433	0	2087	17
434	0	1565	17
435	0	469	29
436	0	1356	17
437	0	521	29
438	0	1408	17
442	0	2087	17
445	0	574	29
451	0	1669	17
453	0	574	29
455	0	1878	17
461	0	521	29
462	0	2191	17
463	0	1513	17
464	0	2035	17
465	0	574	29
466	0	2295	17
467	0	574	29
468	0	574	29
469	0	521	29
472	0	521	29
473	0	1982	17
474	0	574	29
481	0	1461	17
482	0	2243	17
487	0	574	29
489	0	574	29
490	0	1617	17
491	0	2243	17
492	0	1878	17
495	0	1617	17
496	0	1617	17
497	0	521	29
500	0	574	29
503	0	574	29
508	0	1461	17
512	0	1722	17
515	0	574	29
519	0	1565	17
520	0	574	29
521	0	574	29
522	0	1617	17
523	0	2035	17
525	0	1461	17
528	0	574	29
529	0	1304	17
530	0	2139	17
531	0	1774	17
534	0	1408	17
537	0	1930	17
543	0	1982	17
544	0	521	29
547	0	1356	17
550	0	469	29
551	0	574	29
554	0	574	29
555	0	521	29
556	0	1774	17
559	0	1826	17
563	0	1722	17
565	0	574	29
568	0	521	29
571	0	521	29
575	0	521	29
578	0	2139	17
581	0	1982	17
582	0	2243	17
583	0	1252	17
584	0	521	29
585	0	574	29
586	0	521	29
587	0	469	29
589	0	1722	17
594	0	2295	17
595	0	574	29
598	0	521	29
599	0	574	29
604	0	1982	17
606	0	1565	17
607	0	521	29
608	0	1669	17
612	0	2295	17
620	0	574	29
621	0	1774	17
622	0	574	29
626	0	1774	17
627	0	2191	17
628	0	1982	17
631	0	1774	17
632	0	574	29
639	0	1565	17
645	0	1669	17
646	0	574	29
649	0	574	29
650	0	2295	17
652	0	574	29
653	0	1826	17
655	0	2139	17
658	0	1461	17
661	0	1826	17
662	0	1774	17
664	0	1565	17
666	0	1930	17
668	0	2191	17
669	0	2087	17
670	0	1878	17
674	0	1774	17
675	0	1774	17
676	0	574	29
677	0	1617	17
678	0	574	29
680	0	1774	17
682	0	521	29
684	0	1774	17
691	0	1408	17
692	0	469	29
693	0	1669	17
694	0	2139	17
695	0	574	29
697	0	521	29
700	0	574	29
701	0	1774	17
703	0	469	29
705	0	2035	17
706	0	574	29
707	0	574	29
709	0	1722	17
710	0	1513	17
711	0	1982	17
714	0	1774	17
716	0	574	29
717	0	1826	17
718	0	1565	17
721	0	2087	17
722	0	469	29
725	0	1722	17
726	0	1669	17
731	0	574	29
733	0	574	29
734	0	469	29
737	0	1878	17
738	0	521	29
742	0	1252	17
743	0	574	29
744	0	2087	17
752	0	1982	17
753	0	1617	17
754	0	574	29
755	0	574	29
756	0	574	29
758	0	574	29
761	0	521	29
762	0	1774	17
763	0	2087	17
765	0	469	29
774	0	521	29
776	0	521	29
781	0	574	29
784	0	2139	17
788	0	2191	17
789	0	2035	17
793	0	1722	17
794	0	521	29
798	0	2035	17
803	0	1513	17
804	0	2295	17
807	0	1408	17
810	0	1982	17
811	0	2087	17
812	0	521	29
815	0	521	29
818	0	2139	17
822	0	521	29
823	0	1461	17
824	0	2035	17
831	0	469	29
832	0	1408	17
834	0	1408	17
838	0	417	29
840	0	417	29
842	0	1982	17
843	0	1252	17
847	0	2191	17
848	0	521	29
850	0	521	29
854	0	1669	17
855	0	574	29
863	0	469	29
864	0	521	29
865	0	574	29
866	0	574	29
868	0	2295	17
869	0	1774	17
873	0	521	29
876	0	574	29
877	0	521	29
880	0	1982	17
882	0	1774	17
885	0	1408	17
887	0	521	29
890	0	2191	17
891	0	574	29
895	0	521	29
897	0	1722	17
898	0	469	29
899	0	1669	17
901	0	574	29
902	0	1669	17
903	0	521	29
906	0	521	29
916	0	574	29
922	0	2139	17
924	0	1408	17
926	0	1722	17
929	0	1878	17
931	0	521	29
932	0	1982	17
933	0	2191	17
940	0	1565	17
941	0	574	29
942	0	469	29
946	0	2295	17
947	0	1304	17
949	0	469	29
950	0	2243	17
953	0	1722	17
954	0	521	29
961	0	2243	17
964	0	1408	17
966	0	521	29
969	0	2035	17
971	0	574	29
972	0	521	29
974	0	574	29
976	0	1722	17
978	0	574	29
979	0	2191	17
981	0	1669	17
983	0	521	29
985	0	1982	17
989	0	574	29
995	0	574	29
998	0	1513	17
4	1	2295	29
10	1	521	29
14	1	469	29
15	1	521	29
16	1	574	29
17	1	574	29
20	1	521	29
21	1	521	29
23	1	521	29
24	1	469	29
27	1	574	29
40	1	574	29
57	1	521	29
59	1	521	29
87	1	521	29
107	1	574	29
108	1	574	29
113	1	521	29
126	1	574	29
128	1	574	29
130	1	469	29
132	1	574	29
135	1	521	29
136	1	521	29
138	1	574	29
139	1	2087	29
141	1	521	29
146	1	574	29
154	1	574	29
155	1	521	29
156	1	521	29
159	1	574	29
164	1	469	29
170	1	574	29
176	1	521	29
179	1	574	29
181	1	574	29
183	1	574	29
196	1	521	29
199	1	521	29
204	1	574	29
206	1	521	29
206	1	1982	30
208	1	521	29
210	1	521	29
225	1	574	29
226	1	469	29
228	1	574	29
230	1	574	29
231	1	469	29
232	1	574	29
240	1	574	29
243	1	574	29
244	1	574	29
248	1	521	29
249	1	574	29
250	1	574	29
259	1	521	29
266	1	574	29
272	1	521	29
272	1	2191	30
284	1	574	29
286	1	521	29
293	1	521	29
294	1	574	29
296	1	521	29
299	1	574	29
301	1	521	29
303	1	469	29
304	1	521	29
306	1	574	29
309	1	521	29
315	1	521	29
322	1	521	29
326	1	574	29
333	1	574	29
335	1	574	29
342	1	521	29
343	1	574	29
345	1	574	29
353	1	574	29
354	1	469	29
364	1	574	29
367	1	521	29
368	1	574	29
369	1	574	29
389	1	574	29
390	1	574	29
393	1	521	29
396	1	574	29
399	1	521	29
406	1	574	29
411	1	469	29
412	1	2035	29
412	1	2295	30
413	1	574	29
419	1	469	29
424	1	574	29
428	1	574	29
430	1	574	29
431	1	574	29
435	1	469	29
437	1	521	29
445	1	574	29
453	1	574	29
461	1	521	29
465	1	574	29
467	1	574	29
468	1	574	29
469	1	521	29
472	1	521	29
474	1	574	29
487	1	574	29
489	1	574	29
497	1	521	29
500	1	574	29
503	1	574	29
515	1	574	29
520	1	574	29
521	1	574	29
528	1	574	29
544	1	521	29
550	1	469	29
551	1	574	29
554	1	574	29
555	1	521	29
565	1	574	29
568	1	521	29
571	1	521	29
575	1	521	29
584	1	521	29
585	1	574	29
586	1	521	29
587	1	469	29
595	1	574	29
598	1	521	29
599	1	574	29
607	1	521	29
620	1	574	29
622	1	574	29
632	1	574	29
646	1	574	29
649	1	574	29
652	1	574	29
676	1	574	29
678	1	574	29
682	1	521	29
692	1	469	29
695	1	574	29
697	1	521	29
700	1	574	29
703	1	469	29
706	1	574	29
707	1	574	29
716	1	574	29
722	1	469	29
731	1	574	29
733	1	574	29
734	1	469	29
738	1	521	29
743	1	574	29
754	1	574	29
755	1	574	29
756	1	574	29
758	1	574	29
761	1	521	29
765	1	469	29
774	1	521	29
776	1	521	29
781	1	574	29
794	1	521	29
812	1	521	29
815	1	521	29
822	1	521	29
831	1	469	29
838	1	417	29
840	1	417	29
848	1	521	29
850	1	521	29
855	1	574	29
863	1	469	29
864	1	521	29
865	1	574	29
866	1	574	29
873	1	521	29
876	1	574	29
877	1	521	29
887	1	521	29
891	1	574	29
895	1	521	29
898	1	469	29
901	1	574	29
903	1	521	29
906	1	521	29
916	1	574	29
931	1	521	29
941	1	574	29
942	1	469	29
949	1	469	29
954	1	521	29
966	1	521	29
971	1	574	29
972	1	521	29
974	1	574	29
978	1	574	29
983	1	521	29
989	1	574	29
995	1	574	29
0	2	261	26
1	2	261	26
2	2	261	26
3	2	261	26
4	2	261	26
5	2	261	26
6	2	261	26
7	2	261	26
8	2	261	26
9	2	261	26
10	2	261	26
11	2	261	26
12	2	261	26
13	2	261	26
14	2	261	26
15	2	261	26
16	2	261	26
17	2	261	26
18	2	261	26
19	2	261	26
20	2	261	26
21	2	261	26
22	2	261	26
23	2	261	26
24	2	261	26
25	2	261	26
26	2	261	26
27	2	261	26
28	2	261	26
29	2	261	26
30	2	261	26
31	2	261	26
32	2	261	26
33	2	261	26
34	2	261	26
35	2	261	26
36	2	261	26
37	2	261	26
38	2	261	26
39	2	261	26
40	2	261	26
41	2	261	26
42	2	261	26
43	2	261	26
44	2	261	26
45	2	261	26
46	2	261	26
47	2	261	26
48	2	261	26
49	2	261	26
50	2	261	26
51	2	261	26
52	2	261	26
53	2	261	26
54	2	261	26
55	2	261	26
56	2	261	26
57	2	261	26
58	2	261	26
59	2	261	26
60	2	261	26
61	2	261	26
62	2	261	26
63	2	261	26
64	2	261	26
65	2	261	26
66	2	261	26
67	2	261	26
68	2	261	26
69	2	261	26
70	2	261	26
71	2	261	26
72	2	261	26
73	2	261	26
74	2	261	26
75	2	261	26
76	2	261	26
77	2	261	26
78	2	261	26
79	2	261	26
80	2	261	26
81	2	261	26
82	2	261	26
83	2	261	26
84	2	261	26
85	2	261	26
86	2	261	26
87	2	261	26
88	2	261	26
89	2	261	26
90	2	261	26
91	2	261	26
92	2	261	26
93	2	261	26
94	2	261	26
95	2	261	26
96	2	261	26
97	2	261	26
98	2	261	26
99	2	261	26
100	2	261	26
101	2	261	26
102	2	261	26
103	2	261	26
104	2	261	26
105	2	261	26
106	2	261	26
107	2	261	26
108	2	261	26
109	2	261	26
110	2	261	26
111	2	261	26
112	2	261	26
113	2	261	26
114	2	261	26
115	2	261	26
116	2	261	26
117	2	261	26
118	2	261	26
119	2	261	26
120	2	261	26
121	2	261	26
122	2	261	26
123	2	261	26
124	2	261	26
125	2	261	26
126	2	261	26
127	2	261	26
128	2	261	26
129	2	261	26
130	2	261	26
131	2	261	26
132	2	261	26
133	2	261	26
134	2	261	26
135	2	261	26
136	2	261	26
137	2	261	26
138	2	261	26
139	2	261	26
140	2	261	26
141	2	261	26
142	2	261	26
143	2	261	26
144	2	261	26
145	2	261	26
146	2	261	26
147	2	261	26
148	2	261	26
149	2	261	26
150	2	261	26
151	2	261	26
152	2	261	26
153	2	261	26
154	2	261	26
155	2	261	26
156	2	261	26
157	2	261	26
158	2	261	26
159	2	261	26
160	2	261	26
161	2	261	26
162	2	261	26
163	2	261	26
164	2	261	26
165	2	261	26
166	2	261	26
167	2	261	26
168	2	261	26
169	2	261	26
170	2	261	26
171	2	261	26
172	2	261	26
173	2	261	26
174	2	261	26
175	2	261	26
176	2	261	26
177	2	261	26
178	2	261	26
179	2	261	26
180	2	261	26
181	2	261	26
182	2	261	26
183	2	261	26
184	2	261	26
185	2	261	26
186	2	261	26
187	2	261	26
188	2	261	26
189	2	261	26
190	2	261	26
191	2	261	26
192	2	261	26
193	2	261	26
194	2	261	26
195	2	261	26
196	2	261	26
197	2	261	26
198	2	261	26
199	2	261	26
200	2	261	26
201	2	261	26
202	2	261	26
203	2	261	26
204	2	261	26
205	2	261	26
206	2	261	26
207	2	261	26
208	2	261	26
209	2	261	26
210	2	261	26
211	2	261	26
212	2	261	26
213	2	261	26
214	2	261	26
215	2	261	26
216	2	261	26
217	2	261	26
218	2	261	26
219	2	261	26
220	2	261	26
221	2	261	26
222	2	261	26
223	2	261	26
224	2	261	26
225	2	261	26
226	2	261	26
227	2	261	26
228	2	261	26
229	2	261	26
230	2	261	26
231	2	261	26
232	2	261	26
233	2	261	26
234	2	261	26
235	2	261	26
236	2	261	26
237	2	261	26
238	2	261	26
239	2	261	26
240	2	261	26
241	2	261	26
242	2	261	26
243	2	261	26
244	2	261	26
245	2	261	26
246	2	261	26
247	2	261	26
248	2	261	26
249	2	261	26
250	2	261	26
251	2	261	26
252	2	261	26
253	2	261	26
254	2	261	26
255	2	261	26
256	2	261	26
257	2	261	26
258	2	261	26
259	2	261	26
260	2	261	26
261	2	261	26
262	2	261	26
263	2	261	26
264	2	261	26
265	2	261	26
266	2	261	26
267	2	261	26
268	2	261	26
269	2	261	26
270	2	261	26
271	2	261	26
272	2	261	26
273	2	261	26
274	2	261	26
275	2	261	26
276	2	261	26
277	2	261	26
278	2	261	26
279	2	261	26
280	2	261	26
281	2	261	26
282	2	261	26
283	2	261	26
284	2	261	26
285	2	261	26
286	2	261	26
287	2	261	26
288	2	261	26
289	2	261	26
290	2	261	26
291	2	261	26
292	2	261	26
293	2	261	26
294	2	261	26
295	2	261	26
296	2	261	26
297	2	261	26
298	2	261	26
299	2	261	26
300	2	261	26
301	2	261	26
302	2	261	26
303	2	261	26
304	2	261	26
305	2	261	26
306	2	261	26
307	2	261	26
308	2	261	26
309	2	261	26
310	2	261	26
311	2	261	26
312	2	261	26
313	2	261	26
314	2	261	26
315	2	261	26
316	2	261	26
317	2	261	26
318	2	261	26
319	2	261	26
320	2	261	26
321	2	261	26
322	2	261	26
323	2	261	26
324	2	261	26
325	2	261	26
326	2	261	26
327	2	261	26
328	2	261	26
329	2	261	26
330	2	261	26
331	2	261	26
332	2	261	26
333	2	261	26
334	2	261	26
335	2	261	26
336	2	261	26
337	2	261	26
338	2	261	26
339	2	261	26
340	2	261	26
341	2	261	26
342	2	261	26
343	2	261	26
344	2	261	26
345	2	261	26
346	2	261	26
347	2	261	26
348	2	261	26
349	2	261	26
350	2	261	26
351	2	261	26
352	2	261	26
353	2	261	26
354	2	261	26
355	2	261	26
356	2	261	26
357	2	261	26
358	2	261	26
359	2	261	26
360	2	261	26
361	2	261	26
362	2	261	26
363	2	261	26
364	2	261	26
365	2	261	26
366	2	261	26
367	2	261	26
368	2	261	26
369	2	261	26
370	2	261	26
371	2	261	26
372	2	261	26
373	2	261	26
374	2	261	26
375	2	261	26
376	2	261	26
377	2	261	26
378	2	261	26
379	2	261	26
380	2	261	26
381	2	261	26
382	2	261	26
383	2	261	26
384	2	261	26
385	2	261	26
386	2	261	26
387	2	261	26
388	2	261	26
389	2	261	26
390	2	261	26
391	2	261	26
392	2	261	26
393	2	261	26
394	2	261	26
395	2	261	26
396	2	261	26
397	2	261	26
398	2	261	26
399	2	261	26
400	2	261	26
401	2	261	26
402	2	261	26
403	2	261	26
404	2	261	26
405	2	261	26
406	2	261	26
407	2	261	26
408	2	261	26
409	2	261	26
410	2	261	26
411	2	261	26
412	2	261	26
413	2	261	26
414	2	261	26
415	2	261	26
416	2	261	26
417	2	261	26
418	2	261	26
419	2	261	26
420	2	261	26
421	2	261	26
422	2	261	26
423	2	261	26
424	2	261	26
425	2	261	26
426	2	261	26
427	2	261	26
428	2	261	26
429	2	261	26
430	2	261	26
431	2	261	26
432	2	261	26
433	2	261	26
434	2	261	26
435	2	261	26
436	2	261	26
437	2	261	26
438	2	261	26
439	2	261	26
440	2	261	26
441	2	261	26
442	2	261	26
443	2	261	26
444	2	261	26
445	2	261	26
446	2	261	26
447	2	261	26
448	2	261	26
449	2	261	26
450	2	261	26
451	2	261	26
452	2	261	26
453	2	261	26
454	2	261	26
455	2	261	26
456	2	261	26
457	2	261	26
458	2	261	26
459	2	261	26
460	2	261	26
461	2	261	26
462	2	261	26
463	2	261	26
464	2	261	26
465	2	261	26
466	2	261	26
467	2	261	26
468	2	261	26
469	2	261	26
470	2	261	26
471	2	261	26
472	2	261	26
473	2	261	26
474	2	261	26
475	2	261	26
476	2	261	26
477	2	261	26
478	2	261	26
479	2	261	26
480	2	261	26
481	2	261	26
482	2	261	26
483	2	261	26
484	2	261	26
485	2	261	26
486	2	261	26
487	2	261	26
488	2	261	26
489	2	261	26
490	2	261	26
491	2	261	26
492	2	261	26
493	2	261	26
494	2	261	26
495	2	261	26
496	2	261	26
497	2	261	26
498	2	261	26
499	2	261	26
500	2	261	26
501	2	261	26
502	2	261	26
503	2	261	26
504	2	261	26
505	2	261	26
506	2	261	26
507	2	261	26
508	2	261	26
509	2	261	26
510	2	261	26
511	2	261	26
512	2	261	26
513	2	261	26
514	2	261	26
515	2	261	26
516	2	261	26
517	2	261	26
518	2	261	26
519	2	261	26
520	2	261	26
521	2	261	26
522	2	261	26
523	2	261	26
524	2	261	26
525	2	261	26
526	2	261	26
527	2	261	26
528	2	261	26
529	2	261	26
530	2	261	26
531	2	261	26
532	2	261	26
533	2	261	26
534	2	261	26
535	2	261	26
536	2	261	26
537	2	261	26
538	2	261	26
539	2	261	26
540	2	261	26
541	2	261	26
542	2	261	26
543	2	261	26
544	2	261	26
545	2	261	26
546	2	261	26
547	2	261	26
548	2	261	26
549	2	261	26
550	2	261	26
551	2	261	26
552	2	261	26
553	2	261	26
554	2	261	26
555	2	261	26
556	2	261	26
557	2	261	26
558	2	261	26
559	2	261	26
560	2	261	26
561	2	261	26
562	2	261	26
563	2	261	26
564	2	261	26
565	2	261	26
566	2	261	26
567	2	261	26
568	2	261	26
569	2	261	26
570	2	261	26
571	2	261	26
572	2	261	26
573	2	261	26
574	2	261	26
575	2	261	26
576	2	261	26
577	2	261	26
578	2	261	26
579	2	261	26
580	2	261	26
581	2	261	26
582	2	261	26
583	2	261	26
584	2	261	26
585	2	261	26
586	2	261	26
587	2	261	26
588	2	261	26
589	2	261	26
590	2	261	26
591	2	261	26
592	2	261	26
593	2	261	26
594	2	261	26
595	2	261	26
596	2	261	26
597	2	261	26
598	2	261	26
599	2	261	26
600	2	261	26
601	2	261	26
602	2	261	26
603	2	261	26
604	2	261	26
605	2	261	26
606	2	261	26
607	2	261	26
608	2	261	26
609	2	261	26
610	2	261	26
611	2	261	26
612	2	261	26
613	2	261	26
614	2	261	26
615	2	261	26
616	2	261	26
617	2	261	26
618	2	261	26
619	2	261	26
620	2	261	26
621	2	261	26
622	2	261	26
623	2	261	26
624	2	261	26
625	2	261	26
626	2	261	26
627	2	261	26
628	2	261	26
629	2	261	26
630	2	261	26
631	2	261	26
632	2	261	26
633	2	261	26
634	2	261	26
635	2	261	26
636	2	261	26
637	2	261	26
638	2	261	26
639	2	261	26
640	2	261	26
641	2	261	26
642	2	261	26
643	2	261	26
644	2	261	26
645	2	261	26
646	2	261	26
647	2	261	26
648	2	261	26
649	2	261	26
650	2	261	26
651	2	261	26
652	2	261	26
653	2	261	26
654	2	261	26
655	2	261	26
656	2	261	26
657	2	261	26
658	2	261	26
659	2	261	26
660	2	261	26
661	2	261	26
662	2	261	26
663	2	261	26
664	2	261	26
665	2	261	26
666	2	261	26
667	2	261	26
668	2	261	26
669	2	261	26
670	2	261	26
671	2	261	26
672	2	261	26
673	2	261	26
674	2	261	26
675	2	261	26
676	2	261	26
677	2	261	26
678	2	261	26
679	2	261	26
680	2	261	26
681	2	261	26
682	2	261	26
683	2	261	26
684	2	261	26
685	2	261	26
686	2	261	26
687	2	261	26
688	2	261	26
689	2	261	26
690	2	261	26
691	2	261	26
692	2	261	26
693	2	261	26
694	2	261	26
695	2	261	26
696	2	261	26
697	2	261	26
698	2	261	26
699	2	261	26
700	2	261	26
701	2	261	26
702	2	261	26
703	2	261	26
704	2	261	26
705	2	261	26
706	2	261	26
707	2	261	26
708	2	261	26
709	2	261	26
710	2	261	26
711	2	261	26
712	2	261	26
713	2	261	26
714	2	261	26
715	2	261	26
716	2	261	26
717	2	261	26
718	2	261	26
719	2	261	26
720	2	261	26
721	2	261	26
722	2	261	26
723	2	261	26
724	2	261	26
725	2	261	26
726	2	261	26
727	2	261	26
728	2	261	26
729	2	261	26
730	2	261	26
731	2	261	26
732	2	261	26
733	2	261	26
734	2	261	26
735	2	261	26
736	2	261	26
737	2	261	26
738	2	261	26
739	2	261	26
740	2	261	26
741	2	261	26
742	2	261	26
743	2	261	26
744	2	261	26
745	2	261	26
746	2	261	26
747	2	261	26
748	2	261	26
749	2	261	26
750	2	261	26
751	2	261	26
752	2	261	26
753	2	261	26
754	2	261	26
755	2	261	26
756	2	261	26
757	2	261	26
758	2	261	26
759	2	261	26
760	2	261	26
761	2	261	26
762	2	261	26
763	2	261	26
764	2	261	26
765	2	261	26
766	2	261	26
767	2	261	26
768	2	261	26
769	2	261	26
770	2	261	26
771	2	261	26
772	2	261	26
773	2	261	26
774	2	261	26
775	2	261	26
776	2	261	26
777	2	261	26
778	2	261	26
779	2	261	26
780	2	261	26
781	2	261	26
782	2	261	26
783	2	261	26
784	2	261	26
785	2	261	26
786	2	261	26
787	2	261	26
788	2	261	26
789	2	261	26
790	2	261	26
791	2	261	26
792	2	261	26
793	2	261	26
794	2	261	26
795	2	261	26
796	2	261	26
797	2	261	26
798	2	261	26
799	2	261	26
800	2	261	26
801	2	261	26
802	2	261	26
803	2	261	26
804	2	261	26
805	2	261	26
806	2	261	26
807	2	261	26
808	2	261	26
809	2	261	26
810	2	261	26
811	2	261	26
812	2	261	26
813	2	261	26
814	2	261	26
815	2	261	26
816	2	261	26
817	2	261	26
818	2	261	26
819	2	261	26
820	2	261	26
821	2	261	26
822	2	261	26
823	2	261	26
824	2	261	26
825	2	261	26
826	2	261	26
827	2	261	26
828	2	261	26
829	2	261	26
830	2	261	26
831	2	261	26
832	2	261	26
833	2	261	26
834	2	261	26
835	2	261	26
836	2	261	26
837	2	261	26
838	2	261	26
839	2	261	26
840	2	261	26
841	2	261	26
842	2	261	26
843	2	261	26
844	2	261	26
845	2	261	26
846	2	261	26
847	2	261	26
848	2	261	26
849	2	261	26
850	2	261	26
851	2	261	26
852	2	261	26
853	2	261	26
854	2	261	26
855	2	261	26
856	2	261	26
857	2	261	26
858	2	261	26
859	2	261	26
860	2	261	26
861	2	261	26
862	2	261	26
863	2	261	26
864	2	261	26
865	2	261	26
866	2	261	26
867	2	261	26
868	2	261	26
869	2	261	26
870	2	261	26
871	2	261	26
872	2	261	26
873	2	261	26
874	2	261	26
875	2	261	26
876	2	261	26
877	2	261	26
878	2	261	26
879	2	261	26
880	2	261	26
881	2	261	26
882	2	261	26
883	2	261	26
884	2	261	26
885	2	261	26
886	2	261	26
887	2	261	26
888	2	261	26
889	2	261	26
890	2	261	26
891	2	261	26
892	2	261	26
893	2	261	26
894	2	261	26
895	2	261	26
896	2	261	26
897	2	261	26
898	2	261	26
899	2	261	26
900	2	261	26
901	2	261	26
902	2	261	26
903	2	261	26
904	2	261	26
905	2	261	26
906	2	261	26
907	2	261	26
908	2	261	26
909	2	261	26
910	2	261	26
911	2	261	26
912	2	261	26
913	2	261	26
914	2	261	26
915	2	261	26
916	2	261	26
917	2	261	26
918	2	261	26
919	2	261	26
920	2	261	26
921	2	261	26
922	2	261	26
923	2	261	26
924	2	261	26
925	2	261	26
926	2	261	26
927	2	261	26
928	2	261	26
929	2	261	26
930	2	261	26
931	2	261	26
932	2	261	26
933	2	261	26
934	2	261	26
935	2	261	26
936	2	261	26
937	2	261	26
938	2	261	26
939	2	261	26
940	2	261	26
941	2	261	26
942	2	261	26
943	2	261	26
944	2	261	26
945	2	261	26
946	2	261	26
947	2	261	26
948	2	261	26
949	2	261	26
950	2	261	26
951	2	261	26
952	2	261	26
953	2	261	26
954	2	261	26
955	2	261	26
956	2	261	26
957	2	261	26
958	2	261	26
959	2	261	26
960	2	261	26
961	2	261	26
962	2	261	26
963	2	261	26
964	2	261	26
965	2	261	26
966	2	261	26
967	2	261	26
968	2	261	26
969	2	261	26
970	2	261	26
971	2	261	26
972	2	261	26
973	2	261	26
974	2	261	26
975	2	261	26
976	2	261	26
977	2	261	26
978	2	261	26
979	2	261	26
980	2	261	26
981	2	261	26
982	2	261	26
983	2	261	26
984	2	261	26
985	2	261	26
986	2	261	26
987	2	261	26
988	2	261	26
989	2	261	26
990	2	261	26
991	2	261	26
992	2	261	26
993	2	261	26
994	2	261	26
995	2	261	26
996	2	261	26
997	2	261	26
998	2	261	26
999	2	261	26
0	3	2295	9
1	3	939	20
4	3	1356	9
4	3	1722	20
4	3	2035	12
4	3	2295	29
8	3	1408	9
10	3	521	29
10	3	2243	9
14	3	469	29
15	3	521	29
16	3	574	29
17	3	574	29
17	3	2243	9
18	3	2139	9
20	3	521	29
20	3	1722	9
21	3	521	29
21	3	887	20
23	3	521	29
24	3	469	29
24	3	1878	9
27	3	574	29
28	3	1722	9
34	3	2295	9
35	3	2087	9
40	3	574	29
40	3	1252	9
40	3	2035	20
41	3	2295	9
49	3	1513	9
53	3	1513	9
57	3	521	29
57	3	1200	9
57	3	1722	20
58	3	1408	9
58	3	1669	20
59	3	521	29
59	3	1878	9
62	3	1565	9
67	3	1513	9
87	3	521	29
87	3	1200	9
87	3	1722	20
88	3	1513	9
106	3	1565	9
106	3	2295	20
107	3	574	29
107	3	2087	9
108	3	574	29
110	3	1617	9
113	3	521	29
122	3	1304	9
122	3	1722	20
125	3	1461	9
126	3	574	29
126	3	1408	9
128	3	574	29
128	3	1252	9
130	3	469	29
131	3	1774	9
132	3	574	29
135	3	521	29
135	3	1565	9
136	3	521	29
136	3	991	20
136	3	1513	9
138	3	574	29
138	3	939	20
139	3	1148	9
139	3	1408	20
139	3	1826	12
139	3	2087	29
141	3	521	29
141	3	1252	9
141	3	1513	20
146	3	574	29
147	3	2295	9
149	3	1461	9
152	3	1617	9
152	3	2087	20
154	3	574	29
154	3	1356	9
155	3	521	29
155	3	1878	9
156	3	521	29
156	3	1513	9
158	3	1617	9
159	3	574	29
159	3	1356	9
159	3	2191	20
164	3	469	29
165	3	1408	9
170	3	574	29
170	3	1356	9
175	3	1774	9
176	3	521	29
179	3	574	29
179	3	1722	9
181	3	574	29
183	3	574	29
183	3	2087	9
185	3	1461	9
189	3	1669	9
189	3	1982	20
196	3	521	29
196	3	1043	20
196	3	2191	9
199	3	521	29
199	3	1461	9
204	3	574	29
206	3	521	29
206	3	939	20
206	3	1408	9
206	3	1722	12
206	3	1982	30
207	3	2035	9
208	3	521	29
210	3	521	29
225	3	574	29
225	3	1304	9
226	3	469	29
226	3	1408	9
228	3	574	29
228	3	1356	9
228	3	1722	20
230	3	574	29
231	3	469	29
232	3	574	29
232	3	1408	9
240	3	574	29
240	3	1513	9
240	3	1982	20
243	3	574	29
243	3	939	20
244	3	574	29
248	3	521	29
249	3	574	29
250	3	574	29
250	3	939	20
250	3	2243	9
256	3	2139	9
258	3	939	20
259	3	521	29
262	3	1722	9
266	3	574	29
267	3	939	20
271	3	1669	9
272	3	521	29
272	3	1304	9
272	3	1565	20
272	3	1930	12
272	3	2191	30
284	3	574	29
284	3	1148	9
284	3	1513	20
286	3	521	29
286	3	1304	9
286	3	1774	20
286	3	2295	12
293	3	521	29
293	3	939	20
294	3	574	29
296	3	521	29
299	3	574	29
301	3	521	29
303	3	469	29
303	3	1200	9
303	3	1565	20
304	3	521	29
306	3	574	29
306	3	1408	9
309	3	521	29
309	3	1148	9
309	3	1513	20
310	3	1513	9
315	3	521	29
315	3	1722	9
322	3	521	29
326	3	574	29
330	3	1617	9
333	3	574	29
333	3	1826	9
335	3	574	29
335	3	2087	9
342	3	521	29
342	3	1304	9
343	3	574	29
343	3	887	20
345	3	574	29
345	3	1669	9
346	3	1617	9
349	3	1200	9
349	3	1513	20
353	3	574	29
354	3	469	29
354	3	991	20
354	3	1565	9
364	3	574	29
367	3	521	29
368	3	574	29
368	3	1200	9
368	3	1565	20
369	3	574	29
369	3	1461	9
387	3	1356	9
387	3	1722	20
389	3	574	29
390	3	574	29
390	3	887	20
391	3	2087	9
393	3	521	29
396	3	574	29
396	3	939	20
396	3	1617	9
399	3	521	29
406	3	574	29
411	3	469	29
411	3	1200	9
411	3	1461	20
412	3	1095	20
412	3	1513	9
412	3	1774	12
412	3	2035	29
412	3	2295	30
413	3	574	29
413	3	939	20
413	3	1461	9
413	3	1722	12
414	3	1722	9
415	3	1722	9
418	3	1304	9
418	3	1617	20
419	3	469	29
419	3	1356	9
423	3	1930	9
424	3	574	29
424	3	1200	9
424	3	1461	20
424	3	2087	12
426	3	2295	9
428	3	574	29
430	3	574	29
431	3	574	29
431	3	939	20
432	3	1461	9
434	3	1408	9
434	3	1722	20
434	3	2295	12
435	3	469	29
436	3	1148	9
436	3	1722	20
437	3	521	29
438	3	1565	9
445	3	574	29
445	3	1930	9
451	3	1826	9
453	3	574	29
453	3	1200	9
453	3	1461	20
461	3	521	29
461	3	1722	9
463	3	1461	9
465	3	574	29
467	3	574	29
468	3	574	29
469	3	521	29
469	3	939	20
472	3	521	29
474	3	574	29
474	3	1408	9
481	3	1356	9
481	3	1617	20
487	3	574	29
489	3	574	29
489	3	939	20
490	3	1565	9
490	3	2035	20
492	3	2087	9
496	3	1565	9
496	3	2087	20
497	3	521	29
500	3	574	29
500	3	991	20
503	3	574	29
503	3	939	20
503	3	1513	9
508	3	1356	9
508	3	2139	20
512	3	2087	9
515	3	574	29
515	3	887	20
519	3	1722	9
520	3	574	29
521	3	574	29
521	3	1408	9
522	3	1565	9
523	3	2191	9
525	3	1356	9
525	3	1617	20
528	3	574	29
529	3	1200	9
529	3	1513	20
534	3	939	20
541	3	2139	9
544	3	521	29
544	3	1461	9
544	3	1722	20
547	3	1461	9
547	3	1774	20
550	3	469	29
550	3	1252	9
550	3	1722	20
551	3	574	29
551	3	1252	9
551	3	1565	20
554	3	574	29
554	3	939	20
555	3	521	29
555	3	991	20
555	3	1461	9
555	3	2139	12
556	3	1669	9
559	3	2295	9
565	3	574	29
565	3	1304	9
565	3	1722	20
565	3	2295	12
568	3	521	29
568	3	1252	9
571	3	521	29
575	3	521	29
575	3	1043	20
575	3	1722	9
583	3	1148	9
583	3	1461	20
584	3	521	29
585	3	574	29
585	3	991	20
585	3	1513	9
586	3	521	29
586	3	1722	9
587	3	469	29
587	3	1043	20
587	3	1722	9
595	3	574	29
595	3	1304	9
595	3	1565	20
598	3	521	29
599	3	574	29
599	3	887	20
606	3	1669	9
607	3	521	29
607	3	1722	9
620	3	574	29
622	3	574	29
622	3	939	20
626	3	1565	9
631	3	1982	9
632	3	574	29
632	3	939	20
639	3	1408	9
639	3	2087	20
646	3	574	29
646	3	1408	9
649	3	574	29
652	3	574	29
658	3	1461	9
664	3	1356	9
664	3	1722	20
666	3	2243	9
669	3	2243	9
676	3	574	29
676	3	1408	9
677	3	1617	9
678	3	574	29
682	3	521	29
691	3	1617	9
691	3	2243	20
692	3	469	29
692	3	1356	9
693	3	1722	9
695	3	574	29
695	3	939	20
697	3	521	29
700	3	574	29
701	3	2191	9
703	3	469	29
703	3	1722	9
706	3	574	29
707	3	574	29
709	3	2087	9
710	3	1304	9
710	3	1722	20
716	3	574	29
716	3	1252	9
717	3	1722	9
718	3	1356	9
722	3	469	29
722	3	1148	9
722	3	1669	20
726	3	1461	9
731	3	574	29
733	3	574	29
733	3	1513	9
734	3	469	29
734	3	1878	9
737	3	1930	9
737	3	2295	20
738	3	521	29
738	3	1408	9
738	3	1774	20
742	3	939	20
742	3	2035	9
742	3	2295	12
743	3	574	29
743	3	2295	9
752	3	2035	9
753	3	1408	9
753	3	1774	20
753	3	2191	12
754	3	574	29
755	3	574	29
755	3	2139	9
756	3	574	29
756	3	1304	9
756	3	2191	20
758	3	574	29
761	3	521	29
765	3	469	29
774	3	521	29
774	3	1461	9
776	3	521	29
776	3	1252	9
776	3	1878	20
781	3	574	29
781	3	2087	9
793	3	1878	9
794	3	521	29
807	3	939	20
807	3	1669	9
810	3	991	20
811	3	939	20
812	3	521	29
812	3	1513	9
815	3	521	29
818	3	1930	9
822	3	521	29
823	3	1356	9
823	3	2035	20
831	3	469	29
831	3	1461	9
831	3	1878	20
832	3	1356	9
832	3	1617	20
834	3	1408	9
834	3	2295	20
838	3	417	29
838	3	1513	9
840	3	417	29
840	3	939	20
840	3	1565	9
843	3	1200	9
843	3	1461	20
843	3	2295	12
848	3	521	29
848	3	939	20
850	3	521	29
850	3	1356	9
850	3	1669	20
854	3	1722	9
855	3	574	29
863	3	469	29
863	3	1461	9
864	3	521	29
864	3	1408	9
864	3	1722	20
865	3	574	29
866	3	574	29
873	3	521	29
873	3	1200	9
876	3	574	29
877	3	521	29
877	3	1148	9
877	3	1408	20
880	3	1513	9
885	3	1252	9
885	3	1722	20
887	3	521	29
891	3	574	29
895	3	521	29
897	3	1617	9
898	3	469	29
898	3	1408	9
899	3	1513	9
901	3	574	29
901	3	939	20
902	3	1669	9
903	3	521	29
903	3	1774	9
906	3	521	29
914	3	1669	9
916	3	574	29
916	3	1513	9
924	3	1304	9
924	3	1565	20
926	3	1722	9
931	3	521	29
931	3	1252	9
931	3	1513	20
940	3	1565	9
941	3	574	29
941	3	1408	9
941	3	1774	20
942	3	469	29
942	3	1356	9
942	3	1722	20
947	3	1252	9
947	3	1722	20
949	3	469	29
949	3	1095	20
949	3	1565	9
950	3	991	20
953	3	1408	9
954	3	521	29
954	3	1617	9
964	3	1356	9
966	3	521	29
969	3	1982	9
971	3	574	29
971	3	2243	9
972	3	521	29
972	3	939	20
972	3	1722	9
974	3	574	29
976	3	1565	9
976	3	2087	20
978	3	574	29
978	3	1461	9
981	3	1617	9
983	3	521	29
985	3	2087	9
989	3	574	29
995	3	574	29
995	3	939	20
998	3	1461	9
998	3	2087	20
0	4	626	27
1	4	626	27
2	4	782	27
3	4	1200	27
4	4	782	27
4	4	2243	28
4	4	2295	29
5	4	678	27
6	4	678	27
7	4	1043	27
8	4	782	27
10	4	521	29
12	4	1930	27
13	4	1774	27
14	4	469	29
15	4	521	29
16	4	574	29
17	4	574	29
18	4	626	27
19	4	1878	27
20	4	521	29
21	4	521	29
22	4	1148	27
23	4	521	29
24	4	469	29
25	4	1565	27
26	4	730	27
27	4	574	29
28	4	887	27
29	4	1095	27
30	4	1200	27
31	4	782	27
32	4	1095	27
33	4	730	27
34	4	834	27
35	4	626	27
36	4	678	27
37	4	991	27
38	4	626	27
39	4	834	27
40	4	574	29
41	4	887	27
42	4	991	27
43	4	678	27
44	4	1722	27
45	4	678	27
46	4	730	27
47	4	1252	27
48	4	2243	27
49	4	678	27
50	4	1565	27
51	4	1461	27
52	4	834	27
53	4	626	27
53	4	2087	28
55	4	834	27
56	4	1095	27
57	4	521	29
58	4	626	27
59	4	521	29
60	4	1513	27
61	4	730	27
62	4	678	27
62	4	2295	28
63	4	782	27
64	4	1878	27
65	4	678	27
66	4	1148	27
67	4	887	27
68	4	1513	27
69	4	1095	27
70	4	678	27
71	4	1095	27
73	4	1617	27
74	4	1826	27
75	4	678	27
76	4	1408	27
77	4	1774	27
78	4	1513	27
79	4	1043	27
80	4	626	27
81	4	626	27
82	4	678	27
83	4	1304	27
84	4	782	27
86	4	1461	27
87	4	521	29
88	4	939	27
89	4	991	27
90	4	1252	27
91	4	782	27
92	4	626	27
93	4	1513	27
94	4	1930	27
95	4	1148	27
96	4	939	27
97	4	1461	27
98	4	1774	27
99	4	1200	27
100	4	1722	27
101	4	887	27
102	4	626	27
103	4	1043	27
104	4	626	27
106	4	730	27
106	4	2295	28
107	4	574	29
108	4	574	29
109	4	1408	27
110	4	626	27
111	4	834	27
112	4	834	27
113	4	521	29
114	4	782	27
115	4	1513	27
116	4	1252	27
117	4	1513	27
118	4	1200	27
119	4	1148	27
120	4	1043	27
121	4	1043	27
122	4	626	27
123	4	2087	27
124	4	678	27
125	4	626	27
126	4	574	29
127	4	626	27
128	4	574	29
129	4	1095	27
130	4	469	29
131	4	626	27
131	4	2191	28
132	4	574	29
133	4	730	27
134	4	1043	27
135	4	521	29
136	4	521	29
137	4	887	27
138	4	574	29
139	4	626	27
139	4	1982	28
139	4	2087	29
140	4	1930	27
141	4	521	29
142	4	1148	27
143	4	1252	27
145	4	1095	27
146	4	574	29
147	4	887	27
148	4	1461	27
149	4	626	27
150	4	626	27
151	4	1043	27
152	4	730	27
153	4	1043	27
154	4	574	29
155	4	521	29
156	4	521	29
158	4	626	27
159	4	574	29
160	4	782	27
161	4	1878	27
162	4	1043	27
163	4	1617	27
164	4	469	29
165	4	678	27
166	4	1826	27
167	4	1513	27
169	4	626	27
170	4	574	29
171	4	1356	27
172	4	1043	27
173	4	1304	27
174	4	1043	27
175	4	834	27
176	4	521	29
177	4	1617	27
178	4	1982	27
179	4	574	29
180	4	2191	27
181	4	574	29
182	4	887	27
183	4	574	29
184	4	1617	27
185	4	782	27
186	4	2243	27
187	4	1043	27
188	4	1826	27
189	4	1043	27
189	4	2295	28
190	4	1200	27
191	4	678	27
192	4	678	27
193	4	678	27
194	4	730	27
196	4	521	29
197	4	2295	27
198	4	730	27
199	4	521	29
200	4	1148	27
201	4	1826	27
202	4	834	27
203	4	991	27
204	4	574	29
205	4	1252	27
206	4	521	29
206	4	1982	30
207	4	626	27
208	4	521	29
210	4	521	29
211	4	1669	27
212	4	1095	27
213	4	1617	27
215	4	1200	27
216	4	2087	27
217	4	1043	27
218	4	834	27
219	4	2295	27
220	4	1826	27
221	4	678	27
222	4	1826	27
223	4	678	27
224	4	1095	27
225	4	574	29
226	4	469	29
227	4	887	27
228	4	574	29
229	4	626	27
230	4	574	29
231	4	469	29
232	4	574	29
233	4	1252	27
235	4	1252	27
236	4	1826	27
237	4	1774	27
239	4	1200	27
240	4	574	29
241	4	887	27
242	4	626	27
243	4	574	29
244	4	574	29
245	4	1304	27
248	4	521	29
249	4	574	29
250	4	574	29
251	4	782	27
252	4	1878	27
253	4	1356	27
255	4	1095	27
256	4	1095	27
257	4	1252	27
258	4	626	27
259	4	521	29
260	4	626	27
262	4	991	27
263	4	2139	27
264	4	678	27
265	4	626	27
266	4	574	29
267	4	626	27
268	4	1043	27
269	4	678	27
270	4	991	27
271	4	782	27
272	4	521	29
272	4	2191	30
274	4	1252	27
275	4	1982	27
277	4	1826	27
278	4	1200	27
279	4	1252	27
280	4	887	27
282	4	1774	27
283	4	1095	27
284	4	574	29
285	4	1095	27
286	4	521	29
287	4	1304	27
288	4	678	27
289	4	2243	27
291	4	782	27
292	4	1774	27
293	4	521	29
294	4	574	29
295	4	1148	27
296	4	521	29
297	4	2139	27
298	4	1148	27
299	4	574	29
300	4	1774	27
301	4	521	29
302	4	626	27
303	4	469	29
304	4	521	29
306	4	574	29
307	4	834	27
308	4	887	27
309	4	521	29
310	4	782	27
310	4	2139	28
311	4	1669	27
312	4	1461	27
313	4	730	27
314	4	1408	27
315	4	521	29
316	4	1982	27
317	4	1252	27
318	4	1617	27
319	4	1826	27
320	4	1095	27
321	4	626	27
322	4	521	29
323	4	1878	27
324	4	1304	27
325	4	1304	27
326	4	574	29
327	4	1095	27
328	4	730	27
329	4	1565	27
330	4	1043	27
331	4	626	27
332	4	626	27
333	4	574	29
334	4	1252	27
335	4	574	29
336	4	626	27
337	4	1565	27
338	4	1930	27
339	4	626	27
340	4	1095	27
341	4	1095	27
342	4	521	29
343	4	574	29
344	4	2191	27
345	4	574	29
346	4	730	27
346	4	2191	28
347	4	678	27
348	4	626	27
349	4	626	27
350	4	2139	27
351	4	626	27
352	4	782	27
353	4	574	29
354	4	469	29
355	4	626	27
356	4	991	27
357	4	678	27
358	4	1148	27
360	4	887	27
361	4	730	27
362	4	2087	27
364	4	574	29
365	4	1930	27
366	4	991	27
367	4	521	29
368	4	574	29
369	4	574	29
370	4	1513	27
371	4	626	27
372	4	678	27
374	4	1669	27
375	4	1304	27
376	4	782	27
377	4	1148	27
378	4	1095	27
379	4	730	27
380	4	939	27
381	4	678	27
382	4	626	27
383	4	1408	27
384	4	834	27
385	4	991	27
386	4	678	27
387	4	730	27
388	4	2035	27
389	4	574	29
390	4	574	29
391	4	626	27
392	4	1826	27
393	4	521	29
394	4	782	27
395	4	887	27
396	4	574	29
397	4	1148	27
398	4	939	27
399	4	521	29
400	4	678	27
401	4	1982	27
402	4	782	27
403	4	1982	27
404	4	1095	27
405	4	1095	27
406	4	574	29
407	4	1200	27
409	4	1617	27
410	4	1304	27
411	4	469	29
412	4	626	27
412	4	2035	29
412	4	2295	30
413	4	574	29
414	4	730	27
415	4	678	27
416	4	1826	27
417	4	678	27
418	4	678	27
419	4	469	29
420	4	991	27
421	4	2035	27
422	4	1461	27
423	4	1095	27
424	4	574	29
425	4	730	27
426	4	939	27
427	4	2035	27
428	4	574	29
429	4	782	27
430	4	574	29
431	4	574	29
432	4	730	27
433	4	730	27
434	4	782	27
434	4	2139	28
435	4	469	29
436	4	626	27
437	4	521	29
438	4	939	27
439	4	887	27
440	4	730	27
442	4	782	27
443	4	939	27
444	4	1774	27
445	4	574	29
446	4	1304	27
447	4	1774	27
448	4	1461	27
449	4	1982	27
450	4	2139	27
451	4	678	27
451	4	2243	28
452	4	782	27
453	4	574	29
454	4	1408	27
455	4	1043	27
456	4	1252	27
457	4	678	27
459	4	1930	27
460	4	626	27
461	4	521	29
462	4	782	27
463	4	626	27
464	4	1095	27
465	4	574	29
466	4	678	27
467	4	574	29
468	4	574	29
469	4	521	29
470	4	1982	27
471	4	1252	27
472	4	521	29
473	4	834	27
474	4	574	29
475	4	1252	27
476	4	1513	27
478	4	939	27
480	4	939	27
481	4	626	27
482	4	782	27
483	4	2087	27
484	4	1930	27
485	4	1148	27
486	4	1148	27
487	4	574	29
488	4	1304	27
489	4	574	29
490	4	1043	27
491	4	730	27
492	4	1148	27
493	4	939	27
494	4	626	27
495	4	991	27
496	4	939	27
497	4	521	29
498	4	730	27
499	4	730	27
500	4	574	29
501	4	1408	27
502	4	1043	27
503	4	574	29
505	4	1513	27
506	4	1148	27
507	4	1669	27
508	4	626	27
508	4	2087	28
510	4	1878	27
512	4	1095	27
513	4	1095	27
514	4	678	27
515	4	574	29
516	4	1461	27
517	4	1252	27
518	4	887	27
519	4	626	27
520	4	574	29
521	4	574	29
522	4	991	27
523	4	678	27
524	4	2295	27
525	4	678	27
526	4	1826	27
527	4	626	27
528	4	574	29
529	4	626	27
530	4	1200	27
531	4	1095	27
532	4	1095	27
533	4	1826	27
534	4	626	27
535	4	2243	27
536	4	1252	27
537	4	887	27
538	4	626	27
539	4	626	27
540	4	678	27
541	4	678	27
542	4	887	27
543	4	1148	27
544	4	521	29
545	4	1669	27
546	4	1095	27
547	4	678	27
548	4	1304	27
549	4	1304	27
550	4	469	29
551	4	574	29
552	4	1356	27
553	4	730	27
554	4	574	29
555	4	521	29
556	4	991	27
557	4	1878	27
558	4	626	27
559	4	1043	27
560	4	1513	27
561	4	1043	27
562	4	1148	27
563	4	939	27
564	4	1356	27
565	4	574	29
566	4	626	27
567	4	782	27
568	4	521	29
569	4	1043	27
570	4	1200	27
571	4	521	29
572	4	1408	27
574	4	782	27
575	4	521	29
576	4	1148	27
577	4	626	27
578	4	1200	27
579	4	939	27
581	4	1095	27
582	4	730	27
583	4	626	27
584	4	521	29
585	4	574	29
586	4	521	29
587	4	469	29
588	4	678	27
589	4	782	27
590	4	678	27
591	4	1774	27
593	4	834	27
594	4	887	27
595	4	574	29
596	4	991	27
597	4	887	27
598	4	521	29
599	4	574	29
600	4	1774	27
601	4	730	27
602	4	1513	27
603	4	887	27
604	4	991	27
605	4	1252	27
606	4	626	27
607	4	521	29
608	4	678	27
610	4	2139	27
611	4	991	27
612	4	1095	27
613	4	1461	27
614	4	1148	27
615	4	991	27
616	4	1148	27
617	4	1982	27
619	4	1148	27
620	4	574	29
621	4	991	27
622	4	574	29
623	4	1200	27
624	4	678	27
625	4	1095	27
626	4	730	27
627	4	678	27
628	4	939	27
629	4	1461	27
630	4	1148	27
631	4	887	27
632	4	574	29
633	4	1200	27
634	4	1148	27
635	4	1461	27
636	4	2139	27
637	4	1408	27
638	4	1930	27
639	4	626	27
640	4	1930	27
641	4	939	27
642	4	1148	27
644	4	678	27
645	4	887	27
646	4	574	29
647	4	2243	27
648	4	1095	27
649	4	574	29
650	4	1617	27
651	4	626	27
652	4	574	29
653	4	730	27
654	4	782	27
655	4	991	27
656	4	939	27
657	4	782	27
658	4	730	27
659	4	1095	27
660	4	1878	27
661	4	626	27
662	4	834	27
663	4	1148	27
664	4	626	27
665	4	678	27
666	4	626	27
667	4	626	27
668	4	1252	27
669	4	1043	27
670	4	1200	27
671	4	1669	27
672	4	939	27
673	4	1200	27
674	4	782	27
675	4	1148	27
676	4	574	29
677	4	991	27
678	4	574	29
679	4	1200	27
680	4	1095	27
681	4	939	27
682	4	521	29
683	4	1356	27
684	4	1043	27
685	4	678	27
686	4	730	27
687	4	1356	27
688	4	1408	27
689	4	1200	27
690	4	939	27
691	4	626	27
691	4	2295	28
692	4	469	29
693	4	834	27
694	4	834	27
695	4	574	29
696	4	1252	27
697	4	521	29
698	4	1722	27
699	4	834	27
700	4	574	29
701	4	1043	27
702	4	834	27
703	4	469	29
704	4	2035	27
705	4	1148	27
706	4	574	29
707	4	574	29
708	4	1148	27
709	4	678	27
710	4	730	27
711	4	1095	27
712	4	1095	27
714	4	626	27
715	4	887	27
716	4	574	29
717	4	1043	27
718	4	678	27
719	4	1408	27
720	4	1878	27
721	4	991	27
722	4	469	29
723	4	782	27
724	4	1878	27
725	4	782	27
726	4	991	27
727	4	1304	27
728	4	1878	27
729	4	678	27
730	4	1095	27
731	4	574	29
732	4	730	27
733	4	574	29
734	4	469	29
735	4	2035	27
736	4	1095	27
737	4	626	27
737	4	2139	28
738	4	521	29
739	4	1095	27
741	4	730	27
742	4	626	27
742	4	2243	28
743	4	574	29
744	4	1095	27
745	4	1878	27
746	4	1252	27
747	4	939	27
748	4	1982	27
749	4	1722	27
750	4	626	27
751	4	2035	27
752	4	1095	27
753	4	678	27
753	4	2243	28
754	4	574	29
755	4	574	29
756	4	574	29
757	4	1669	27
758	4	574	29
759	4	1513	27
760	4	1043	27
761	4	521	29
762	4	626	27
763	4	1095	27
764	4	834	27
765	4	469	29
766	4	782	27
767	4	1095	27
768	4	1513	27
769	4	678	27
770	4	1982	27
771	4	1148	27
772	4	1252	27
773	4	1565	27
774	4	521	29
775	4	1513	27
776	4	521	29
777	4	2139	27
778	4	678	27
779	4	1930	27
780	4	887	27
781	4	574	29
782	4	782	27
783	4	1565	27
784	4	678	27
785	4	730	27
786	4	1356	27
787	4	1356	27
788	4	678	27
789	4	1095	27
790	4	991	27
791	4	1513	27
792	4	730	27
793	4	678	27
794	4	521	29
795	4	1878	27
796	4	1513	27
797	4	730	27
798	4	1200	27
800	4	1356	27
801	4	1356	27
802	4	782	27
803	4	678	27
804	4	730	27
806	4	1408	27
807	4	626	27
808	4	1982	27
809	4	1722	27
810	4	626	27
811	4	626	27
812	4	521	29
813	4	887	27
814	4	2087	27
815	4	521	29
816	4	1148	27
817	4	2191	27
818	4	678	27
819	4	1617	27
820	4	730	27
821	4	1043	27
822	4	521	29
823	4	626	27
823	4	2295	28
824	4	1095	27
825	4	1043	27
826	4	1043	27
827	4	678	27
828	4	1252	27
829	4	1878	27
830	4	1148	27
831	4	469	29
832	4	730	27
832	4	2035	28
833	4	1095	27
834	4	678	27
834	4	2243	28
835	4	887	27
836	4	1982	27
837	4	1461	27
838	4	417	29
839	4	1304	27
840	4	417	29
841	4	626	27
842	4	939	27
843	4	626	27
843	4	2035	28
844	4	1252	27
845	4	1252	27
846	4	1408	27
847	4	1200	27
848	4	521	29
849	4	2035	27
850	4	521	29
853	4	1304	27
854	4	1148	27
855	4	574	29
856	4	678	27
857	4	1722	27
858	4	834	27
860	4	1408	27
861	4	626	27
862	4	1461	27
863	4	469	29
864	4	521	29
865	4	574	29
866	4	574	29
867	4	730	27
868	4	626	27
869	4	1043	27
870	4	1095	27
871	4	1095	27
873	4	521	29
875	4	626	27
876	4	574	29
877	4	521	29
878	4	1148	27
879	4	678	27
880	4	626	27
881	4	2243	27
882	4	1200	27
883	4	1826	27
884	4	626	27
885	4	678	27
886	4	1095	27
887	4	521	29
888	4	1826	27
889	4	1408	27
890	4	1200	27
891	4	574	29
892	4	1565	27
893	4	626	27
894	4	834	27
895	4	521	29
896	4	626	27
897	4	626	27
898	4	469	29
899	4	626	27
900	4	1200	27
901	4	574	29
902	4	991	27
903	4	521	29
905	4	1095	27
906	4	521	29
907	4	2191	27
908	4	626	27
909	4	1982	27
910	4	1200	27
911	4	1878	27
912	4	782	27
913	4	1356	27
914	4	991	27
915	4	1148	27
916	4	574	29
917	4	782	27
918	4	1200	27
919	4	1565	27
920	4	939	27
921	4	887	27
922	4	678	27
923	4	1356	27
924	4	834	27
925	4	626	27
926	4	730	27
927	4	887	27
929	4	678	27
931	4	521	29
932	4	1095	27
933	4	1148	27
934	4	991	27
935	4	626	27
936	4	939	27
937	4	1826	27
938	4	1252	27
939	4	1565	27
940	4	730	27
941	4	574	29
942	4	469	29
943	4	2243	27
944	4	834	27
945	4	1565	27
946	4	939	27
947	4	678	27
948	4	626	27
949	4	469	29
950	4	626	27
953	4	626	27
954	4	521	29
956	4	1774	27
957	4	1252	27
958	4	1617	27
960	4	939	27
961	4	834	27
962	4	1982	27
963	4	678	27
964	4	678	27
965	4	991	27
966	4	521	29
968	4	782	27
969	4	730	27
971	4	574	29
972	4	521	29
973	4	834	27
974	4	574	29
975	4	1252	27
976	4	678	27
977	4	1982	27
978	4	574	29
979	4	1200	27
980	4	1878	27
981	4	991	27
982	4	678	27
983	4	521	29
984	4	1148	27
985	4	991	27
986	4	2139	27
987	4	1304	27
988	4	626	27
989	4	574	29
990	4	1774	27
994	4	1982	27
995	4	574	29
996	4	1356	27
997	4	2243	27
998	4	782	27
998	4	2191	28
999	4	1565	27
0	5	626	27
1	5	626	27
2	5	782	27
3	5	1200	27
4	5	782	27
4	5	2243	28
4	5	2295	29
5	5	678	27
6	5	678	27
7	5	1043	27
8	5	782	27
10	5	521	29
12	5	1930	27
13	5	1774	27
14	5	469	29
15	5	521	29
16	5	574	29
17	5	574	29
18	5	626	27
19	5	1878	27
20	5	521	29
21	5	521	29
22	5	1148	27
23	5	521	29
24	5	469	29
25	5	1565	27
26	5	730	27
27	5	574	29
28	5	887	27
29	5	1095	27
30	5	1200	27
31	5	782	27
32	5	1095	27
33	5	730	27
34	5	834	27
35	5	626	27
36	5	678	27
37	5	991	27
38	5	626	27
39	5	834	27
40	5	574	29
41	5	887	27
42	5	991	27
43	5	678	27
44	5	1722	27
45	5	678	27
46	5	730	27
47	5	1252	27
48	5	2243	27
49	5	678	27
50	5	1565	27
51	5	1461	27
52	5	834	27
53	5	626	27
53	5	2087	28
55	5	834	27
56	5	1095	27
57	5	521	29
58	5	626	27
59	5	521	29
60	5	1513	27
61	5	730	27
62	5	678	27
62	5	2295	28
63	5	782	27
64	5	1878	27
65	5	678	27
66	5	1148	27
67	5	887	27
68	5	1513	27
69	5	1095	27
70	5	678	27
71	5	1095	27
73	5	1617	27
74	5	1826	27
75	5	678	27
76	5	1408	27
77	5	1774	27
78	5	1513	27
79	5	1043	27
80	5	626	27
81	5	626	27
82	5	678	27
83	5	1304	27
84	5	782	27
86	5	1461	27
87	5	521	29
88	5	939	27
89	5	991	27
90	5	1252	27
91	5	782	27
92	5	626	27
93	5	1513	27
94	5	1930	27
95	5	1148	27
96	5	939	27
97	5	1461	27
98	5	1774	27
99	5	1200	27
100	5	1722	27
101	5	887	27
102	5	626	27
103	5	1043	27
104	5	626	27
106	5	730	27
106	5	2295	28
107	5	574	29
108	5	574	29
109	5	1408	27
110	5	626	27
111	5	834	27
112	5	834	27
113	5	521	29
114	5	782	27
115	5	1513	27
116	5	1252	27
117	5	1513	27
118	5	1200	27
119	5	1148	27
120	5	1043	27
121	5	1043	27
122	5	626	27
123	5	2087	27
124	5	678	27
125	5	626	27
126	5	574	29
127	5	626	27
128	5	574	29
129	5	1095	27
130	5	469	29
131	5	626	27
131	5	2191	28
132	5	574	29
133	5	730	27
134	5	1043	27
135	5	521	29
136	5	521	29
137	5	887	27
138	5	574	29
139	5	626	27
139	5	1982	28
139	5	2087	29
140	5	1930	27
141	5	521	29
142	5	1148	27
143	5	1252	27
145	5	1095	27
146	5	574	29
147	5	887	27
148	5	1461	27
149	5	626	27
150	5	626	27
151	5	1043	27
152	5	730	27
153	5	1043	27
154	5	574	29
155	5	521	29
156	5	521	29
158	5	626	27
159	5	574	29
160	5	782	27
161	5	1878	27
162	5	1043	27
163	5	1617	27
164	5	469	29
165	5	678	27
166	5	1826	27
167	5	1513	27
169	5	626	27
170	5	574	29
171	5	1356	27
172	5	1043	27
173	5	1304	27
174	5	1043	27
175	5	834	27
176	5	521	29
177	5	1617	27
178	5	1982	27
179	5	574	29
180	5	2191	27
181	5	574	29
182	5	887	27
183	5	574	29
184	5	1617	27
185	5	782	27
186	5	2243	27
187	5	1043	27
188	5	1826	27
189	5	1043	27
189	5	2295	28
190	5	1200	27
191	5	678	27
192	5	678	27
193	5	678	27
194	5	730	27
196	5	521	29
197	5	2295	27
198	5	730	27
199	5	521	29
200	5	1148	27
201	5	1826	27
202	5	834	27
203	5	991	27
204	5	574	29
205	5	1252	27
206	5	521	29
206	5	1982	30
207	5	626	27
208	5	521	29
210	5	521	29
211	5	1669	27
212	5	1095	27
213	5	1617	27
215	5	1200	27
216	5	2087	27
217	5	1043	27
218	5	834	27
219	5	2295	27
220	5	1826	27
221	5	678	27
222	5	1826	27
223	5	678	27
224	5	1095	27
225	5	574	29
226	5	469	29
227	5	887	27
228	5	574	29
229	5	626	27
230	5	574	29
231	5	469	29
232	5	574	29
233	5	1252	27
235	5	1252	27
236	5	1826	27
237	5	1774	27
239	5	1200	27
240	5	574	29
241	5	887	27
242	5	626	27
243	5	574	29
244	5	574	29
245	5	1304	27
248	5	521	29
249	5	574	29
250	5	574	29
251	5	782	27
252	5	1878	27
253	5	1356	27
255	5	1095	27
256	5	1095	27
257	5	1252	27
258	5	626	27
259	5	521	29
260	5	626	27
262	5	991	27
263	5	2139	27
264	5	678	27
265	5	626	27
266	5	574	29
267	5	626	27
268	5	1043	27
269	5	678	27
270	5	991	27
271	5	782	27
272	5	521	29
272	5	2191	30
274	5	1252	27
275	5	1982	27
277	5	1826	27
278	5	1200	27
279	5	1252	27
280	5	887	27
282	5	1774	27
283	5	1095	27
284	5	574	29
285	5	1095	27
286	5	521	29
287	5	1304	27
288	5	678	27
289	5	2243	27
291	5	782	27
292	5	1774	27
293	5	521	29
294	5	574	29
295	5	1148	27
296	5	521	29
297	5	2139	27
298	5	1148	27
299	5	574	29
300	5	1774	27
301	5	521	29
302	5	626	27
303	5	469	29
304	5	521	29
306	5	574	29
307	5	834	27
308	5	887	27
309	5	521	29
310	5	782	27
310	5	2139	28
311	5	1669	27
312	5	1461	27
313	5	730	27
314	5	1408	27
315	5	521	29
316	5	1982	27
317	5	1252	27
318	5	1617	27
319	5	1826	27
320	5	1095	27
321	5	626	27
322	5	521	29
323	5	1878	27
324	5	1304	27
325	5	1304	27
326	5	574	29
327	5	1095	27
328	5	730	27
329	5	1565	27
330	5	1043	27
331	5	626	27
332	5	626	27
333	5	574	29
334	5	1252	27
335	5	574	29
336	5	626	27
337	5	1565	27
338	5	1930	27
339	5	626	27
340	5	1095	27
341	5	1095	27
342	5	521	29
343	5	574	29
344	5	2191	27
345	5	574	29
346	5	730	27
346	5	2191	28
347	5	678	27
348	5	626	27
349	5	626	27
350	5	2139	27
351	5	626	27
352	5	782	27
353	5	574	29
354	5	469	29
355	5	626	27
356	5	991	27
357	5	678	27
358	5	1148	27
360	5	887	27
361	5	730	27
362	5	2087	27
364	5	574	29
365	5	1930	27
366	5	991	27
367	5	521	29
368	5	574	29
369	5	574	29
370	5	1513	27
371	5	626	27
372	5	678	27
374	5	1669	27
375	5	1304	27
376	5	782	27
377	5	1148	27
378	5	1095	27
379	5	730	27
380	5	939	27
381	5	678	27
382	5	626	27
383	5	1408	27
384	5	834	27
385	5	991	27
386	5	678	27
387	5	730	27
388	5	2035	27
389	5	574	29
390	5	574	29
391	5	626	27
392	5	1826	27
393	5	521	29
394	5	782	27
395	5	887	27
396	5	574	29
397	5	1148	27
398	5	939	27
399	5	521	29
400	5	678	27
401	5	1982	27
402	5	782	27
403	5	1982	27
404	5	1095	27
405	5	1095	27
406	5	574	29
407	5	1200	27
409	5	1617	27
410	5	1304	27
411	5	469	29
412	5	626	27
412	5	2035	29
412	5	2295	30
413	5	574	29
414	5	730	27
415	5	678	27
416	5	1826	27
417	5	678	27
418	5	678	27
419	5	469	29
420	5	991	27
421	5	2035	27
422	5	1461	27
423	5	1095	27
424	5	574	29
425	5	730	27
426	5	939	27
427	5	2035	27
428	5	574	29
429	5	782	27
430	5	574	29
431	5	574	29
432	5	730	27
433	5	730	27
434	5	782	27
434	5	2139	28
435	5	469	29
436	5	626	27
437	5	521	29
438	5	939	27
439	5	887	27
440	5	730	27
442	5	782	27
443	5	939	27
444	5	1774	27
445	5	574	29
446	5	1304	27
447	5	1774	27
448	5	1461	27
449	5	1982	27
450	5	2139	27
451	5	678	27
451	5	2243	28
452	5	782	27
453	5	574	29
454	5	1408	27
455	5	1043	27
456	5	1252	27
457	5	678	27
459	5	1930	27
460	5	626	27
461	5	521	29
462	5	782	27
463	5	626	27
464	5	1095	27
465	5	574	29
466	5	678	27
467	5	574	29
468	5	574	29
469	5	521	29
470	5	1982	27
471	5	1252	27
472	5	521	29
473	5	834	27
474	5	574	29
475	5	1252	27
476	5	1513	27
478	5	939	27
480	5	939	27
481	5	626	27
482	5	782	27
483	5	2087	27
484	5	1930	27
485	5	1148	27
486	5	1148	27
487	5	574	29
488	5	1304	27
489	5	574	29
490	5	1043	27
491	5	730	27
492	5	1148	27
493	5	939	27
494	5	626	27
495	5	991	27
496	5	939	27
497	5	521	29
498	5	730	27
499	5	730	27
500	5	574	29
501	5	1408	27
502	5	1043	27
503	5	574	29
505	5	1513	27
506	5	1148	27
507	5	1669	27
508	5	626	27
508	5	2087	28
510	5	1878	27
512	5	1095	27
513	5	1095	27
514	5	678	27
515	5	574	29
516	5	1461	27
517	5	1252	27
518	5	887	27
519	5	626	27
520	5	574	29
521	5	574	29
522	5	991	27
523	5	678	27
524	5	2295	27
525	5	678	27
526	5	1826	27
527	5	626	27
528	5	574	29
529	5	626	27
530	5	1200	27
531	5	1095	27
532	5	1095	27
533	5	1826	27
534	5	626	27
535	5	2243	27
536	5	1252	27
537	5	887	27
538	5	626	27
539	5	626	27
540	5	678	27
541	5	678	27
542	5	887	27
543	5	1148	27
544	5	521	29
545	5	1669	27
546	5	1095	27
547	5	678	27
548	5	1304	27
549	5	1304	27
550	5	469	29
551	5	574	29
552	5	1356	27
553	5	730	27
554	5	574	29
555	5	521	29
556	5	991	27
557	5	1878	27
558	5	626	27
559	5	1043	27
560	5	1513	27
561	5	1043	27
562	5	1148	27
563	5	939	27
564	5	1356	27
565	5	574	29
566	5	626	27
567	5	782	27
568	5	521	29
569	5	1043	27
570	5	1200	27
571	5	521	29
572	5	1408	27
574	5	782	27
575	5	521	29
576	5	1148	27
577	5	626	27
578	5	1200	27
579	5	939	27
581	5	1095	27
582	5	730	27
583	5	626	27
584	5	521	29
585	5	574	29
586	5	521	29
587	5	469	29
588	5	678	27
589	5	782	27
590	5	678	27
591	5	1774	27
593	5	834	27
594	5	887	27
595	5	574	29
596	5	991	27
597	5	887	27
598	5	521	29
599	5	574	29
600	5	1774	27
601	5	730	27
602	5	1513	27
603	5	887	27
604	5	991	27
605	5	1252	27
606	5	626	27
607	5	521	29
608	5	678	27
610	5	2139	27
611	5	991	27
612	5	1095	27
613	5	1461	27
614	5	1148	27
615	5	991	27
616	5	1148	27
617	5	1982	27
619	5	1148	27
620	5	574	29
621	5	991	27
622	5	574	29
623	5	1200	27
624	5	678	27
625	5	1095	27
626	5	730	27
627	5	678	27
628	5	939	27
629	5	1461	27
630	5	1148	27
631	5	887	27
632	5	574	29
633	5	1200	27
634	5	1148	27
635	5	1461	27
636	5	2139	27
637	5	1408	27
638	5	1930	27
639	5	626	27
640	5	1930	27
641	5	939	27
642	5	1148	27
644	5	678	27
645	5	887	27
646	5	574	29
647	5	2243	27
648	5	1095	27
649	5	574	29
650	5	1617	27
651	5	626	27
652	5	574	29
653	5	730	27
654	5	782	27
655	5	991	27
656	5	939	27
657	5	782	27
658	5	730	27
659	5	1095	27
660	5	1878	27
661	5	626	27
662	5	834	27
663	5	1148	27
664	5	626	27
665	5	678	27
666	5	626	27
667	5	626	27
668	5	1252	27
669	5	1043	27
670	5	1200	27
671	5	1669	27
672	5	939	27
673	5	1200	27
674	5	782	27
675	5	1148	27
676	5	574	29
677	5	991	27
678	5	574	29
679	5	1200	27
680	5	1095	27
681	5	939	27
682	5	521	29
683	5	1356	27
684	5	1043	27
685	5	678	27
686	5	730	27
687	5	1356	27
688	5	1408	27
689	5	1200	27
690	5	939	27
691	5	626	27
691	5	2295	28
692	5	469	29
693	5	834	27
694	5	834	27
695	5	574	29
696	5	1252	27
697	5	521	29
698	5	1722	27
699	5	834	27
700	5	574	29
701	5	1043	27
702	5	834	27
703	5	469	29
704	5	2035	27
705	5	1148	27
706	5	574	29
707	5	574	29
708	5	1148	27
709	5	678	27
710	5	730	27
711	5	1095	27
712	5	1095	27
714	5	626	27
715	5	887	27
716	5	574	29
717	5	1043	27
718	5	678	27
719	5	1408	27
720	5	1878	27
721	5	991	27
722	5	469	29
723	5	782	27
724	5	1878	27
725	5	782	27
726	5	991	27
727	5	1304	27
728	5	1878	27
729	5	678	27
730	5	1095	27
731	5	574	29
732	5	730	27
733	5	574	29
734	5	469	29
735	5	2035	27
736	5	1095	27
737	5	626	27
737	5	2139	28
738	5	521	29
739	5	1095	27
741	5	730	27
742	5	626	27
742	5	2243	28
743	5	574	29
744	5	1095	27
745	5	1878	27
746	5	1252	27
747	5	939	27
748	5	1982	27
749	5	1722	27
750	5	626	27
751	5	2035	27
752	5	1095	27
753	5	678	27
753	5	2243	28
754	5	574	29
755	5	574	29
756	5	574	29
757	5	1669	27
758	5	574	29
759	5	1513	27
760	5	1043	27
761	5	521	29
762	5	626	27
763	5	1095	27
764	5	834	27
765	5	469	29
766	5	782	27
767	5	1095	27
768	5	1513	27
769	5	678	27
770	5	1982	27
771	5	1148	27
772	5	1252	27
773	5	1565	27
774	5	521	29
775	5	1513	27
776	5	521	29
777	5	2139	27
778	5	678	27
779	5	1930	27
780	5	887	27
781	5	574	29
782	5	782	27
783	5	1565	27
784	5	678	27
785	5	730	27
786	5	1356	27
787	5	1356	27
788	5	678	27
789	5	1095	27
790	5	991	27
791	5	1513	27
792	5	730	27
793	5	678	27
794	5	521	29
795	5	1878	27
796	5	1513	27
797	5	730	27
798	5	1200	27
800	5	1356	27
801	5	1356	27
802	5	782	27
803	5	678	27
804	5	730	27
806	5	1408	27
807	5	626	27
808	5	1982	27
809	5	1722	27
810	5	626	27
811	5	626	27
812	5	521	29
813	5	887	27
814	5	2087	27
815	5	521	29
816	5	1148	27
817	5	2191	27
818	5	678	27
819	5	1617	27
820	5	730	27
821	5	1043	27
822	5	521	29
823	5	626	27
823	5	2295	28
824	5	1095	27
825	5	1043	27
826	5	1043	27
827	5	678	27
828	5	1252	27
829	5	1878	27
830	5	1148	27
831	5	469	29
832	5	730	27
832	5	2035	28
833	5	1095	27
834	5	678	27
834	5	2243	28
835	5	887	27
836	5	1982	27
837	5	1461	27
838	5	417	29
839	5	1304	27
840	5	417	29
841	5	626	27
842	5	939	27
843	5	626	27
843	5	2035	28
844	5	1252	27
845	5	1252	27
846	5	1408	27
847	5	1200	27
848	5	521	29
849	5	2035	27
850	5	521	29
853	5	1304	27
854	5	1148	27
855	5	574	29
856	5	678	27
857	5	1722	27
858	5	834	27
860	5	1408	27
861	5	626	27
862	5	1461	27
863	5	469	29
864	5	521	29
865	5	574	29
866	5	574	29
867	5	730	27
868	5	626	27
869	5	1043	27
870	5	1095	27
871	5	1095	27
873	5	521	29
875	5	626	27
876	5	574	29
877	5	521	29
878	5	1148	27
879	5	678	27
880	5	626	27
881	5	2243	27
882	5	1200	27
883	5	1826	27
884	5	626	27
885	5	678	27
886	5	1095	27
887	5	521	29
888	5	1826	27
889	5	1408	27
890	5	1200	27
891	5	574	29
892	5	1565	27
893	5	626	27
894	5	834	27
895	5	521	29
896	5	626	27
897	5	626	27
898	5	469	29
899	5	626	27
900	5	1200	27
901	5	574	29
902	5	991	27
903	5	521	29
905	5	1095	27
906	5	521	29
907	5	2191	27
908	5	626	27
909	5	1982	27
910	5	1200	27
911	5	1878	27
912	5	782	27
913	5	1356	27
914	5	991	27
915	5	1148	27
916	5	574	29
917	5	782	27
918	5	1200	27
919	5	1565	27
920	5	939	27
921	5	887	27
922	5	678	27
923	5	1356	27
924	5	834	27
925	5	626	27
926	5	730	27
927	5	887	27
929	5	678	27
931	5	521	29
932	5	1095	27
933	5	1148	27
934	5	991	27
935	5	626	27
936	5	939	27
937	5	1826	27
938	5	1252	27
939	5	1565	27
940	5	730	27
941	5	574	29
942	5	469	29
943	5	2243	27
944	5	834	27
945	5	1565	27
946	5	939	27
947	5	678	27
948	5	626	27
949	5	469	29
950	5	626	27
953	5	626	27
954	5	521	29
956	5	1774	27
957	5	1252	27
958	5	1617	27
960	5	939	27
961	5	834	27
962	5	1982	27
963	5	678	27
964	5	678	27
965	5	991	27
966	5	521	29
968	5	782	27
969	5	730	27
971	5	574	29
972	5	521	29
973	5	834	27
974	5	574	29
975	5	1252	27
976	5	678	27
977	5	1982	27
978	5	574	29
979	5	1200	27
980	5	1878	27
981	5	991	27
982	5	678	27
983	5	521	29
984	5	1148	27
985	5	991	27
986	5	2139	27
987	5	1304	27
988	5	626	27
989	5	574	29
990	5	1774	27
994	5	1982	27
995	5	574	29
996	5	1356	27
997	5	2243	27
998	5	782	27
998	5	2191	28
999	5	1565	27
