Realization	utility	week	infra.
0	0	1252	29
1	0	2087	29
3	0	1826	29
4	0	1356	29
4	0	2295	30
5	0	2295	29
6	0	1878	29
7	0	1722	29
8	0	1461	29
10	0	1774	29
14	0	1252	29
15	0	1774	29
16	0	1461	29
17	0	1774	29
18	0	1878	29
20	0	1565	29
21	0	1878	29
22	0	2295	29
23	0	1513	29
24	0	1513	29
26	0	1774	29
27	0	1513	29
28	0	1513	29
29	0	2295	29
30	0	2139	29
31	0	2191	29
32	0	1774	29
33	0	2139	29
34	0	1669	29
35	0	1513	29
36	0	1565	29
39	0	1722	29
40	0	1148	29
41	0	1617	29
42	0	1565	29
43	0	1513	29
45	0	1565	29
46	0	1982	29
49	0	1461	29
53	0	1304	29
57	0	1148	29
58	0	1408	29
59	0	1356	29
62	0	1461	29
63	0	1617	29
65	0	1930	29
66	0	2087	29
67	0	1565	29
69	0	1669	29
71	0	1930	29
75	0	1722	29
79	0	1930	29
80	0	1878	29
81	0	2243	29
82	0	2191	29
84	0	2139	29
87	0	1200	29
88	0	1565	29
89	0	1774	29
92	0	1722	29
95	0	2295	29
96	0	1878	29
99	0	2139	29
102	0	1878	29
104	0	1461	29
106	0	1513	29
107	0	1356	29
110	0	1356	29
111	0	2243	29
113	0	1356	29
116	0	2243	29
117	0	2295	29
119	0	2035	29
122	0	1252	29
124	0	1565	29
125	0	1356	29
126	0	1252	29
127	0	1356	29
128	0	1200	29
131	0	1461	29
132	0	2139	29
133	0	2035	29
134	0	2035	29
135	0	1565	29
136	0	1095	29
137	0	1669	29
138	0	1148	29
139	0	1252	29
139	0	2139	30
141	0	1200	29
143	0	2087	29
145	0	1930	29
146	0	1617	29
147	0	1617	29
149	0	1200	29
150	0	1617	29
151	0	2139	29
152	0	1461	29
154	0	1304	29
155	0	1356	29
156	0	1304	29
158	0	1461	29
159	0	1148	29
160	0	1669	29
162	0	1669	29
164	0	2087	29
165	0	1356	29
170	0	1200	29
172	0	1722	29
174	0	1774	29
175	0	1565	29
176	0	2139	29
179	0	1513	29
181	0	2191	29
183	0	1513	29
185	0	1408	29
187	0	1669	29
189	0	1565	29
192	0	1513	29
193	0	1774	29
196	0	1095	29
196	0	2087	30
198	0	1513	29
199	0	1356	29
200	0	1878	29
202	0	1774	29
203	0	1722	29
204	0	1565	29
205	0	2087	29
206	0	1095	29
206	0	1982	30
207	0	1461	29
208	0	1565	29
217	0	2243	29
218	0	1617	29
221	0	1722	29
224	0	1930	29
225	0	1200	29
226	0	1356	29
227	0	2295	29
228	0	1304	29
229	0	1617	29
230	0	2087	29
231	0	1982	29
232	0	1304	29
233	0	1982	29
240	0	1304	29
241	0	1513	29
242	0	1513	29
243	0	1148	29
244	0	1513	29
245	0	2087	29
248	0	1722	29
249	0	2035	29
250	0	1200	29
251	0	1774	29
253	0	2191	29
256	0	1774	29
257	0	1982	29
258	0	1722	29
259	0	1878	29
260	0	1878	29
262	0	1617	29
264	0	1930	29
266	0	1774	29
267	0	2087	29
268	0	1669	29
269	0	1356	29
271	0	1513	29
272	0	1200	29
272	0	2191	30
280	0	2139	29
283	0	1930	29
284	0	1095	29
285	0	1774	29
286	0	1304	29
293	0	1095	29
295	0	2139	29
296	0	1565	29
301	0	1461	29
302	0	1617	29
303	0	1095	29
304	0	1826	29
306	0	1252	29
309	0	1148	29
310	0	1356	29
312	0	2139	29
315	0	1565	29
322	0	1982	29
326	0	1826	29
327	0	1774	29
330	0	1565	29
331	0	1982	29
332	0	1461	29
333	0	1565	29
335	0	1461	29
336	0	1722	29
339	0	1982	29
341	0	1826	29
342	0	1200	29
343	0	1252	29
345	0	1461	29
346	0	1356	29
348	0	1513	29
349	0	1252	29
352	0	1565	29
354	0	1095	29
356	0	1930	29
358	0	1826	29
361	0	1774	29
364	0	2295	29
366	0	1722	29
367	0	2087	29
368	0	1095	29
369	0	1356	29
371	0	1930	29
372	0	2295	29
374	0	2295	29
376	0	2295	29
377	0	2191	29
379	0	1617	29
381	0	2191	29
382	0	2035	29
384	0	2087	29
387	0	1356	29
390	0	1408	29
391	0	1513	29
392	0	2243	29
393	0	1356	29
396	0	1148	29
397	0	1878	29
399	0	1513	29
400	0	2139	29
402	0	1565	29
404	0	2139	29
405	0	2295	29
406	0	1461	29
410	0	2191	29
411	0	1200	29
412	0	1148	29
412	0	2139	30
413	0	1095	29
414	0	1513	29
415	0	1565	29
417	0	1826	29
418	0	1356	29
419	0	1356	29
420	0	1930	29
423	0	1669	29
424	0	1252	29
424	0	2243	30
425	0	2087	29
426	0	1722	29
429	0	1565	29
430	0	1774	29
431	0	1252	29
432	0	1356	29
433	0	1722	29
434	0	1304	29
435	0	1304	29
436	0	1200	29
437	0	1930	29
438	0	1513	29
440	0	2243	29
442	0	1878	29
445	0	1774	29
446	0	2295	29
451	0	1513	29
452	0	2243	29
453	0	1148	29
455	0	1826	29
456	0	2295	29
460	0	2035	29
461	0	1408	29
462	0	1930	29
463	0	1356	29
464	0	1826	29
465	0	1930	29
466	0	1408	29
467	0	1878	29
468	0	1982	29
469	0	1148	29
471	0	2243	29
472	0	1826	29
473	0	1826	29
474	0	1304	29
475	0	2295	29
481	0	1356	29
486	0	2087	29
487	0	1930	29
489	0	1148	29
490	0	1565	29
491	0	1930	29
492	0	1722	29
495	0	1565	29
496	0	1565	29
500	0	1148	29
501	0	2243	29
502	0	2035	29
503	0	1095	29
503	0	2191	30
508	0	1252	29
512	0	1617	29
514	0	1774	29
515	0	1304	29
516	0	2191	29
517	0	2139	29
519	0	1461	29
520	0	2191	29
521	0	1252	29
522	0	1513	29
523	0	1617	29
525	0	1356	29
527	0	2139	29
528	0	1408	29
529	0	1148	29
530	0	1930	29
531	0	1722	29
534	0	1200	29
536	0	2295	29
537	0	1617	29
538	0	1408	29
539	0	2295	29
541	0	1930	29
543	0	1774	29
544	0	1408	29
547	0	1408	29
550	0	1148	29
551	0	1200	29
553	0	1982	29
554	0	1252	29
555	0	1148	29
555	0	2243	30
556	0	1565	29
558	0	2139	29
559	0	1774	29
562	0	1722	29
563	0	1513	29
564	0	2295	29
565	0	1252	29
565	0	2295	30
568	0	1252	29
571	0	1669	29
575	0	1095	29
576	0	2295	29
577	0	1356	29
578	0	2295	29
581	0	1774	29
582	0	2035	29
583	0	1148	29
584	0	2035	29
585	0	1095	29
586	0	1513	29
587	0	1095	29
588	0	1669	29
589	0	1513	29
590	0	1513	29
594	0	2087	29
595	0	1200	29
596	0	1617	29
598	0	1722	29
599	0	1774	29
604	0	1774	29
606	0	1565	29
607	0	1408	29
608	0	1513	29
611	0	2035	29
612	0	1878	29
621	0	1669	29
626	0	1461	29
627	0	1617	29
628	0	1722	29
630	0	2035	29
631	0	1513	29
632	0	1304	29
639	0	1304	29
645	0	1617	29
646	0	1304	29
648	0	2035	29
649	0	1565	29
650	0	2295	29
652	0	1669	29
653	0	1669	29
655	0	1826	29
656	0	1722	29
658	0	1356	29
659	0	2139	29
661	0	1513	29
662	0	1617	29
664	0	1408	29
665	0	1565	29
666	0	1826	29
668	0	1982	29
669	0	1878	29
670	0	1930	29
672	0	2295	29
674	0	1617	29
675	0	1722	29
676	0	1252	29
677	0	1565	29
678	0	1826	29
680	0	1669	29
682	0	1982	29
684	0	1669	29
688	0	2243	29
691	0	1356	29
692	0	1408	29
693	0	1513	29
694	0	1669	29
695	0	1826	29
697	0	1513	29
698	0	2295	29
701	0	1617	29
703	0	1408	29
705	0	1982	29
706	0	1878	29
707	0	2191	29
708	0	1930	29
709	0	1461	29
710	0	1356	29
711	0	1826	29
714	0	1669	29
715	0	2191	29
716	0	1148	29
717	0	1669	29
718	0	1356	29
721	0	1669	29
722	0	1095	29
725	0	1513	29
726	0	1513	29
729	0	2295	29
731	0	1930	29
733	0	1408	29
734	0	1565	29
737	0	1461	29
738	0	1356	29
742	0	1200	29
743	0	1774	29
744	0	1826	29
750	0	2295	29
752	0	1669	29
753	0	1304	29
754	0	1408	29
755	0	1826	29
756	0	1252	29
758	0	1304	29
761	0	2035	29
762	0	1722	29
763	0	1930	29
765	0	1878	29
767	0	2035	29
774	0	1252	29
776	0	1200	29
778	0	2087	29
781	0	1513	29
782	0	2243	29
784	0	1878	29
787	0	2243	29
788	0	1826	29
789	0	1774	29
790	0	2087	29
793	0	1565	29
794	0	2035	29
797	0	2243	29
798	0	2087	29
801	0	2139	29
802	0	1722	29
803	0	1513	29
804	0	1930	29
807	0	1095	29
810	0	1408	29
811	0	1930	29
812	0	1356	29
816	0	2191	29
818	0	1774	29
821	0	2191	29
822	0	1669	29
823	0	1148	29
824	0	1722	29
825	0	1722	29
826	0	2087	29
828	0	2139	29
831	0	1356	29
832	0	1252	29
834	0	1356	29
835	0	2295	29
837	0	2191	29
838	0	1408	29
839	0	2191	29
840	0	1095	29
842	0	1774	29
843	0	1148	29
843	0	2243	30
847	0	1930	29
848	0	1148	29
850	0	1252	29
854	0	1722	29
858	0	1617	29
863	0	1356	29
864	0	1200	29
865	0	1826	29
866	0	1617	29
868	0	1826	29
869	0	1617	29
871	0	1982	29
873	0	1200	29
875	0	1669	29
877	0	1095	29
878	0	2139	29
879	0	2295	29
880	0	1356	29
884	0	2087	29
885	0	1200	29
886	0	2295	29
890	0	1982	29
891	0	2243	29
895	0	2035	29
897	0	1461	29
898	0	1304	29
899	0	1304	29
900	0	2139	29
901	0	2139	29
902	0	1565	29
903	0	1408	29
908	0	1565	29
910	0	2139	29
913	0	2087	29
914	0	1617	29
916	0	1356	29
917	0	2191	29
922	0	2087	29
924	0	1304	29
926	0	1513	29
927	0	1722	29
929	0	1565	29
931	0	1200	29
932	0	1930	29
933	0	1982	29
935	0	1930	29
936	0	2295	29
938	0	1982	29
940	0	1461	29
941	0	1252	29
942	0	1200	29
944	0	1982	29
946	0	1930	29
947	0	1252	29
948	0	1565	29
949	0	1095	29
950	0	1356	29
953	0	1356	29
954	0	1304	29
960	0	1722	29
961	0	1722	29
963	0	2139	29
964	0	1304	29
965	0	2295	29
966	0	1774	29
968	0	2035	29
969	0	1669	29
971	0	1565	29
972	0	1095	29
976	0	1513	29
978	0	1461	29
979	0	1982	29
981	0	1617	29
984	0	1878	29
985	0	1774	29
988	0	2087	29
989	0	2139	29
995	0	1513	29
998	0	1356	29
0	1	1252	29
1	1	2087	29
3	1	1826	29
4	1	1356	29
4	1	2295	30
5	1	2295	29
6	1	1878	29
7	1	1722	29
8	1	1461	29
10	1	1774	29
14	1	1252	29
15	1	1774	29
16	1	1461	29
17	1	1774	29
18	1	1878	29
20	1	1565	29
21	1	1878	29
22	1	2295	29
23	1	1513	29
24	1	1513	29
26	1	1774	29
27	1	1513	29
28	1	1513	29
29	1	2295	29
30	1	2139	29
31	1	2191	29
32	1	1774	29
33	1	2139	29
34	1	1669	29
35	1	1513	29
36	1	1565	29
39	1	1722	29
40	1	1148	29
41	1	1617	29
42	1	1565	29
43	1	1513	29
45	1	1565	29
46	1	1982	29
49	1	1461	29
53	1	1304	29
57	1	1148	29
58	1	1408	29
59	1	1356	29
62	1	1461	29
63	1	1617	29
65	1	1930	29
66	1	2087	29
67	1	1565	29
69	1	1669	29
71	1	1930	29
75	1	1722	29
79	1	1930	29
80	1	1878	29
81	1	2243	29
82	1	2191	29
84	1	2139	29
87	1	1200	29
88	1	1565	29
89	1	1774	29
92	1	1722	29
95	1	2295	29
96	1	1878	29
99	1	2139	29
102	1	1878	29
104	1	1461	29
106	1	1513	29
107	1	1356	29
110	1	1356	29
111	1	2243	29
113	1	1356	29
116	1	2243	29
117	1	2295	29
119	1	2035	29
122	1	1252	29
124	1	1565	29
125	1	1356	29
126	1	1252	29
127	1	1356	29
128	1	1200	29
131	1	1461	29
132	1	2139	29
133	1	2035	29
134	1	2035	29
135	1	1565	29
136	1	1095	29
137	1	1669	29
138	1	1148	29
139	1	1252	29
139	1	2139	30
141	1	1200	29
143	1	2087	29
145	1	1930	29
146	1	1617	29
147	1	1617	29
149	1	1200	29
150	1	1617	29
151	1	2139	29
152	1	1461	29
154	1	1304	29
155	1	1356	29
156	1	1304	29
158	1	1461	29
159	1	1148	29
160	1	1669	29
162	1	1669	29
164	1	2087	29
165	1	1356	29
170	1	1200	29
172	1	1722	29
174	1	1774	29
175	1	1565	29
176	1	2139	29
179	1	1513	29
181	1	2191	29
183	1	1513	29
185	1	1408	29
187	1	1669	29
189	1	1565	29
192	1	1513	29
193	1	1774	29
196	1	1095	29
196	1	2087	30
198	1	1513	29
199	1	1356	29
200	1	1878	29
202	1	1774	29
203	1	1722	29
204	1	1565	29
205	1	2087	29
206	1	1095	29
206	1	1982	30
207	1	1461	29
208	1	1565	29
217	1	2243	29
218	1	1617	29
221	1	1722	29
224	1	1930	29
225	1	1200	29
226	1	1356	29
227	1	2295	29
228	1	1304	29
229	1	1617	29
230	1	2087	29
231	1	1982	29
232	1	1304	29
233	1	1982	29
240	1	1304	29
241	1	1513	29
242	1	1513	29
243	1	1148	29
244	1	1513	29
245	1	2087	29
248	1	1722	29
249	1	2035	29
250	1	1200	29
251	1	1774	29
253	1	2191	29
256	1	1774	29
257	1	1982	29
258	1	1722	29
259	1	1878	29
260	1	1878	29
262	1	1617	29
264	1	1930	29
266	1	1774	29
267	1	2087	29
268	1	1669	29
269	1	1356	29
271	1	1513	29
272	1	1200	29
272	1	2191	30
280	1	2139	29
283	1	1930	29
284	1	1095	29
285	1	1774	29
286	1	1304	29
293	1	1095	29
295	1	2139	29
296	1	1565	29
301	1	1461	29
302	1	1617	29
303	1	1095	29
304	1	1826	29
306	1	1252	29
309	1	1148	29
310	1	1356	29
312	1	2139	29
315	1	1565	29
322	1	1982	29
326	1	1826	29
327	1	1774	29
330	1	1565	29
331	1	1982	29
332	1	1461	29
333	1	1565	29
335	1	1461	29
336	1	1722	29
339	1	1982	29
341	1	1826	29
342	1	1200	29
343	1	1252	29
345	1	1461	29
346	1	1356	29
348	1	1513	29
349	1	1252	29
352	1	1565	29
354	1	1095	29
356	1	1930	29
358	1	1826	29
361	1	1774	29
364	1	2295	29
366	1	1722	29
367	1	2087	29
368	1	1095	29
369	1	1356	29
371	1	1930	29
372	1	2295	29
374	1	2295	29
376	1	2295	29
377	1	2191	29
379	1	1617	29
381	1	2191	29
382	1	2035	29
384	1	2087	29
387	1	1356	29
390	1	1408	29
391	1	1513	29
392	1	2243	29
393	1	1356	29
396	1	1148	29
397	1	1878	29
399	1	1513	29
400	1	2139	29
402	1	1565	29
404	1	2139	29
405	1	2295	29
406	1	1461	29
410	1	2191	29
411	1	1200	29
412	1	1148	29
412	1	2139	30
413	1	1095	29
414	1	1513	29
415	1	1565	29
417	1	1826	29
418	1	1356	29
419	1	1356	29
420	1	1930	29
423	1	1669	29
424	1	1252	29
424	1	2243	30
425	1	2087	29
426	1	1722	29
429	1	1565	29
430	1	1774	29
431	1	1252	29
432	1	1356	29
433	1	1722	29
434	1	1304	29
435	1	1304	29
436	1	1200	29
437	1	1930	29
438	1	1513	29
440	1	2243	29
442	1	1878	29
445	1	1774	29
446	1	2295	29
451	1	1513	29
452	1	2243	29
453	1	1148	29
455	1	1826	29
456	1	2295	29
460	1	2035	29
461	1	1408	29
462	1	1930	29
463	1	1356	29
464	1	1826	29
465	1	1930	29
466	1	1408	29
467	1	1878	29
468	1	1982	29
469	1	1148	29
471	1	2243	29
472	1	1826	29
473	1	1826	29
474	1	1304	29
475	1	2295	29
481	1	1356	29
486	1	2087	29
487	1	1930	29
489	1	1148	29
490	1	1565	29
491	1	1930	29
492	1	1722	29
495	1	1565	29
496	1	1565	29
500	1	1148	29
501	1	2243	29
502	1	2035	29
503	1	1095	29
503	1	2191	30
508	1	1252	29
512	1	1617	29
514	1	1774	29
515	1	1304	29
516	1	2191	29
517	1	2139	29
519	1	1461	29
520	1	2191	29
521	1	1252	29
522	1	1513	29
523	1	1617	29
525	1	1356	29
527	1	2139	29
528	1	1408	29
529	1	1148	29
530	1	1930	29
531	1	1722	29
534	1	1200	29
536	1	2295	29
537	1	1617	29
538	1	1408	29
539	1	2295	29
541	1	1930	29
543	1	1774	29
544	1	1408	29
547	1	1408	29
550	1	1148	29
551	1	1200	29
553	1	1982	29
554	1	1252	29
555	1	1148	29
555	1	2243	30
556	1	1565	29
558	1	2139	29
559	1	1774	29
562	1	1722	29
563	1	1513	29
564	1	2295	29
565	1	1252	29
565	1	2295	30
568	1	1252	29
571	1	1669	29
575	1	1095	29
576	1	2295	29
577	1	1356	29
578	1	2295	29
581	1	1774	29
582	1	2035	29
583	1	1148	29
584	1	2035	29
585	1	1095	29
586	1	1513	29
587	1	1095	29
588	1	1669	29
589	1	1513	29
590	1	1513	29
594	1	2087	29
595	1	1200	29
596	1	1617	29
598	1	1722	29
599	1	1774	29
604	1	1774	29
606	1	1565	29
607	1	1408	29
608	1	1513	29
611	1	2035	29
612	1	1878	29
621	1	1669	29
626	1	1461	29
627	1	1617	29
628	1	1722	29
630	1	2035	29
631	1	1513	29
632	1	1304	29
639	1	1304	29
645	1	1617	29
646	1	1304	29
648	1	2035	29
649	1	1565	29
650	1	2295	29
652	1	1669	29
653	1	1669	29
655	1	1826	29
656	1	1722	29
658	1	1356	29
659	1	2139	29
661	1	1513	29
662	1	1617	29
664	1	1408	29
665	1	1565	29
666	1	1826	29
668	1	1982	29
669	1	1878	29
670	1	1930	29
672	1	2295	29
674	1	1617	29
675	1	1722	29
676	1	1252	29
677	1	1565	29
678	1	1826	29
680	1	1669	29
682	1	1982	29
684	1	1669	29
688	1	2243	29
691	1	1356	29
692	1	1408	29
693	1	1513	29
694	1	1669	29
695	1	1826	29
697	1	1513	29
698	1	2295	29
701	1	1617	29
703	1	1408	29
705	1	1982	29
706	1	1878	29
707	1	2191	29
708	1	1930	29
709	1	1461	29
710	1	1356	29
711	1	1826	29
714	1	1669	29
715	1	2191	29
716	1	1148	29
717	1	1669	29
718	1	1356	29
721	1	1669	29
722	1	1095	29
725	1	1513	29
726	1	1513	29
729	1	2295	29
731	1	1930	29
733	1	1408	29
734	1	1565	29
737	1	1461	29
738	1	1356	29
742	1	1200	29
743	1	1774	29
744	1	1826	29
750	1	2295	29
752	1	1669	29
753	1	1304	29
754	1	1408	29
755	1	1826	29
756	1	1252	29
758	1	1304	29
761	1	2035	29
762	1	1722	29
763	1	1930	29
765	1	1878	29
767	1	2035	29
774	1	1252	29
776	1	1200	29
778	1	2087	29
781	1	1513	29
782	1	2243	29
784	1	1878	29
787	1	2243	29
788	1	1826	29
789	1	1774	29
790	1	2087	29
793	1	1565	29
794	1	2035	29
797	1	2243	29
798	1	2087	29
801	1	2139	29
802	1	1722	29
803	1	1513	29
804	1	1930	29
807	1	1095	29
810	1	1408	29
811	1	1930	29
812	1	1356	29
816	1	2191	29
818	1	1774	29
821	1	2191	29
822	1	1669	29
823	1	1148	29
824	1	1722	29
825	1	1722	29
826	1	2087	29
828	1	2139	29
831	1	1356	29
832	1	1252	29
834	1	1356	29
835	1	2295	29
837	1	2191	29
838	1	1408	29
839	1	2191	29
840	1	1095	29
842	1	1774	29
843	1	1148	29
843	1	2243	30
847	1	1930	29
848	1	1148	29
850	1	1252	29
854	1	1722	29
858	1	1617	29
863	1	1356	29
864	1	1200	29
865	1	1826	29
866	1	1617	29
868	1	1826	29
869	1	1617	29
871	1	1982	29
873	1	1200	29
875	1	1669	29
877	1	1095	29
878	1	2139	29
879	1	2295	29
880	1	1356	29
884	1	2087	29
885	1	1200	29
886	1	2295	29
890	1	1982	29
891	1	2243	29
895	1	2035	29
897	1	1461	29
898	1	1304	29
899	1	1304	29
900	1	2139	29
901	1	2139	29
902	1	1565	29
903	1	1408	29
908	1	1565	29
910	1	2139	29
913	1	2087	29
914	1	1617	29
916	1	1356	29
917	1	2191	29
922	1	2087	29
924	1	1304	29
926	1	1513	29
927	1	1722	29
929	1	1565	29
931	1	1200	29
932	1	1930	29
933	1	1982	29
935	1	1930	29
936	1	2295	29
938	1	1982	29
940	1	1461	29
941	1	1252	29
942	1	1200	29
944	1	1982	29
946	1	1930	29
947	1	1252	29
948	1	1565	29
949	1	1095	29
950	1	1356	29
953	1	1356	29
954	1	1304	29
960	1	1722	29
961	1	1722	29
963	1	2139	29
964	1	1304	29
965	1	2295	29
966	1	1774	29
968	1	2035	29
969	1	1669	29
971	1	1565	29
972	1	1095	29
976	1	1513	29
978	1	1461	29
979	1	1982	29
981	1	1617	29
984	1	1878	29
985	1	1774	29
988	1	2087	29
989	1	2139	29
995	1	1513	29
998	1	1356	29
0	2	313	26
1	2	313	26
2	2	313	26
3	2	313	26
4	2	313	26
5	2	313	26
6	2	313	26
7	2	313	26
8	2	313	26
9	2	313	26
10	2	313	26
11	2	313	26
12	2	313	26
13	2	313	26
14	2	313	26
15	2	313	26
16	2	313	26
17	2	313	26
18	2	313	26
19	2	313	26
20	2	313	26
21	2	313	26
22	2	313	26
23	2	313	26
24	2	313	26
25	2	313	26
26	2	313	26
27	2	313	26
28	2	313	26
29	2	313	26
30	2	313	26
31	2	313	26
32	2	313	26
33	2	313	26
34	2	313	26
35	2	313	26
36	2	313	26
37	2	313	26
38	2	313	26
39	2	313	26
40	2	313	26
41	2	313	26
42	2	313	26
43	2	313	26
44	2	313	26
45	2	313	26
46	2	313	26
47	2	313	26
48	2	313	26
49	2	313	26
50	2	313	26
51	2	313	26
52	2	313	26
53	2	313	26
54	2	313	26
55	2	313	26
56	2	313	26
57	2	313	26
58	2	313	26
59	2	313	26
60	2	313	26
61	2	313	26
62	2	313	26
63	2	313	26
64	2	313	26
65	2	313	26
66	2	313	26
67	2	313	26
68	2	313	26
69	2	313	26
70	2	313	26
71	2	313	26
72	2	313	26
73	2	313	26
74	2	313	26
75	2	313	26
76	2	313	26
77	2	313	26
78	2	313	26
79	2	313	26
80	2	313	26
81	2	313	26
82	2	313	26
83	2	313	26
84	2	313	26
85	2	313	26
86	2	313	26
87	2	313	26
88	2	313	26
89	2	313	26
90	2	313	26
91	2	313	26
92	2	313	26
93	2	313	26
94	2	313	26
95	2	313	26
96	2	313	26
97	2	313	26
98	2	313	26
99	2	313	26
100	2	313	26
101	2	313	26
102	2	313	26
103	2	313	26
104	2	313	26
105	2	313	26
106	2	313	26
107	2	313	26
108	2	313	26
109	2	313	26
110	2	313	26
111	2	313	26
112	2	313	26
113	2	313	26
114	2	313	26
115	2	313	26
116	2	313	26
117	2	313	26
118	2	313	26
119	2	313	26
120	2	313	26
121	2	313	26
122	2	313	26
123	2	313	26
124	2	313	26
125	2	313	26
126	2	313	26
127	2	313	26
128	2	313	26
129	2	313	26
130	2	313	26
131	2	313	26
132	2	313	26
133	2	313	26
134	2	313	26
135	2	313	26
136	2	313	26
137	2	313	26
138	2	313	26
139	2	313	26
140	2	313	26
141	2	313	26
142	2	313	26
143	2	313	26
144	2	313	26
145	2	313	26
146	2	313	26
147	2	313	26
148	2	313	26
149	2	313	26
150	2	313	26
151	2	313	26
152	2	313	26
153	2	313	26
154	2	313	26
155	2	313	26
156	2	313	26
157	2	313	26
158	2	313	26
159	2	313	26
160	2	313	26
161	2	313	26
162	2	313	26
163	2	313	26
164	2	313	26
165	2	313	26
166	2	313	26
167	2	313	26
168	2	313	26
169	2	313	26
170	2	313	26
171	2	313	26
172	2	313	26
173	2	313	26
174	2	313	26
175	2	313	26
176	2	313	26
177	2	313	26
178	2	313	26
179	2	313	26
180	2	313	26
181	2	313	26
182	2	313	26
183	2	313	26
184	2	313	26
185	2	313	26
186	2	313	26
187	2	313	26
188	2	313	26
189	2	313	26
190	2	313	26
191	2	313	26
192	2	313	26
193	2	313	26
194	2	313	26
195	2	313	26
196	2	313	26
197	2	313	26
198	2	313	26
199	2	313	26
200	2	313	26
201	2	313	26
202	2	313	26
203	2	313	26
204	2	313	26
205	2	313	26
206	2	313	26
207	2	313	26
208	2	313	26
209	2	313	26
210	2	313	26
211	2	313	26
212	2	313	26
213	2	313	26
214	2	313	26
215	2	313	26
216	2	313	26
217	2	313	26
218	2	313	26
219	2	313	26
220	2	313	26
221	2	313	26
222	2	313	26
223	2	313	26
224	2	313	26
225	2	313	26
226	2	313	26
227	2	313	26
228	2	313	26
229	2	313	26
230	2	313	26
231	2	313	26
232	2	313	26
233	2	313	26
234	2	313	26
235	2	313	26
236	2	313	26
237	2	313	26
238	2	313	26
239	2	313	26
240	2	313	26
241	2	313	26
242	2	313	26
243	2	313	26
244	2	313	26
245	2	313	26
246	2	313	26
247	2	313	26
248	2	313	26
249	2	313	26
250	2	313	26
251	2	313	26
252	2	313	26
253	2	313	26
254	2	313	26
255	2	313	26
256	2	313	26
257	2	313	26
258	2	313	26
259	2	313	26
260	2	313	26
261	2	313	26
262	2	313	26
263	2	313	26
264	2	313	26
265	2	313	26
266	2	313	26
267	2	313	26
268	2	313	26
269	2	313	26
270	2	313	26
271	2	313	26
272	2	313	26
273	2	313	26
274	2	313	26
275	2	313	26
276	2	313	26
277	2	313	26
278	2	313	26
279	2	313	26
280	2	313	26
281	2	313	26
282	2	313	26
283	2	313	26
284	2	313	26
285	2	313	26
286	2	313	26
287	2	313	26
288	2	313	26
289	2	313	26
290	2	313	26
291	2	313	26
292	2	313	26
293	2	313	26
294	2	313	26
295	2	313	26
296	2	313	26
297	2	313	26
298	2	313	26
299	2	313	26
300	2	313	26
301	2	313	26
302	2	313	26
303	2	313	26
304	2	313	26
305	2	313	26
306	2	313	26
307	2	313	26
308	2	313	26
309	2	313	26
310	2	313	26
311	2	313	26
312	2	313	26
313	2	313	26
314	2	313	26
315	2	313	26
316	2	313	26
317	2	313	26
318	2	313	26
319	2	313	26
320	2	313	26
321	2	313	26
322	2	313	26
323	2	313	26
324	2	313	26
325	2	313	26
326	2	313	26
327	2	313	26
328	2	313	26
329	2	313	26
330	2	313	26
331	2	313	26
332	2	313	26
333	2	313	26
334	2	313	26
335	2	313	26
336	2	313	26
337	2	313	26
338	2	313	26
339	2	313	26
340	2	313	26
341	2	313	26
342	2	313	26
343	2	313	26
344	2	313	26
345	2	313	26
346	2	313	26
347	2	313	26
348	2	313	26
349	2	313	26
350	2	313	26
351	2	313	26
352	2	313	26
353	2	313	26
354	2	313	26
355	2	313	26
356	2	313	26
357	2	313	26
358	2	313	26
359	2	313	26
360	2	313	26
361	2	313	26
362	2	313	26
363	2	313	26
364	2	313	26
365	2	313	26
366	2	313	26
367	2	313	26
368	2	313	26
369	2	313	26
370	2	313	26
371	2	313	26
372	2	313	26
373	2	313	26
374	2	313	26
375	2	313	26
376	2	313	26
377	2	313	26
378	2	313	26
379	2	313	26
380	2	313	26
381	2	313	26
382	2	313	26
383	2	313	26
384	2	313	26
385	2	313	26
386	2	313	26
387	2	313	26
388	2	313	26
389	2	313	26
390	2	313	26
391	2	313	26
392	2	313	26
393	2	313	26
394	2	313	26
395	2	313	26
396	2	313	26
397	2	313	26
398	2	313	26
399	2	313	26
400	2	313	26
401	2	313	26
402	2	313	26
403	2	313	26
404	2	313	26
405	2	313	26
406	2	313	26
407	2	313	26
408	2	313	26
409	2	313	26
410	2	313	26
411	2	313	26
412	2	313	26
413	2	313	26
414	2	313	26
415	2	313	26
416	2	313	26
417	2	313	26
418	2	313	26
419	2	313	26
420	2	313	26
421	2	313	26
422	2	313	26
423	2	313	26
424	2	313	26
425	2	313	26
426	2	313	26
427	2	313	26
428	2	313	26
429	2	313	26
430	2	313	26
431	2	313	26
432	2	313	26
433	2	313	26
434	2	313	26
435	2	313	26
436	2	313	26
437	2	313	26
438	2	313	26
439	2	313	26
440	2	313	26
441	2	313	26
442	2	313	26
443	2	313	26
444	2	313	26
445	2	313	26
446	2	313	26
447	2	313	26
448	2	313	26
449	2	313	26
450	2	313	26
451	2	313	26
452	2	313	26
453	2	313	26
454	2	313	26
455	2	313	26
456	2	313	26
457	2	313	26
458	2	313	26
459	2	313	26
460	2	313	26
461	2	313	26
462	2	313	26
463	2	313	26
464	2	313	26
465	2	313	26
466	2	313	26
467	2	313	26
468	2	313	26
469	2	313	26
470	2	313	26
471	2	313	26
472	2	313	26
473	2	313	26
474	2	313	26
475	2	313	26
476	2	313	26
477	2	313	26
478	2	313	26
479	2	313	26
480	2	313	26
481	2	313	26
482	2	313	26
483	2	313	26
484	2	313	26
485	2	313	26
486	2	313	26
487	2	313	26
488	2	313	26
489	2	313	26
490	2	313	26
491	2	313	26
492	2	313	26
493	2	313	26
494	2	313	26
495	2	313	26
496	2	313	26
497	2	313	26
498	2	313	26
499	2	313	26
500	2	313	26
501	2	313	26
502	2	313	26
503	2	313	26
504	2	313	26
505	2	313	26
506	2	313	26
507	2	313	26
508	2	313	26
509	2	313	26
510	2	313	26
511	2	313	26
512	2	313	26
513	2	313	26
514	2	313	26
515	2	313	26
516	2	313	26
517	2	313	26
518	2	313	26
519	2	313	26
520	2	313	26
521	2	313	26
522	2	313	26
523	2	313	26
524	2	313	26
525	2	313	26
526	2	313	26
527	2	313	26
528	2	313	26
529	2	313	26
530	2	313	26
531	2	313	26
532	2	313	26
533	2	313	26
534	2	313	26
535	2	313	26
536	2	313	26
537	2	313	26
538	2	313	26
539	2	313	26
540	2	313	26
541	2	313	26
542	2	313	26
543	2	313	26
544	2	313	26
545	2	313	26
546	2	313	26
547	2	313	26
548	2	313	26
549	2	313	26
550	2	313	26
551	2	313	26
552	2	313	26
553	2	313	26
554	2	313	26
555	2	313	26
556	2	313	26
557	2	313	26
558	2	313	26
559	2	313	26
560	2	313	26
561	2	313	26
562	2	313	26
563	2	313	26
564	2	313	26
565	2	313	26
566	2	313	26
567	2	313	26
568	2	313	26
569	2	313	26
570	2	313	26
571	2	313	26
572	2	313	26
573	2	313	26
574	2	313	26
575	2	313	26
576	2	313	26
577	2	313	26
578	2	313	26
579	2	313	26
580	2	313	26
581	2	313	26
582	2	313	26
583	2	313	26
584	2	313	26
585	2	313	26
586	2	313	26
587	2	313	26
588	2	313	26
589	2	313	26
590	2	313	26
591	2	313	26
592	2	313	26
593	2	313	26
594	2	313	26
595	2	313	26
596	2	313	26
597	2	313	26
598	2	313	26
599	2	313	26
600	2	313	26
601	2	313	26
602	2	313	26
603	2	313	26
604	2	313	26
605	2	313	26
606	2	313	26
607	2	313	26
608	2	313	26
609	2	313	26
610	2	313	26
611	2	313	26
612	2	313	26
613	2	313	26
614	2	313	26
615	2	313	26
616	2	313	26
617	2	313	26
618	2	313	26
619	2	313	26
620	2	313	26
621	2	313	26
622	2	313	26
623	2	313	26
624	2	313	26
625	2	313	26
626	2	313	26
627	2	313	26
628	2	313	26
629	2	313	26
630	2	313	26
631	2	313	26
632	2	313	26
633	2	313	26
634	2	313	26
635	2	313	26
636	2	313	26
637	2	313	26
638	2	313	26
639	2	313	26
640	2	313	26
641	2	313	26
642	2	313	26
643	2	313	26
644	2	313	26
645	2	313	26
646	2	313	26
647	2	313	26
648	2	313	26
649	2	313	26
650	2	313	26
651	2	313	26
652	2	313	26
653	2	313	26
654	2	313	26
655	2	313	26
656	2	313	26
657	2	313	26
658	2	313	26
659	2	313	26
660	2	313	26
661	2	313	26
662	2	313	26
663	2	313	26
664	2	313	26
665	2	313	26
666	2	313	26
667	2	313	26
668	2	313	26
669	2	313	26
670	2	313	26
671	2	313	26
672	2	313	26
673	2	313	26
674	2	313	26
675	2	313	26
676	2	313	26
677	2	313	26
678	2	313	26
679	2	313	26
680	2	313	26
681	2	313	26
682	2	313	26
683	2	313	26
684	2	313	26
685	2	313	26
686	2	313	26
687	2	313	26
688	2	313	26
689	2	313	26
690	2	313	26
691	2	313	26
692	2	313	26
693	2	313	26
694	2	313	26
695	2	313	26
696	2	313	26
697	2	313	26
698	2	313	26
699	2	313	26
700	2	313	26
701	2	313	26
702	2	313	26
703	2	313	26
704	2	313	26
705	2	313	26
706	2	313	26
707	2	313	26
708	2	313	26
709	2	313	26
710	2	313	26
711	2	313	26
712	2	313	26
713	2	313	26
714	2	313	26
715	2	313	26
716	2	313	26
717	2	313	26
718	2	313	26
719	2	313	26
720	2	313	26
721	2	313	26
722	2	313	26
723	2	313	26
724	2	313	26
725	2	313	26
726	2	313	26
727	2	313	26
728	2	313	26
729	2	313	26
730	2	313	26
731	2	313	26
732	2	313	26
733	2	313	26
734	2	313	26
735	2	313	26
736	2	313	26
737	2	313	26
738	2	313	26
739	2	313	26
740	2	313	26
741	2	313	26
742	2	313	26
743	2	313	26
744	2	313	26
745	2	313	26
746	2	313	26
747	2	313	26
748	2	313	26
749	2	313	26
750	2	313	26
751	2	313	26
752	2	313	26
753	2	313	26
754	2	313	26
755	2	313	26
756	2	313	26
757	2	313	26
758	2	313	26
759	2	313	26
760	2	313	26
761	2	313	26
762	2	313	26
763	2	313	26
764	2	313	26
765	2	313	26
766	2	313	26
767	2	313	26
768	2	313	26
769	2	313	26
770	2	313	26
771	2	313	26
772	2	313	26
773	2	313	26
774	2	313	26
775	2	313	26
776	2	313	26
777	2	313	26
778	2	313	26
779	2	313	26
780	2	313	26
781	2	313	26
782	2	313	26
783	2	313	26
784	2	313	26
785	2	313	26
786	2	313	26
787	2	313	26
788	2	313	26
789	2	313	26
790	2	313	26
791	2	313	26
792	2	313	26
793	2	313	26
794	2	313	26
795	2	313	26
796	2	313	26
797	2	313	26
798	2	313	26
799	2	313	26
800	2	313	26
801	2	313	26
802	2	313	26
803	2	313	26
804	2	313	26
805	2	313	26
806	2	313	26
807	2	313	26
808	2	313	26
809	2	313	26
810	2	313	26
811	2	313	26
812	2	313	26
813	2	313	26
814	2	313	26
815	2	313	26
816	2	313	26
817	2	313	26
818	2	313	26
819	2	313	26
820	2	313	26
821	2	313	26
822	2	313	26
823	2	313	26
824	2	313	26
825	2	313	26
826	2	313	26
827	2	313	26
828	2	313	26
829	2	313	26
830	2	313	26
831	2	313	26
832	2	313	26
833	2	313	26
834	2	313	26
835	2	313	26
836	2	313	26
837	2	313	26
838	2	313	26
839	2	313	26
840	2	313	26
841	2	313	26
842	2	313	26
843	2	313	26
844	2	313	26
845	2	313	26
846	2	313	26
847	2	313	26
848	2	313	26
849	2	313	26
850	2	313	26
851	2	313	26
852	2	313	26
853	2	313	26
854	2	313	26
855	2	313	26
856	2	313	26
857	2	313	26
858	2	313	26
859	2	313	26
860	2	313	26
861	2	313	26
862	2	313	26
863	2	313	26
864	2	313	26
865	2	313	26
866	2	313	26
867	2	313	26
868	2	313	26
869	2	313	26
870	2	313	26
871	2	313	26
872	2	313	26
873	2	313	26
874	2	313	26
875	2	313	26
876	2	313	26
877	2	313	26
878	2	313	26
879	2	313	26
880	2	313	26
881	2	313	26
882	2	313	26
883	2	313	26
884	2	313	26
885	2	313	26
886	2	313	26
887	2	313	26
888	2	313	26
889	2	313	26
890	2	313	26
891	2	313	26
892	2	313	26
893	2	313	26
894	2	313	26
895	2	313	26
896	2	313	26
897	2	313	26
898	2	313	26
899	2	313	26
900	2	313	26
901	2	313	26
902	2	313	26
903	2	313	26
904	2	313	26
905	2	313	26
906	2	313	26
907	2	313	26
908	2	313	26
909	2	313	26
910	2	313	26
911	2	313	26
912	2	313	26
913	2	313	26
914	2	313	26
915	2	313	26
916	2	313	26
917	2	313	26
918	2	313	26
919	2	313	26
920	2	313	26
921	2	313	26
922	2	313	26
923	2	313	26
924	2	313	26
925	2	313	26
926	2	313	26
927	2	313	26
928	2	313	26
929	2	313	26
930	2	313	26
931	2	313	26
932	2	313	26
933	2	313	26
934	2	313	26
935	2	313	26
936	2	313	26
937	2	313	26
938	2	313	26
939	2	313	26
940	2	313	26
941	2	313	26
942	2	313	26
943	2	313	26
944	2	313	26
945	2	313	26
946	2	313	26
947	2	313	26
948	2	313	26
949	2	313	26
950	2	313	26
951	2	313	26
952	2	313	26
953	2	313	26
954	2	313	26
955	2	313	26
956	2	313	26
957	2	313	26
958	2	313	26
959	2	313	26
960	2	313	26
961	2	313	26
962	2	313	26
963	2	313	26
964	2	313	26
965	2	313	26
966	2	313	26
967	2	313	26
968	2	313	26
969	2	313	26
970	2	313	26
971	2	313	26
972	2	313	26
973	2	313	26
974	2	313	26
975	2	313	26
976	2	313	26
977	2	313	26
978	2	313	26
979	2	313	26
980	2	313	26
981	2	313	26
982	2	313	26
983	2	313	26
984	2	313	26
985	2	313	26
986	2	313	26
987	2	313	26
988	2	313	26
989	2	313	26
990	2	313	26
991	2	313	26
992	2	313	26
993	2	313	26
994	2	313	26
995	2	313	26
996	2	313	26
997	2	313	26
998	2	313	26
999	2	313	26
0	3	1252	29
1	3	2087	29
3	3	1826	29
4	3	1356	29
4	3	1617	12
4	3	1878	9
4	3	2139	20
4	3	2295	30
5	3	2295	29
6	3	1878	29
7	3	1722	29
8	3	1461	29
8	3	1722	12
10	3	1774	29
14	3	1252	29
15	3	1774	29
16	3	1461	29
17	3	1774	29
18	3	1878	29
20	3	1565	29
21	3	1878	29
22	3	2295	29
23	3	1513	29
24	3	1513	29
24	3	2087	12
26	3	1774	29
27	3	1513	29
28	3	1513	29
29	3	2295	29
30	3	2139	29
31	3	2191	29
32	3	1774	29
33	3	2139	29
34	3	1669	29
35	3	1513	29
36	3	1565	29
39	3	1722	29
40	3	1148	29
40	3	1513	12
40	3	1774	9
40	3	2087	20
41	3	1617	29
42	3	1565	29
43	3	1513	29
45	3	1565	29
46	3	1982	29
49	3	1461	29
53	3	1304	29
53	3	1982	12
53	3	2243	9
57	3	1148	29
57	3	1461	12
57	3	1722	9
58	3	1408	29
58	3	1669	12
58	3	2035	9
59	3	1356	29
59	3	2295	12
62	3	1461	29
62	3	1930	12
63	3	1617	29
65	3	1930	29
66	3	2087	29
67	3	1565	29
69	3	1669	29
71	3	1930	29
75	3	1722	29
79	3	1930	29
80	3	1878	29
81	3	2243	29
82	3	2191	29
84	3	2139	29
87	3	1200	29
87	3	1513	12
87	3	1774	9
88	3	1565	29
88	3	2243	12
89	3	1774	29
92	3	1722	29
95	3	2295	29
96	3	1878	29
99	3	2139	29
102	3	1878	29
104	3	1461	29
106	3	1513	29
106	3	1774	12
106	3	2087	9
107	3	1356	29
110	3	1356	29
111	3	2243	29
113	3	1356	29
116	3	2243	29
117	3	2295	29
119	3	2035	29
122	3	1252	29
122	3	1513	12
122	3	1774	9
122	3	2295	20
124	3	1565	29
125	3	1356	29
126	3	1252	29
126	3	1722	12
127	3	1356	29
128	3	1200	29
128	3	1513	12
128	3	1774	9
131	3	1461	29
131	3	2087	12
132	3	2139	29
133	3	2035	29
134	3	2035	29
135	3	1565	29
135	3	2087	12
136	3	1095	29
136	3	1356	12
136	3	1617	9
136	3	1878	20
137	3	1669	29
138	3	1148	29
138	3	1408	12
138	3	1669	9
139	3	1252	29
139	3	1513	12
139	3	1774	9
139	3	2035	20
139	3	2139	30
141	3	1200	29
141	3	1461	12
141	3	1722	9
143	3	2087	29
145	3	1930	29
146	3	1617	29
147	3	1617	29
149	3	1200	29
149	3	1722	12
149	3	2191	9
150	3	1617	29
151	3	2139	29
152	3	1461	29
152	3	1930	12
152	3	2191	9
154	3	1304	29
154	3	1722	12
155	3	1356	29
155	3	2087	12
156	3	1304	29
156	3	1722	12
156	3	1982	9
158	3	1461	29
159	3	1148	29
159	3	1565	12
159	3	1878	9
160	3	1669	29
162	3	1669	29
164	3	2087	29
165	3	1356	29
170	3	1200	29
170	3	1565	12
172	3	1722	29
174	3	1774	29
175	3	1565	29
175	3	2243	12
176	3	2139	29
179	3	1513	29
181	3	2191	29
183	3	1513	29
185	3	1408	29
185	3	1722	12
185	3	2087	9
187	3	1669	29
189	3	1565	29
189	3	1982	12
189	3	2243	9
192	3	1513	29
193	3	1774	29
196	3	1095	29
196	3	1356	12
196	3	1617	9
196	3	2087	30
198	3	1513	29
199	3	1356	29
199	3	2087	12
200	3	1878	29
202	3	1774	29
203	3	1722	29
204	3	1565	29
205	3	2087	29
206	3	1095	29
206	3	1356	12
206	3	1617	9
206	3	1878	20
206	3	1982	30
207	3	1461	29
207	3	2295	12
208	3	1565	29
217	3	2243	29
218	3	1617	29
221	3	1722	29
224	3	1930	29
225	3	1200	29
225	3	1461	12
225	3	1722	9
226	3	1356	29
226	3	1722	12
227	3	2295	29
228	3	1304	29
228	3	1565	12
228	3	1826	9
229	3	1617	29
230	3	2087	29
231	3	1982	29
232	3	1304	29
232	3	1722	12
233	3	1982	29
240	3	1304	29
240	3	1826	12
240	3	2087	9
241	3	1513	29
242	3	1513	29
243	3	1148	29
243	3	1513	12
243	3	1774	9
244	3	1513	29
245	3	2087	29
248	3	1722	29
249	3	2035	29
250	3	1200	29
250	3	1461	12
250	3	1722	9
251	3	1774	29
253	3	2191	29
256	3	1774	29
257	3	1982	29
258	3	1722	29
259	3	1878	29
260	3	1878	29
262	3	1617	29
264	3	1930	29
266	3	1774	29
267	3	2087	29
268	3	1669	29
269	3	1356	29
271	3	1513	29
271	3	1930	12
271	3	2191	9
272	3	1200	29
272	3	1461	12
272	3	1722	9
272	3	1982	20
272	3	2191	30
280	3	2139	29
283	3	1930	29
284	3	1095	29
284	3	1461	12
284	3	1722	9
285	3	1774	29
286	3	1304	29
286	3	1565	12
286	3	1826	9
286	3	2087	20
293	3	1095	29
293	3	1408	12
293	3	1722	9
295	3	2139	29
296	3	1565	29
301	3	1461	29
302	3	1617	29
303	3	1095	29
303	3	1356	12
303	3	1617	9
303	3	1930	20
304	3	1826	29
306	3	1252	29
306	3	1722	12
309	3	1148	29
309	3	1408	12
309	3	1669	9
309	3	2139	20
310	3	1356	29
310	3	1722	12
310	3	2035	9
312	3	2139	29
315	3	1565	29
315	3	2295	12
322	3	1982	29
326	3	1826	29
327	3	1774	29
330	3	1565	29
331	3	1982	29
332	3	1461	29
333	3	1565	29
333	3	2087	12
335	3	1461	29
336	3	1722	29
339	3	1982	29
341	3	1826	29
342	3	1200	29
343	3	1252	29
343	3	1565	12
343	3	1878	9
345	3	1461	29
346	3	1356	29
346	3	2295	12
348	3	1513	29
349	3	1252	29
349	3	1513	12
349	3	1774	9
352	3	1565	29
354	3	1095	29
354	3	1356	12
354	3	1617	9
356	3	1930	29
358	3	1826	29
361	3	1774	29
364	3	2295	29
366	3	1722	29
367	3	2087	29
368	3	1095	29
368	3	1356	12
368	3	1617	9
369	3	1356	29
369	3	1722	12
369	3	2139	9
371	3	1930	29
372	3	2295	29
374	3	2295	29
376	3	2295	29
377	3	2191	29
379	3	1617	29
381	3	2191	29
382	3	2035	29
384	3	2087	29
387	3	1356	29
387	3	1617	12
387	3	1878	9
390	3	1408	29
391	3	1513	29
391	3	2295	12
392	3	2243	29
393	3	1356	29
396	3	1148	29
396	3	1408	12
396	3	1669	9
397	3	1878	29
399	3	1513	29
400	3	2139	29
402	3	1565	29
404	3	2139	29
405	3	2295	29
406	3	1461	29
410	3	2191	29
411	3	1200	29
411	3	1461	12
411	3	1722	9
411	3	1982	20
412	3	1148	29
412	3	1408	12
412	3	1669	9
412	3	1930	20
412	3	2139	30
413	3	1095	29
413	3	1356	12
413	3	1617	9
413	3	1878	20
414	3	1513	29
415	3	1565	29
415	3	2295	12
417	3	1826	29
418	3	1356	29
418	3	1617	12
418	3	1878	9
419	3	1356	29
419	3	1722	12
420	3	1930	29
423	3	1669	29
424	3	1252	29
424	3	1513	12
424	3	1774	9
424	3	2035	20
424	3	2243	30
425	3	2087	29
426	3	1722	29
429	3	1565	29
430	3	1774	29
431	3	1252	29
432	3	1356	29
433	3	1722	29
434	3	1304	29
434	3	1565	12
434	3	1826	9
434	3	2139	20
435	3	1304	29
436	3	1200	29
436	3	1513	12
436	3	1774	9
437	3	1930	29
438	3	1513	29
440	3	2243	29
442	3	1878	29
445	3	1774	29
445	3	2295	12
446	3	2295	29
451	3	1513	29
452	3	2243	29
453	3	1148	29
453	3	1408	12
453	3	1669	9
455	3	1826	29
456	3	2295	29
460	3	2035	29
461	3	1408	29
461	3	2295	12
462	3	1930	29
463	3	1356	29
463	3	1669	12
463	3	1930	9
464	3	1826	29
465	3	1930	29
466	3	1408	29
467	3	1878	29
468	3	1982	29
469	3	1148	29
469	3	1565	12
469	3	1878	9
471	3	2243	29
472	3	1826	29
473	3	1826	29
474	3	1304	29
475	3	2295	29
481	3	1356	29
481	3	1617	12
481	3	1878	9
481	3	2191	20
486	3	2087	29
487	3	1930	29
489	3	1148	29
489	3	1408	12
489	3	1669	9
490	3	1565	29
490	3	1878	12
490	3	2139	9
491	3	1930	29
492	3	1722	29
492	3	2295	12
495	3	1565	29
496	3	1565	29
496	3	1826	12
496	3	2087	9
500	3	1148	29
500	3	1408	12
500	3	1669	9
501	3	2243	29
502	3	2035	29
503	3	1095	29
503	3	1356	12
503	3	1617	9
503	3	1878	20
503	3	2191	30
508	3	1252	29
508	3	2035	12
508	3	2295	9
512	3	1617	29
514	3	1774	29
515	3	1304	29
515	3	1722	12
515	3	1982	9
516	3	2191	29
517	3	2139	29
519	3	1461	29
520	3	2191	29
521	3	1252	29
521	3	1513	12
521	3	1774	9
522	3	1513	29
523	3	1617	29
525	3	1356	29
525	3	1617	12
525	3	1878	9
525	3	2295	20
527	3	2139	29
528	3	1408	29
529	3	1148	29
529	3	1408	12
529	3	1669	9
530	3	1930	29
531	3	1722	29
534	3	1200	29
534	3	1461	12
534	3	1722	9
536	3	2295	29
537	3	1617	29
538	3	1408	29
539	3	2295	29
541	3	1930	29
543	3	1774	29
544	3	1408	29
544	3	1722	12
544	3	1982	9
544	3	2243	20
547	3	1408	29
547	3	1774	12
547	3	2035	9
550	3	1148	29
550	3	1461	12
550	3	1722	9
550	3	2295	20
551	3	1200	29
551	3	1461	12
551	3	1722	9
551	3	2139	20
553	3	1982	29
554	3	1252	29
555	3	1148	29
555	3	1408	12
555	3	1669	9
555	3	1930	20
555	3	2243	30
556	3	1565	29
558	3	2139	29
559	3	1774	29
562	3	1722	29
563	3	1513	29
564	3	2295	29
565	3	1252	29
565	3	1513	12
565	3	1774	9
565	3	2035	20
565	3	2295	30
568	3	1252	29
568	3	1565	12
571	3	1669	29
575	3	1095	29
575	3	1356	12
575	3	1617	9
575	3	2295	20
576	3	2295	29
577	3	1356	29
578	3	2295	29
581	3	1774	29
582	3	2035	29
583	3	1148	29
583	3	1408	12
583	3	1669	9
584	3	2035	29
585	3	1095	29
585	3	1356	12
585	3	1617	9
585	3	1878	20
586	3	1513	29
587	3	1095	29
587	3	1356	12
587	3	1617	9
588	3	1669	29
589	3	1513	29
590	3	1513	29
594	3	2087	29
595	3	1200	29
595	3	1513	12
595	3	1774	9
596	3	1617	29
598	3	1722	29
599	3	1774	29
604	3	1774	29
606	3	1565	29
607	3	1408	29
607	3	2243	12
608	3	1513	29
611	3	2035	29
612	3	1878	29
621	3	1669	29
626	3	1461	29
627	3	1617	29
628	3	1722	29
630	3	2035	29
631	3	1513	29
631	3	2243	12
632	3	1304	29
639	3	1304	29
639	3	1669	12
639	3	1930	9
645	3	1617	29
646	3	1304	29
646	3	1669	12
648	3	2035	29
649	3	1565	29
650	3	2295	29
652	3	1669	29
653	3	1669	29
655	3	1826	29
656	3	1722	29
658	3	1356	29
659	3	2139	29
661	3	1513	29
662	3	1617	29
664	3	1408	29
664	3	1722	12
664	3	1982	9
665	3	1565	29
666	3	1826	29
668	3	1982	29
669	3	1878	29
670	3	1930	29
672	3	2295	29
674	3	1617	29
675	3	1722	29
676	3	1252	29
676	3	1722	12
676	3	2295	9
677	3	1565	29
678	3	1826	29
680	3	1669	29
682	3	1982	29
684	3	1669	29
688	3	2243	29
691	3	1356	29
691	3	2035	12
691	3	2295	9
692	3	1408	29
692	3	1669	12
693	3	1513	29
693	3	2243	12
694	3	1669	29
695	3	1826	29
697	3	1513	29
698	3	2295	29
701	3	1617	29
703	3	1408	29
705	3	1982	29
706	3	1878	29
707	3	2191	29
708	3	1930	29
709	3	1461	29
710	3	1356	29
710	3	1617	12
710	3	1878	9
711	3	1826	29
714	3	1669	29
715	3	2191	29
716	3	1148	29
716	3	1461	12
716	3	1722	9
717	3	1669	29
717	3	2243	12
718	3	1356	29
718	3	1722	12
718	3	1982	9
721	3	1669	29
722	3	1095	29
722	3	1356	12
722	3	1617	9
725	3	1513	29
726	3	1513	29
729	3	2295	29
731	3	1930	29
733	3	1408	29
734	3	1565	29
734	3	2087	12
737	3	1461	29
737	3	2087	12
738	3	1356	29
738	3	1669	12
738	3	1930	9
738	3	2243	20
742	3	1200	29
742	3	1461	12
742	3	1722	9
742	3	2243	20
743	3	1774	29
744	3	1826	29
750	3	2295	29
752	3	1669	29
753	3	1304	29
753	3	1669	12
753	3	1930	9
753	3	2191	20
754	3	1408	29
755	3	1826	29
756	3	1252	29
756	3	1617	12
756	3	1878	9
758	3	1304	29
761	3	2035	29
762	3	1722	29
763	3	1930	29
765	3	1878	29
767	3	2035	29
774	3	1252	29
774	3	1669	12
776	3	1200	29
776	3	1461	12
776	3	1722	9
776	3	2035	20
778	3	2087	29
781	3	1513	29
781	3	2087	12
782	3	2243	29
784	3	1878	29
787	3	2243	29
788	3	1826	29
789	3	1774	29
790	3	2087	29
793	3	1565	29
793	3	2139	12
794	3	2035	29
797	3	2243	29
798	3	2087	29
801	3	2139	29
802	3	1722	29
803	3	1513	29
804	3	1930	29
807	3	1095	29
807	3	1356	12
807	3	1617	9
810	3	1408	29
811	3	1930	29
811	3	2295	12
812	3	1356	29
812	3	1722	12
812	3	1982	9
816	3	2191	29
818	3	1774	29
818	3	2295	12
821	3	2191	29
822	3	1669	29
823	3	1148	29
823	3	1513	12
823	3	1774	9
823	3	2295	20
824	3	1722	29
825	3	1722	29
826	3	2087	29
828	3	2139	29
831	3	1356	29
831	3	1669	12
831	3	1930	9
831	3	2191	20
832	3	1252	29
832	3	1513	12
832	3	1774	9
832	3	2035	20
834	3	1356	29
834	3	1722	12
834	3	1982	9
835	3	2295	29
837	3	2191	29
838	3	1408	29
838	3	1930	12
838	3	2191	9
839	3	2191	29
840	3	1095	29
840	3	1356	12
840	3	1617	9
842	3	1774	29
843	3	1148	29
843	3	1408	12
843	3	1669	9
843	3	1930	20
843	3	2243	30
847	3	1930	29
848	3	1148	29
848	3	1513	12
850	3	1252	29
850	3	1513	12
850	3	1774	9
850	3	2087	20
854	3	1722	29
858	3	1617	29
863	3	1356	29
864	3	1200	29
864	3	1513	12
864	3	1774	9
864	3	2035	20
865	3	1826	29
866	3	1617	29
868	3	1826	29
869	3	1617	29
871	3	1982	29
873	3	1200	29
873	3	1513	12
875	3	1669	29
877	3	1095	29
877	3	1356	12
877	3	1617	9
878	3	2139	29
879	3	2295	29
880	3	1356	29
884	3	2087	29
885	3	1200	29
885	3	1461	12
885	3	1722	9
886	3	2295	29
890	3	1982	29
891	3	2243	29
895	3	2035	29
897	3	1461	29
898	3	1304	29
899	3	1304	29
900	3	2139	29
901	3	2139	29
902	3	1565	29
903	3	1408	29
908	3	1565	29
910	3	2139	29
913	3	2087	29
914	3	1617	29
916	3	1356	29
916	3	1722	12
917	3	2191	29
922	3	2087	29
924	3	1304	29
924	3	1565	12
924	3	1826	9
926	3	1513	29
926	3	2139	12
927	3	1722	29
929	3	1565	29
931	3	1200	29
931	3	1461	12
931	3	1722	9
932	3	1930	29
933	3	1982	29
935	3	1930	29
936	3	2295	29
938	3	1982	29
940	3	1461	29
941	3	1252	29
941	3	1565	12
941	3	1826	9
941	3	2087	20
942	3	1200	29
942	3	1513	12
942	3	1774	9
944	3	1982	29
946	3	1930	29
947	3	1252	29
947	3	1513	12
947	3	1774	9
948	3	1565	29
949	3	1095	29
949	3	1356	12
949	3	1617	9
950	3	1356	29
953	3	1356	29
954	3	1304	29
954	3	2139	12
960	3	1722	29
961	3	1722	29
963	3	2139	29
964	3	1304	29
964	3	1722	12
964	3	2295	9
965	3	2295	29
966	3	1774	29
968	3	2035	29
969	3	1669	29
971	3	1565	29
972	3	1095	29
972	3	1356	12
972	3	1617	9
972	3	1878	20
976	3	1513	29
976	3	2035	12
976	3	2295	9
978	3	1461	29
978	3	1774	12
978	3	2035	9
979	3	1982	29
981	3	1617	29
984	3	1878	29
985	3	1774	29
988	3	2087	29
989	3	2139	29
995	3	1513	29
998	3	1356	29
998	3	1722	12
998	3	1982	9
998	3	2295	20
0	4	1252	29
1	4	2087	29
3	4	1826	29
4	4	1356	29
4	4	1826	28
4	4	2295	30
5	4	2295	29
6	4	1878	29
7	4	1722	29
8	4	1461	29
10	4	1774	29
14	4	1252	29
15	4	1774	29
16	4	1461	29
17	4	1774	29
18	4	1878	29
20	4	1565	29
20	4	2243	28
21	4	1878	29
22	4	2295	29
23	4	1513	29
24	4	1513	29
26	4	1774	29
27	4	1513	29
28	4	1513	29
29	4	2295	29
30	4	2139	29
31	4	2191	29
32	4	1774	29
33	4	2139	29
34	4	1669	29
35	4	1513	29
35	4	2295	28
36	4	1565	29
39	4	1722	29
40	4	1148	29
40	4	1878	28
41	4	1617	29
41	4	2243	28
42	4	1565	29
43	4	1513	29
45	4	1565	29
46	4	1982	29
49	4	1461	29
49	4	2295	28
53	4	1304	29
53	4	1930	28
57	4	1148	29
57	4	1774	28
58	4	1408	29
59	4	1356	29
59	4	2243	28
62	4	1461	29
62	4	2139	28
63	4	1617	29
65	4	1930	29
66	4	2087	29
67	4	1565	29
69	4	1669	29
71	4	1930	29
75	4	1722	29
79	4	1930	29
80	4	1878	29
81	4	2243	29
82	4	2191	29
84	4	2139	29
87	4	1200	29
87	4	1930	28
88	4	1565	29
89	4	1774	29
92	4	1722	29
95	4	2295	29
96	4	1878	29
99	4	2139	29
102	4	1878	29
104	4	1461	29
106	4	1513	29
106	4	1982	28
107	4	1356	29
107	4	2139	28
110	4	1356	29
111	4	2243	29
113	4	1356	29
116	4	2243	29
117	4	2295	29
119	4	2035	29
122	4	1252	29
122	4	2139	28
124	4	1565	29
125	4	1356	29
126	4	1252	29
127	4	1356	29
128	4	1200	29
131	4	1461	29
131	4	1982	28
132	4	2139	29
133	4	2035	29
134	4	2035	29
135	4	1565	29
136	4	1095	29
136	4	1617	28
137	4	1669	29
138	4	1148	29
138	4	1930	28
139	4	1252	29
139	4	1722	28
139	4	2139	30
141	4	1200	29
141	4	1722	28
143	4	2087	29
145	4	1930	29
146	4	1617	29
147	4	1617	29
149	4	1200	29
149	4	2087	28
150	4	1617	29
150	4	2295	28
151	4	2139	29
152	4	1461	29
152	4	2139	28
154	4	1304	29
155	4	1356	29
155	4	2139	28
156	4	1304	29
158	4	1461	29
159	4	1148	29
159	4	2035	28
160	4	1669	29
162	4	1669	29
164	4	2087	29
165	4	1356	29
170	4	1200	29
172	4	1722	29
174	4	1774	29
175	4	1565	29
175	4	2191	28
176	4	2139	29
179	4	1513	29
181	4	2191	29
183	4	1513	29
183	4	2243	28
185	4	1408	29
187	4	1669	29
189	4	1565	29
189	4	2139	28
192	4	1513	29
193	4	1774	29
193	4	2295	28
196	4	1095	29
196	4	1565	28
196	4	2087	30
198	4	1513	29
199	4	1356	29
199	4	2191	28
200	4	1878	29
202	4	1774	29
203	4	1722	29
204	4	1565	29
205	4	2087	29
206	4	1095	29
206	4	1565	28
206	4	1982	30
207	4	1461	29
207	4	2191	28
208	4	1565	29
217	4	2243	29
218	4	1617	29
221	4	1722	29
224	4	1930	29
225	4	1200	29
225	4	1878	28
226	4	1356	29
227	4	2295	29
228	4	1304	29
229	4	1617	29
230	4	2087	29
231	4	1982	29
232	4	1304	29
233	4	1982	29
240	4	1304	29
240	4	2035	28
241	4	1513	29
242	4	1513	29
242	4	2295	28
243	4	1148	29
243	4	1930	28
244	4	1513	29
245	4	2087	29
248	4	1722	29
249	4	2035	29
250	4	1200	29
250	4	1930	28
251	4	1774	29
253	4	2191	29
256	4	1774	29
257	4	1982	29
258	4	1722	29
259	4	1878	29
260	4	1878	29
262	4	1617	29
264	4	1930	29
266	4	1774	29
267	4	2087	29
268	4	1669	29
269	4	1356	29
271	4	1513	29
271	4	2139	28
272	4	1200	29
272	4	1722	28
272	4	2191	30
280	4	2139	29
283	4	1930	29
284	4	1095	29
284	4	1722	28
285	4	1774	29
286	4	1304	29
286	4	1982	28
293	4	1095	29
293	4	1826	28
295	4	2139	29
296	4	1565	29
301	4	1461	29
302	4	1617	29
302	4	2295	28
303	4	1095	29
303	4	1722	28
304	4	1826	29
306	4	1252	29
309	4	1148	29
309	4	1774	28
310	4	1356	29
310	4	1930	28
312	4	2139	29
315	4	1565	29
315	4	2295	28
322	4	1982	29
326	4	1826	29
327	4	1774	29
330	4	1565	29
331	4	1982	29
332	4	1461	29
333	4	1565	29
333	4	2295	28
335	4	1461	29
336	4	1722	29
339	4	1982	29
341	4	1826	29
342	4	1200	29
342	4	2035	28
343	4	1252	29
345	4	1461	29
345	4	2295	28
346	4	1356	29
346	4	1982	28
348	4	1513	29
349	4	1252	29
352	4	1565	29
354	4	1095	29
354	4	1669	28
356	4	1930	29
358	4	1826	29
361	4	1774	29
364	4	2295	29
366	4	1722	29
367	4	2087	29
368	4	1095	29
368	4	1826	28
369	4	1356	29
371	4	1930	29
372	4	2295	29
374	4	2295	29
376	4	2295	29
377	4	2191	29
379	4	1617	29
381	4	2191	29
382	4	2035	29
384	4	2087	29
387	4	1356	29
390	4	1408	29
391	4	1513	29
391	4	2191	28
392	4	2243	29
393	4	1356	29
396	4	1148	29
396	4	1617	28
397	4	1878	29
399	4	1513	29
400	4	2139	29
402	4	1565	29
404	4	2139	29
405	4	2295	29
406	4	1461	29
410	4	2191	29
411	4	1200	29
411	4	1930	28
412	4	1148	29
412	4	1669	28
412	4	2139	30
413	4	1095	29
413	4	1669	28
414	4	1513	29
414	4	2139	28
415	4	1565	29
417	4	1826	29
418	4	1356	29
419	4	1356	29
420	4	1930	29
423	4	1669	29
424	4	1252	29
424	4	1826	28
424	4	2243	30
425	4	2087	29
426	4	1722	29
426	4	2295	28
429	4	1565	29
430	4	1774	29
431	4	1252	29
432	4	1356	29
432	4	2087	28
433	4	1722	29
434	4	1304	29
434	4	1878	28
435	4	1304	29
436	4	1200	29
436	4	2035	28
437	4	1930	29
438	4	1513	29
440	4	2243	29
442	4	1878	29
445	4	1774	29
445	4	2295	28
446	4	2295	29
451	4	1513	29
451	4	2087	28
452	4	2243	29
453	4	1148	29
453	4	1722	28
455	4	1826	29
456	4	2295	29
460	4	2035	29
461	4	1408	29
462	4	1930	29
463	4	1356	29
463	4	2035	28
464	4	1826	29
465	4	1930	29
466	4	1408	29
467	4	1878	29
468	4	1982	29
469	4	1148	29
469	4	2139	28
471	4	2243	29
472	4	1826	29
473	4	1826	29
474	4	1304	29
475	4	2295	29
481	4	1356	29
481	4	1930	28
486	4	2087	29
487	4	1930	29
489	4	1148	29
489	4	2087	28
490	4	1565	29
490	4	2139	28
491	4	1930	29
492	4	1722	29
492	4	2295	28
495	4	1565	29
496	4	1565	29
496	4	2243	28
500	4	1148	29
500	4	1722	28
501	4	2243	29
502	4	2035	29
503	4	1095	29
503	4	1669	28
503	4	2191	30
508	4	1252	29
508	4	1878	28
512	4	1617	29
512	4	2243	28
514	4	1774	29
515	4	1304	29
515	4	2243	28
516	4	2191	29
517	4	2139	29
519	4	1461	29
520	4	2191	29
521	4	1252	29
522	4	1513	29
522	4	2295	28
523	4	1617	29
525	4	1356	29
525	4	2035	28
527	4	2139	29
528	4	1408	29
529	4	1148	29
529	4	1669	28
530	4	1930	29
531	4	1722	29
534	4	1200	29
534	4	2087	28
536	4	2295	29
537	4	1617	29
538	4	1408	29
539	4	2295	29
541	4	1930	29
543	4	1774	29
544	4	1408	29
544	4	1982	28
547	4	1408	29
547	4	2035	28
550	4	1148	29
550	4	1722	28
551	4	1200	29
551	4	1982	28
553	4	1982	29
554	4	1252	29
555	4	1148	29
555	4	1617	28
555	4	2243	30
556	4	1565	29
558	4	2139	29
559	4	1774	29
562	4	1722	29
563	4	1513	29
564	4	2295	29
565	4	1252	29
565	4	1878	28
565	4	2295	30
568	4	1252	29
571	4	1669	29
575	4	1095	29
575	4	1669	28
576	4	2295	29
577	4	1356	29
578	4	2295	29
581	4	1774	29
582	4	2035	29
583	4	1148	29
583	4	1669	28
584	4	2035	29
585	4	1095	29
585	4	1617	28
586	4	1513	29
587	4	1095	29
587	4	1930	28
588	4	1669	29
589	4	1513	29
590	4	1513	29
594	4	2087	29
595	4	1200	29
595	4	1826	28
596	4	1617	29
598	4	1722	29
599	4	1774	29
604	4	1774	29
606	4	1565	29
607	4	1408	29
607	4	2295	28
608	4	1513	29
611	4	2035	29
612	4	1878	29
621	4	1669	29
626	4	1461	29
627	4	1617	29
628	4	1722	29
630	4	2035	29
631	4	1513	29
631	4	2139	28
632	4	1304	29
632	4	2243	28
639	4	1304	29
639	4	2139	28
645	4	1617	29
646	4	1304	29
648	4	2035	29
649	4	1565	29
650	4	2295	29
652	4	1669	29
653	4	1669	29
655	4	1826	29
656	4	1722	29
658	4	1356	29
658	4	2087	28
659	4	2139	29
661	4	1513	29
662	4	1617	29
664	4	1408	29
664	4	2035	28
665	4	1565	29
666	4	1826	29
668	4	1982	29
669	4	1878	29
670	4	1930	29
672	4	2295	29
674	4	1617	29
675	4	1722	29
676	4	1252	29
676	4	2087	28
677	4	1565	29
678	4	1826	29
680	4	1669	29
682	4	1982	29
684	4	1669	29
688	4	2243	29
691	4	1356	29
691	4	1982	28
692	4	1408	29
693	4	1513	29
693	4	2295	28
694	4	1669	29
695	4	1826	29
697	4	1513	29
697	4	2295	28
698	4	2295	29
701	4	1617	29
701	4	2295	28
703	4	1408	29
705	4	1982	29
706	4	1878	29
707	4	2191	29
708	4	1930	29
709	4	1461	29
709	4	2191	28
710	4	1356	29
711	4	1826	29
714	4	1669	29
715	4	2191	29
716	4	1148	29
717	4	1669	29
717	4	2243	28
718	4	1356	29
721	4	1669	29
722	4	1095	29
722	4	1669	28
725	4	1513	29
726	4	1513	29
729	4	2295	29
731	4	1930	29
733	4	1408	29
734	4	1565	29
737	4	1461	29
737	4	2087	28
738	4	1356	29
738	4	1930	28
742	4	1200	29
742	4	1930	28
743	4	1774	29
744	4	1826	29
750	4	2295	29
752	4	1669	29
752	4	2295	28
753	4	1304	29
753	4	1982	28
754	4	1408	29
755	4	1826	29
756	4	1252	29
756	4	1930	28
758	4	1304	29
761	4	2035	29
762	4	1722	29
763	4	1930	29
765	4	1878	29
767	4	2035	29
774	4	1252	29
776	4	1200	29
776	4	1982	28
778	4	2087	29
781	4	1513	29
782	4	2243	29
784	4	1878	29
787	4	2243	29
788	4	1826	29
789	4	1774	29
790	4	2087	29
793	4	1565	29
793	4	2295	28
794	4	2035	29
797	4	2243	29
798	4	2087	29
801	4	2139	29
802	4	1722	29
803	4	1513	29
804	4	1930	29
807	4	1095	29
807	4	1617	28
810	4	1408	29
811	4	1930	29
812	4	1356	29
812	4	2035	28
816	4	2191	29
818	4	1774	29
821	4	2191	29
822	4	1669	29
823	4	1148	29
823	4	1878	28
824	4	1722	29
825	4	1722	29
826	4	2087	29
828	4	2139	29
831	4	1356	29
831	4	1930	28
832	4	1252	29
832	4	1826	28
834	4	1356	29
834	4	1982	28
835	4	2295	29
837	4	2191	29
838	4	1408	29
838	4	2087	28
839	4	2191	29
840	4	1095	29
840	4	1617	28
842	4	1774	29
843	4	1148	29
843	4	1774	28
843	4	2243	30
847	4	1930	29
848	4	1148	29
850	4	1252	29
850	4	1722	28
854	4	1722	29
858	4	1617	29
863	4	1356	29
864	4	1200	29
864	4	1878	28
865	4	1826	29
866	4	1617	29
868	4	1826	29
869	4	1617	29
871	4	1982	29
873	4	1200	29
875	4	1669	29
877	4	1095	29
877	4	1669	28
878	4	2139	29
879	4	2295	29
880	4	1356	29
884	4	2087	29
885	4	1200	29
885	4	1722	28
886	4	2295	29
890	4	1982	29
891	4	2243	29
895	4	2035	29
897	4	1461	29
898	4	1304	29
899	4	1304	29
899	4	2191	28
900	4	2139	29
901	4	2139	29
902	4	1565	29
903	4	1408	29
903	4	2035	28
908	4	1565	29
910	4	2139	29
913	4	2087	29
914	4	1617	29
916	4	1356	29
917	4	2191	29
922	4	2087	29
924	4	1304	29
926	4	1513	29
926	4	2139	28
927	4	1722	29
929	4	1565	29
931	4	1200	29
931	4	1722	28
932	4	1930	29
933	4	1982	29
935	4	1930	29
936	4	2295	29
938	4	1982	29
940	4	1461	29
940	4	2139	28
941	4	1252	29
941	4	2087	28
942	4	1200	29
942	4	2139	28
944	4	1982	29
946	4	1930	29
947	4	1252	29
947	4	1722	28
948	4	1565	29
949	4	1095	29
949	4	1722	28
950	4	1356	29
953	4	1356	29
954	4	1304	29
960	4	1722	29
961	4	1722	29
963	4	2139	29
964	4	1304	29
964	4	1930	28
965	4	2295	29
966	4	1774	29
968	4	2035	29
969	4	1669	29
971	4	1565	29
972	4	1095	29
972	4	1722	28
976	4	1513	29
976	4	2191	28
978	4	1461	29
979	4	1982	29
981	4	1617	29
984	4	1878	29
985	4	1774	29
988	4	2087	29
989	4	2139	29
995	4	1513	29
998	4	1356	29
998	4	1878	28
0	5	469	24
0	5	834	25
0	5	1252	29
1	5	469	24
1	5	834	25
1	5	2087	29
2	5	626	24
3	5	1148	24
3	5	1565	25
3	5	1826	29
4	5	574	24
4	5	1095	25
4	5	1356	29
4	5	1826	28
4	5	2295	30
5	5	521	24
5	5	1826	25
5	5	2295	29
6	5	626	24
6	5	1408	25
6	5	1878	29
7	5	991	24
7	5	1461	25
7	5	1722	29
8	5	678	24
8	5	1200	25
8	5	1461	29
9	5	2087	24
10	5	469	24
10	5	834	25
10	5	1774	29
12	5	1408	24
13	5	1252	24
13	5	2243	25
14	5	469	24
14	5	834	25
14	5	1252	29
15	5	521	24
15	5	939	25
15	5	1774	29
16	5	521	24
16	5	1043	25
16	5	1461	29
17	5	469	24
17	5	887	25
17	5	1774	29
18	5	521	24
18	5	939	25
18	5	1878	29
19	5	1826	24
19	5	2295	25
20	5	626	24
20	5	1252	25
20	5	1565	29
20	5	2243	28
21	5	469	24
21	5	834	25
21	5	1878	29
22	5	939	24
22	5	1669	25
22	5	2295	29
23	5	521	24
23	5	939	25
23	5	1513	29
24	5	521	24
24	5	939	25
24	5	1513	29
25	5	1669	24
26	5	678	24
26	5	1356	25
26	5	1774	29
27	5	521	24
27	5	991	25
27	5	1513	29
28	5	730	24
28	5	1252	25
28	5	1513	29
29	5	834	24
29	5	1878	25
29	5	2295	29
30	5	1252	24
30	5	1722	25
30	5	2139	29
31	5	574	24
31	5	1878	25
31	5	2191	29
32	5	1095	24
32	5	1513	25
32	5	1774	29
33	5	678	24
33	5	1774	25
33	5	2139	29
34	5	730	24
34	5	1356	25
34	5	1669	29
35	5	521	24
35	5	939	25
35	5	1513	29
35	5	2295	28
36	5	521	24
36	5	1043	25
36	5	1565	29
37	5	678	24
37	5	1930	25
38	5	626	24
38	5	1565	25
39	5	574	24
39	5	1252	25
39	5	1722	29
40	5	469	24
40	5	834	25
40	5	1148	29
40	5	1878	28
41	5	730	24
41	5	1356	25
41	5	1617	29
41	5	2243	28
42	5	782	24
42	5	1304	25
42	5	1565	29
43	5	521	24
43	5	1095	25
43	5	1513	29
44	5	1669	24
45	5	678	24
45	5	1252	25
45	5	1565	29
46	5	521	24
46	5	1461	25
46	5	1982	29
47	5	1095	24
47	5	1617	25
48	5	2087	24
49	5	574	24
49	5	1095	25
49	5	1461	29
49	5	2295	28
50	5	1617	24
51	5	1774	24
51	5	2191	25
52	5	1930	24
53	5	521	24
53	5	1043	25
53	5	1304	29
53	5	1930	28
55	5	626	24
55	5	2087	25
56	5	1200	24
57	5	469	24
57	5	887	25
57	5	1148	29
57	5	1774	28
58	5	626	24
58	5	1148	25
58	5	1408	29
59	5	469	24
59	5	939	25
59	5	1356	29
59	5	2243	28
60	5	1252	24
61	5	574	24
61	5	1617	25
62	5	574	24
62	5	1095	25
62	5	1461	29
62	5	2139	28
63	5	730	24
63	5	1304	25
63	5	1617	29
64	5	1878	24
65	5	730	24
65	5	1461	25
65	5	1930	29
66	5	1304	24
66	5	1722	25
66	5	2087	29
67	5	782	24
67	5	1304	25
67	5	1565	29
68	5	1461	24
69	5	939	24
69	5	1408	25
69	5	1669	29
70	5	678	24
71	5	1095	24
71	5	1513	25
71	5	1930	29
73	5	1722	24
74	5	887	24
74	5	2139	25
75	5	521	24
75	5	991	25
75	5	1722	29
76	5	1408	24
77	5	1565	24
78	5	1356	24
79	5	782	24
79	5	1565	25
79	5	1930	29
80	5	521	24
80	5	1252	25
80	5	1878	29
81	5	626	24
81	5	1878	25
81	5	2243	29
82	5	678	24
82	5	1878	25
82	5	2191	29
83	5	1043	24
83	5	1722	25
84	5	574	24
84	5	1826	25
84	5	2139	29
86	5	1095	24
86	5	1982	25
87	5	521	24
87	5	887	25
87	5	1200	29
87	5	1930	28
88	5	678	24
88	5	1252	25
88	5	1565	29
89	5	834	24
89	5	1408	25
89	5	1774	29
90	5	1356	24
91	5	678	24
92	5	469	24
92	5	887	25
92	5	1722	29
93	5	1304	24
93	5	2295	25
94	5	1826	24
95	5	939	24
95	5	1982	25
95	5	2295	29
96	5	991	24
96	5	1565	25
96	5	1878	29
97	5	1252	24
98	5	1669	24
98	5	2191	25
99	5	1095	24
99	5	1878	25
99	5	2139	29
100	5	1356	24
101	5	678	24
101	5	1565	25
102	5	678	24
102	5	1408	25
102	5	1878	29
103	5	939	24
104	5	574	24
104	5	1148	25
104	5	1461	29
105	5	2295	24
106	5	730	24
106	5	1252	25
106	5	1513	29
106	5	1982	28
107	5	469	24
107	5	887	25
107	5	1356	29
107	5	2139	28
108	5	521	24
108	5	1148	25
109	5	1252	24
109	5	1982	25
110	5	521	24
110	5	939	25
110	5	1356	29
111	5	626	24
111	5	1930	25
111	5	2243	29
112	5	782	24
112	5	1878	25
113	5	469	24
113	5	887	25
113	5	1356	29
114	5	626	24
114	5	1878	25
115	5	1408	24
116	5	1461	24
116	5	1982	25
116	5	2243	29
117	5	1408	24
117	5	1930	25
117	5	2295	29
118	5	1200	24
118	5	1669	25
119	5	1200	24
119	5	1722	25
119	5	2035	29
120	5	834	24
120	5	1669	25
121	5	1356	24
122	5	521	24
122	5	939	25
122	5	1252	29
122	5	2139	28
123	5	1878	24
124	5	521	24
124	5	887	25
124	5	1565	29
125	5	574	24
125	5	1095	25
125	5	1356	29
126	5	469	24
126	5	887	25
126	5	1252	29
127	5	521	24
127	5	939	25
127	5	1356	29
128	5	469	24
128	5	834	25
128	5	1200	29
129	5	1095	24
129	5	2243	25
130	5	574	24
131	5	678	24
131	5	1200	25
131	5	1461	29
131	5	1982	28
132	5	469	24
132	5	887	25
132	5	2139	29
133	5	626	24
133	5	1304	25
133	5	2035	29
134	5	887	24
134	5	1669	25
134	5	2035	29
135	5	521	24
135	5	1095	25
135	5	1565	29
136	5	469	24
136	5	834	25
136	5	1095	29
136	5	1617	28
137	5	730	24
137	5	1304	25
137	5	1669	29
138	5	469	24
138	5	834	25
138	5	1148	29
138	5	1930	28
139	5	521	24
139	5	991	25
139	5	1252	29
139	5	1722	28
139	5	2139	30
140	5	1826	24
141	5	521	24
141	5	939	25
141	5	1200	29
141	5	1722	28
142	5	887	24
142	5	1930	25
143	5	1252	24
143	5	1774	25
143	5	2087	29
145	5	1148	24
145	5	1565	25
145	5	1930	29
146	5	626	24
146	5	1200	25
146	5	1617	29
147	5	626	24
147	5	1252	25
147	5	1617	29
148	5	1356	24
149	5	469	24
149	5	887	25
149	5	1200	29
149	5	2087	28
150	5	574	24
150	5	1148	25
150	5	1617	29
150	5	2295	28
151	5	939	24
151	5	1826	25
151	5	2139	29
152	5	626	24
152	5	1200	25
152	5	1461	29
152	5	2139	28
153	5	730	24
153	5	1930	25
154	5	521	24
154	5	1043	25
154	5	1304	29
155	5	469	24
155	5	887	25
155	5	1356	29
155	5	2139	28
156	5	469	24
156	5	887	25
156	5	1304	29
158	5	574	24
158	5	1148	25
158	5	1461	29
159	5	469	24
159	5	834	25
159	5	1148	29
159	5	2035	28
160	5	678	24
160	5	1304	25
160	5	1669	29
161	5	1669	24
162	5	991	24
162	5	1408	25
162	5	1669	29
163	5	1200	24
163	5	2243	25
164	5	521	24
164	5	1826	25
164	5	2087	29
165	5	574	24
165	5	1095	25
165	5	1356	29
166	5	1826	24
166	5	2295	25
167	5	1252	24
167	5	2035	25
169	5	469	24
169	5	887	25
170	5	469	24
170	5	887	25
170	5	1200	29
171	5	939	24
171	5	2139	25
172	5	1043	24
172	5	1461	25
172	5	1722	29
173	5	1356	24
173	5	2035	25
174	5	834	24
174	5	1408	25
174	5	1774	29
175	5	626	24
175	5	1200	25
175	5	1565	29
175	5	2191	28
176	5	521	24
176	5	1513	25
176	5	2139	29
177	5	1722	24
178	5	2087	24
179	5	574	24
179	5	1148	25
179	5	1513	29
180	5	1930	24
181	5	469	24
181	5	834	25
181	5	2191	29
182	5	730	24
183	5	521	24
183	5	991	25
183	5	1513	29
183	5	2243	28
184	5	1200	24
185	5	574	24
185	5	1095	25
185	5	1408	29
186	5	2191	24
187	5	782	24
187	5	1356	25
187	5	1669	29
188	5	1408	24
188	5	2139	25
189	5	730	24
189	5	1304	25
189	5	1565	29
189	5	2139	28
190	5	1095	24
190	5	1722	25
191	5	521	24
191	5	939	25
192	5	626	24
192	5	1200	25
192	5	1513	29
193	5	626	24
193	5	1356	25
193	5	1774	29
193	5	2295	28
194	5	730	24
196	5	469	24
196	5	834	25
196	5	1095	29
196	5	1565	28
196	5	2087	30
198	5	730	24
198	5	1252	25
198	5	1513	29
199	5	521	24
199	5	939	25
199	5	1356	29
199	5	2191	28
200	5	1095	24
200	5	1565	25
200	5	1878	29
201	5	1826	24
201	5	2295	25
202	5	991	24
202	5	1461	25
202	5	1774	29
203	5	834	24
203	5	1408	25
203	5	1722	29
204	5	574	24
204	5	1095	25
204	5	1565	29
205	5	1252	24
205	5	1774	25
205	5	2087	29
206	5	469	24
206	5	834	25
206	5	1095	29
206	5	1565	28
206	5	1982	30
207	5	521	24
207	5	939	25
207	5	1461	29
207	5	2191	28
208	5	574	24
208	5	1095	25
208	5	1565	29
209	5	2243	24
210	5	574	24
210	5	1304	25
211	5	1565	24
212	5	834	24
212	5	1617	25
213	5	1617	24
213	5	2295	25
214	5	834	24
215	5	1200	24
215	5	1617	25
216	5	1930	24
217	5	1148	24
217	5	1565	25
217	5	2243	29
218	5	730	24
218	5	1304	25
218	5	1617	29
219	5	2191	24
220	5	1408	24
221	5	730	24
221	5	1356	25
221	5	1722	29
222	5	1826	24
222	5	2295	25
223	5	887	24
224	5	887	24
224	5	1565	25
224	5	1930	29
225	5	469	24
225	5	887	25
225	5	1200	29
225	5	1878	28
226	5	521	24
226	5	1043	25
226	5	1356	29
227	5	678	24
227	5	1982	25
227	5	2295	29
228	5	521	24
228	5	939	25
228	5	1304	29
229	5	782	24
229	5	1356	25
229	5	1617	29
230	5	469	24
230	5	887	25
230	5	2087	29
231	5	469	24
231	5	834	25
231	5	1982	29
232	5	521	24
232	5	939	25
232	5	1304	29
233	5	1304	24
233	5	1722	25
233	5	1982	29
235	5	1513	24
235	5	2139	25
236	5	1148	24
236	5	2087	25
237	5	887	24
239	5	1200	24
239	5	2139	25
240	5	521	24
240	5	939	25
240	5	1304	29
240	5	2035	28
241	5	782	24
241	5	1252	25
241	5	1513	29
242	5	678	24
242	5	1200	25
242	5	1513	29
242	5	2295	28
243	5	469	24
243	5	834	25
243	5	1148	29
243	5	1930	28
244	5	469	24
244	5	887	25
244	5	1513	29
245	5	1148	24
245	5	1774	25
245	5	2087	29
246	5	2087	24
248	5	469	24
248	5	887	25
248	5	1722	29
249	5	469	24
249	5	887	25
249	5	2035	29
250	5	469	24
250	5	887	25
250	5	1200	29
250	5	1930	28
251	5	626	24
251	5	1304	25
251	5	1774	29
252	5	1513	24
253	5	887	24
253	5	1878	25
253	5	2191	29
255	5	991	24
256	5	782	24
256	5	1408	25
256	5	1774	29
257	5	1095	24
257	5	1617	25
257	5	1982	29
258	5	469	24
258	5	834	25
258	5	1722	29
259	5	469	24
259	5	887	25
259	5	1878	29
260	5	521	24
260	5	1252	25
260	5	1878	29
262	5	939	24
262	5	1356	25
262	5	1617	29
263	5	834	24
264	5	574	24
264	5	1408	25
264	5	1930	29
265	5	574	24
265	5	2035	25
266	5	626	24
266	5	1304	25
266	5	1774	29
267	5	469	24
267	5	887	25
267	5	2087	29
268	5	991	24
268	5	1408	25
268	5	1669	29
269	5	521	24
269	5	991	25
269	5	1356	29
270	5	782	24
270	5	2035	25
271	5	678	24
271	5	1200	25
271	5	1513	29
271	5	2139	28
272	5	521	24
272	5	939	25
272	5	1200	29
272	5	1722	28
272	5	2191	30
273	5	2295	24
274	5	1148	24
274	5	1982	25
275	5	1669	24
276	5	2243	24
277	5	782	24
277	5	2139	25
278	5	1565	24
279	5	1200	24
280	5	782	24
280	5	1878	25
280	5	2139	29
282	5	1617	24
283	5	1148	24
283	5	1565	25
283	5	1930	29
284	5	469	24
284	5	834	25
284	5	1095	29
284	5	1722	28
285	5	1095	24
285	5	1513	25
285	5	1774	29
286	5	521	24
286	5	939	25
286	5	1304	29
286	5	1982	28
287	5	1200	24
288	5	574	24
288	5	1304	25
289	5	1982	24
291	5	678	24
292	5	1513	24
292	5	2087	25
293	5	469	24
293	5	834	25
293	5	1095	29
293	5	1826	28
294	5	521	24
294	5	1878	25
295	5	1095	24
295	5	1826	25
295	5	2139	29
296	5	521	24
296	5	991	25
296	5	1565	29
297	5	1461	24
298	5	887	24
298	5	1461	25
299	5	521	24
299	5	939	25
300	5	1304	24
300	5	2087	25
301	5	469	24
301	5	834	25
301	5	1461	29
302	5	574	24
302	5	1200	25
302	5	1617	29
302	5	2295	28
303	5	469	24
303	5	834	25
303	5	1095	29
303	5	1722	28
304	5	469	24
304	5	887	25
304	5	1826	29
306	5	469	24
306	5	887	25
306	5	1252	29
307	5	730	24
307	5	2191	25
308	5	678	24
308	5	2191	25
309	5	469	24
309	5	834	25
309	5	1148	29
309	5	1774	28
310	5	574	24
310	5	1095	25
310	5	1356	29
310	5	1930	28
311	5	939	24
312	5	1043	24
312	5	1826	25
312	5	2139	29
313	5	782	24
314	5	1304	24
314	5	2243	25
315	5	678	24
315	5	1252	25
315	5	1565	29
315	5	2295	28
316	5	2087	24
317	5	1252	24
317	5	1669	25
318	5	1513	24
319	5	1774	24
320	5	1252	24
320	5	1722	25
321	5	469	24
321	5	887	25
322	5	521	24
322	5	1617	25
322	5	1982	29
323	5	1826	24
324	5	1356	24
324	5	1982	25
325	5	1252	24
325	5	1930	25
326	5	469	24
326	5	887	25
326	5	1826	29
327	5	1095	24
327	5	1513	25
327	5	1774	29
328	5	887	24
328	5	2035	25
329	5	1461	24
330	5	782	24
330	5	1304	25
330	5	1565	29
331	5	521	24
331	5	939	25
331	5	1982	29
332	5	626	24
332	5	1148	25
332	5	1461	29
333	5	469	24
333	5	887	25
333	5	1565	29
333	5	2295	28
334	5	1252	24
334	5	2035	25
335	5	469	24
335	5	834	25
335	5	1461	29
336	5	574	24
336	5	1200	25
336	5	1722	29
337	5	887	24
337	5	2035	25
338	5	1565	24
339	5	521	24
339	5	1461	25
339	5	1982	29
340	5	1095	24
340	5	1565	25
341	5	1148	24
341	5	1565	25
341	5	1826	29
342	5	521	24
342	5	939	25
342	5	1200	29
342	5	2035	28
343	5	469	24
343	5	834	25
343	5	1252	29
344	5	1982	24
345	5	626	24
345	5	1200	25
345	5	1461	29
345	5	2295	28
346	5	626	24
346	5	1095	25
346	5	1356	29
346	5	1982	28
347	5	678	24
347	5	1408	25
348	5	574	24
348	5	1095	25
348	5	1513	29
349	5	521	24
349	5	991	25
349	5	1252	29
350	5	2035	24
351	5	626	24
352	5	678	24
352	5	1252	25
352	5	1565	29
353	5	521	24
353	5	1043	25
354	5	469	24
354	5	834	25
354	5	1095	29
354	5	1669	28
355	5	574	24
356	5	887	24
356	5	1565	25
356	5	1930	29
357	5	626	24
357	5	1408	25
358	5	991	24
358	5	1513	25
358	5	1826	29
360	5	730	24
360	5	2035	25
361	5	626	24
361	5	1252	25
361	5	1774	29
362	5	2035	24
364	5	521	24
364	5	939	25
364	5	2295	29
365	5	1722	24
366	5	782	24
366	5	1408	25
366	5	1722	29
367	5	574	24
367	5	1826	25
367	5	2087	29
368	5	469	24
368	5	834	25
368	5	1095	29
368	5	1826	28
369	5	574	24
369	5	1095	25
369	5	1356	29
370	5	939	24
371	5	521	24
371	5	1148	25
371	5	1930	29
372	5	887	24
372	5	1513	25
372	5	2295	29
373	5	1356	24
374	5	1461	24
374	5	2035	25
374	5	2295	29
375	5	1304	24
376	5	626	24
376	5	1826	25
376	5	2295	29
377	5	1252	24
377	5	1774	25
377	5	2191	29
378	5	1043	24
378	5	1617	25
379	5	730	24
379	5	1304	25
379	5	1617	29
380	5	678	24
380	5	2191	25
381	5	678	24
381	5	1878	25
381	5	2191	29
382	5	521	24
382	5	1565	25
382	5	2035	29
383	5	1408	24
384	5	574	24
384	5	1252	25
384	5	2087	29
385	5	730	24
385	5	1826	25
386	5	626	24
387	5	574	24
387	5	1095	25
387	5	1356	29
388	5	2087	24
389	5	521	24
389	5	939	25
390	5	469	24
390	5	834	25
390	5	1408	29
391	5	574	24
391	5	1095	25
391	5	1513	29
391	5	2191	28
392	5	1095	24
392	5	1982	25
392	5	2243	29
393	5	469	24
393	5	834	25
393	5	1356	29
394	5	678	24
394	5	1722	25
395	5	678	24
396	5	469	24
396	5	887	25
396	5	1148	29
396	5	1617	28
397	5	1148	24
397	5	1565	25
397	5	1878	29
398	5	626	24
399	5	469	24
399	5	887	25
399	5	1513	29
400	5	626	24
400	5	1408	25
400	5	2139	29
401	5	2191	24
402	5	678	24
402	5	1252	25
402	5	1565	29
403	5	1930	24
404	5	834	24
404	5	1774	25
404	5	2139	29
405	5	1095	24
405	5	1878	25
405	5	2295	29
406	5	574	24
406	5	1095	25
406	5	1461	29
407	5	1095	24
407	5	1513	25
409	5	1148	24
410	5	1043	24
410	5	1930	25
410	5	2191	29
411	5	521	24
411	5	939	25
411	5	1200	29
411	5	1930	28
412	5	469	24
412	5	887	25
412	5	1148	29
412	5	1669	28
412	5	2139	30
413	5	469	24
413	5	834	25
413	5	1095	29
413	5	1669	28
414	5	626	24
414	5	1200	25
414	5	1513	29
414	5	2139	28
415	5	574	24
415	5	1095	25
415	5	1565	29
416	5	1513	24
416	5	2139	25
417	5	574	24
417	5	1356	25
417	5	1826	29
418	5	626	24
418	5	1095	25
418	5	1356	29
419	5	574	24
419	5	1095	25
419	5	1356	29
420	5	887	24
420	5	1513	25
420	5	1930	29
421	5	1930	24
422	5	939	24
423	5	991	24
423	5	1408	25
423	5	1669	29
424	5	521	24
424	5	991	25
424	5	1252	29
424	5	1826	28
424	5	2243	30
425	5	626	24
425	5	1774	25
425	5	2087	29
426	5	1043	24
426	5	1461	25
426	5	1722	29
426	5	2295	28
427	5	2035	24
428	5	521	24
428	5	939	25
429	5	678	24
429	5	1252	25
429	5	1565	29
430	5	574	24
430	5	1148	25
430	5	1774	29
431	5	469	24
431	5	834	25
431	5	1252	29
432	5	574	24
432	5	1043	25
432	5	1356	29
432	5	2087	28
433	5	678	24
433	5	1356	25
433	5	1722	29
434	5	521	24
434	5	991	25
434	5	1304	29
434	5	1878	28
435	5	469	24
435	5	887	25
435	5	1304	29
436	5	469	24
436	5	939	25
436	5	1200	29
436	5	2035	28
437	5	521	24
437	5	939	25
437	5	1930	29
438	5	678	24
438	5	1252	25
438	5	1513	29
439	5	991	24
439	5	2139	25
440	5	730	24
440	5	1669	25
440	5	2243	29
441	5	2243	24
442	5	678	24
442	5	1513	25
442	5	1878	29
443	5	782	24
444	5	1669	24
445	5	521	24
445	5	887	25
445	5	1774	29
445	5	2295	28
446	5	834	24
446	5	1982	25
446	5	2295	29
447	5	1617	24
447	5	2243	25
448	5	1148	24
449	5	2087	24
450	5	2295	24
451	5	834	24
451	5	1252	25
451	5	1513	29
451	5	2087	28
452	5	574	24
452	5	1878	25
452	5	2243	29
453	5	469	24
453	5	887	25
453	5	1148	29
453	5	1722	28
454	5	1356	24
455	5	1095	24
455	5	1565	25
455	5	1826	29
456	5	1304	24
456	5	1722	25
456	5	2295	29
457	5	730	24
457	5	1565	25
458	5	2035	24
459	5	1878	24
460	5	521	24
460	5	991	25
460	5	2035	29
461	5	521	24
461	5	939	25
461	5	1408	29
462	5	626	24
462	5	1461	25
462	5	1930	29
463	5	574	24
463	5	1095	25
463	5	1356	29
463	5	2035	28
464	5	991	24
464	5	1461	25
464	5	1826	29
465	5	521	24
465	5	1200	25
465	5	1930	29
466	5	521	24
466	5	887	25
466	5	1408	29
467	5	521	24
467	5	939	25
467	5	1878	29
468	5	469	24
468	5	887	25
468	5	1982	29
469	5	469	24
469	5	834	25
469	5	1148	29
469	5	2139	28
470	5	1617	24
471	5	1148	24
471	5	1930	25
471	5	2243	29
472	5	521	24
472	5	1200	25
472	5	1826	29
473	5	730	24
473	5	1461	25
473	5	1826	29
474	5	521	24
474	5	991	25
474	5	1304	29
475	5	991	24
475	5	1982	25
475	5	2295	29
476	5	1356	24
478	5	730	24
478	5	2035	25
480	5	782	24
481	5	574	24
481	5	1095	25
481	5	1356	29
481	5	1930	28
482	5	626	24
482	5	1774	25
483	5	1826	24
484	5	2035	24
485	5	1200	24
485	5	1982	25
486	5	1252	24
486	5	1722	25
486	5	2087	29
487	5	469	24
487	5	887	25
487	5	1930	29
488	5	1252	24
488	5	1722	25
489	5	469	24
489	5	834	25
489	5	1148	29
489	5	2087	28
490	5	834	24
490	5	1304	25
490	5	1565	29
490	5	2139	28
491	5	678	24
491	5	1513	25
491	5	1930	29
492	5	991	24
492	5	1461	25
492	5	1722	29
492	5	2295	28
493	5	782	24
494	5	521	24
494	5	1617	25
495	5	887	24
495	5	1304	25
495	5	1565	29
496	5	678	24
496	5	1252	25
496	5	1565	29
496	5	2243	28
497	5	521	24
497	5	939	25
498	5	626	24
498	5	1461	25
499	5	626	24
499	5	2087	25
500	5	469	24
500	5	887	25
500	5	1148	29
500	5	1722	28
501	5	1304	24
501	5	1930	25
501	5	2243	29
502	5	834	24
502	5	1461	25
502	5	2035	29
503	5	469	24
503	5	834	25
503	5	1095	29
503	5	1669	28
503	5	2191	30
505	5	1304	24
505	5	1930	25
506	5	1095	24
506	5	1722	25
507	5	1669	24
508	5	521	24
508	5	939	25
508	5	1252	29
508	5	1878	28
510	5	1982	24
512	5	991	24
512	5	1356	25
512	5	1617	29
512	5	2243	28
513	5	991	24
513	5	1461	25
514	5	574	24
514	5	1200	25
514	5	1774	29
515	5	469	24
515	5	834	25
515	5	1304	29
515	5	2243	28
516	5	1356	24
516	5	1930	25
516	5	2191	29
517	5	1304	24
517	5	1774	25
517	5	2139	29
518	5	991	24
518	5	1513	25
519	5	574	24
519	5	1095	25
519	5	1461	29
520	5	626	24
520	5	1878	25
520	5	2191	29
521	5	521	24
521	5	887	25
521	5	1252	29
522	5	782	24
522	5	1252	25
522	5	1513	29
522	5	2295	28
523	5	521	24
523	5	939	25
523	5	1617	29
524	5	2139	24
525	5	626	24
525	5	1095	25
525	5	1356	29
525	5	2035	28
526	5	1930	24
527	5	469	24
527	5	834	25
527	5	2139	29
528	5	469	24
528	5	834	25
528	5	1408	29
529	5	469	24
529	5	887	25
529	5	1148	29
529	5	1669	28
530	5	1252	24
530	5	1669	25
530	5	1930	29
531	5	1043	24
531	5	1461	25
531	5	1722	29
532	5	991	24
532	5	1565	25
533	5	2035	24
534	5	469	24
534	5	887	25
534	5	1200	29
534	5	2087	28
535	5	1669	24
536	5	1304	24
536	5	2035	25
536	5	2295	29
537	5	626	24
537	5	1252	25
537	5	1617	29
538	5	469	24
538	5	887	25
538	5	1408	29
539	5	469	24
539	5	834	25
539	5	2295	29
540	5	1930	24
541	5	574	24
541	5	1408	25
541	5	1930	29
542	5	991	24
542	5	1669	25
543	5	1095	24
543	5	1513	25
543	5	1774	29
544	5	626	24
544	5	1148	25
544	5	1408	29
544	5	1982	28
545	5	834	24
546	5	1200	24
546	5	1617	25
547	5	626	24
547	5	1148	25
547	5	1408	29
547	5	2035	28
548	5	1408	24
549	5	1304	24
549	5	1669	25
550	5	469	24
550	5	887	25
550	5	1148	29
550	5	1722	28
551	5	521	24
551	5	939	25
551	5	1200	29
551	5	1982	28
552	5	1356	24
553	5	782	24
553	5	1513	25
553	5	1982	29
554	5	469	24
554	5	834	25
554	5	1252	29
555	5	469	24
555	5	887	25
555	5	1148	29
555	5	1617	28
555	5	2243	30
556	5	834	24
556	5	1304	25
556	5	1565	29
557	5	1774	24
558	5	521	24
558	5	1617	25
558	5	2139	29
559	5	991	24
559	5	1461	25
559	5	1774	29
560	5	1408	24
561	5	887	24
562	5	991	24
562	5	1461	25
562	5	1722	29
563	5	730	24
563	5	1252	25
563	5	1513	29
564	5	1356	24
564	5	1982	25
564	5	2295	29
565	5	521	24
565	5	991	25
565	5	1252	29
565	5	1878	28
565	5	2295	30
566	5	521	24
566	5	1200	25
567	5	782	24
567	5	1669	25
568	5	469	24
568	5	887	25
568	5	1252	29
569	5	991	24
569	5	1461	25
570	5	1304	24
570	5	1722	25
571	5	469	24
571	5	887	25
571	5	1669	29
572	5	1461	24
574	5	678	24
575	5	469	24
575	5	834	25
575	5	1095	29
575	5	1669	28
576	5	1148	24
576	5	1617	25
576	5	2295	29
577	5	469	24
577	5	887	25
577	5	1356	29
578	5	1043	24
578	5	1878	25
578	5	2295	29
579	5	834	24
580	5	2191	24
581	5	1043	24
581	5	1513	25
581	5	1774	29
582	5	782	24
582	5	1617	25
582	5	2035	29
583	5	469	24
583	5	887	25
583	5	1148	29
583	5	1669	28
584	5	521	24
584	5	1774	25
584	5	2035	29
585	5	469	24
585	5	834	25
585	5	1095	29
585	5	1617	28
586	5	730	24
586	5	1252	25
586	5	1513	29
587	5	469	24
587	5	834	25
587	5	1095	29
587	5	1930	28
588	5	574	24
588	5	1252	25
588	5	1669	29
589	5	574	24
589	5	1200	25
589	5	1513	29
590	5	521	24
590	5	1043	25
590	5	1513	29
591	5	1565	24
591	5	2191	25
593	5	678	24
593	5	2191	25
594	5	834	24
594	5	1774	25
594	5	2087	29
595	5	521	24
595	5	939	25
595	5	1200	29
595	5	1826	28
596	5	782	24
596	5	1304	25
596	5	1617	29
597	5	730	24
597	5	2139	25
598	5	469	24
598	5	834	25
598	5	1722	29
599	5	469	24
599	5	834	25
599	5	1774	29
600	5	1722	24
600	5	2243	25
601	5	574	24
601	5	1356	25
602	5	1304	24
603	5	834	24
604	5	887	24
604	5	1461	25
604	5	1774	29
605	5	1095	24
605	5	1617	25
606	5	730	24
606	5	1304	25
606	5	1565	29
607	5	521	24
607	5	939	25
607	5	1408	29
607	5	2295	28
608	5	574	24
608	5	1095	25
608	5	1513	29
610	5	2243	24
611	5	782	24
611	5	1565	25
611	5	2035	29
612	5	1095	24
612	5	1565	25
612	5	1878	29
613	5	1356	24
614	5	1148	24
614	5	1617	25
615	5	991	24
615	5	1617	25
616	5	1043	24
616	5	1513	25
617	5	1930	24
618	5	2035	24
619	5	1043	24
619	5	2191	25
620	5	521	24
620	5	1878	25
621	5	991	24
621	5	1408	25
621	5	1669	29
622	5	469	24
622	5	887	25
623	5	1148	24
623	5	1982	25
624	5	574	24
624	5	1408	25
625	5	1043	24
625	5	1513	25
626	5	574	24
626	5	1148	25
626	5	1461	29
627	5	626	24
627	5	1252	25
627	5	1617	29
628	5	678	24
628	5	1356	25
628	5	1722	29
629	5	939	24
629	5	2035	25
630	5	834	24
630	5	1617	25
630	5	2035	29
631	5	730	24
631	5	1252	25
631	5	1513	29
631	5	2139	28
632	5	469	24
632	5	834	25
632	5	1304	29
632	5	2243	28
633	5	1565	24
634	5	1148	24
634	5	1617	25
635	5	1408	24
636	5	2191	24
637	5	1356	24
638	5	1826	24
638	5	2295	25
639	5	521	24
639	5	1043	25
639	5	1304	29
639	5	2139	28
640	5	834	24
641	5	626	24
642	5	1148	24
642	5	1669	25
644	5	574	24
644	5	2035	25
645	5	782	24
645	5	1304	25
645	5	1617	29
646	5	521	24
646	5	991	25
646	5	1304	29
647	5	1513	24
648	5	782	24
648	5	1461	25
648	5	2035	29
649	5	574	24
649	5	1148	25
649	5	1565	29
650	5	1461	24
650	5	2035	25
650	5	2295	29
651	5	626	24
651	5	2295	25
652	5	626	24
652	5	1304	25
652	5	1669	29
653	5	626	24
653	5	1304	25
653	5	1669	29
654	5	939	24
654	5	2035	25
655	5	782	24
655	5	1461	25
655	5	1826	29
656	5	730	24
656	5	1356	25
656	5	1722	29
657	5	574	24
658	5	574	24
658	5	1095	25
658	5	1356	29
658	5	2087	28
659	5	1095	24
659	5	1565	25
659	5	2139	29
660	5	887	24
661	5	521	24
661	5	1043	25
661	5	1513	29
662	5	730	24
662	5	1304	25
662	5	1617	29
663	5	1043	24
663	5	1669	25
664	5	574	24
664	5	1095	25
664	5	1408	29
664	5	2035	28
665	5	521	24
665	5	939	25
665	5	1565	29
666	5	469	24
666	5	887	25
666	5	1826	29
667	5	521	24
667	5	2139	25
668	5	991	24
668	5	1617	25
668	5	1982	29
669	5	887	24
669	5	1513	25
669	5	1878	29
670	5	939	24
670	5	1565	25
670	5	1930	29
671	5	1408	24
672	5	939	24
672	5	1878	25
672	5	2295	29
673	5	834	24
673	5	1669	25
674	5	782	24
674	5	1356	25
674	5	1617	29
675	5	1043	24
675	5	1461	25
675	5	1722	29
676	5	521	24
676	5	939	25
676	5	1252	29
676	5	2087	28
677	5	939	24
677	5	1304	25
677	5	1565	29
678	5	574	24
678	5	1252	25
678	5	1826	29
679	5	1200	24
680	5	991	24
680	5	1408	25
680	5	1669	29
681	5	991	24
682	5	626	24
682	5	1669	25
682	5	1982	29
683	5	1252	24
684	5	1043	24
684	5	1408	25
684	5	1669	29
685	5	626	24
685	5	2035	25
686	5	574	24
686	5	1617	25
687	5	1408	24
688	5	1200	24
688	5	1826	25
688	5	2243	29
689	5	1148	24
689	5	1669	25
690	5	626	24
691	5	574	24
691	5	1043	25
691	5	1356	29
691	5	1982	28
692	5	626	24
692	5	1148	25
692	5	1408	29
693	5	678	24
693	5	1252	25
693	5	1513	29
693	5	2295	28
694	5	626	24
694	5	1252	25
694	5	1669	29
695	5	469	24
695	5	834	25
695	5	1826	29
696	5	991	24
696	5	2035	25
697	5	521	24
697	5	1095	25
697	5	1513	29
697	5	2295	28
698	5	1513	24
698	5	2035	25
698	5	2295	29
699	5	730	24
699	5	1408	25
700	5	626	24
701	5	991	24
701	5	1356	25
701	5	1617	29
701	5	2295	28
702	5	730	24
703	5	521	24
703	5	991	25
703	5	1408	29
704	5	2035	24
705	5	991	24
705	5	1722	25
705	5	1982	29
706	5	521	24
706	5	887	25
706	5	1878	29
707	5	574	24
707	5	1461	25
707	5	2191	29
708	5	1095	24
708	5	1513	25
708	5	1930	29
709	5	574	24
709	5	1148	25
709	5	1461	29
709	5	2191	28
710	5	574	24
710	5	1095	25
710	5	1356	29
711	5	1043	24
711	5	1565	25
711	5	1826	29
712	5	887	24
712	5	1513	25
714	5	469	24
714	5	887	25
714	5	1669	29
715	5	834	24
715	5	1565	25
715	5	2191	29
716	5	469	24
716	5	834	25
716	5	1148	29
717	5	1043	24
717	5	1408	25
717	5	1669	29
717	5	2243	28
718	5	521	24
718	5	1043	25
718	5	1356	29
719	5	939	24
720	5	1982	24
721	5	782	24
721	5	1356	25
721	5	1669	29
722	5	469	24
722	5	834	25
722	5	1095	29
722	5	1669	28
723	5	730	24
723	5	2139	25
724	5	782	24
724	5	2243	25
725	5	626	24
725	5	1200	25
725	5	1513	29
726	5	730	24
726	5	1252	25
726	5	1513	29
727	5	1252	24
728	5	1826	24
728	5	2295	25
729	5	574	24
729	5	1930	25
729	5	2295	29
730	5	730	24
730	5	1461	25
731	5	469	24
731	5	834	25
731	5	1930	29
732	5	626	24
732	5	1878	25
733	5	574	24
733	5	1095	25
733	5	1408	29
734	5	469	24
734	5	939	25
734	5	1565	29
735	5	1982	24
736	5	1043	24
737	5	574	24
737	5	1095	25
737	5	1461	29
737	5	2087	28
738	5	626	24
738	5	1095	25
738	5	1356	29
738	5	1930	28
739	5	1095	24
739	5	1565	25
741	5	626	24
741	5	1513	25
742	5	469	24
742	5	834	25
742	5	1200	29
742	5	1930	28
743	5	521	24
743	5	939	25
743	5	1774	29
744	5	1148	24
744	5	1565	25
744	5	1826	29
745	5	1148	24
745	5	2295	25
746	5	1304	24
747	5	730	24
747	5	1669	25
748	5	2035	24
749	5	1408	24
750	5	626	24
750	5	2035	25
750	5	2295	29
751	5	1356	24
752	5	939	24
752	5	1408	25
752	5	1669	29
752	5	2295	28
753	5	521	24
753	5	939	25
753	5	1304	29
753	5	1982	28
754	5	521	24
754	5	939	25
754	5	1408	29
755	5	521	24
755	5	939	25
755	5	1826	29
756	5	521	24
756	5	991	25
756	5	1252	29
756	5	1930	28
757	5	1617	24
757	5	2139	25
758	5	469	24
758	5	834	25
758	5	1304	29
759	5	1356	24
760	5	730	24
761	5	782	24
761	5	1722	25
761	5	2035	29
762	5	626	24
762	5	1304	25
762	5	1722	29
763	5	1148	24
763	5	1669	25
763	5	1930	29
764	5	678	24
765	5	521	24
765	5	939	25
765	5	1878	29
766	5	574	24
766	5	2087	25
767	5	1148	24
767	5	1669	25
767	5	2035	29
768	5	1513	24
769	5	834	24
770	5	1982	24
771	5	1148	24
771	5	1617	25
772	5	887	24
772	5	2139	25
773	5	1408	24
774	5	521	24
774	5	939	25
774	5	1252	29
775	5	1252	24
776	5	469	24
776	5	834	25
776	5	1200	29
776	5	1982	28
777	5	2035	24
778	5	574	24
778	5	1513	25
778	5	2087	29
779	5	1930	24
780	5	626	24
780	5	2087	25
781	5	626	24
781	5	1200	25
781	5	1513	29
782	5	678	24
782	5	1878	25
782	5	2243	29
783	5	1461	24
784	5	521	24
784	5	939	25
784	5	1878	29
785	5	626	24
785	5	2087	25
786	5	782	24
787	5	1356	24
787	5	1982	25
787	5	2243	29
788	5	574	24
788	5	1200	25
788	5	1826	29
789	5	1095	24
789	5	1513	25
789	5	1774	29
790	5	887	24
790	5	1669	25
790	5	2087	29
791	5	1408	24
791	5	2191	25
792	5	574	24
793	5	469	24
793	5	887	25
793	5	1565	29
793	5	2295	28
794	5	521	24
794	5	887	25
794	5	2035	29
795	5	1722	24
795	5	2191	25
796	5	1356	24
796	5	2295	25
797	5	521	24
797	5	939	25
797	5	2243	29
798	5	1043	24
798	5	1826	25
798	5	2087	29
800	5	1304	24
801	5	1356	24
801	5	1878	25
801	5	2139	29
802	5	626	24
802	5	1304	25
802	5	1722	29
803	5	626	24
803	5	1200	25
803	5	1513	29
804	5	678	24
804	5	1617	25
804	5	1930	29
806	5	1408	24
806	5	2139	25
807	5	469	24
807	5	834	25
807	5	1095	29
807	5	1617	28
808	5	1982	24
809	5	1774	24
809	5	2243	25
810	5	469	24
810	5	834	25
810	5	1408	29
811	5	469	24
811	5	887	25
811	5	1930	29
812	5	521	24
812	5	991	25
812	5	1356	29
812	5	2035	28
813	5	678	24
813	5	1617	25
814	5	678	24
815	5	521	24
815	5	939	25
816	5	1095	24
816	5	1617	25
816	5	2191	29
817	5	2191	24
818	5	678	24
818	5	1356	25
818	5	1774	29
819	5	1461	24
819	5	2191	25
820	5	730	24
820	5	2139	25
821	5	1148	24
821	5	1669	25
821	5	2191	29
822	5	469	24
822	5	834	25
822	5	1669	29
823	5	469	24
823	5	887	25
823	5	1148	29
823	5	1878	28
824	5	1043	24
824	5	1461	25
824	5	1722	29
825	5	991	24
825	5	1408	25
825	5	1722	29
826	5	991	24
826	5	1461	25
826	5	2087	29
827	5	887	24
828	5	1252	24
828	5	1722	25
828	5	2139	29
829	5	1982	24
830	5	1095	24
830	5	2035	25
831	5	574	24
831	5	1095	25
831	5	1356	29
831	5	1930	28
832	5	521	24
832	5	991	25
832	5	1252	29
832	5	1826	28
833	5	1200	24
833	5	1722	25
834	5	574	24
834	5	1043	25
834	5	1356	29
834	5	1982	28
835	5	678	24
835	5	1774	25
835	5	2295	29
836	5	2087	24
837	5	1200	24
837	5	1878	25
837	5	2191	29
838	5	521	24
838	5	939	25
838	5	1408	29
838	5	2087	28
839	5	1356	24
839	5	1878	25
839	5	2191	29
840	5	469	24
840	5	834	25
840	5	1095	29
840	5	1617	28
841	5	574	24
842	5	834	24
842	5	1408	25
842	5	1774	29
843	5	469	24
843	5	887	25
843	5	1148	29
843	5	1774	28
843	5	2243	30
844	5	1200	24
844	5	2243	25
845	5	1252	24
846	5	1408	24
847	5	1200	24
847	5	1617	25
847	5	1930	29
848	5	469	24
848	5	834	25
848	5	1148	29
849	5	1930	24
850	5	521	24
850	5	991	25
850	5	1252	29
850	5	1722	28
851	5	2295	24
852	5	939	24
853	5	1408	24
853	5	2035	25
854	5	1043	24
854	5	1461	25
854	5	1722	29
855	5	626	24
855	5	2139	25
856	5	678	24
856	5	2035	25
857	5	1304	24
858	5	730	24
858	5	1356	25
858	5	1617	29
859	5	834	24
860	5	1617	24
861	5	521	24
862	5	1565	24
862	5	2139	25
863	5	574	24
863	5	1043	25
863	5	1356	29
864	5	521	24
864	5	887	25
864	5	1200	29
864	5	1878	28
865	5	521	24
865	5	1148	25
865	5	1826	29
866	5	469	24
866	5	887	25
866	5	1617	29
867	5	782	24
867	5	1826	25
868	5	574	24
868	5	1252	25
868	5	1826	29
869	5	991	24
869	5	1356	25
869	5	1617	29
870	5	1095	24
870	5	1617	25
871	5	1095	24
871	5	1565	25
871	5	1982	29
873	5	469	24
873	5	887	25
873	5	1200	29
875	5	574	24
875	5	1252	25
875	5	1669	29
876	5	521	24
876	5	2087	25
877	5	469	24
877	5	834	25
877	5	1095	29
877	5	1669	28
878	5	1200	24
878	5	1774	25
878	5	2139	29
879	5	678	24
879	5	1826	25
879	5	2295	29
880	5	469	24
880	5	834	25
880	5	1356	29
881	5	991	24
882	5	1252	24
882	5	1669	25
883	5	1774	24
884	5	521	24
884	5	1722	25
884	5	2087	29
885	5	521	24
885	5	939	25
885	5	1200	29
885	5	1722	28
886	5	991	24
886	5	1930	25
886	5	2295	29
887	5	678	24
887	5	1461	25
888	5	1826	24
889	5	1356	24
889	5	2035	25
890	5	1252	24
890	5	1722	25
890	5	1982	29
891	5	574	24
891	5	1304	25
891	5	2243	29
892	5	1513	24
892	5	2035	25
893	5	574	24
894	5	626	24
894	5	1669	25
895	5	678	24
895	5	1774	25
895	5	2035	29
896	5	574	24
897	5	574	24
897	5	1095	25
897	5	1461	29
898	5	521	24
898	5	1043	25
898	5	1304	29
899	5	521	24
899	5	991	25
899	5	1304	29
899	5	2191	28
900	5	991	24
900	5	1669	25
900	5	2139	29
901	5	469	24
901	5	834	25
901	5	2139	29
902	5	887	24
902	5	1304	25
902	5	1565	29
903	5	574	24
903	5	1043	25
903	5	1408	29
903	5	2035	28
905	5	1148	24
905	5	1930	25
906	5	521	24
907	5	2035	24
908	5	521	24
908	5	1043	25
908	5	1565	29
909	5	1930	24
910	5	1095	24
910	5	1617	25
910	5	2139	29
911	5	1252	24
912	5	574	24
913	5	1304	24
913	5	1774	25
913	5	2087	29
914	5	834	24
914	5	1356	25
914	5	1617	29
915	5	1252	24
915	5	1722	25
916	5	574	24
916	5	1043	25
916	5	1356	29
917	5	730	24
917	5	1878	25
917	5	2191	29
918	5	1200	24
918	5	1617	25
919	5	1356	24
919	5	2139	25
920	5	834	24
920	5	2035	25
921	5	782	24
922	5	678	24
922	5	1826	25
922	5	2087	29
923	5	1252	24
924	5	574	24
924	5	1043	25
924	5	1304	29
925	5	521	24
925	5	1513	25
926	5	626	24
926	5	1200	25
926	5	1513	29
926	5	2139	28
927	5	887	24
927	5	1408	25
927	5	1722	29
929	5	574	24
929	5	1200	25
929	5	1565	29
931	5	521	24
931	5	939	25
931	5	1200	29
931	5	1722	28
932	5	1095	24
932	5	1669	25
932	5	1930	29
933	5	1252	24
933	5	1669	25
933	5	1982	29
934	5	1043	24
934	5	1617	25
935	5	574	24
935	5	1200	25
935	5	1930	29
936	5	834	24
936	5	1930	25
936	5	2295	29
937	5	887	24
937	5	2087	25
938	5	991	24
938	5	1565	25
938	5	1982	29
939	5	1252	24
940	5	678	24
940	5	1200	25
940	5	1461	29
940	5	2139	28
941	5	469	24
941	5	939	25
941	5	1252	29
941	5	2087	28
942	5	521	24
942	5	939	25
942	5	1200	29
942	5	2139	28
943	5	782	24
944	5	730	24
944	5	1617	25
944	5	1982	29
945	5	1461	24
946	5	782	24
946	5	1513	25
946	5	1930	29
947	5	521	24
947	5	991	25
947	5	1252	29
947	5	1722	28
948	5	521	24
948	5	939	25
948	5	1565	29
949	5	469	24
949	5	834	25
949	5	1095	29
949	5	1722	28
950	5	469	24
950	5	887	25
950	5	1356	29
952	5	2191	24
953	5	521	24
953	5	939	25
953	5	1356	29
954	5	469	24
954	5	834	25
954	5	1304	29
956	5	782	24
957	5	1513	24
958	5	1148	24
960	5	678	24
960	5	1356	25
960	5	1722	29
961	5	626	24
961	5	1304	25
961	5	1722	29
962	5	1982	24
963	5	574	24
963	5	1826	25
963	5	2139	29
964	5	521	24
964	5	1043	25
964	5	1304	29
964	5	1930	28
965	5	939	24
965	5	1513	25
965	5	2295	29
966	5	521	24
966	5	991	25
966	5	1774	29
967	5	1408	24
968	5	678	24
968	5	1669	25
968	5	2035	29
969	5	730	24
969	5	1356	25
969	5	1669	29
971	5	574	24
971	5	1148	25
971	5	1565	29
972	5	469	24
972	5	834	25
972	5	1095	29
972	5	1722	28
973	5	678	24
974	5	626	24
974	5	2295	25
975	5	1304	24
975	5	2295	25
976	5	678	24
976	5	1200	25
976	5	1513	29
976	5	2191	28
977	5	1826	24
978	5	521	24
978	5	1043	25
978	5	1461	29
979	5	1304	24
979	5	1722	25
979	5	1982	29
980	5	1774	24
981	5	939	24
981	5	1356	25
981	5	1617	29
982	5	574	24
982	5	1669	25
983	5	521	24
983	5	887	25
984	5	991	24
984	5	1513	25
984	5	1878	29
985	5	1095	24
985	5	1513	25
985	5	1774	29
986	5	2243	24
987	5	1200	24
987	5	2139	25
988	5	626	24
988	5	1774	25
988	5	2087	29
989	5	469	24
989	5	939	25
989	5	2139	29
990	5	1774	24
990	5	2295	25
992	5	1930	24
993	5	887	24
994	5	1982	24
995	5	469	24
995	5	834	25
995	5	1513	29
996	5	1200	24
997	5	2295	24
998	5	626	24
998	5	1095	25
998	5	1356	29
998	5	1878	28
999	5	1408	24
