Realization	utility	week	infra.
0	0	678	29
1	0	730	29
2	0	887	29
4	0	834	29
5	0	834	29
10	0	678	29
14	0	678	29
15	0	887	29
16	0	730	29
17	0	678	29
18	0	782	29
21	0	678	29
23	0	782	29
24	0	730	29
27	0	730	29
35	0	782	29
36	0	834	29
40	0	626	29
43	0	730	29
46	0	887	29
49	0	887	29
53	0	782	29
55	0	887	29
57	0	730	29
58	0	834	29
59	0	834	29
61	0	887	29
75	0	730	29
80	0	782	29
87	0	678	29
92	0	782	29
101	0	939	29
107	0	730	29
108	0	887	29
110	0	782	29
113	0	678	29
122	0	730	29
124	0	730	29
125	0	834	29
126	0	678	29
127	0	678	29
128	0	626	29
130	0	834	29
132	0	730	29
135	0	730	29
136	0	678	29
138	0	678	29
139	0	834	29
139	0	2295	30
141	0	834	29
146	0	782	29
149	0	730	29
150	0	887	29
154	0	834	29
155	0	574	29
156	0	782	29
159	0	678	29
164	0	887	29
165	0	887	29
169	0	834	29
170	0	678	29
176	0	730	29
181	0	730	29
183	0	782	29
185	0	887	29
191	0	730	29
196	0	678	29
199	0	730	29
204	0	887	29
206	0	678	29
206	0	2295	30
207	0	782	29
225	0	626	29
226	0	834	29
228	0	730	29
230	0	678	29
231	0	678	29
232	0	834	29
240	0	782	29
243	0	678	29
244	0	782	29
248	0	834	29
249	0	678	29
250	0	678	29
251	0	939	29
258	0	678	29
259	0	626	29
260	0	782	29
265	0	887	29
267	0	678	29
269	0	730	29
272	0	678	29
284	0	730	29
286	0	678	29
288	0	939	29
293	0	626	29
294	0	730	29
296	0	730	29
299	0	782	29
301	0	782	29
303	0	730	29
304	0	730	29
306	0	730	29
309	0	678	29
310	0	887	29
321	0	678	29
322	0	887	29
326	0	678	29
331	0	730	29
333	0	782	29
335	0	626	29
339	0	834	29
342	0	782	29
343	0	678	29
347	0	834	29
348	0	730	29
349	0	887	29
353	0	887	29
354	0	626	29
355	0	939	29
357	0	939	29
364	0	730	29
368	0	678	29
369	0	834	29
371	0	939	29
382	0	782	29
384	0	887	29
386	0	887	29
389	0	730	29
390	0	730	29
391	0	887	29
393	0	574	29
396	0	626	29
399	0	782	29
406	0	939	29
411	0	730	29
412	0	782	29
412	0	2295	30
413	0	730	29
415	0	887	29
417	0	939	29
419	0	887	29
424	0	730	29
428	0	730	29
430	0	834	29
431	0	678	29
432	0	939	29
434	0	834	29
435	0	626	29
436	0	730	29
437	0	782	29
445	0	887	29
452	0	887	29
453	0	730	29
460	0	834	29
461	0	730	29
465	0	730	29
466	0	834	29
467	0	678	29
468	0	626	29
469	0	678	29
472	0	887	29
474	0	782	29
487	0	782	29
489	0	678	29
491	0	939	29
494	0	939	29
497	0	678	29
500	0	678	29
503	0	626	29
508	0	834	29
514	0	887	29
515	0	730	29
519	0	887	29
521	0	730	29
523	0	887	29
527	0	730	29
528	0	626	29
529	0	730	29
534	0	678	29
538	0	782	29
539	0	730	29
541	0	834	29
550	0	730	29
551	0	678	29
554	0	626	29
555	0	574	29
558	0	730	29
565	0	834	29
566	0	939	29
568	0	730	29
571	0	626	29
575	0	678	29
577	0	730	29
583	0	730	29
584	0	678	29
585	0	678	29
587	0	626	29
588	0	939	29
589	0	887	29
590	0	782	29
595	0	887	29
598	0	574	29
599	0	730	29
601	0	887	29
607	0	678	29
620	0	834	29
622	0	678	29
624	0	834	29
627	0	939	29
632	0	678	29
639	0	887	29
644	0	887	29
646	0	782	29
649	0	939	29
651	0	887	29
657	0	939	29
658	0	939	29
664	0	887	29
665	0	834	29
666	0	782	29
667	0	782	29
676	0	626	29
678	0	730	29
682	0	887	29
686	0	939	29
691	0	887	29
695	0	730	29
697	0	887	29
703	0	834	29
706	0	678	29
709	0	887	29
710	0	939	29
714	0	730	29
716	0	626	29
718	0	834	29
722	0	521	29
723	0	887	29
725	0	834	29
729	0	887	29
731	0	730	29
732	0	887	29
733	0	887	29
734	0	782	29
737	0	782	29
738	0	887	29
741	0	939	29
742	0	730	29
743	0	678	29
753	0	782	29
754	0	782	29
755	0	782	29
756	0	834	29
758	0	626	29
765	0	782	29
766	0	887	29
774	0	782	29
776	0	678	29
784	0	730	29
788	0	834	29
792	0	887	29
793	0	782	29
794	0	678	29
797	0	834	29
802	0	939	29
807	0	678	29
810	0	782	29
811	0	730	29
812	0	887	29
815	0	730	29
822	0	730	29
823	0	678	29
832	0	887	29
834	0	782	29
838	0	730	29
840	0	574	29
841	0	834	29
843	0	730	29
848	0	678	29
850	0	574	29
855	0	834	29
861	0	834	29
863	0	939	29
864	0	626	29
865	0	730	29
866	0	730	29
873	0	730	29
876	0	730	29
877	0	678	29
880	0	678	29
884	0	887	29
885	0	834	29
891	0	939	29
893	0	887	29
896	0	678	29
897	0	782	29
898	0	939	29
899	0	782	29
901	0	730	29
903	0	678	29
906	0	678	29
908	0	782	29
912	0	939	29
916	0	782	29
924	0	939	29
925	0	834	29
929	0	834	29
931	0	834	29
935	0	834	29
941	0	730	29
942	0	730	29
947	0	730	29
948	0	782	29
949	0	574	29
950	0	730	29
953	0	887	29
954	0	782	29
963	0	887	29
964	0	887	29
966	0	730	29
968	0	887	29
971	0	939	29
972	0	678	29
978	0	939	29
982	0	939	29
983	0	730	29
989	0	626	29
995	0	730	29
0	1	678	29
1	1	730	29
2	1	887	29
4	1	834	29
5	1	834	29
10	1	678	29
14	1	678	29
15	1	887	29
16	1	730	29
17	1	678	29
18	1	782	29
21	1	678	29
23	1	782	29
24	1	730	29
27	1	730	29
35	1	782	29
36	1	834	29
40	1	626	29
43	1	730	29
46	1	887	29
49	1	887	29
53	1	782	29
55	1	887	29
57	1	730	29
58	1	834	29
59	1	834	29
61	1	887	29
75	1	730	29
80	1	782	29
87	1	678	29
92	1	782	29
101	1	939	29
107	1	730	29
108	1	887	29
110	1	782	29
113	1	678	29
122	1	730	29
124	1	730	29
125	1	834	29
126	1	678	29
127	1	678	29
128	1	626	29
130	1	834	29
132	1	730	29
135	1	730	29
136	1	678	29
138	1	678	29
139	1	834	29
139	1	2295	30
141	1	834	29
146	1	782	29
149	1	730	29
150	1	887	29
154	1	834	29
155	1	574	29
156	1	782	29
159	1	678	29
164	1	887	29
165	1	887	29
169	1	834	29
170	1	678	29
176	1	730	29
181	1	730	29
183	1	782	29
185	1	887	29
191	1	730	29
196	1	678	29
199	1	730	29
204	1	887	29
206	1	678	29
206	1	2295	30
207	1	782	29
225	1	626	29
226	1	834	29
228	1	730	29
230	1	678	29
231	1	678	29
232	1	834	29
240	1	782	29
243	1	678	29
244	1	782	29
248	1	834	29
249	1	678	29
250	1	678	29
251	1	939	29
258	1	678	29
259	1	626	29
260	1	782	29
265	1	887	29
267	1	678	29
269	1	730	29
272	1	678	29
284	1	730	29
286	1	678	29
288	1	939	29
293	1	626	29
294	1	730	29
296	1	730	29
299	1	782	29
301	1	782	29
303	1	730	29
304	1	730	29
306	1	730	29
309	1	678	29
310	1	887	29
321	1	678	29
322	1	887	29
326	1	678	29
331	1	730	29
333	1	782	29
335	1	626	29
339	1	834	29
342	1	782	29
343	1	678	29
347	1	834	29
348	1	730	29
349	1	887	29
353	1	887	29
354	1	626	29
355	1	939	29
357	1	939	29
364	1	730	29
368	1	678	29
369	1	834	29
371	1	939	29
382	1	782	29
384	1	887	29
386	1	887	29
389	1	730	29
390	1	730	29
391	1	887	29
393	1	574	29
396	1	626	29
399	1	782	29
406	1	939	29
411	1	730	29
412	1	782	29
412	1	2295	30
413	1	730	29
415	1	887	29
417	1	939	29
419	1	887	29
424	1	730	29
428	1	730	29
430	1	834	29
431	1	678	29
432	1	939	29
434	1	834	29
435	1	626	29
436	1	730	29
437	1	782	29
445	1	887	29
452	1	887	29
453	1	730	29
460	1	834	29
461	1	730	29
465	1	730	29
466	1	834	29
467	1	678	29
468	1	626	29
469	1	678	29
472	1	887	29
474	1	782	29
487	1	782	29
489	1	678	29
491	1	939	29
494	1	939	29
497	1	678	29
500	1	678	29
503	1	626	29
508	1	834	29
514	1	887	29
515	1	730	29
519	1	887	29
521	1	730	29
523	1	887	29
527	1	730	29
528	1	626	29
529	1	730	29
534	1	678	29
538	1	782	29
539	1	730	29
541	1	834	29
550	1	730	29
551	1	678	29
554	1	626	29
555	1	574	29
558	1	730	29
565	1	834	29
566	1	939	29
568	1	730	29
571	1	626	29
575	1	678	29
577	1	730	29
583	1	730	29
584	1	678	29
585	1	678	29
587	1	626	29
588	1	939	29
589	1	887	29
590	1	782	29
595	1	887	29
598	1	574	29
599	1	730	29
601	1	887	29
607	1	678	29
620	1	834	29
622	1	678	29
624	1	834	29
627	1	939	29
632	1	678	29
639	1	887	29
644	1	887	29
646	1	782	29
649	1	939	29
651	1	887	29
657	1	939	29
658	1	939	29
664	1	887	29
665	1	834	29
666	1	782	29
667	1	782	29
676	1	626	29
678	1	730	29
682	1	887	29
686	1	939	29
691	1	887	29
695	1	730	29
697	1	887	29
703	1	834	29
706	1	678	29
709	1	887	29
710	1	939	29
714	1	730	29
716	1	626	29
718	1	834	29
722	1	521	29
723	1	887	29
725	1	834	29
729	1	887	29
731	1	730	29
732	1	887	29
733	1	887	29
734	1	782	29
737	1	782	29
738	1	887	29
741	1	939	29
742	1	730	29
743	1	678	29
753	1	782	29
754	1	782	29
755	1	782	29
756	1	834	29
758	1	626	29
765	1	782	29
766	1	887	29
774	1	782	29
776	1	678	29
784	1	730	29
788	1	834	29
792	1	887	29
793	1	782	29
794	1	678	29
797	1	834	29
802	1	939	29
807	1	678	29
810	1	782	29
811	1	730	29
812	1	887	29
815	1	730	29
822	1	730	29
823	1	678	29
832	1	887	29
834	1	782	29
838	1	730	29
840	1	574	29
841	1	834	29
843	1	730	29
848	1	678	29
850	1	574	29
855	1	834	29
861	1	834	29
863	1	939	29
864	1	626	29
865	1	730	29
866	1	730	29
873	1	730	29
876	1	730	29
877	1	678	29
880	1	678	29
884	1	887	29
885	1	834	29
891	1	939	29
893	1	887	29
896	1	678	29
897	1	782	29
898	1	939	29
899	1	782	29
901	1	730	29
903	1	678	29
906	1	678	29
908	1	782	29
912	1	939	29
916	1	782	29
924	1	939	29
925	1	834	29
929	1	834	29
931	1	834	29
935	1	834	29
941	1	730	29
942	1	730	29
947	1	730	29
948	1	782	29
949	1	574	29
950	1	730	29
953	1	887	29
954	1	782	29
963	1	887	29
964	1	887	29
966	1	730	29
968	1	887	29
971	1	939	29
972	1	678	29
978	1	939	29
982	1	939	29
983	1	730	29
989	1	626	29
995	1	730	29
0	2	313	26
1	2	313	26
2	2	313	26
3	2	313	26
4	2	313	26
5	2	313	26
6	2	313	26
7	2	313	26
8	2	313	26
9	2	313	26
10	2	313	26
11	2	313	26
12	2	313	26
13	2	313	26
14	2	313	26
15	2	313	26
16	2	313	26
17	2	313	26
18	2	313	26
19	2	313	26
20	2	313	26
21	2	313	26
22	2	313	26
23	2	313	26
24	2	313	26
25	2	313	26
26	2	313	26
27	2	313	26
28	2	313	26
29	2	313	26
30	2	313	26
31	2	313	26
32	2	313	26
33	2	313	26
34	2	313	26
35	2	313	26
36	2	313	26
37	2	313	26
38	2	313	26
39	2	313	26
40	2	313	26
41	2	313	26
42	2	313	26
43	2	313	26
44	2	313	26
45	2	313	26
46	2	313	26
47	2	313	26
48	2	313	26
49	2	313	26
50	2	313	26
51	2	313	26
52	2	313	26
53	2	313	26
54	2	313	26
55	2	313	26
56	2	313	26
57	2	313	26
58	2	313	26
59	2	313	26
60	2	313	26
61	2	313	26
62	2	313	26
63	2	313	26
64	2	313	26
65	2	313	26
66	2	313	26
67	2	313	26
68	2	313	26
69	2	313	26
70	2	313	26
71	2	313	26
72	2	313	26
73	2	313	26
74	2	313	26
75	2	313	26
76	2	313	26
77	2	313	26
78	2	313	26
79	2	313	26
80	2	313	26
81	2	313	26
82	2	313	26
83	2	313	26
84	2	313	26
85	2	313	26
86	2	313	26
87	2	313	26
88	2	313	26
89	2	313	26
90	2	313	26
91	2	313	26
92	2	313	26
93	2	313	26
94	2	313	26
95	2	313	26
96	2	313	26
97	2	313	26
98	2	313	26
99	2	313	26
100	2	313	26
101	2	313	26
102	2	313	26
103	2	313	26
104	2	313	26
105	2	313	26
106	2	313	26
107	2	313	26
108	2	313	26
109	2	313	26
110	2	313	26
111	2	313	26
112	2	313	26
113	2	313	26
114	2	313	26
115	2	313	26
116	2	313	26
117	2	313	26
118	2	313	26
119	2	313	26
120	2	313	26
121	2	313	26
122	2	313	26
123	2	313	26
124	2	313	26
125	2	313	26
126	2	313	26
127	2	313	26
128	2	313	26
129	2	313	26
130	2	313	26
131	2	313	26
132	2	313	26
133	2	313	26
134	2	313	26
135	2	313	26
136	2	313	26
137	2	313	26
138	2	313	26
139	2	313	26
140	2	313	26
141	2	313	26
142	2	313	26
143	2	313	26
144	2	313	26
145	2	313	26
146	2	313	26
147	2	313	26
148	2	313	26
149	2	313	26
150	2	313	26
151	2	313	26
152	2	313	26
153	2	313	26
154	2	313	26
155	2	313	26
156	2	313	26
157	2	313	26
158	2	313	26
159	2	313	26
160	2	313	26
161	2	313	26
162	2	313	26
163	2	313	26
164	2	313	26
165	2	313	26
166	2	313	26
167	2	313	26
168	2	313	26
169	2	313	26
170	2	313	26
171	2	313	26
172	2	313	26
173	2	313	26
174	2	313	26
175	2	313	26
176	2	313	26
177	2	313	26
178	2	313	26
179	2	313	26
180	2	313	26
181	2	313	26
182	2	313	26
183	2	313	26
184	2	313	26
185	2	313	26
186	2	313	26
187	2	313	26
188	2	313	26
189	2	313	26
190	2	313	26
191	2	313	26
192	2	313	26
193	2	313	26
194	2	313	26
195	2	313	26
196	2	313	26
197	2	313	26
198	2	313	26
199	2	313	26
200	2	313	26
201	2	313	26
202	2	313	26
203	2	313	26
204	2	313	26
205	2	313	26
206	2	313	26
207	2	313	26
208	2	313	26
209	2	313	26
210	2	313	26
211	2	313	26
212	2	313	26
213	2	313	26
214	2	313	26
215	2	313	26
216	2	313	26
217	2	313	26
218	2	313	26
219	2	313	26
220	2	313	26
221	2	313	26
222	2	313	26
223	2	313	26
224	2	313	26
225	2	313	26
226	2	313	26
227	2	313	26
228	2	313	26
229	2	313	26
230	2	313	26
231	2	313	26
232	2	313	26
233	2	313	26
234	2	313	26
235	2	313	26
236	2	313	26
237	2	313	26
238	2	313	26
239	2	313	26
240	2	313	26
241	2	313	26
242	2	313	26
243	2	313	26
244	2	313	26
245	2	313	26
246	2	313	26
247	2	313	26
248	2	313	26
249	2	313	26
250	2	313	26
251	2	313	26
252	2	313	26
253	2	313	26
254	2	313	26
255	2	313	26
256	2	313	26
257	2	313	26
258	2	313	26
259	2	313	26
260	2	313	26
261	2	313	26
262	2	313	26
263	2	313	26
264	2	313	26
265	2	313	26
266	2	313	26
267	2	313	26
268	2	313	26
269	2	313	26
270	2	313	26
271	2	313	26
272	2	313	26
273	2	313	26
274	2	313	26
275	2	313	26
276	2	313	26
277	2	313	26
278	2	313	26
279	2	313	26
280	2	313	26
281	2	313	26
282	2	313	26
283	2	313	26
284	2	313	26
285	2	313	26
286	2	313	26
287	2	313	26
288	2	313	26
289	2	313	26
290	2	313	26
291	2	313	26
292	2	313	26
293	2	313	26
294	2	313	26
295	2	313	26
296	2	313	26
297	2	313	26
298	2	313	26
299	2	313	26
300	2	313	26
301	2	313	26
302	2	313	26
303	2	313	26
304	2	313	26
305	2	313	26
306	2	313	26
307	2	313	26
308	2	313	26
309	2	313	26
310	2	313	26
311	2	313	26
312	2	313	26
313	2	313	26
314	2	313	26
315	2	313	26
316	2	313	26
317	2	313	26
318	2	313	26
319	2	313	26
320	2	313	26
321	2	313	26
322	2	313	26
323	2	313	26
324	2	313	26
325	2	313	26
326	2	313	26
327	2	313	26
328	2	313	26
329	2	313	26
330	2	313	26
331	2	313	26
332	2	313	26
333	2	313	26
334	2	313	26
335	2	313	26
336	2	313	26
337	2	313	26
338	2	313	26
339	2	313	26
340	2	313	26
341	2	313	26
342	2	313	26
343	2	313	26
344	2	313	26
345	2	313	26
346	2	313	26
347	2	313	26
348	2	313	26
349	2	313	26
350	2	313	26
351	2	313	26
352	2	313	26
353	2	313	26
354	2	313	26
355	2	313	26
356	2	313	26
357	2	313	26
358	2	313	26
359	2	313	26
360	2	313	26
361	2	313	26
362	2	313	26
363	2	313	26
364	2	313	26
365	2	313	26
366	2	313	26
367	2	313	26
368	2	313	26
369	2	313	26
370	2	313	26
371	2	313	26
372	2	313	26
373	2	313	26
374	2	313	26
375	2	313	26
376	2	313	26
377	2	313	26
378	2	313	26
379	2	313	26
380	2	313	26
381	2	313	26
382	2	313	26
383	2	313	26
384	2	313	26
385	2	313	26
386	2	313	26
387	2	313	26
388	2	313	26
389	2	313	26
390	2	313	26
391	2	313	26
392	2	313	26
393	2	313	26
394	2	313	26
395	2	313	26
396	2	313	26
397	2	313	26
398	2	313	26
399	2	313	26
400	2	313	26
401	2	313	26
402	2	313	26
403	2	313	26
404	2	313	26
405	2	313	26
406	2	313	26
407	2	313	26
408	2	313	26
409	2	313	26
410	2	313	26
411	2	313	26
412	2	313	26
413	2	313	26
414	2	313	26
415	2	313	26
416	2	313	26
417	2	313	26
418	2	313	26
419	2	313	26
420	2	313	26
421	2	313	26
422	2	313	26
423	2	313	26
424	2	313	26
425	2	313	26
426	2	313	26
427	2	313	26
428	2	313	26
429	2	313	26
430	2	313	26
431	2	313	26
432	2	313	26
433	2	313	26
434	2	313	26
435	2	313	26
436	2	313	26
437	2	313	26
438	2	313	26
439	2	313	26
440	2	313	26
441	2	313	26
442	2	313	26
443	2	313	26
444	2	313	26
445	2	313	26
446	2	313	26
447	2	313	26
448	2	313	26
449	2	313	26
450	2	313	26
451	2	313	26
452	2	313	26
453	2	313	26
454	2	313	26
455	2	313	26
456	2	313	26
457	2	313	26
458	2	313	26
459	2	313	26
460	2	313	26
461	2	313	26
462	2	313	26
463	2	313	26
464	2	313	26
465	2	313	26
466	2	313	26
467	2	313	26
468	2	313	26
469	2	313	26
470	2	313	26
471	2	313	26
472	2	313	26
473	2	313	26
474	2	313	26
475	2	313	26
476	2	313	26
477	2	313	26
478	2	313	26
479	2	313	26
480	2	313	26
481	2	313	26
482	2	313	26
483	2	313	26
484	2	313	26
485	2	313	26
486	2	313	26
487	2	313	26
488	2	313	26
489	2	313	26
490	2	313	26
491	2	313	26
492	2	313	26
493	2	313	26
494	2	313	26
495	2	313	26
496	2	313	26
497	2	313	26
498	2	313	26
499	2	313	26
500	2	313	26
501	2	313	26
502	2	313	26
503	2	313	26
504	2	313	26
505	2	313	26
506	2	313	26
507	2	313	26
508	2	313	26
509	2	313	26
510	2	313	26
511	2	313	26
512	2	313	26
513	2	313	26
514	2	313	26
515	2	313	26
516	2	313	26
517	2	313	26
518	2	313	26
519	2	313	26
520	2	313	26
521	2	313	26
522	2	313	26
523	2	313	26
524	2	313	26
525	2	313	26
526	2	313	26
527	2	313	26
528	2	313	26
529	2	313	26
530	2	313	26
531	2	313	26
532	2	313	26
533	2	313	26
534	2	313	26
535	2	313	26
536	2	313	26
537	2	313	26
538	2	313	26
539	2	313	26
540	2	313	26
541	2	313	26
542	2	313	26
543	2	313	26
544	2	313	26
545	2	313	26
546	2	313	26
547	2	313	26
548	2	313	26
549	2	313	26
550	2	313	26
551	2	313	26
552	2	313	26
553	2	313	26
554	2	313	26
555	2	313	26
556	2	313	26
557	2	313	26
558	2	313	26
559	2	313	26
560	2	313	26
561	2	313	26
562	2	313	26
563	2	313	26
564	2	313	26
565	2	313	26
566	2	313	26
567	2	313	26
568	2	313	26
569	2	313	26
570	2	313	26
571	2	313	26
572	2	313	26
573	2	313	26
574	2	313	26
575	2	313	26
576	2	313	26
577	2	313	26
578	2	313	26
579	2	313	26
580	2	313	26
581	2	313	26
582	2	313	26
583	2	313	26
584	2	313	26
585	2	313	26
586	2	313	26
587	2	313	26
588	2	313	26
589	2	313	26
590	2	313	26
591	2	313	26
592	2	313	26
593	2	313	26
594	2	313	26
595	2	313	26
596	2	313	26
597	2	313	26
598	2	313	26
599	2	313	26
600	2	313	26
601	2	313	26
602	2	313	26
603	2	313	26
604	2	313	26
605	2	313	26
606	2	313	26
607	2	313	26
608	2	313	26
609	2	313	26
610	2	313	26
611	2	313	26
612	2	313	26
613	2	313	26
614	2	313	26
615	2	313	26
616	2	313	26
617	2	313	26
618	2	313	26
619	2	313	26
620	2	313	26
621	2	313	26
622	2	313	26
623	2	313	26
624	2	313	26
625	2	313	26
626	2	313	26
627	2	313	26
628	2	313	26
629	2	313	26
630	2	313	26
631	2	313	26
632	2	313	26
633	2	313	26
634	2	313	26
635	2	313	26
636	2	313	26
637	2	313	26
638	2	313	26
639	2	313	26
640	2	313	26
641	2	313	26
642	2	313	26
643	2	313	26
644	2	313	26
645	2	313	26
646	2	313	26
647	2	313	26
648	2	313	26
649	2	313	26
650	2	313	26
651	2	313	26
652	2	313	26
653	2	313	26
654	2	313	26
655	2	313	26
656	2	313	26
657	2	313	26
658	2	313	26
659	2	313	26
660	2	313	26
661	2	313	26
662	2	313	26
663	2	313	26
664	2	313	26
665	2	313	26
666	2	313	26
667	2	313	26
668	2	313	26
669	2	313	26
670	2	313	26
671	2	313	26
672	2	313	26
673	2	313	26
674	2	313	26
675	2	313	26
676	2	313	26
677	2	313	26
678	2	313	26
679	2	313	26
680	2	313	26
681	2	313	26
682	2	313	26
683	2	313	26
684	2	313	26
685	2	313	26
686	2	313	26
687	2	313	26
688	2	313	26
689	2	313	26
690	2	313	26
691	2	313	26
692	2	313	26
693	2	313	26
694	2	313	26
695	2	313	26
696	2	313	26
697	2	313	26
698	2	313	26
699	2	313	26
700	2	313	26
701	2	313	26
702	2	313	26
703	2	313	26
704	2	313	26
705	2	313	26
706	2	313	26
707	2	313	26
708	2	313	26
709	2	313	26
710	2	313	26
711	2	313	26
712	2	313	26
713	2	313	26
714	2	313	26
715	2	313	26
716	2	313	26
717	2	313	26
718	2	313	26
719	2	313	26
720	2	313	26
721	2	313	26
722	2	313	26
723	2	313	26
724	2	313	26
725	2	313	26
726	2	313	26
727	2	313	26
728	2	313	26
729	2	313	26
730	2	313	26
731	2	313	26
732	2	313	26
733	2	313	26
734	2	313	26
735	2	313	26
736	2	313	26
737	2	313	26
738	2	313	26
739	2	313	26
740	2	313	26
741	2	313	26
742	2	313	26
743	2	313	26
744	2	313	26
745	2	313	26
746	2	313	26
747	2	313	26
748	2	313	26
749	2	313	26
750	2	313	26
751	2	313	26
752	2	313	26
753	2	313	26
754	2	313	26
755	2	313	26
756	2	313	26
757	2	313	26
758	2	313	26
759	2	313	26
760	2	313	26
761	2	313	26
762	2	313	26
763	2	313	26
764	2	313	26
765	2	313	26
766	2	313	26
767	2	313	26
768	2	313	26
769	2	313	26
770	2	313	26
771	2	313	26
772	2	313	26
773	2	313	26
774	2	313	26
775	2	313	26
776	2	313	26
777	2	313	26
778	2	313	26
779	2	313	26
780	2	313	26
781	2	313	26
782	2	313	26
783	2	313	26
784	2	313	26
785	2	313	26
786	2	313	26
787	2	313	26
788	2	313	26
789	2	313	26
790	2	313	26
791	2	313	26
792	2	313	26
793	2	313	26
794	2	313	26
795	2	313	26
796	2	313	26
797	2	313	26
798	2	313	26
799	2	313	26
800	2	313	26
801	2	313	26
802	2	313	26
803	2	313	26
804	2	313	26
805	2	313	26
806	2	313	26
807	2	313	26
808	2	313	26
809	2	313	26
810	2	313	26
811	2	313	26
812	2	313	26
813	2	313	26
814	2	313	26
815	2	313	26
816	2	313	26
817	2	313	26
818	2	313	26
819	2	313	26
820	2	313	26
821	2	313	26
822	2	313	26
823	2	313	26
824	2	313	26
825	2	313	26
826	2	313	26
827	2	313	26
828	2	313	26
829	2	313	26
830	2	313	26
831	2	313	26
832	2	313	26
833	2	313	26
834	2	313	26
835	2	313	26
836	2	313	26
837	2	313	26
838	2	313	26
839	2	313	26
840	2	313	26
841	2	313	26
842	2	313	26
843	2	313	26
844	2	313	26
845	2	313	26
846	2	313	26
847	2	313	26
848	2	313	26
849	2	313	26
850	2	313	26
851	2	313	26
852	2	313	26
853	2	313	26
854	2	313	26
855	2	313	26
856	2	313	26
857	2	313	26
858	2	313	26
859	2	313	26
860	2	313	26
861	2	313	26
862	2	313	26
863	2	313	26
864	2	313	26
865	2	313	26
866	2	313	26
867	2	313	26
868	2	313	26
869	2	313	26
870	2	313	26
871	2	313	26
872	2	313	26
873	2	313	26
874	2	313	26
875	2	313	26
876	2	313	26
877	2	313	26
878	2	313	26
879	2	313	26
880	2	313	26
881	2	313	26
882	2	313	26
883	2	313	26
884	2	313	26
885	2	313	26
886	2	313	26
887	2	313	26
888	2	313	26
889	2	313	26
890	2	313	26
891	2	313	26
892	2	313	26
893	2	313	26
894	2	313	26
895	2	313	26
896	2	313	26
897	2	313	26
898	2	313	26
899	2	313	26
900	2	313	26
901	2	313	26
902	2	313	26
903	2	313	26
904	2	313	26
905	2	313	26
906	2	313	26
907	2	313	26
908	2	313	26
909	2	313	26
910	2	313	26
911	2	313	26
912	2	313	26
913	2	313	26
914	2	313	26
915	2	313	26
916	2	313	26
917	2	313	26
918	2	313	26
919	2	313	26
920	2	313	26
921	2	313	26
922	2	313	26
923	2	313	26
924	2	313	26
925	2	313	26
926	2	313	26
927	2	313	26
928	2	313	26
929	2	313	26
930	2	313	26
931	2	313	26
932	2	313	26
933	2	313	26
934	2	313	26
935	2	313	26
936	2	313	26
937	2	313	26
938	2	313	26
939	2	313	26
940	2	313	26
941	2	313	26
942	2	313	26
943	2	313	26
944	2	313	26
945	2	313	26
946	2	313	26
947	2	313	26
948	2	313	26
949	2	313	26
950	2	313	26
951	2	313	26
952	2	313	26
953	2	313	26
954	2	313	26
955	2	313	26
956	2	313	26
957	2	313	26
958	2	313	26
959	2	313	26
960	2	313	26
961	2	313	26
962	2	313	26
963	2	313	26
964	2	313	26
965	2	313	26
966	2	313	26
967	2	313	26
968	2	313	26
969	2	313	26
970	2	313	26
971	2	313	26
972	2	313	26
973	2	313	26
974	2	313	26
975	2	313	26
976	2	313	26
977	2	313	26
978	2	313	26
979	2	313	26
980	2	313	26
981	2	313	26
982	2	313	26
983	2	313	26
984	2	313	26
985	2	313	26
986	2	313	26
987	2	313	26
988	2	313	26
989	2	313	26
990	2	313	26
991	2	313	26
992	2	313	26
993	2	313	26
994	2	313	26
995	2	313	26
996	2	313	26
997	2	313	26
998	2	313	26
999	2	313	26
0	3	678	29
1	3	730	29
2	3	887	29
4	3	834	29
4	3	1513	9
4	3	2035	12
5	3	834	29
10	3	678	29
14	3	678	29
15	3	887	29
16	3	730	29
17	3	678	29
18	3	782	29
21	3	678	29
23	3	782	29
24	3	730	29
27	3	730	29
35	3	782	29
36	3	834	29
40	3	626	29
40	3	1617	9
40	3	2087	12
43	3	730	29
46	3	887	29
49	3	887	29
53	3	782	29
53	3	2087	9
55	3	887	29
57	3	730	29
57	3	1669	9
58	3	834	29
58	3	1513	9
59	3	834	29
61	3	887	29
67	3	1722	9
75	3	730	29
80	3	782	29
87	3	678	29
87	3	1774	9
92	3	782	29
101	3	939	29
106	3	2139	9
107	3	730	29
108	3	887	29
110	3	782	29
113	3	678	29
122	3	730	29
122	3	1565	9
124	3	730	29
125	3	834	29
126	3	678	29
127	3	678	29
128	3	626	29
130	3	834	29
131	3	2139	9
132	3	730	29
135	3	730	29
136	3	678	29
136	3	1356	9
136	3	1722	12
138	3	678	29
138	3	1774	9
139	3	834	29
139	3	1356	9
139	3	1617	12
139	3	1930	20
139	3	2295	30
141	3	834	29
141	3	1513	9
146	3	782	29
149	3	730	29
149	3	1774	9
150	3	887	29
154	3	834	29
155	3	574	29
155	3	2295	9
156	3	782	29
159	3	678	29
159	3	1826	9
164	3	887	29
165	3	887	29
169	3	834	29
170	3	678	29
176	3	730	29
181	3	730	29
183	3	782	29
185	3	887	29
189	3	2035	9
191	3	730	29
196	3	678	29
196	3	1408	9
199	3	730	29
204	3	887	29
206	3	678	29
206	3	1148	20
206	3	1513	9
206	3	2035	12
206	3	2295	30
207	3	782	29
225	3	626	29
225	3	1617	9
226	3	834	29
226	3	1565	9
228	3	730	29
228	3	1513	9
230	3	678	29
231	3	678	29
232	3	834	29
232	3	1774	9
240	3	782	29
240	3	1878	9
243	3	678	29
243	3	1669	9
244	3	782	29
248	3	834	29
249	3	678	29
250	3	678	29
250	3	1461	9
251	3	939	29
258	3	678	29
259	3	626	29
260	3	782	29
265	3	887	29
267	3	678	29
269	3	730	29
271	3	2087	9
272	3	678	29
272	3	1513	9
272	3	2035	12
284	3	730	29
284	3	1513	9
286	3	678	29
286	3	1565	9
286	3	2087	12
288	3	939	29
293	3	626	29
293	3	1565	9
294	3	730	29
296	3	730	29
299	3	782	29
301	3	782	29
303	3	730	29
303	3	1513	9
304	3	730	29
306	3	730	29
309	3	678	29
309	3	1356	9
310	3	887	29
310	3	2243	9
321	3	678	29
322	3	887	29
326	3	678	29
331	3	730	29
333	3	782	29
333	3	2139	9
335	3	626	29
339	3	834	29
342	3	782	29
342	3	1774	9
343	3	678	29
347	3	834	29
348	3	730	29
349	3	887	29
349	3	1408	9
353	3	887	29
354	3	626	29
354	3	1304	9
354	3	1722	12
355	3	939	29
357	3	939	29
364	3	730	29
368	3	678	29
368	3	1565	9
369	3	834	29
371	3	939	29
382	3	782	29
384	3	887	29
386	3	887	29
387	3	1565	9
389	3	730	29
390	3	730	29
391	3	887	29
393	3	574	29
396	3	626	29
396	3	1408	9
396	3	1722	12
399	3	782	29
406	3	939	29
411	3	730	29
411	3	1356	9
411	3	1617	12
411	3	1930	20
412	3	782	29
412	3	1252	9
412	3	1722	12
412	3	2035	20
412	3	2295	30
413	3	730	29
413	3	1252	9
413	3	1513	12
413	3	1826	20
415	3	887	29
417	3	939	29
418	3	1513	9
419	3	887	29
424	3	730	29
424	3	1408	9
424	3	1722	12
424	3	2035	20
428	3	730	29
430	3	834	29
431	3	678	29
432	3	939	29
432	3	1774	9
434	3	834	29
434	3	1669	9
434	3	2087	12
435	3	626	29
436	3	730	29
436	3	1461	9
437	3	782	29
445	3	887	29
452	3	887	29
453	3	730	29
453	3	1408	9
460	3	834	29
461	3	730	29
463	3	1722	9
465	3	730	29
466	3	834	29
467	3	678	29
468	3	626	29
469	3	678	29
469	3	2139	9
472	3	887	29
474	3	782	29
481	3	1513	9
487	3	782	29
489	3	678	29
489	3	1774	9
490	3	2087	9
491	3	939	29
494	3	939	29
497	3	678	29
500	3	678	29
500	3	1356	9
503	3	626	29
503	3	1200	9
503	3	1513	12
503	3	2139	20
508	3	834	29
508	3	2191	9
514	3	887	29
515	3	730	29
515	3	1774	9
519	3	887	29
521	3	730	29
521	3	1669	9
523	3	887	29
525	3	1461	9
525	3	1722	12
527	3	730	29
528	3	626	29
529	3	730	29
529	3	1461	9
534	3	678	29
538	3	782	29
539	3	730	29
541	3	834	29
544	3	1774	9
544	3	2191	12
547	3	1930	9
550	3	730	29
550	3	1565	9
551	3	678	29
551	3	1408	9
554	3	626	29
555	3	574	29
555	3	1252	9
555	3	1617	12
555	3	2191	20
558	3	730	29
565	3	834	29
565	3	1669	9
565	3	2139	12
566	3	939	29
568	3	730	29
568	3	1461	9
571	3	626	29
575	3	678	29
575	3	1408	9
575	3	1722	12
577	3	730	29
583	3	730	29
583	3	1408	9
584	3	678	29
585	3	678	29
585	3	1356	9
585	3	1617	12
587	3	626	29
587	3	1304	9
587	3	1722	12
588	3	939	29
589	3	887	29
590	3	782	29
595	3	887	29
595	3	1617	9
598	3	574	29
599	3	730	29
601	3	887	29
607	3	678	29
607	3	2295	9
620	3	834	29
622	3	678	29
624	3	834	29
627	3	939	29
631	3	2295	9
632	3	678	29
639	3	887	29
639	3	1461	9
644	3	887	29
646	3	782	29
646	3	1774	9
649	3	939	29
651	3	887	29
657	3	939	29
658	3	939	29
664	3	887	29
664	3	1565	9
665	3	834	29
666	3	782	29
667	3	782	29
676	3	626	29
677	3	1774	9
678	3	730	29
682	3	887	29
686	3	939	29
691	3	887	29
691	3	2191	9
692	3	1565	9
695	3	730	29
697	3	887	29
703	3	834	29
706	3	678	29
709	3	887	29
710	3	939	29
710	3	1774	9
714	3	730	29
716	3	626	29
716	3	1513	9
718	3	834	29
718	3	1774	9
722	3	521	29
722	3	1408	9
723	3	887	29
725	3	834	29
729	3	887	29
731	3	730	29
732	3	887	29
733	3	887	29
734	3	782	29
737	3	782	29
737	3	2139	9
738	3	887	29
738	3	1774	9
738	3	2243	12
741	3	939	29
742	3	730	29
742	3	1826	9
742	3	2243	12
743	3	678	29
753	3	782	29
753	3	1774	9
754	3	782	29
755	3	782	29
756	3	834	29
758	3	626	29
765	3	782	29
766	3	887	29
774	3	782	29
776	3	678	29
776	3	1513	9
776	3	2035	12
781	3	2243	9
784	3	730	29
788	3	834	29
792	3	887	29
793	3	782	29
793	3	2191	9
794	3	678	29
797	3	834	29
802	3	939	29
807	3	678	29
807	3	1513	9
810	3	782	29
811	3	730	29
811	3	2191	9
812	3	887	29
812	3	1930	9
815	3	730	29
822	3	730	29
823	3	678	29
823	3	1565	9
823	3	2243	12
831	3	2087	9
832	3	887	29
832	3	1513	9
832	3	2191	12
834	3	782	29
838	3	730	29
840	3	574	29
840	3	1408	9
841	3	834	29
843	3	730	29
843	3	1461	9
843	3	1982	12
848	3	678	29
848	3	1774	9
850	3	574	29
850	3	1669	9
855	3	834	29
861	3	834	29
863	3	939	29
864	3	626	29
864	3	1513	9
864	3	1982	12
865	3	730	29
866	3	730	29
873	3	730	29
876	3	730	29
877	3	678	29
877	3	1252	9
877	3	1722	12
880	3	678	29
884	3	887	29
885	3	834	29
885	3	1513	9
891	3	939	29
893	3	887	29
896	3	678	29
897	3	782	29
898	3	939	29
898	3	1774	9
899	3	782	29
901	3	730	29
903	3	678	29
906	3	678	29
908	3	782	29
912	3	939	29
916	3	782	29
916	3	1774	9
924	3	939	29
924	3	1408	9
925	3	834	29
926	3	2087	9
929	3	834	29
931	3	834	29
931	3	1565	9
935	3	834	29
941	3	730	29
941	3	1617	9
942	3	730	29
942	3	1513	9
947	3	730	29
947	3	1565	9
948	3	782	29
949	3	574	29
949	3	1356	9
950	3	730	29
953	3	887	29
954	3	782	29
963	3	887	29
964	3	887	29
966	3	730	29
968	3	887	29
971	3	939	29
972	3	678	29
972	3	1304	9
976	3	2139	9
978	3	939	29
978	3	1826	9
982	3	939	29
983	3	730	29
989	3	626	29
995	3	730	29
998	3	1722	9
0	4	678	29
1	4	730	29
2	4	887	29
3	4	1356	28
4	4	834	29
5	4	834	29
6	4	1148	28
7	4	1200	28
8	4	1148	28
10	4	678	29
13	4	1930	28
14	4	678	29
15	4	887	29
16	4	730	29
17	4	678	29
18	4	782	29
19	4	2035	28
20	4	1043	28
21	4	678	29
22	4	1356	28
23	4	782	29
24	4	730	29
25	4	1982	28
26	4	1148	28
27	4	730	29
28	4	1148	28
29	4	1565	28
30	4	1356	28
31	4	991	28
32	4	1304	28
33	4	1617	28
34	4	1200	28
35	4	782	29
36	4	834	29
37	4	1878	28
38	4	1252	28
39	4	991	28
40	4	626	29
41	4	1304	28
42	4	1095	28
43	4	730	29
45	4	1095	28
46	4	887	29
47	4	1356	28
49	4	887	29
51	4	2035	28
52	4	2295	28
53	4	782	29
55	4	887	29
56	4	1669	28
57	4	730	29
58	4	834	29
59	4	834	29
61	4	887	29
62	4	991	28
63	4	1043	28
64	4	2035	28
65	4	1252	28
66	4	1408	28
67	4	1148	28
68	4	1722	28
69	4	1200	28
71	4	1304	28
73	4	2191	28
74	4	1982	28
75	4	730	29
76	4	1565	28
77	4	2035	28
79	4	1513	28
80	4	782	29
81	4	991	28
82	4	1774	28
83	4	1356	28
84	4	1095	28
86	4	1722	28
87	4	678	29
88	4	1200	28
89	4	1200	28
90	4	1513	28
91	4	991	28
92	4	782	29
93	4	1774	28
95	4	1930	28
96	4	1356	28
97	4	1930	28
98	4	1878	28
99	4	1774	28
100	4	2243	28
101	4	939	29
102	4	991	28
103	4	1461	28
104	4	991	28
106	4	1095	28
107	4	730	29
108	4	887	29
109	4	1617	28
110	4	782	29
111	4	1878	28
112	4	1722	28
113	4	678	29
114	4	2035	28
115	4	1722	28
116	4	1669	28
117	4	1774	28
118	4	1408	28
119	4	1565	28
120	4	1408	28
122	4	730	29
124	4	730	29
125	4	834	29
126	4	678	29
127	4	678	29
128	4	626	29
129	4	1356	28
130	4	834	29
131	4	1095	28
132	4	730	29
133	4	991	28
134	4	1304	28
135	4	730	29
136	4	678	29
137	4	1252	28
138	4	678	29
139	4	834	29
139	4	2295	30
141	4	834	29
142	4	1774	28
143	4	1356	28
145	4	1304	28
146	4	782	29
147	4	1095	28
148	4	1826	28
149	4	730	29
150	4	887	29
151	4	1669	28
152	4	991	28
153	4	1461	28
154	4	834	29
155	4	574	29
156	4	782	29
158	4	991	28
159	4	678	29
160	4	1148	28
161	4	2243	28
162	4	1252	28
163	4	2035	28
164	4	887	29
165	4	887	29
166	4	2087	28
167	4	1878	28
169	4	834	29
170	4	678	29
171	4	2035	28
172	4	1304	28
173	4	1774	28
174	4	1200	28
175	4	1043	28
176	4	730	29
179	4	991	28
181	4	730	29
183	4	782	29
185	4	887	29
187	4	1200	28
188	4	1982	28
189	4	1095	28
190	4	1304	28
191	4	730	29
192	4	1148	28
193	4	1043	28
196	4	678	29
198	4	1148	28
199	4	730	29
200	4	1252	28
201	4	1982	28
202	4	1252	28
203	4	1252	28
204	4	887	29
205	4	1617	28
206	4	678	29
206	4	2295	30
207	4	782	29
208	4	991	28
210	4	991	28
212	4	1461	28
213	4	1982	28
215	4	1408	28
217	4	1356	28
218	4	1200	28
220	4	1878	28
221	4	1148	28
222	4	2087	28
223	4	2295	28
224	4	1304	28
225	4	626	29
226	4	834	29
227	4	1878	28
228	4	730	29
229	4	1095	28
230	4	678	29
231	4	678	29
232	4	834	29
233	4	1408	28
235	4	1930	28
236	4	1930	28
239	4	1774	28
240	4	782	29
241	4	1148	28
242	4	1043	28
243	4	678	29
244	4	782	29
245	4	1513	28
248	4	834	29
249	4	678	29
250	4	678	29
251	4	939	29
252	4	2295	28
253	4	1826	28
255	4	1513	28
256	4	1148	28
257	4	1356	28
258	4	678	29
259	4	626	29
260	4	782	29
262	4	1200	28
264	4	991	28
265	4	887	29
266	4	1148	28
267	4	678	29
268	4	1200	28
269	4	730	29
270	4	1878	28
271	4	1148	28
272	4	678	29
274	4	1513	28
277	4	2035	28
278	4	2191	28
279	4	1408	28
280	4	1826	28
282	4	2035	28
283	4	1356	28
284	4	730	29
285	4	1252	28
286	4	678	29
287	4	1461	28
288	4	939	29
291	4	2191	28
292	4	1930	28
293	4	626	29
294	4	730	29
295	4	1617	28
296	4	730	29
297	4	2191	28
298	4	1200	28
299	4	782	29
300	4	1982	28
301	4	782	29
302	4	1043	28
303	4	730	29
304	4	730	29
306	4	730	29
307	4	2035	28
308	4	1565	28
309	4	678	29
310	4	887	29
311	4	2243	28
312	4	1669	28
313	4	1513	28
314	4	1826	28
315	4	1148	28
317	4	1408	28
318	4	2243	28
319	4	2295	28
320	4	1461	28
321	4	678	29
322	4	887	29
323	4	2087	28
324	4	1565	28
325	4	1461	28
326	4	678	29
327	4	1304	28
328	4	1878	28
329	4	1930	28
330	4	1200	28
331	4	730	29
332	4	1095	28
333	4	782	29
334	4	1408	28
335	4	626	29
336	4	991	28
337	4	1826	28
338	4	2087	28
339	4	834	29
340	4	1356	28
341	4	1252	28
342	4	782	29
343	4	678	29
345	4	1148	28
346	4	1043	28
347	4	834	29
348	4	730	29
349	4	887	29
351	4	1043	28
352	4	1148	28
353	4	887	29
354	4	626	29
355	4	939	29
356	4	1513	28
357	4	939	29
358	4	1200	28
360	4	1982	28
361	4	1043	28
364	4	730	29
366	4	1200	28
367	4	991	28
368	4	678	29
369	4	834	29
371	4	939	29
372	4	1304	28
374	4	1826	28
375	4	1461	28
376	4	991	28
377	4	1565	28
378	4	1461	28
379	4	1095	28
380	4	1930	28
381	4	1826	28
382	4	782	29
384	4	887	29
385	4	1513	28
386	4	887	29
387	4	991	28
388	4	2295	28
389	4	730	29
390	4	730	29
391	4	887	29
392	4	1878	28
393	4	574	29
394	4	991	28
396	4	626	29
397	4	1304	28
399	4	782	29
400	4	991	28
402	4	1095	28
403	4	2243	28
404	4	1461	28
405	4	1513	28
406	4	939	29
407	4	1304	28
409	4	1669	28
410	4	1982	28
411	4	730	29
412	4	782	29
412	4	2295	30
413	4	730	29
414	4	1095	28
415	4	887	29
416	4	1982	28
417	4	939	29
418	4	991	28
419	4	887	29
420	4	1252	28
421	4	2139	28
422	4	2035	28
423	4	1200	28
424	4	730	29
425	4	1826	28
426	4	1200	28
427	4	2295	28
428	4	730	29
429	4	991	28
430	4	834	29
431	4	678	29
432	4	939	29
433	4	1252	28
434	4	834	29
435	4	626	29
436	4	730	29
437	4	782	29
438	4	1095	28
439	4	1826	28
440	4	1304	28
442	4	1148	28
445	4	887	29
446	4	1930	28
447	4	1982	28
451	4	1148	28
452	4	887	29
453	4	730	29
454	4	1826	28
455	4	1304	28
456	4	1513	28
457	4	1252	28
459	4	2087	28
460	4	834	29
461	4	730	29
462	4	1252	28
463	4	991	28
464	4	1252	28
465	4	730	29
466	4	834	29
467	4	678	29
468	4	626	29
469	4	678	29
470	4	2243	28
471	4	1878	28
472	4	887	29
473	4	1200	28
474	4	782	29
475	4	1878	28
476	4	2295	28
478	4	1826	28
481	4	991	28
482	4	1252	28
484	4	2191	28
485	4	1617	28
486	4	1513	28
487	4	782	29
488	4	1513	28
489	4	678	29
490	4	1148	28
491	4	939	29
492	4	1252	28
494	4	939	29
495	4	1200	28
496	4	1095	28
497	4	678	29
498	4	1200	28
499	4	991	28
500	4	678	29
501	4	1565	28
502	4	1304	28
503	4	626	29
505	4	1774	28
506	4	1408	28
507	4	2191	28
508	4	834	29
510	4	2139	28
512	4	1200	28
513	4	1200	28
514	4	887	29
515	4	730	29
516	4	1513	28
517	4	1513	28
518	4	1304	28
519	4	887	29
520	4	1930	28
521	4	730	29
522	4	1095	28
523	4	887	29
525	4	1095	28
526	4	2139	28
527	4	730	29
528	4	626	29
529	4	730	29
530	4	1408	28
531	4	1252	28
532	4	1408	28
533	4	2243	28
534	4	678	29
536	4	1930	28
537	4	1095	28
538	4	782	29
539	4	730	29
540	4	2139	28
541	4	834	29
542	4	1408	28
543	4	1304	28
544	4	1095	28
546	4	1252	28
547	4	1043	28
549	4	1461	28
550	4	730	29
551	4	678	29
552	4	1617	28
553	4	1252	28
554	4	626	29
555	4	574	29
556	4	1043	28
558	4	730	29
559	4	1304	28
561	4	1878	28
562	4	1252	28
563	4	1148	28
564	4	1826	28
565	4	834	29
566	4	939	29
567	4	1356	28
568	4	730	29
569	4	1200	28
570	4	1408	28
571	4	626	29
572	4	1878	28
575	4	678	29
576	4	1513	28
577	4	730	29
578	4	1565	28
581	4	1304	28
582	4	1148	28
583	4	730	29
584	4	678	29
585	4	678	29
586	4	1095	28
587	4	626	29
588	4	939	29
589	4	887	29
590	4	782	29
591	4	1826	28
593	4	2035	28
594	4	1461	28
595	4	887	29
596	4	1043	28
597	4	1669	28
598	4	574	29
599	4	730	29
600	4	1930	28
601	4	887	29
604	4	1356	28
605	4	1513	28
606	4	1095	28
607	4	678	29
608	4	1095	28
611	4	1408	28
612	4	1304	28
613	4	2295	28
614	4	1356	28
615	4	1252	28
616	4	1252	28
617	4	2035	28
619	4	1565	28
620	4	834	29
621	4	1200	28
622	4	678	29
623	4	1826	28
624	4	834	29
625	4	1356	28
626	4	991	28
627	4	939	29
628	4	1148	28
629	4	1930	28
630	4	1408	28
631	4	1148	28
632	4	678	29
633	4	2035	28
634	4	1356	28
635	4	1565	28
638	4	2139	28
639	4	887	29
640	4	2087	28
642	4	1513	28
644	4	887	29
645	4	1200	28
646	4	782	29
648	4	1304	28
649	4	939	29
650	4	1878	28
651	4	887	29
652	4	1148	28
653	4	1095	28
654	4	1774	28
655	4	1252	28
656	4	1148	28
657	4	939	29
658	4	939	29
659	4	1252	28
660	4	2243	28
661	4	991	28
662	4	1200	28
663	4	1356	28
664	4	887	29
665	4	834	29
666	4	782	29
667	4	782	29
668	4	1356	28
669	4	1356	28
670	4	1304	28
672	4	1513	28
673	4	1617	28
674	4	1252	28
675	4	1200	28
676	4	626	29
677	4	1200	28
678	4	730	29
680	4	1252	28
681	4	1774	28
682	4	887	29
683	4	1617	28
684	4	1200	28
685	4	1930	28
686	4	939	29
687	4	1774	28
688	4	1617	28
689	4	1408	28
690	4	1982	28
691	4	887	29
692	4	1095	28
693	4	1095	28
694	4	1043	28
695	4	730	29
696	4	1722	28
697	4	887	29
698	4	1826	28
699	4	1304	28
700	4	2191	28
701	4	1200	28
703	4	834	29
705	4	1461	28
706	4	678	29
707	4	991	28
708	4	1304	28
709	4	887	29
710	4	939	29
711	4	1304	28
712	4	1252	28
714	4	730	29
715	4	1148	28
716	4	626	29
717	4	1252	28
718	4	834	29
721	4	1148	28
722	4	521	29
723	4	887	29
724	4	2035	28
725	4	834	29
726	4	1148	28
728	4	2035	28
729	4	887	29
730	4	1252	28
731	4	730	29
732	4	887	29
733	4	887	29
734	4	782	29
735	4	2243	28
736	4	1513	28
737	4	782	29
738	4	887	29
739	4	1252	28
741	4	939	29
742	4	730	29
743	4	678	29
744	4	1356	28
745	4	2035	28
746	4	1513	28
747	4	1356	28
749	4	2139	28
750	4	1878	28
752	4	1200	28
753	4	782	29
754	4	782	29
755	4	782	29
756	4	834	29
757	4	1982	28
758	4	626	29
759	4	1722	28
760	4	1930	28
761	4	1148	28
762	4	1095	28
763	4	1356	28
765	4	782	29
766	4	887	29
767	4	1356	28
768	4	2087	28
770	4	2295	28
771	4	1513	28
772	4	2035	28
773	4	1774	28
774	4	782	29
775	4	2035	28
776	4	678	29
778	4	991	28
779	4	2191	28
780	4	1982	28
781	4	1043	28
782	4	1826	28
783	4	1982	28
784	4	730	29
785	4	1930	28
786	4	2087	28
787	4	1722	28
788	4	834	29
789	4	1252	28
790	4	1200	28
791	4	1982	28
792	4	887	29
793	4	782	29
794	4	678	29
795	4	2035	28
796	4	1669	28
797	4	834	29
798	4	1461	28
800	4	1722	28
801	4	1722	28
802	4	939	29
803	4	1148	28
804	4	1095	28
806	4	1774	28
807	4	678	29
808	4	2295	28
809	4	2087	28
810	4	782	29
811	4	730	29
812	4	887	29
813	4	1356	28
815	4	730	29
816	4	1356	28
817	4	2295	28
818	4	1043	28
819	4	1826	28
820	4	1930	28
821	4	1304	28
822	4	730	29
823	4	678	29
824	4	1252	28
825	4	1200	28
826	4	1252	28
827	4	2139	28
828	4	1304	28
829	4	2191	28
830	4	1565	28
831	4	1043	28
832	4	887	29
833	4	1356	28
834	4	782	29
835	4	1148	28
837	4	1617	28
838	4	730	29
839	4	1617	28
840	4	574	29
841	4	834	29
842	4	1148	28
843	4	730	29
844	4	1878	28
845	4	1565	28
846	4	1669	28
847	4	1408	28
848	4	678	29
850	4	574	29
853	4	1930	28
854	4	1252	28
855	4	834	29
856	4	1826	28
857	4	2035	28
858	4	1252	28
861	4	834	29
862	4	1930	28
863	4	939	29
864	4	626	29
865	4	730	29
866	4	730	29
867	4	1408	28
868	4	991	28
869	4	1200	28
870	4	1356	28
871	4	1304	28
873	4	730	29
875	4	991	28
876	4	730	29
877	4	678	29
878	4	1513	28
879	4	1565	28
880	4	678	29
882	4	1408	28
883	4	2087	28
884	4	887	29
885	4	834	29
886	4	1669	28
887	4	991	28
888	4	2191	28
889	4	1722	28
890	4	1304	28
891	4	939	29
892	4	1930	28
893	4	887	29
894	4	991	28
895	4	1461	28
896	4	678	29
897	4	782	29
898	4	939	29
899	4	782	29
900	4	1565	28
901	4	730	29
902	4	1200	28
903	4	678	29
905	4	1513	28
906	4	678	29
908	4	782	29
909	4	2139	28
910	4	1304	28
912	4	939	29
913	4	1408	28
914	4	1200	28
915	4	1408	28
916	4	782	29
917	4	1878	28
918	4	1461	28
919	4	2035	28
920	4	1669	28
922	4	1826	28
923	4	1513	28
924	4	939	29
925	4	834	29
926	4	1043	28
927	4	1356	28
929	4	834	29
931	4	834	29
932	4	1356	28
933	4	1408	28
934	4	1356	28
935	4	834	29
936	4	1878	28
937	4	1930	28
938	4	1461	28
939	4	1774	28
940	4	1148	28
941	4	730	29
942	4	730	29
944	4	1252	28
946	4	1356	28
947	4	730	29
948	4	782	29
949	4	574	29
950	4	730	29
953	4	887	29
954	4	782	29
958	4	2035	28
960	4	1043	28
961	4	991	28
962	4	2139	28
963	4	887	29
964	4	887	29
965	4	1252	28
966	4	730	29
968	4	887	29
969	4	1200	28
971	4	939	29
972	4	678	29
974	4	991	28
975	4	1722	28
976	4	1043	28
978	4	939	29
979	4	1513	28
980	4	2139	28
981	4	1252	28
982	4	939	29
983	4	730	29
984	4	1304	28
985	4	1356	28
987	4	1878	28
988	4	991	28
989	4	626	29
990	4	2035	28
994	4	2191	28
995	4	730	29
996	4	1565	28
998	4	1095	28
999	4	1826	28
0	5	678	29
1	5	730	29
2	5	887	29
3	5	1356	28
4	5	834	29
5	5	834	29
6	5	1148	28
7	5	1200	28
8	5	1148	28
10	5	678	29
13	5	1930	28
14	5	678	29
15	5	887	29
16	5	730	29
17	5	678	29
18	5	782	29
19	5	2035	28
20	5	1043	28
21	5	678	29
22	5	1356	28
23	5	782	29
24	5	730	29
25	5	1982	28
26	5	1148	28
27	5	730	29
28	5	1148	28
29	5	1565	28
30	5	1356	28
31	5	991	28
32	5	1304	28
33	5	1617	28
34	5	1200	28
35	5	782	29
36	5	834	29
37	5	1878	28
38	5	1252	28
39	5	991	28
40	5	626	29
41	5	1304	28
42	5	1095	28
43	5	730	29
45	5	1095	28
46	5	887	29
47	5	1356	28
49	5	887	29
51	5	2035	28
52	5	2295	28
53	5	782	29
55	5	887	29
56	5	1669	28
57	5	730	29
58	5	834	29
59	5	834	29
61	5	887	29
62	5	991	28
63	5	1043	28
64	5	2035	28
65	5	1252	28
66	5	1408	28
67	5	1148	28
68	5	1722	28
69	5	1200	28
71	5	1304	28
73	5	2191	28
74	5	1982	28
75	5	730	29
76	5	1565	28
77	5	2035	28
79	5	1513	28
80	5	782	29
81	5	991	28
82	5	1774	28
83	5	1356	28
84	5	1095	28
86	5	1722	28
87	5	678	29
88	5	1200	28
89	5	1200	28
90	5	1513	28
91	5	991	28
92	5	782	29
93	5	1774	28
95	5	1930	28
96	5	1356	28
97	5	1930	28
98	5	1878	28
99	5	1774	28
100	5	2243	28
101	5	939	29
102	5	991	28
103	5	1461	28
104	5	991	28
106	5	1095	28
107	5	730	29
108	5	887	29
109	5	1617	28
110	5	782	29
111	5	1878	28
112	5	1722	28
113	5	678	29
114	5	2035	28
115	5	1722	28
116	5	1669	28
117	5	1774	28
118	5	1408	28
119	5	1565	28
120	5	1408	28
122	5	730	29
124	5	730	29
125	5	834	29
126	5	678	29
127	5	678	29
128	5	626	29
129	5	1356	28
130	5	834	29
131	5	1095	28
132	5	730	29
133	5	991	28
134	5	1304	28
135	5	730	29
136	5	678	29
137	5	1252	28
138	5	678	29
139	5	834	29
139	5	2295	30
141	5	834	29
142	5	1774	28
143	5	1356	28
145	5	1304	28
146	5	782	29
147	5	1095	28
148	5	1826	28
149	5	730	29
150	5	887	29
151	5	1669	28
152	5	991	28
153	5	1461	28
154	5	834	29
155	5	574	29
156	5	782	29
158	5	991	28
159	5	678	29
160	5	1148	28
161	5	2243	28
162	5	1252	28
163	5	2035	28
164	5	887	29
165	5	887	29
166	5	2087	28
167	5	1878	28
169	5	834	29
170	5	678	29
171	5	2035	28
172	5	1304	28
173	5	1774	28
174	5	1200	28
175	5	1043	28
176	5	730	29
179	5	991	28
181	5	730	29
183	5	782	29
185	5	887	29
187	5	1200	28
188	5	1982	28
189	5	1095	28
190	5	1304	28
191	5	730	29
192	5	1148	28
193	5	1043	28
196	5	678	29
198	5	1148	28
199	5	730	29
200	5	1252	28
201	5	1982	28
202	5	1252	28
203	5	1252	28
204	5	887	29
205	5	1617	28
206	5	678	29
206	5	2295	30
207	5	782	29
208	5	991	28
210	5	991	28
212	5	1461	28
213	5	1982	28
215	5	1408	28
217	5	1356	28
218	5	1200	28
220	5	1878	28
221	5	1148	28
222	5	2087	28
223	5	2295	28
224	5	1304	28
225	5	626	29
226	5	834	29
227	5	1878	28
228	5	730	29
229	5	1095	28
230	5	678	29
231	5	678	29
232	5	834	29
233	5	1408	28
235	5	1930	28
236	5	1930	28
239	5	1774	28
240	5	782	29
241	5	1148	28
242	5	1043	28
243	5	678	29
244	5	782	29
245	5	1513	28
248	5	834	29
249	5	678	29
250	5	678	29
251	5	939	29
252	5	2295	28
253	5	1826	28
255	5	1513	28
256	5	1148	28
257	5	1356	28
258	5	678	29
259	5	626	29
260	5	782	29
262	5	1200	28
264	5	991	28
265	5	887	29
266	5	1148	28
267	5	678	29
268	5	1200	28
269	5	730	29
270	5	1878	28
271	5	1148	28
272	5	678	29
274	5	1513	28
277	5	2035	28
278	5	2191	28
279	5	1408	28
280	5	1826	28
282	5	2035	28
283	5	1356	28
284	5	730	29
285	5	1252	28
286	5	678	29
287	5	1461	28
288	5	939	29
291	5	2191	28
292	5	1930	28
293	5	626	29
294	5	730	29
295	5	1617	28
296	5	730	29
297	5	2191	28
298	5	1200	28
299	5	782	29
300	5	1982	28
301	5	782	29
302	5	1043	28
303	5	730	29
304	5	730	29
306	5	730	29
307	5	2035	28
308	5	1565	28
309	5	678	29
310	5	887	29
311	5	2243	28
312	5	1669	28
313	5	1513	28
314	5	1826	28
315	5	1148	28
317	5	1408	28
318	5	2243	28
319	5	2295	28
320	5	1461	28
321	5	678	29
322	5	887	29
323	5	2087	28
324	5	1565	28
325	5	1461	28
326	5	678	29
327	5	1304	28
328	5	1878	28
329	5	1930	28
330	5	1200	28
331	5	730	29
332	5	1095	28
333	5	782	29
334	5	1408	28
335	5	626	29
336	5	991	28
337	5	1826	28
338	5	2087	28
339	5	834	29
340	5	1356	28
341	5	1252	28
342	5	782	29
343	5	678	29
345	5	1148	28
346	5	1043	28
347	5	834	29
348	5	730	29
349	5	887	29
351	5	1043	28
352	5	1148	28
353	5	887	29
354	5	626	29
355	5	939	29
356	5	1513	28
357	5	939	29
358	5	1200	28
360	5	1982	28
361	5	1043	28
364	5	730	29
366	5	1200	28
367	5	991	28
368	5	678	29
369	5	834	29
371	5	939	29
372	5	1304	28
374	5	1826	28
375	5	1461	28
376	5	991	28
377	5	1565	28
378	5	1461	28
379	5	1095	28
380	5	1930	28
381	5	1826	28
382	5	782	29
384	5	887	29
385	5	1513	28
386	5	887	29
387	5	991	28
388	5	2295	28
389	5	730	29
390	5	730	29
391	5	887	29
392	5	1878	28
393	5	574	29
394	5	991	28
396	5	626	29
397	5	1304	28
399	5	782	29
400	5	991	28
402	5	1095	28
403	5	2243	28
404	5	1461	28
405	5	1513	28
406	5	939	29
407	5	1304	28
409	5	1669	28
410	5	1982	28
411	5	730	29
412	5	782	29
412	5	2295	30
413	5	730	29
414	5	1095	28
415	5	887	29
416	5	1982	28
417	5	939	29
418	5	991	28
419	5	887	29
420	5	1252	28
421	5	2139	28
422	5	2035	28
423	5	1200	28
424	5	730	29
425	5	1826	28
426	5	1200	28
427	5	2295	28
428	5	730	29
429	5	991	28
430	5	834	29
431	5	678	29
432	5	939	29
433	5	1252	28
434	5	834	29
435	5	626	29
436	5	730	29
437	5	782	29
438	5	1095	28
439	5	1826	28
440	5	1304	28
442	5	1148	28
445	5	887	29
446	5	1930	28
447	5	1982	28
451	5	1148	28
452	5	887	29
453	5	730	29
454	5	1826	28
455	5	1304	28
456	5	1513	28
457	5	1252	28
459	5	2087	28
460	5	834	29
461	5	730	29
462	5	1252	28
463	5	991	28
464	5	1252	28
465	5	730	29
466	5	834	29
467	5	678	29
468	5	626	29
469	5	678	29
470	5	2243	28
471	5	1878	28
472	5	887	29
473	5	1200	28
474	5	782	29
475	5	1878	28
476	5	2295	28
478	5	1826	28
481	5	991	28
482	5	1252	28
484	5	2191	28
485	5	1617	28
486	5	1513	28
487	5	782	29
488	5	1513	28
489	5	678	29
490	5	1148	28
491	5	939	29
492	5	1252	28
494	5	939	29
495	5	1200	28
496	5	1095	28
497	5	678	29
498	5	1200	28
499	5	991	28
500	5	678	29
501	5	1565	28
502	5	1304	28
503	5	626	29
505	5	1774	28
506	5	1408	28
507	5	2191	28
508	5	834	29
510	5	2139	28
512	5	1200	28
513	5	1200	28
514	5	887	29
515	5	730	29
516	5	1513	28
517	5	1513	28
518	5	1304	28
519	5	887	29
520	5	1930	28
521	5	730	29
522	5	1095	28
523	5	887	29
525	5	1095	28
526	5	2139	28
527	5	730	29
528	5	626	29
529	5	730	29
530	5	1408	28
531	5	1252	28
532	5	1408	28
533	5	2243	28
534	5	678	29
536	5	1930	28
537	5	1095	28
538	5	782	29
539	5	730	29
540	5	2139	28
541	5	834	29
542	5	1408	28
543	5	1304	28
544	5	1095	28
546	5	1252	28
547	5	1043	28
549	5	1461	28
550	5	730	29
551	5	678	29
552	5	1617	28
553	5	1252	28
554	5	626	29
555	5	574	29
556	5	1043	28
558	5	730	29
559	5	1304	28
561	5	1878	28
562	5	1252	28
563	5	1148	28
564	5	1826	28
565	5	834	29
566	5	939	29
567	5	1356	28
568	5	730	29
569	5	1200	28
570	5	1408	28
571	5	626	29
572	5	1878	28
575	5	678	29
576	5	1513	28
577	5	730	29
578	5	1565	28
581	5	1304	28
582	5	1148	28
583	5	730	29
584	5	678	29
585	5	678	29
586	5	1095	28
587	5	626	29
588	5	939	29
589	5	887	29
590	5	782	29
591	5	1826	28
593	5	2035	28
594	5	1461	28
595	5	887	29
596	5	1043	28
597	5	1669	28
598	5	574	29
599	5	730	29
600	5	1930	28
601	5	887	29
604	5	1356	28
605	5	1513	28
606	5	1095	28
607	5	678	29
608	5	1095	28
611	5	1408	28
612	5	1304	28
613	5	2295	28
614	5	1356	28
615	5	1252	28
616	5	1252	28
617	5	2035	28
619	5	1565	28
620	5	834	29
621	5	1200	28
622	5	678	29
623	5	1826	28
624	5	834	29
625	5	1356	28
626	5	991	28
627	5	939	29
628	5	1148	28
629	5	1930	28
630	5	1408	28
631	5	1148	28
632	5	678	29
633	5	2035	28
634	5	1356	28
635	5	1565	28
638	5	2139	28
639	5	887	29
640	5	2087	28
642	5	1513	28
644	5	887	29
645	5	1200	28
646	5	782	29
648	5	1304	28
649	5	939	29
650	5	1878	28
651	5	887	29
652	5	1148	28
653	5	1095	28
654	5	1774	28
655	5	1252	28
656	5	1148	28
657	5	939	29
658	5	939	29
659	5	1252	28
660	5	2243	28
661	5	991	28
662	5	1200	28
663	5	1356	28
664	5	887	29
665	5	834	29
666	5	782	29
667	5	782	29
668	5	1356	28
669	5	1356	28
670	5	1304	28
672	5	1513	28
673	5	1617	28
674	5	1252	28
675	5	1200	28
676	5	626	29
677	5	1200	28
678	5	730	29
680	5	1252	28
681	5	1774	28
682	5	887	29
683	5	1617	28
684	5	1200	28
685	5	1930	28
686	5	939	29
687	5	1774	28
688	5	1617	28
689	5	1408	28
690	5	1982	28
691	5	887	29
692	5	1095	28
693	5	1095	28
694	5	1043	28
695	5	730	29
696	5	1722	28
697	5	887	29
698	5	1826	28
699	5	1304	28
700	5	2191	28
701	5	1200	28
703	5	834	29
705	5	1461	28
706	5	678	29
707	5	991	28
708	5	1304	28
709	5	887	29
710	5	939	29
711	5	1304	28
712	5	1252	28
714	5	730	29
715	5	1148	28
716	5	626	29
717	5	1252	28
718	5	834	29
721	5	1148	28
722	5	521	29
723	5	887	29
724	5	2035	28
725	5	834	29
726	5	1148	28
728	5	2035	28
729	5	887	29
730	5	1252	28
731	5	730	29
732	5	887	29
733	5	887	29
734	5	782	29
735	5	2243	28
736	5	1513	28
737	5	782	29
738	5	887	29
739	5	1252	28
741	5	939	29
742	5	730	29
743	5	678	29
744	5	1356	28
745	5	2035	28
746	5	1513	28
747	5	1356	28
749	5	2139	28
750	5	1878	28
752	5	1200	28
753	5	782	29
754	5	782	29
755	5	782	29
756	5	834	29
757	5	1982	28
758	5	626	29
759	5	1722	28
760	5	1930	28
761	5	1148	28
762	5	1095	28
763	5	1356	28
765	5	782	29
766	5	887	29
767	5	1356	28
768	5	2087	28
770	5	2295	28
771	5	1513	28
772	5	2035	28
773	5	1774	28
774	5	782	29
775	5	2035	28
776	5	678	29
778	5	991	28
779	5	2191	28
780	5	1982	28
781	5	1043	28
782	5	1826	28
783	5	1982	28
784	5	730	29
785	5	1930	28
786	5	2087	28
787	5	1722	28
788	5	834	29
789	5	1252	28
790	5	1200	28
791	5	1982	28
792	5	887	29
793	5	782	29
794	5	678	29
795	5	2035	28
796	5	1669	28
797	5	834	29
798	5	1461	28
800	5	1722	28
801	5	1722	28
802	5	939	29
803	5	1148	28
804	5	1095	28
806	5	1774	28
807	5	678	29
808	5	2295	28
809	5	2087	28
810	5	782	29
811	5	730	29
812	5	887	29
813	5	1356	28
815	5	730	29
816	5	1356	28
817	5	2295	28
818	5	1043	28
819	5	1826	28
820	5	1930	28
821	5	1304	28
822	5	730	29
823	5	678	29
824	5	1252	28
825	5	1200	28
826	5	1252	28
827	5	2139	28
828	5	1304	28
829	5	2191	28
830	5	1565	28
831	5	1043	28
832	5	887	29
833	5	1356	28
834	5	782	29
835	5	1148	28
837	5	1617	28
838	5	730	29
839	5	1617	28
840	5	574	29
841	5	834	29
842	5	1148	28
843	5	730	29
844	5	1878	28
845	5	1565	28
846	5	1669	28
847	5	1408	28
848	5	678	29
850	5	574	29
853	5	1930	28
854	5	1252	28
855	5	834	29
856	5	1826	28
857	5	2035	28
858	5	1252	28
861	5	834	29
862	5	1930	28
863	5	939	29
864	5	626	29
865	5	730	29
866	5	730	29
867	5	1408	28
868	5	991	28
869	5	1200	28
870	5	1356	28
871	5	1304	28
873	5	730	29
875	5	991	28
876	5	730	29
877	5	678	29
878	5	1513	28
879	5	1565	28
880	5	678	29
882	5	1408	28
883	5	2087	28
884	5	887	29
885	5	834	29
886	5	1669	28
887	5	991	28
888	5	2191	28
889	5	1722	28
890	5	1304	28
891	5	939	29
892	5	1930	28
893	5	887	29
894	5	991	28
895	5	1461	28
896	5	678	29
897	5	782	29
898	5	939	29
899	5	782	29
900	5	1565	28
901	5	730	29
902	5	1200	28
903	5	678	29
905	5	1513	28
906	5	678	29
908	5	782	29
909	5	2139	28
910	5	1304	28
912	5	939	29
913	5	1408	28
914	5	1200	28
915	5	1408	28
916	5	782	29
917	5	1878	28
918	5	1461	28
919	5	2035	28
920	5	1669	28
922	5	1826	28
923	5	1513	28
924	5	939	29
925	5	834	29
926	5	1043	28
927	5	1356	28
929	5	834	29
931	5	834	29
932	5	1356	28
933	5	1408	28
934	5	1356	28
935	5	834	29
936	5	1878	28
937	5	1930	28
938	5	1461	28
939	5	1774	28
940	5	1148	28
941	5	730	29
942	5	730	29
944	5	1252	28
946	5	1356	28
947	5	730	29
948	5	782	29
949	5	574	29
950	5	730	29
953	5	887	29
954	5	782	29
958	5	2035	28
960	5	1043	28
961	5	991	28
962	5	2139	28
963	5	887	29
964	5	887	29
965	5	1252	28
966	5	730	29
968	5	887	29
969	5	1200	28
971	5	939	29
972	5	678	29
974	5	991	28
975	5	1722	28
976	5	1043	28
978	5	939	29
979	5	1513	28
980	5	2139	28
981	5	1252	28
982	5	939	29
983	5	730	29
984	5	1304	28
985	5	1356	28
987	5	1878	28
988	5	991	28
989	5	626	29
990	5	2035	28
994	5	2191	28
995	5	730	29
996	5	1565	28
998	5	1095	28
999	5	1826	28
