Realization	utility	week	infra.
0	0	626	29
1	0	626	29
2	0	730	29
3	0	782	29
4	0	834	29
10	0	834	29
11	0	887	29
12	0	678	29
14	0	626	29
15	0	678	29
17	0	626	29
18	0	678	29
20	0	678	29
21	0	626	29
23	0	834	29
24	0	834	29
25	0	730	29
27	0	626	29
28	0	730	29
29	0	678	29
30	0	782	29
31	0	678	29
33	0	678	29
35	0	678	29
36	0	834	29
37	0	678	29
39	0	834	29
40	0	834	29
42	0	730	29
43	0	887	29
45	0	887	29
46	0	782	29
47	0	782	29
49	0	730	29
50	0	730	29
53	0	834	29
55	0	730	29
57	0	834	29
58	0	887	29
59	0	834	29
60	0	678	29
61	0	834	29
62	0	678	29
64	0	678	29
66	0	730	29
68	0	678	29
69	0	678	29
70	0	730	29
75	0	887	29
78	0	887	29
79	0	678	29
80	0	730	29
81	0	887	29
82	0	678	29
83	0	574	29
84	0	678	29
86	0	782	29
87	0	626	29
88	0	678	29
90	0	678	29
91	0	678	29
92	0	730	29
94	0	469	29
95	0	2139	30
96	0	574	29
97	0	730	29
98	0	678	29
99	0	730	29
101	0	730	29
102	0	574	29
103	0	678	29
106	0	678	29
107	0	574	29
108	0	834	29
109	0	678	29
110	0	626	29
112	0	1565	30
113	0	626	29
114	0	730	29
115	0	782	29
116	0	730	29
117	0	678	29
118	0	678	29
120	0	782	29
121	0	574	29
122	0	730	29
126	0	626	29
127	0	626	29
128	0	626	29
130	0	574	29
131	0	782	29
132	0	626	29
135	0	2191	30
136	0	626	29
137	0	730	29
138	0	626	29
139	0	834	29
141	0	521	29
142	0	730	29
143	0	730	29
144	0	678	29
145	0	730	29
146	0	730	29
148	0	730	29
149	0	678	29
150	0	834	29
152	0	678	29
153	0	782	29
154	0	887	29
155	0	626	29
156	0	626	29
158	0	834	29
159	0	574	29
160	0	521	29
164	0	834	29
165	0	730	29
166	0	678	29
167	0	887	29
169	0	626	29
170	0	626	29
171	0	782	29
175	0	782	29
176	0	782	29
178	0	730	29
179	0	730	29
180	0	782	29
181	0	730	29
183	0	678	29
185	0	834	29
191	0	834	29
193	0	574	29
194	0	730	29
196	0	626	29
197	0	678	29
199	0	730	29
200	0	782	29
204	0	678	29
206	0	626	29
207	0	626	29
208	0	626	29
209	0	574	29
210	0	574	29
212	0	782	29
216	0	730	29
218	0	730	29
219	0	730	29
220	0	782	29
221	0	574	29
222	0	678	29
223	0	678	29
224	0	730	29
225	0	782	29
226	0	730	29
228	0	626	29
229	0	887	29
230	0	626	29
231	0	626	29
232	0	730	29
234	0	574	29
235	0	730	29
236	0	887	29
238	0	730	29
239	0	730	29
240	0	626	29
241	0	730	29
242	0	678	29
243	0	626	29
244	0	834	29
245	0	782	29
246	0	678	29
248	0	730	29
249	0	626	29
250	0	626	29
252	0	887	29
255	0	574	29
256	0	887	29
257	0	887	29
258	0	626	29
259	0	834	29
260	0	834	29
261	0	887	29
264	0	887	29
265	0	834	29
266	0	521	29
267	0	626	29
269	0	678	29
271	0	678	29
272	0	626	29
273	0	678	29
274	0	678	29
278	0	782	29
279	0	574	29
280	0	678	29
281	0	678	29
282	0	574	29
283	0	730	29
284	0	626	29
285	0	730	29
286	0	626	29
287	0	782	29
288	0	730	29
289	0	782	29
291	0	887	29
292	0	678	29
293	0	626	29
294	0	626	29
295	0	678	29
297	0	730	29
298	0	678	29
299	0	834	29
300	0	574	29
301	0	626	29
302	0	626	29
303	0	834	29
304	0	626	29
306	0	626	29
307	0	782	29
309	0	678	29
310	0	834	29
311	0	678	29
312	0	730	29
314	0	678	29
315	0	678	29
319	0	574	29
320	0	782	29
321	0	626	29
322	0	782	29
325	0	887	29
326	0	626	29
327	0	887	29
329	0	730	29
330	0	887	29
331	0	730	29
332	0	626	29
333	0	834	29
334	0	678	29
335	0	626	29
336	0	887	29
337	0	730	29
338	0	887	29
339	0	834	29
340	0	730	29
341	0	730	29
342	0	834	29
343	0	626	29
344	0	887	29
345	0	678	29
346	0	678	29
347	0	782	29
348	0	626	29
349	0	678	29
351	0	678	29
352	0	521	29
353	0	834	29
354	0	678	29
355	0	782	29
356	0	730	29
358	0	730	29
363	0	782	29
364	0	782	29
365	0	678	29
367	0	834	29
368	0	574	29
371	0	834	29
372	0	2139	30
375	0	574	29
376	0	730	29
379	0	730	29
380	0	678	29
382	0	834	29
383	0	574	29
384	0	834	29
385	0	574	29
386	0	678	29
387	0	782	29
389	0	834	29
391	0	730	29
393	0	626	29
394	0	574	29
396	0	678	29
399	0	626	29
401	0	521	29
403	0	730	29
406	0	678	29
408	0	730	29
410	0	678	29
411	0	730	29
412	0	626	29
413	0	730	29
414	0	834	29
415	0	834	29
418	0	730	29
419	0	834	29
421	0	782	29
423	0	730	29
424	0	626	29
425	0	678	29
426	0	574	29
427	0	678	29
428	0	730	29
429	0	574	29
430	0	834	29
431	0	574	29
432	0	782	29
433	0	730	29
434	0	834	29
435	0	678	29
436	0	834	29
437	0	730	29
439	0	678	29
440	0	574	29
441	0	678	29
442	0	678	29
445	0	782	29
446	0	678	29
447	0	469	29
449	0	730	29
450	0	678	29
452	0	834	29
453	0	730	29
457	0	574	29
458	0	521	29
459	0	574	29
460	0	626	29
461	0	626	29
463	0	782	29
464	0	730	29
465	0	730	29
466	0	678	29
467	0	626	29
468	0	782	29
469	0	834	29
471	0	574	29
472	0	574	29
474	0	730	29
476	0	887	29
478	0	574	29
479	0	782	29
480	0	730	29
481	0	574	29
482	0	678	29
483	0	782	29
485	0	782	29
487	0	574	29
488	0	574	29
489	0	626	29
490	0	887	29
491	0	782	29
493	0	782	29
494	0	730	29
495	0	887	29
497	0	626	29
498	0	887	29
499	0	834	29
500	0	626	29
501	0	887	29
503	0	626	29
505	0	887	29
506	0	678	29
507	0	678	29
508	0	782	29
509	0	678	29
511	0	730	29
512	0	678	29
513	0	782	29
514	0	834	29
515	0	730	29
516	0	574	29
518	0	730	29
519	0	834	29
520	0	678	29
521	0	782	29
522	0	730	29
523	0	730	29
525	0	887	29
527	0	626	29
528	0	834	29
529	0	834	29
530	0	574	29
531	0	730	29
532	0	782	29
534	0	626	29
537	0	678	29
538	0	678	29
539	0	626	29
541	0	834	29
542	0	678	29
543	0	887	29
544	0	730	29
549	0	730	29
550	0	730	29
551	0	626	29
553	0	521	29
554	0	626	29
555	0	626	29
557	0	782	29
558	0	626	29
559	0	730	29
560	0	574	29
562	0	730	29
563	0	730	29
564	0	730	29
565	0	834	29
566	0	730	29
568	0	626	29
569	0	887	29
570	0	730	29
571	0	626	29
572	0	678	29
573	0	782	29
575	0	574	29
576	0	574	29
577	0	626	29
578	0	678	29
579	0	574	29
580	0	782	29
583	0	730	29
584	0	730	29
585	0	626	29
587	0	834	29
588	0	574	29
589	0	834	29
590	0	782	29
591	0	574	29
593	0	730	29
594	0	730	29
595	0	834	29
597	0	782	29
598	0	834	29
599	0	834	29
600	0	782	29
601	0	678	29
602	0	730	29
606	0	730	29
607	0	626	29
608	0	574	29
610	0	678	29
611	0	887	29
613	0	887	29
614	0	730	29
615	0	782	29
616	0	782	29
617	0	887	29
618	0	730	29
620	0	678	29
621	0	574	29
622	0	626	29
624	0	574	29
625	0	730	29
627	0	782	29
628	0	678	29
629	0	678	29
632	0	626	29
633	0	730	29
634	0	678	29
636	0	782	29
637	0	730	29
638	0	782	29
639	0	782	29
640	0	574	29
641	0	678	29
643	0	730	29
644	0	834	29
645	0	678	29
646	0	626	29
647	0	782	29
648	0	678	29
649	0	730	29
650	0	678	29
652	0	782	29
657	0	730	29
658	0	730	29
659	0	782	29
661	0	782	29
662	0	678	29
663	0	887	29
665	0	834	29
666	0	626	29
667	0	678	29
668	0	678	29
669	0	782	29
673	0	730	29
674	0	730	29
676	0	834	29
678	0	834	29
679	0	678	29
682	0	574	29
683	0	574	29
685	0	678	29
687	0	782	29
689	0	678	29
691	0	678	29
693	0	678	29
694	0	730	29
695	0	626	29
697	0	834	29
701	0	782	29
703	0	834	29
704	0	678	29
706	0	626	29
707	0	574	29
708	0	678	29
709	0	834	29
710	0	678	29
711	0	574	29
713	0	678	29
714	0	782	29
715	0	678	29
716	0	626	29
717	0	887	29
718	0	730	29
719	0	521	29
722	0	834	29
723	0	834	29
727	0	887	29
729	0	834	29
731	0	730	29
732	0	678	29
733	0	678	29
734	0	574	29
736	0	730	29
737	0	730	29
738	0	678	29
739	0	574	29
740	0	678	29
742	0	626	29
743	0	626	29
744	0	887	29
746	0	678	29
747	0	730	29
750	0	626	29
751	0	678	29
753	0	834	29
754	0	834	29
755	0	834	29
756	0	834	29
757	0	782	29
758	0	626	29
759	0	678	29
761	0	730	29
763	0	678	29
764	0	782	29
765	0	834	29
766	0	730	29
767	0	678	29
770	0	730	29
772	0	730	29
774	0	626	29
776	0	626	29
777	0	730	29
779	0	782	29
780	0	678	29
781	0	574	29
782	0	730	29
783	0	730	29
784	0	834	29
785	0	678	29
786	0	678	29
787	0	678	29
788	0	730	29
789	0	887	29
790	0	678	29
791	0	782	29
792	0	834	29
793	0	834	29
794	0	626	29
795	0	678	29
796	0	730	29
797	0	834	29
798	0	730	29
799	0	730	29
800	0	1565	30
801	0	730	29
802	0	678	29
803	0	730	29
805	0	887	29
806	0	678	29
807	0	626	29
808	0	887	29
810	0	730	29
811	0	574	29
812	0	834	29
814	0	730	29
815	0	678	29
821	0	730	29
822	0	730	29
823	0	626	29
824	0	730	29
825	0	678	29
826	0	730	29
828	0	730	29
829	0	782	29
830	0	574	29
832	0	834	29
833	0	678	29
834	0	834	29
835	0	730	29
837	0	887	29
838	0	678	29
840	0	626	29
841	0	834	29
842	0	730	29
843	0	730	29
844	0	887	29
845	0	730	29
847	0	730	29
848	0	626	29
855	0	730	29
859	0	782	29
861	0	834	29
863	0	834	29
864	0	626	29
866	0	834	29
867	0	887	29
868	0	887	29
869	0	574	29
870	0	574	29
872	0	887	29
873	0	730	29
874	0	730	29
876	0	834	29
877	0	626	29
880	0	626	29
881	0	782	29
882	0	678	29
884	0	834	29
887	0	678	29
891	0	834	29
893	0	834	29
896	0	626	29
897	0	626	29
898	0	834	29
899	0	626	29
900	0	678	29
901	0	730	29
903	0	626	29
906	0	626	29
908	0	834	29
912	0	834	29
914	0	730	29
915	0	730	29
916	0	626	29
918	0	887	29
921	0	782	29
925	0	730	29
927	0	730	29
928	0	782	29
929	0	730	29
931	0	730	29
933	0	730	29
934	0	678	29
935	0	626	29
936	0	782	29
940	0	887	29
941	0	678	29
942	0	782	29
947	0	834	29
948	0	834	29
949	0	834	29
950	0	626	29
953	0	626	29
954	0	834	29
956	0	730	29
957	0	730	29
961	0	834	29
962	0	730	29
963	0	782	29
964	0	834	29
965	0	730	29
966	0	678	29
968	0	678	29
969	0	782	29
970	0	782	29
972	0	626	29
973	0	678	29
974	0	782	29
975	0	678	29
977	0	574	29
978	0	782	29
988	0	834	29
989	0	730	29
992	0	782	29
995	0	834	29
997	0	887	29
998	0	782	29
999	0	730	29
0	1	626	29
1	1	626	29
2	1	730	29
3	1	782	29
4	1	834	29
10	1	834	29
11	1	887	29
12	1	678	29
14	1	626	29
15	1	678	29
17	1	626	29
18	1	678	29
20	1	678	29
21	1	626	29
23	1	834	29
24	1	834	29
25	1	730	29
27	1	626	29
28	1	730	29
29	1	678	29
30	1	782	29
31	1	678	29
33	1	678	29
35	1	678	29
36	1	834	29
37	1	678	29
39	1	834	29
40	1	834	29
42	1	730	29
43	1	887	29
45	1	887	29
46	1	782	29
47	1	782	29
49	1	730	29
50	1	730	29
53	1	834	29
55	1	730	29
57	1	834	29
58	1	887	29
59	1	834	29
60	1	678	29
61	1	834	29
62	1	678	29
64	1	678	29
66	1	730	29
68	1	678	29
69	1	678	29
70	1	730	29
75	1	887	29
78	1	887	29
79	1	678	29
80	1	730	29
81	1	887	29
82	1	678	29
83	1	574	29
84	1	678	29
86	1	782	29
87	1	626	29
88	1	678	29
90	1	678	29
91	1	678	29
92	1	730	29
94	1	469	29
95	1	2139	30
96	1	574	29
97	1	730	29
98	1	678	29
99	1	730	29
101	1	730	29
102	1	574	29
103	1	678	29
106	1	678	29
107	1	574	29
108	1	834	29
109	1	678	29
110	1	626	29
112	1	1565	30
113	1	626	29
114	1	730	29
115	1	782	29
116	1	730	29
117	1	678	29
118	1	678	29
120	1	782	29
121	1	574	29
122	1	730	29
126	1	626	29
127	1	626	29
128	1	626	29
130	1	574	29
131	1	782	29
132	1	626	29
135	1	2191	30
136	1	626	29
137	1	730	29
138	1	626	29
139	1	834	29
141	1	521	29
142	1	730	29
143	1	730	29
144	1	678	29
145	1	730	29
146	1	730	29
148	1	730	29
149	1	678	29
150	1	834	29
152	1	678	29
153	1	782	29
154	1	887	29
155	1	626	29
156	1	626	29
158	1	834	29
159	1	574	29
160	1	521	29
164	1	834	29
165	1	730	29
166	1	678	29
167	1	887	29
169	1	626	29
170	1	626	29
171	1	782	29
175	1	782	29
176	1	782	29
178	1	730	29
179	1	730	29
180	1	782	29
181	1	730	29
183	1	678	29
185	1	834	29
191	1	834	29
193	1	574	29
194	1	730	29
196	1	626	29
197	1	678	29
199	1	730	29
200	1	782	29
204	1	678	29
206	1	626	29
207	1	626	29
208	1	626	29
209	1	574	29
210	1	574	29
212	1	782	29
216	1	730	29
218	1	730	29
219	1	730	29
220	1	782	29
221	1	574	29
222	1	678	29
223	1	678	29
224	1	730	29
225	1	782	29
226	1	730	29
228	1	626	29
229	1	887	29
230	1	626	29
231	1	626	29
232	1	730	29
234	1	574	29
235	1	730	29
236	1	887	29
238	1	730	29
239	1	730	29
240	1	626	29
241	1	730	29
242	1	678	29
243	1	626	29
244	1	834	29
245	1	782	29
246	1	678	29
248	1	730	29
249	1	626	29
250	1	626	29
252	1	887	29
255	1	574	29
256	1	887	29
257	1	887	29
258	1	626	29
259	1	834	29
260	1	834	29
261	1	887	29
264	1	887	29
265	1	834	29
266	1	521	29
267	1	626	29
269	1	678	29
271	1	678	29
272	1	626	29
273	1	678	29
274	1	678	29
278	1	782	29
279	1	574	29
280	1	678	29
281	1	678	29
282	1	574	29
283	1	730	29
284	1	626	29
285	1	730	29
286	1	626	29
287	1	782	29
288	1	730	29
289	1	782	29
291	1	887	29
292	1	678	29
293	1	626	29
294	1	626	29
295	1	678	29
297	1	730	29
298	1	678	29
299	1	834	29
300	1	574	29
301	1	626	29
302	1	626	29
303	1	834	29
304	1	626	29
306	1	626	29
307	1	782	29
309	1	678	29
310	1	834	29
311	1	678	29
312	1	730	29
314	1	678	29
315	1	678	29
319	1	574	29
320	1	782	29
321	1	626	29
322	1	782	29
325	1	887	29
326	1	626	29
327	1	887	29
329	1	730	29
330	1	887	29
331	1	730	29
332	1	626	29
333	1	834	29
334	1	678	29
335	1	626	29
336	1	887	29
337	1	730	29
338	1	887	29
339	1	834	29
340	1	730	29
341	1	730	29
342	1	834	29
343	1	626	29
344	1	887	29
345	1	678	29
346	1	678	29
347	1	782	29
348	1	626	29
349	1	678	29
351	1	678	29
352	1	521	29
353	1	834	29
354	1	678	29
355	1	782	29
356	1	730	29
358	1	730	29
363	1	782	29
364	1	782	29
365	1	678	29
367	1	834	29
368	1	574	29
371	1	834	29
372	1	2139	30
375	1	574	29
376	1	730	29
379	1	730	29
380	1	678	29
382	1	834	29
383	1	574	29
384	1	834	29
385	1	574	29
386	1	678	29
387	1	782	29
389	1	834	29
391	1	730	29
393	1	626	29
394	1	574	29
396	1	678	29
399	1	626	29
401	1	521	29
403	1	730	29
406	1	678	29
408	1	730	29
410	1	678	29
411	1	730	29
412	1	626	29
413	1	730	29
414	1	834	29
415	1	834	29
418	1	730	29
419	1	834	29
421	1	782	29
423	1	730	29
424	1	626	29
425	1	678	29
426	1	574	29
427	1	678	29
428	1	730	29
429	1	574	29
430	1	834	29
431	1	574	29
432	1	782	29
433	1	730	29
434	1	834	29
435	1	678	29
436	1	834	29
437	1	730	29
439	1	678	29
440	1	574	29
441	1	678	29
442	1	678	29
445	1	782	29
446	1	678	29
447	1	469	29
449	1	730	29
450	1	678	29
452	1	834	29
453	1	730	29
457	1	574	29
458	1	521	29
459	1	574	29
460	1	626	29
461	1	626	29
463	1	782	29
464	1	730	29
465	1	730	29
466	1	678	29
467	1	626	29
468	1	782	29
469	1	834	29
471	1	574	29
472	1	574	29
474	1	730	29
476	1	887	29
478	1	574	29
479	1	782	29
480	1	730	29
481	1	574	29
482	1	678	29
483	1	782	29
485	1	782	29
487	1	574	29
488	1	574	29
489	1	626	29
490	1	887	29
491	1	782	29
493	1	782	29
494	1	730	29
495	1	887	29
497	1	626	29
498	1	887	29
499	1	834	29
500	1	626	29
501	1	887	29
503	1	626	29
505	1	887	29
506	1	678	29
507	1	678	29
508	1	782	29
509	1	678	29
511	1	730	29
512	1	678	29
513	1	782	29
514	1	834	29
515	1	730	29
516	1	574	29
518	1	730	29
519	1	834	29
520	1	678	29
521	1	782	29
522	1	730	29
523	1	730	29
525	1	887	29
527	1	626	29
528	1	834	29
529	1	834	29
530	1	574	29
531	1	730	29
532	1	782	29
534	1	626	29
537	1	678	29
538	1	678	29
539	1	626	29
541	1	834	29
542	1	678	29
543	1	887	29
544	1	730	29
549	1	730	29
550	1	730	29
551	1	626	29
553	1	521	29
554	1	626	29
555	1	626	29
557	1	782	29
558	1	626	29
559	1	730	29
560	1	574	29
562	1	730	29
563	1	730	29
564	1	730	29
565	1	834	29
566	1	730	29
568	1	626	29
569	1	887	29
570	1	730	29
571	1	626	29
572	1	678	29
573	1	782	29
575	1	574	29
576	1	574	29
577	1	626	29
578	1	678	29
579	1	574	29
580	1	782	29
583	1	730	29
584	1	730	29
585	1	626	29
587	1	834	29
588	1	574	29
589	1	834	29
590	1	782	29
591	1	574	29
593	1	730	29
594	1	730	29
595	1	834	29
597	1	782	29
598	1	834	29
599	1	834	29
600	1	782	29
601	1	678	29
602	1	730	29
606	1	730	29
607	1	626	29
608	1	574	29
610	1	678	29
611	1	887	29
613	1	887	29
614	1	730	29
615	1	782	29
616	1	782	29
617	1	887	29
618	1	730	29
620	1	678	29
621	1	574	29
622	1	626	29
624	1	574	29
625	1	730	29
627	1	782	29
628	1	678	29
629	1	678	29
632	1	626	29
633	1	730	29
634	1	678	29
636	1	782	29
637	1	730	29
638	1	782	29
639	1	782	29
640	1	574	29
641	1	678	29
643	1	730	29
644	1	834	29
645	1	678	29
646	1	626	29
647	1	782	29
648	1	678	29
649	1	730	29
650	1	678	29
652	1	782	29
657	1	730	29
658	1	730	29
659	1	782	29
661	1	782	29
662	1	678	29
663	1	887	29
665	1	834	29
666	1	626	29
667	1	678	29
668	1	678	29
669	1	782	29
673	1	730	29
674	1	730	29
676	1	834	29
678	1	834	29
679	1	678	29
682	1	574	29
683	1	574	29
685	1	678	29
687	1	782	29
689	1	678	29
691	1	678	29
693	1	678	29
694	1	730	29
695	1	626	29
697	1	834	29
701	1	782	29
703	1	834	29
704	1	678	29
706	1	626	29
707	1	574	29
708	1	678	29
709	1	834	29
710	1	678	29
711	1	574	29
713	1	678	29
714	1	782	29
715	1	678	29
716	1	626	29
717	1	887	29
718	1	730	29
719	1	521	29
722	1	834	29
723	1	834	29
727	1	887	29
729	1	834	29
731	1	730	29
732	1	678	29
733	1	678	29
734	1	574	29
736	1	730	29
737	1	730	29
738	1	678	29
739	1	574	29
740	1	678	29
742	1	626	29
743	1	626	29
744	1	887	29
746	1	678	29
747	1	730	29
750	1	626	29
751	1	678	29
753	1	834	29
754	1	834	29
755	1	834	29
756	1	834	29
757	1	782	29
758	1	626	29
759	1	678	29
761	1	730	29
763	1	678	29
764	1	782	29
765	1	834	29
766	1	730	29
767	1	678	29
770	1	730	29
772	1	730	29
774	1	626	29
776	1	626	29
777	1	730	29
779	1	782	29
780	1	678	29
781	1	574	29
782	1	730	29
783	1	730	29
784	1	834	29
785	1	678	29
786	1	678	29
787	1	678	29
788	1	730	29
789	1	887	29
790	1	678	29
791	1	782	29
792	1	834	29
793	1	834	29
794	1	626	29
795	1	678	29
796	1	730	29
797	1	834	29
798	1	730	29
799	1	730	29
800	1	1565	30
801	1	730	29
802	1	678	29
803	1	730	29
805	1	887	29
806	1	678	29
807	1	626	29
808	1	887	29
810	1	730	29
811	1	574	29
812	1	834	29
814	1	730	29
815	1	678	29
821	1	730	29
822	1	730	29
823	1	626	29
824	1	730	29
825	1	678	29
826	1	730	29
828	1	730	29
829	1	782	29
830	1	574	29
832	1	834	29
833	1	678	29
834	1	834	29
835	1	730	29
837	1	887	29
838	1	678	29
840	1	626	29
841	1	834	29
842	1	730	29
843	1	730	29
844	1	887	29
845	1	730	29
847	1	730	29
848	1	626	29
855	1	730	29
859	1	782	29
861	1	834	29
863	1	834	29
864	1	626	29
866	1	834	29
867	1	887	29
868	1	887	29
869	1	574	29
870	1	574	29
872	1	887	29
873	1	730	29
874	1	730	29
876	1	834	29
877	1	626	29
880	1	626	29
881	1	782	29
882	1	678	29
884	1	834	29
887	1	678	29
891	1	834	29
893	1	834	29
896	1	626	29
897	1	626	29
898	1	834	29
899	1	626	29
900	1	678	29
901	1	730	29
903	1	626	29
906	1	626	29
908	1	834	29
912	1	834	29
914	1	730	29
915	1	730	29
916	1	626	29
918	1	887	29
921	1	782	29
925	1	730	29
927	1	730	29
928	1	782	29
929	1	730	29
931	1	730	29
933	1	730	29
934	1	678	29
935	1	626	29
936	1	782	29
940	1	887	29
941	1	678	29
942	1	782	29
947	1	834	29
948	1	834	29
949	1	834	29
950	1	626	29
953	1	626	29
954	1	834	29
956	1	730	29
957	1	730	29
961	1	834	29
962	1	730	29
963	1	782	29
964	1	834	29
965	1	730	29
966	1	678	29
968	1	678	29
969	1	782	29
970	1	782	29
972	1	626	29
973	1	678	29
974	1	782	29
975	1	678	29
977	1	574	29
978	1	782	29
988	1	834	29
989	1	730	29
992	1	782	29
995	1	834	29
997	1	887	29
998	1	782	29
999	1	730	29
0	2	261	26
1	2	261	26
2	2	261	26
3	2	261	26
4	2	261	26
5	2	261	26
6	2	261	26
7	2	261	26
8	2	261	26
9	2	261	26
10	2	261	26
11	2	261	26
12	2	261	26
13	2	261	26
14	2	261	26
15	2	261	26
16	2	261	26
17	2	261	26
18	2	261	26
19	2	261	26
20	2	261	26
21	2	261	26
22	2	261	26
23	2	261	26
24	2	261	26
25	2	261	26
26	2	261	26
27	2	261	26
28	2	261	26
29	2	261	26
30	2	261	26
31	2	261	26
32	2	261	26
33	2	261	26
34	2	261	26
35	2	261	26
36	2	261	26
37	2	261	26
38	2	261	26
39	2	261	26
40	2	261	26
41	2	261	26
42	2	261	26
43	2	261	26
44	2	261	26
45	2	261	26
46	2	261	26
47	2	261	26
48	2	261	26
49	2	261	26
50	2	261	26
51	2	261	26
52	2	261	26
53	2	261	26
54	2	261	26
55	2	261	26
56	2	261	26
57	2	261	26
58	2	261	26
59	2	261	26
60	2	261	26
61	2	261	26
62	2	261	26
63	2	261	26
64	2	261	26
65	2	261	26
66	2	261	26
67	2	261	26
68	2	261	26
69	2	261	26
70	2	261	26
71	2	261	26
72	2	261	26
73	2	261	26
74	2	261	26
75	2	261	26
76	2	261	26
77	2	261	26
78	2	261	26
79	2	261	26
80	2	261	26
81	2	261	26
82	2	261	26
83	2	261	26
84	2	261	26
85	2	261	26
86	2	261	26
87	2	261	26
88	2	261	26
89	2	261	26
90	2	261	26
91	2	261	26
92	2	261	26
93	2	261	26
94	2	261	26
95	2	261	26
96	2	261	26
97	2	261	26
98	2	261	26
99	2	261	26
100	2	261	26
101	2	261	26
102	2	261	26
103	2	261	26
104	2	261	26
105	2	261	26
106	2	261	26
107	2	261	26
108	2	261	26
109	2	261	26
110	2	261	26
111	2	261	26
112	2	261	26
113	2	261	26
114	2	261	26
115	2	261	26
116	2	261	26
117	2	261	26
118	2	261	26
119	2	261	26
120	2	261	26
121	2	261	26
122	2	261	26
123	2	261	26
124	2	261	26
125	2	261	26
126	2	261	26
127	2	261	26
128	2	261	26
129	2	261	26
130	2	261	26
131	2	261	26
132	2	261	26
133	2	261	26
134	2	261	26
135	2	261	26
136	2	261	26
137	2	261	26
138	2	261	26
139	2	261	26
140	2	261	26
141	2	261	26
142	2	261	26
143	2	261	26
144	2	261	26
145	2	261	26
146	2	261	26
147	2	261	26
148	2	261	26
149	2	261	26
150	2	261	26
151	2	261	26
152	2	261	26
153	2	261	26
154	2	261	26
155	2	261	26
156	2	261	26
157	2	261	26
158	2	261	26
159	2	261	26
160	2	261	26
161	2	261	26
162	2	261	26
163	2	261	26
164	2	261	26
165	2	261	26
166	2	261	26
167	2	261	26
168	2	261	26
169	2	261	26
170	2	261	26
171	2	261	26
172	2	261	26
173	2	261	26
174	2	261	26
175	2	261	26
176	2	261	26
177	2	261	26
178	2	261	26
179	2	261	26
180	2	261	26
181	2	261	26
182	2	261	26
183	2	261	26
184	2	261	26
185	2	261	26
186	2	261	26
187	2	261	26
188	2	261	26
189	2	261	26
190	2	261	26
191	2	261	26
192	2	261	26
193	2	261	26
194	2	261	26
195	2	261	26
196	2	261	26
197	2	261	26
198	2	261	26
199	2	261	26
200	2	261	26
201	2	261	26
202	2	261	26
203	2	261	26
204	2	261	26
205	2	261	26
206	2	261	26
207	2	261	26
208	2	261	26
209	2	261	26
210	2	261	26
211	2	261	26
212	2	261	26
213	2	261	26
214	2	261	26
215	2	261	26
216	2	261	26
217	2	261	26
218	2	261	26
219	2	261	26
220	2	261	26
221	2	261	26
222	2	261	26
223	2	261	26
224	2	261	26
225	2	261	26
226	2	261	26
227	2	261	26
228	2	261	26
229	2	261	26
230	2	261	26
231	2	261	26
232	2	261	26
233	2	261	26
234	2	261	26
235	2	261	26
236	2	261	26
237	2	261	26
238	2	261	26
239	2	261	26
240	2	261	26
241	2	261	26
242	2	261	26
243	2	261	26
244	2	261	26
245	2	261	26
246	2	261	26
247	2	261	26
248	2	261	26
249	2	261	26
250	2	261	26
251	2	261	26
252	2	261	26
253	2	261	26
254	2	261	26
255	2	261	26
256	2	261	26
257	2	261	26
258	2	261	26
259	2	261	26
260	2	261	26
261	2	261	26
262	2	261	26
263	2	261	26
264	2	261	26
265	2	261	26
266	2	261	26
267	2	261	26
268	2	261	26
269	2	261	26
270	2	261	26
271	2	261	26
272	2	261	26
273	2	261	26
274	2	261	26
275	2	261	26
276	2	261	26
277	2	261	26
278	2	261	26
279	2	261	26
280	2	261	26
281	2	261	26
282	2	261	26
283	2	261	26
284	2	261	26
285	2	261	26
286	2	261	26
287	2	261	26
288	2	261	26
289	2	261	26
290	2	261	26
291	2	261	26
292	2	261	26
293	2	261	26
294	2	261	26
295	2	261	26
296	2	261	26
297	2	261	26
298	2	261	26
299	2	261	26
300	2	261	26
301	2	261	26
302	2	261	26
303	2	261	26
304	2	261	26
305	2	261	26
306	2	261	26
307	2	261	26
308	2	261	26
309	2	261	26
310	2	261	26
311	2	261	26
312	2	261	26
313	2	261	26
314	2	261	26
315	2	261	26
316	2	261	26
317	2	261	26
318	2	261	26
319	2	261	26
320	2	261	26
321	2	261	26
322	2	261	26
323	2	261	26
324	2	261	26
325	2	261	26
326	2	261	26
327	2	261	26
328	2	261	26
329	2	261	26
330	2	261	26
331	2	261	26
332	2	261	26
333	2	261	26
334	2	261	26
335	2	261	26
336	2	261	26
337	2	261	26
338	2	261	26
339	2	261	26
340	2	261	26
341	2	261	26
342	2	261	26
343	2	261	26
344	2	261	26
345	2	261	26
346	2	261	26
347	2	261	26
348	2	261	26
349	2	261	26
350	2	261	26
351	2	261	26
352	2	261	26
353	2	261	26
354	2	261	26
355	2	261	26
356	2	261	26
357	2	261	26
358	2	261	26
359	2	261	26
360	2	261	26
361	2	261	26
362	2	261	26
363	2	261	26
364	2	261	26
365	2	261	26
366	2	261	26
367	2	261	26
368	2	261	26
369	2	261	26
370	2	261	26
371	2	261	26
372	2	261	26
373	2	261	26
374	2	261	26
375	2	261	26
376	2	261	26
377	2	261	26
378	2	261	26
379	2	261	26
380	2	261	26
381	2	261	26
382	2	261	26
383	2	261	26
384	2	261	26
385	2	261	26
386	2	261	26
387	2	261	26
388	2	261	26
389	2	261	26
390	2	261	26
391	2	261	26
392	2	261	26
393	2	261	26
394	2	261	26
395	2	261	26
396	2	261	26
397	2	261	26
398	2	261	26
399	2	261	26
400	2	261	26
401	2	261	26
402	2	261	26
403	2	261	26
404	2	261	26
405	2	261	26
406	2	261	26
407	2	261	26
408	2	261	26
409	2	261	26
410	2	261	26
411	2	261	26
412	2	261	26
413	2	261	26
414	2	261	26
415	2	261	26
416	2	261	26
417	2	261	26
418	2	261	26
419	2	261	26
420	2	261	26
421	2	261	26
422	2	261	26
423	2	261	26
424	2	261	26
425	2	261	26
426	2	261	26
427	2	261	26
428	2	261	26
429	2	261	26
430	2	261	26
431	2	261	26
432	2	261	26
433	2	261	26
434	2	261	26
435	2	261	26
436	2	261	26
437	2	261	26
438	2	261	26
439	2	261	26
440	2	261	26
441	2	261	26
442	2	261	26
443	2	261	26
444	2	261	26
445	2	261	26
446	2	261	26
447	2	261	26
448	2	261	26
449	2	261	26
450	2	261	26
451	2	261	26
452	2	261	26
453	2	261	26
454	2	261	26
455	2	261	26
456	2	261	26
457	2	261	26
458	2	261	26
459	2	261	26
460	2	261	26
461	2	261	26
462	2	261	26
463	2	261	26
464	2	261	26
465	2	261	26
466	2	261	26
467	2	261	26
468	2	261	26
469	2	261	26
470	2	261	26
471	2	261	26
472	2	261	26
473	2	261	26
474	2	261	26
475	2	261	26
476	2	261	26
477	2	261	26
478	2	261	26
479	2	261	26
480	2	261	26
481	2	261	26
482	2	261	26
483	2	261	26
484	2	261	26
485	2	261	26
486	2	261	26
487	2	261	26
488	2	261	26
489	2	261	26
490	2	261	26
491	2	261	26
492	2	261	26
493	2	261	26
494	2	261	26
495	2	261	26
496	2	261	26
497	2	261	26
498	2	261	26
499	2	261	26
500	2	261	26
501	2	261	26
502	2	261	26
503	2	261	26
504	2	261	26
505	2	261	26
506	2	261	26
507	2	261	26
508	2	261	26
509	2	261	26
510	2	261	26
511	2	261	26
512	2	261	26
513	2	261	26
514	2	261	26
515	2	261	26
516	2	261	26
517	2	261	26
518	2	261	26
519	2	261	26
520	2	261	26
521	2	261	26
522	2	261	26
523	2	261	26
524	2	261	26
525	2	261	26
526	2	261	26
527	2	261	26
528	2	261	26
529	2	261	26
530	2	261	26
531	2	261	26
532	2	261	26
533	2	261	26
534	2	261	26
535	2	261	26
536	2	261	26
537	2	261	26
538	2	261	26
539	2	261	26
540	2	261	26
541	2	261	26
542	2	261	26
543	2	261	26
544	2	261	26
545	2	261	26
546	2	261	26
547	2	261	26
548	2	261	26
549	2	261	26
550	2	261	26
551	2	261	26
552	2	261	26
553	2	261	26
554	2	261	26
555	2	261	26
556	2	261	26
557	2	261	26
558	2	261	26
559	2	261	26
560	2	261	26
561	2	261	26
562	2	261	26
563	2	261	26
564	2	261	26
565	2	261	26
566	2	261	26
567	2	261	26
568	2	261	26
569	2	261	26
570	2	261	26
571	2	261	26
572	2	261	26
573	2	261	26
574	2	261	26
575	2	261	26
576	2	261	26
577	2	261	26
578	2	261	26
579	2	261	26
580	2	261	26
581	2	261	26
582	2	261	26
583	2	261	26
584	2	261	26
585	2	261	26
586	2	261	26
587	2	261	26
588	2	261	26
589	2	261	26
590	2	261	26
591	2	261	26
592	2	261	26
593	2	261	26
594	2	261	26
595	2	261	26
596	2	261	26
597	2	261	26
598	2	261	26
599	2	261	26
600	2	261	26
601	2	261	26
602	2	261	26
603	2	261	26
604	2	261	26
605	2	261	26
606	2	261	26
607	2	261	26
608	2	261	26
609	2	261	26
610	2	261	26
611	2	261	26
612	2	261	26
613	2	261	26
614	2	261	26
615	2	261	26
616	2	261	26
617	2	261	26
618	2	261	26
619	2	261	26
620	2	261	26
621	2	261	26
622	2	261	26
623	2	261	26
624	2	261	26
625	2	261	26
626	2	261	26
627	2	261	26
628	2	261	26
629	2	261	26
630	2	261	26
631	2	261	26
632	2	261	26
633	2	261	26
634	2	261	26
635	2	261	26
636	2	261	26
637	2	261	26
638	2	261	26
639	2	261	26
640	2	261	26
641	2	261	26
642	2	261	26
643	2	261	26
644	2	261	26
645	2	261	26
646	2	261	26
647	2	261	26
648	2	261	26
649	2	261	26
650	2	261	26
651	2	261	26
652	2	261	26
653	2	261	26
654	2	261	26
655	2	261	26
656	2	261	26
657	2	261	26
658	2	261	26
659	2	261	26
660	2	261	26
661	2	261	26
662	2	261	26
663	2	261	26
664	2	261	26
665	2	261	26
666	2	261	26
667	2	261	26
668	2	261	26
669	2	261	26
670	2	261	26
671	2	261	26
672	2	261	26
673	2	261	26
674	2	261	26
675	2	261	26
676	2	261	26
677	2	261	26
678	2	261	26
679	2	261	26
680	2	261	26
681	2	261	26
682	2	261	26
683	2	261	26
684	2	261	26
685	2	261	26
686	2	261	26
687	2	261	26
688	2	261	26
689	2	261	26
690	2	261	26
691	2	261	26
692	2	261	26
693	2	261	26
694	2	261	26
695	2	261	26
696	2	261	26
697	2	261	26
698	2	261	26
699	2	261	26
700	2	261	26
701	2	261	26
702	2	261	26
703	2	261	26
704	2	261	26
705	2	261	26
706	2	261	26
707	2	261	26
708	2	261	26
709	2	261	26
710	2	261	26
711	2	261	26
712	2	261	26
713	2	261	26
714	2	261	26
715	2	261	26
716	2	261	26
717	2	261	26
718	2	261	26
719	2	261	26
720	2	261	26
721	2	261	26
722	2	261	26
723	2	261	26
724	2	261	26
725	2	261	26
726	2	261	26
727	2	261	26
728	2	261	26
729	2	261	26
730	2	261	26
731	2	261	26
732	2	261	26
733	2	261	26
734	2	261	26
735	2	261	26
736	2	261	26
737	2	261	26
738	2	261	26
739	2	261	26
740	2	261	26
741	2	261	26
742	2	261	26
743	2	261	26
744	2	261	26
745	2	261	26
746	2	261	26
747	2	261	26
748	2	261	26
749	2	261	26
750	2	261	26
751	2	261	26
752	2	261	26
753	2	261	26
754	2	261	26
755	2	261	26
756	2	261	26
757	2	261	26
758	2	261	26
759	2	261	26
760	2	261	26
761	2	261	26
762	2	261	26
763	2	261	26
764	2	261	26
765	2	261	26
766	2	261	26
767	2	261	26
768	2	261	26
769	2	261	26
770	2	261	26
771	2	261	26
772	2	261	26
773	2	261	26
774	2	261	26
775	2	261	26
776	2	261	26
777	2	261	26
778	2	261	26
779	2	261	26
780	2	261	26
781	2	261	26
782	2	261	26
783	2	261	26
784	2	261	26
785	2	261	26
786	2	261	26
787	2	261	26
788	2	261	26
789	2	261	26
790	2	261	26
791	2	261	26
792	2	261	26
793	2	261	26
794	2	261	26
795	2	261	26
796	2	261	26
797	2	261	26
798	2	261	26
799	2	261	26
800	2	261	26
801	2	261	26
802	2	261	26
803	2	261	26
804	2	261	26
805	2	261	26
806	2	261	26
807	2	261	26
808	2	261	26
809	2	261	26
810	2	261	26
811	2	261	26
812	2	261	26
813	2	261	26
814	2	261	26
815	2	261	26
816	2	261	26
817	2	261	26
818	2	261	26
819	2	261	26
820	2	261	26
821	2	261	26
822	2	261	26
823	2	261	26
824	2	261	26
825	2	261	26
826	2	261	26
827	2	261	26
828	2	261	26
829	2	261	26
830	2	261	26
831	2	261	26
832	2	261	26
833	2	261	26
834	2	261	26
835	2	261	26
836	2	261	26
837	2	261	26
838	2	261	26
839	2	261	26
840	2	261	26
841	2	261	26
842	2	261	26
843	2	261	26
844	2	261	26
845	2	261	26
846	2	261	26
847	2	261	26
848	2	261	26
849	2	261	26
850	2	261	26
851	2	261	26
852	2	261	26
853	2	261	26
854	2	261	26
855	2	261	26
856	2	261	26
857	2	261	26
858	2	261	26
859	2	261	26
860	2	261	26
861	2	261	26
862	2	261	26
863	2	261	26
864	2	261	26
865	2	261	26
866	2	261	26
867	2	261	26
868	2	261	26
869	2	261	26
870	2	261	26
871	2	261	26
872	2	261	26
873	2	261	26
874	2	261	26
875	2	261	26
876	2	261	26
877	2	261	26
878	2	261	26
879	2	261	26
880	2	261	26
881	2	261	26
882	2	261	26
883	2	261	26
884	2	261	26
885	2	261	26
886	2	261	26
887	2	261	26
888	2	261	26
889	2	261	26
890	2	261	26
891	2	261	26
892	2	261	26
893	2	261	26
894	2	261	26
895	2	261	26
896	2	261	26
897	2	261	26
898	2	261	26
899	2	261	26
900	2	261	26
901	2	261	26
902	2	261	26
903	2	261	26
904	2	261	26
905	2	261	26
906	2	261	26
907	2	261	26
908	2	261	26
909	2	261	26
910	2	261	26
911	2	261	26
912	2	261	26
913	2	261	26
914	2	261	26
915	2	261	26
916	2	261	26
917	2	261	26
918	2	261	26
919	2	261	26
920	2	261	26
921	2	261	26
922	2	261	26
923	2	261	26
924	2	261	26
925	2	261	26
926	2	261	26
927	2	261	26
928	2	261	26
929	2	261	26
930	2	261	26
931	2	261	26
932	2	261	26
933	2	261	26
934	2	261	26
935	2	261	26
936	2	261	26
937	2	261	26
938	2	261	26
939	2	261	26
940	2	261	26
941	2	261	26
942	2	261	26
943	2	261	26
944	2	261	26
945	2	261	26
946	2	261	26
947	2	261	26
948	2	261	26
949	2	261	26
950	2	261	26
951	2	261	26
952	2	261	26
953	2	261	26
954	2	261	26
955	2	261	26
956	2	261	26
957	2	261	26
958	2	261	26
959	2	261	26
960	2	261	26
961	2	261	26
962	2	261	26
963	2	261	26
964	2	261	26
965	2	261	26
966	2	261	26
967	2	261	26
968	2	261	26
969	2	261	26
970	2	261	26
971	2	261	26
972	2	261	26
973	2	261	26
974	2	261	26
975	2	261	26
976	2	261	26
977	2	261	26
978	2	261	26
979	2	261	26
980	2	261	26
981	2	261	26
982	2	261	26
983	2	261	26
984	2	261	26
985	2	261	26
986	2	261	26
987	2	261	26
988	2	261	26
989	2	261	26
990	2	261	26
991	2	261	26
992	2	261	26
993	2	261	26
994	2	261	26
995	2	261	26
996	2	261	26
997	2	261	26
998	2	261	26
999	2	261	26
0	3	626	29
1	3	626	29
2	3	730	29
3	3	782	29
4	3	834	29
4	3	2087	12
10	3	834	29
11	3	887	29
12	3	678	29
14	3	626	29
15	3	678	29
17	3	626	29
18	3	678	29
20	3	678	29
21	3	626	29
23	3	834	29
24	3	834	29
25	3	730	29
27	3	626	29
28	3	730	29
29	3	678	29
30	3	782	29
31	3	678	29
33	3	678	29
35	3	678	29
36	3	834	29
37	3	678	29
39	3	834	29
40	3	834	29
40	3	2087	12
42	3	730	29
43	3	887	29
45	3	887	29
46	3	782	29
47	3	782	29
49	3	730	29
50	3	730	29
53	3	834	29
55	3	730	29
57	3	834	29
58	3	887	29
58	3	1722	12
59	3	834	29
60	3	678	29
61	3	834	29
62	3	678	29
64	3	678	29
65	3	2191	12
66	3	730	29
68	3	678	29
69	3	678	29
70	3	730	29
75	3	887	29
78	3	887	29
78	3	2035	12
79	3	678	29
80	3	730	29
81	3	887	29
82	3	678	29
83	3	574	29
84	3	678	29
86	3	782	29
87	3	626	29
88	3	678	29
90	3	678	29
91	3	678	29
92	3	730	29
94	3	469	29
95	3	2139	30
96	3	574	29
97	3	730	29
98	3	678	29
99	3	730	29
99	3	2035	12
101	3	730	29
102	3	574	29
103	3	678	29
106	3	678	29
107	3	574	29
108	3	834	29
109	3	678	29
110	3	626	29
112	3	1565	30
113	3	626	29
114	3	730	29
115	3	782	29
116	3	730	29
117	3	678	29
118	3	678	29
118	3	2139	12
120	3	782	29
121	3	574	29
122	3	730	29
126	3	626	29
127	3	626	29
128	3	626	29
130	3	574	29
131	3	782	29
132	3	626	29
135	3	1356	12
135	3	2191	30
136	3	626	29
137	3	730	29
138	3	626	29
139	3	834	29
139	3	2087	12
141	3	521	29
142	3	730	29
143	3	730	29
144	3	678	29
145	3	730	29
146	3	730	29
148	3	730	29
149	3	678	29
150	3	834	29
152	3	678	29
153	3	782	29
154	3	887	29
155	3	626	29
156	3	626	29
158	3	834	29
159	3	574	29
160	3	521	29
164	3	834	29
165	3	730	29
165	3	2035	12
166	3	678	29
167	3	887	29
169	3	626	29
170	3	626	29
171	3	782	29
175	3	782	29
176	3	782	29
178	3	730	29
179	3	730	29
180	3	782	29
181	3	730	29
183	3	678	29
185	3	834	29
189	3	2295	12
191	3	834	29
193	3	574	29
194	3	730	29
196	3	626	29
197	3	678	29
199	3	730	29
200	3	782	29
204	3	678	29
206	3	626	29
206	3	1878	12
206	3	2295	9
207	3	626	29
208	3	626	29
209	3	574	29
210	3	574	29
212	3	782	29
216	3	730	29
218	3	730	29
219	3	730	29
220	3	782	29
221	3	574	29
222	3	678	29
223	3	678	29
224	3	730	29
224	3	1408	12
225	3	782	29
226	3	730	29
228	3	626	29
229	3	887	29
229	3	2139	12
230	3	626	29
231	3	626	29
232	3	730	29
234	3	574	29
235	3	730	29
236	3	887	29
238	3	730	29
239	3	730	29
240	3	626	29
241	3	730	29
242	3	678	29
243	3	626	29
244	3	834	29
245	3	782	29
246	3	678	29
247	3	2243	12
248	3	730	29
249	3	626	29
250	3	626	29
252	3	887	29
254	3	2035	12
255	3	574	29
256	3	887	29
257	3	887	29
258	3	626	29
259	3	834	29
260	3	834	29
261	3	887	29
264	3	887	29
265	3	834	29
266	3	521	29
267	3	626	29
269	3	678	29
271	3	678	29
272	3	626	29
272	3	2087	12
273	3	678	29
274	3	678	29
278	3	782	29
279	3	574	29
280	3	678	29
281	3	678	29
281	3	1513	12
281	3	1774	9
282	3	574	29
283	3	730	29
284	3	626	29
285	3	730	29
286	3	626	29
287	3	782	29
288	3	730	29
289	3	782	29
291	3	887	29
292	3	678	29
293	3	626	29
294	3	626	29
295	3	678	29
295	3	1930	12
297	3	730	29
298	3	678	29
299	3	834	29
300	3	574	29
301	3	626	29
302	3	626	29
303	3	834	29
304	3	626	29
306	3	626	29
307	3	782	29
309	3	678	29
310	3	834	29
311	3	678	29
312	3	730	29
314	3	678	29
315	3	678	29
319	3	574	29
320	3	782	29
321	3	626	29
322	3	782	29
325	3	887	29
326	3	626	29
327	3	887	29
329	3	730	29
330	3	887	29
330	3	2191	12
331	3	730	29
331	3	2035	12
332	3	626	29
333	3	834	29
333	3	2243	12
334	3	678	29
335	3	626	29
336	3	887	29
337	3	730	29
338	3	887	29
339	3	834	29
340	3	730	29
341	3	730	29
342	3	834	29
343	3	626	29
344	3	887	29
345	3	678	29
346	3	678	29
347	3	782	29
348	3	626	29
349	3	678	29
351	3	678	29
352	3	521	29
353	3	834	29
354	3	678	29
355	3	782	29
356	3	730	29
358	3	730	29
358	3	2243	12
363	3	782	29
364	3	782	29
365	3	678	29
367	3	834	29
368	3	574	29
368	3	2191	12
371	3	834	29
372	3	2139	30
374	3	2139	12
375	3	574	29
376	3	730	29
379	3	730	29
380	3	678	29
382	3	834	29
383	3	574	29
383	3	1982	12
384	3	834	29
385	3	574	29
386	3	678	29
387	3	782	29
387	3	2243	12
389	3	834	29
391	3	730	29
393	3	626	29
394	3	574	29
396	3	678	29
399	3	626	29
401	3	521	29
403	3	730	29
404	3	2243	12
406	3	678	29
408	3	730	29
410	3	678	29
411	3	730	29
412	3	626	29
412	3	2087	12
413	3	730	29
414	3	834	29
415	3	834	29
418	3	730	29
419	3	834	29
421	3	782	29
423	3	730	29
423	3	2191	12
424	3	626	29
424	3	2295	12
425	3	678	29
426	3	574	29
427	3	678	29
428	3	730	29
429	3	574	29
430	3	834	29
431	3	574	29
432	3	782	29
433	3	730	29
434	3	834	29
434	3	2295	12
435	3	678	29
436	3	834	29
437	3	730	29
439	3	678	29
440	3	574	29
441	3	678	29
442	3	678	29
442	3	2243	12
445	3	782	29
446	3	678	29
447	3	469	29
449	3	730	29
450	3	678	29
452	3	834	29
453	3	730	29
457	3	574	29
458	3	521	29
459	3	574	29
460	3	626	29
461	3	626	29
463	3	782	29
464	3	730	29
465	3	730	29
466	3	678	29
467	3	626	29
468	3	782	29
469	3	834	29
471	3	574	29
472	3	574	29
474	3	730	29
476	3	887	29
478	3	574	29
479	3	782	29
480	3	730	29
481	3	574	29
482	3	678	29
483	3	782	29
485	3	782	29
487	3	574	29
488	3	574	29
489	3	626	29
490	3	887	29
491	3	782	29
493	3	782	29
494	3	730	29
495	3	887	29
497	3	626	29
498	3	887	29
499	3	834	29
500	3	626	29
501	3	887	29
503	3	626	29
505	3	887	29
506	3	678	29
507	3	678	29
508	3	782	29
509	3	678	29
511	3	730	29
512	3	678	29
513	3	782	29
514	3	834	29
515	3	730	29
516	3	574	29
518	3	730	29
519	3	834	29
520	3	678	29
521	3	782	29
522	3	730	29
523	3	730	29
523	3	2035	12
525	3	887	29
527	3	626	29
528	3	834	29
529	3	834	29
530	3	574	29
531	3	730	29
531	3	2035	12
532	3	782	29
534	3	626	29
537	3	678	29
538	3	678	29
539	3	626	29
541	3	834	29
542	3	678	29
543	3	887	29
544	3	730	29
549	3	730	29
550	3	730	29
551	3	626	29
553	3	521	29
554	3	626	29
555	3	626	29
557	3	782	29
558	3	626	29
559	3	730	29
560	3	574	29
562	3	730	29
563	3	730	29
564	3	730	29
565	3	834	29
566	3	730	29
568	3	626	29
569	3	887	29
570	3	730	29
571	3	626	29
571	3	2243	12
572	3	678	29
573	3	782	29
575	3	574	29
576	3	574	29
577	3	626	29
578	3	678	29
579	3	574	29
580	3	782	29
583	3	730	29
584	3	730	29
585	3	626	29
587	3	834	29
588	3	574	29
589	3	834	29
590	3	782	29
591	3	574	29
593	3	730	29
594	3	730	29
595	3	834	29
597	3	782	29
598	3	834	29
599	3	834	29
600	3	782	29
601	3	678	29
602	3	730	29
606	3	730	29
607	3	626	29
608	3	574	29
610	3	678	29
611	3	887	29
613	3	887	29
614	3	730	29
615	3	782	29
616	3	782	29
617	3	887	29
618	3	730	29
620	3	678	29
621	3	574	29
622	3	626	29
624	3	574	29
625	3	730	29
627	3	782	29
628	3	678	29
629	3	678	29
632	3	626	29
633	3	730	29
634	3	678	29
636	3	782	29
637	3	730	29
638	3	782	29
639	3	782	29
640	3	574	29
641	3	678	29
643	3	730	29
644	3	834	29
645	3	678	29
646	3	626	29
647	3	782	29
648	3	678	29
649	3	730	29
650	3	678	29
652	3	782	29
657	3	730	29
658	3	730	29
659	3	782	29
661	3	782	29
662	3	678	29
663	3	887	29
665	3	834	29
666	3	626	29
667	3	678	29
668	3	678	29
669	3	782	29
673	3	730	29
674	3	730	29
676	3	834	29
678	3	834	29
679	3	678	29
682	3	574	29
683	3	574	29
685	3	678	29
687	3	782	29
689	3	678	29
691	3	678	29
693	3	678	29
694	3	730	29
695	3	626	29
697	3	834	29
701	3	782	29
703	3	834	29
704	3	678	29
706	3	626	29
707	3	574	29
708	3	678	29
709	3	834	29
710	3	678	29
711	3	574	29
713	3	678	29
714	3	782	29
715	3	678	29
716	3	626	29
717	3	887	29
718	3	730	29
719	3	521	29
722	3	834	29
723	3	834	29
727	3	887	29
729	3	834	29
731	3	730	29
732	3	678	29
733	3	678	29
734	3	574	29
736	3	730	29
737	3	730	29
738	3	678	29
739	3	574	29
740	3	678	29
742	3	626	29
742	3	2295	12
743	3	626	29
744	3	887	29
746	3	678	29
747	3	730	29
750	3	626	29
751	3	678	29
753	3	834	29
753	3	2295	12
754	3	834	29
755	3	834	29
756	3	834	29
757	3	782	29
758	3	626	29
759	3	678	29
761	3	730	29
763	3	678	29
764	3	782	29
765	3	834	29
766	3	730	29
767	3	678	29
770	3	730	29
772	3	730	29
774	3	626	29
776	3	626	29
777	3	730	29
779	3	782	29
780	3	678	29
781	3	574	29
782	3	730	29
783	3	730	29
784	3	834	29
785	3	678	29
786	3	678	29
787	3	678	29
788	3	730	29
789	3	887	29
790	3	678	29
791	3	782	29
792	3	834	29
793	3	834	29
794	3	626	29
795	3	678	29
796	3	730	29
797	3	834	29
798	3	730	29
799	3	730	29
800	3	1565	30
801	3	730	29
802	3	678	29
803	3	730	29
805	3	887	29
806	3	678	29
807	3	626	29
808	3	887	29
810	3	730	29
811	3	574	29
811	3	1565	12
812	3	834	29
814	3	730	29
815	3	678	29
821	3	730	29
821	3	2191	12
822	3	730	29
823	3	626	29
824	3	730	29
825	3	678	29
826	3	730	29
826	3	2035	12
828	3	730	29
829	3	782	29
830	3	574	29
832	3	834	29
833	3	678	29
834	3	834	29
835	3	730	29
837	3	887	29
838	3	678	29
840	3	626	29
841	3	834	29
842	3	730	29
843	3	730	29
844	3	887	29
845	3	730	29
847	3	730	29
848	3	626	29
852	3	2139	12
855	3	730	29
859	3	782	29
861	3	834	29
863	3	834	29
864	3	626	29
866	3	834	29
867	3	887	29
868	3	887	29
869	3	574	29
870	3	574	29
872	3	887	29
873	3	730	29
874	3	730	29
876	3	834	29
877	3	626	29
880	3	626	29
881	3	782	29
882	3	678	29
883	3	2191	12
884	3	834	29
887	3	678	29
891	3	834	29
893	3	834	29
896	3	626	29
897	3	626	29
898	3	834	29
899	3	626	29
900	3	678	29
901	3	730	29
903	3	626	29
906	3	626	29
908	3	834	29
912	3	834	29
914	3	730	29
915	3	730	29
916	3	626	29
918	3	887	29
921	3	782	29
925	3	730	29
927	3	730	29
928	3	782	29
929	3	730	29
931	3	730	29
933	3	730	29
934	3	678	29
935	3	626	29
936	3	782	29
940	3	887	29
941	3	678	29
942	3	782	29
947	3	834	29
948	3	834	29
949	3	834	29
950	3	626	29
953	3	626	29
954	3	834	29
956	3	730	29
957	3	730	29
961	3	834	29
962	3	730	29
963	3	782	29
964	3	834	29
965	3	730	29
966	3	678	29
968	3	678	29
969	3	782	29
970	3	782	29
972	3	626	29
973	3	678	29
974	3	782	29
975	3	678	29
977	3	574	29
978	3	782	29
988	3	834	29
989	3	730	29
992	3	782	29
995	3	834	29
997	3	887	29
998	3	782	29
999	3	730	29
0	4	626	29
1	4	626	29
2	4	730	29
3	4	782	29
4	4	834	29
4	4	2087	28
5	4	939	28
6	4	1043	28
7	4	1148	28
8	4	1043	28
9	4	1356	28
10	4	834	29
11	4	887	29
12	4	678	29
13	4	991	28
14	4	626	29
15	4	678	29
16	4	1043	28
17	4	626	29
18	4	678	29
19	4	939	28
20	4	678	29
21	4	626	29
22	4	939	28
23	4	834	29
24	4	834	29
25	4	730	29
25	4	2243	28
26	4	939	28
27	4	626	29
28	4	730	29
29	4	678	29
30	4	782	29
31	4	678	29
32	4	1200	28
33	4	678	29
34	4	1148	28
35	4	678	29
36	4	834	29
37	4	678	29
38	4	1148	28
39	4	834	29
40	4	834	29
40	4	2295	28
41	4	1252	28
42	4	730	29
43	4	887	29
44	4	939	28
45	4	887	29
46	4	782	29
47	4	782	29
48	4	1095	28
49	4	730	29
50	4	730	29
51	4	939	28
52	4	991	28
53	4	834	29
53	4	2087	28
54	4	1148	28
55	4	730	29
56	4	1200	28
57	4	834	29
57	4	2243	28
58	4	887	29
59	4	834	29
60	4	678	29
61	4	834	29
62	4	678	29
62	4	2295	28
63	4	1043	28
64	4	678	29
65	4	991	28
66	4	730	29
67	4	1148	28
68	4	678	29
69	4	678	29
70	4	730	29
71	4	1252	28
72	4	1200	28
73	4	1356	28
74	4	1095	28
75	4	887	29
75	4	2243	28
76	4	1095	28
77	4	1356	28
78	4	887	29
78	4	2035	28
79	4	678	29
80	4	730	29
81	4	887	29
82	4	678	29
83	4	574	29
84	4	678	29
85	4	1200	28
86	4	782	29
86	4	2139	28
87	4	626	29
88	4	678	29
89	4	991	28
90	4	678	29
91	4	678	29
92	4	730	29
93	4	939	28
94	4	469	29
95	4	1148	28
95	4	2139	30
96	4	574	29
97	4	730	29
98	4	678	29
99	4	730	29
100	4	991	28
101	4	730	29
102	4	574	29
102	4	2139	28
103	4	678	29
104	4	939	28
105	4	1095	28
106	4	678	29
106	4	2295	28
107	4	574	29
108	4	834	29
109	4	678	29
110	4	626	29
110	4	2139	28
111	4	1304	28
112	4	939	28
112	4	1565	30
113	4	626	29
114	4	730	29
114	4	2139	28
115	4	782	29
116	4	730	29
117	4	678	29
118	4	678	29
118	4	2139	28
119	4	1200	28
120	4	782	29
121	4	574	29
121	4	2191	28
122	4	730	29
123	4	939	28
124	4	939	28
125	4	1043	28
126	4	626	29
126	4	2139	28
127	4	626	29
128	4	626	29
129	4	1095	28
130	4	574	29
131	4	782	29
131	4	2295	28
132	4	626	29
133	4	1043	28
134	4	939	28
135	4	939	28
135	4	2191	30
136	4	626	29
137	4	730	29
138	4	626	29
138	4	2295	28
139	4	834	29
139	4	1878	28
140	4	1617	28
141	4	521	29
142	4	730	29
143	4	730	29
144	4	678	29
145	4	730	29
146	4	730	29
147	4	1043	28
148	4	730	29
149	4	678	29
149	4	2243	28
150	4	834	29
151	4	991	28
152	4	678	29
153	4	782	29
154	4	887	29
155	4	626	29
155	4	2295	28
156	4	626	29
157	4	1095	28
158	4	834	29
159	4	574	29
160	4	521	29
161	4	991	28
162	4	991	28
163	4	1148	28
164	4	834	29
165	4	730	29
165	4	2035	28
166	4	678	29
167	4	887	29
168	4	991	28
169	4	626	29
170	4	626	29
171	4	782	29
172	4	939	28
173	4	939	28
174	4	991	28
175	4	782	29
176	4	782	29
177	4	1095	28
178	4	730	29
179	4	730	29
180	4	782	29
181	4	730	29
182	4	1513	28
183	4	678	29
184	4	991	28
185	4	834	29
186	4	1095	28
187	4	939	28
188	4	1095	28
189	4	1043	28
190	4	939	28
191	4	834	29
191	4	2243	28
192	4	939	28
193	4	574	29
194	4	730	29
195	4	1095	28
196	4	626	29
196	4	2087	28
197	4	678	29
198	4	1200	28
199	4	730	29
200	4	782	29
201	4	1200	28
202	4	939	28
203	4	1043	28
204	4	678	29
205	4	1461	28
206	4	626	29
206	4	1878	28
207	4	626	29
208	4	626	29
209	4	574	29
210	4	574	29
211	4	1200	28
212	4	782	29
213	4	1148	28
214	4	939	28
215	4	991	28
216	4	730	29
217	4	1095	28
218	4	730	29
219	4	730	29
220	4	782	29
221	4	574	29
221	4	2243	28
222	4	678	29
222	4	2035	28
223	4	678	29
223	4	2243	28
224	4	730	29
225	4	782	29
225	4	2295	28
226	4	730	29
227	4	1043	28
228	4	626	29
229	4	887	29
229	4	1930	28
230	4	626	29
231	4	626	29
232	4	730	29
233	4	1200	28
234	4	574	29
235	4	730	29
235	4	2191	28
236	4	887	29
237	4	1148	28
238	4	730	29
239	4	730	29
240	4	626	29
240	4	2295	28
241	4	730	29
242	4	678	29
243	4	626	29
243	4	2139	28
244	4	834	29
245	4	782	29
245	4	2243	28
246	4	678	29
247	4	1200	28
248	4	730	29
249	4	626	29
250	4	626	29
250	4	2191	28
251	4	1252	28
252	4	887	29
253	4	939	28
254	4	939	28
255	4	574	29
256	4	887	29
257	4	887	29
258	4	626	29
259	4	834	29
260	4	834	29
261	4	887	29
262	4	991	28
263	4	1095	28
264	4	887	29
265	4	834	29
266	4	521	29
267	4	626	29
268	4	991	28
269	4	678	29
270	4	1356	28
271	4	678	29
272	4	626	29
272	4	2087	28
273	4	678	29
274	4	678	29
275	4	939	28
276	4	1513	28
277	4	939	28
278	4	782	29
278	4	2139	28
279	4	574	29
279	4	2191	28
280	4	678	29
281	4	678	29
282	4	574	29
283	4	730	29
284	4	626	29
284	4	2295	28
285	4	730	29
286	4	626	29
286	4	1878	28
287	4	782	29
288	4	730	29
289	4	782	29
290	4	1095	28
291	4	887	29
292	4	678	29
293	4	626	29
294	4	626	29
295	4	678	29
295	4	1930	28
296	4	1043	28
297	4	730	29
298	4	678	29
299	4	834	29
300	4	574	29
301	4	626	29
302	4	626	29
303	4	834	29
303	4	2191	28
304	4	626	29
305	4	1095	28
306	4	626	29
307	4	782	29
308	4	1095	28
309	4	678	29
309	4	2087	28
310	4	834	29
310	4	2087	28
311	4	678	29
312	4	730	29
313	4	991	28
314	4	678	29
314	4	2243	28
315	4	678	29
316	4	939	28
317	4	1095	28
318	4	1408	28
319	4	574	29
320	4	782	29
321	4	626	29
322	4	782	29
323	4	1200	28
324	4	1200	28
325	4	887	29
326	4	626	29
326	4	2035	28
327	4	887	29
328	4	1148	28
329	4	730	29
330	4	887	29
330	4	2191	28
331	4	730	29
331	4	2243	28
332	4	626	29
333	4	834	29
333	4	2243	28
334	4	678	29
335	4	626	29
336	4	887	29
337	4	730	29
338	4	887	29
339	4	834	29
340	4	730	29
340	4	2243	28
341	4	730	29
342	4	834	29
343	4	626	29
344	4	887	29
345	4	678	29
346	4	678	29
347	4	782	29
348	4	626	29
349	4	678	29
350	4	1148	28
351	4	678	29
351	4	1930	28
352	4	521	29
353	4	834	29
354	4	678	29
355	4	782	29
356	4	730	29
357	4	939	28
358	4	730	29
358	4	2243	28
359	4	1565	28
360	4	1408	28
361	4	991	28
362	4	1095	28
363	4	782	29
364	4	782	29
365	4	678	29
366	4	1252	28
367	4	834	29
368	4	574	29
368	4	2191	28
369	4	1043	28
370	4	939	28
371	4	834	29
372	4	939	28
372	4	2139	30
373	4	1304	28
374	4	1095	28
375	4	574	29
375	4	2139	28
376	4	730	29
377	4	1304	28
378	4	1095	28
379	4	730	29
380	4	678	29
380	4	2139	28
381	4	1095	28
382	4	834	29
382	4	2191	28
383	4	574	29
383	4	1982	28
384	4	834	29
385	4	574	29
386	4	678	29
386	4	2243	28
387	4	782	29
388	4	1148	28
389	4	834	29
390	4	1043	28
391	4	730	29
392	4	939	28
393	4	626	29
394	4	574	29
395	4	991	28
396	4	678	29
397	4	1148	28
398	4	1408	28
399	4	626	29
400	4	1043	28
401	4	521	29
401	4	2191	28
402	4	1043	28
403	4	730	29
404	4	1095	28
405	4	939	28
406	4	678	29
407	4	1252	28
408	4	730	29
409	4	1095	28
410	4	678	29
411	4	730	29
412	4	626	29
412	4	2087	28
413	4	730	29
413	4	2087	28
414	4	834	29
415	4	834	29
416	4	939	28
417	4	1043	28
418	4	730	29
419	4	834	29
419	4	2191	28
420	4	991	28
421	4	782	29
422	4	1095	28
423	4	730	29
423	4	2191	28
424	4	626	29
424	4	2087	28
425	4	678	29
426	4	574	29
426	4	2295	28
427	4	678	29
428	4	730	29
429	4	574	29
430	4	834	29
431	4	574	29
432	4	782	29
433	4	730	29
434	4	834	29
434	4	2087	28
435	4	678	29
436	4	834	29
437	4	730	29
437	4	2139	28
438	4	1043	28
439	4	678	29
440	4	574	29
441	4	678	29
442	4	678	29
442	4	2243	28
443	4	991	28
444	4	991	28
445	4	782	29
445	4	2295	28
446	4	678	29
446	4	2139	28
447	4	469	29
448	4	991	28
449	4	730	29
449	4	2243	28
450	4	678	29
451	4	939	28
452	4	834	29
453	4	730	29
454	4	991	28
455	4	1095	28
456	4	1148	28
457	4	574	29
458	4	521	29
459	4	574	29
460	4	626	29
461	4	626	29
462	4	939	28
463	4	782	29
464	4	730	29
465	4	730	29
466	4	678	29
467	4	626	29
467	4	1982	28
468	4	782	29
469	4	834	29
470	4	991	28
471	4	574	29
472	4	574	29
473	4	1043	28
474	4	730	29
474	4	2191	28
475	4	1356	28
476	4	887	29
477	4	991	28
478	4	574	29
479	4	782	29
480	4	730	29
481	4	574	29
482	4	678	29
482	4	2243	28
483	4	782	29
483	4	2243	28
484	4	991	28
485	4	782	29
486	4	1095	28
487	4	574	29
488	4	574	29
489	4	626	29
490	4	887	29
491	4	782	29
492	4	991	28
493	4	782	29
494	4	730	29
494	4	2139	28
495	4	887	29
496	4	991	28
497	4	626	29
498	4	887	29
499	4	834	29
500	4	626	29
501	4	887	29
502	4	939	28
503	4	626	29
503	4	1878	28
504	4	1200	28
505	4	887	29
506	4	678	29
507	4	678	29
508	4	782	29
508	4	2087	28
509	4	678	29
509	4	2191	28
510	4	1513	28
511	4	730	29
512	4	678	29
513	4	782	29
514	4	834	29
515	4	730	29
516	4	574	29
517	4	939	28
518	4	730	29
519	4	834	29
520	4	678	29
521	4	782	29
522	4	730	29
523	4	730	29
523	4	2243	28
524	4	1095	28
525	4	887	29
526	4	1148	28
527	4	626	29
527	4	2139	28
528	4	834	29
529	4	834	29
529	4	1669	28
530	4	574	29
531	4	730	29
531	4	2243	28
532	4	782	29
533	4	1304	28
534	4	626	29
535	4	939	28
536	4	939	28
537	4	678	29
538	4	678	29
539	4	626	29
540	4	939	28
541	4	834	29
542	4	678	29
543	4	887	29
544	4	730	29
544	4	2295	28
545	4	1408	28
546	4	1095	28
547	4	1043	28
548	4	991	28
549	4	730	29
549	4	2139	28
550	4	730	29
550	4	2295	28
551	4	626	29
552	4	939	28
553	4	521	29
554	4	626	29
555	4	626	29
555	4	2087	28
556	4	939	28
557	4	782	29
558	4	626	29
559	4	730	29
560	4	574	29
561	4	991	28
562	4	730	29
563	4	730	29
564	4	730	29
564	4	2139	28
565	4	834	29
565	4	1878	28
566	4	730	29
567	4	1252	28
568	4	626	29
569	4	887	29
570	4	730	29
571	4	626	29
571	4	2243	28
572	4	678	29
573	4	782	29
574	4	991	28
575	4	574	29
575	4	2295	28
576	4	574	29
577	4	626	29
578	4	678	29
579	4	574	29
580	4	782	29
581	4	939	28
582	4	939	28
583	4	730	29
583	4	1669	28
584	4	730	29
585	4	626	29
586	4	939	28
587	4	834	29
588	4	574	29
588	4	2243	28
589	4	834	29
590	4	782	29
590	4	2139	28
591	4	574	29
591	4	2191	28
592	4	1200	28
593	4	730	29
594	4	730	29
595	4	834	29
595	4	2295	28
596	4	991	28
597	4	782	29
598	4	834	29
598	4	2243	28
599	4	834	29
599	4	2243	28
600	4	782	29
601	4	678	29
602	4	730	29
603	4	991	28
604	4	991	28
605	4	1095	28
606	4	730	29
607	4	626	29
608	4	574	29
609	4	1095	28
610	4	678	29
611	4	887	29
612	4	1252	28
613	4	887	29
614	4	730	29
615	4	782	29
616	4	782	29
617	4	887	29
618	4	730	29
618	4	2191	28
619	4	1095	28
620	4	678	29
621	4	574	29
621	4	2243	28
622	4	626	29
623	4	991	28
624	4	574	29
625	4	730	29
626	4	1043	28
627	4	782	29
628	4	678	29
629	4	678	29
630	4	1200	28
631	4	1252	28
632	4	626	29
633	4	730	29
634	4	678	29
635	4	991	28
636	4	782	29
637	4	730	29
638	4	782	29
639	4	782	29
640	4	574	29
641	4	678	29
642	4	939	28
643	4	730	29
644	4	834	29
645	4	678	29
646	4	626	29
647	4	782	29
648	4	678	29
649	4	730	29
650	4	678	29
651	4	1095	28
652	4	782	29
653	4	1043	28
654	4	1148	28
655	4	1043	28
656	4	991	28
657	4	730	29
658	4	730	29
658	4	2139	28
659	4	782	29
660	4	991	28
661	4	782	29
662	4	678	29
662	4	2243	28
663	4	887	29
664	4	1252	28
665	4	834	29
666	4	626	29
667	4	678	29
668	4	678	29
669	4	782	29
670	4	1148	28
671	4	939	28
672	4	939	28
673	4	730	29
674	4	730	29
675	4	939	28
676	4	834	29
677	4	1043	28
678	4	834	29
679	4	678	29
680	4	991	28
681	4	1095	28
682	4	574	29
682	4	2139	28
683	4	574	29
684	4	1043	28
685	4	678	29
686	4	991	28
687	4	782	29
688	4	1148	28
689	4	678	29
690	4	1095	28
691	4	678	29
691	4	2295	28
692	4	991	28
693	4	678	29
694	4	730	29
695	4	626	29
696	4	1200	28
697	4	834	29
698	4	1095	28
699	4	1043	28
700	4	1148	28
701	4	782	29
702	4	991	28
703	4	834	29
704	4	678	29
705	4	1408	28
706	4	626	29
707	4	574	29
708	4	678	29
709	4	834	29
710	4	678	29
710	4	2139	28
711	4	574	29
711	4	2191	28
712	4	1200	28
713	4	678	29
714	4	782	29
715	4	678	29
716	4	626	29
717	4	887	29
718	4	730	29
719	4	521	29
720	4	1200	28
721	4	1252	28
722	4	834	29
723	4	834	29
724	4	1148	28
725	4	939	28
726	4	1252	28
727	4	887	29
728	4	1200	28
729	4	834	29
730	4	939	28
731	4	730	29
732	4	678	29
733	4	678	29
734	4	574	29
735	4	939	28
736	4	730	29
737	4	730	29
737	4	2087	28
738	4	678	29
738	4	2295	28
739	4	574	29
740	4	678	29
741	4	939	28
742	4	626	29
742	4	2295	28
743	4	626	29
744	4	887	29
745	4	1148	28
746	4	678	29
747	4	730	29
748	4	991	28
749	4	939	28
750	4	626	29
750	4	2243	28
751	4	678	29
752	4	1200	28
753	4	834	29
753	4	2295	28
754	4	834	29
755	4	834	29
756	4	834	29
757	4	782	29
758	4	626	29
758	4	1982	28
759	4	678	29
760	4	1200	28
761	4	730	29
762	4	1043	28
763	4	678	29
764	4	782	29
765	4	834	29
766	4	730	29
767	4	678	29
768	4	1200	28
769	4	1356	28
770	4	730	29
771	4	1148	28
772	4	730	29
773	4	939	28
774	4	626	29
774	4	2191	28
775	4	939	28
776	4	626	29
776	4	2295	28
777	4	730	29
777	4	2191	28
778	4	1252	28
779	4	782	29
780	4	678	29
781	4	574	29
782	4	730	29
783	4	730	29
784	4	834	29
785	4	678	29
786	4	678	29
787	4	678	29
788	4	730	29
789	4	887	29
790	4	678	29
791	4	782	29
792	4	834	29
793	4	834	29
794	4	626	29
795	4	678	29
796	4	730	29
797	4	834	29
798	4	730	29
799	4	730	29
800	4	991	28
800	4	1565	30
801	4	730	29
802	4	678	29
803	4	730	29
804	4	1043	28
805	4	887	29
806	4	678	29
806	4	2139	28
807	4	626	29
808	4	887	29
809	4	1408	28
810	4	730	29
811	4	574	29
812	4	834	29
813	4	991	28
814	4	730	29
815	4	678	29
816	4	1200	28
817	4	1408	28
818	4	1095	28
819	4	1148	28
820	4	1148	28
821	4	730	29
821	4	2191	28
822	4	730	29
823	4	626	29
824	4	730	29
825	4	678	29
826	4	730	29
826	4	2243	28
827	4	1095	28
828	4	730	29
829	4	782	29
829	4	2139	28
830	4	574	29
830	4	2191	28
831	4	1043	28
832	4	834	29
832	4	2087	28
833	4	678	29
834	4	834	29
834	4	2295	28
835	4	730	29
836	4	939	28
837	4	887	29
838	4	678	29
838	4	2295	28
839	4	1200	28
840	4	626	29
841	4	834	29
842	4	730	29
842	4	2191	28
843	4	730	29
843	4	2087	28
844	4	887	29
845	4	730	29
845	4	2191	28
846	4	1200	28
847	4	730	29
848	4	626	29
849	4	939	28
850	4	939	28
851	4	991	28
852	4	939	28
853	4	1200	28
854	4	1252	28
855	4	730	29
856	4	1043	28
857	4	991	28
858	4	1148	28
859	4	782	29
860	4	1095	28
861	4	834	29
862	4	1148	28
863	4	834	29
864	4	626	29
864	4	2087	28
865	4	991	28
866	4	834	29
867	4	887	29
868	4	887	29
869	4	574	29
869	4	2139	28
870	4	574	29
871	4	1252	28
872	4	887	29
873	4	730	29
873	4	2139	28
874	4	730	29
875	4	1043	28
876	4	834	29
877	4	626	29
878	4	1461	28
879	4	1043	28
880	4	626	29
881	4	782	29
882	4	678	29
883	4	939	28
884	4	834	29
885	4	1043	28
886	4	939	28
887	4	678	29
887	4	2139	28
888	4	1095	28
889	4	1356	28
890	4	1148	28
891	4	834	29
891	4	2191	28
892	4	1095	28
893	4	834	29
894	4	939	28
895	4	1200	28
896	4	626	29
897	4	626	29
898	4	834	29
899	4	626	29
900	4	678	29
901	4	730	29
902	4	1200	28
903	4	626	29
903	4	2243	28
904	4	939	28
905	4	1304	28
906	4	626	29
907	4	1095	28
908	4	834	29
909	4	1200	28
910	4	1252	28
911	4	939	28
912	4	834	29
912	4	2139	28
913	4	1095	28
914	4	730	29
915	4	730	29
916	4	626	29
917	4	1356	28
918	4	887	29
919	4	939	28
920	4	991	28
921	4	782	29
922	4	1565	28
923	4	1200	28
924	4	1043	28
925	4	730	29
926	4	1148	28
927	4	730	29
928	4	782	29
929	4	730	29
929	4	1982	28
930	4	939	28
931	4	730	29
932	4	939	28
933	4	730	29
934	4	678	29
935	4	626	29
936	4	782	29
937	4	1200	28
938	4	1408	28
939	4	939	28
940	4	887	29
940	4	2295	28
941	4	678	29
941	4	2295	28
942	4	782	29
943	4	939	28
944	4	1200	28
945	4	1408	28
946	4	1148	28
947	4	834	29
947	4	2087	28
948	4	834	29
949	4	834	29
950	4	626	29
951	4	1200	28
952	4	1356	28
953	4	626	29
954	4	834	29
955	4	1095	28
956	4	730	29
957	4	730	29
957	4	2139	28
958	4	1200	28
959	4	1408	28
960	4	1043	28
961	4	834	29
962	4	730	29
963	4	782	29
964	4	834	29
965	4	730	29
966	4	678	29
967	4	991	28
968	4	678	29
969	4	782	29
970	4	782	29
971	4	1095	28
972	4	626	29
973	4	678	29
974	4	782	29
975	4	678	29
976	4	939	28
977	4	574	29
978	4	782	29
979	4	1200	28
980	4	1408	28
981	4	1148	28
982	4	1148	28
983	4	1043	28
984	4	939	28
985	4	1200	28
986	4	1200	28
987	4	1356	28
988	4	834	29
989	4	730	29
990	4	1095	28
991	4	939	28
992	4	782	29
993	4	1148	28
994	4	1356	28
995	4	834	29
996	4	1304	28
997	4	887	29
998	4	782	29
998	4	2087	28
999	4	730	29
999	4	2139	28
0	5	626	29
1	5	626	29
2	5	730	29
3	5	782	29
4	5	834	29
4	5	2087	28
5	5	939	28
6	5	1043	28
7	5	1148	28
8	5	1043	28
9	5	1356	28
10	5	834	29
11	5	887	29
12	5	678	29
13	5	991	28
14	5	626	29
15	5	678	29
16	5	1043	28
17	5	626	29
18	5	678	29
19	5	939	28
20	5	678	29
21	5	626	29
22	5	939	28
23	5	834	29
24	5	834	29
25	5	730	29
25	5	2243	28
26	5	939	28
27	5	626	29
28	5	730	29
29	5	678	29
30	5	782	29
31	5	678	29
32	5	1200	28
33	5	678	29
34	5	1148	28
35	5	678	29
36	5	834	29
37	5	678	29
38	5	1148	28
39	5	834	29
40	5	834	29
40	5	2295	28
41	5	1252	28
42	5	730	29
43	5	887	29
44	5	939	28
45	5	887	29
46	5	782	29
47	5	782	29
48	5	1095	28
49	5	730	29
50	5	730	29
51	5	939	28
52	5	991	28
53	5	834	29
53	5	2087	28
54	5	1148	28
55	5	730	29
56	5	1200	28
57	5	834	29
57	5	2243	28
58	5	887	29
59	5	834	29
60	5	678	29
61	5	834	29
62	5	678	29
62	5	2295	28
63	5	1043	28
64	5	678	29
65	5	991	28
66	5	730	29
67	5	1148	28
68	5	678	29
69	5	678	29
70	5	730	29
71	5	1252	28
72	5	1200	28
73	5	1356	28
74	5	1095	28
75	5	887	29
75	5	2243	28
76	5	1095	28
77	5	1356	28
78	5	887	29
78	5	2035	28
79	5	678	29
80	5	730	29
81	5	887	29
82	5	678	29
83	5	574	29
84	5	678	29
85	5	1200	28
86	5	782	29
86	5	2139	28
87	5	626	29
88	5	678	29
89	5	991	28
90	5	678	29
91	5	678	29
92	5	730	29
93	5	939	28
94	5	469	29
95	5	1148	28
95	5	2139	30
96	5	574	29
97	5	730	29
98	5	678	29
99	5	730	29
100	5	991	28
101	5	730	29
102	5	574	29
102	5	2139	28
103	5	678	29
104	5	939	28
105	5	1095	28
106	5	678	29
106	5	2295	28
107	5	574	29
108	5	834	29
109	5	678	29
110	5	626	29
110	5	2139	28
111	5	1304	28
112	5	939	28
112	5	1565	30
113	5	626	29
114	5	730	29
114	5	2139	28
115	5	782	29
116	5	730	29
117	5	678	29
118	5	678	29
118	5	2139	28
119	5	1200	28
120	5	782	29
121	5	574	29
121	5	2191	28
122	5	730	29
123	5	939	28
124	5	939	28
125	5	1043	28
126	5	626	29
126	5	2139	28
127	5	626	29
128	5	626	29
129	5	1095	28
130	5	574	29
131	5	782	29
131	5	2295	28
132	5	626	29
133	5	1043	28
134	5	939	28
135	5	939	28
135	5	2191	30
136	5	626	29
137	5	730	29
138	5	626	29
138	5	2295	28
139	5	834	29
139	5	1878	28
140	5	1617	28
141	5	521	29
142	5	730	29
143	5	730	29
144	5	678	29
145	5	730	29
146	5	730	29
147	5	1043	28
148	5	730	29
149	5	678	29
149	5	2243	28
150	5	834	29
151	5	991	28
152	5	678	29
153	5	782	29
154	5	887	29
155	5	626	29
155	5	2295	28
156	5	626	29
157	5	1095	28
158	5	834	29
159	5	574	29
160	5	521	29
161	5	991	28
162	5	991	28
163	5	1148	28
164	5	834	29
165	5	730	29
165	5	2035	28
166	5	678	29
167	5	887	29
168	5	991	28
169	5	626	29
170	5	626	29
171	5	782	29
172	5	939	28
173	5	939	28
174	5	991	28
175	5	782	29
176	5	782	29
177	5	1095	28
178	5	730	29
179	5	730	29
180	5	782	29
181	5	730	29
182	5	1513	28
183	5	678	29
184	5	991	28
185	5	834	29
186	5	1095	28
187	5	939	28
188	5	1095	28
189	5	1043	28
190	5	939	28
191	5	834	29
191	5	2243	28
192	5	939	28
193	5	574	29
194	5	730	29
195	5	1095	28
196	5	626	29
196	5	2087	28
197	5	678	29
198	5	1200	28
199	5	730	29
200	5	782	29
201	5	1200	28
202	5	939	28
203	5	1043	28
204	5	678	29
205	5	1461	28
206	5	626	29
206	5	1878	28
207	5	626	29
208	5	626	29
209	5	574	29
210	5	574	29
211	5	1200	28
212	5	782	29
213	5	1148	28
214	5	939	28
215	5	991	28
216	5	730	29
217	5	1095	28
218	5	730	29
219	5	730	29
220	5	782	29
221	5	574	29
221	5	2243	28
222	5	678	29
222	5	2035	28
223	5	678	29
223	5	2243	28
224	5	730	29
225	5	782	29
225	5	2295	28
226	5	730	29
227	5	1043	28
228	5	626	29
229	5	887	29
229	5	1930	28
230	5	626	29
231	5	626	29
232	5	730	29
233	5	1200	28
234	5	574	29
235	5	730	29
235	5	2191	28
236	5	887	29
237	5	1148	28
238	5	730	29
239	5	730	29
240	5	626	29
240	5	2295	28
241	5	730	29
242	5	678	29
243	5	626	29
243	5	2139	28
244	5	834	29
245	5	782	29
245	5	2243	28
246	5	678	29
247	5	1200	28
248	5	730	29
249	5	626	29
250	5	626	29
250	5	2191	28
251	5	1252	28
252	5	887	29
253	5	939	28
254	5	939	28
255	5	574	29
256	5	887	29
257	5	887	29
258	5	626	29
259	5	834	29
260	5	834	29
261	5	887	29
262	5	991	28
263	5	1095	28
264	5	887	29
265	5	834	29
266	5	521	29
267	5	626	29
268	5	991	28
269	5	678	29
270	5	1356	28
271	5	678	29
272	5	626	29
272	5	2087	28
273	5	678	29
274	5	678	29
275	5	939	28
276	5	1513	28
277	5	939	28
278	5	782	29
278	5	2139	28
279	5	574	29
279	5	2191	28
280	5	678	29
281	5	678	29
282	5	574	29
283	5	730	29
284	5	626	29
284	5	2295	28
285	5	730	29
286	5	626	29
286	5	1878	28
287	5	782	29
288	5	730	29
289	5	782	29
290	5	1095	28
291	5	887	29
292	5	678	29
293	5	626	29
294	5	626	29
295	5	678	29
295	5	1930	28
296	5	1043	28
297	5	730	29
298	5	678	29
299	5	834	29
300	5	574	29
301	5	626	29
302	5	626	29
303	5	834	29
303	5	2191	28
304	5	626	29
305	5	1095	28
306	5	626	29
307	5	782	29
308	5	1095	28
309	5	678	29
309	5	2087	28
310	5	834	29
310	5	2087	28
311	5	678	29
312	5	730	29
313	5	991	28
314	5	678	29
314	5	2243	28
315	5	678	29
316	5	939	28
317	5	1095	28
318	5	1408	28
319	5	574	29
320	5	782	29
321	5	626	29
322	5	782	29
323	5	1200	28
324	5	1200	28
325	5	887	29
326	5	626	29
326	5	2035	28
327	5	887	29
328	5	1148	28
329	5	730	29
330	5	887	29
330	5	2191	28
331	5	730	29
331	5	2243	28
332	5	626	29
333	5	834	29
333	5	2243	28
334	5	678	29
335	5	626	29
336	5	887	29
337	5	730	29
338	5	887	29
339	5	834	29
340	5	730	29
340	5	2243	28
341	5	730	29
342	5	834	29
343	5	626	29
344	5	887	29
345	5	678	29
346	5	678	29
347	5	782	29
348	5	626	29
349	5	678	29
350	5	1148	28
351	5	678	29
351	5	1930	28
352	5	521	29
353	5	834	29
354	5	678	29
355	5	782	29
356	5	730	29
357	5	939	28
358	5	730	29
358	5	2243	28
359	5	1565	28
360	5	1408	28
361	5	991	28
362	5	1095	28
363	5	782	29
364	5	782	29
365	5	678	29
366	5	1252	28
367	5	834	29
368	5	574	29
368	5	2191	28
369	5	1043	28
370	5	939	28
371	5	834	29
372	5	939	28
372	5	2139	30
373	5	1304	28
374	5	1095	28
375	5	574	29
375	5	2139	28
376	5	730	29
377	5	1304	28
378	5	1095	28
379	5	730	29
380	5	678	29
380	5	2139	28
381	5	1095	28
382	5	834	29
382	5	2191	28
383	5	574	29
383	5	1982	28
384	5	834	29
385	5	574	29
386	5	678	29
386	5	2243	28
387	5	782	29
388	5	1148	28
389	5	834	29
390	5	1043	28
391	5	730	29
392	5	939	28
393	5	626	29
394	5	574	29
395	5	991	28
396	5	678	29
397	5	1148	28
398	5	1408	28
399	5	626	29
400	5	1043	28
401	5	521	29
401	5	2191	28
402	5	1043	28
403	5	730	29
404	5	1095	28
405	5	939	28
406	5	678	29
407	5	1252	28
408	5	730	29
409	5	1095	28
410	5	678	29
411	5	730	29
412	5	626	29
412	5	2087	28
413	5	730	29
413	5	2087	28
414	5	834	29
415	5	834	29
416	5	939	28
417	5	1043	28
418	5	730	29
419	5	834	29
419	5	2191	28
420	5	991	28
421	5	782	29
422	5	1095	28
423	5	730	29
423	5	2191	28
424	5	626	29
424	5	2087	28
425	5	678	29
426	5	574	29
426	5	2295	28
427	5	678	29
428	5	730	29
429	5	574	29
430	5	834	29
431	5	574	29
432	5	782	29
433	5	730	29
434	5	834	29
434	5	2087	28
435	5	678	29
436	5	834	29
437	5	730	29
437	5	2139	28
438	5	1043	28
439	5	678	29
440	5	574	29
441	5	678	29
442	5	678	29
442	5	2243	28
443	5	991	28
444	5	991	28
445	5	782	29
445	5	2295	28
446	5	678	29
446	5	2139	28
447	5	469	29
448	5	991	28
449	5	730	29
449	5	2243	28
450	5	678	29
451	5	939	28
452	5	834	29
453	5	730	29
454	5	991	28
455	5	1095	28
456	5	1148	28
457	5	574	29
458	5	521	29
459	5	574	29
460	5	626	29
461	5	626	29
462	5	939	28
463	5	782	29
464	5	730	29
465	5	730	29
466	5	678	29
467	5	626	29
467	5	1982	28
468	5	782	29
469	5	834	29
470	5	991	28
471	5	574	29
472	5	574	29
473	5	1043	28
474	5	730	29
474	5	2191	28
475	5	1356	28
476	5	887	29
477	5	991	28
478	5	574	29
479	5	782	29
480	5	730	29
481	5	574	29
482	5	678	29
482	5	2243	28
483	5	782	29
483	5	2243	28
484	5	991	28
485	5	782	29
486	5	1095	28
487	5	574	29
488	5	574	29
489	5	626	29
490	5	887	29
491	5	782	29
492	5	991	28
493	5	782	29
494	5	730	29
494	5	2139	28
495	5	887	29
496	5	991	28
497	5	626	29
498	5	887	29
499	5	834	29
500	5	626	29
501	5	887	29
502	5	939	28
503	5	626	29
503	5	1878	28
504	5	1200	28
505	5	887	29
506	5	678	29
507	5	678	29
508	5	782	29
508	5	2087	28
509	5	678	29
509	5	2191	28
510	5	1513	28
511	5	730	29
512	5	678	29
513	5	782	29
514	5	834	29
515	5	730	29
516	5	574	29
517	5	939	28
518	5	730	29
519	5	834	29
520	5	678	29
521	5	782	29
522	5	730	29
523	5	730	29
523	5	2243	28
524	5	1095	28
525	5	887	29
526	5	1148	28
527	5	626	29
527	5	2139	28
528	5	834	29
529	5	834	29
529	5	1669	28
530	5	574	29
531	5	730	29
531	5	2243	28
532	5	782	29
533	5	1304	28
534	5	626	29
535	5	939	28
536	5	939	28
537	5	678	29
538	5	678	29
539	5	626	29
540	5	939	28
541	5	834	29
542	5	678	29
543	5	887	29
544	5	730	29
544	5	2295	28
545	5	1408	28
546	5	1095	28
547	5	1043	28
548	5	991	28
549	5	730	29
549	5	2139	28
550	5	730	29
550	5	2295	28
551	5	626	29
552	5	939	28
553	5	521	29
554	5	626	29
555	5	626	29
555	5	2087	28
556	5	939	28
557	5	782	29
558	5	626	29
559	5	730	29
560	5	574	29
561	5	991	28
562	5	730	29
563	5	730	29
564	5	730	29
564	5	2139	28
565	5	834	29
565	5	1878	28
566	5	730	29
567	5	1252	28
568	5	626	29
569	5	887	29
570	5	730	29
571	5	626	29
571	5	2243	28
572	5	678	29
573	5	782	29
574	5	991	28
575	5	574	29
575	5	2295	28
576	5	574	29
577	5	626	29
578	5	678	29
579	5	574	29
580	5	782	29
581	5	939	28
582	5	939	28
583	5	730	29
583	5	1669	28
584	5	730	29
585	5	626	29
586	5	939	28
587	5	834	29
588	5	574	29
588	5	2243	28
589	5	834	29
590	5	782	29
590	5	2139	28
591	5	574	29
591	5	2191	28
592	5	1200	28
593	5	730	29
594	5	730	29
595	5	834	29
595	5	2295	28
596	5	991	28
597	5	782	29
598	5	834	29
598	5	2243	28
599	5	834	29
599	5	2243	28
600	5	782	29
601	5	678	29
602	5	730	29
603	5	991	28
604	5	991	28
605	5	1095	28
606	5	730	29
607	5	626	29
608	5	574	29
609	5	1095	28
610	5	678	29
611	5	887	29
612	5	1252	28
613	5	887	29
614	5	730	29
615	5	782	29
616	5	782	29
617	5	887	29
618	5	730	29
618	5	2191	28
619	5	1095	28
620	5	678	29
621	5	574	29
621	5	2243	28
622	5	626	29
623	5	991	28
624	5	574	29
625	5	730	29
626	5	1043	28
627	5	782	29
628	5	678	29
629	5	678	29
630	5	1200	28
631	5	1252	28
632	5	626	29
633	5	730	29
634	5	678	29
635	5	991	28
636	5	782	29
637	5	730	29
638	5	782	29
639	5	782	29
640	5	574	29
641	5	678	29
642	5	939	28
643	5	730	29
644	5	834	29
645	5	678	29
646	5	626	29
647	5	782	29
648	5	678	29
649	5	730	29
650	5	678	29
651	5	1095	28
652	5	782	29
653	5	1043	28
654	5	1148	28
655	5	1043	28
656	5	991	28
657	5	730	29
658	5	730	29
658	5	2139	28
659	5	782	29
660	5	991	28
661	5	782	29
662	5	678	29
662	5	2243	28
663	5	887	29
664	5	1252	28
665	5	834	29
666	5	626	29
667	5	678	29
668	5	678	29
669	5	782	29
670	5	1148	28
671	5	939	28
672	5	939	28
673	5	730	29
674	5	730	29
675	5	939	28
676	5	834	29
677	5	1043	28
678	5	834	29
679	5	678	29
680	5	991	28
681	5	1095	28
682	5	574	29
682	5	2139	28
683	5	574	29
684	5	1043	28
685	5	678	29
686	5	991	28
687	5	782	29
688	5	1148	28
689	5	678	29
690	5	1095	28
691	5	678	29
691	5	2295	28
692	5	991	28
693	5	678	29
694	5	730	29
695	5	626	29
696	5	1200	28
697	5	834	29
698	5	1095	28
699	5	1043	28
700	5	1148	28
701	5	782	29
702	5	991	28
703	5	834	29
704	5	678	29
705	5	1408	28
706	5	626	29
707	5	574	29
708	5	678	29
709	5	834	29
710	5	678	29
710	5	2139	28
711	5	574	29
711	5	2191	28
712	5	1200	28
713	5	678	29
714	5	782	29
715	5	678	29
716	5	626	29
717	5	887	29
718	5	730	29
719	5	521	29
720	5	1200	28
721	5	1252	28
722	5	834	29
723	5	834	29
724	5	1148	28
725	5	939	28
726	5	1252	28
727	5	887	29
728	5	1200	28
729	5	834	29
730	5	939	28
731	5	730	29
732	5	678	29
733	5	678	29
734	5	574	29
735	5	939	28
736	5	730	29
737	5	730	29
737	5	2087	28
738	5	678	29
738	5	2295	28
739	5	574	29
740	5	678	29
741	5	939	28
742	5	626	29
742	5	2295	28
743	5	626	29
744	5	887	29
745	5	1148	28
746	5	678	29
747	5	730	29
748	5	991	28
749	5	939	28
750	5	626	29
750	5	2243	28
751	5	678	29
752	5	1200	28
753	5	834	29
753	5	2295	28
754	5	834	29
755	5	834	29
756	5	834	29
757	5	782	29
758	5	626	29
758	5	1982	28
759	5	678	29
760	5	1200	28
761	5	730	29
762	5	1043	28
763	5	678	29
764	5	782	29
765	5	834	29
766	5	730	29
767	5	678	29
768	5	1200	28
769	5	1356	28
770	5	730	29
771	5	1148	28
772	5	730	29
773	5	939	28
774	5	626	29
774	5	2191	28
775	5	939	28
776	5	626	29
776	5	2295	28
777	5	730	29
777	5	2191	28
778	5	1252	28
779	5	782	29
780	5	678	29
781	5	574	29
782	5	730	29
783	5	730	29
784	5	834	29
785	5	678	29
786	5	678	29
787	5	678	29
788	5	730	29
789	5	887	29
790	5	678	29
791	5	782	29
792	5	834	29
793	5	834	29
794	5	626	29
795	5	678	29
796	5	730	29
797	5	834	29
798	5	730	29
799	5	730	29
800	5	991	28
800	5	1565	30
801	5	730	29
802	5	678	29
803	5	730	29
804	5	1043	28
805	5	887	29
806	5	678	29
806	5	2139	28
807	5	626	29
808	5	887	29
809	5	1408	28
810	5	730	29
811	5	574	29
812	5	834	29
813	5	991	28
814	5	730	29
815	5	678	29
816	5	1200	28
817	5	1408	28
818	5	1095	28
819	5	1148	28
820	5	1148	28
821	5	730	29
821	5	2191	28
822	5	730	29
823	5	626	29
824	5	730	29
825	5	678	29
826	5	730	29
826	5	2243	28
827	5	1095	28
828	5	730	29
829	5	782	29
829	5	2139	28
830	5	574	29
830	5	2191	28
831	5	1043	28
832	5	834	29
832	5	2087	28
833	5	678	29
834	5	834	29
834	5	2295	28
835	5	730	29
836	5	939	28
837	5	887	29
838	5	678	29
838	5	2295	28
839	5	1200	28
840	5	626	29
841	5	834	29
842	5	730	29
842	5	2191	28
843	5	730	29
843	5	2087	28
844	5	887	29
845	5	730	29
845	5	2191	28
846	5	1200	28
847	5	730	29
848	5	626	29
849	5	939	28
850	5	939	28
851	5	991	28
852	5	939	28
853	5	1200	28
854	5	1252	28
855	5	730	29
856	5	1043	28
857	5	991	28
858	5	1148	28
859	5	782	29
860	5	1095	28
861	5	834	29
862	5	1148	28
863	5	834	29
864	5	626	29
864	5	2087	28
865	5	991	28
866	5	834	29
867	5	887	29
868	5	887	29
869	5	574	29
869	5	2139	28
870	5	574	29
871	5	1252	28
872	5	887	29
873	5	730	29
873	5	2139	28
874	5	730	29
875	5	1043	28
876	5	834	29
877	5	626	29
878	5	1461	28
879	5	1043	28
880	5	626	29
881	5	782	29
882	5	678	29
883	5	939	28
884	5	834	29
885	5	1043	28
886	5	939	28
887	5	678	29
887	5	2139	28
888	5	1095	28
889	5	1356	28
890	5	1148	28
891	5	834	29
891	5	2191	28
892	5	1095	28
893	5	834	29
894	5	939	28
895	5	1200	28
896	5	626	29
897	5	626	29
898	5	834	29
899	5	626	29
900	5	678	29
901	5	730	29
902	5	1200	28
903	5	626	29
903	5	2243	28
904	5	939	28
905	5	1304	28
906	5	626	29
907	5	1095	28
908	5	834	29
909	5	1200	28
910	5	1252	28
911	5	939	28
912	5	834	29
912	5	2139	28
913	5	1095	28
914	5	730	29
915	5	730	29
916	5	626	29
917	5	1356	28
918	5	887	29
919	5	939	28
920	5	991	28
921	5	782	29
922	5	1565	28
923	5	1200	28
924	5	1043	28
925	5	730	29
926	5	1148	28
927	5	730	29
928	5	782	29
929	5	730	29
929	5	1982	28
930	5	939	28
931	5	730	29
932	5	939	28
933	5	730	29
934	5	678	29
935	5	626	29
936	5	782	29
937	5	1200	28
938	5	1408	28
939	5	939	28
940	5	887	29
940	5	2295	28
941	5	678	29
941	5	2295	28
942	5	782	29
943	5	939	28
944	5	1200	28
945	5	1408	28
946	5	1148	28
947	5	834	29
947	5	2087	28
948	5	834	29
949	5	834	29
950	5	626	29
951	5	1200	28
952	5	1356	28
953	5	626	29
954	5	834	29
955	5	1095	28
956	5	730	29
957	5	730	29
957	5	2139	28
958	5	1200	28
959	5	1408	28
960	5	1043	28
961	5	834	29
962	5	730	29
963	5	782	29
964	5	834	29
965	5	730	29
966	5	678	29
967	5	991	28
968	5	678	29
969	5	782	29
970	5	782	29
971	5	1095	28
972	5	626	29
973	5	678	29
974	5	782	29
975	5	678	29
976	5	939	28
977	5	574	29
978	5	782	29
979	5	1200	28
980	5	1408	28
981	5	1148	28
982	5	1148	28
983	5	1043	28
984	5	939	28
985	5	1200	28
986	5	1200	28
987	5	1356	28
988	5	834	29
989	5	730	29
990	5	1095	28
991	5	939	28
992	5	782	29
993	5	1148	28
994	5	1356	28
995	5	834	29
996	5	1304	28
997	5	887	29
998	5	782	29
998	5	2087	28
999	5	730	29
999	5	2139	28
