Realization	utility	week	infra.
0	0	1774	17
2	0	521	29
3	0	2035	17
4	0	626	29
5	0	626	29
6	0	574	29
7	0	521	29
8	0	626	29
10	0	574	29
14	0	574	29
15	0	574	29
16	0	626	29
17	0	626	29
18	0	574	29
20	0	574	29
21	0	574	29
23	0	574	29
24	0	574	29
26	0	574	29
27	0	574	29
28	0	1617	17
31	0	626	29
32	0	2191	17
33	0	574	29
34	0	626	29
35	0	626	29
36	0	626	29
37	0	626	29
38	0	626	29
39	0	626	29
40	0	626	29
41	0	626	29
42	0	1669	17
43	0	521	29
45	0	1722	17
46	0	574	29
49	0	521	29
53	0	574	29
55	0	626	29
57	0	521	29
58	0	626	29
59	0	574	29
62	0	626	29
63	0	574	29
65	0	626	29
67	0	1722	17
69	0	521	29
70	0	521	29
73	0	521	29
79	0	2087	17
80	0	2295	17
81	0	574	29
82	0	626	29
84	0	626	29
86	0	521	29
87	0	521	29
88	0	1669	17
91	0	574	29
92	0	574	29
94	0	521	29
96	0	2191	17
101	0	574	29
102	0	574	29
103	0	521	29
104	0	574	29
106	0	521	29
107	0	626	29
108	0	626	29
110	0	626	29
111	0	626	29
112	0	574	29
113	0	521	29
119	0	2295	17
122	0	1617	17
125	0	574	29
126	0	574	29
127	0	626	29
128	0	574	29
129	0	521	29
130	0	574	29
131	0	626	29
132	0	626	29
133	0	574	29
134	0	1774	17
135	0	574	29
136	0	574	29
137	0	1617	17
138	0	626	29
139	0	1304	17
139	0	1930	29
140	0	521	29
141	0	574	29
142	0	626	29
145	0	521	29
146	0	626	29
147	0	626	29
149	0	626	29
150	0	574	29
151	0	469	29
152	0	574	29
153	0	574	29
154	0	626	29
155	0	574	29
156	0	574	29
158	0	574	29
159	0	626	29
160	0	626	29
161	0	521	29
164	0	521	29
165	0	626	29
168	0	521	29
170	0	626	29
172	0	2087	17
174	0	2035	17
175	0	574	29
176	0	574	29
179	0	574	29
181	0	574	29
182	0	469	29
183	0	574	29
185	0	1617	17
187	0	521	29
189	0	626	29
190	0	521	29
192	0	1669	17
193	0	574	29
196	0	574	29
198	0	1722	17
199	0	574	29
200	0	2139	17
201	0	521	29
203	0	469	29
204	0	574	29
206	0	574	29
206	0	2035	30
207	0	626	29
208	0	521	29
210	0	469	29
211	0	521	29
214	0	521	29
217	0	574	29
218	0	626	29
221	0	521	29
223	0	626	29
224	0	2243	17
225	0	626	29
226	0	521	29
228	0	574	29
229	0	626	29
230	0	574	29
231	0	574	29
232	0	626	29
233	0	2191	17
237	0	521	29
240	0	574	29
241	0	574	29
242	0	626	29
243	0	521	29
244	0	469	29
245	0	2295	17
248	0	574	29
249	0	574	29
250	0	574	29
251	0	574	29
253	0	574	29
256	0	1826	17
258	0	1930	17
259	0	574	29
260	0	574	29
262	0	1722	17
263	0	626	29
264	0	626	29
266	0	574	29
267	0	574	29
269	0	1722	17
271	0	574	29
272	0	574	29
272	0	2295	30
283	0	521	29
284	0	626	29
286	0	521	29
293	0	574	29
294	0	626	29
296	0	574	29
299	0	626	29
300	0	469	29
301	0	574	29
302	0	626	29
303	0	574	29
304	0	574	29
305	0	521	29
306	0	574	29
307	0	521	29
308	0	521	29
309	0	574	29
310	0	626	29
314	0	521	29
315	0	574	29
319	0	521	29
322	0	521	29
326	0	626	29
327	0	1930	17
330	0	1722	17
332	0	1043	30
333	0	626	29
335	0	626	29
336	0	626	29
339	0	2295	17
341	0	2087	17
342	0	521	29
343	0	626	29
345	0	574	29
346	0	574	29
348	0	626	29
349	0	626	29
351	0	626	29
353	0	626	29
354	0	521	29
356	0	2243	17
357	0	626	29
358	0	2087	17
360	0	626	29
361	0	574	29
363	0	521	29
364	0	626	29
366	0	2243	17
367	0	574	29
368	0	626	29
369	0	626	29
371	0	574	29
376	0	626	29
377	0	2295	17
380	0	626	29
385	0	574	29
386	0	469	29
387	0	626	29
389	0	626	29
390	0	574	29
391	0	574	29
393	0	574	29
394	0	626	29
396	0	626	29
397	0	521	29
398	0	574	29
399	0	521	29
400	0	574	29
402	0	626	29
404	0	2295	17
406	0	626	29
411	0	469	29
412	0	1304	17
412	0	1982	29
412	0	2243	30
413	0	626	29
414	0	574	29
415	0	1878	17
417	0	574	29
418	0	574	29
419	0	469	29
422	0	521	29
423	0	1982	17
424	0	574	29
425	0	574	29
426	0	1878	17
428	0	574	29
429	0	574	29
430	0	574	29
431	0	574	29
432	0	1513	17
433	0	2035	17
434	0	1513	17
434	0	2035	29
435	0	521	29
436	0	626	29
437	0	574	29
438	0	521	29
442	0	2139	17
443	0	521	29
445	0	626	29
446	0	2295	17
447	0	521	29
451	0	521	29
452	0	574	29
453	0	574	29
455	0	1982	17
457	0	521	29
459	0	469	29
460	0	626	29
461	0	574	29
462	0	574	29
463	0	574	29
464	0	2139	17
465	0	626	29
466	0	574	29
467	0	574	29
468	0	626	29
469	0	574	29
471	0	521	29
472	0	574	29
473	0	574	29
474	0	574	29
479	0	469	29
481	0	574	29
482	0	2139	17
487	0	626	29
489	0	626	29
490	0	626	29
491	0	2191	17
492	0	1982	17
493	0	626	29
494	0	574	29
495	0	1669	17
496	0	626	29
497	0	521	29
498	0	626	29
499	0	626	29
500	0	574	29
503	0	626	29
506	0	521	29
508	0	1408	17
508	0	2087	29
512	0	1774	17
513	0	521	29
514	0	626	29
515	0	574	29
517	0	2243	17
519	0	574	29
520	0	626	29
521	0	626	29
522	0	1669	17
523	0	626	29
525	0	626	29
526	0	521	29
527	0	574	29
528	0	626	29
529	0	1252	17
530	0	2035	17
531	0	2087	17
534	0	1513	17
536	0	2295	17
537	0	574	29
538	0	521	29
539	0	626	29
541	0	521	29
543	0	2035	17
544	0	574	29
547	0	626	29
550	0	574	29
551	0	521	29
553	0	521	29
554	0	574	29
555	0	574	29
556	0	521	29
558	0	521	29
559	0	2139	17
562	0	521	29
563	0	1669	17
564	0	469	29
565	0	574	29
566	0	574	29
567	0	521	29
568	0	574	29
571	0	574	29
575	0	574	29
579	0	626	29
581	0	1982	17
583	0	1304	17
584	0	574	29
585	0	574	29
586	0	574	29
587	0	521	29
588	0	574	29
589	0	574	29
590	0	626	29
593	0	574	29
594	0	521	29
595	0	626	29
596	0	626	29
598	0	574	29
599	0	626	29
601	0	626	29
602	0	469	29
603	0	626	29
604	0	1930	17
606	0	626	29
607	0	521	29
608	0	626	29
612	0	2243	17
614	0	1669	17
615	0	469	29
620	0	626	29
621	0	1722	17
622	0	574	29
624	0	574	29
626	0	574	29
627	0	626	29
628	0	574	29
629	0	521	29
631	0	574	29
632	0	626	29
639	0	574	29
640	0	521	29
641	0	574	29
646	0	626	29
649	0	626	29
651	0	574	29
652	0	626	29
653	0	626	29
655	0	626	29
656	0	574	29
657	0	574	29
658	0	626	29
661	0	626	29
662	0	574	29
664	0	574	29
665	0	1774	17
666	0	626	29
667	0	521	29
668	0	521	29
669	0	2035	17
670	0	2295	17
676	0	626	29
677	0	1722	17
678	0	626	29
680	0	1722	17
682	0	521	29
684	0	2191	17
686	0	626	29
690	0	521	29
691	0	626	29
692	0	574	29
693	0	626	29
695	0	574	29
697	0	574	29
699	0	626	29
700	0	626	29
701	0	521	29
702	0	521	29
703	0	574	29
705	0	2139	17
706	0	521	29
707	0	626	29
708	0	2295	17
709	0	574	29
710	0	574	29
711	0	1982	17
714	0	1930	17
716	0	626	29
717	0	1774	17
718	0	521	29
719	0	574	29
721	0	626	29
722	0	574	29
723	0	574	29
724	0	521	29
725	0	574	29
726	0	521	29
731	0	574	29
732	0	626	29
733	0	626	29
734	0	574	29
737	0	626	29
738	0	574	29
741	0	521	29
742	0	626	29
743	0	574	29
744	0	2035	17
746	0	469	29
752	0	1930	17
753	0	574	29
754	0	626	29
755	0	626	29
756	0	574	29
758	0	626	29
760	0	626	29
761	0	574	29
762	0	574	29
763	0	2139	17
765	0	574	29
766	0	626	29
767	0	521	29
770	0	521	29
774	0	574	29
775	0	521	29
776	0	574	29
778	0	626	29
780	0	626	29
781	0	574	29
782	0	574	29
784	0	574	29
786	0	521	29
788	0	574	29
789	0	1722	17
790	0	521	29
792	0	626	29
793	0	574	29
794	0	574	29
797	0	626	29
798	0	1930	17
802	0	521	29
803	0	626	29
804	0	574	29
807	0	1252	17
810	0	574	29
811	0	574	29
812	0	521	29
814	0	626	29
815	0	469	29
818	0	626	29
822	0	574	29
823	0	1461	17
823	0	2139	29
824	0	2035	17
831	0	574	29
832	0	1408	17
832	0	2139	29
834	0	626	29
835	0	626	29
838	0	469	29
840	0	574	29
841	0	574	29
842	0	521	29
843	0	626	29
847	0	2139	17
848	0	574	29
850	0	574	29
854	0	2191	17
855	0	574	29
863	0	521	29
864	0	574	29
865	0	574	29
866	0	626	29
867	0	574	29
868	0	521	29
869	0	469	29
870	0	469	29
873	0	574	29
875	0	626	29
876	0	574	29
877	0	574	29
879	0	626	29
880	0	1826	17
884	0	626	29
885	0	1408	17
887	0	574	29
890	0	2139	17
891	0	626	29
893	0	574	29
895	0	574	29
897	0	574	29
898	0	574	29
899	0	574	29
901	0	626	29
902	0	1722	17
903	0	469	29
906	0	521	29
908	0	626	29
912	0	574	29
914	0	1722	17
916	0	574	29
917	0	626	29
922	0	626	29
924	0	521	29
925	0	626	29
926	0	574	29
929	0	626	29
931	0	574	29
932	0	2139	17
933	0	2191	17
935	0	469	29
940	0	574	29
941	0	574	29
942	0	574	29
946	0	521	29
947	0	626	29
948	0	626	29
949	0	574	29
953	0	1669	17
954	0	521	29
956	0	574	29
961	0	626	29
963	0	626	29
964	0	574	29
966	0	574	29
968	0	574	29
969	0	626	29
971	0	574	29
972	0	574	29
973	0	626	29
974	0	521	29
976	0	626	29
978	0	574	29
979	0	469	29
981	0	1722	17
982	0	574	29
983	0	574	29
985	0	1930	17
988	0	574	29
989	0	574	29
995	0	574	29
997	0	521	29
998	0	626	29
0	1	2295	11
2	1	521	29
4	1	626	29
5	1	626	29
6	1	574	29
7	1	521	29
8	1	626	29
10	1	574	29
14	1	574	29
15	1	574	29
16	1	626	29
17	1	626	29
18	1	574	29
20	1	574	29
21	1	574	29
23	1	574	29
24	1	574	29
26	1	574	29
27	1	574	29
31	1	626	29
33	1	574	29
34	1	626	29
35	1	626	29
36	1	626	29
37	1	626	29
38	1	626	29
39	1	626	29
40	1	626	29
41	1	626	29
43	1	521	29
46	1	574	29
49	1	521	29
53	1	574	29
55	1	626	29
57	1	521	29
58	1	626	29
59	1	574	29
62	1	626	29
63	1	574	29
65	1	626	29
69	1	521	29
70	1	521	29
73	1	521	29
81	1	574	29
82	1	626	29
84	1	626	29
86	1	521	29
87	1	521	29
88	1	2243	11
91	1	574	29
92	1	574	29
94	1	521	29
101	1	574	29
102	1	574	29
103	1	521	29
104	1	574	29
106	1	521	29
107	1	626	29
108	1	626	29
110	1	626	29
111	1	626	29
112	1	574	29
113	1	521	29
122	1	1774	11
125	1	574	29
126	1	574	29
127	1	626	29
128	1	574	29
129	1	521	29
130	1	574	29
131	1	626	29
132	1	626	29
133	1	574	29
135	1	574	29
136	1	574	29
138	1	626	29
139	1	1461	11
139	1	1722	21
139	1	1930	29
140	1	521	29
141	1	574	29
142	1	626	29
145	1	521	29
146	1	626	29
147	1	626	29
149	1	626	29
150	1	574	29
151	1	469	29
152	1	574	29
153	1	574	29
154	1	626	29
155	1	574	29
156	1	574	29
158	1	574	29
159	1	626	29
160	1	626	29
161	1	521	29
164	1	521	29
165	1	626	29
168	1	521	29
170	1	626	29
175	1	574	29
176	1	574	29
179	1	574	29
181	1	574	29
182	1	469	29
183	1	574	29
187	1	521	29
189	1	626	29
190	1	521	29
193	1	574	29
196	1	574	29
199	1	574	29
201	1	521	29
203	1	469	29
204	1	574	29
206	1	574	29
206	1	2035	30
207	1	626	29
208	1	521	29
210	1	469	29
211	1	521	29
214	1	521	29
217	1	574	29
218	1	626	29
221	1	521	29
223	1	626	29
225	1	626	29
226	1	521	29
228	1	574	29
229	1	626	29
230	1	574	29
231	1	574	29
232	1	626	29
237	1	521	29
240	1	574	29
241	1	574	29
242	1	626	29
243	1	521	29
244	1	469	29
248	1	574	29
249	1	574	29
250	1	574	29
251	1	574	29
253	1	574	29
259	1	574	29
260	1	574	29
263	1	626	29
264	1	626	29
266	1	574	29
267	1	574	29
271	1	574	29
272	1	574	29
272	1	2295	30
283	1	521	29
284	1	626	29
286	1	521	29
293	1	574	29
294	1	626	29
296	1	574	29
299	1	626	29
300	1	469	29
301	1	574	29
302	1	626	29
303	1	574	29
304	1	574	29
305	1	521	29
306	1	574	29
307	1	521	29
308	1	521	29
309	1	574	29
310	1	626	29
314	1	521	29
315	1	574	29
319	1	521	29
322	1	521	29
326	1	626	29
332	1	1043	30
333	1	626	29
335	1	626	29
336	1	626	29
342	1	521	29
343	1	626	29
345	1	574	29
346	1	574	29
348	1	626	29
349	1	626	29
351	1	626	29
353	1	626	29
354	1	521	29
357	1	626	29
360	1	626	29
361	1	574	29
363	1	521	29
364	1	626	29
367	1	574	29
368	1	626	29
369	1	626	29
371	1	574	29
376	1	626	29
380	1	626	29
385	1	574	29
386	1	469	29
387	1	626	29
389	1	626	29
390	1	574	29
391	1	574	29
393	1	574	29
394	1	626	29
396	1	626	29
397	1	521	29
398	1	574	29
399	1	521	29
400	1	574	29
402	1	626	29
406	1	626	29
411	1	469	29
412	1	1252	11
412	1	1617	21
412	1	1878	18
412	1	1982	29
412	1	2243	30
413	1	626	29
414	1	574	29
415	1	1774	11
417	1	574	29
418	1	574	29
419	1	469	29
422	1	521	29
424	1	574	29
425	1	574	29
428	1	574	29
429	1	574	29
430	1	574	29
431	1	574	29
432	1	1669	11
434	1	1565	11
434	1	2035	29
435	1	521	29
436	1	626	29
437	1	574	29
438	1	521	29
443	1	521	29
445	1	626	29
447	1	521	29
451	1	521	29
452	1	574	29
453	1	574	29
457	1	521	29
459	1	469	29
460	1	626	29
461	1	574	29
462	1	574	29
463	1	574	29
465	1	626	29
466	1	574	29
467	1	574	29
468	1	626	29
469	1	574	29
471	1	521	29
472	1	574	29
473	1	574	29
474	1	574	29
479	1	469	29
481	1	574	29
487	1	626	29
489	1	626	29
490	1	626	29
492	1	2243	11
493	1	626	29
494	1	574	29
496	1	626	29
497	1	521	29
498	1	626	29
499	1	626	29
500	1	574	29
503	1	626	29
506	1	521	29
508	1	1722	11
508	1	2087	29
513	1	521	29
514	1	626	29
515	1	574	29
519	1	574	29
520	1	626	29
521	1	626	29
523	1	626	29
525	1	626	29
526	1	521	29
527	1	574	29
528	1	626	29
529	1	1565	11
531	1	2295	11
534	1	1565	11
537	1	574	29
538	1	521	29
539	1	626	29
541	1	521	29
544	1	574	29
547	1	626	29
550	1	574	29
551	1	521	29
553	1	521	29
554	1	574	29
555	1	574	29
556	1	521	29
558	1	521	29
562	1	521	29
564	1	469	29
565	1	574	29
566	1	574	29
567	1	521	29
568	1	574	29
571	1	574	29
575	1	574	29
579	1	626	29
583	1	1461	11
584	1	574	29
585	1	574	29
586	1	574	29
587	1	521	29
588	1	574	29
589	1	574	29
590	1	626	29
593	1	574	29
594	1	521	29
595	1	626	29
596	1	626	29
598	1	574	29
599	1	626	29
601	1	626	29
602	1	469	29
603	1	626	29
604	1	2191	11
606	1	626	29
607	1	521	29
608	1	626	29
615	1	469	29
620	1	626	29
622	1	574	29
624	1	574	29
626	1	574	29
627	1	626	29
628	1	574	29
629	1	521	29
631	1	574	29
632	1	626	29
639	1	574	29
640	1	521	29
641	1	574	29
646	1	626	29
649	1	626	29
651	1	574	29
652	1	626	29
653	1	626	29
655	1	626	29
656	1	574	29
657	1	574	29
658	1	626	29
661	1	626	29
662	1	574	29
664	1	574	29
666	1	626	29
667	1	521	29
668	1	521	29
676	1	626	29
678	1	626	29
682	1	521	29
686	1	626	29
690	1	521	29
691	1	626	29
692	1	574	29
693	1	626	29
695	1	574	29
697	1	574	29
699	1	626	29
700	1	626	29
701	1	521	29
702	1	521	29
703	1	574	29
706	1	521	29
707	1	626	29
709	1	574	29
710	1	574	29
716	1	626	29
717	1	2191	11
718	1	521	29
719	1	574	29
721	1	626	29
722	1	574	29
723	1	574	29
724	1	521	29
725	1	574	29
726	1	521	29
731	1	574	29
732	1	626	29
733	1	626	29
734	1	574	29
737	1	626	29
738	1	574	29
741	1	521	29
742	1	626	29
743	1	574	29
746	1	469	29
753	1	574	29
754	1	626	29
755	1	626	29
756	1	574	29
758	1	626	29
760	1	626	29
761	1	574	29
762	1	574	29
765	1	574	29
766	1	626	29
767	1	521	29
770	1	521	29
774	1	574	29
775	1	521	29
776	1	574	29
778	1	626	29
780	1	626	29
781	1	574	29
782	1	574	29
784	1	574	29
786	1	521	29
788	1	574	29
790	1	521	29
792	1	626	29
793	1	574	29
794	1	574	29
797	1	626	29
802	1	521	29
803	1	626	29
804	1	574	29
807	1	1356	11
810	1	574	29
811	1	574	29
812	1	521	29
814	1	626	29
815	1	469	29
818	1	626	29
822	1	574	29
823	1	1617	11
823	1	2139	29
824	1	2295	11
831	1	574	29
832	1	1565	11
832	1	2139	29
834	1	626	29
835	1	626	29
838	1	469	29
840	1	574	29
841	1	574	29
842	1	521	29
843	1	626	29
848	1	574	29
850	1	574	29
855	1	574	29
863	1	521	29
864	1	574	29
865	1	574	29
866	1	626	29
867	1	574	29
868	1	521	29
869	1	469	29
870	1	469	29
873	1	574	29
875	1	626	29
876	1	574	29
877	1	574	29
879	1	626	29
880	1	2243	11
884	1	626	29
885	1	1513	11
887	1	574	29
891	1	626	29
893	1	574	29
895	1	574	29
897	1	574	29
898	1	574	29
899	1	574	29
901	1	626	29
902	1	2295	11
903	1	469	29
906	1	521	29
908	1	626	29
912	1	574	29
916	1	574	29
917	1	626	29
922	1	626	29
924	1	521	29
925	1	626	29
926	1	574	29
929	1	626	29
931	1	574	29
935	1	469	29
940	1	574	29
941	1	574	29
942	1	574	29
946	1	521	29
947	1	626	29
948	1	626	29
949	1	574	29
954	1	521	29
956	1	574	29
961	1	626	29
963	1	626	29
964	1	574	29
966	1	574	29
968	1	574	29
969	1	626	29
971	1	574	29
972	1	574	29
973	1	626	29
974	1	521	29
976	1	626	29
978	1	574	29
979	1	469	29
982	1	574	29
983	1	574	29
988	1	574	29
989	1	574	29
995	1	574	29
997	1	521	29
998	1	626	29
0	2	313	26
1	2	313	26
2	2	313	26
3	2	313	26
4	2	313	26
5	2	313	26
6	2	313	26
7	2	313	26
8	2	313	26
9	2	313	26
10	2	313	26
11	2	313	26
12	2	313	26
13	2	313	26
14	2	313	26
15	2	313	26
16	2	313	26
17	2	313	26
18	2	313	26
19	2	313	26
20	2	313	26
21	2	313	26
22	2	313	26
23	2	313	26
24	2	313	26
25	2	313	26
26	2	313	26
27	2	313	26
28	2	313	26
29	2	313	26
30	2	313	26
31	2	313	26
32	2	313	26
33	2	313	26
34	2	313	26
35	2	313	26
36	2	313	26
37	2	313	26
38	2	313	26
39	2	313	26
40	2	313	26
41	2	313	26
42	2	313	26
43	2	313	26
44	2	313	26
45	2	313	26
46	2	313	26
47	2	313	26
48	2	313	26
49	2	313	26
50	2	313	26
51	2	313	26
52	2	313	26
53	2	313	26
54	2	313	26
55	2	313	26
56	2	313	26
57	2	313	26
58	2	313	26
59	2	313	26
60	2	313	26
61	2	313	26
62	2	313	26
63	2	313	26
64	2	313	26
65	2	313	26
66	2	313	26
67	2	313	26
68	2	313	26
69	2	313	26
70	2	313	26
71	2	313	26
72	2	313	26
73	2	313	26
74	2	313	26
75	2	313	26
76	2	313	26
77	2	313	26
78	2	313	26
79	2	313	26
80	2	313	26
81	2	313	26
82	2	313	26
83	2	313	26
84	2	313	26
85	2	313	26
86	2	313	26
87	2	313	26
88	2	313	26
89	2	313	26
90	2	313	26
91	2	313	26
92	2	313	26
93	2	313	26
94	2	313	26
95	2	313	26
96	2	313	26
97	2	313	26
98	2	313	26
99	2	313	26
100	2	313	26
101	2	313	26
102	2	313	26
103	2	313	26
104	2	313	26
105	2	313	26
106	2	313	26
107	2	313	26
108	2	313	26
109	2	313	26
110	2	313	26
111	2	313	26
112	2	313	26
113	2	313	26
114	2	313	26
115	2	313	26
116	2	313	26
117	2	313	26
118	2	313	26
119	2	313	26
120	2	313	26
121	2	313	26
122	2	313	26
123	2	313	26
124	2	313	26
125	2	313	26
126	2	313	26
127	2	313	26
128	2	313	26
129	2	313	26
130	2	313	26
131	2	313	26
132	2	313	26
133	2	313	26
134	2	313	26
135	2	313	26
136	2	313	26
137	2	313	26
138	2	313	26
139	2	313	26
140	2	313	26
141	2	313	26
142	2	313	26
143	2	313	26
144	2	313	26
145	2	313	26
146	2	313	26
147	2	313	26
148	2	313	26
149	2	313	26
150	2	313	26
151	2	313	26
152	2	313	26
153	2	313	26
154	2	313	26
155	2	313	26
156	2	313	26
157	2	313	26
158	2	313	26
159	2	313	26
160	2	313	26
161	2	313	26
162	2	313	26
163	2	313	26
164	2	313	26
165	2	313	26
166	2	313	26
167	2	313	26
168	2	313	26
169	2	313	26
170	2	313	26
171	2	313	26
172	2	313	26
173	2	313	26
174	2	313	26
175	2	313	26
176	2	313	26
177	2	313	26
178	2	313	26
179	2	313	26
180	2	313	26
181	2	313	26
182	2	313	26
183	2	313	26
184	2	313	26
185	2	313	26
186	2	313	26
187	2	313	26
188	2	313	26
189	2	313	26
190	2	313	26
191	2	313	26
192	2	313	26
193	2	313	26
194	2	313	26
195	2	313	26
196	2	313	26
197	2	313	26
198	2	313	26
199	2	313	26
200	2	313	26
201	2	313	26
202	2	313	26
203	2	313	26
204	2	313	26
205	2	313	26
206	2	313	26
207	2	313	26
208	2	313	26
209	2	313	26
210	2	313	26
211	2	313	26
212	2	313	26
213	2	313	26
214	2	313	26
215	2	313	26
216	2	313	26
217	2	313	26
218	2	313	26
219	2	313	26
220	2	313	26
221	2	313	26
222	2	313	26
223	2	313	26
224	2	313	26
225	2	313	26
226	2	313	26
227	2	313	26
228	2	313	26
229	2	313	26
230	2	313	26
231	2	313	26
232	2	313	26
233	2	313	26
234	2	313	26
235	2	313	26
236	2	313	26
237	2	313	26
238	2	313	26
239	2	313	26
240	2	313	26
241	2	313	26
242	2	313	26
243	2	313	26
244	2	313	26
245	2	313	26
246	2	313	26
247	2	313	26
248	2	313	26
249	2	313	26
250	2	313	26
251	2	313	26
252	2	313	26
253	2	313	26
254	2	313	26
255	2	313	26
256	2	313	26
257	2	313	26
258	2	313	26
259	2	313	26
260	2	313	26
261	2	313	26
262	2	313	26
263	2	313	26
264	2	313	26
265	2	313	26
266	2	313	26
267	2	313	26
268	2	313	26
269	2	313	26
270	2	313	26
271	2	313	26
272	2	313	26
273	2	313	26
274	2	313	26
275	2	313	26
276	2	313	26
277	2	313	26
278	2	313	26
279	2	313	26
280	2	313	26
281	2	313	26
282	2	313	26
283	2	313	26
284	2	313	26
285	2	313	26
286	2	313	26
287	2	313	26
288	2	313	26
289	2	313	26
290	2	313	26
291	2	313	26
292	2	313	26
293	2	313	26
294	2	313	26
295	2	313	26
296	2	313	26
297	2	313	26
298	2	313	26
299	2	313	26
300	2	313	26
301	2	313	26
302	2	313	26
303	2	313	26
304	2	313	26
305	2	313	26
306	2	313	26
307	2	313	26
308	2	313	26
309	2	313	26
310	2	313	26
311	2	313	26
312	2	313	26
313	2	313	26
314	2	313	26
315	2	313	26
316	2	313	26
317	2	313	26
318	2	313	26
319	2	313	26
320	2	313	26
321	2	313	26
322	2	313	26
323	2	313	26
324	2	313	26
325	2	313	26
326	2	313	26
327	2	313	26
328	2	313	26
329	2	313	26
330	2	313	26
331	2	313	26
332	2	313	26
333	2	313	26
334	2	313	26
335	2	313	26
336	2	313	26
337	2	313	26
338	2	313	26
339	2	313	26
340	2	313	26
341	2	313	26
342	2	313	26
343	2	313	26
344	2	313	26
345	2	313	26
346	2	313	26
347	2	313	26
348	2	313	26
349	2	313	26
350	2	313	26
351	2	313	26
352	2	313	26
353	2	313	26
354	2	313	26
355	2	313	26
356	2	313	26
357	2	313	26
358	2	313	26
359	2	313	26
360	2	313	26
361	2	313	26
362	2	313	26
363	2	313	26
364	2	313	26
365	2	313	26
366	2	313	26
367	2	313	26
368	2	313	26
369	2	313	26
370	2	313	26
371	2	313	26
372	2	313	26
373	2	313	26
374	2	313	26
375	2	313	26
376	2	313	26
377	2	313	26
378	2	313	26
379	2	313	26
380	2	313	26
381	2	313	26
382	2	313	26
383	2	313	26
384	2	313	26
385	2	313	26
386	2	313	26
387	2	313	26
388	2	313	26
389	2	313	26
390	2	313	26
391	2	313	26
392	2	313	26
393	2	313	26
394	2	313	26
395	2	313	26
396	2	313	26
397	2	313	26
398	2	313	26
399	2	313	26
400	2	313	26
401	2	313	26
402	2	313	26
403	2	313	26
404	2	313	26
405	2	313	26
406	2	313	26
407	2	313	26
408	2	313	26
409	2	313	26
410	2	313	26
411	2	313	26
412	2	313	26
413	2	313	26
414	2	313	26
415	2	313	26
416	2	313	26
417	2	313	26
418	2	313	26
419	2	313	26
420	2	313	26
421	2	313	26
422	2	313	26
423	2	313	26
424	2	313	26
425	2	313	26
426	2	313	26
427	2	313	26
428	2	313	26
429	2	313	26
430	2	313	26
431	2	313	26
432	2	313	26
433	2	313	26
434	2	313	26
435	2	313	26
436	2	313	26
437	2	313	26
438	2	313	26
439	2	313	26
440	2	313	26
441	2	313	26
442	2	313	26
443	2	313	26
444	2	313	26
445	2	313	26
446	2	313	26
447	2	313	26
448	2	313	26
449	2	313	26
450	2	313	26
451	2	313	26
452	2	313	26
453	2	313	26
454	2	313	26
455	2	313	26
456	2	313	26
457	2	313	26
458	2	313	26
459	2	313	26
460	2	313	26
461	2	313	26
462	2	313	26
463	2	313	26
464	2	313	26
465	2	313	26
466	2	313	26
467	2	313	26
468	2	313	26
469	2	313	26
470	2	313	26
471	2	313	26
472	2	313	26
473	2	313	26
474	2	313	26
475	2	313	26
476	2	313	26
477	2	313	26
478	2	313	26
479	2	313	26
480	2	313	26
481	2	313	26
482	2	313	26
483	2	313	26
484	2	313	26
485	2	313	26
486	2	313	26
487	2	313	26
488	2	313	26
489	2	313	26
490	2	313	26
491	2	313	26
492	2	313	26
493	2	313	26
494	2	313	26
495	2	313	26
496	2	313	26
497	2	313	26
498	2	313	26
499	2	313	26
500	2	313	26
501	2	313	26
502	2	313	26
503	2	313	26
504	2	313	26
505	2	313	26
506	2	313	26
507	2	313	26
508	2	313	26
509	2	313	26
510	2	313	26
511	2	313	26
512	2	313	26
513	2	313	26
514	2	313	26
515	2	313	26
516	2	313	26
517	2	313	26
518	2	313	26
519	2	313	26
520	2	313	26
521	2	313	26
522	2	313	26
523	2	313	26
524	2	313	26
525	2	313	26
526	2	313	26
527	2	313	26
528	2	313	26
529	2	313	26
530	2	313	26
531	2	313	26
532	2	313	26
533	2	313	26
534	2	313	26
535	2	313	26
536	2	313	26
537	2	313	26
538	2	313	26
539	2	313	26
540	2	313	26
541	2	313	26
542	2	313	26
543	2	313	26
544	2	313	26
545	2	313	26
546	2	313	26
547	2	313	26
548	2	313	26
549	2	313	26
550	2	313	26
551	2	313	26
552	2	313	26
553	2	313	26
554	2	313	26
555	2	313	26
556	2	313	26
557	2	313	26
558	2	313	26
559	2	313	26
560	2	313	26
561	2	313	26
562	2	313	26
563	2	313	26
564	2	313	26
565	2	313	26
566	2	313	26
567	2	313	26
568	2	313	26
569	2	313	26
570	2	313	26
571	2	313	26
572	2	313	26
573	2	313	26
574	2	313	26
575	2	313	26
576	2	313	26
577	2	313	26
578	2	313	26
579	2	313	26
580	2	313	26
581	2	313	26
582	2	313	26
583	2	313	26
584	2	313	26
585	2	313	26
586	2	313	26
587	2	313	26
588	2	313	26
589	2	313	26
590	2	313	26
591	2	313	26
592	2	313	26
593	2	313	26
594	2	313	26
595	2	313	26
596	2	313	26
597	2	313	26
598	2	313	26
599	2	313	26
600	2	313	26
601	2	313	26
602	2	313	26
603	2	313	26
604	2	313	26
605	2	313	26
606	2	313	26
607	2	313	26
608	2	313	26
609	2	313	26
610	2	313	26
611	2	313	26
612	2	313	26
613	2	313	26
614	2	313	26
615	2	313	26
616	2	313	26
617	2	313	26
618	2	313	26
619	2	313	26
620	2	313	26
621	2	313	26
622	2	313	26
623	2	313	26
624	2	313	26
625	2	313	26
626	2	313	26
627	2	313	26
628	2	313	26
629	2	313	26
630	2	313	26
631	2	313	26
632	2	313	26
633	2	313	26
634	2	313	26
635	2	313	26
636	2	313	26
637	2	313	26
638	2	313	26
639	2	313	26
640	2	313	26
641	2	313	26
642	2	313	26
643	2	313	26
644	2	313	26
645	2	313	26
646	2	313	26
647	2	313	26
648	2	313	26
649	2	313	26
650	2	313	26
651	2	313	26
652	2	313	26
653	2	313	26
654	2	313	26
655	2	313	26
656	2	313	26
657	2	313	26
658	2	313	26
659	2	313	26
660	2	313	26
661	2	313	26
662	2	313	26
663	2	313	26
664	2	313	26
665	2	313	26
666	2	313	26
667	2	313	26
668	2	313	26
669	2	313	26
670	2	313	26
671	2	313	26
672	2	313	26
673	2	313	26
674	2	313	26
675	2	313	26
676	2	313	26
677	2	313	26
678	2	313	26
679	2	313	26
680	2	313	26
681	2	313	26
682	2	313	26
683	2	313	26
684	2	313	26
685	2	313	26
686	2	313	26
687	2	313	26
688	2	313	26
689	2	313	26
690	2	313	26
691	2	313	26
692	2	313	26
693	2	313	26
694	2	313	26
695	2	313	26
696	2	313	26
697	2	313	26
698	2	313	26
699	2	313	26
700	2	313	26
701	2	313	26
702	2	313	26
703	2	313	26
704	2	313	26
705	2	313	26
706	2	313	26
707	2	313	26
708	2	313	26
709	2	313	26
710	2	313	26
711	2	313	26
712	2	313	26
713	2	313	26
714	2	313	26
715	2	313	26
716	2	313	26
717	2	313	26
718	2	313	26
719	2	313	26
720	2	313	26
721	2	313	26
722	2	313	26
723	2	313	26
724	2	313	26
725	2	313	26
726	2	313	26
727	2	313	26
728	2	313	26
729	2	313	26
730	2	313	26
731	2	313	26
732	2	313	26
733	2	313	26
734	2	313	26
735	2	313	26
736	2	313	26
737	2	313	26
738	2	313	26
739	2	313	26
740	2	313	26
741	2	313	26
742	2	313	26
743	2	313	26
744	2	313	26
745	2	313	26
746	2	313	26
747	2	313	26
748	2	313	26
749	2	313	26
750	2	313	26
751	2	313	26
752	2	313	26
753	2	313	26
754	2	313	26
755	2	313	26
756	2	313	26
757	2	313	26
758	2	313	26
759	2	313	26
760	2	313	26
761	2	313	26
762	2	313	26
763	2	313	26
764	2	313	26
765	2	313	26
766	2	313	26
767	2	313	26
768	2	313	26
769	2	313	26
770	2	313	26
771	2	313	26
772	2	313	26
773	2	313	26
774	2	313	26
775	2	313	26
776	2	313	26
777	2	313	26
778	2	313	26
779	2	313	26
780	2	313	26
781	2	313	26
782	2	313	26
783	2	313	26
784	2	313	26
785	2	313	26
786	2	313	26
787	2	313	26
788	2	313	26
789	2	313	26
790	2	313	26
791	2	313	26
792	2	313	26
793	2	313	26
794	2	313	26
795	2	313	26
796	2	313	26
797	2	313	26
798	2	313	26
799	2	313	26
800	2	313	26
801	2	313	26
802	2	313	26
803	2	313	26
804	2	313	26
805	2	313	26
806	2	313	26
807	2	313	26
808	2	313	26
809	2	313	26
810	2	313	26
811	2	313	26
812	2	313	26
813	2	313	26
814	2	313	26
815	2	313	26
816	2	313	26
817	2	313	26
818	2	313	26
819	2	313	26
820	2	313	26
821	2	313	26
822	2	313	26
823	2	313	26
824	2	313	26
825	2	313	26
826	2	313	26
827	2	313	26
828	2	313	26
829	2	313	26
830	2	313	26
831	2	313	26
832	2	313	26
833	2	313	26
834	2	313	26
835	2	313	26
836	2	313	26
837	2	313	26
838	2	313	26
839	2	313	26
840	2	313	26
841	2	313	26
842	2	313	26
843	2	313	26
844	2	313	26
845	2	313	26
846	2	313	26
847	2	313	26
848	2	313	26
849	2	313	26
850	2	313	26
851	2	313	26
852	2	313	26
853	2	313	26
854	2	313	26
855	2	313	26
856	2	313	26
857	2	313	26
858	2	313	26
859	2	313	26
860	2	313	26
861	2	313	26
862	2	313	26
863	2	313	26
864	2	313	26
865	2	313	26
866	2	313	26
867	2	313	26
868	2	313	26
869	2	313	26
870	2	313	26
871	2	313	26
872	2	313	26
873	2	313	26
874	2	313	26
875	2	313	26
876	2	313	26
877	2	313	26
878	2	313	26
879	2	313	26
880	2	313	26
881	2	313	26
882	2	313	26
883	2	313	26
884	2	313	26
885	2	313	26
886	2	313	26
887	2	313	26
888	2	313	26
889	2	313	26
890	2	313	26
891	2	313	26
892	2	313	26
893	2	313	26
894	2	313	26
895	2	313	26
896	2	313	26
897	2	313	26
898	2	313	26
899	2	313	26
900	2	313	26
901	2	313	26
902	2	313	26
903	2	313	26
904	2	313	26
905	2	313	26
906	2	313	26
907	2	313	26
908	2	313	26
909	2	313	26
910	2	313	26
911	2	313	26
912	2	313	26
913	2	313	26
914	2	313	26
915	2	313	26
916	2	313	26
917	2	313	26
918	2	313	26
919	2	313	26
920	2	313	26
921	2	313	26
922	2	313	26
923	2	313	26
924	2	313	26
925	2	313	26
926	2	313	26
927	2	313	26
928	2	313	26
929	2	313	26
930	2	313	26
931	2	313	26
932	2	313	26
933	2	313	26
934	2	313	26
935	2	313	26
936	2	313	26
937	2	313	26
938	2	313	26
939	2	313	26
940	2	313	26
941	2	313	26
942	2	313	26
943	2	313	26
944	2	313	26
945	2	313	26
946	2	313	26
947	2	313	26
948	2	313	26
949	2	313	26
950	2	313	26
951	2	313	26
952	2	313	26
953	2	313	26
954	2	313	26
955	2	313	26
956	2	313	26
957	2	313	26
958	2	313	26
959	2	313	26
960	2	313	26
961	2	313	26
962	2	313	26
963	2	313	26
964	2	313	26
965	2	313	26
966	2	313	26
967	2	313	26
968	2	313	26
969	2	313	26
970	2	313	26
971	2	313	26
972	2	313	26
973	2	313	26
974	2	313	26
975	2	313	26
976	2	313	26
977	2	313	26
978	2	313	26
979	2	313	26
980	2	313	26
981	2	313	26
982	2	313	26
983	2	313	26
984	2	313	26
985	2	313	26
986	2	313	26
987	2	313	26
988	2	313	26
989	2	313	26
990	2	313	26
991	2	313	26
992	2	313	26
993	2	313	26
994	2	313	26
995	2	313	26
996	2	313	26
997	2	313	26
998	2	313	26
999	2	313	26
2	3	521	29
4	3	626	29
4	3	1513	9
4	3	1774	20
5	3	626	29
6	3	574	29
7	3	521	29
8	3	626	29
8	3	1565	9
10	3	574	29
14	3	574	29
15	3	574	29
16	3	626	29
17	3	626	29
18	3	574	29
20	3	574	29
21	3	574	29
23	3	574	29
24	3	574	29
24	3	2087	9
26	3	574	29
27	3	574	29
28	3	1774	9
31	3	626	29
33	3	574	29
34	3	626	29
34	3	2243	9
35	3	626	29
36	3	626	29
37	3	626	29
38	3	626	29
39	3	626	29
40	3	626	29
40	3	1461	9
40	3	2035	20
41	3	626	29
43	3	521	29
43	3	2139	9
46	3	574	29
49	3	521	29
49	3	1774	9
53	3	574	29
53	3	1617	9
53	3	2295	20
55	3	626	29
57	3	521	29
57	3	1356	9
57	3	1774	20
58	3	626	29
58	3	1565	9
59	3	574	29
59	3	1930	9
62	3	626	29
62	3	1774	9
63	3	574	29
65	3	626	29
67	3	1722	9
69	3	521	29
70	3	521	29
73	3	521	29
81	3	574	29
82	3	626	29
84	3	626	29
86	3	521	29
87	3	521	29
87	3	1356	9
87	3	1722	20
88	3	1826	9
91	3	574	29
92	3	574	29
94	3	521	29
101	3	574	29
102	3	574	29
103	3	521	29
104	3	574	29
106	3	521	29
106	3	1722	9
107	3	626	29
107	3	2139	9
108	3	626	29
110	3	626	29
111	3	626	29
112	3	574	29
113	3	521	29
122	3	1408	9
122	3	2087	20
125	3	574	29
125	3	1722	9
126	3	574	29
126	3	1669	9
127	3	626	29
128	3	574	29
128	3	1408	9
129	3	521	29
130	3	574	29
131	3	626	29
131	3	1930	9
132	3	626	29
133	3	574	29
135	3	574	29
135	3	1513	9
136	3	574	29
136	3	1043	20
136	3	1565	9
138	3	626	29
138	3	1200	9
138	3	1774	20
139	3	1356	9
139	3	1617	20
139	3	1930	29
139	3	2191	12
140	3	521	29
141	3	574	29
141	3	1408	9
141	3	1722	20
142	3	626	29
145	3	521	29
146	3	626	29
147	3	626	29
149	3	626	29
149	3	1565	9
150	3	574	29
151	3	469	29
152	3	574	29
152	3	1878	9
152	3	2295	20
153	3	574	29
154	3	626	29
154	3	1565	9
155	3	574	29
155	3	1930	9
155	3	2295	20
156	3	574	29
156	3	1565	9
156	3	2243	20
158	3	574	29
158	3	1722	9
159	3	626	29
159	3	1408	9
159	3	2139	20
160	3	626	29
161	3	521	29
164	3	521	29
165	3	626	29
165	3	1669	9
168	3	521	29
170	3	626	29
170	3	1513	9
175	3	574	29
175	3	1982	9
176	3	574	29
179	3	574	29
179	3	2191	9
181	3	574	29
182	3	469	29
183	3	574	29
183	3	2295	9
185	3	1565	9
187	3	521	29
189	3	626	29
189	3	1930	9
189	3	2191	20
190	3	521	29
193	3	574	29
196	3	574	29
196	3	1200	9
196	3	1461	20
198	3	2191	9
199	3	574	29
199	3	1930	9
201	3	521	29
203	3	469	29
204	3	574	29
206	3	574	29
206	3	1095	20
206	3	1513	9
206	3	1774	12
206	3	2035	30
207	3	626	29
207	3	2139	9
208	3	521	29
210	3	469	29
211	3	521	29
214	3	521	29
217	3	574	29
218	3	626	29
221	3	521	29
223	3	626	29
225	3	626	29
225	3	1408	9
226	3	521	29
226	3	1565	9
228	3	574	29
228	3	1408	9
229	3	626	29
230	3	574	29
231	3	574	29
232	3	626	29
232	3	1617	9
237	3	521	29
240	3	574	29
240	3	1722	9
240	3	2035	20
241	3	574	29
242	3	626	29
243	3	521	29
243	3	1408	9
243	3	1982	20
244	3	469	29
248	3	574	29
249	3	574	29
250	3	574	29
250	3	1408	9
250	3	1878	20
251	3	574	29
253	3	574	29
259	3	574	29
260	3	574	29
263	3	626	29
264	3	626	29
266	3	574	29
267	3	574	29
271	3	574	29
271	3	1774	9
272	3	574	29
272	3	1356	9
272	3	1617	20
272	3	2035	12
272	3	2295	30
283	3	521	29
284	3	626	29
284	3	1304	9
284	3	1722	20
286	3	521	29
286	3	1513	9
286	3	1878	20
293	3	574	29
293	3	1252	9
293	3	1774	20
294	3	626	29
296	3	574	29
299	3	626	29
300	3	469	29
301	3	574	29
302	3	626	29
303	3	574	29
303	3	1252	9
303	3	1617	20
304	3	574	29
305	3	521	29
306	3	574	29
306	3	1513	9
307	3	521	29
308	3	521	29
309	3	574	29
309	3	1356	9
309	3	1722	20
310	3	626	29
310	3	1617	9
314	3	521	29
315	3	574	29
315	3	2087	9
319	3	521	29
322	3	521	29
326	3	626	29
330	3	1774	9
332	3	1043	30
332	3	1774	9
333	3	626	29
333	3	1930	9
335	3	626	29
335	3	2139	9
336	3	626	29
342	3	521	29
342	3	1513	9
343	3	626	29
343	3	1565	9
345	3	574	29
346	3	574	29
346	3	1982	9
348	3	626	29
349	3	626	29
349	3	1356	9
349	3	1722	20
351	3	626	29
353	3	626	29
354	3	521	29
354	3	1200	9
354	3	1461	20
357	3	626	29
360	3	626	29
361	3	574	29
363	3	521	29
364	3	626	29
367	3	574	29
368	3	626	29
368	3	1252	9
368	3	1513	20
369	3	626	29
369	3	1513	9
371	3	574	29
376	3	626	29
380	3	626	29
385	3	574	29
386	3	469	29
387	3	626	29
387	3	1513	9
387	3	1774	20
389	3	626	29
390	3	574	29
391	3	574	29
391	3	2191	9
393	3	574	29
394	3	626	29
396	3	626	29
396	3	1200	9
396	3	1461	20
397	3	521	29
398	3	574	29
399	3	521	29
400	3	574	29
402	3	626	29
406	3	626	29
411	3	469	29
411	3	1356	9
411	3	1617	20
412	3	1200	9
412	3	1461	20
412	3	1930	12
412	3	1982	29
412	3	2243	30
413	3	626	29
413	3	1200	9
413	3	1461	20
413	3	1774	12
414	3	574	29
414	3	1930	9
415	3	1982	9
417	3	574	29
418	3	574	29
418	3	1461	9
418	3	1722	20
419	3	469	29
419	3	1565	9
422	3	521	29
424	3	574	29
424	3	1356	9
424	3	1617	20
424	3	2243	12
425	3	574	29
428	3	574	29
429	3	574	29
430	3	574	29
431	3	574	29
432	3	1617	9
434	3	1461	9
434	3	1826	20
434	3	2035	29
434	3	2295	12
435	3	521	29
435	3	1774	9
436	3	626	29
436	3	1356	9
436	3	1774	20
437	3	574	29
438	3	521	29
443	3	521	29
445	3	626	29
445	3	1982	9
447	3	521	29
451	3	521	29
451	3	2035	9
452	3	574	29
453	3	574	29
453	3	1408	9
453	3	1722	20
457	3	521	29
459	3	469	29
460	3	626	29
461	3	574	29
461	3	1774	9
462	3	574	29
463	3	574	29
463	3	1617	9
465	3	626	29
466	3	574	29
467	3	574	29
468	3	626	29
469	3	574	29
469	3	1461	9
471	3	521	29
472	3	574	29
473	3	574	29
474	3	574	29
474	3	1461	9
479	3	469	29
481	3	574	29
481	3	1461	9
481	3	1722	20
487	3	626	29
489	3	626	29
489	3	1252	9
489	3	1722	20
490	3	626	29
490	3	1774	9
490	3	2087	20
492	3	2191	9
493	3	626	29
494	3	574	29
496	3	626	29
496	3	1722	9
496	3	2243	20
497	3	521	29
498	3	626	29
499	3	626	29
500	3	574	29
500	3	1252	9
500	3	1513	20
503	3	626	29
503	3	1200	9
503	3	1461	20
503	3	2087	12
506	3	521	29
508	3	1565	9
508	3	2087	29
512	3	2139	9
513	3	521	29
514	3	626	29
515	3	574	29
515	3	1722	9
515	3	2087	20
519	3	574	29
519	3	1722	9
520	3	626	29
521	3	626	29
521	3	1461	9
522	3	1774	9
523	3	626	29
525	3	626	29
525	3	1461	9
525	3	1774	20
526	3	521	29
527	3	574	29
528	3	626	29
529	3	1304	9
529	3	1722	20
534	3	1356	9
534	3	1722	20
537	3	574	29
538	3	521	29
539	3	626	29
541	3	521	29
544	3	574	29
544	3	1513	9
544	3	1982	20
547	3	626	29
547	3	1617	9
547	3	2035	20
550	3	574	29
550	3	1408	9
550	3	1878	20
551	3	521	29
551	3	1356	9
551	3	1722	20
553	3	521	29
554	3	574	29
555	3	574	29
555	3	1200	9
555	3	1461	20
555	3	2087	12
556	3	521	29
558	3	521	29
562	3	521	29
564	3	469	29
565	3	574	29
565	3	1408	9
565	3	1826	20
565	3	2243	12
566	3	574	29
567	3	521	29
568	3	574	29
568	3	1408	9
571	3	574	29
575	3	574	29
575	3	1252	9
575	3	1513	20
579	3	626	29
583	3	1304	9
583	3	1565	20
584	3	574	29
585	3	574	29
585	3	1200	9
585	3	1461	20
586	3	574	29
586	3	1774	9
587	3	521	29
587	3	1200	9
587	3	1565	20
588	3	574	29
589	3	574	29
590	3	626	29
593	3	574	29
594	3	521	29
595	3	626	29
595	3	1408	9
595	3	1722	20
596	3	626	29
598	3	574	29
599	3	626	29
599	3	2191	9
601	3	626	29
602	3	469	29
603	3	626	29
606	3	626	29
606	3	1826	9
607	3	521	29
607	3	2035	9
608	3	626	29
615	3	469	29
620	3	626	29
622	3	574	29
624	3	574	29
626	3	574	29
626	3	1774	9
627	3	626	29
628	3	574	29
629	3	521	29
631	3	574	29
631	3	2139	9
632	3	626	29
639	3	574	29
639	3	1565	9
639	3	2243	20
640	3	521	29
641	3	574	29
646	3	626	29
646	3	1565	9
649	3	626	29
651	3	574	29
652	3	626	29
653	3	626	29
655	3	626	29
656	3	574	29
657	3	574	29
658	3	626	29
658	3	1722	9
661	3	626	29
662	3	574	29
664	3	574	29
664	3	1513	9
664	3	1878	20
666	3	626	29
667	3	521	29
668	3	521	29
676	3	626	29
676	3	1461	9
678	3	626	29
682	3	521	29
686	3	626	29
690	3	521	29
691	3	626	29
691	3	1722	9
691	3	2243	20
692	3	574	29
692	3	1565	9
693	3	626	29
693	3	2087	9
695	3	574	29
697	3	574	29
699	3	626	29
700	3	626	29
701	3	521	29
702	3	521	29
703	3	574	29
703	3	1774	9
706	3	521	29
707	3	626	29
709	3	574	29
709	3	1930	9
710	3	574	29
710	3	1513	9
716	3	626	29
716	3	1408	9
717	3	1930	9
718	3	521	29
718	3	1565	9
719	3	574	29
721	3	626	29
722	3	574	29
722	3	1304	9
722	3	1722	20
723	3	574	29
724	3	521	29
725	3	574	29
726	3	521	29
726	3	1774	9
731	3	574	29
732	3	626	29
733	3	626	29
733	3	1722	9
734	3	574	29
734	3	1930	9
737	3	626	29
737	3	2035	9
738	3	574	29
738	3	1565	9
738	3	1930	20
741	3	521	29
742	3	626	29
742	3	1304	9
742	3	2035	20
742	3	2295	12
743	3	574	29
743	3	2243	9
746	3	469	29
752	3	2191	9
753	3	574	29
753	3	1513	9
753	3	1878	20
753	3	2295	12
754	3	626	29
755	3	626	29
756	3	574	29
756	3	1408	9
758	3	626	29
760	3	626	29
761	3	574	29
762	3	574	29
765	3	574	29
766	3	626	29
767	3	521	29
770	3	521	29
774	3	574	29
774	3	1565	9
775	3	521	29
776	3	574	29
776	3	1356	9
776	3	1826	20
778	3	626	29
780	3	626	29
781	3	574	29
781	3	2035	9
782	3	574	29
784	3	574	29
786	3	521	29
788	3	574	29
790	3	521	29
792	3	626	29
793	3	574	29
793	3	2035	9
794	3	574	29
797	3	626	29
802	3	521	29
803	3	626	29
803	3	2139	9
804	3	574	29
807	3	1200	9
807	3	1461	20
810	3	574	29
811	3	574	29
811	3	2191	9
812	3	521	29
812	3	1565	9
814	3	626	29
815	3	469	29
818	3	626	29
818	3	2087	9
822	3	574	29
823	3	1461	9
823	3	2139	29
831	3	574	29
831	3	1513	9
831	3	1774	20
831	3	2295	12
832	3	1408	9
832	3	1722	20
832	3	2139	29
834	3	626	29
834	3	1565	9
834	3	2087	20
835	3	626	29
838	3	469	29
838	3	1774	9
840	3	574	29
840	3	1252	9
840	3	1513	20
841	3	574	29
842	3	521	29
843	3	626	29
843	3	1356	9
843	3	1617	20
848	3	574	29
848	3	1461	9
850	3	574	29
850	3	1408	9
850	3	1669	20
855	3	574	29
863	3	521	29
863	3	1565	9
864	3	574	29
864	3	1461	9
864	3	1722	20
865	3	574	29
866	3	626	29
867	3	574	29
868	3	521	29
869	3	469	29
870	3	469	29
873	3	574	29
873	3	1356	9
875	3	626	29
876	3	574	29
877	3	574	29
877	3	1200	9
877	3	1461	20
879	3	626	29
880	3	1565	9
884	3	626	29
885	3	1408	9
885	3	1722	20
887	3	574	29
891	3	626	29
893	3	574	29
895	3	574	29
897	3	574	29
898	3	574	29
898	3	1617	9
899	3	574	29
899	3	1565	9
901	3	626	29
903	3	469	29
903	3	1982	9
906	3	521	29
908	3	626	29
912	3	574	29
916	3	574	29
916	3	1617	9
917	3	626	29
922	3	626	29
924	3	521	29
924	3	1408	9
924	3	1722	20
925	3	626	29
926	3	574	29
926	3	1930	9
929	3	626	29
931	3	574	29
931	3	1356	9
931	3	1669	20
935	3	469	29
940	3	574	29
940	3	1826	9
941	3	574	29
941	3	1461	9
941	3	1878	20
942	3	574	29
942	3	1408	9
942	3	1722	20
946	3	521	29
947	3	626	29
947	3	1408	9
947	3	1722	20
948	3	626	29
949	3	574	29
949	3	1200	9
949	3	1513	20
950	3	1930	9
953	3	1617	9
954	3	521	29
954	3	2087	9
956	3	574	29
961	3	626	29
963	3	626	29
964	3	574	29
964	3	1513	9
966	3	574	29
968	3	574	29
969	3	626	29
969	3	2087	9
971	3	574	29
972	3	574	29
972	3	1304	9
972	3	1565	20
973	3	626	29
974	3	521	29
976	3	626	29
976	3	1774	9
976	3	2295	20
978	3	574	29
978	3	1722	9
979	3	469	29
981	3	1774	9
982	3	574	29
983	3	574	29
985	3	2295	9
988	3	574	29
989	3	574	29
995	3	574	29
997	3	521	29
998	3	626	29
998	3	1513	9
998	3	1774	20
0	4	678	27
1	4	678	27
2	4	521	29
3	4	1148	27
4	4	626	29
5	4	626	29
6	4	574	29
7	4	521	29
8	4	626	29
9	4	1982	27
10	4	574	29
12	4	1095	27
13	4	1148	27
14	4	574	29
15	4	574	29
16	4	626	29
17	4	626	29
18	4	574	29
19	4	1826	27
20	4	574	29
21	4	574	29
22	4	678	27
23	4	574	29
24	4	574	29
25	4	1408	27
26	4	574	29
27	4	574	29
28	4	834	27
29	4	730	27
30	4	1252	27
31	4	626	29
32	4	1095	27
33	4	574	29
34	4	626	29
35	4	626	29
36	4	626	29
37	4	626	29
38	4	626	29
39	4	626	29
40	4	626	29
41	4	626	29
42	4	834	27
43	4	521	29
44	4	1461	27
45	4	678	27
46	4	574	29
47	4	991	27
48	4	1982	27
49	4	521	29
50	4	1356	27
51	4	1513	27
52	4	782	27
53	4	574	29
55	4	626	29
56	4	1148	27
57	4	521	29
58	4	626	29
59	4	574	29
60	4	991	27
61	4	678	27
62	4	626	29
63	4	574	29
64	4	1878	27
65	4	626	29
66	4	1200	27
67	4	730	27
68	4	1356	27
69	4	521	29
70	4	521	29
71	4	1095	27
73	4	521	29
74	4	730	27
75	4	678	27
76	4	1252	27
77	4	1252	27
78	4	1252	27
79	4	730	27
80	4	678	27
81	4	574	29
82	4	626	29
83	4	887	27
84	4	626	29
85	4	1617	27
86	4	521	29
87	4	521	29
88	4	678	27
89	4	678	27
90	4	1252	27
91	4	574	29
92	4	574	29
93	4	1252	27
94	4	521	29
95	4	782	27
96	4	782	27
97	4	887	27
98	4	1408	27
99	4	887	27
100	4	1252	27
101	4	574	29
102	4	574	29
103	4	521	29
104	4	574	29
105	4	2087	27
106	4	521	29
107	4	626	29
108	4	626	29
109	4	1200	27
110	4	626	29
111	4	626	29
112	4	574	29
113	4	521	29
114	4	678	27
115	4	1252	27
116	4	1252	27
117	4	1252	27
118	4	1148	27
119	4	1148	27
120	4	782	27
121	4	1095	27
122	4	678	27
123	4	1930	27
124	4	678	27
125	4	574	29
126	4	574	29
127	4	626	29
128	4	574	29
129	4	521	29
130	4	574	29
131	4	626	29
132	4	626	29
133	4	574	29
134	4	782	27
135	4	574	29
136	4	574	29
137	4	730	27
138	4	626	29
139	4	678	27
139	4	1930	29
140	4	521	29
141	4	574	29
142	4	626	29
143	4	1200	27
144	4	1774	27
145	4	521	29
146	4	626	29
147	4	626	29
148	4	1252	27
149	4	626	29
150	4	574	29
151	4	469	29
152	4	574	29
153	4	574	29
154	4	626	29
155	4	574	29
156	4	574	29
158	4	574	29
159	4	626	29
160	4	626	29
161	4	521	29
162	4	939	27
163	4	1043	27
164	4	521	29
165	4	626	29
166	4	1774	27
167	4	1095	27
168	4	521	29
169	4	678	27
170	4	626	29
171	4	678	27
172	4	1095	27
173	4	1252	27
174	4	887	27
175	4	574	29
176	4	574	29
177	4	1408	27
178	4	2035	27
179	4	574	29
180	4	1982	27
181	4	574	29
182	4	469	29
183	4	574	29
184	4	1200	27
185	4	678	27
186	4	2035	27
187	4	521	29
188	4	991	27
189	4	626	29
190	4	521	29
191	4	678	27
192	4	678	27
193	4	574	29
194	4	678	27
196	4	574	29
198	4	678	27
199	4	574	29
200	4	1148	27
201	4	521	29
202	4	887	27
203	4	469	29
204	4	574	29
205	4	1200	27
206	4	574	29
206	4	2035	30
207	4	626	29
208	4	521	29
209	4	2139	27
210	4	469	29
211	4	521	29
212	4	782	27
213	4	1461	27
214	4	521	29
215	4	1200	27
216	4	939	27
217	4	574	29
218	4	626	29
219	4	2087	27
220	4	1461	27
221	4	521	29
222	4	887	27
223	4	626	29
224	4	730	27
225	4	626	29
226	4	521	29
227	4	678	27
228	4	574	29
229	4	626	29
230	4	574	29
231	4	574	29
232	4	626	29
233	4	1200	27
235	4	1304	27
236	4	730	27
237	4	521	29
239	4	1148	27
240	4	574	29
241	4	574	29
242	4	626	29
243	4	521	29
244	4	469	29
245	4	1043	27
246	4	1982	27
247	4	1826	27
248	4	574	29
249	4	574	29
250	4	574	29
251	4	574	29
252	4	1304	27
253	4	574	29
255	4	887	27
256	4	730	27
257	4	1095	27
258	4	678	27
259	4	574	29
260	4	574	29
262	4	991	27
263	4	626	29
264	4	626	29
265	4	678	27
266	4	574	29
267	4	574	29
268	4	887	27
269	4	678	27
270	4	782	27
271	4	574	29
272	4	574	29
272	4	2295	30
273	4	2139	27
274	4	1148	27
275	4	1356	27
276	4	2087	27
277	4	782	27
278	4	1252	27
279	4	1252	27
280	4	678	27
282	4	1513	27
283	4	521	29
284	4	626	29
285	4	1095	27
286	4	521	29
287	4	1252	27
288	4	678	27
289	4	1930	27
291	4	678	27
292	4	1565	27
293	4	574	29
294	4	626	29
295	4	1095	27
296	4	574	29
297	4	1200	27
298	4	782	27
299	4	626	29
300	4	469	29
301	4	574	29
302	4	626	29
303	4	574	29
304	4	574	29
305	4	521	29
306	4	574	29
307	4	521	29
308	4	521	29
309	4	574	29
310	4	626	29
311	4	782	27
312	4	887	27
313	4	678	27
314	4	521	29
315	4	574	29
316	4	2035	27
317	4	1200	27
318	4	1304	27
319	4	521	29
320	4	1148	27
321	4	678	27
322	4	521	29
323	4	1774	27
324	4	1252	27
325	4	1252	27
326	4	626	29
327	4	1148	27
328	4	678	27
329	4	1356	27
330	4	678	27
331	4	678	27
332	4	678	27
332	4	1043	30
333	4	626	29
334	4	1200	27
335	4	626	29
336	4	626	29
337	4	678	27
338	4	1252	27
339	4	678	27
340	4	1095	27
341	4	1148	27
342	4	521	29
343	4	626	29
344	4	1878	27
345	4	574	29
346	4	574	29
347	4	678	27
348	4	626	29
349	4	626	29
350	4	2087	27
351	4	626	29
352	4	678	27
353	4	626	29
354	4	521	29
355	4	678	27
356	4	887	27
357	4	626	29
358	4	834	27
360	4	626	29
361	4	574	29
362	4	991	27
363	4	521	29
364	4	626	29
365	4	1513	27
366	4	678	27
367	4	574	29
368	4	626	29
369	4	626	29
370	4	834	27
371	4	574	29
372	4	730	27
373	4	834	27
374	4	1356	27
375	4	1200	27
376	4	626	29
377	4	1200	27
378	4	939	27
379	4	730	27
380	4	626	29
381	4	678	27
382	4	678	27
383	4	939	27
384	4	678	27
385	4	574	29
386	4	469	29
387	4	626	29
388	4	1982	27
389	4	626	29
390	4	574	29
391	4	574	29
392	4	730	27
393	4	574	29
394	4	626	29
395	4	678	27
396	4	626	29
397	4	521	29
398	4	574	29
399	4	521	29
400	4	574	29
401	4	2035	27
402	4	626	29
403	4	1982	27
404	4	782	27
405	4	1148	27
406	4	626	29
407	4	1043	27
409	4	1095	27
410	4	887	27
411	4	469	29
412	4	678	27
412	4	1982	29
412	4	2243	30
413	4	626	29
414	4	574	29
415	4	678	27
416	4	1200	27
417	4	574	29
418	4	574	29
419	4	469	29
420	4	834	27
421	4	1982	27
422	4	521	29
423	4	834	27
424	4	574	29
425	4	574	29
426	4	887	27
427	4	1982	27
428	4	574	29
429	4	574	29
430	4	574	29
431	4	574	29
432	4	678	27
433	4	730	27
434	4	678	27
434	4	2035	29
435	4	521	29
436	4	626	29
437	4	574	29
438	4	521	29
439	4	730	27
440	4	730	27
441	4	1722	27
442	4	678	27
443	4	521	29
444	4	1513	27
445	4	626	29
446	4	782	27
447	4	521	29
448	4	1043	27
449	4	2035	27
450	4	2139	27
451	4	521	29
452	4	574	29
453	4	574	29
454	4	1252	27
455	4	1095	27
456	4	1200	27
457	4	521	29
458	4	1252	27
459	4	469	29
460	4	626	29
461	4	574	29
462	4	574	29
463	4	574	29
464	4	834	27
465	4	626	29
466	4	574	29
467	4	574	29
468	4	626	29
469	4	574	29
470	4	1408	27
471	4	521	29
472	4	574	29
473	4	574	29
474	4	574	29
475	4	939	27
476	4	1304	27
477	4	887	27
478	4	678	27
479	4	469	29
480	4	678	27
481	4	574	29
482	4	678	27
483	4	1513	27
484	4	1982	27
485	4	1148	27
486	4	1200	27
487	4	626	29
488	4	1200	27
489	4	626	29
490	4	626	29
491	4	730	27
492	4	939	27
493	4	626	29
494	4	574	29
495	4	782	27
496	4	626	29
497	4	521	29
498	4	626	29
499	4	626	29
500	4	574	29
501	4	1304	27
502	4	678	27
503	4	626	29
504	4	1565	27
505	4	1252	27
506	4	521	29
507	4	1617	27
508	4	678	27
508	4	2087	29
510	4	1930	27
512	4	887	27
513	4	521	29
514	4	626	29
515	4	574	29
516	4	1200	27
517	4	1200	27
518	4	939	27
519	4	574	29
520	4	626	29
521	4	626	29
522	4	678	27
523	4	626	29
524	4	2035	27
525	4	626	29
526	4	521	29
527	4	574	29
528	4	626	29
529	4	678	27
530	4	1252	27
531	4	1043	27
532	4	730	27
533	4	1878	27
534	4	678	27
535	4	1461	27
536	4	1304	27
537	4	574	29
538	4	521	29
539	4	626	29
540	4	730	27
541	4	521	29
542	4	887	27
543	4	1200	27
544	4	574	29
545	4	782	27
546	4	1148	27
547	4	626	29
548	4	1304	27
549	4	1252	27
550	4	574	29
551	4	521	29
552	4	1356	27
553	4	521	29
554	4	574	29
555	4	574	29
556	4	521	29
557	4	1356	27
558	4	521	29
559	4	1043	27
560	4	1304	27
561	4	730	27
562	4	521	29
563	4	678	27
564	4	469	29
565	4	574	29
566	4	574	29
567	4	521	29
568	4	574	29
569	4	782	27
570	4	1252	27
571	4	574	29
572	4	1356	27
573	4	1565	27
574	4	678	27
575	4	574	29
576	4	1095	27
577	4	678	27
578	4	834	27
579	4	626	29
580	4	1878	27
581	4	1043	27
582	4	678	27
583	4	678	27
584	4	574	29
585	4	574	29
586	4	574	29
587	4	521	29
588	4	574	29
589	4	574	29
590	4	626	29
591	4	1408	27
593	4	574	29
594	4	521	29
595	4	626	29
596	4	626	29
597	4	678	27
598	4	574	29
599	4	626	29
600	4	1565	27
601	4	626	29
602	4	469	29
603	4	626	29
604	4	678	27
605	4	1043	27
606	4	626	29
607	4	521	29
608	4	626	29
609	4	2191	27
610	4	2139	27
611	4	678	27
612	4	1148	27
613	4	1043	27
614	4	1148	27
615	4	469	29
616	4	939	27
617	4	1826	27
618	4	2035	27
619	4	939	27
620	4	626	29
621	4	730	27
622	4	574	29
623	4	939	27
624	4	574	29
625	4	1095	27
626	4	574	29
627	4	626	29
628	4	574	29
629	4	521	29
630	4	730	27
631	4	574	29
632	4	626	29
633	4	1356	27
634	4	1200	27
635	4	1304	27
636	4	2087	27
637	4	834	27
638	4	1356	27
639	4	574	29
640	4	521	29
641	4	574	29
642	4	1148	27
643	4	2139	27
644	4	678	27
645	4	730	27
646	4	626	29
647	4	1252	27
648	4	834	27
649	4	626	29
650	4	1304	27
651	4	574	29
652	4	626	29
653	4	626	29
654	4	730	27
655	4	626	29
656	4	574	29
657	4	574	29
658	4	626	29
659	4	1095	27
660	4	678	27
661	4	626	29
662	4	574	29
663	4	1043	27
664	4	574	29
665	4	678	27
666	4	626	29
667	4	521	29
668	4	521	29
669	4	782	27
670	4	887	27
671	4	1043	27
672	4	730	27
673	4	834	27
674	4	782	27
675	4	939	27
676	4	626	29
677	4	730	27
678	4	626	29
679	4	1252	27
680	4	887	27
681	4	782	27
682	4	521	29
683	4	1148	27
684	4	991	27
685	4	678	27
686	4	626	29
687	4	1304	27
688	4	1148	27
689	4	1148	27
690	4	521	29
691	4	626	29
692	4	574	29
693	4	626	29
694	4	678	27
695	4	574	29
696	4	782	27
697	4	574	29
698	4	1304	27
699	4	626	29
700	4	626	29
701	4	521	29
702	4	521	29
703	4	574	29
704	4	1878	27
705	4	939	27
706	4	521	29
707	4	626	29
708	4	1148	27
709	4	574	29
710	4	574	29
711	4	1095	27
712	4	782	27
713	4	1408	27
714	4	678	27
715	4	834	27
716	4	626	29
717	4	991	27
718	4	521	29
719	4	574	29
720	4	1878	27
721	4	626	29
722	4	574	29
723	4	574	29
724	4	521	29
725	4	574	29
726	4	521	29
727	4	1304	27
728	4	1565	27
729	4	678	27
730	4	678	27
731	4	574	29
732	4	626	29
733	4	626	29
734	4	574	29
735	4	1930	27
736	4	834	27
737	4	626	29
738	4	574	29
739	4	1095	27
741	4	521	29
742	4	626	29
743	4	574	29
744	4	1148	27
745	4	1200	27
746	4	469	29
747	4	678	27
748	4	2035	27
749	4	1148	27
750	4	678	27
751	4	834	27
752	4	887	27
753	4	574	29
754	4	626	29
755	4	626	29
756	4	574	29
757	4	1356	27
758	4	626	29
759	4	1200	27
760	4	626	29
761	4	574	29
762	4	574	29
763	4	1043	27
764	4	678	27
765	4	574	29
766	4	626	29
767	4	521	29
768	4	1252	27
769	4	678	27
770	4	521	29
771	4	1095	27
772	4	782	27
773	4	1356	27
774	4	574	29
775	4	521	29
776	4	574	29
777	4	1982	27
778	4	626	29
779	4	1930	27
780	4	626	29
781	4	574	29
782	4	574	29
783	4	1356	27
784	4	574	29
785	4	678	27
786	4	521	29
787	4	1356	27
788	4	574	29
789	4	939	27
790	4	521	29
791	4	1200	27
792	4	626	29
793	4	574	29
794	4	574	29
795	4	1252	27
796	4	1304	27
797	4	626	29
798	4	782	27
800	4	1200	27
801	4	1200	27
802	4	521	29
803	4	626	29
804	4	574	29
805	4	2087	27
806	4	1148	27
807	4	678	27
808	4	1982	27
809	4	1513	27
810	4	574	29
811	4	574	29
812	4	521	29
813	4	678	27
814	4	626	29
815	4	469	29
816	4	1095	27
817	4	2035	27
818	4	626	29
819	4	1252	27
820	4	678	27
821	4	1095	27
822	4	574	29
823	4	678	27
823	4	2139	29
824	4	1043	27
825	4	991	27
826	4	834	27
827	4	730	27
828	4	1200	27
829	4	1930	27
830	4	1148	27
831	4	574	29
832	4	678	27
832	4	2139	29
833	4	1148	27
834	4	626	29
835	4	626	29
836	4	1982	27
837	4	1148	27
838	4	469	29
839	4	1304	27
840	4	574	29
841	4	574	29
842	4	521	29
843	4	626	29
844	4	1200	27
845	4	1200	27
846	4	1356	27
847	4	1148	27
848	4	574	29
849	4	1878	27
850	4	574	29
851	4	2191	27
852	4	782	27
853	4	1356	27
854	4	939	27
855	4	574	29
856	4	730	27
857	4	1304	27
858	4	678	27
859	4	782	27
860	4	1356	27
861	4	678	27
862	4	1408	27
863	4	521	29
864	4	574	29
865	4	574	29
866	4	626	29
867	4	574	29
868	4	521	29
869	4	469	29
870	4	469	29
871	4	1095	27
873	4	574	29
875	4	626	29
876	4	574	29
877	4	574	29
878	4	1148	27
879	4	626	29
880	4	678	27
881	4	991	27
882	4	1200	27
883	4	1565	27
884	4	626	29
885	4	678	27
886	4	887	27
887	4	574	29
888	4	678	27
889	4	1252	27
890	4	1252	27
891	4	626	29
892	4	1408	27
893	4	574	29
894	4	678	27
895	4	574	29
896	4	678	27
897	4	574	29
898	4	574	29
899	4	574	29
900	4	991	27
901	4	626	29
902	4	782	27
903	4	469	29
905	4	1148	27
906	4	521	29
907	4	1878	27
908	4	626	29
909	4	1826	27
910	4	1095	27
911	4	782	27
912	4	574	29
913	4	1200	27
914	4	730	27
915	4	1200	27
916	4	574	29
917	4	626	29
918	4	1148	27
919	4	1252	27
920	4	678	27
921	4	678	27
922	4	626	29
923	4	1148	27
924	4	521	29
925	4	626	29
926	4	574	29
927	4	730	27
929	4	626	29
930	4	939	27
931	4	574	29
932	4	887	27
933	4	1200	27
934	4	991	27
935	4	469	29
936	4	730	27
937	4	678	27
938	4	991	27
939	4	678	27
940	4	574	29
941	4	574	29
942	4	574	29
943	4	678	27
944	4	730	27
945	4	1408	27
946	4	521	29
947	4	626	29
948	4	626	29
949	4	574	29
950	4	678	27
951	4	1826	27
952	4	1617	27
953	4	678	27
954	4	521	29
955	4	1043	27
956	4	574	29
957	4	1304	27
958	4	887	27
959	4	1878	27
960	4	678	27
961	4	626	29
962	4	1930	27
963	4	626	29
964	4	574	29
965	4	730	27
966	4	574	29
967	4	1304	27
968	4	574	29
969	4	626	29
971	4	574	29
972	4	574	29
973	4	626	29
974	4	521	29
975	4	1304	27
976	4	626	29
977	4	1461	27
978	4	574	29
979	4	469	29
980	4	1669	27
981	4	887	27
982	4	574	29
983	4	574	29
984	4	991	27
985	4	1043	27
986	4	2035	27
987	4	991	27
988	4	574	29
989	4	574	29
990	4	1408	27
991	4	939	27
992	4	1461	27
993	4	730	27
994	4	1826	27
995	4	574	29
996	4	1095	27
997	4	521	29
998	4	626	29
999	4	1252	27
0	5	678	27
1	5	678	27
2	5	521	29
3	5	1148	27
4	5	626	29
5	5	626	29
6	5	574	29
7	5	521	29
8	5	626	29
9	5	1982	27
10	5	574	29
12	5	1095	27
13	5	1148	27
14	5	574	29
15	5	574	29
16	5	626	29
17	5	626	29
18	5	574	29
19	5	1826	27
20	5	574	29
21	5	574	29
22	5	678	27
23	5	574	29
24	5	574	29
25	5	1408	27
26	5	574	29
27	5	574	29
28	5	834	27
29	5	730	27
30	5	1252	27
31	5	626	29
32	5	1095	27
33	5	574	29
34	5	626	29
35	5	626	29
36	5	626	29
37	5	626	29
38	5	626	29
39	5	626	29
40	5	626	29
41	5	626	29
42	5	834	27
43	5	521	29
44	5	1461	27
45	5	678	27
46	5	574	29
47	5	991	27
48	5	1982	27
49	5	521	29
50	5	1356	27
51	5	1513	27
52	5	782	27
53	5	574	29
55	5	626	29
56	5	1148	27
57	5	521	29
58	5	626	29
59	5	574	29
60	5	991	27
61	5	678	27
62	5	626	29
63	5	574	29
64	5	1878	27
65	5	626	29
66	5	1200	27
67	5	730	27
68	5	1356	27
69	5	521	29
70	5	521	29
71	5	1095	27
73	5	521	29
74	5	730	27
75	5	678	27
76	5	1252	27
77	5	1252	27
78	5	1252	27
79	5	730	27
80	5	678	27
81	5	574	29
82	5	626	29
83	5	887	27
84	5	626	29
85	5	1617	27
86	5	521	29
87	5	521	29
88	5	678	27
89	5	678	27
90	5	1252	27
91	5	574	29
92	5	574	29
93	5	1252	27
94	5	521	29
95	5	782	27
96	5	782	27
97	5	887	27
98	5	1408	27
99	5	887	27
100	5	1252	27
101	5	574	29
102	5	574	29
103	5	521	29
104	5	574	29
105	5	2087	27
106	5	521	29
107	5	626	29
108	5	626	29
109	5	1200	27
110	5	626	29
111	5	626	29
112	5	574	29
113	5	521	29
114	5	678	27
115	5	1252	27
116	5	1252	27
117	5	1252	27
118	5	1148	27
119	5	1148	27
120	5	782	27
121	5	1095	27
122	5	678	27
123	5	1930	27
124	5	678	27
125	5	574	29
126	5	574	29
127	5	626	29
128	5	574	29
129	5	521	29
130	5	574	29
131	5	626	29
132	5	626	29
133	5	574	29
134	5	782	27
135	5	574	29
136	5	574	29
137	5	730	27
138	5	626	29
139	5	678	27
139	5	1930	29
140	5	521	29
141	5	574	29
142	5	626	29
143	5	1200	27
144	5	1774	27
145	5	521	29
146	5	626	29
147	5	626	29
148	5	1252	27
149	5	626	29
150	5	574	29
151	5	469	29
152	5	574	29
153	5	574	29
154	5	626	29
155	5	574	29
156	5	574	29
158	5	574	29
159	5	626	29
160	5	626	29
161	5	521	29
162	5	939	27
163	5	1043	27
164	5	521	29
165	5	626	29
166	5	1774	27
167	5	1095	27
168	5	521	29
169	5	678	27
170	5	626	29
171	5	678	27
172	5	1095	27
173	5	1252	27
174	5	887	27
175	5	574	29
176	5	574	29
177	5	1408	27
178	5	2035	27
179	5	574	29
180	5	1982	27
181	5	574	29
182	5	469	29
183	5	574	29
184	5	1200	27
185	5	678	27
186	5	2035	27
187	5	521	29
188	5	991	27
189	5	626	29
190	5	521	29
191	5	678	27
192	5	678	27
193	5	574	29
194	5	678	27
196	5	574	29
198	5	678	27
199	5	574	29
200	5	1148	27
201	5	521	29
202	5	887	27
203	5	469	29
204	5	574	29
205	5	1200	27
206	5	574	29
206	5	2035	30
207	5	626	29
208	5	521	29
209	5	2139	27
210	5	469	29
211	5	521	29
212	5	782	27
213	5	1461	27
214	5	521	29
215	5	1200	27
216	5	939	27
217	5	574	29
218	5	626	29
219	5	2087	27
220	5	1461	27
221	5	521	29
222	5	887	27
223	5	626	29
224	5	730	27
225	5	626	29
226	5	521	29
227	5	678	27
228	5	574	29
229	5	626	29
230	5	574	29
231	5	574	29
232	5	626	29
233	5	1200	27
235	5	1304	27
236	5	730	27
237	5	521	29
239	5	1148	27
240	5	574	29
241	5	574	29
242	5	626	29
243	5	521	29
244	5	469	29
245	5	1043	27
246	5	1982	27
247	5	1826	27
248	5	574	29
249	5	574	29
250	5	574	29
251	5	574	29
252	5	1304	27
253	5	574	29
255	5	887	27
256	5	730	27
257	5	1095	27
258	5	678	27
259	5	574	29
260	5	574	29
262	5	991	27
263	5	626	29
264	5	626	29
265	5	678	27
266	5	574	29
267	5	574	29
268	5	887	27
269	5	678	27
270	5	782	27
271	5	574	29
272	5	574	29
272	5	2295	30
273	5	2139	27
274	5	1148	27
275	5	1356	27
276	5	2087	27
277	5	782	27
278	5	1252	27
279	5	1252	27
280	5	678	27
282	5	1513	27
283	5	521	29
284	5	626	29
285	5	1095	27
286	5	521	29
287	5	1252	27
288	5	678	27
289	5	1930	27
291	5	678	27
292	5	1565	27
293	5	574	29
294	5	626	29
295	5	1095	27
296	5	574	29
297	5	1200	27
298	5	782	27
299	5	626	29
300	5	469	29
301	5	574	29
302	5	626	29
303	5	574	29
304	5	574	29
305	5	521	29
306	5	574	29
307	5	521	29
308	5	521	29
309	5	574	29
310	5	626	29
311	5	782	27
312	5	887	27
313	5	678	27
314	5	521	29
315	5	574	29
316	5	2035	27
317	5	1200	27
318	5	1304	27
319	5	521	29
320	5	1148	27
321	5	678	27
322	5	521	29
323	5	1774	27
324	5	1252	27
325	5	1252	27
326	5	626	29
327	5	1148	27
328	5	678	27
329	5	1356	27
330	5	678	27
331	5	678	27
332	5	678	27
332	5	1043	30
333	5	626	29
334	5	1200	27
335	5	626	29
336	5	626	29
337	5	678	27
338	5	1252	27
339	5	678	27
340	5	1095	27
341	5	1148	27
342	5	521	29
343	5	626	29
344	5	1878	27
345	5	574	29
346	5	574	29
347	5	678	27
348	5	626	29
349	5	626	29
350	5	2087	27
351	5	626	29
352	5	678	27
353	5	626	29
354	5	521	29
355	5	678	27
356	5	887	27
357	5	626	29
358	5	834	27
360	5	626	29
361	5	574	29
362	5	991	27
363	5	521	29
364	5	626	29
365	5	1513	27
366	5	678	27
367	5	574	29
368	5	626	29
369	5	626	29
370	5	834	27
371	5	574	29
372	5	730	27
373	5	834	27
374	5	1356	27
375	5	1200	27
376	5	626	29
377	5	1200	27
378	5	939	27
379	5	730	27
380	5	626	29
381	5	678	27
382	5	678	27
383	5	939	27
384	5	678	27
385	5	574	29
386	5	469	29
387	5	626	29
388	5	1982	27
389	5	626	29
390	5	574	29
391	5	574	29
392	5	730	27
393	5	574	29
394	5	626	29
395	5	678	27
396	5	626	29
397	5	521	29
398	5	574	29
399	5	521	29
400	5	574	29
401	5	2035	27
402	5	626	29
403	5	1982	27
404	5	782	27
405	5	1148	27
406	5	626	29
407	5	1043	27
409	5	1095	27
410	5	887	27
411	5	469	29
412	5	678	27
412	5	1982	29
412	5	2243	30
413	5	626	29
414	5	574	29
415	5	678	27
416	5	1200	27
417	5	574	29
418	5	574	29
419	5	469	29
420	5	834	27
421	5	1982	27
422	5	521	29
423	5	834	27
424	5	574	29
425	5	574	29
426	5	887	27
427	5	1982	27
428	5	574	29
429	5	574	29
430	5	574	29
431	5	574	29
432	5	678	27
433	5	730	27
434	5	678	27
434	5	2035	29
435	5	521	29
436	5	626	29
437	5	574	29
438	5	521	29
439	5	730	27
440	5	730	27
441	5	1722	27
442	5	678	27
443	5	521	29
444	5	1513	27
445	5	626	29
446	5	782	27
447	5	521	29
448	5	1043	27
449	5	2035	27
450	5	2139	27
451	5	521	29
452	5	574	29
453	5	574	29
454	5	1252	27
455	5	1095	27
456	5	1200	27
457	5	521	29
458	5	1252	27
459	5	469	29
460	5	626	29
461	5	574	29
462	5	574	29
463	5	574	29
464	5	834	27
465	5	626	29
466	5	574	29
467	5	574	29
468	5	626	29
469	5	574	29
470	5	1408	27
471	5	521	29
472	5	574	29
473	5	574	29
474	5	574	29
475	5	939	27
476	5	1304	27
477	5	887	27
478	5	678	27
479	5	469	29
480	5	678	27
481	5	574	29
482	5	678	27
483	5	1513	27
484	5	1982	27
485	5	1148	27
486	5	1200	27
487	5	626	29
488	5	1200	27
489	5	626	29
490	5	626	29
491	5	730	27
492	5	939	27
493	5	626	29
494	5	574	29
495	5	782	27
496	5	626	29
497	5	521	29
498	5	626	29
499	5	626	29
500	5	574	29
501	5	1304	27
502	5	678	27
503	5	626	29
504	5	1565	27
505	5	1252	27
506	5	521	29
507	5	1617	27
508	5	678	27
508	5	2087	29
510	5	1930	27
512	5	887	27
513	5	521	29
514	5	626	29
515	5	574	29
516	5	1200	27
517	5	1200	27
518	5	939	27
519	5	574	29
520	5	626	29
521	5	626	29
522	5	678	27
523	5	626	29
524	5	2035	27
525	5	626	29
526	5	521	29
527	5	574	29
528	5	626	29
529	5	678	27
530	5	1252	27
531	5	1043	27
532	5	730	27
533	5	1878	27
534	5	678	27
535	5	1461	27
536	5	1304	27
537	5	574	29
538	5	521	29
539	5	626	29
540	5	730	27
541	5	521	29
542	5	887	27
543	5	1200	27
544	5	574	29
545	5	782	27
546	5	1148	27
547	5	626	29
548	5	1304	27
549	5	1252	27
550	5	574	29
551	5	521	29
552	5	1356	27
553	5	521	29
554	5	574	29
555	5	574	29
556	5	521	29
557	5	1356	27
558	5	521	29
559	5	1043	27
560	5	1304	27
561	5	730	27
562	5	521	29
563	5	678	27
564	5	469	29
565	5	574	29
566	5	574	29
567	5	521	29
568	5	574	29
569	5	782	27
570	5	1252	27
571	5	574	29
572	5	1356	27
573	5	1565	27
574	5	678	27
575	5	574	29
576	5	1095	27
577	5	678	27
578	5	834	27
579	5	626	29
580	5	1878	27
581	5	1043	27
582	5	678	27
583	5	678	27
584	5	574	29
585	5	574	29
586	5	574	29
587	5	521	29
588	5	574	29
589	5	574	29
590	5	626	29
591	5	1408	27
593	5	574	29
594	5	521	29
595	5	626	29
596	5	626	29
597	5	678	27
598	5	574	29
599	5	626	29
600	5	1565	27
601	5	626	29
602	5	469	29
603	5	626	29
604	5	678	27
605	5	1043	27
606	5	626	29
607	5	521	29
608	5	626	29
609	5	2191	27
610	5	2139	27
611	5	678	27
612	5	1148	27
613	5	1043	27
614	5	1148	27
615	5	469	29
616	5	939	27
617	5	1826	27
618	5	2035	27
619	5	939	27
620	5	626	29
621	5	730	27
622	5	574	29
623	5	939	27
624	5	574	29
625	5	1095	27
626	5	574	29
627	5	626	29
628	5	574	29
629	5	521	29
630	5	730	27
631	5	574	29
632	5	626	29
633	5	1356	27
634	5	1200	27
635	5	1304	27
636	5	2087	27
637	5	834	27
638	5	1356	27
639	5	574	29
640	5	521	29
641	5	574	29
642	5	1148	27
643	5	2139	27
644	5	678	27
645	5	730	27
646	5	626	29
647	5	1252	27
648	5	834	27
649	5	626	29
650	5	1304	27
651	5	574	29
652	5	626	29
653	5	626	29
654	5	730	27
655	5	626	29
656	5	574	29
657	5	574	29
658	5	626	29
659	5	1095	27
660	5	678	27
661	5	626	29
662	5	574	29
663	5	1043	27
664	5	574	29
665	5	678	27
666	5	626	29
667	5	521	29
668	5	521	29
669	5	782	27
670	5	887	27
671	5	1043	27
672	5	730	27
673	5	834	27
674	5	782	27
675	5	939	27
676	5	626	29
677	5	730	27
678	5	626	29
679	5	1252	27
680	5	887	27
681	5	782	27
682	5	521	29
683	5	1148	27
684	5	991	27
685	5	678	27
686	5	626	29
687	5	1304	27
688	5	1148	27
689	5	1148	27
690	5	521	29
691	5	626	29
692	5	574	29
693	5	626	29
694	5	678	27
695	5	574	29
696	5	782	27
697	5	574	29
698	5	1304	27
699	5	626	29
700	5	626	29
701	5	521	29
702	5	521	29
703	5	574	29
704	5	1878	27
705	5	939	27
706	5	521	29
707	5	626	29
708	5	1148	27
709	5	574	29
710	5	574	29
711	5	1095	27
712	5	782	27
713	5	1408	27
714	5	678	27
715	5	834	27
716	5	626	29
717	5	991	27
718	5	521	29
719	5	574	29
720	5	1878	27
721	5	626	29
722	5	574	29
723	5	574	29
724	5	521	29
725	5	574	29
726	5	521	29
727	5	1304	27
728	5	1565	27
729	5	678	27
730	5	678	27
731	5	574	29
732	5	626	29
733	5	626	29
734	5	574	29
735	5	1930	27
736	5	834	27
737	5	626	29
738	5	574	29
739	5	1095	27
741	5	521	29
742	5	626	29
743	5	574	29
744	5	1148	27
745	5	1200	27
746	5	469	29
747	5	678	27
748	5	2035	27
749	5	1148	27
750	5	678	27
751	5	834	27
752	5	887	27
753	5	574	29
754	5	626	29
755	5	626	29
756	5	574	29
757	5	1356	27
758	5	626	29
759	5	1200	27
760	5	626	29
761	5	574	29
762	5	574	29
763	5	1043	27
764	5	678	27
765	5	574	29
766	5	626	29
767	5	521	29
768	5	1252	27
769	5	678	27
770	5	521	29
771	5	1095	27
772	5	782	27
773	5	1356	27
774	5	574	29
775	5	521	29
776	5	574	29
777	5	1982	27
778	5	626	29
779	5	1930	27
780	5	626	29
781	5	574	29
782	5	574	29
783	5	1356	27
784	5	574	29
785	5	678	27
786	5	521	29
787	5	1356	27
788	5	574	29
789	5	939	27
790	5	521	29
791	5	1200	27
792	5	626	29
793	5	574	29
794	5	574	29
795	5	1252	27
796	5	1304	27
797	5	626	29
798	5	782	27
800	5	1200	27
801	5	1200	27
802	5	521	29
803	5	626	29
804	5	574	29
805	5	2087	27
806	5	1148	27
807	5	678	27
808	5	1982	27
809	5	1513	27
810	5	574	29
811	5	574	29
812	5	521	29
813	5	678	27
814	5	626	29
815	5	469	29
816	5	1095	27
817	5	2035	27
818	5	626	29
819	5	1252	27
820	5	678	27
821	5	1095	27
822	5	574	29
823	5	678	27
823	5	2139	29
824	5	1043	27
825	5	991	27
826	5	834	27
827	5	730	27
828	5	1200	27
829	5	1930	27
830	5	1148	27
831	5	574	29
832	5	678	27
832	5	2139	29
833	5	1148	27
834	5	626	29
835	5	626	29
836	5	1982	27
837	5	1148	27
838	5	469	29
839	5	1304	27
840	5	574	29
841	5	574	29
842	5	521	29
843	5	626	29
844	5	1200	27
845	5	1200	27
846	5	1356	27
847	5	1148	27
848	5	574	29
849	5	1878	27
850	5	574	29
851	5	2191	27
852	5	782	27
853	5	1356	27
854	5	939	27
855	5	574	29
856	5	730	27
857	5	1304	27
858	5	678	27
859	5	782	27
860	5	1356	27
861	5	678	27
862	5	1408	27
863	5	521	29
864	5	574	29
865	5	574	29
866	5	626	29
867	5	574	29
868	5	521	29
869	5	469	29
870	5	469	29
871	5	1095	27
873	5	574	29
875	5	626	29
876	5	574	29
877	5	574	29
878	5	1148	27
879	5	626	29
880	5	678	27
881	5	991	27
882	5	1200	27
883	5	1565	27
884	5	626	29
885	5	678	27
886	5	887	27
887	5	574	29
888	5	678	27
889	5	1252	27
890	5	1252	27
891	5	626	29
892	5	1408	27
893	5	574	29
894	5	678	27
895	5	574	29
896	5	678	27
897	5	574	29
898	5	574	29
899	5	574	29
900	5	991	27
901	5	626	29
902	5	782	27
903	5	469	29
905	5	1148	27
906	5	521	29
907	5	1878	27
908	5	626	29
909	5	1826	27
910	5	1095	27
911	5	782	27
912	5	574	29
913	5	1200	27
914	5	730	27
915	5	1200	27
916	5	574	29
917	5	626	29
918	5	1148	27
919	5	1252	27
920	5	678	27
921	5	678	27
922	5	626	29
923	5	1148	27
924	5	521	29
925	5	626	29
926	5	574	29
927	5	730	27
929	5	626	29
930	5	939	27
931	5	574	29
932	5	887	27
933	5	1200	27
934	5	991	27
935	5	469	29
936	5	730	27
937	5	678	27
938	5	991	27
939	5	678	27
940	5	574	29
941	5	574	29
942	5	574	29
943	5	678	27
944	5	730	27
945	5	1408	27
946	5	521	29
947	5	626	29
948	5	626	29
949	5	574	29
950	5	678	27
951	5	1826	27
952	5	1617	27
953	5	678	27
954	5	521	29
955	5	1043	27
956	5	574	29
957	5	1304	27
958	5	887	27
959	5	1878	27
960	5	678	27
961	5	626	29
962	5	1930	27
963	5	626	29
964	5	574	29
965	5	730	27
966	5	574	29
967	5	1304	27
968	5	574	29
969	5	626	29
971	5	574	29
972	5	574	29
973	5	626	29
974	5	521	29
975	5	1304	27
976	5	626	29
977	5	1461	27
978	5	574	29
979	5	469	29
980	5	1669	27
981	5	887	27
982	5	574	29
983	5	574	29
984	5	991	27
985	5	1043	27
986	5	2035	27
987	5	991	27
988	5	574	29
989	5	574	29
990	5	1408	27
991	5	939	27
992	5	1461	27
993	5	730	27
994	5	1826	27
995	5	574	29
996	5	1095	27
997	5	521	29
998	5	626	29
999	5	1252	27
